#
# There is insufficient memory for the Java Runtime Environment to continue.
# Native memory allocation (malloc) failed to allocate 1138576 bytes. Error detail: Chunk::new
# Possible reasons:
#   The system is out of physical RAM or swap space
#   This process is running with CompressedOops enabled, and the Java Heap may be blocking the growth of the native heap
# Possible solutions:
#   Reduce memory load on the system
#   Increase physical memory or swap space
#   Check if swap backing store is full
#   Decrease Java heap size (-Xmx/-Xms)
#   Decrease number of Java threads
#   Decrease Java thread stack sizes (-Xss)
#   Set larger code cache with -XX:ReservedCodeCacheSize=
#   JVM is running with Unscaled Compressed Oops mode in which the Java heap is
#     placed in the first 4GB address space. The Java Heap base address is the
#     maximum limit for the native heap growth. Please use -XX:HeapBaseMinAddress
#     to set the Java Heap base and to place the Java Heap above 4GB virtual address.
# This output file may be truncated or incomplete.
#
#  Out of Memory Error (arena.cpp:168), pid=23292, tid=13440
#
# JRE version: OpenJDK Runtime Environment Temurin-21.0.10+7 (21.0.10+7) (build 21.0.10+7-LTS)
# Java VM: OpenJDK 64-Bit Server VM Temurin-21.0.10+7 (21.0.10+7-LTS, mixed mode, sharing, tiered, compressed oops, compressed class ptrs, parallel gc, windows-amd64)
# No core dump will be written. Minidumps are not enabled by default on client versions of Windows
#

---------------  S U M M A R Y ------------

Command Line: --add-modules=ALL-SYSTEM --add-opens=java.base/java.util=ALL-UNNAMED --add-opens=java.base/java.lang=ALL-UNNAMED --add-opens=java.base/sun.nio.fs=ALL-UNNAMED -Declipse.application=org.eclipse.jdt.ls.core.id1 -Dosgi.bundles.defaultStartLevel=4 -Declipse.product=org.eclipse.jdt.ls.core.product -Djava.import.generatesMetadataFilesAtProjectRoot=false -DDetectVMInstallationsJob.disabled=true -Dfile.encoding=utf8 -XX:+UseParallelGC -XX:GCTimeRatio=4 -XX:AdaptiveSizePolicyWeight=90 -Dsun.zip.disableMemoryMapping=true -Xmx2G -Xms100m -Xlog:disable -javaagent:c:\Users\HP\.antigravity\extensions\redhat.java-1.54.0-win32-x64\lombok\lombok-1.18.39-4050.jar -XX:+HeapDumpOnOutOfMemoryError -XX:HeapDumpPath=c:\Users\HP\AppData\Roaming\Antigravity\User\workspaceStorage\bb6f58697517b49f76eb8e851445a514\redhat.java -Daether.dependencyCollector.impl=bf c:\Users\HP\.antigravity\extensions\redhat.java-1.54.0-win32-x64\server\plugins\org.eclipse.equinox.launcher_1.7.100.v20251111-0406.jar -configuration c:\Users\HP\AppData\Roaming\Antigravity\User\globalStorage\redhat.java\1.54.0\config_win -data c:\Users\HP\AppData\Roaming\Antigravity\User\workspaceStorage\bb6f58697517b49f76eb8e851445a514\redhat.java\jdt_ws --pipe=\\.\pipe\lsp-e6b6a0972299728639971d22cbad5229-sock

Host: 13th Gen Intel(R) Core(TM) i5-1335U, 12 cores, 7G,  Windows 11 , 64 bit Build 26100 (10.0.26100.8246)
Time: Tue Apr 28 22:37:27 2026 Greenwich elapsed time: 180.196528 seconds (0d 0h 3m 0s)

---------------  T H R E A D  ---------------

Current thread (0x00000196ee7d2dd0):  JavaThread "C2 CompilerThread1" daemon [_thread_in_native, id=13440, stack(0x0000005642000000,0x0000005642100000) (1024K)]


Current CompileTask:
C2:180196 13106       4       org.eclipse.jdt.internal.compiler.lookup.BinaryTypeBinding::createMethod (1666 bytes)

Stack: [0x0000005642000000,0x0000005642100000]
Native frames: (J=compiled Java code, j=interpreted, Vv=VM code, C=native code)
V  [jvm.dll+0x6d7a39]
V  [jvm.dll+0x8b4b26]
V  [jvm.dll+0x8b70de]
V  [jvm.dll+0x8b77c3]
V  [jvm.dll+0x284346]
V  [jvm.dll+0xc66ed]
V  [jvm.dll+0xc6c31]
V  [jvm.dll+0x2fb29e]
V  [jvm.dll+0x5fe884]
V  [jvm.dll+0x255b17]
V  [jvm.dll+0x255edd]
V  [jvm.dll+0x24e500]
V  [jvm.dll+0x24ba42]
V  [jvm.dll+0x1cb34e]
V  [jvm.dll+0x25b85d]
V  [jvm.dll+0x259dea]
V  [jvm.dll+0x3f857e]
V  [jvm.dll+0x85f59d]
V  [jvm.dll+0x6d626d]
C  [ucrtbase.dll+0x37b0]
C  [KERNEL32.DLL+0x2e8d7]
C  [ntdll.dll+0x8c3fc]


---------------  P R O C E S S  ---------------

Threads class SMR info:
_java_thread_list=0x00000196ed4a7cf0, length=95, elements={
0x00000196ccfc6220, 0x00000196cd0697c0, 0x00000196cd06cab0, 0x00000196cd06f130,
0x00000196cd071150, 0x00000196cd073bc0, 0x00000196cd074620, 0x00000196cd078230,
0x00000196e4ce92c0, 0x00000196e4ece1b0, 0x00000196e50367e0, 0x00000196ea535e50,
0x00000196ea40e3f0, 0x00000196ea524600, 0x00000196ea525040, 0x00000196eb04d2e0,
0x00000196eaecef30, 0x00000196eb0079b0, 0x00000196eb008d60, 0x00000196eb0058e0,
0x00000196eb006600, 0x00000196eb0086d0, 0x00000196ee3d1240, 0x00000196ee3d39a0,
0x00000196ee3d25f0, 0x00000196ee3d2c80, 0x00000196ee3d4030, 0x00000196ee3d18d0,
0x00000196ee3d3310, 0x00000196ee3d0bb0, 0x00000196ee3d53e0, 0x00000196ee3d46c0,
0x00000196ee3d4d50, 0x00000196ee3d1f60, 0x00000196ee3d5a70, 0x00000196ee3d74b0,
0x00000196ee3d6100, 0x00000196ee3d6790, 0x00000196ee3d7b40, 0x00000196eccfd610,
0x00000196eccfaeb0, 0x00000196eccfa820, 0x00000196eccfe9c0, 0x00000196eccffd70,
0x00000196eccff050, 0x00000196ecd00400, 0x00000196eccfcf80, 0x00000196eccfe330,
0x00000196eccff6e0, 0x00000196ecd00a90, 0x00000196ecd017b0, 0x00000196ecd01e40,
0x00000196f22194a0, 0x00000196f2219b30, 0x00000196f221a1c0, 0x00000196f221a850,
0x00000196f221aee0, 0x00000196f221b570, 0x00000196f22180f0, 0x00000196f221bc00,
0x00000196f221c290, 0x00000196f2218e10, 0x00000196f221e360, 0x00000196f221d640,
0x00000196f221e9f0, 0x00000196f221c920, 0x00000196f221dcd0, 0x00000196f221f080,
0x00000196f221cfb0, 0x00000196ee3d6e20, 0x00000196ea24ec60, 0x00000196ea24e5d0,
0x00000196ea24c500, 0x00000196ea24cb90, 0x00000196ea24b7e0, 0x00000196ea24d220,
0x00000196ea24df40, 0x00000196ea24be70, 0x00000196ea250d30, 0x00000196ea24f980,
0x00000196ea250010, 0x00000196ea24d8b0, 0x00000196ea2506a0, 0x00000196ea252e00,
0x00000196ea252770, 0x00000196f3e753d0, 0x00000196f3e746b0, 0x00000196f3e75a60,
0x00000196f3e74d40, 0x00000196f3e76780, 0x00000196f3e760f0, 0x00000196f3e774a0,
0x00000196ee7d2dd0, 0x00000196ee7d34a0, 0x00000196f3e78ee0
}

Java Threads: ( => current thread )
  0x00000196ccfc6220 JavaThread "main"                              [_thread_blocked, id=5084, stack(0x0000005642200000,0x0000005642300000) (1024K)]
  0x00000196cd0697c0 JavaThread "Reference Handler"          daemon [_thread_blocked, id=7260, stack(0x0000005642600000,0x0000005642700000) (1024K)]
  0x00000196cd06cab0 JavaThread "Finalizer"                  daemon [_thread_blocked, id=19824, stack(0x0000005642700000,0x0000005642800000) (1024K)]
  0x00000196cd06f130 JavaThread "Signal Dispatcher"          daemon [_thread_blocked, id=22872, stack(0x0000005642800000,0x0000005642900000) (1024K)]
  0x00000196cd071150 JavaThread "Attach Listener"            daemon [_thread_blocked, id=20768, stack(0x0000005642900000,0x0000005642a00000) (1024K)]
  0x00000196cd073bc0 JavaThread "Service Thread"             daemon [_thread_blocked, id=22232, stack(0x0000005642a00000,0x0000005642b00000) (1024K)]
  0x00000196cd074620 JavaThread "Monitor Deflation Thread"   daemon [_thread_blocked, id=16572, stack(0x0000005642b00000,0x0000005642c00000) (1024K)]
  0x00000196cd078230 JavaThread "C2 CompilerThread0"         daemon [_thread_blocked, id=5008, stack(0x0000005642c00000,0x0000005642d00000) (1024K)]
  0x00000196e4ce92c0 JavaThread "C1 CompilerThread0"         daemon [_thread_in_vm, id=22004, stack(0x0000005642d00000,0x0000005642e00000) (1024K)]
  0x00000196e4ece1b0 JavaThread "Common-Cleaner"             daemon [_thread_blocked, id=7940, stack(0x0000005642f00000,0x0000005643000000) (1024K)]
  0x00000196e50367e0 JavaThread "Notification Thread"        daemon [_thread_blocked, id=13288, stack(0x0000005643100000,0x0000005643200000) (1024K)]
  0x00000196ea535e50 JavaThread "Active Thread: Equinox Container: 8b4b014c-cb2b-4fee-b5fb-6a066d1f1dcd"        [_thread_blocked, id=19596, stack(0x0000005643800000,0x0000005643900000) (1024K)]
  0x00000196ea40e3f0 JavaThread "Refresh Thread: Equinox Container: 8b4b014c-cb2b-4fee-b5fb-6a066d1f1dcd" daemon [_thread_blocked, id=20676, stack(0x0000005643900000,0x0000005643a00000) (1024K)]
  0x00000196ea524600 JavaThread "Framework Event Dispatcher: Equinox Container: 8b4b014c-cb2b-4fee-b5fb-6a066d1f1dcd" daemon [_thread_blocked, id=15340, stack(0x0000005643b00000,0x0000005643c00000) (1024K)]
  0x00000196ea525040 JavaThread "Start Level: Equinox Container: 8b4b014c-cb2b-4fee-b5fb-6a066d1f1dcd" daemon [_thread_blocked, id=21284, stack(0x0000005643c00000,0x0000005643d00000) (1024K)]
  0x00000196eb04d2e0 JavaThread "Bundle File Closer"         daemon [_thread_blocked, id=11216, stack(0x0000005643f00000,0x0000005644000000) (1024K)]
  0x00000196eaecef30 JavaThread "SCR Component Actor"        daemon [_thread_blocked, id=2768, stack(0x0000005644000000,0x0000005644100000) (1024K)]
  0x00000196eb0079b0 JavaThread "Worker-JM"                         [_thread_blocked, id=18956, stack(0x0000005644100000,0x0000005644200000) (1024K)]
  0x00000196eb008d60 JavaThread "JNA Cleaner"                daemon [_thread_blocked, id=19280, stack(0x0000005642e00000,0x0000005642f00000) (1024K)]
  0x00000196eb0058e0 JavaThread "Worker-2"                          [_thread_blocked, id=23056, stack(0x0000005644500000,0x0000005644600000) (1024K)]
  0x00000196eb006600 JavaThread "Java indexing"              daemon [_thread_blocked, id=6432, stack(0x0000005644600000,0x0000005644700000) (1024K)]
  0x00000196eb0086d0 JavaThread "Worker-4"                          [_thread_blocked, id=6276, stack(0x0000005644800000,0x0000005644900000) (1024K)]
  0x00000196ee3d1240 JavaThread "Thread-1"                   daemon [_thread_in_native, id=7400, stack(0x0000005644c00000,0x0000005644d00000) (1024K)]
  0x00000196ee3d39a0 JavaThread "Thread-2"                   daemon [_thread_in_native, id=22888, stack(0x0000005644d00000,0x0000005644e00000) (1024K)]
  0x00000196ee3d25f0 JavaThread "Thread-3"                   daemon [_thread_in_native, id=14016, stack(0x0000005644e00000,0x0000005644f00000) (1024K)]
  0x00000196ee3d2c80 JavaThread "Thread-4"                   daemon [_thread_in_native, id=14692, stack(0x0000005644f00000,0x0000005645000000) (1024K)]
  0x00000196ee3d4030 JavaThread "Thread-5"                   daemon [_thread_in_native, id=12564, stack(0x0000005645000000,0x0000005645100000) (1024K)]
  0x00000196ee3d18d0 JavaThread "Thread-6"                   daemon [_thread_in_native, id=23132, stack(0x0000005645100000,0x0000005645200000) (1024K)]
  0x00000196ee3d3310 JavaThread "Thread-7"                   daemon [_thread_in_native, id=22404, stack(0x0000005645200000,0x0000005645300000) (1024K)]
  0x00000196ee3d0bb0 JavaThread "Thread-8"                   daemon [_thread_in_native, id=21088, stack(0x0000005645300000,0x0000005645400000) (1024K)]
  0x00000196ee3d53e0 JavaThread "Thread-9"                   daemon [_thread_in_native, id=19296, stack(0x0000005645400000,0x0000005645500000) (1024K)]
  0x00000196ee3d46c0 JavaThread "Thread-10"                  daemon [_thread_in_native, id=19096, stack(0x0000005645500000,0x0000005645600000) (1024K)]
  0x00000196ee3d4d50 JavaThread "Thread-11"                  daemon [_thread_in_native, id=20012, stack(0x0000005645600000,0x0000005645700000) (1024K)]
  0x00000196ee3d1f60 JavaThread "Thread-12"                  daemon [_thread_in_native, id=18996, stack(0x0000005645700000,0x0000005645800000) (1024K)]
  0x00000196ee3d5a70 JavaThread "Thread-13"                  daemon [_thread_in_native, id=16652, stack(0x0000005645800000,0x0000005645900000) (1024K)]
  0x00000196ee3d74b0 JavaThread "pool-2-thread-1"                   [_thread_blocked, id=12156, stack(0x0000005645900000,0x0000005645a00000) (1024K)]
  0x00000196ee3d6100 JavaThread "Timer-0"                           [_thread_blocked, id=17908, stack(0x0000005645a00000,0x0000005645b00000) (1024K)]
  0x00000196ee3d6790 JavaThread "Timer-1"                           [_thread_blocked, id=12348, stack(0x0000005645b00000,0x0000005645c00000) (1024K)]
  0x00000196ee3d7b40 JavaThread "WorkspaceEventsHandler"            [_thread_blocked, id=5048, stack(0x0000005645d00000,0x0000005645e00000) (1024K)]
  0x00000196eccfd610 JavaThread "pool-1-thread-1"                   [_thread_blocked, id=20428, stack(0x0000005645e00000,0x0000005645f00000) (1024K)]
  0x00000196eccfaeb0 JavaThread "LocalFile Deleter"          daemon [_thread_blocked, id=11064, stack(0x0000005646100000,0x0000005646200000) (1024K)]
  0x00000196eccfa820 JavaThread "LocalFile Deleter"          daemon [_thread_blocked, id=15380, stack(0x0000005646200000,0x0000005646300000) (1024K)]
  0x00000196eccfe9c0 JavaThread "LocalFile Deleter"          daemon [_thread_blocked, id=5128, stack(0x0000005646300000,0x0000005646400000) (1024K)]
  0x00000196eccffd70 JavaThread "LocalFile Deleter"          daemon [_thread_blocked, id=8128, stack(0x0000005646500000,0x0000005646600000) (1024K)]
  0x00000196eccff050 JavaThread "LocalFile Deleter"          daemon [_thread_blocked, id=20496, stack(0x0000005646600000,0x0000005646700000) (1024K)]
  0x00000196ecd00400 JavaThread "LocalFile Deleter"          daemon [_thread_blocked, id=19680, stack(0x0000005646700000,0x0000005646800000) (1024K)]
  0x00000196eccfcf80 JavaThread "LocalFile Deleter"          daemon [_thread_blocked, id=16676, stack(0x0000005646800000,0x0000005646900000) (1024K)]
  0x00000196eccfe330 JavaThread "LocalFile Deleter"          daemon [_thread_blocked, id=12768, stack(0x0000005646900000,0x0000005646a00000) (1024K)]
  0x00000196eccff6e0 JavaThread "LocalFile Deleter"          daemon [_thread_blocked, id=11348, stack(0x0000005646a00000,0x0000005646b00000) (1024K)]
  0x00000196ecd00a90 JavaThread "LocalFile Deleter"          daemon [_thread_blocked, id=3928, stack(0x0000005646b00000,0x0000005646c00000) (1024K)]
  0x00000196ecd017b0 JavaThread "Compiler Source File Reader" daemon [_thread_blocked, id=22196, stack(0x0000005646c00000,0x0000005646d00000) (1024K)]
  0x00000196ecd01e40 JavaThread "Compiler Source File Reader" daemon [_thread_blocked, id=984, stack(0x0000005646d00000,0x0000005646e00000) (1024K)]
  0x00000196f22194a0 JavaThread "Compiler Source File Reader" daemon [_thread_blocked, id=10856, stack(0x0000005646e00000,0x0000005646f00000) (1024K)]
  0x00000196f2219b30 JavaThread "Compiler Source File Reader" daemon [_thread_blocked, id=5916, stack(0x0000005646f00000,0x0000005647000000) (1024K)]
  0x00000196f221a1c0 JavaThread "Compiler Source File Reader" daemon [_thread_blocked, id=22668, stack(0x0000005647000000,0x0000005647100000) (1024K)]
  0x00000196f221a850 JavaThread "Compiler Source File Reader" daemon [_thread_blocked, id=15280, stack(0x0000005647100000,0x0000005647200000) (1024K)]
  0x00000196f221aee0 JavaThread "Compiler Source File Reader" daemon [_thread_blocked, id=7624, stack(0x0000005647200000,0x0000005647300000) (1024K)]
  0x00000196f221b570 JavaThread "Compiler Source File Reader" daemon [_thread_blocked, id=15760, stack(0x0000005647300000,0x0000005647400000) (1024K)]
  0x00000196f22180f0 JavaThread "Compiler Source File Reader" daemon [_thread_blocked, id=19212, stack(0x0000005647400000,0x0000005647500000) (1024K)]
  0x00000196f221bc00 JavaThread "Compiler Source File Reader" daemon [_thread_blocked, id=6508, stack(0x0000005647500000,0x0000005647600000) (1024K)]
  0x00000196f221c290 JavaThread "Compiler Class File Writer" daemon [_thread_blocked, id=21964, stack(0x0000005647700000,0x0000005647800000) (1024K)]
  0x00000196f2218e10 JavaThread "Compiler Class File Writer" daemon [_thread_blocked, id=22456, stack(0x0000005647800000,0x0000005647900000) (1024K)]
  0x00000196f221e360 JavaThread "Compiler Class File Writer" daemon [_thread_blocked, id=21312, stack(0x0000005647900000,0x0000005647a00000) (1024K)]
  0x00000196f221d640 JavaThread "Compiler Class File Writer" daemon [_thread_blocked, id=13456, stack(0x0000005647a00000,0x0000005647b00000) (1024K)]
  0x00000196f221e9f0 JavaThread "Compiler Class File Writer" daemon [_thread_blocked, id=1756, stack(0x0000005647b00000,0x0000005647c00000) (1024K)]
  0x00000196f221c920 JavaThread "Compiler Class File Writer" daemon [_thread_blocked, id=20816, stack(0x0000005645c00000,0x0000005645d00000) (1024K)]
  0x00000196f221dcd0 JavaThread "Timer-2"                           [_thread_blocked, id=17976, stack(0x0000005647c00000,0x0000005647d00000) (1024K)]
  0x00000196f221f080 JavaThread "Compiler Class File Writer" daemon [_thread_blocked, id=20736, stack(0x0000005647d00000,0x0000005647e00000) (1024K)]
  0x00000196f221cfb0 JavaThread "Timer-3"                           [_thread_blocked, id=18584, stack(0x0000005647f00000,0x0000005648000000) (1024K)]
  0x00000196ee3d6e20 JavaThread "Timer-4"                           [_thread_blocked, id=22980, stack(0x0000005648000000,0x0000005648100000) (1024K)]
  0x00000196ea24ec60 JavaThread "Timer-5"                           [_thread_blocked, id=2128, stack(0x0000005648100000,0x0000005648200000) (1024K)]
  0x00000196ea24e5d0 JavaThread "Timer-6"                           [_thread_blocked, id=8684, stack(0x0000005648200000,0x0000005648300000) (1024K)]
  0x00000196ea24c500 JavaThread "Timer-7"                           [_thread_blocked, id=23500, stack(0x0000005648300000,0x0000005648400000) (1024K)]
  0x00000196ea24cb90 JavaThread "Timer-8"                           [_thread_blocked, id=16512, stack(0x0000005648400000,0x0000005648500000) (1024K)]
  0x00000196ea24b7e0 JavaThread "Timer-9"                           [_thread_blocked, id=20120, stack(0x0000005648500000,0x0000005648600000) (1024K)]
  0x00000196ea24d220 JavaThread "Timer-10"                          [_thread_blocked, id=19568, stack(0x0000005647e00000,0x0000005647f00000) (1024K)]
  0x00000196ea24df40 JavaThread "Timer-11"                          [_thread_blocked, id=17456, stack(0x0000005648700000,0x0000005648800000) (1024K)]
  0x00000196ea24be70 JavaThread "Timer-12"                          [_thread_blocked, id=11668, stack(0x0000005648800000,0x0000005648900000) (1024K)]
  0x00000196ea250d30 JavaThread "ForkJoinPool.commonPool-worker-2" daemon [_thread_blocked, id=22716, stack(0x0000005648a00000,0x0000005648b00000) (1024K)]
  0x00000196ea24f980 JavaThread "Compiler Class File Writer" daemon [_thread_blocked, id=8364, stack(0x0000005648900000,0x0000005648a00000) (1024K)]
  0x00000196ea250010 JavaThread "Compiler Class File Writer" daemon [_thread_blocked, id=5924, stack(0x0000005648b00000,0x0000005648c00000) (1024K)]
  0x00000196ea24d8b0 JavaThread "Compiler Class File Writer" daemon [_thread_blocked, id=20368, stack(0x0000005648c00000,0x0000005648d00000) (1024K)]
  0x00000196ea2506a0 JavaThread "ForkJoinPool.commonPool-worker-3" daemon [_thread_blocked, id=12772, stack(0x0000005648d00000,0x0000005648e00000) (1024K)]
  0x00000196ea252e00 JavaThread "ForkJoinPool.commonPool-worker-5" daemon [_thread_blocked, id=21484, stack(0x0000005648f00000,0x0000005649000000) (1024K)]
  0x00000196ea252770 JavaThread "ForkJoinPool.commonPool-worker-6" daemon [_thread_blocked, id=22240, stack(0x0000005649000000,0x0000005649100000) (1024K)]
  0x00000196f3e753d0 JavaThread "ForkJoinPool.commonPool-worker-7" daemon [_thread_blocked, id=22532, stack(0x0000005649100000,0x0000005649200000) (1024K)]
  0x00000196f3e746b0 JavaThread "ForkJoinPool.commonPool-worker-8" daemon [_thread_blocked, id=19972, stack(0x0000005649200000,0x0000005649300000) (1024K)]
  0x00000196f3e75a60 JavaThread "ForkJoinPool.commonPool-worker-9" daemon [_thread_blocked, id=19768, stack(0x0000005649300000,0x0000005649400000) (1024K)]
  0x00000196f3e74d40 JavaThread "ForkJoinPool.commonPool-worker-10" daemon [_thread_blocked, id=4020, stack(0x0000005649400000,0x0000005649500000) (1024K)]
  0x00000196f3e76780 JavaThread "ForkJoinPool.commonPool-worker-11" daemon [_thread_blocked, id=13796, stack(0x0000005649500000,0x0000005649600000) (1024K)]
  0x00000196f3e760f0 JavaThread "Worker-6: Java indexing... "        [_thread_blocked, id=22968, stack(0x0000005641f00000,0x0000005642000000) (1024K)]
  0x00000196f3e774a0 JavaThread "Compiler Processing Task"   daemon [_thread_blocked, id=11312, stack(0x0000005642100000,0x0000005642200000) (1024K)]
=>0x00000196ee7d2dd0 JavaThread "C2 CompilerThread1"         daemon [_thread_in_native, id=13440, stack(0x0000005642000000,0x0000005642100000) (1024K)]
  0x00000196ee7d34a0 JavaThread "C2 CompilerThread2"         daemon [_thread_in_native, id=2496, stack(0x0000005643000000,0x0000005643100000) (1024K)]
  0x00000196f3e78ee0 JavaThread "Worker-7"                          [_thread_blocked, id=13976, stack(0x0000005644200000,0x0000005644300000) (1024K)]
Total: 95

Other Threads:
  0x00000196cd0648d0 VMThread "VM Thread"                           [id=12792, stack(0x0000005642500000,0x0000005642600000) (1024K)]
  0x00000196cce4ca10 WatcherThread "VM Periodic Task Thread"        [id=15696, stack(0x0000005642400000,0x0000005642500000) (1024K)]
  0x00000196ccfe4410 WorkerThread "GC Thread#0"                     [id=19616, stack(0x0000005642300000,0x0000005642400000) (1024K)]
  0x00000196ea4c8d40 WorkerThread "GC Thread#1"                     [id=19244, stack(0x0000005643200000,0x0000005643300000) (1024K)]
  0x00000196ea069c20 WorkerThread "GC Thread#2"                     [id=3424, stack(0x0000005643300000,0x0000005643400000) (1024K)]
  0x00000196ea4c90f0 WorkerThread "GC Thread#3"                     [id=7208, stack(0x0000005643400000,0x0000005643500000) (1024K)]
  0x00000196ea4c94a0 WorkerThread "GC Thread#4"                     [id=13292, stack(0x0000005643500000,0x0000005643600000) (1024K)]
  0x00000196ea54b650 WorkerThread "GC Thread#5"                     [id=19592, stack(0x0000005643600000,0x0000005643700000) (1024K)]
  0x00000196ea54ba00 WorkerThread "GC Thread#6"                     [id=21024, stack(0x0000005643700000,0x0000005643800000) (1024K)]
  0x00000196ea40ea60 WorkerThread "GC Thread#7"                     [id=21820, stack(0x0000005643a00000,0x0000005643b00000) (1024K)]
  0x00000196eaca91b0 WorkerThread "GC Thread#8"                     [id=4308, stack(0x0000005643d00000,0x0000005643e00000) (1024K)]
  0x00000196eaa48f60 WorkerThread "GC Thread#9"                     [id=19384, stack(0x0000005643e00000,0x0000005643f00000) (1024K)]
Total: 12

Threads with active compile tasks:
C2 CompilerThread0  183235 13015       4       org.eclipse.jdt.internal.compiler.lookup.LookupEnvironment::getTypeFromTypeSignature (770 bytes)
C1 CompilerThread0  183235 13303       2       org.eclipse.jdt.internal.compiler.lookup.MethodScope::checkAndSetModifiersForMethod (713 bytes)
C2 CompilerThread1  183235 13106       4       org.eclipse.jdt.internal.compiler.lookup.BinaryTypeBinding::createMethod (1666 bytes)
C2 CompilerThread2  183235 13039   !   4       lombok.core.FieldAugment$ReflectionFieldAugment::getAndSet (80 bytes)
Total: 4

VM state: not at safepoint (normal execution)

VM Mutex/Monitor currently owned by a thread:  ([mutex/lock_event])
[0x00007ffea5dcd060] MethodCompileQueue_lock - owner thread: 0x00000196e4ce92c0
[0x00007ffea5dce460] CodeCache_lock - owner thread: 0x00000196e4ce92c0
[0x00007ffea5dce5e0] Compile_lock - owner thread: 0x00000196e4ce92c0

Heap address: 0x0000000080000000, size: 2048 MB, Compressed Oops mode: 32-bit

CDS archive(s) mapped at: [0x0000019680000000-0x0000019680ba0000-0x0000019680ba0000), size 12189696, SharedBaseAddress: 0x0000019680000000, ArchiveRelocationMode: 1.
Compressed class space mapped at: 0x0000019681000000-0x00000196c1000000, reserved size: 1073741824
Narrow klass base: 0x0000019680000000, Narrow klass shift: 0, Narrow klass range: 0x100000000

GC Precious Log:
 CardTable entry size: 512
 CPUs: 12 total, 12 available
 Memory: 7835M
 Large Page Support: Disabled
 NUMA Support: Disabled
 Compressed Oops: Enabled (32-bit)
 Alignments: Space 512K, Generation 512K, Heap 2M
 Heap Min Capacity: 100M
 Heap Initial Capacity: 100M
 Heap Max Capacity: 2G
 Pre-touch: Disabled
 Parallel Workers: 10

Heap:
 PSYoungGen      total 3072K, used 1728K [0x00000000d5580000, 0x00000000d5a80000, 0x0000000100000000)
  eden space 2560K, 49% used [0x00000000d5580000,0x00000000d56bc148,0x00000000d5800000)
  from space 512K, 90% used [0x00000000d5a00000,0x00000000d5a74010,0x00000000d5a80000)
  to   space 1024K, 0% used [0x00000000d5880000,0x00000000d5880000,0x00000000d5980000)
 ParOldGen       total 269824K, used 269376K [0x0000000080000000, 0x0000000090780000, 0x00000000d5580000)
  object space 269824K, 99% used [0x0000000080000000,0x00000000907103e8,0x0000000090780000)
 Metaspace       used 84149K, committed 85952K, reserved 1179648K
  class space    used 10197K, committed 11072K, reserved 1048576K

Card table byte_map: [0x00000196cc960000,0x00000196ccd70000] _byte_map_base: 0x00000196cc560000

Marking Bits: (ParMarkBitMap*) 0x00007ffea5dd3450
 Begin Bits: [0x00000196df470000, 0x00000196e1470000)
 End Bits:   [0x00000196e1470000, 0x00000196e3470000)

Polling page: 0x00000196cae30000

Metaspace:

Usage:
  Non-class:     72.22 MB used.
      Class:      9.96 MB used.
       Both:     82.18 MB used.

Virtual space:
  Non-class space:      128.00 MB reserved,      73.12 MB ( 57%) committed,  2 nodes.
      Class space:        1.00 GB reserved,      10.81 MB (  1%) committed,  1 nodes.
             Both:        1.12 GB reserved,      83.94 MB (  7%) committed. 

Chunk freelists:
   Non-Class:  6.01 MB
       Class:  5.06 MB
        Both:  11.07 MB

MaxMetaspaceSize: unlimited
CompressedClassSpaceSize: 1.00 GB
Initial GC threshold: 21.00 MB
Current GC threshold: 97.31 MB
CDS: on
 - commit_granule_bytes: 65536.
 - commit_granule_words: 8192.
 - virtual_space_node_default_size: 8388608.
 - enlarge_chunks_in_place: 1.
 - use_allocation_guard: 0.


Internal statistics:

num_allocs_failed_limit: 9.
num_arena_births: 1806.
num_arena_deaths: 14.
num_vsnodes_births: 3.
num_vsnodes_deaths: 0.
num_space_committed: 1343.
num_space_uncommitted: 0.
num_chunks_returned_to_freelist: 23.
num_chunks_taken_from_freelist: 6250.
num_chunk_merges: 15.
num_chunk_splits: 3619.
num_chunks_enlarged: 1715.
num_inconsistent_stats: 0.

CodeHeap 'non-profiled nmethods': size=120000Kb used=9047Kb max_used=9047Kb free=110952Kb
 bounds [0x00000196d7c90000, 0x00000196d8570000, 0x00000196df1c0000]
CodeHeap 'profiled nmethods': size=120000Kb used=24379Kb max_used=24379Kb free=95620Kb
 bounds [0x00000196d01c0000, 0x00000196d1990000, 0x00000196d76f0000]
CodeHeap 'non-nmethods': size=5760Kb used=1460Kb max_used=1544Kb free=4299Kb
 bounds [0x00000196d76f0000, 0x00000196d7960000, 0x00000196d7c90000]
CodeCache: size=245760Kb, used=34886Kb, max_used=34970Kb, free=210871Kb
 total_blobs=12781, nmethods=12003, adapters=683, full_count=0
Compilation: enabled, stopped_count=0, restarted_count=0

Compilation events (20 events):
Event: 179.187 Thread 0x00000196e4ce92c0 13269       2       org.eclipse.jdt.internal.compiler.lookup.BoundSet::lambda$2 (9 bytes)
Event: 179.187 Thread 0x00000196e4ce92c0 nmethod 13269 0x00000196d197cf10 code [0x00000196d197d0c0, 0x00000196d197d1e8]
Event: 179.188 Thread 0x00000196e4ce92c0 13253       2       org.eclipse.jdt.internal.compiler.lookup.BoundSet$ThreeSets::size (61 bytes)
Event: 179.188 Thread 0x00000196e4ce92c0 nmethod 13253 0x00000196d197d290 code [0x00000196d197d460, 0x00000196d197d648]
Event: 179.188 Thread 0x00000196e4ce92c0 13255       2       org.eclipse.jdt.internal.compiler.lookup.BoundSet$ThreeSets::flattenInto (113 bytes)
Event: 179.188 Thread 0x00000196e4ce92c0 nmethod 13255 0x00000196d197d710 code [0x00000196d197d940, 0x00000196d197e098]
Event: 179.189 Thread 0x00000196e4ce92c0 13283       2       org.eclipse.jdt.internal.compiler.lookup.LookupEnvironment$$Lambda/0x00000196816f33d8::apply (16 bytes)
Event: 179.190 Thread 0x00000196e4ce92c0 nmethod 13283 0x00000196d197e290 code [0x00000196d197e440, 0x00000196d197e5f8]
Event: 179.190 Thread 0x00000196e4ce92c0 13284       2       org.eclipse.jdt.internal.compiler.lookup.LookupEnvironment::lambda$0 (12 bytes)
Event: 179.190 Thread 0x00000196e4ce92c0 nmethod 13284 0x00000196d197e710 code [0x00000196d197e8c0, 0x00000196d197ea18]
Event: 179.190 Thread 0x00000196e4ce92c0 13278       2       org.eclipse.jdt.internal.compiler.lookup.CompilationUnitScope$$Lambda/0x00000196816f0698::test (12 bytes)
Event: 179.191 Thread 0x00000196e4ce92c0 nmethod 13278 0x00000196d197eb10 code [0x00000196d197ecc0, 0x00000196d197ee28]
Event: 179.191 Thread 0x00000196e4ce92c0 13279       2       org.eclipse.jdt.internal.compiler.lookup.CompilationUnitScope::lambda$1 (53 bytes)
Event: 179.191 Thread 0x00000196e4ce92c0 nmethod 13279 0x00000196d197ef10 code [0x00000196d197f0c0, 0x00000196d197f218]
Event: 179.191 Thread 0x00000196e4ce92c0 13251       2       org.eclipse.jdt.internal.compiler.ast.LambdaExpression::argumentsTypeElided (13 bytes)
Event: 179.191 Thread 0x00000196e4ce92c0 nmethod 13251 0x00000196d197f390 code [0x00000196d197f540, 0x00000196d197f688]
Event: 179.191 Thread 0x00000196e4ce92c0 13285       2       org.eclipse.jdt.internal.compiler.ast.QualifiedTypeReference::traverse (99 bytes)
Event: 179.192 Thread 0x00000196e4ce92c0 nmethod 13285 0x00000196d197f710 code [0x00000196d197f8e0, 0x00000196d197fc70]
Event: 179.192 Thread 0x00000196e4ce92c0 13288       3       java.util.Arrays::fill (23 bytes)
Event: 180.191 Thread 0x00000196e4ce92c0 nmethod 13288 0x00000196d197ff10 code [0x00000196d19800c0, 0x00000196d1980258]

GC Heap History (20 events):
Event: 177.980 GC heap before
{Heap before GC invocations=201 (full 3):
 PSYoungGen      total 5120K, used 4800K [0x00000000d5580000, 0x00000000d5c00000, 0x0000000100000000)
  eden space 4096K, 100% used [0x00000000d5580000,0x00000000d5980000,0x00000000d5980000)
  from space 1024K, 68% used [0x00000000d5980000,0x00000000d5a30000,0x00000000d5a80000)
  to   space 1024K, 0% used [0x00000000d5b00000,0x00000000d5b00000,0x00000000d5c00000)
 ParOldGen       total 228864K, used 228850K [0x0000000080000000, 0x000000008df80000, 0x00000000d5580000)
  object space 228864K, 99% used [0x0000000080000000,0x000000008df7c958,0x000000008df80000)
 Metaspace       used 83965K, committed 85760K, reserved 1179648K
  class space    used 10194K, committed 11008K, reserved 1048576K
}
Event: 177.981 GC heap after
{Heap after GC invocations=201 (full 3):
 PSYoungGen      total 5120K, used 930K [0x00000000d5580000, 0x00000000d5c00000, 0x0000000100000000)
  eden space 4096K, 0% used [0x00000000d5580000,0x00000000d5580000,0x00000000d5980000)
  from space 1024K, 90% used [0x00000000d5b00000,0x00000000d5be8828,0x00000000d5c00000)
  to   space 1024K, 0% used [0x00000000d5980000,0x00000000d5980000,0x00000000d5a80000)
 ParOldGen       total 229888K, used 229390K [0x0000000080000000, 0x000000008e080000, 0x00000000d5580000)
  object space 229888K, 99% used [0x0000000080000000,0x000000008e003968,0x000000008e080000)
 Metaspace       used 83965K, committed 85760K, reserved 1179648K
  class space    used 10194K, committed 11008K, reserved 1048576K
}
Event: 177.995 GC heap before
{Heap before GC invocations=202 (full 3):
 PSYoungGen      total 5120K, used 5026K [0x00000000d5580000, 0x00000000d5c00000, 0x0000000100000000)
  eden space 4096K, 100% used [0x00000000d5580000,0x00000000d5980000,0x00000000d5980000)
  from space 1024K, 90% used [0x00000000d5b00000,0x00000000d5be8828,0x00000000d5c00000)
  to   space 1024K, 0% used [0x00000000d5980000,0x00000000d5980000,0x00000000d5a80000)
 ParOldGen       total 229888K, used 229390K [0x0000000080000000, 0x000000008e080000, 0x00000000d5580000)
  object space 229888K, 99% used [0x0000000080000000,0x000000008e003968,0x000000008e080000)
 Metaspace       used 83980K, committed 85760K, reserved 1179648K
  class space    used 10194K, committed 11008K, reserved 1048576K
}
Event: 177.996 GC heap after
{Heap after GC invocations=202 (full 3):
 PSYoungGen      total 5120K, used 1009K [0x00000000d5580000, 0x00000000d5c80000, 0x0000000100000000)
  eden space 4096K, 0% used [0x00000000d5580000,0x00000000d5580000,0x00000000d5980000)
  from space 1024K, 98% used [0x00000000d5980000,0x00000000d5a7c560,0x00000000d5a80000)
  to   space 1536K, 0% used [0x00000000d5b00000,0x00000000d5b00000,0x00000000d5c80000)
 ParOldGen       total 231424K, used 230938K [0x0000000080000000, 0x000000008e200000, 0x00000000d5580000)
  object space 231424K, 99% used [0x0000000080000000,0x000000008e186a88,0x000000008e200000)
 Metaspace       used 83980K, committed 85760K, reserved 1179648K
  class space    used 10194K, committed 11008K, reserved 1048576K
}
Event: 178.015 GC heap before
{Heap before GC invocations=203 (full 3):
 PSYoungGen      total 5120K, used 5105K [0x00000000d5580000, 0x00000000d5c80000, 0x0000000100000000)
  eden space 4096K, 100% used [0x00000000d5580000,0x00000000d5980000,0x00000000d5980000)
  from space 1024K, 98% used [0x00000000d5980000,0x00000000d5a7c560,0x00000000d5a80000)
  to   space 1536K, 0% used [0x00000000d5b00000,0x00000000d5b00000,0x00000000d5c80000)
 ParOldGen       total 263168K, used 261658K [0x0000000080000000, 0x0000000090100000, 0x00000000d5580000)
  object space 263168K, 99% used [0x0000000080000000,0x000000008ff86ab8,0x0000000090100000)
 Metaspace       used 84008K, committed 85824K, reserved 1179648K
  class space    used 10194K, committed 11008K, reserved 1048576K
}
Event: 179.016 GC heap after
{Heap after GC invocations=203 (full 3):
 PSYoungGen      total 4096K, used 1535K [0x00000000d5580000, 0x00000000d5f80000, 0x0000000100000000)
  eden space 2560K, 0% used [0x00000000d5580000,0x00000000d5580000,0x00000000d5800000)
  from space 1536K, 99% used [0x00000000d5b00000,0x00000000d5c7ff68,0x00000000d5c80000)
  to   space 3072K, 0% used [0x00000000d5800000,0x00000000d5800000,0x00000000d5b00000)
 ParOldGen       total 263168K, used 262745K [0x0000000080000000, 0x0000000090100000, 0x00000000d5580000)
  object space 263168K, 99% used [0x0000000080000000,0x0000000090096748,0x0000000090100000)
 Metaspace       used 84008K, committed 85824K, reserved 1179648K
  class space    used 10194K, committed 11008K, reserved 1048576K
}
Event: 179.067 GC heap before
{Heap before GC invocations=204 (full 3):
 PSYoungGen      total 4096K, used 4063K [0x00000000d5580000, 0x00000000d5f80000, 0x0000000100000000)
  eden space 2560K, 98% used [0x00000000d5580000,0x00000000d57f7d40,0x00000000d5800000)
  from space 1536K, 99% used [0x00000000d5b00000,0x00000000d5c7ff68,0x00000000d5c80000)
  to   space 3072K, 0% used [0x00000000d5800000,0x00000000d5800000,0x00000000d5b00000)
 ParOldGen       total 263168K, used 262745K [0x0000000080000000, 0x0000000090100000, 0x00000000d5580000)
  object space 263168K, 99% used [0x0000000080000000,0x0000000090096748,0x0000000090100000)
 Metaspace       used 84023K, committed 85824K, reserved 1179648K
  class space    used 10194K, committed 11008K, reserved 1048576K
}
Event: 179.069 GC heap after
{Heap after GC invocations=204 (full 3):
 PSYoungGen      total 4096K, used 1110K [0x00000000d5580000, 0x00000000d5c00000, 0x0000000100000000)
  eden space 2560K, 0% used [0x00000000d5580000,0x00000000d5580000,0x00000000d5800000)
  from space 1536K, 72% used [0x00000000d5800000,0x00000000d5915b50,0x00000000d5980000)
  to   space 2048K, 0% used [0x00000000d5a00000,0x00000000d5a00000,0x00000000d5c00000)
 ParOldGen       total 264704K, used 264281K [0x0000000080000000, 0x0000000090280000, 0x00000000d5580000)
  object space 264704K, 99% used [0x0000000080000000,0x00000000902164d8,0x0000000090280000)
 Metaspace       used 84023K, committed 85824K, reserved 1179648K
  class space    used 10194K, committed 11008K, reserved 1048576K
}
Event: 179.098 GC heap before
{Heap before GC invocations=205 (full 3):
 PSYoungGen      total 4096K, used 3670K [0x00000000d5580000, 0x00000000d5c00000, 0x0000000100000000)
  eden space 2560K, 100% used [0x00000000d5580000,0x00000000d5800000,0x00000000d5800000)
  from space 1536K, 72% used [0x00000000d5800000,0x00000000d5915b50,0x00000000d5980000)
  to   space 2048K, 0% used [0x00000000d5a00000,0x00000000d5a00000,0x00000000d5c00000)
 ParOldGen       total 264704K, used 264281K [0x0000000080000000, 0x0000000090280000, 0x00000000d5580000)
  object space 264704K, 99% used [0x0000000080000000,0x00000000902164d8,0x0000000090280000)
 Metaspace       used 84052K, committed 85824K, reserved 1179648K
  class space    used 10195K, committed 11008K, reserved 1048576K
}
Event: 179.100 GC heap after
{Heap after GC invocations=205 (full 3):
 PSYoungGen      total 4096K, used 1435K [0x00000000d5580000, 0x00000000d5b80000, 0x0000000100000000)
  eden space 2560K, 0% used [0x00000000d5580000,0x00000000d5580000,0x00000000d5800000)
  from space 1536K, 93% used [0x00000000d5a00000,0x00000000d5b66fa8,0x00000000d5b80000)
  to   space 1536K, 0% used [0x00000000d5800000,0x00000000d5800000,0x00000000d5980000)
 ParOldGen       total 265728K, used 265255K [0x0000000080000000, 0x0000000090380000, 0x00000000d5580000)
  object space 265728K, 99% used [0x0000000080000000,0x0000000090309c48,0x0000000090380000)
 Metaspace       used 84052K, committed 85824K, reserved 1179648K
  class space    used 10195K, committed 11008K, reserved 1048576K
}
Event: 179.112 GC heap before
{Heap before GC invocations=206 (full 3):
 PSYoungGen      total 4096K, used 3995K [0x00000000d5580000, 0x00000000d5b80000, 0x0000000100000000)
  eden space 2560K, 100% used [0x00000000d5580000,0x00000000d5800000,0x00000000d5800000)
  from space 1536K, 93% used [0x00000000d5a00000,0x00000000d5b66fa8,0x00000000d5b80000)
  to   space 1536K, 0% used [0x00000000d5800000,0x00000000d5800000,0x00000000d5980000)
 ParOldGen       total 265728K, used 265255K [0x0000000080000000, 0x0000000090380000, 0x00000000d5580000)
  object space 265728K, 99% used [0x0000000080000000,0x0000000090309c48,0x0000000090380000)
 Metaspace       used 84060K, committed 85824K, reserved 1179648K
  class space    used 10196K, committed 11008K, reserved 1048576K
}
Event: 179.113 GC heap after
{Heap after GC invocations=206 (full 3):
 PSYoungGen      total 4096K, used 480K [0x00000000d5580000, 0x00000000d5a80000, 0x0000000100000000)
  eden space 2560K, 0% used [0x00000000d5580000,0x00000000d5580000,0x00000000d5800000)
  from space 1536K, 31% used [0x00000000d5800000,0x00000000d5878020,0x00000000d5980000)
  to   space 1024K, 0% used [0x00000000d5980000,0x00000000d5980000,0x00000000d5a80000)
 ParOldGen       total 266752K, used 266524K [0x0000000080000000, 0x0000000090480000, 0x00000000d5580000)
  object space 266752K, 99% used [0x0000000080000000,0x0000000090447378,0x0000000090480000)
 Metaspace       used 84060K, committed 85824K, reserved 1179648K
  class space    used 10196K, committed 11008K, reserved 1048576K
}
Event: 179.134 GC heap before
{Heap before GC invocations=207 (full 3):
 PSYoungGen      total 4096K, used 3040K [0x00000000d5580000, 0x00000000d5a80000, 0x0000000100000000)
  eden space 2560K, 100% used [0x00000000d5580000,0x00000000d5800000,0x00000000d5800000)
  from space 1536K, 31% used [0x00000000d5800000,0x00000000d5878020,0x00000000d5980000)
  to   space 1024K, 0% used [0x00000000d5980000,0x00000000d5980000,0x00000000d5a80000)
 ParOldGen       total 266752K, used 266524K [0x0000000080000000, 0x0000000090480000, 0x00000000d5580000)
  object space 266752K, 99% used [0x0000000080000000,0x0000000090447378,0x0000000090480000)
 Metaspace       used 84071K, committed 85888K, reserved 1179648K
  class space    used 10197K, committed 11072K, reserved 1048576K
}
Event: 179.135 GC heap after
{Heap after GC invocations=207 (full 3):
 PSYoungGen      total 3072K, used 448K [0x00000000d5580000, 0x00000000d5a00000, 0x0000000100000000)
  eden space 2560K, 0% used [0x00000000d5580000,0x00000000d5580000,0x00000000d5800000)
  from space 512K, 87% used [0x00000000d5980000,0x00000000d59f0000,0x00000000d5a00000)
  to   space 1024K, 0% used [0x00000000d5800000,0x00000000d5800000,0x00000000d5900000)
 ParOldGen       total 267264K, used 266780K [0x0000000080000000, 0x0000000090500000, 0x00000000d5580000)
  object space 267264K, 99% used [0x0000000080000000,0x0000000090487398,0x0000000090500000)
 Metaspace       used 84071K, committed 85888K, reserved 1179648K
  class space    used 10197K, committed 11072K, reserved 1048576K
}
Event: 179.161 GC heap before
{Heap before GC invocations=208 (full 3):
 PSYoungGen      total 3072K, used 3008K [0x00000000d5580000, 0x00000000d5a00000, 0x0000000100000000)
  eden space 2560K, 100% used [0x00000000d5580000,0x00000000d5800000,0x00000000d5800000)
  from space 512K, 87% used [0x00000000d5980000,0x00000000d59f0000,0x00000000d5a00000)
  to   space 1024K, 0% used [0x00000000d5800000,0x00000000d5800000,0x00000000d5900000)
 ParOldGen       total 267264K, used 266780K [0x0000000080000000, 0x0000000090500000, 0x00000000d5580000)
  object space 267264K, 99% used [0x0000000080000000,0x0000000090487398,0x0000000090500000)
 Metaspace       used 84090K, committed 85888K, reserved 1179648K
  class space    used 10197K, committed 11072K, reserved 1048576K
}
Event: 179.163 GC heap after
{Heap after GC invocations=208 (full 3):
 PSYoungGen      total 3584K, used 640K [0x00000000d5580000, 0x00000000d5a00000, 0x0000000100000000)
  eden space 2560K, 0% used [0x00000000d5580000,0x00000000d5580000,0x00000000d5800000)
  from space 1024K, 62% used [0x00000000d5800000,0x00000000d58a0000,0x00000000d5900000)
  to   space 1024K, 0% used [0x00000000d5900000,0x00000000d5900000,0x00000000d5a00000)
 ParOldGen       total 267264K, used 267044K [0x0000000080000000, 0x0000000090500000, 0x00000000d5580000)
  object space 267264K, 99% used [0x0000000080000000,0x00000000904c93b8,0x0000000090500000)
 Metaspace       used 84090K, committed 85888K, reserved 1179648K
  class space    used 10197K, committed 11072K, reserved 1048576K
}
Event: 179.175 GC heap before
{Heap before GC invocations=209 (full 3):
 PSYoungGen      total 3584K, used 3200K [0x00000000d5580000, 0x00000000d5a00000, 0x0000000100000000)
  eden space 2560K, 100% used [0x00000000d5580000,0x00000000d5800000,0x00000000d5800000)
  from space 1024K, 62% used [0x00000000d5800000,0x00000000d58a0000,0x00000000d5900000)
  to   space 1024K, 0% used [0x00000000d5900000,0x00000000d5900000,0x00000000d5a00000)
 ParOldGen       total 267264K, used 267044K [0x0000000080000000, 0x0000000090500000, 0x00000000d5580000)
  object space 267264K, 99% used [0x0000000080000000,0x00000000904c93b8,0x0000000090500000)
 Metaspace       used 84114K, committed 85952K, reserved 1179648K
  class space    used 10197K, committed 11072K, reserved 1048576K
}
Event: 179.176 GC heap after
{Heap after GC invocations=209 (full 3):
 PSYoungGen      total 3584K, used 864K [0x00000000d5580000, 0x00000000d5a00000, 0x0000000100000000)
  eden space 2560K, 0% used [0x00000000d5580000,0x00000000d5580000,0x00000000d5800000)
  from space 1024K, 84% used [0x00000000d5900000,0x00000000d59d8000,0x00000000d5a00000)
  to   space 1024K, 0% used [0x00000000d5800000,0x00000000d5800000,0x00000000d5900000)
 ParOldGen       total 267776K, used 267544K [0x0000000080000000, 0x0000000090580000, 0x00000000d5580000)
  object space 267776K, 99% used [0x0000000080000000,0x00000000905463d8,0x0000000090580000)
 Metaspace       used 84114K, committed 85952K, reserved 1179648K
  class space    used 10197K, committed 11072K, reserved 1048576K
}
Event: 179.185 GC heap before
{Heap before GC invocations=210 (full 3):
 PSYoungGen      total 3584K, used 3424K [0x00000000d5580000, 0x00000000d5a00000, 0x0000000100000000)
  eden space 2560K, 100% used [0x00000000d5580000,0x00000000d5800000,0x00000000d5800000)
  from space 1024K, 84% used [0x00000000d5900000,0x00000000d59d8000,0x00000000d5a00000)
  to   space 1024K, 0% used [0x00000000d5800000,0x00000000d5800000,0x00000000d5900000)
 ParOldGen       total 267776K, used 267544K [0x0000000080000000, 0x0000000090580000, 0x00000000d5580000)
  object space 267776K, 99% used [0x0000000080000000,0x00000000905463d8,0x0000000090580000)
 Metaspace       used 84120K, committed 85952K, reserved 1179648K
  class space    used 10197K, committed 11072K, reserved 1048576K
}
Event: 179.187 GC heap after
{Heap after GC invocations=210 (full 3):
 PSYoungGen      total 3584K, used 1024K [0x00000000d5580000, 0x00000000d5c00000, 0x0000000100000000)
  eden space 2560K, 0% used [0x00000000d5580000,0x00000000d5580000,0x00000000d5800000)
  from space 1024K, 100% used [0x00000000d5800000,0x00000000d5900000,0x00000000d5900000)
  to   space 2048K, 0% used [0x00000000d5a00000,0x00000000d5a00000,0x00000000d5c00000)
 ParOldGen       total 268800K, used 268360K [0x0000000080000000, 0x0000000090680000, 0x00000000d5580000)
  object space 268800K, 99% used [0x0000000080000000,0x00000000906123e8,0x0000000090680000)
 Metaspace       used 84120K, committed 85952K, reserved 1179648K
  class space    used 10197K, committed 11072K, reserved 1048576K
}

Dll operation events (15 events):
Event: 0.012 Loaded shared library c:\Users\HP\.antigravity\extensions\redhat.java-1.54.0-win32-x64\jre\21.0.10-win32-x86_64\bin\java.dll
Event: 0.058 Loaded shared library c:\Users\HP\.antigravity\extensions\redhat.java-1.54.0-win32-x64\jre\21.0.10-win32-x86_64\bin\zip.dll
Event: 0.076 Loaded shared library C:\Users\HP\.antigravity\extensions\redhat.java-1.54.0-win32-x64\jre\21.0.10-win32-x86_64\bin\instrument.dll
Event: 0.082 Loaded shared library C:\Users\HP\.antigravity\extensions\redhat.java-1.54.0-win32-x64\jre\21.0.10-win32-x86_64\bin\net.dll
Event: 0.084 Loaded shared library C:\Users\HP\.antigravity\extensions\redhat.java-1.54.0-win32-x64\jre\21.0.10-win32-x86_64\bin\nio.dll
Event: 0.087 Loaded shared library C:\Users\HP\.antigravity\extensions\redhat.java-1.54.0-win32-x64\jre\21.0.10-win32-x86_64\bin\zip.dll
Event: 0.100 Loaded shared library C:\Users\HP\.antigravity\extensions\redhat.java-1.54.0-win32-x64\jre\21.0.10-win32-x86_64\bin\jimage.dll
Event: 0.175 Loaded shared library c:\Users\HP\.antigravity\extensions\redhat.java-1.54.0-win32-x64\jre\21.0.10-win32-x86_64\bin\verify.dll
Event: 1.325 Loaded shared library C:\Users\HP\AppData\Roaming\Antigravity\User\globalStorage\redhat.java\1.54.0\config_win\org.eclipse.equinox.launcher\org.eclipse.equinox.launcher.win32.win32.x86_64_1.3.0.v20260203-2149\eclipse_11919.dll
Event: 2.460 Loaded shared library C:\Users\HP\AppData\Local\Temp\jna-2312\jna7054229939147339808.dll
Event: 6.705 Loaded shared library C:\Users\HP\.gradle\native\1def1411415f61bf3af743bc5b6707747c0891f09f0c88961ee8f79bc544acac\windows-amd64\native-platform.dll
Event: 10.057 Loaded shared library C:\Users\HP\.antigravity\extensions\redhat.java-1.54.0-win32-x64\jre\21.0.10-win32-x86_64\bin\management.dll
Event: 10.062 Loaded shared library C:\Users\HP\.antigravity\extensions\redhat.java-1.54.0-win32-x64\jre\21.0.10-win32-x86_64\bin\management_ext.dll
Event: 13.524 Loaded shared library C:\Users\HP\.antigravity\extensions\redhat.java-1.54.0-win32-x64\jre\21.0.10-win32-x86_64\bin\extnet.dll
Event: 16.387 Loaded shared library C:\Users\HP\.antigravity\extensions\redhat.java-1.54.0-win32-x64\jre\21.0.10-win32-x86_64\bin\sunmscapi.dll

Deoptimization events (20 events):
Event: 177.957 Thread 0x00000196f3e774a0 DEOPT PACKING pc=0x00000196d0ceda7f sp=0x00000056421fda90
Event: 177.957 Thread 0x00000196f3e774a0 DEOPT UNPACKING pc=0x00000196d7744242 sp=0x00000056421fcf40 mode 0
Event: 177.988 Thread 0x00000196eb0086d0 DEOPT PACKING pc=0x00000196d1819854 sp=0x00000056448fda80
Event: 177.988 Thread 0x00000196eb0086d0 DEOPT UNPACKING pc=0x00000196d7744242 sp=0x00000056448fcf88 mode 0
Event: 177.991 Thread 0x00000196eb0086d0 DEOPT PACKING pc=0x00000196d12e9565 sp=0x00000056448f96e0
Event: 177.991 Thread 0x00000196eb0086d0 DEOPT UNPACKING pc=0x00000196d7744242 sp=0x00000056448f8bf0 mode 0
Event: 179.090 Thread 0x00000196eb006600 Uncommon trap: trap_request=0xffffff45 fr.pc=0x00000196d82cbe58 relative=0x0000000000000878
Event: 179.090 Thread 0x00000196eb006600 Uncommon trap: reason=unstable_if action=reinterpret pc=0x00000196d82cbe58 method=org.eclipse.jdt.internal.core.builder.ClasspathLocation.singletonModuleNameIf(Z)[[C @ 10 c2
Event: 179.090 Thread 0x00000196eb006600 DEOPT PACKING pc=0x00000196d82cbe58 sp=0x00000056446feaa0
Event: 179.090 Thread 0x00000196eb006600 DEOPT UNPACKING pc=0x00000196d7743aa2 sp=0x00000056446fe9f8 mode 2
Event: 179.090 Thread 0x00000196eb006600 Uncommon trap: trap_request=0xffffff45 fr.pc=0x00000196d7fb3c94 relative=0x00000000000000f4
Event: 179.090 Thread 0x00000196eb006600 Uncommon trap: reason=unstable_if action=reinterpret pc=0x00000196d7fb3c94 method=org.eclipse.jdt.internal.core.builder.ClasspathLocation.singletonModuleNameIf(Z)[[C @ 10 c2
Event: 179.090 Thread 0x00000196eb006600 DEOPT PACKING pc=0x00000196d7fb3c94 sp=0x00000056446fea50
Event: 179.090 Thread 0x00000196eb006600 DEOPT UNPACKING pc=0x00000196d7743aa2 sp=0x00000056446fe9f0 mode 2
Event: 179.105 Thread 0x00000196eb006600 DEOPT PACKING pc=0x00000196d118c0ef sp=0x00000056446fd770
Event: 179.105 Thread 0x00000196eb006600 DEOPT UNPACKING pc=0x00000196d7744242 sp=0x00000056446fcc88 mode 0
Event: 179.117 Thread 0x00000196eb006600 DEOPT PACKING pc=0x00000196d118c0ef sp=0x00000056446fd740
Event: 179.117 Thread 0x00000196eb006600 DEOPT UNPACKING pc=0x00000196d7744242 sp=0x00000056446fcc58 mode 0
Event: 179.174 Thread 0x00000196eb006600 DEOPT PACKING pc=0x00000196d13aae23 sp=0x00000056446fe920
Event: 179.174 Thread 0x00000196eb006600 DEOPT UNPACKING pc=0x00000196d7744242 sp=0x00000056446fde18 mode 0

Classes loaded (20 events):
Event: 25.644 Loading class java/util/stream/DistinctOps
Event: 25.644 Loading class java/util/stream/DistinctOps done
Event: 25.644 Loading class java/util/stream/DistinctOps$1
Event: 25.645 Loading class java/util/stream/DistinctOps$1 done
Event: 25.646 Loading class java/util/stream/DistinctOps$1$2
Event: 25.647 Loading class java/util/stream/DistinctOps$1$2 done
Event: 26.198 Loading class java/nio/file/attribute/PosixFileAttributes
Event: 26.199 Loading class java/nio/file/attribute/PosixFileAttributes done
Event: 26.620 Loading class java/util/HashMap$EntrySpliterator
Event: 26.620 Loading class java/util/HashMap$EntrySpliterator done
Event: 31.218 Loading class sun/nio/cs/ISO_8859_1$Encoder
Event: 31.218 Loading class sun/nio/cs/ISO_8859_1$Encoder done
Event: 31.218 Loading class sun/nio/cs/Surrogate$Parser
Event: 31.218 Loading class sun/nio/cs/Surrogate$Parser done
Event: 31.218 Loading class sun/nio/cs/Surrogate
Event: 31.218 Loading class sun/nio/cs/Surrogate done
Event: 168.653 Loading class jdk/internal/module/IllegalAccessLogger
Event: 168.653 Loading class jdk/internal/module/IllegalAccessLogger done
Event: 177.951 Loading class jdk/internal/module/IllegalAccessLogger
Event: 177.951 Loading class jdk/internal/module/IllegalAccessLogger done

Classes unloaded (7 events):
Event: 2.983 Thread 0x00000196cd0648d0 Unloading class 0x00000196811a4c00 'java/lang/invoke/LambdaForm$MH+0x00000196811a4c00'
Event: 2.983 Thread 0x00000196cd0648d0 Unloading class 0x00000196811a4800 'java/lang/invoke/LambdaForm$MH+0x00000196811a4800'
Event: 2.983 Thread 0x00000196cd0648d0 Unloading class 0x00000196811a4400 'java/lang/invoke/LambdaForm$MH+0x00000196811a4400'
Event: 2.983 Thread 0x00000196cd0648d0 Unloading class 0x00000196811a4000 'java/lang/invoke/LambdaForm$MH+0x00000196811a4000'
Event: 2.983 Thread 0x00000196cd0648d0 Unloading class 0x00000196811a3c00 'java/lang/invoke/LambdaForm$BMH+0x00000196811a3c00'
Event: 2.983 Thread 0x00000196cd0648d0 Unloading class 0x00000196811a3800 'java/lang/invoke/LambdaForm$DMH+0x00000196811a3800'
Event: 2.983 Thread 0x00000196cd0648d0 Unloading class 0x00000196811a2400 'java/lang/invoke/LambdaForm$DMH+0x00000196811a2400'

Classes redefined (0 events):
No events

Internal exceptions (20 events):
Event: 25.660 Thread 0x00000196eb008040 Exception <a 'java/lang/NoSuchMethodError'{0x00000000d56d9738}: 'java.lang.Object java.lang.invoke.DirectMethodHandle$Holder.newInvokeSpecial(java.lang.Object, java.lang.Object, int)'> (0x00000000d56d9738) 
thrown [s\src\hotspot\share\interpreter\linkResolver.cpp, line 773]
Event: 25.679 Thread 0x00000196eb008040 Exception <a 'java/lang/NoSuchMethodError'{0x00000000d575ce30}: 'void java.lang.invoke.DirectMethodHandle$Holder.invokeStatic(java.lang.Object, int)'> (0x00000000d575ce30) 
thrown [s\src\hotspot\share\interpreter\linkResolver.cpp, line 773]
Event: 25.801 Thread 0x00000196eb008040 Exception <a 'java/io/FileNotFoundException'{0x00000000d575fd90}> (0x00000000d575fd90) 
thrown [s\src\hotspot\share\prims\jni.cpp, line 520]
Event: 25.802 Thread 0x00000196eb008040 Exception <a 'java/io/FileNotFoundException'{0x00000000d5761050}> (0x00000000d5761050) 
thrown [s\src\hotspot\share\prims\jni.cpp, line 520]
Event: 25.802 Thread 0x00000196eb008040 Exception <a 'java/io/FileNotFoundException'{0x00000000d5762428}> (0x00000000d5762428) 
thrown [s\src\hotspot\share\prims\jni.cpp, line 520]
Event: 25.917 Thread 0x00000196eb008040 Implicit null exception at 0x00000196d801c8e3 to 0x00000196d801da6c
Event: 26.203 Thread 0x00000196eb008040 Exception <a 'sun/nio/fs/WindowsException'{0x00000000d5599da0}> (0x00000000d5599da0) 
thrown [s\src\hotspot\share\prims\jni.cpp, line 520]
Event: 26.276 Thread 0x00000196eb008040 Exception <a 'java/lang/NoSuchMethodError'{0x00000000d5801978}: 'void java.lang.invoke.DirectMethodHandle$Holder.invokeSpecial(java.lang.Object, java.lang.Object, java.lang.Object, java.lang.Object, java.lang.Object, java.lang.Object, java.lang.Object)'> (0x00000000d5801978) 
thrown [s\src\hotspot\share\interpreter\linkResolver.cpp, line 773]
Event: 26.324 Thread 0x00000196eb0086d0 Exception <a 'sun/nio/fs/WindowsException'{0x00000000d58a9868}> (0x00000000d58a9868) 
thrown [s\src\hotspot\share\prims\jni.cpp, line 520]
Event: 26.324 Thread 0x00000196eb0086d0 Exception <a 'sun/nio/fs/WindowsException'{0x00000000d58aa370}> (0x00000000d58aa370) 
thrown [s\src\hotspot\share\prims\jni.cpp, line 520]
Event: 26.325 Thread 0x00000196eb0086d0 Exception <a 'sun/nio/fs/WindowsException'{0x00000000d58aba30}> (0x00000000d58aba30) 
thrown [s\src\hotspot\share\prims\jni.cpp, line 520]
Event: 26.325 Thread 0x00000196eb0086d0 Exception <a 'sun/nio/fs/WindowsException'{0x00000000d58ac4f8}> (0x00000000d58ac4f8) 
thrown [s\src\hotspot\share\prims\jni.cpp, line 520]
Event: 26.325 Thread 0x00000196eb0086d0 Exception <a 'sun/nio/fs/WindowsException'{0x00000000d58ae8c8}> (0x00000000d58ae8c8) 
thrown [s\src\hotspot\share\prims\jni.cpp, line 520]
Event: 26.325 Thread 0x00000196eb0086d0 Exception <a 'sun/nio/fs/WindowsException'{0x00000000d58af3c0}> (0x00000000d58af3c0) 
thrown [s\src\hotspot\share\prims\jni.cpp, line 520]
Event: 26.336 Thread 0x00000196eb0086d0 Exception <a 'sun/nio/fs/WindowsException'{0x00000000d58d7e18}> (0x00000000d58d7e18) 
thrown [s\src\hotspot\share\prims\jni.cpp, line 520]
Event: 26.336 Thread 0x00000196eb0086d0 Exception <a 'sun/nio/fs/WindowsException'{0x00000000d58edcb8}> (0x00000000d58edcb8) 
thrown [s\src\hotspot\share\prims\jni.cpp, line 520]
Event: 168.569 Thread 0x00000196eb006600 Exception <a 'sun/nio/fs/WindowsException'{0x00000000d56989d0}> (0x00000000d56989d0) 
thrown [s\src\hotspot\share\prims\jni.cpp, line 520]
Event: 168.871 Thread 0x00000196f3e774a0 Exception <a 'java/lang/NoSuchMethodError'{0x00000000d55bc8b8}: 'void java.lang.invoke.DirectMethodHandle$Holder.invokeVirtual(java.lang.Object, java.lang.Object, java.lang.Object, java.lang.Object, java.lang.Object)'> (0x00000000d55bc8b8) 
thrown [s\src\hotspot\share\interpreter\linkResolver.cpp, line 773]
Event: 177.753 Thread 0x00000196eb006600 Exception <a 'sun/nio/fs/WindowsException'{0x00000000d574e2e0}> (0x00000000d574e2e0) 
thrown [s\src\hotspot\share\prims\jni.cpp, line 520]
Event: 177.954 Thread 0x00000196eb006600 Exception <a 'sun/nio/fs/WindowsException'{0x00000000d55b5d50}> (0x00000000d55b5d50) 
thrown [s\src\hotspot\share\prims\jni.cpp, line 520]

ZGC Phase Switch (0 events):
No events

VM Operations (20 events):
Event: 177.981 Executing safepoint VM operation: ParallelGCFailedAllocation (Allocation Failure) done
Event: 177.995 Executing safepoint VM operation: ParallelGCFailedAllocation (Allocation Failure)
Event: 177.996 Executing safepoint VM operation: ParallelGCFailedAllocation (Allocation Failure) done
Event: 178.015 Executing safepoint VM operation: ParallelGCFailedAllocation (Allocation Failure)
Event: 179.016 Executing safepoint VM operation: ParallelGCFailedAllocation (Allocation Failure) done
Event: 179.067 Executing safepoint VM operation: ParallelGCFailedAllocation (Allocation Failure)
Event: 179.069 Executing safepoint VM operation: ParallelGCFailedAllocation (Allocation Failure) done
Event: 179.098 Executing safepoint VM operation: ParallelGCFailedAllocation (Allocation Failure)
Event: 179.100 Executing safepoint VM operation: ParallelGCFailedAllocation (Allocation Failure) done
Event: 179.112 Executing safepoint VM operation: ParallelGCFailedAllocation (Allocation Failure)
Event: 179.113 Executing safepoint VM operation: ParallelGCFailedAllocation (Allocation Failure) done
Event: 179.134 Executing safepoint VM operation: ParallelGCFailedAllocation (Allocation Failure)
Event: 179.135 Executing safepoint VM operation: ParallelGCFailedAllocation (Allocation Failure) done
Event: 179.161 Executing safepoint VM operation: ParallelGCFailedAllocation (Allocation Failure)
Event: 179.163 Executing safepoint VM operation: ParallelGCFailedAllocation (Allocation Failure) done
Event: 179.175 Executing safepoint VM operation: ParallelGCFailedAllocation (Allocation Failure)
Event: 179.176 Executing safepoint VM operation: ParallelGCFailedAllocation (Allocation Failure) done
Event: 179.184 Executing safepoint VM operation: ParallelGCFailedAllocation (Allocation Failure)
Event: 179.187 Executing safepoint VM operation: ParallelGCFailedAllocation (Allocation Failure) done
Event: 180.187 Executing safepoint VM operation: Cleanup

Memory protections (0 events):
No events

Nmethod flushes (20 events):
Event: 8.938 Thread 0x00000196cd0648d0 flushing  nmethod 0x00000196d085fe10
Event: 8.938 Thread 0x00000196cd0648d0 flushing  nmethod 0x00000196d0867b90
Event: 8.938 Thread 0x00000196cd0648d0 flushing  nmethod 0x00000196d086a590
Event: 8.938 Thread 0x00000196cd0648d0 flushing  nmethod 0x00000196d0878e90
Event: 8.938 Thread 0x00000196cd0648d0 flushing  nmethod 0x00000196d0879290
Event: 8.938 Thread 0x00000196cd0648d0 flushing  nmethod 0x00000196d087a190
Event: 8.938 Thread 0x00000196cd0648d0 flushing  nmethod 0x00000196d087af10
Event: 8.938 Thread 0x00000196cd0648d0 flushing  nmethod 0x00000196d087bd10
Event: 8.938 Thread 0x00000196cd0648d0 flushing  nmethod 0x00000196d087ea90
Event: 8.938 Thread 0x00000196cd0648d0 flushing  nmethod 0x00000196d0884810
Event: 8.938 Thread 0x00000196cd0648d0 flushing osr nmethod 0x00000196d08f2210
Event: 8.938 Thread 0x00000196cd0648d0 flushing  nmethod 0x00000196d0906b90
Event: 8.938 Thread 0x00000196cd0648d0 flushing  nmethod 0x00000196d0928210
Event: 8.938 Thread 0x00000196cd0648d0 flushing  nmethod 0x00000196d0929290
Event: 8.938 Thread 0x00000196cd0648d0 flushing  nmethod 0x00000196d0935110
Event: 8.938 Thread 0x00000196cd0648d0 flushing  nmethod 0x00000196d0946190
Event: 8.938 Thread 0x00000196cd0648d0 flushing  nmethod 0x00000196d0959b10
Event: 8.938 Thread 0x00000196cd0648d0 flushing  nmethod 0x00000196d0979d90
Event: 8.938 Thread 0x00000196cd0648d0 flushing  nmethod 0x00000196d097ac90
Event: 8.938 Thread 0x00000196cd0648d0 flushing  nmethod 0x00000196d0981d10

Events (20 events):
Event: 31.129 Thread 0x00000196e4ce92c0 Thread added: 0x00000196ee7d34a0
Event: 31.154 Thread 0x00000196e4ce92c0 Thread added: 0x00000196ee7d2700
Event: 36.229 Thread 0x00000196ee7d2700 Thread exited: 0x00000196ee7d2700
Event: 36.229 Thread 0x00000196ee7d34a0 Thread exited: 0x00000196ee7d34a0
Event: 84.048 Thread 0x00000196eccfc260 Thread exited: 0x00000196eccfc260
Event: 84.093 Thread 0x00000196f2218780 Thread exited: 0x00000196f2218780
Event: 86.487 Thread 0x00000196eccfc8f0 Thread exited: 0x00000196eccfc8f0
Event: 87.280 Thread 0x00000196eb007320 Thread exited: 0x00000196eb007320
Event: 87.281 Thread 0x00000196eb008040 Thread exited: 0x00000196eb008040
Event: 87.281 Thread 0x00000196ee3d0520 Thread exited: 0x00000196ee3d0520
Event: 88.788 Thread 0x00000196eb006c90 Thread exited: 0x00000196eb006c90
Event: 144.048 Thread 0x00000196eccfb540 Thread exited: 0x00000196eccfb540
Event: 146.488 Thread 0x00000196ea2520e0 Thread exited: 0x00000196ea2520e0
Event: 168.362 Thread 0x00000196eb0058e0 Thread added: 0x00000196f3e760f0
Event: 168.363 Thread 0x00000196e4ce92c0 Thread added: 0x00000196ee7d34a0
Event: 168.654 Thread 0x00000196f3e760f0 Thread added: 0x00000196f3e774a0
Event: 174.493 Thread 0x00000196ee7d34a0 Thread exited: 0x00000196ee7d34a0
Event: 177.490 Thread 0x00000196e4ce92c0 Thread added: 0x00000196ee7d2dd0
Event: 177.896 Thread 0x00000196e4ce92c0 Thread added: 0x00000196ee7d34a0
Event: 177.957 Thread 0x00000196f3e760f0 Thread added: 0x00000196f3e78ee0


Dynamic libraries:
0x00007ff759420000 - 0x00007ff75942e000 	c:\Users\HP\.antigravity\extensions\redhat.java-1.54.0-win32-x64\jre\21.0.10-win32-x86_64\bin\java.exe
0x00007fff50f80000 - 0x00007fff511e7000 	C:\WINDOWS\SYSTEM32\ntdll.dll
0x00007fff0d4c0000 - 0x00007fff0d4e1000 	C:\Program Files\Avast Software\Avast\aswhook.dll
0x00007fff4f770000 - 0x00007fff4f839000 	C:\WINDOWS\System32\KERNEL32.DLL
0x00007fff4df00000 - 0x00007fff4e2f4000 	C:\WINDOWS\System32\KERNELBASE.dll
0x00007fff4da90000 - 0x00007fff4dbdb000 	C:\WINDOWS\System32\ucrtbase.dll
0x00007fff484c0000 - 0x00007fff484d8000 	c:\Users\HP\.antigravity\extensions\redhat.java-1.54.0-win32-x64\jre\21.0.10-win32-x86_64\bin\jli.dll
0x00007fff484a0000 - 0x00007fff484be000 	c:\Users\HP\.antigravity\extensions\redhat.java-1.54.0-win32-x64\jre\21.0.10-win32-x86_64\bin\VCRUNTIME140.dll
0x00007fff504a0000 - 0x00007fff50665000 	C:\WINDOWS\System32\USER32.dll
0x00007fff4dd50000 - 0x00007fff4dd77000 	C:\WINDOWS\System32\win32u.dll
0x00007fff20240000 - 0x00007fff204d3000 	C:\WINDOWS\WinSxS\amd64_microsoft.windows.common-controls_6595b64144ccf1df_6.0.26100.8115_none_3e075c82e3354f9c\COMCTL32.dll
0x00007fff50c00000 - 0x00007fff50c2b000 	C:\WINDOWS\System32\GDI32.dll
0x00007fff50a90000 - 0x00007fff50b39000 	C:\WINDOWS\System32\msvcrt.dll
0x00007fff4d8b0000 - 0x00007fff4d9db000 	C:\WINDOWS\System32\gdi32full.dll
0x00007fff4d9e0000 - 0x00007fff4da83000 	C:\WINDOWS\System32\msvcp_win.dll
0x00007fff50ed0000 - 0x00007fff50f02000 	C:\WINDOWS\System32\IMM32.DLL
0x00007fff48490000 - 0x00007fff4849c000 	c:\Users\HP\.antigravity\extensions\redhat.java-1.54.0-win32-x64\jre\21.0.10-win32-x86_64\bin\vcruntime140_1.dll
0x00007fff23480000 - 0x00007fff2350d000 	c:\Users\HP\.antigravity\extensions\redhat.java-1.54.0-win32-x64\jre\21.0.10-win32-x86_64\bin\msvcp140.dll
0x00007ffea5110000 - 0x00007ffea5eb1000 	c:\Users\HP\.antigravity\extensions\redhat.java-1.54.0-win32-x64\jre\21.0.10-win32-x86_64\bin\server\jvm.dll
0x00007fff500d0000 - 0x00007fff50186000 	C:\WINDOWS\System32\ADVAPI32.dll
0x00007fff4fec0000 - 0x00007fff4ff67000 	C:\WINDOWS\System32\sechost.dll
0x00007fff4f4e0000 - 0x00007fff4f5f8000 	C:\WINDOWS\System32\RPCRT4.dll
0x00007fff50b70000 - 0x00007fff50bf0000 	C:\WINDOWS\System32\WS2_32.dll
0x00007fff485a0000 - 0x00007fff485d6000 	C:\WINDOWS\SYSTEM32\WINMM.dll
0x00007fff3b8c0000 - 0x00007fff3b8cb000 	C:\WINDOWS\SYSTEM32\VERSION.dll
0x00007fff4d680000 - 0x00007fff4d6de000 	C:\WINDOWS\SYSTEM32\POWRPROF.dll
0x00007fff4d660000 - 0x00007fff4d674000 	C:\WINDOWS\SYSTEM32\UMPDC.dll
0x00007fff4c5b0000 - 0x00007fff4c5cb000 	C:\WINDOWS\SYSTEM32\kernel.appcore.dll
0x00007fff3ada0000 - 0x00007fff3adaa000 	c:\Users\HP\.antigravity\extensions\redhat.java-1.54.0-win32-x64\jre\21.0.10-win32-x86_64\bin\jimage.dll
0x00007fff4b7c0000 - 0x00007fff4ba02000 	C:\WINDOWS\SYSTEM32\DBGHELP.DLL
0x00007fff50700000 - 0x00007fff50a82000 	C:\WINDOWS\System32\combase.dll
0x00007fff50350000 - 0x00007fff50428000 	C:\WINDOWS\System32\OLEAUT32.dll
0x00007fff38e80000 - 0x00007fff38ebb000 	C:\WINDOWS\SYSTEM32\dbgcore.DLL
0x00007fff4e300000 - 0x00007fff4e3a5000 	C:\WINDOWS\System32\bcryptPrimitives.dll
0x00007fff2c320000 - 0x00007fff2c32f000 	c:\Users\HP\.antigravity\extensions\redhat.java-1.54.0-win32-x64\jre\21.0.10-win32-x86_64\bin\instrument.dll
0x00007fff2a2b0000 - 0x00007fff2a2d0000 	c:\Users\HP\.antigravity\extensions\redhat.java-1.54.0-win32-x64\jre\21.0.10-win32-x86_64\bin\java.dll
0x00007fff4ecf0000 - 0x00007fff4f457000 	C:\WINDOWS\System32\SHELL32.dll
0x00007fff4dbe0000 - 0x00007fff4dd4a000 	C:\WINDOWS\System32\wintypes.dll
0x00007fff4e470000 - 0x00007fff4ecd8000 	C:\WINDOWS\System32\windows.storage.dll
0x00007fff50190000 - 0x00007fff50288000 	C:\WINDOWS\System32\SHCORE.dll
0x00007fff50430000 - 0x00007fff50496000 	C:\WINDOWS\System32\shlwapi.dll
0x00007fff4d740000 - 0x00007fff4d769000 	C:\WINDOWS\SYSTEM32\profapi.dll
0x00007fff2a290000 - 0x00007fff2a2a8000 	c:\Users\HP\.antigravity\extensions\redhat.java-1.54.0-win32-x64\jre\21.0.10-win32-x86_64\bin\zip.dll
0x00007fff2a280000 - 0x00007fff2a290000 	C:\Users\HP\.antigravity\extensions\redhat.java-1.54.0-win32-x64\jre\21.0.10-win32-x86_64\bin\net.dll
0x00007fff45110000 - 0x00007fff4523d000 	C:\WINDOWS\SYSTEM32\WINHTTP.dll
0x00007fff4cb20000 - 0x00007fff4cb8c000 	C:\WINDOWS\system32\mswsock.dll
0x00007fff29aa0000 - 0x00007fff29ab6000 	C:\Users\HP\.antigravity\extensions\redhat.java-1.54.0-win32-x64\jre\21.0.10-win32-x86_64\bin\nio.dll
0x00007fff23470000 - 0x00007fff23480000 	c:\Users\HP\.antigravity\extensions\redhat.java-1.54.0-win32-x64\jre\21.0.10-win32-x86_64\bin\verify.dll
0x00007fff23420000 - 0x00007fff23465000 	C:\Users\HP\AppData\Roaming\Antigravity\User\globalStorage\redhat.java\1.54.0\config_win\org.eclipse.equinox.launcher\org.eclipse.equinox.launcher.win32.win32.x86_64_1.3.0.v20260203-2149\eclipse_11919.dll
0x00007fff4f840000 - 0x00007fff4f9d7000 	C:\WINDOWS\System32\ole32.dll
0x00007fff4ce00000 - 0x00007fff4ce1b000 	C:\WINDOWS\SYSTEM32\CRYPTSP.dll
0x00007fff4c510000 - 0x00007fff4c549000 	C:\WINDOWS\system32\rsaenh.dll
0x00007fff4cbd0000 - 0x00007fff4cc03000 	C:\WINDOWS\SYSTEM32\USERENV.dll
0x00007fff4d710000 - 0x00007fff4d73a000 	C:\WINDOWS\SYSTEM32\bcrypt.dll
0x00007fff4ce20000 - 0x00007fff4ce2c000 	C:\WINDOWS\SYSTEM32\CRYPTBASE.dll
0x00007fff4bf60000 - 0x00007fff4bf92000 	C:\WINDOWS\SYSTEM32\IPHLPAPI.DLL
0x00007fff4f760000 - 0x00007fff4f76a000 	C:\WINDOWS\System32\NSI.dll
0x00007fff12e50000 - 0x00007fff12e99000 	C:\Users\HP\AppData\Local\Temp\jna-2312\jna7054229939147339808.dll
0x00007fff50b40000 - 0x00007fff50b48000 	C:\WINDOWS\System32\PSAPI.DLL
0x00007fff46a50000 - 0x00007fff46a6d000 	C:\WINDOWS\SYSTEM32\dhcpcsvc6.DLL
0x00007fff46930000 - 0x00007fff46955000 	C:\WINDOWS\SYSTEM32\dhcpcsvc.DLL
0x00007fff12e20000 - 0x00007fff12e47000 	C:\Users\HP\.gradle\native\1def1411415f61bf3af743bc5b6707747c0891f09f0c88961ee8f79bc544acac\windows-amd64\native-platform.dll
0x00007fff14df0000 - 0x00007fff14dfa000 	C:\Users\HP\.antigravity\extensions\redhat.java-1.54.0-win32-x64\jre\21.0.10-win32-x86_64\bin\management.dll
0x00007fff14de0000 - 0x00007fff14dec000 	C:\Users\HP\.antigravity\extensions\redhat.java-1.54.0-win32-x64\jre\21.0.10-win32-x86_64\bin\management_ext.dll
0x00007fff12e10000 - 0x00007fff12e19000 	C:\Users\HP\.antigravity\extensions\redhat.java-1.54.0-win32-x64\jre\21.0.10-win32-x86_64\bin\extnet.dll
0x00007fff12e00000 - 0x00007fff12e0e000 	C:\Users\HP\.antigravity\extensions\redhat.java-1.54.0-win32-x64\jre\21.0.10-win32-x86_64\bin\sunmscapi.dll
0x00007fff4dd80000 - 0x00007fff4def7000 	C:\WINDOWS\System32\CRYPT32.dll
0x00007fff4d020000 - 0x00007fff4d050000 	C:\WINDOWS\SYSTEM32\ncrypt.dll
0x00007fff4cfd0000 - 0x00007fff4d00f000 	C:\WINDOWS\SYSTEM32\NTASN1.dll
0x00007fff0ef00000 - 0x00007fff0ef08000 	C:\WINDOWS\system32\wshunix.dll
0x00007fff4c6d0000 - 0x00007fff4c706000 	C:\WINDOWS\SYSTEM32\ntmarta.dll

JVMTI agents:
c:\Users\HP\.antigravity\extensions\redhat.java-1.54.0-win32-x64\lombok\lombok-1.18.39-4050.jar path:c:\Users\HP\.antigravity\extensions\redhat.java-1.54.0-win32-x64\jre\21.0.10-win32-x86_64\bin\instrument.dll, loaded, initialized, instrumentlib options:none

dbghelp: loaded successfully - version: 4.0.5 - missing functions: none
symbol engine: initialized successfully - sym options: 0x614 - pdb path: .;c:\Users\HP\.antigravity\extensions\redhat.java-1.54.0-win32-x64\jre\21.0.10-win32-x86_64\bin;C:\WINDOWS\SYSTEM32;C:\Program Files\Avast Software\Avast;C:\WINDOWS\WinSxS\amd64_microsoft.windows.common-controls_6595b64144ccf1df_6.0.26100.8115_none_3e075c82e3354f9c;c:\Users\HP\.antigravity\extensions\redhat.java-1.54.0-win32-x64\jre\21.0.10-win32-x86_64\bin\server;C:\Users\HP\AppData\Roaming\Antigravity\User\globalStorage\redhat.java\1.54.0\config_win\org.eclipse.equinox.launcher\org.eclipse.equinox.launcher.win32.win32.x86_64_1.3.0.v20260203-2149;C:\Users\HP\AppData\Local\Temp\jna-2312;C:\Users\HP\.gradle\native\1def1411415f61bf3af743bc5b6707747c0891f09f0c88961ee8f79bc544acac\windows-amd64

VM Arguments:
jvm_args: --add-modules=ALL-SYSTEM --add-opens=java.base/java.util=ALL-UNNAMED --add-opens=java.base/java.lang=ALL-UNNAMED --add-opens=java.base/sun.nio.fs=ALL-UNNAMED -Declipse.application=org.eclipse.jdt.ls.core.id1 -Dosgi.bundles.defaultStartLevel=4 -Declipse.product=org.eclipse.jdt.ls.core.product -Djava.import.generatesMetadataFilesAtProjectRoot=false -DDetectVMInstallationsJob.disabled=true -Dfile.encoding=utf8 -XX:+UseParallelGC -XX:GCTimeRatio=4 -XX:AdaptiveSizePolicyWeight=90 -Dsun.zip.disableMemoryMapping=true -Xmx2G -Xms100m -Xlog:disable -javaagent:c:\Users\HP\.antigravity\extensions\redhat.java-1.54.0-win32-x64\lombok\lombok-1.18.39-4050.jar -XX:+HeapDumpOnOutOfMemoryError -XX:HeapDumpPath=c:\Users\HP\AppData\Roaming\Antigravity\User\workspaceStorage\bb6f58697517b49f76eb8e851445a514\redhat.java -Daether.dependencyCollector.impl=bf 
java_command: c:\Users\HP\.antigravity\extensions\redhat.java-1.54.0-win32-x64\server\plugins\org.eclipse.equinox.launcher_1.7.100.v20251111-0406.jar -configuration c:\Users\HP\AppData\Roaming\Antigravity\User\globalStorage\redhat.java\1.54.0\config_win -data c:\Users\HP\AppData\Roaming\Antigravity\User\workspaceStorage\bb6f58697517b49f76eb8e851445a514\redhat.java\jdt_ws --pipe=\\.\pipe\lsp-e6b6a0972299728639971d22cbad5229-sock
java_class_path (initial): c:\Users\HP\.antigravity\extensions\redhat.java-1.54.0-win32-x64\server\plugins\org.eclipse.equinox.launcher_1.7.100.v20251111-0406.jar
Launcher Type: SUN_STANDARD

[Global flags]
    uintx AdaptiveSizePolicyWeight                 = 90                                        {product} {command line}
     intx CICompilerCount                          = 4                                         {product} {ergonomic}
    uintx GCTimeRatio                              = 4                                         {product} {command line}
     bool HeapDumpOnOutOfMemoryError               = true                                   {manageable} {command line}
    ccstr HeapDumpPath                             = c:\Users\HP\AppData\Roaming\Antigravity\User\workspaceStorage\bb6f58697517b49f76eb8e851445a514\redhat.java         {manageable} {command line}
   size_t InitialHeapSize                          = 104857600                                 {product} {command line}
   size_t MaxHeapSize                              = 2147483648                                {product} {command line}
   size_t MaxNewSize                               = 715653120                                 {product} {ergonomic}
   size_t MinHeapDeltaBytes                        = 524288                                    {product} {ergonomic}
   size_t MinHeapSize                              = 104857600                                 {product} {command line}
   size_t NewSize                                  = 34603008                                  {product} {ergonomic}
    uintx NonNMethodCodeHeapSize                   = 5839372                                {pd product} {ergonomic}
    uintx NonProfiledCodeHeapSize                  = 122909434                              {pd product} {ergonomic}
   size_t OldSize                                  = 70254592                                  {product} {ergonomic}
    uintx ProfiledCodeHeapSize                     = 122909434                              {pd product} {ergonomic}
    uintx ReservedCodeCacheSize                    = 251658240                              {pd product} {ergonomic}
     bool SegmentedCodeCache                       = true                                      {product} {ergonomic}
   size_t SoftMaxHeapSize                          = 2147483648                             {manageable} {ergonomic}
     bool UseCompressedOops                        = true                           {product lp64_product} {ergonomic}
     bool UseLargePagesIndividualAllocation        = false                                  {pd product} {ergonomic}
     bool UseParallelGC                            = true                                      {product} {command line}

Logging:
Log output configuration:
 #0: stdout all=off uptime,level,tags foldmultilines=false
 #1: stderr all=off uptime,level,tags foldmultilines=false

Release file:
JAVA_VERSION="21.0.10" 
MODULES="java.base java.compiler java.datatransfer java.xml java.prefs java.desktop java.instrument java.logging java.management java.security.sasl java.naming java.rmi java.management.rmi java.net.http java.scripting java.security.jgss java.transaction.xa java.sql java.sql.rowset java.xml.crypto java.se java.smartcardio jdk.accessibility jdk.internal.jvmstat jdk.attach jdk.charsets jdk.internal.opt jdk.zipfs jdk.compiler jdk.crypto.ec jdk.crypto.cryptoki jdk.crypto.mscapi jdk.dynalink jdk.internal.ed jdk.editpad jdk.hotspot.agent jdk.httpserver jdk.internal.le jdk.internal.vm.ci jdk.internal.vm.compiler jdk.internal.vm.compiler.management jdk.jartool jdk.javadoc jdk.jcmd jdk.management jdk.management.agent jdk.jconsole jdk.jdeps jdk.jdwp.agent jdk.jdi jdk.jfr jdk.jshell jdk.jsobject jdk.jstatd jdk.localedata jdk.management.jfr jdk.naming.dns jdk.naming.rmi jdk.net jdk.nio.mapmode jdk.random jdk.sctp jdk.security.auth jdk.security.jgss jdk.unsupported jdk.unsupported.desktop jdk.xml.dom" 

Environment Variables:
JAVA_HOME=C:\Program Files\Java\jdk-25
PATH=C:\Program Files\Common Files\Oracle\Java\javapath;C:\Program Files (x86)\Common Files\Oracle\Java\java8path;C:\Program Files (x86)\Common Files\Oracle\Java\javapath;C:\ORC\ORACLEE\bin;C:\app\HP\product\21c\dbhomeXE\bin;E:\oracle21\ORACL\bin;C:\Dossier_Oracle21c\Oracle21c\bin;C:\WINDOWS\system32;C:\WINDOWS;C:\WINDOWS\System32\Wbem;C:\WINDOWS\System32\WindowsPowerShell\v1.0\;C:\WINDOWS\System32\OpenSSH\;C:\appliiiiiii\flutter_windows_3.35.7-stable.zip\flutter\bin;C:\Program Files\Docker\Docker\resources\bin;C:\Program Files\Git\cmd;C:\Program Files\nodejs\;C:\Program Files\Apache\maven\bin;C:\Program Files\MySQL\MySQL Shell 8.0\bin\;C:\Users\HP\AppData\Local\Programs\Python\Python313\Scripts\;C:\Users\HP\AppData\Local\Programs\Python\Python313\;C:\Users\HP\AppData\Local\Programs\Python\Launcher\;C:\Users\HP\AppData\Local\Microsoft\WindowsApps;C:\Users\HP\AppData\Local\Programs\Microsoft VS Code\bin;C:\Users\HP\AppData\Local\Python\bin;C:\Users\HP\AppData\Roaming\npm;C:\Program Files\Java\jdk-25\bin;C:\Maven\apache-maven-3.9.15\bin;D:\Nouveau dossier\Antigravity\bin
USERNAME=HP
OS=Windows_NT
PROCESSOR_IDENTIFIER=Intel64 Family 6 Model 186 Stepping 3, GenuineIntel
TMP=C:\Users\HP\AppData\Local\Temp
TEMP=C:\Users\HP\AppData\Local\Temp




Periodic native trim disabled

---------------  S Y S T E M  ---------------

OS:
 Windows 11 , 64 bit Build 26100 (10.0.26100.8246)
OS uptime: 0 days 0:34 hours
Hyper-V role detected

CPU: total 12 (initial active 12) (6 cores per cpu, 2 threads per core) family 6 model 186 stepping 3 microcode 0x4121, cx8, cmov, fxsr, ht, mmx, 3dnowpref, sse, sse2, sse3, ssse3, sse4.1, sse4.2, popcnt, lzcnt, tsc, tscinvbit, avx, avx2, aes, erms, clmul, bmi1, bmi2, adx, sha, fma, vzeroupper, clflush, clflushopt, clwb, hv, serialize, rdtscp, rdpid, fsrm, f16c, cet_ibt, cet_ss
Processor Information for processor 0
  Max Mhz: 1300, Current Mhz: 1300, Mhz Limit: 1300
Processor Information for processor 1
  Max Mhz: 1300, Current Mhz: 1300, Mhz Limit: 1300
Processor Information for processor 2
  Max Mhz: 1300, Current Mhz: 1300, Mhz Limit: 1300
Processor Information for processor 3
  Max Mhz: 1300, Current Mhz: 1300, Mhz Limit: 1300
Processor Information for processor 4
  Max Mhz: 1300, Current Mhz: 900, Mhz Limit: 897
Processor Information for processor 5
  Max Mhz: 1300, Current Mhz: 900, Mhz Limit: 897
Processor Information for processor 6
  Max Mhz: 1300, Current Mhz: 900, Mhz Limit: 897
Processor Information for processor 7
  Max Mhz: 1300, Current Mhz: 900, Mhz Limit: 897
Processor Information for processor 8
  Max Mhz: 1300, Current Mhz: 900, Mhz Limit: 897
Processor Information for processor 9
  Max Mhz: 1300, Current Mhz: 900, Mhz Limit: 897
Processor Information for processor 10
  Max Mhz: 1300, Current Mhz: 900, Mhz Limit: 897
Processor Information for processor 11
  Max Mhz: 1300, Current Mhz: 900, Mhz Limit: 897

Memory: 4k page, system-wide physical 7835M (596M free)
TotalPageFile size 13835M (AvailPageFile size 0M)
current process WorkingSet (physical memory assigned to process): 385M, peak: 406M
current process commit charge ("private bytes"): 626M, peak: 628M

vm_info: OpenJDK 64-Bit Server VM (21.0.10+7-LTS) for windows-amd64 JRE (21.0.10+7-LTS), built on 2026-01-20T00:00:00Z by "admin" with MS VC++ 17.12 (VS2022)

END.
