#
# There is insufficient memory for the Java Runtime Environment to continue.
# Native memory allocation (malloc) failed to allocate 2861248 bytes. Error detail: Chunk::new
# Possible reasons:
#   The system is out of physical RAM or swap space
#   This process is running with CompressedOops enabled, and the Java Heap may be blocking the growth of the native heap
# Possible solutions:
#   Reduce memory load on the system
#   Increase physical memory or swap space
#   Check if swap backing store is full
#   Decrease Java heap size (-Xmx/-Xms)
#   Decrease number of Java threads
#   Decrease Java thread stack sizes (-Xss)
#   Set larger code cache with -XX:ReservedCodeCacheSize=
#   JVM is running with Zero Based Compressed Oops mode in which the Java heap is
#     placed in the first 32GB address space. The Java Heap base address is the
#     maximum limit for the native heap growth. Please use -XX:HeapBaseMinAddress
#     to set the Java Heap base and to place the Java Heap above 32GB virtual address.
# This output file may be truncated or incomplete.
#
#  Out of Memory Error (arena.cpp:168), pid=3540, tid=13496
#
# JRE version: OpenJDK Runtime Environment Temurin-21.0.10+7 (21.0.10+7) (build 21.0.10+7-LTS)
# Java VM: OpenJDK 64-Bit Server VM Temurin-21.0.10+7 (21.0.10+7-LTS, mixed mode, sharing, tiered, compressed oops, compressed class ptrs, g1 gc, windows-amd64)
# No core dump will be written. Minidumps are not enabled by default on client versions of Windows
#

---------------  S U M M A R Y ------------

Command Line: --add-opens=java.base/java.lang=ALL-UNNAMED --add-opens=java.base/java.lang.invoke=ALL-UNNAMED --add-opens=java.base/java.util=ALL-UNNAMED --add-opens=java.prefs/java.util.prefs=ALL-UNNAMED --add-exports=jdk.compiler/com.sun.tools.javac.api=ALL-UNNAMED --add-exports=jdk.compiler/com.sun.tools.javac.util=ALL-UNNAMED --add-opens=java.base/java.util=ALL-UNNAMED --add-opens=java.prefs/java.util.prefs=ALL-UNNAMED --add-opens=java.base/java.nio.charset=ALL-UNNAMED --add-opens=java.base/java.net=ALL-UNNAMED --add-opens=java.base/java.util.concurrent.atomic=ALL-UNNAMED --add-opens=java.xml/javax.xml.namespace=ALL-UNNAMED -XX:MaxMetaspaceSize=4G -XX:ReservedCodeCacheSize=512m -XX:+HeapDumpOnOutOfMemoryError -Xmx8G -Dfile.encoding=UTF-8 -Duser.country=FR -Duser.language=fr -Duser.variant -javaagent:C:\Users\HP\.gradle\wrapper\dists\gradle-8.14-all\c2qonpi39x1mddn7hk5gh9iqj\gradle-8.14\lib\agents\gradle-instrumentation-agent-8.14.jar org.gradle.launcher.daemon.bootstrap.GradleDaemon 8.14

Host: 13th Gen Intel(R) Core(TM) i5-1335U, 12 cores, 7G,  Windows 11 , 64 bit Build 26100 (10.0.26100.8246)
Time: Sat Apr 25 17:04:21 2026 Greenwich elapsed time: 17.188537 seconds (0d 0h 0m 17s)

---------------  T H R E A D  ---------------

Current thread (0x000001f5ffbb61b0):  JavaThread "C2 CompilerThread1" daemon [_thread_in_native, id=13496, stack(0x0000002af6100000,0x0000002af6200000) (1024K)]


Current CompileTask:
C2:17188 5960 %     4       org.objectweb.asm.ClassReader::readCode @ 92 (5117 bytes)

Stack: [0x0000002af6100000,0x0000002af6200000]
Native frames: (J=compiled Java code, j=interpreted, Vv=VM code, C=native code)
V  [jvm.dll+0x6d7a39]
V  [jvm.dll+0x8b4b26]
V  [jvm.dll+0x8b70de]
V  [jvm.dll+0x8b77c3]
V  [jvm.dll+0x284346]
V  [jvm.dll+0xc66ed]
V  [jvm.dll+0xc6c31]
V  [jvm.dll+0x3bec3b]
V  [jvm.dll+0x38b162]
V  [jvm.dll+0x38a5aa]
V  [jvm.dll+0x24c560]
V  [jvm.dll+0x24bb40]
V  [jvm.dll+0x1cb34e]
V  [jvm.dll+0x25b85d]
V  [jvm.dll+0x259dea]
V  [jvm.dll+0x3f857e]
V  [jvm.dll+0x85f59d]
V  [jvm.dll+0x6d626d]
C  [ucrtbase.dll+0x37b0]
C  [KERNEL32.DLL+0x2e8d7]
C  [ntdll.dll+0x8c3fc]


---------------  P R O C E S S  ---------------

Threads class SMR info:
_java_thread_list=0x000001f5f454ca60, length=43, elements={
0x000001f5fb0573d0, 0x000001f5ffb8b450, 0x000001f5ffb8ee40, 0x000001f5ffb97900,
0x000001f5ffb94b10, 0x000001f5ffb95830, 0x000001f5ffb951a0, 0x000001f5ffba08e0,
0x000001f5ffbb5ae0, 0x000001f5ffb95ec0, 0x000001f5ffb96550, 0x000001f5ffb94480,
0x000001f5ffb97270, 0x000001f5f2601150, 0x000001f5f26017e0, 0x000001f5f2601e70,
0x000001f5f2602b90, 0x000001f5f25ff710, 0x000001f5f2602500, 0x000001f5f2603220,
0x000001f5f25ffda0, 0x000001f5f26038b0, 0x000001f5f2600430, 0x000001f5f2603f40,
0x000001f5f26045d0, 0x000001f5f2604c60, 0x000001f5f2605980, 0x000001f5f26052f0,
0x000001f5f2606010, 0x000001f5f26066a0, 0x000001f5f2baa5a0, 0x000001f5f2bab950,
0x000001f5f2bab2c0, 0x000001f5f2bacd00, 0x000001f5f2bad390, 0x000001f5f2bae0b0,
0x000001f5f2babfe0, 0x000001f5f2baac30, 0x000001f5f2bb0ea0, 0x000001f5f2bafaf0,
0x000001f5f2bb0810, 0x000001f5f2baf460, 0x000001f5ffbb61b0
}

Java Threads: ( => current thread )
  0x000001f5fb0573d0 JavaThread "main"                              [_thread_blocked, id=3732, stack(0x0000002af2f00000,0x0000002af3000000) (1024K)]
  0x000001f5ffb8b450 JavaThread "Reference Handler"          daemon [_thread_blocked, id=6656, stack(0x0000002af3700000,0x0000002af3800000) (1024K)]
  0x000001f5ffb8ee40 JavaThread "Finalizer"                  daemon [_thread_blocked, id=11612, stack(0x0000002af3800000,0x0000002af3900000) (1024K)]
  0x000001f5ffb97900 JavaThread "Signal Dispatcher"          daemon [_thread_blocked, id=12036, stack(0x0000002af3900000,0x0000002af3a00000) (1024K)]
  0x000001f5ffb94b10 JavaThread "Attach Listener"            daemon [_thread_blocked, id=20980, stack(0x0000002af3a00000,0x0000002af3b00000) (1024K)]
  0x000001f5ffb95830 JavaThread "Service Thread"             daemon [_thread_blocked, id=3932, stack(0x0000002af3b00000,0x0000002af3c00000) (1024K)]
  0x000001f5ffb951a0 JavaThread "Monitor Deflation Thread"   daemon [_thread_blocked, id=5532, stack(0x0000002af3c00000,0x0000002af3d00000) (1024K)]
  0x000001f5ffba08e0 JavaThread "C2 CompilerThread0"         daemon [_thread_in_native, id=9888, stack(0x0000002af3d00000,0x0000002af3e00000) (1024K)]
  0x000001f5ffbb5ae0 JavaThread "C1 CompilerThread0"         daemon [_thread_blocked, id=6364, stack(0x0000002af3e00000,0x0000002af3f00000) (1024K)]
  0x000001f5ffb95ec0 JavaThread "Common-Cleaner"             daemon [_thread_blocked, id=20116, stack(0x0000002af3f00000,0x0000002af4000000) (1024K)]
  0x000001f5ffb96550 JavaThread "Notification Thread"        daemon [_thread_blocked, id=18680, stack(0x0000002af4000000,0x0000002af4100000) (1024K)]
  0x000001f5ffb94480 JavaThread "Daemon health stats"               [_thread_blocked, id=7204, stack(0x0000002af4600000,0x0000002af4700000) (1024K)]
  0x000001f5ffb97270 JavaThread "Incoming local TCP Connector on port 61723"        [_thread_in_native, id=4192, stack(0x0000002af4b00000,0x0000002af4c00000) (1024K)]
  0x000001f5f2601150 JavaThread "Daemon periodic checks"            [_thread_blocked, id=21328, stack(0x0000002af4c00000,0x0000002af4d00000) (1024K)]
  0x000001f5f26017e0 JavaThread "Daemon"                            [_thread_blocked, id=1320, stack(0x0000002af4d00000,0x0000002af4e00000) (1024K)]
  0x000001f5f2601e70 JavaThread "Handler for socket connection from /127.0.0.1:61723 to /127.0.0.1:61724"        [_thread_in_native, id=21080, stack(0x0000002af4e00000,0x0000002af4f00000) (1024K)]
  0x000001f5f2602b90 JavaThread "Cancel handler"                    [_thread_blocked, id=16020, stack(0x0000002af4f00000,0x0000002af5000000) (1024K)]
  0x000001f5f25ff710 JavaThread "Daemon worker"                     [_thread_in_native, id=16128, stack(0x0000002af5000000,0x0000002af5100000) (1024K)]
  0x000001f5f2602500 JavaThread "Asynchronous log dispatcher for DefaultDaemonConnection: socket connection from /127.0.0.1:61723 to /127.0.0.1:61724"        [_thread_blocked, id=19896, stack(0x0000002af5100000,0x0000002af5200000) (1024K)]
  0x000001f5f2603220 JavaThread "Stdin handler"                     [_thread_blocked, id=15236, stack(0x0000002af5200000,0x0000002af5300000) (1024K)]
  0x000001f5f25ffda0 JavaThread "Daemon client event forwarder"        [_thread_blocked, id=21204, stack(0x0000002af5300000,0x0000002af5400000) (1024K)]
  0x000001f5f26038b0 JavaThread "Cache worker for journal cache (C:\Users\HP\.gradle\caches\journal-1)"        [_thread_blocked, id=9556, stack(0x0000002af4300000,0x0000002af4400000) (1024K)]
  0x000001f5f2600430 JavaThread "File lock request listener"        [_thread_in_native, id=3504, stack(0x0000002af5400000,0x0000002af5500000) (1024K)]
  0x000001f5f2603f40 JavaThread "Cache worker for file hash cache (C:\Users\HP\.gradle\caches\8.14\fileHashes)"        [_thread_blocked, id=19652, stack(0x0000002af5500000,0x0000002af5600000) (1024K)]
  0x000001f5f26045d0 JavaThread "Cache worker for file hash cache (C:\Users\HP\Downloads\INTER\android\android\.gradle\8.14\fileHashes)"        [_thread_blocked, id=15516, stack(0x0000002af5a00000,0x0000002af5b00000) (1024K)]
  0x000001f5f2604c60 JavaThread "Cache worker for Build Output Cleanup Cache (C:\Users\HP\Downloads\INTER\android\android\.gradle\buildOutputCleanup)"        [_thread_blocked, id=8684, stack(0x0000002af5b00000,0x0000002af5c00000) (1024K)]
  0x000001f5f2605980 JavaThread "File watcher server"        daemon [_thread_in_native, id=15860, stack(0x0000002af5c00000,0x0000002af5d00000) (1024K)]
  0x000001f5f26052f0 JavaThread "File watcher consumer"      daemon [_thread_blocked, id=20904, stack(0x0000002af5d00000,0x0000002af5e00000) (1024K)]
  0x000001f5f2606010 JavaThread "jar transforms"                    [_thread_blocked, id=4488, stack(0x0000002af5e00000,0x0000002af5f00000) (1024K)]
  0x000001f5f26066a0 JavaThread "jar transforms Thread 2"           [_thread_blocked, id=5324, stack(0x0000002af5f00000,0x0000002af6000000) (1024K)]
  0x000001f5f2baa5a0 JavaThread "jar transforms Thread 3"           [_thread_blocked, id=21160, stack(0x0000002af6000000,0x0000002af6100000) (1024K)]
  0x000001f5f2bab950 JavaThread "jar transforms Thread 4"           [_thread_blocked, id=19068, stack(0x0000002af6200000,0x0000002af6300000) (1024K)]
  0x000001f5f2bab2c0 JavaThread "jar transforms Thread 5"           [_thread_blocked, id=4132, stack(0x0000002af5600000,0x0000002af5700000) (1024K)]
  0x000001f5f2bacd00 JavaThread "Cache worker for checksums cache (C:\Users\HP\Downloads\INTER\android\android\.gradle\8.14\checksums)"        [_thread_blocked, id=15536, stack(0x0000002af6300000,0x0000002af6400000) (1024K)]
  0x000001f5f2bad390 JavaThread "Cache worker for file content cache (C:\Users\HP\.gradle\caches\8.14\fileContent)"        [_thread_blocked, id=5108, stack(0x0000002af6400000,0x0000002af6500000) (1024K)]
  0x000001f5f2bae0b0 JavaThread "jar transforms Thread 6"           [_thread_blocked, id=11080, stack(0x0000002af6500000,0x0000002af6600000) (1024K)]
  0x000001f5f2babfe0 JavaThread "jar transforms Thread 7"           [_thread_blocked, id=10128, stack(0x0000002af6600000,0x0000002af6700000) (1024K)]
  0x000001f5f2baac30 JavaThread "jar transforms Thread 8"           [_thread_blocked, id=16180, stack(0x0000002af6700000,0x0000002af6800000) (1024K)]
  0x000001f5f2bb0ea0 JavaThread "jar transforms Thread 9"           [_thread_blocked, id=15432, stack(0x0000002af6800000,0x0000002af6900000) (1024K)]
  0x000001f5f2bafaf0 JavaThread "jar transforms Thread 10"          [_thread_blocked, id=18468, stack(0x0000002af6900000,0x0000002af6a00000) (1024K)]
  0x000001f5f2bb0810 JavaThread "jar transforms Thread 11"          [_thread_blocked, id=15580, stack(0x0000002af6a00000,0x0000002af6b00000) (1024K)]
  0x000001f5f2baf460 JavaThread "jar transforms Thread 12"          [_thread_blocked, id=20704, stack(0x0000002af6b00000,0x0000002af6c00000) (1024K)]
=>0x000001f5ffbb61b0 JavaThread "C2 CompilerThread1"         daemon [_thread_in_native, id=13496, stack(0x0000002af6100000,0x0000002af6200000) (1024K)]
Total: 43

Other Threads:
  0x000001f5ffb6fd60 VMThread "VM Thread"                           [id=9636, stack(0x0000002af3600000,0x0000002af3700000) (1024K)]
  0x000001f5ffb5e8d0 WatcherThread "VM Periodic Task Thread"        [id=15208, stack(0x0000002af3500000,0x0000002af3600000) (1024K)]
  0x000001f5fb0ffbe0 WorkerThread "GC Thread#0"                     [id=20824, stack(0x0000002af3000000,0x0000002af3100000) (1024K)]
  0x000001f5ab959eb0 WorkerThread "GC Thread#1"                     [id=5760, stack(0x0000002af4100000,0x0000002af4200000) (1024K)]
  0x000001f5ab9eb3e0 WorkerThread "GC Thread#2"                     [id=8000, stack(0x0000002af4200000,0x0000002af4300000) (1024K)]
  0x000001f5f1748f30 WorkerThread "GC Thread#3"                     [id=10064, stack(0x0000002af4400000,0x0000002af4500000) (1024K)]
  0x000001f5f1bb03f0 WorkerThread "GC Thread#4"                     [id=19136, stack(0x0000002af4500000,0x0000002af4600000) (1024K)]
  0x000001f5f26922e0 WorkerThread "GC Thread#5"                     [id=13232, stack(0x0000002af4700000,0x0000002af4800000) (1024K)]
  0x000001f5f2695ee0 WorkerThread "GC Thread#6"                     [id=18956, stack(0x0000002af4800000,0x0000002af4900000) (1024K)]
  0x000001f5f26966a0 WorkerThread "GC Thread#7"                     [id=2452, stack(0x0000002af4900000,0x0000002af4a00000) (1024K)]
  0x000001f5f2696a50 WorkerThread "GC Thread#8"                     [id=7864, stack(0x0000002af4a00000,0x0000002af4b00000) (1024K)]
  0x000001f5f2731660 WorkerThread "GC Thread#9"                     [id=20228, stack(0x0000002af5700000,0x0000002af5800000) (1024K)]
  0x000001f5ff9c8430 ConcurrentGCThread "G1 Main Marker"            [id=6132, stack(0x0000002af3100000,0x0000002af3200000) (1024K)]
  0x000001f5ff9c9a10 WorkerThread "G1 Conc#0"                       [id=19024, stack(0x0000002af3200000,0x0000002af3300000) (1024K)]
  0x000001f5f4f1dc10 WorkerThread "G1 Conc#1"                       [id=21016, stack(0x0000002af5800000,0x0000002af5900000) (1024K)]
  0x000001f5f4f1ead0 WorkerThread "G1 Conc#2"                       [id=6764, stack(0x0000002af5900000,0x0000002af5a00000) (1024K)]
  0x000001f5ffa23630 ConcurrentGCThread "G1 Refine#0"               [id=20968, stack(0x0000002af3300000,0x0000002af3400000) (1024K)]
  0x000001f5ffa23f60 ConcurrentGCThread "G1 Service"                [id=12004, stack(0x0000002af3400000,0x0000002af3500000) (1024K)]
Total: 18

Threads with active compile tasks:
C2 CompilerThread0  17234 5959       4       org.objectweb.asm.SymbolTable::addConstantUtf8 (98 bytes)
C2 CompilerThread1  17234 5960 %     4       org.objectweb.asm.ClassReader::readCode @ 92 (5117 bytes)
Total: 2

VM state: not at safepoint (normal execution)

VM Mutex/Monitor currently owned by a thread: None

Heap address: 0x0000000600000000, size: 8192 MB, Compressed Oops mode: Zero based, Oop shift amount: 3

CDS archive(s) mapped at: [0x000001f5ac000000-0x000001f5acba0000-0x000001f5acba0000), size 12189696, SharedBaseAddress: 0x000001f5ac000000, ArchiveRelocationMode: 1.
Compressed class space mapped at: 0x000001f5ad000000-0x000001f5ed000000, reserved size: 1073741824
Narrow klass base: 0x000001f5ac000000, Narrow klass shift: 0, Narrow klass range: 0x100000000

GC Precious Log:
 CardTable entry size: 512
 Card Set container configuration: InlinePtr #cards 4 size 8 Array Of Cards #cards 32 size 80 Howl #buckets 8 coarsen threshold 7372 Howl Bitmap #cards 1024 size 144 coarsen threshold 921 Card regions per heap region 1 cards per card region 8192
 CPUs: 12 total, 12 available
 Memory: 7835M
 Large Page Support: Disabled
 NUMA Support: Disabled
 Compressed Oops: Enabled (Zero based)
 Heap Region Size: 4M
 Heap Min Capacity: 8M
 Heap Initial Capacity: 124M
 Heap Max Capacity: 8G
 Pre-touch: Disabled
 Parallel Workers: 10
 Concurrent Workers: 3
 Concurrent Refinement Workers: 10
 Periodic GC: Disabled

Heap:
 garbage-first heap   total 159744K, used 95454K [0x0000000600000000, 0x0000000800000000)
  region size 4096K, 16 young (65536K), 2 survivors (8192K)
 Metaspace       used 41844K, committed 43136K, reserved 1114112K
  class space    used 5781K, committed 6400K, reserved 1048576K

Heap Regions: E=young(eden), S=young(survivor), O=old, HS=humongous(starts), HC=humongous(continues), CS=collection set, F=free, TAMS=top-at-mark-start, PB=parsable bottom
|   0|0x0000000600000000, 0x0000000600400000, 0x0000000600400000|100%|HS|  |TAMS 0x0000000600000000| PB 0x0000000600000000| Complete 
|   1|0x0000000600400000, 0x0000000600800000, 0x0000000600800000|100%| O|  |TAMS 0x0000000600400000| PB 0x0000000600400000| Untracked 
|   2|0x0000000600800000, 0x0000000600c00000, 0x0000000600c00000|100%| O|  |TAMS 0x0000000600800000| PB 0x0000000600800000| Untracked 
|   3|0x0000000600c00000, 0x0000000601000000, 0x0000000601000000|100%| O|  |TAMS 0x0000000600c00000| PB 0x0000000600c00000| Untracked 
|   4|0x0000000601000000, 0x0000000601400000, 0x0000000601400000|100%| O|  |TAMS 0x0000000601000000| PB 0x0000000601000000| Untracked 
|   5|0x0000000601400000, 0x000000060174d6c0, 0x0000000601800000| 82%| O|  |TAMS 0x0000000601400000| PB 0x0000000601400000| Untracked 
|   6|0x0000000601800000, 0x0000000601c00000, 0x0000000601c00000|100%| O|  |TAMS 0x0000000601800000| PB 0x0000000601800000| Untracked 
|   7|0x0000000601c00000, 0x0000000602000000, 0x0000000602000000|100%| O|  |TAMS 0x0000000601c00000| PB 0x0000000601c00000| Untracked 
|   8|0x0000000602000000, 0x0000000602400000, 0x0000000602400000|100%| O|  |TAMS 0x0000000602000000| PB 0x0000000602000000| Untracked 
|   9|0x0000000602400000, 0x0000000602400000, 0x0000000602800000|  0%| F|  |TAMS 0x0000000602400000| PB 0x0000000602400000| Untracked 
|  10|0x0000000602800000, 0x0000000602800000, 0x0000000602c00000|  0%| F|  |TAMS 0x0000000602800000| PB 0x0000000602800000| Untracked 
|  11|0x0000000602c00000, 0x0000000602c00000, 0x0000000603000000|  0%| F|  |TAMS 0x0000000602c00000| PB 0x0000000602c00000| Untracked 
|  12|0x0000000603000000, 0x0000000603000000, 0x0000000603400000|  0%| F|  |TAMS 0x0000000603000000| PB 0x0000000603000000| Untracked 
|  13|0x0000000603400000, 0x0000000603400000, 0x0000000603800000|  0%| F|  |TAMS 0x0000000603400000| PB 0x0000000603400000| Untracked 
|  14|0x0000000603800000, 0x00000006039ea2d8, 0x0000000603c00000| 47%| S|CS|TAMS 0x0000000603800000| PB 0x0000000603800000| Complete 
|  15|0x0000000603c00000, 0x0000000604000000, 0x0000000604000000|100%| S|CS|TAMS 0x0000000603c00000| PB 0x0000000603c00000| Complete 
|  16|0x0000000604000000, 0x0000000604000000, 0x0000000604400000|  0%| F|  |TAMS 0x0000000604000000| PB 0x0000000604000000| Untracked 
|  17|0x0000000604400000, 0x0000000604400000, 0x0000000604800000|  0%| F|  |TAMS 0x0000000604400000| PB 0x0000000604400000| Untracked 
|  18|0x0000000604800000, 0x0000000604800000, 0x0000000604c00000|  0%| F|  |TAMS 0x0000000604800000| PB 0x0000000604800000| Untracked 
|  19|0x0000000604c00000, 0x0000000604c00000, 0x0000000605000000|  0%| F|  |TAMS 0x0000000604c00000| PB 0x0000000604c00000| Untracked 
|  20|0x0000000605000000, 0x0000000605000000, 0x0000000605400000|  0%| F|  |TAMS 0x0000000605000000| PB 0x0000000605000000| Untracked 
|  21|0x0000000605400000, 0x0000000605400000, 0x0000000605800000|  0%| F|  |TAMS 0x0000000605400000| PB 0x0000000605400000| Untracked 
|  22|0x0000000605800000, 0x0000000605800000, 0x0000000605c00000|  0%| F|  |TAMS 0x0000000605800000| PB 0x0000000605800000| Untracked 
|  23|0x0000000605c00000, 0x0000000605c00000, 0x0000000606000000|  0%| F|  |TAMS 0x0000000605c00000| PB 0x0000000605c00000| Untracked 
|  24|0x0000000606000000, 0x0000000606000000, 0x0000000606400000|  0%| F|  |TAMS 0x0000000606000000| PB 0x0000000606000000| Untracked 
|  25|0x0000000606400000, 0x000000060675a8a8, 0x0000000606800000| 83%| E|  |TAMS 0x0000000606400000| PB 0x0000000606400000| Complete 
|  26|0x0000000606800000, 0x0000000606c00000, 0x0000000606c00000|100%| E|CS|TAMS 0x0000000606800000| PB 0x0000000606800000| Complete 
|  27|0x0000000606c00000, 0x0000000607000000, 0x0000000607000000|100%| E|CS|TAMS 0x0000000606c00000| PB 0x0000000606c00000| Complete 
|  28|0x0000000607000000, 0x0000000607400000, 0x0000000607400000|100%| E|CS|TAMS 0x0000000607000000| PB 0x0000000607000000| Complete 
|  29|0x0000000607400000, 0x0000000607800000, 0x0000000607800000|100%| E|CS|TAMS 0x0000000607400000| PB 0x0000000607400000| Complete 
|  30|0x0000000607800000, 0x0000000607c00000, 0x0000000607c00000|100%| E|CS|TAMS 0x0000000607800000| PB 0x0000000607800000| Complete 
|  31|0x0000000607c00000, 0x0000000608000000, 0x0000000608000000|100%| E|CS|TAMS 0x0000000607c00000| PB 0x0000000607c00000| Complete 
|  32|0x0000000608000000, 0x0000000608400000, 0x0000000608400000|100%| E|CS|TAMS 0x0000000608000000| PB 0x0000000608000000| Complete 
|  33|0x0000000608400000, 0x0000000608800000, 0x0000000608800000|100%| E|CS|TAMS 0x0000000608400000| PB 0x0000000608400000| Complete 
|  34|0x0000000608800000, 0x0000000608c00000, 0x0000000608c00000|100%| E|CS|TAMS 0x0000000608800000| PB 0x0000000608800000| Complete 
|  35|0x0000000608c00000, 0x0000000609000000, 0x0000000609000000|100%| E|CS|TAMS 0x0000000608c00000| PB 0x0000000608c00000| Complete 
|  36|0x0000000609000000, 0x0000000609400000, 0x0000000609400000|100%| E|CS|TAMS 0x0000000609000000| PB 0x0000000609000000| Complete 
|  37|0x0000000609400000, 0x0000000609800000, 0x0000000609800000|100%| E|CS|TAMS 0x0000000609400000| PB 0x0000000609400000| Complete 
|  38|0x0000000609800000, 0x0000000609c00000, 0x0000000609c00000|100%| E|CS|TAMS 0x0000000609800000| PB 0x0000000609800000| Complete 

Card table byte_map: [0x000001f5a0000000,0x000001f5a1000000] _byte_map_base: 0x000001f59d000000

Marking Bits: (CMBitMap*) 0x000001f5fb101210
 Bits: [0x000001f5a1000000, 0x000001f5a9000000)

Polling page: 0x000001f5f8df0000

Metaspace:

Usage:
  Non-class:     35.22 MB used.
      Class:      5.65 MB used.
       Both:     40.86 MB used.

Virtual space:
  Non-class space:       64.00 MB reserved,      35.88 MB ( 56%) committed,  1 nodes.
      Class space:        1.00 GB reserved,       6.25 MB ( <1%) committed,  1 nodes.
             Both:        1.06 GB reserved,      42.12 MB (  4%) committed. 

Chunk freelists:
   Non-Class:  12.05 MB
       Class:  9.78 MB
        Both:  21.83 MB

MaxMetaspaceSize: 4.00 GB
CompressedClassSpaceSize: 1.00 GB
Initial GC threshold: 21.00 MB
Current GC threshold: 59.38 MB
CDS: on
 - commit_granule_bytes: 65536.
 - commit_granule_words: 8192.
 - virtual_space_node_default_size: 8388608.
 - enlarge_chunks_in_place: 1.
 - use_allocation_guard: 0.


Internal statistics:

num_allocs_failed_limit: 9.
num_arena_births: 2064.
num_arena_deaths: 0.
num_vsnodes_births: 2.
num_vsnodes_deaths: 0.
num_space_committed: 674.
num_space_uncommitted: 0.
num_chunks_returned_to_freelist: 9.
num_chunks_taken_from_freelist: 3828.
num_chunk_merges: 6.
num_chunk_splits: 2508.
num_chunks_enlarged: 1582.
num_inconsistent_stats: 0.

CodeHeap 'non-profiled nmethods': size=259264Kb used=4153Kb max_used=4153Kb free=255110Kb
 bounds [0x000001f5902d0000, 0x000001f5906e0000, 0x000001f5a0000000]
CodeHeap 'profiled nmethods': size=259264Kb used=11219Kb max_used=11219Kb free=248045Kb
 bounds [0x000001f580000000, 0x000001f580b00000, 0x000001f58fd30000]
CodeHeap 'non-nmethods': size=5760Kb used=2577Kb max_used=2652Kb free=3182Kb
 bounds [0x000001f58fd30000, 0x000001f58ffe0000, 0x000001f5902d0000]
CodeCache: size=524288Kb, used=17949Kb, max_used=18024Kb, free=506337Kb
 total_blobs=6295, nmethods=5447, adapters=751, full_count=0
Compilation: enabled, stopped_count=0, restarted_count=0

Compilation events (20 events):
Event: 16.067 Thread 0x000001f5ffbb5ae0 nmethod 5968% 0x000001f580ac1c10 code [0x000001f580ac2800, 0x000001f580ac9d00]
Event: 16.067 Thread 0x000001f5ffbb5ae0 5969       2       org.objectweb.asm.Context::<init> (5 bytes)
Event: 16.068 Thread 0x000001f5ffbb5ae0 nmethod 5969 0x000001f580acd410 code [0x000001f580acd5a0, 0x000001f580acd6a8]
Event: 16.068 Thread 0x000001f5ffbb5ae0 5970       3       org.objectweb.asm.commons.AnnotationRemapper::visit (18 bytes)
Event: 16.069 Thread 0x000001f5ffbb5ae0 nmethod 5970 0x000001f580acd710 code [0x000001f580acd8e0, 0x000001f580acdda8]
Event: 16.069 Thread 0x000001f5ffbb5ae0 5971       3       org.objectweb.asm.AnnotationWriter::visit (935 bytes)
Event: 16.073 Thread 0x000001f5ffbb5ae0 nmethod 5971 0x000001f580acdf90 code [0x000001f580ace680, 0x000001f580ad24e0]
Event: 16.093 Thread 0x000001f5ffbb5ae0 5973 %     3       org.objectweb.asm.ClassReader::accept @ 194 (1419 bytes)
Event: 16.109 Thread 0x000001f5ffbb5ae0 nmethod 5973% 0x000001f580ad3b10 code [0x000001f580ad4700, 0x000001f580adbde0]
Event: 16.121 Thread 0x000001f5ffbb5ae0 5974       3       org.objectweb.asm.MethodVisitor::visitParameterAnnotation (20 bytes)
Event: 16.121 Thread 0x000001f5ffbb5ae0 nmethod 5974 0x000001f580adf510 code [0x000001f580adf6c0, 0x000001f580adf900]
Event: 16.130 Thread 0x000001f5ffbb5ae0 5975       3       org.objectweb.asm.ClassReader::accept (1419 bytes)
Event: 16.143 Thread 0x000001f5ffbb5ae0 nmethod 5975 0x000001f580adfa10 code [0x000001f580ae05e0, 0x000001f580ae76e0]
Event: 16.171 Thread 0x000001f5ffbb5ae0 5977       3       org.objectweb.asm.MethodWriter::visitParameterAnnotation (90 bytes)
Event: 16.172 Thread 0x000001f5ffbb5ae0 nmethod 5977 0x000001f580aead10 code [0x000001f580aeaf20, 0x000001f580aeb7a0]
Event: 16.172 Thread 0x000001f5ffbb5ae0 5978       3       org.objectweb.asm.commons.MethodRemapper::visitParameterAnnotation (34 bytes)
Event: 16.172 Thread 0x000001f5ffbb5ae0 nmethod 5978 0x000001f580aeba10 code [0x000001f580aebc40, 0x000001f580aec2c0]
Event: 16.182 Thread 0x000001f5ffbb5ae0 5979       3       org.objectweb.asm.commons.ClassRemapper::visitAnnotation (29 bytes)
Event: 17.185 Thread 0x000001f5ffbb5ae0 nmethod 5979 0x000001f580aec610 code [0x000001f580aec840, 0x000001f580aecf18]
Event: 17.185 Thread 0x000001f5ffbb5ae0 5980       2       javax.management.ObjectName::construct (1135 bytes)

GC Heap History (20 events):
Event: 13.091 GC heap before
{Heap before GC invocations=15 (full 0):
 garbage-first heap   total 106496K, used 95260K [0x0000000600000000, 0x0000000800000000)
  region size 4096K, 15 young (61440K), 1 survivors (4096K)
 Metaspace       used 41711K, committed 43008K, reserved 1114112K
  class space    used 5766K, committed 6400K, reserved 1048576K
}
Event: 13.094 GC heap after
{Heap after GC invocations=16 (full 0):
 garbage-first heap   total 106496K, used 38032K [0x0000000600000000, 0x0000000800000000)
  region size 4096K, 1 young (4096K), 1 survivors (4096K)
 Metaspace       used 41711K, committed 43008K, reserved 1114112K
  class space    used 5766K, committed 6400K, reserved 1048576K
}
Event: 13.372 GC heap before
{Heap before GC invocations=16 (full 0):
 garbage-first heap   total 106496K, used 95376K [0x0000000600000000, 0x0000000800000000)
  region size 4096K, 15 young (61440K), 1 survivors (4096K)
 Metaspace       used 41714K, committed 43008K, reserved 1114112K
  class space    used 5766K, committed 6400K, reserved 1048576K
}
Event: 13.375 GC heap after
{Heap after GC invocations=17 (full 0):
 garbage-first heap   total 131072K, used 38329K [0x0000000600000000, 0x0000000800000000)
  region size 4096K, 1 young (4096K), 1 survivors (4096K)
 Metaspace       used 41714K, committed 43008K, reserved 1114112K
  class space    used 5766K, committed 6400K, reserved 1048576K
}
Event: 13.692 GC heap before
{Heap before GC invocations=17 (full 0):
 garbage-first heap   total 131072K, used 112057K [0x0000000600000000, 0x0000000800000000)
  region size 4096K, 19 young (77824K), 1 survivors (4096K)
 Metaspace       used 41715K, committed 43008K, reserved 1114112K
  class space    used 5766K, committed 6400K, reserved 1048576K
}
Event: 13.695 GC heap after
{Heap after GC invocations=18 (full 0):
 garbage-first heap   total 131072K, used 38785K [0x0000000600000000, 0x0000000800000000)
  region size 4096K, 1 young (4096K), 1 survivors (4096K)
 Metaspace       used 41715K, committed 43008K, reserved 1114112K
  class space    used 5766K, committed 6400K, reserved 1048576K
}
Event: 14.038 GC heap before
{Heap before GC invocations=18 (full 0):
 garbage-first heap   total 131072K, used 112513K [0x0000000600000000, 0x0000000800000000)
  region size 4096K, 19 young (77824K), 1 survivors (4096K)
 Metaspace       used 41724K, committed 43008K, reserved 1114112K
  class space    used 5766K, committed 6400K, reserved 1048576K
}
Event: 14.041 GC heap after
{Heap after GC invocations=19 (full 0):
 garbage-first heap   total 131072K, used 39311K [0x0000000600000000, 0x0000000800000000)
  region size 4096K, 1 young (4096K), 1 survivors (4096K)
 Metaspace       used 41724K, committed 43008K, reserved 1114112K
  class space    used 5766K, committed 6400K, reserved 1048576K
}
Event: 14.274 GC heap before
{Heap before GC invocations=19 (full 0):
 garbage-first heap   total 131072K, used 113039K [0x0000000600000000, 0x0000000800000000)
  region size 4096K, 19 young (77824K), 1 survivors (4096K)
 Metaspace       used 41724K, committed 43008K, reserved 1114112K
  class space    used 5766K, committed 6400K, reserved 1048576K
}
Event: 14.277 GC heap after
{Heap after GC invocations=20 (full 0):
 garbage-first heap   total 131072K, used 39353K [0x0000000600000000, 0x0000000800000000)
  region size 4096K, 1 young (4096K), 1 survivors (4096K)
 Metaspace       used 41724K, committed 43008K, reserved 1114112K
  class space    used 5766K, committed 6400K, reserved 1048576K
}
Event: 14.522 GC heap before
{Heap before GC invocations=20 (full 0):
 garbage-first heap   total 131072K, used 113081K [0x0000000600000000, 0x0000000800000000)
  region size 4096K, 19 young (77824K), 1 survivors (4096K)
 Metaspace       used 41746K, committed 43008K, reserved 1114112K
  class space    used 5766K, committed 6400K, reserved 1048576K
}
Event: 14.526 GC heap after
{Heap after GC invocations=21 (full 0):
 garbage-first heap   total 131072K, used 39699K [0x0000000600000000, 0x0000000800000000)
  region size 4096K, 1 young (4096K), 1 survivors (4096K)
 Metaspace       used 41746K, committed 43008K, reserved 1114112K
  class space    used 5766K, committed 6400K, reserved 1048576K
}
Event: 14.890 GC heap before
{Heap before GC invocations=21 (full 0):
 garbage-first heap   total 131072K, used 113427K [0x0000000600000000, 0x0000000800000000)
  region size 4096K, 19 young (77824K), 1 survivors (4096K)
 Metaspace       used 41754K, committed 43008K, reserved 1114112K
  class space    used 5766K, committed 6400K, reserved 1048576K
}
Event: 14.895 GC heap after
{Heap after GC invocations=22 (full 0):
 garbage-first heap   total 131072K, used 40366K [0x0000000600000000, 0x0000000800000000)
  region size 4096K, 2 young (8192K), 2 survivors (8192K)
 Metaspace       used 41754K, committed 43008K, reserved 1114112K
  class space    used 5766K, committed 6400K, reserved 1048576K
}
Event: 15.324 GC heap before
{Heap before GC invocations=22 (full 0):
 garbage-first heap   total 131072K, used 109998K [0x0000000600000000, 0x0000000800000000)
  region size 4096K, 19 young (77824K), 2 survivors (8192K)
 Metaspace       used 41820K, committed 43136K, reserved 1114112K
  class space    used 5781K, committed 6400K, reserved 1048576K
}
Event: 15.329 GC heap after
{Heap after GC invocations=23 (full 0):
 garbage-first heap   total 159744K, used 40949K [0x0000000600000000, 0x0000000800000000)
  region size 4096K, 2 young (8192K), 2 survivors (8192K)
 Metaspace       used 41820K, committed 43136K, reserved 1114112K
  class space    used 5781K, committed 6400K, reserved 1048576K
}
Event: 15.771 GC heap before
{Heap before GC invocations=23 (full 0):
 garbage-first heap   total 159744K, used 126965K [0x0000000600000000, 0x0000000800000000)
  region size 4096K, 23 young (94208K), 2 survivors (8192K)
 Metaspace       used 41835K, committed 43136K, reserved 1114112K
  class space    used 5781K, committed 6400K, reserved 1048576K
}
Event: 15.777 GC heap after
{Heap after GC invocations=24 (full 0):
 garbage-first heap   total 159744K, used 41634K [0x0000000600000000, 0x0000000800000000)
  region size 4096K, 2 young (8192K), 2 survivors (8192K)
 Metaspace       used 41835K, committed 43136K, reserved 1114112K
  class space    used 5781K, committed 6400K, reserved 1048576K
}
Event: 16.161 GC heap before
{Heap before GC invocations=24 (full 0):
 garbage-first heap   total 159744K, used 127650K [0x0000000600000000, 0x0000000800000000)
  region size 4096K, 23 young (94208K), 2 survivors (8192K)
 Metaspace       used 41835K, committed 43136K, reserved 1114112K
  class space    used 5781K, committed 6400K, reserved 1048576K
}
Event: 16.166 GC heap after
{Heap after GC invocations=25 (full 0):
 garbage-first heap   total 159744K, used 42206K [0x0000000600000000, 0x0000000800000000)
  region size 4096K, 2 young (8192K), 2 survivors (8192K)
 Metaspace       used 41835K, committed 43136K, reserved 1114112K
  class space    used 5781K, committed 6400K, reserved 1048576K
}

Dll operation events (14 events):
Event: 0.030 Loaded shared library C:\Users\HP\.antigravity\extensions\redhat.java-1.54.0-win32-x64\jre\21.0.10-win32-x86_64\bin\java.dll
Event: 0.145 Loaded shared library C:\Users\HP\.antigravity\extensions\redhat.java-1.54.0-win32-x64\jre\21.0.10-win32-x86_64\bin\zip.dll
Event: 0.193 Loaded shared library C:\Users\HP\.antigravity\extensions\redhat.java-1.54.0-win32-x64\jre\21.0.10-win32-x86_64\bin\instrument.dll
Event: 0.205 Loaded shared library C:\Users\HP\.antigravity\extensions\redhat.java-1.54.0-win32-x64\jre\21.0.10-win32-x86_64\bin\net.dll
Event: 0.214 Loaded shared library C:\Users\HP\.antigravity\extensions\redhat.java-1.54.0-win32-x64\jre\21.0.10-win32-x86_64\bin\nio.dll
Event: 0.221 Loaded shared library C:\Users\HP\.antigravity\extensions\redhat.java-1.54.0-win32-x64\jre\21.0.10-win32-x86_64\bin\zip.dll
Event: 1.199 Loaded shared library C:\Users\HP\.antigravity\extensions\redhat.java-1.54.0-win32-x64\jre\21.0.10-win32-x86_64\bin\jimage.dll
Event: 1.915 Loaded shared library C:\Users\HP\.antigravity\extensions\redhat.java-1.54.0-win32-x64\jre\21.0.10-win32-x86_64\bin\verify.dll
Event: 2.154 Loaded shared library C:\Users\HP\.gradle\native\1def1411415f61bf3af743bc5b6707747c0891f09f0c88961ee8f79bc544acac\windows-amd64\native-platform.dll
Event: 2.188 Loaded shared library C:\Users\HP\.gradle\native\0.2.7\x86_64-windows-gnu\gradle-fileevents.dll
Event: 4.280 Loaded shared library C:\Users\HP\.antigravity\extensions\redhat.java-1.54.0-win32-x64\jre\21.0.10-win32-x86_64\bin\management.dll
Event: 4.288 Loaded shared library C:\Users\HP\.antigravity\extensions\redhat.java-1.54.0-win32-x64\jre\21.0.10-win32-x86_64\bin\management_ext.dll
Event: 4.616 Loaded shared library C:\Users\HP\.antigravity\extensions\redhat.java-1.54.0-win32-x64\jre\21.0.10-win32-x86_64\bin\extnet.dll
Event: 5.100 Loaded shared library C:\Users\HP\.antigravity\extensions\redhat.java-1.54.0-win32-x64\jre\21.0.10-win32-x86_64\bin\sunmscapi.dll

Deoptimization events (20 events):
Event: 15.678 Thread 0x000001f5f25ff710 Uncommon trap: trap_request=0xffffff45 fr.pc=0x000001f590628124 relative=0x00000000000001a4
Event: 15.678 Thread 0x000001f5f25ff710 Uncommon trap: reason=unstable_if action=reinterpret pc=0x000001f590628124 method=org.objectweb.asm.Label.accept(Lorg/objectweb/asm/MethodVisitor;Z)V @ 36 c2
Event: 15.678 Thread 0x000001f5f25ff710 DEOPT PACKING pc=0x000001f590628124 sp=0x0000002af50f72f0
Event: 15.678 Thread 0x000001f5f25ff710 DEOPT UNPACKING pc=0x000001f58fd84422 sp=0x0000002af50f72a8 mode 2
Event: 15.719 Thread 0x000001f5f25ff710 Uncommon trap: trap_request=0xfffffff4 fr.pc=0x000001f5906c2a80 relative=0x0000000000002ee0
Event: 15.719 Thread 0x000001f5f25ff710 Uncommon trap: reason=null_check action=make_not_entrant pc=0x000001f5906c2a80 method=org.gradle.api.internal.file.archive.impl.FileZipInput$1.computeNext()Lorg/gradle/api/internal/file/archive/ZipEntry; @ 19 c2
Event: 15.719 Thread 0x000001f5f25ff710 DEOPT PACKING pc=0x000001f5906c2a80 sp=0x0000002af50f7b00
Event: 15.719 Thread 0x000001f5f25ff710 DEOPT UNPACKING pc=0x000001f58fd84422 sp=0x0000002af50f7a68 mode 2
Event: 15.722 Thread 0x000001f5f25ff710 Uncommon trap: trap_request=0xffffff45 fr.pc=0x000001f5905c6d34 relative=0x0000000000000db4
Event: 15.723 Thread 0x000001f5f25ff710 Uncommon trap: reason=unstable_if action=reinterpret pc=0x000001f5905c6d34 method=org.objectweb.asm.SymbolTable.addConstantUtf8(Ljava/lang/String;)I @ 40 c2
Event: 15.723 Thread 0x000001f5f25ff710 DEOPT PACKING pc=0x000001f5905c6d34 sp=0x0000002af50f71d0
Event: 15.723 Thread 0x000001f5f25ff710 DEOPT UNPACKING pc=0x000001f58fd84422 sp=0x0000002af50f71b0 mode 2
Event: 16.044 Thread 0x000001f5f25ff710 Uncommon trap: trap_request=0xffffff45 fr.pc=0x000001f5906a6cdc relative=0x000000000000957c
Event: 16.044 Thread 0x000001f5f25ff710 Uncommon trap: reason=unstable_if action=reinterpret pc=0x000001f5906a6cdc method=org.objectweb.asm.ClassReader.accept(Lorg/objectweb/asm/ClassVisitor;[Lorg/objectweb/asm/Attribute;I)V @ 451 c2
Event: 16.044 Thread 0x000001f5f25ff710 DEOPT PACKING pc=0x000001f5906a6cdc sp=0x0000002af50f7710
Event: 16.044 Thread 0x000001f5f25ff710 DEOPT UNPACKING pc=0x000001f58fd84422 sp=0x0000002af50f76d8 mode 2
Event: 16.089 Thread 0x000001f5f25ff710 DEOPT PACKING pc=0x000001f580ab23d5 sp=0x0000002af50f70f0
Event: 16.089 Thread 0x000001f5f25ff710 DEOPT UNPACKING pc=0x000001f58fd84bc2 sp=0x0000002af50f6800 mode 0
Event: 16.160 Thread 0x000001f5f25ff710 DEOPT PACKING pc=0x000001f580ab2c36 sp=0x0000002af50f6f80
Event: 16.160 Thread 0x000001f5f25ff710 DEOPT UNPACKING pc=0x000001f58fd84bc2 sp=0x0000002af50f6690 mode 0

Classes loaded (20 events):
Event: 11.617 Loading class java/nio/charset/UnsupportedCharsetException
Event: 11.617 Loading class java/nio/charset/UnsupportedCharsetException done
Event: 11.621 Loading class java/util/Collections$UnmodifiableSortedMap
Event: 11.621 Loading class java/util/Collections$UnmodifiableSortedMap done
Event: 11.623 Loading class java/util/zip/Deflater
Event: 11.623 Loading class java/util/zip/Deflater done
Event: 11.624 Loading class java/util/zip/Deflater$DeflaterZStreamRef
Event: 11.624 Loading class java/util/zip/Deflater$DeflaterZStreamRef done
Event: 11.635 Loading class java/util/zip/ZipFile$ZipEntryIterator
Event: 11.635 Loading class java/util/zip/ZipFile$ZipEntryIterator done
Event: 11.686 Loading class java/nio/StringCharBuffer
Event: 11.687 Loading class java/nio/StringCharBuffer done
Event: 14.368 Loading class java/lang/foreign/MemorySegment
Event: 14.369 Loading class java/lang/foreign/MemorySegment done
Event: 14.961 Loading class java/util/regex/Pattern$Caret
Event: 14.961 Loading class java/util/regex/Pattern$Caret done
Event: 15.036 Loading class java/util/concurrent/LinkedBlockingDeque$Itr
Event: 15.037 Loading class java/util/concurrent/LinkedBlockingDeque$AbstractItr
Event: 15.037 Loading class java/util/concurrent/LinkedBlockingDeque$AbstractItr done
Event: 15.037 Loading class java/util/concurrent/LinkedBlockingDeque$Itr done

Classes unloaded (0 events):
No events

Classes redefined (0 events):
No events

Internal exceptions (20 events):
Event: 11.190 Thread 0x000001f5f25ff710 Exception <a 'java/lang/NoSuchMethodError'{0x000000060316c3b8}: 'java.lang.Object java.lang.invoke.DirectMethodHandle$Holder.newInvokeSpecial(java.lang.Object, java.lang.Object, int, int)'> (0x000000060316c3b8) 
thrown [s\src\hotspot\share\interpreter\linkResolver.cpp, line 773]
Event: 11.191 Thread 0x000001f5f25ff710 Exception <a 'java/lang/NoSuchMethodError'{0x0000000603171250}: 'java.lang.Object java.lang.invoke.DirectMethodHandle$Holder.invokeSpecial(java.lang.Object, java.lang.Object, java.lang.Object, int, int)'> (0x0000000603171250) 
thrown [s\src\hotspot\share\interpreter\linkResolver.cpp, line 773]
Event: 11.198 Thread 0x000001f5f25ff710 Exception <a 'java/lang/NoSuchMethodError'{0x00000006031a8b88}: 'void java.lang.invoke.DirectMethodHandle$Holder.invokeSpecial(java.lang.Object, java.lang.Object, int)'> (0x00000006031a8b88) 
thrown [s\src\hotspot\share\interpreter\linkResolver.cpp, line 773]
Event: 11.198 Thread 0x000001f5f25ff710 Exception <a 'java/lang/NoSuchMethodError'{0x00000006031ad128}: 'void java.lang.invoke.Invokers$Holder.invokeExact_MT(java.lang.Object, int, java.lang.Object)'> (0x00000006031ad128) 
thrown [s\src\hotspot\share\interpreter\linkResolver.cpp, line 773]
Event: 11.201 Thread 0x000001f5f25ff710 Exception <a 'java/lang/IncompatibleClassChangeError'{0x00000006031be828}: Found class java.lang.Object, but interface was expected> (0x00000006031be828) 
thrown [s\src\hotspot\share\interpreter\linkResolver.cpp, line 840]
Event: 11.238 Thread 0x000001f5f25ff710 Exception <a 'sun/nio/fs/WindowsException'{0x000000060329d618}> (0x000000060329d618) 
thrown [s\src\hotspot\share\prims\jni.cpp, line 520]
Event: 11.239 Thread 0x000001f5f25ff710 Exception <a 'sun/nio/fs/WindowsException'{0x000000060329edc8}> (0x000000060329edc8) 
thrown [s\src\hotspot\share\prims\jni.cpp, line 520]
Event: 11.239 Thread 0x000001f5f25ff710 Exception <a 'sun/nio/fs/WindowsException'{0x00000006032a0520}> (0x00000006032a0520) 
thrown [s\src\hotspot\share\prims\jni.cpp, line 520]
Event: 11.240 Thread 0x000001f5f25ff710 Exception <a 'sun/nio/fs/WindowsException'{0x00000006032a1898}> (0x00000006032a1898) 
thrown [s\src\hotspot\share\prims\jni.cpp, line 520]
Event: 11.266 Thread 0x000001f5f25ff710 Exception <a 'java/lang/NoSuchMethodError'{0x00000006033e0f50}: 'java.lang.Object java.lang.invoke.Invokers$Holder.invoker(java.lang.Object, java.lang.Object, java.lang.Object, java.lang.Object, java.lang.Object, java.lang.Object)'> (0x00000006033e0f50) 
thrown [s\src\hotspot\share\interpreter\linkResolver.cpp, line 773]
Event: 11.305 Thread 0x000001f5f25ff710 Exception <a 'java/lang/NoSuchMethodError'{0x000000060791d420}: 'java.lang.Object java.lang.invoke.DirectMethodHandle$Holder.invokeSpecial(java.lang.Object, java.lang.Object, java.lang.Object, java.lang.Object, java.lang.Object, java.lang.Object, java.lang.Object, java.lang.Object, java.lang.Object, java.lang.Object, java.lang.Object, java.lang.Object, java.lang.Object, java.lang.Object, java.lang.Object, java.lang.Object, java.lang.Object, java.lang.Object, java.lang.Object, java.lang.Object, java.lang.Ob
Event: 11.305 Thread 0x000001f5f25ff710 Exception <a 'java/lang/NoSuchMethodError'{0x00000006079237a8}: 'java.lang.Object java.lang.invoke.DelegatingMethodHandle$Holder.reinvoke_L(java.lang.Object, java.lang.Object, java.lang.Object, java.lang.Object, java.lang.Object, java.lang.Object, java.lang.Object, java.lang.Object, java.lang.Object, java.lang.Object, java.lang.Object, java.lang.Object, java.lang.Object, java.lang.Object, java.lang.Object, java.lang.Object, java.lang.Object, java.lang.Object, java.lang.Object, java.lang.Object, java.lang.O
Event: 11.306 Thread 0x000001f5f25ff710 Exception <a 'java/lang/NoSuchMethodError'{0x000000060792ec40}: 'java.lang.Object java.lang.invoke.Invokers$Holder.invoker(java.lang.Object, java.lang.Object, java.lang.Object, java.lang.Object, java.lang.Object, java.lang.Object, java.lang.Object, java.lang.Object, java.lang.Object, java.lang.Object, java.lang.Object, java.lang.Object, java.lang.Object, java.lang.Object, java.lang.Object, java.lang.Object, java.lang.Object, java.lang.Object, java.lang.Object, java.lang.Object, java.lang.Object, java.lang.
Event: 11.306 Thread 0x000001f5f25ff710 Exception <a 'java/lang/NoSuchMethodError'{0x0000000607935878}: 'java.lang.Object java.lang.invoke.DelegatingMethodHandle$Holder.delegate(java.lang.Object, java.lang.Object, java.lang.Object, java.lang.Object, java.lang.Object, java.lang.Object, java.lang.Object, java.lang.Object, java.lang.Object, java.lang.Object, java.lang.Object, java.lang.Object, java.lang.Object, java.lang.Object, java.lang.Object, java.lang.Object, java.lang.Object, java.lang.Object, java.lang.Object, java.lang.Object, java.lang.Obj
Event: 11.310 Thread 0x000001f5f25ff710 Exception <a 'java/lang/NoSuchMethodError'{0x0000000607a0a340}: 'java.lang.Object java.lang.invoke.DirectMethodHandle$Holder.invokeStatic(java.lang.Object, java.lang.Object, java.lang.Object, java.lang.Object, java.lang.Object, java.lang.Object, java.lang.Object, java.lang.Object, java.lang.Object, java.lang.Object, java.lang.Object, java.lang.Object, java.lang.Object, java.lang.Object, java.lang.Object, java.lang.Object, java.lang.Object, java.lang.Object, java.lang.Object, java.lang.Object, java.lang.Obj
Event: 11.312 Thread 0x000001f5f25ff710 Exception <a 'java/lang/NoSuchMethodError'{0x0000000607a3f918}: 'java.lang.Object java.lang.invoke.DirectMethodHandle$Holder.invokeStatic(java.lang.Object, java.lang.Object, java.lang.Object, java.lang.Object, java.lang.Object, java.lang.Object, java.lang.Object, java.lang.Object, java.lang.Object, java.lang.Object, java.lang.Object, java.lang.Object, java.lang.Object, java.lang.Object, java.lang.Object, java.lang.Object, java.lang.Object, java.lang.Object, java.lang.Object, java.lang.Object, java.lang.Obj
Event: 11.602 Thread 0x000001f5f25ff710 Exception <a 'sun/nio/fs/WindowsException'{0x0000000604504460}> (0x0000000604504460) 
thrown [s\src\hotspot\share\prims\jni.cpp, line 520]
Event: 11.603 Thread 0x000001f5f25ff710 Exception <a 'sun/nio/fs/WindowsException'{0x0000000604505cd8}> (0x0000000604505cd8) 
thrown [s\src\hotspot\share\prims\jni.cpp, line 520]
Event: 11.637 Thread 0x000001f5f25ff710 Implicit null exception at 0x000001f5904b4c96 to 0x000001f5904b5c98
Event: 15.719 Thread 0x000001f5f25ff710 Implicit null exception at 0x000001f5906c0a7f to 0x000001f5906c2a70

ZGC Phase Switch (0 events):
No events

VM Operations (20 events):
Event: 13.372 Executing safepoint VM operation: G1CollectForAllocation (G1 Evacuation Pause)
Event: 13.375 Executing safepoint VM operation: G1CollectForAllocation (G1 Evacuation Pause) done
Event: 13.692 Executing safepoint VM operation: G1CollectForAllocation (G1 Evacuation Pause)
Event: 13.695 Executing safepoint VM operation: G1CollectForAllocation (G1 Evacuation Pause) done
Event: 14.038 Executing safepoint VM operation: G1CollectForAllocation (G1 Evacuation Pause)
Event: 14.041 Executing safepoint VM operation: G1CollectForAllocation (G1 Evacuation Pause) done
Event: 14.274 Executing safepoint VM operation: G1CollectForAllocation (G1 Evacuation Pause)
Event: 14.277 Executing safepoint VM operation: G1CollectForAllocation (G1 Evacuation Pause) done
Event: 14.522 Executing safepoint VM operation: G1CollectForAllocation (G1 Evacuation Pause)
Event: 14.526 Executing safepoint VM operation: G1CollectForAllocation (G1 Evacuation Pause) done
Event: 14.890 Executing safepoint VM operation: G1CollectForAllocation (G1 Evacuation Pause)
Event: 14.895 Executing safepoint VM operation: G1CollectForAllocation (G1 Evacuation Pause) done
Event: 15.324 Executing safepoint VM operation: G1CollectForAllocation (G1 Evacuation Pause)
Event: 15.329 Executing safepoint VM operation: G1CollectForAllocation (G1 Evacuation Pause) done
Event: 15.771 Executing safepoint VM operation: G1CollectForAllocation (G1 Evacuation Pause)
Event: 15.777 Executing safepoint VM operation: G1CollectForAllocation (G1 Evacuation Pause) done
Event: 16.161 Executing safepoint VM operation: G1CollectForAllocation (G1 Evacuation Pause)
Event: 16.166 Executing safepoint VM operation: G1CollectForAllocation (G1 Evacuation Pause) done
Event: 17.168 Executing safepoint VM operation: Cleanup
Event: 17.168 Executing safepoint VM operation: Cleanup done

Memory protections (0 events):
No events

Nmethod flushes (20 events):
Event: 10.079 Thread 0x000001f5ffb6fd60 flushing  nmethod 0x000001f5801bb790
Event: 10.079 Thread 0x000001f5ffb6fd60 flushing  nmethod 0x000001f5801bd310
Event: 10.079 Thread 0x000001f5ffb6fd60 flushing  nmethod 0x000001f5801c1c10
Event: 10.079 Thread 0x000001f5ffb6fd60 flushing  nmethod 0x000001f5801c2090
Event: 10.079 Thread 0x000001f5ffb6fd60 flushing  nmethod 0x000001f5801c2690
Event: 10.079 Thread 0x000001f5ffb6fd60 flushing  nmethod 0x000001f580222a90
Event: 10.079 Thread 0x000001f5ffb6fd60 flushing  nmethod 0x000001f58026e590
Event: 10.079 Thread 0x000001f5ffb6fd60 flushing  nmethod 0x000001f58026f210
Event: 10.079 Thread 0x000001f5ffb6fd60 flushing  nmethod 0x000001f580270a10
Event: 10.079 Thread 0x000001f5ffb6fd60 flushing  nmethod 0x000001f580275910
Event: 10.079 Thread 0x000001f5ffb6fd60 flushing  nmethod 0x000001f580276090
Event: 10.079 Thread 0x000001f5ffb6fd60 flushing  nmethod 0x000001f58027b690
Event: 10.079 Thread 0x000001f5ffb6fd60 flushing  nmethod 0x000001f5803d5790
Event: 10.079 Thread 0x000001f5ffb6fd60 flushing  nmethod 0x000001f5803d5c90
Event: 10.079 Thread 0x000001f5ffb6fd60 flushing  nmethod 0x000001f5803d9190
Event: 10.079 Thread 0x000001f5ffb6fd60 flushing  nmethod 0x000001f5803dbb10
Event: 10.079 Thread 0x000001f5ffb6fd60 flushing  nmethod 0x000001f5803dcc90
Event: 10.079 Thread 0x000001f5ffb6fd60 flushing  nmethod 0x000001f5803dd590
Event: 10.079 Thread 0x000001f5ffb6fd60 flushing  nmethod 0x000001f5803e0b10
Event: 10.079 Thread 0x000001f5ffb6fd60 flushing  nmethod 0x000001f5803e1410

Events (20 events):
Event: 8.308 Thread 0x000001f5f25ff710 Thread added: 0x000001f5f2606010
Event: 8.309 Thread 0x000001f5f25ff710 Thread added: 0x000001f5f26066a0
Event: 8.310 Thread 0x000001f5f25ff710 Thread added: 0x000001f5f2baa5a0
Event: 8.448 Thread 0x000001f5ffbb6f50 Thread added: 0x000001f5ffbb61b0
Event: 9.139 Thread 0x000001f5f25ff710 Thread added: 0x000001f5f2bab950
Event: 9.179 Thread 0x000001f5ffbb61b0 Thread exited: 0x000001f5ffbb61b0
Event: 9.179 Thread 0x000001f5ffbb6f50 Thread exited: 0x000001f5ffbb6f50
Event: 9.223 Thread 0x000001f5f25ff710 Thread added: 0x000001f5f2bab2c0
Event: 9.281 Thread 0x000001f5ffbb5ae0 Thread added: 0x000001f5ffbb6f50
Event: 10.298 Thread 0x000001f5f25ff710 Thread added: 0x000001f5f2bacd00
Event: 10.354 Thread 0x000001f5f25ff710 Thread added: 0x000001f5f2bad390
Event: 10.606 Thread 0x000001f5f25ff710 Thread added: 0x000001f5f2bae0b0
Event: 10.658 Thread 0x000001f5f25ff710 Thread added: 0x000001f5f2babfe0
Event: 10.695 Thread 0x000001f5f25ff710 Thread added: 0x000001f5f2baac30
Event: 10.732 Thread 0x000001f5f25ff710 Thread added: 0x000001f5f2bb0ea0
Event: 10.822 Thread 0x000001f5f25ff710 Thread added: 0x000001f5f2bafaf0
Event: 10.859 Thread 0x000001f5f25ff710 Thread added: 0x000001f5f2bb0810
Event: 10.895 Thread 0x000001f5f25ff710 Thread added: 0x000001f5f2baf460
Event: 11.307 Thread 0x000001f5ffbb6f50 Thread exited: 0x000001f5ffbb6f50
Event: 11.701 Thread 0x000001f5ffbb5ae0 Thread added: 0x000001f5ffbb61b0


Dynamic libraries:
0x00007ff624000000 - 0x00007ff62400e000 	C:\Users\HP\.antigravity\extensions\redhat.java-1.54.0-win32-x64\jre\21.0.10-win32-x86_64\bin\java.exe
0x00007ffdec620000 - 0x00007ffdec887000 	C:\WINDOWS\SYSTEM32\ntdll.dll
0x00007ffdab7d0000 - 0x00007ffdab7f1000 	C:\Program Files\Avast Software\Avast\aswhook.dll
0x00007ffdeab90000 - 0x00007ffdeac59000 	C:\WINDOWS\System32\KERNEL32.DLL
0x00007ffde8f70000 - 0x00007ffde9364000 	C:\WINDOWS\System32\KERNELBASE.dll
0x00007ffdea0b0000 - 0x00007ffdea1fb000 	C:\WINDOWS\System32\ucrtbase.dll
0x00007ffdd2c70000 - 0x00007ffdd2c8e000 	C:\Users\HP\.antigravity\extensions\redhat.java-1.54.0-win32-x64\jre\21.0.10-win32-x86_64\bin\VCRUNTIME140.dll
0x00007ffdd6790000 - 0x00007ffdd67a8000 	C:\Users\HP\.antigravity\extensions\redhat.java-1.54.0-win32-x64\jre\21.0.10-win32-x86_64\bin\jli.dll
0x00007ffdebf90000 - 0x00007ffdec155000 	C:\WINDOWS\System32\USER32.dll
0x00007ffdc4270000 - 0x00007ffdc4503000 	C:\WINDOWS\WinSxS\amd64_microsoft.windows.common-controls_6595b64144ccf1df_6.0.26100.8115_none_3e075c82e3354f9c\COMCTL32.dll
0x00007ffdea080000 - 0x00007ffdea0a7000 	C:\WINDOWS\System32\win32u.dll
0x00007ffdead60000 - 0x00007ffdeae09000 	C:\WINDOWS\System32\msvcrt.dll
0x00007ffdea4e0000 - 0x00007ffdea50b000 	C:\WINDOWS\System32\GDI32.dll
0x00007ffde9f50000 - 0x00007ffdea07b000 	C:\WINDOWS\System32\gdi32full.dll
0x00007ffde9370000 - 0x00007ffde9413000 	C:\WINDOWS\System32\msvcp_win.dll
0x00007ffdea380000 - 0x00007ffdea3b2000 	C:\WINDOWS\System32\IMM32.DLL
0x00007ffde5ea0000 - 0x00007ffde5eac000 	C:\Users\HP\.antigravity\extensions\redhat.java-1.54.0-win32-x64\jre\21.0.10-win32-x86_64\bin\vcruntime140_1.dll
0x00007ffdc1750000 - 0x00007ffdc17dd000 	C:\Users\HP\.antigravity\extensions\redhat.java-1.54.0-win32-x64\jre\21.0.10-win32-x86_64\bin\msvcp140.dll
0x00007ffd55450000 - 0x00007ffd561f1000 	C:\Users\HP\.antigravity\extensions\redhat.java-1.54.0-win32-x64\jre\21.0.10-win32-x86_64\bin\server\jvm.dll
0x00007ffdeb440000 - 0x00007ffdeb4f6000 	C:\WINDOWS\System32\ADVAPI32.dll
0x00007ffdea750000 - 0x00007ffdea7f7000 	C:\WINDOWS\System32\sechost.dll
0x00007ffdebc70000 - 0x00007ffdebd88000 	C:\WINDOWS\System32\RPCRT4.dll
0x00007ffdea3c0000 - 0x00007ffdea440000 	C:\WINDOWS\System32\WS2_32.dll
0x00007ffde8d20000 - 0x00007ffde8d7e000 	C:\WINDOWS\SYSTEM32\POWRPROF.dll
0x00007ffde26d0000 - 0x00007ffde2706000 	C:\WINDOWS\SYSTEM32\WINMM.dll
0x00007ffdd4c50000 - 0x00007ffdd4c5b000 	C:\WINDOWS\SYSTEM32\VERSION.dll
0x00007ffde8d00000 - 0x00007ffde8d14000 	C:\WINDOWS\SYSTEM32\UMPDC.dll
0x00007ffde7c50000 - 0x00007ffde7c6b000 	C:\WINDOWS\SYSTEM32\kernel.appcore.dll
0x00007ffdd4630000 - 0x00007ffdd463a000 	C:\Users\HP\.antigravity\extensions\redhat.java-1.54.0-win32-x64\jre\21.0.10-win32-x86_64\bin\jimage.dll
0x00007ffde6e50000 - 0x00007ffde7092000 	C:\WINDOWS\SYSTEM32\DBGHELP.DLL
0x00007ffdec220000 - 0x00007ffdec5a2000 	C:\WINDOWS\System32\combase.dll
0x00007ffdea670000 - 0x00007ffdea748000 	C:\WINDOWS\System32\OLEAUT32.dll
0x00007ffdd4740000 - 0x00007ffdd477b000 	C:\WINDOWS\SYSTEM32\dbgcore.DLL
0x00007ffde8ec0000 - 0x00007ffde8f65000 	C:\WINDOWS\System32\bcryptPrimitives.dll
0x00007ffdcc430000 - 0x00007ffdcc43f000 	C:\Users\HP\.antigravity\extensions\redhat.java-1.54.0-win32-x64\jre\21.0.10-win32-x86_64\bin\instrument.dll
0x00007ffdcc410000 - 0x00007ffdcc430000 	C:\Users\HP\.antigravity\extensions\redhat.java-1.54.0-win32-x64\jre\21.0.10-win32-x86_64\bin\java.dll
0x00007ffdeb500000 - 0x00007ffdebc67000 	C:\WINDOWS\System32\SHELL32.dll
0x00007ffde9de0000 - 0x00007ffde9f4a000 	C:\WINDOWS\System32\wintypes.dll
0x00007ffde9420000 - 0x00007ffde9c88000 	C:\WINDOWS\System32\windows.storage.dll
0x00007ffdea540000 - 0x00007ffdea638000 	C:\WINDOWS\System32\SHCORE.dll
0x00007ffdeab20000 - 0x00007ffdeab86000 	C:\WINDOWS\System32\shlwapi.dll
0x00007ffde8de0000 - 0x00007ffde8e09000 	C:\WINDOWS\SYSTEM32\profapi.dll
0x00007ffdc3e20000 - 0x00007ffdc3e38000 	C:\Users\HP\.antigravity\extensions\redhat.java-1.54.0-win32-x64\jre\21.0.10-win32-x86_64\bin\zip.dll
0x00007ffdc2aa0000 - 0x00007ffdc2ab0000 	C:\Users\HP\.antigravity\extensions\redhat.java-1.54.0-win32-x64\jre\21.0.10-win32-x86_64\bin\net.dll
0x00007ffddfe50000 - 0x00007ffddff7d000 	C:\WINDOWS\SYSTEM32\WINHTTP.dll
0x00007ffde81c0000 - 0x00007ffde822c000 	C:\WINDOWS\system32\mswsock.dll
0x00007ffdc2850000 - 0x00007ffdc2866000 	C:\Users\HP\.antigravity\extensions\redhat.java-1.54.0-win32-x64\jre\21.0.10-win32-x86_64\bin\nio.dll
0x00007ffdc2930000 - 0x00007ffdc2940000 	C:\Users\HP\.antigravity\extensions\redhat.java-1.54.0-win32-x64\jre\21.0.10-win32-x86_64\bin\verify.dll
0x00007ffde3ec0000 - 0x00007ffde3ee7000 	C:\Users\HP\.gradle\native\1def1411415f61bf3af743bc5b6707747c0891f09f0c88961ee8f79bc544acac\windows-amd64\native-platform.dll
0x00007ffdc26c0000 - 0x00007ffdc2738000 	C:\Users\HP\.gradle\native\0.2.7\x86_64-windows-gnu\gradle-fileevents.dll
0x00007ffdc1ab0000 - 0x00007ffdc1aba000 	C:\Users\HP\.antigravity\extensions\redhat.java-1.54.0-win32-x64\jre\21.0.10-win32-x86_64\bin\management.dll
0x00007ffdc1aa0000 - 0x00007ffdc1aac000 	C:\Users\HP\.antigravity\extensions\redhat.java-1.54.0-win32-x64\jre\21.0.10-win32-x86_64\bin\management_ext.dll
0x00007ffdea640000 - 0x00007ffdea648000 	C:\WINDOWS\System32\PSAPI.DLL
0x00007ffde7650000 - 0x00007ffde7682000 	C:\WINDOWS\SYSTEM32\IPHLPAPI.DLL
0x00007ffdea660000 - 0x00007ffdea66a000 	C:\WINDOWS\System32\NSI.dll
0x00007ffdc16e0000 - 0x00007ffdc16e9000 	C:\Users\HP\.antigravity\extensions\redhat.java-1.54.0-win32-x64\jre\21.0.10-win32-x86_64\bin\extnet.dll
0x00007ffde84b0000 - 0x00007ffde84cb000 	C:\WINDOWS\SYSTEM32\CRYPTSP.dll
0x00007ffde7bb0000 - 0x00007ffde7be9000 	C:\WINDOWS\system32\rsaenh.dll
0x00007ffde8270000 - 0x00007ffde82a3000 	C:\WINDOWS\SYSTEM32\USERENV.dll
0x00007ffde8db0000 - 0x00007ffde8dda000 	C:\WINDOWS\SYSTEM32\bcrypt.dll
0x00007ffde84a0000 - 0x00007ffde84ac000 	C:\WINDOWS\SYSTEM32\CRYPTBASE.dll
0x00007ffdc16f0000 - 0x00007ffdc16fe000 	C:\Users\HP\.antigravity\extensions\redhat.java-1.54.0-win32-x64\jre\21.0.10-win32-x86_64\bin\sunmscapi.dll
0x00007ffdea200000 - 0x00007ffdea377000 	C:\WINDOWS\System32\CRYPT32.dll
0x00007ffde86c0000 - 0x00007ffde86f0000 	C:\WINDOWS\SYSTEM32\ncrypt.dll
0x00007ffde8670000 - 0x00007ffde86af000 	C:\WINDOWS\SYSTEM32\NTASN1.dll
0x00007ffd99290000 - 0x00007ffd99298000 	C:\WINDOWS\system32\wshunix.dll

JVMTI agents:
C:\Users\HP\.gradle\wrapper\dists\gradle-8.14-all\c2qonpi39x1mddn7hk5gh9iqj\gradle-8.14\lib\agents\gradle-instrumentation-agent-8.14.jar path:C:\Users\HP\.antigravity\extensions\redhat.java-1.54.0-win32-x64\jre\21.0.10-win32-x86_64\bin\instrument.dll, loaded, initialized, instrumentlib options:none

dbghelp: loaded successfully - version: 4.0.5 - missing functions: none
symbol engine: initialized successfully - sym options: 0x614 - pdb path: .;C:\Users\HP\.antigravity\extensions\redhat.java-1.54.0-win32-x64\jre\21.0.10-win32-x86_64\bin;C:\WINDOWS\SYSTEM32;C:\Program Files\Avast Software\Avast;C:\WINDOWS\WinSxS\amd64_microsoft.windows.common-controls_6595b64144ccf1df_6.0.26100.8115_none_3e075c82e3354f9c;C:\Users\HP\.antigravity\extensions\redhat.java-1.54.0-win32-x64\jre\21.0.10-win32-x86_64\bin\server;C:\Users\HP\.gradle\native\1def1411415f61bf3af743bc5b6707747c0891f09f0c88961ee8f79bc544acac\windows-amd64;C:\Users\HP\.gradle\native\0.2.7\x86_64-windows-gnu

VM Arguments:
jvm_args: --add-opens=java.base/java.lang=ALL-UNNAMED --add-opens=java.base/java.lang.invoke=ALL-UNNAMED --add-opens=java.base/java.util=ALL-UNNAMED --add-opens=java.prefs/java.util.prefs=ALL-UNNAMED --add-exports=jdk.compiler/com.sun.tools.javac.api=ALL-UNNAMED --add-exports=jdk.compiler/com.sun.tools.javac.util=ALL-UNNAMED --add-opens=java.base/java.util=ALL-UNNAMED --add-opens=java.prefs/java.util.prefs=ALL-UNNAMED --add-opens=java.base/java.nio.charset=ALL-UNNAMED --add-opens=java.base/java.net=ALL-UNNAMED --add-opens=java.base/java.util.concurrent.atomic=ALL-UNNAMED --add-opens=java.xml/javax.xml.namespace=ALL-UNNAMED -XX:MaxMetaspaceSize=4G -XX:ReservedCodeCacheSize=512m -XX:+HeapDumpOnOutOfMemoryError -Xmx8G -Dfile.encoding=UTF-8 -Duser.country=FR -Duser.language=fr -Duser.variant -javaagent:C:\Users\HP\.gradle\wrapper\dists\gradle-8.14-all\c2qonpi39x1mddn7hk5gh9iqj\gradle-8.14\lib\agents\gradle-instrumentation-agent-8.14.jar 
java_command: org.gradle.launcher.daemon.bootstrap.GradleDaemon 8.14
java_class_path (initial): C:\Users\HP\.gradle\wrapper\dists\gradle-8.14-all\c2qonpi39x1mddn7hk5gh9iqj\gradle-8.14\lib\gradle-daemon-main-8.14.jar
Launcher Type: SUN_STANDARD

[Global flags]
     intx CICompilerCount                          = 4                                         {product} {ergonomic}
     uint ConcGCThreads                            = 3                                         {product} {ergonomic}
     uint G1ConcRefinementThreads                  = 10                                        {product} {ergonomic}
   size_t G1HeapRegionSize                         = 4194304                                   {product} {ergonomic}
    uintx GCDrainStackTargetSize                   = 64                                        {product} {ergonomic}
     bool HeapDumpOnOutOfMemoryError               = true                                   {manageable} {command line}
   size_t InitialHeapSize                          = 130023424                                 {product} {ergonomic}
   size_t MarkStackSize                            = 4194304                                   {product} {ergonomic}
   size_t MaxHeapSize                              = 8589934592                                {product} {command line}
   size_t MaxMetaspaceSize                         = 4294967296                                {product} {command line}
   size_t MaxNewSize                               = 5150605312                                {product} {ergonomic}
   size_t MinHeapDeltaBytes                        = 4194304                                   {product} {ergonomic}
   size_t MinHeapSize                              = 8388608                                   {product} {ergonomic}
    uintx NonNMethodCodeHeapSize                   = 5839372                                {pd product} {ergonomic}
    uintx NonProfiledCodeHeapSize                  = 265515770                              {pd product} {ergonomic}
    uintx ProfiledCodeHeapSize                     = 265515770                              {pd product} {ergonomic}
    uintx ReservedCodeCacheSize                    = 536870912                              {pd product} {command line}
     bool SegmentedCodeCache                       = true                                      {product} {ergonomic}
   size_t SoftMaxHeapSize                          = 8589934592                             {manageable} {ergonomic}
     bool UseCompressedOops                        = true                           {product lp64_product} {ergonomic}
     bool UseG1GC                                  = true                                      {product} {ergonomic}
     bool UseLargePagesIndividualAllocation        = false                                  {pd product} {ergonomic}

Logging:
Log output configuration:
 #0: stdout all=warning uptime,level,tags foldmultilines=false
 #1: stderr all=off uptime,level,tags foldmultilines=false

Release file:
JAVA_VERSION="21.0.10" 
MODULES="java.base java.compiler java.datatransfer java.xml java.prefs java.desktop java.instrument java.logging java.management java.security.sasl java.naming java.rmi java.management.rmi java.net.http java.scripting java.security.jgss java.transaction.xa java.sql java.sql.rowset java.xml.crypto java.se java.smartcardio jdk.accessibility jdk.internal.jvmstat jdk.attach jdk.charsets jdk.internal.opt jdk.zipfs jdk.compiler jdk.crypto.ec jdk.crypto.cryptoki jdk.crypto.mscapi jdk.dynalink jdk.internal.ed jdk.editpad jdk.hotspot.agent jdk.httpserver jdk.internal.le jdk.internal.vm.ci jdk.internal.vm.compiler jdk.internal.vm.compiler.management jdk.jartool jdk.javadoc jdk.jcmd jdk.management jdk.management.agent jdk.jconsole jdk.jdeps jdk.jdwp.agent jdk.jdi jdk.jfr jdk.jshell jdk.jsobject jdk.jstatd jdk.localedata jdk.management.jfr jdk.naming.dns jdk.naming.rmi jdk.net jdk.nio.mapmode jdk.random jdk.sctp jdk.security.auth jdk.security.jgss jdk.unsupported jdk.unsupported.desktop jdk.xml.dom" 

Environment Variables:
PATH=C:\Program Files\Common Files\Oracle\Java\javapath;C:\Program Files (x86)\Common Files\Oracle\Java\java8path;C:\Program Files (x86)\Common Files\Oracle\Java\javapath;C:\ORC\ORACLEE\bin;C:\app\HP\product\21c\dbhomeXE\bin;E:\oracle21\ORACL\bin;C:\Dossier_Oracle21c\Oracle21c\bin;C:\WINDOWS\system32;C:\WINDOWS;C:\WINDOWS\System32\Wbem;C:\WINDOWS\System32\WindowsPowerShell\v1.0\;C:\WINDOWS\System32\OpenSSH\;c:\Program Files (x86)\Microsoft SQL Server\100\Tools\Binn\;c:\Program Files\Microsoft SQL Server\100\Tools\Binn\;c:\Program Files\Microsoft SQL Server\100\DTS\Binn\;C:\appliiiiiii\flutter_windows_3.35.7-stable.zip\flutter\bin;C:\Program Files\Docker\Docker\resources\bin;C:\Program Files\Git\cmd;C:\Program Files\nodejs\;C:\Users\HP\AppData\Local\Programs\Python\Python313\Scripts\;C:\Users\HP\AppData\Local\Programs\Python\Python313\;C:\Users\HP\AppData\Local\Programs\Python\Launcher\;C:\Users\HP\AppData\Local\Microsoft\WindowsApps;C:\Users\HP\AppData\Local\Programs\Microsoft VS Code\bin;C:\Users\HP\AppData\Local\Python\bin;C:\Users\HP\AppData\Roaming\npm;C:\Users\HP\AppData\Local\Programs\Antigravity\bin
USERNAME=HP
OS=Windows_NT
PROCESSOR_IDENTIFIER=Intel64 Family 6 Model 186 Stepping 3, GenuineIntel
TMP=C:\Users\HP\AppData\Local\Temp
TEMP=C:\Users\HP\AppData\Local\Temp




Periodic native trim disabled

---------------  S Y S T E M  ---------------

OS:
 Windows 11 , 64 bit Build 26100 (10.0.26100.8246)
OS uptime: 0 days 0:13 hours
Hyper-V role detected

CPU: total 12 (initial active 12) (6 cores per cpu, 2 threads per core) family 6 model 186 stepping 3 microcode 0x4121, cx8, cmov, fxsr, ht, mmx, 3dnowpref, sse, sse2, sse3, ssse3, sse4.1, sse4.2, popcnt, lzcnt, tsc, tscinvbit, avx, avx2, aes, erms, clmul, bmi1, bmi2, adx, sha, fma, vzeroupper, clflush, clflushopt, clwb, hv, serialize, rdtscp, rdpid, fsrm, f16c, cet_ibt, cet_ss
Processor Information for processor 0
  Max Mhz: 1300, Current Mhz: 1300, Mhz Limit: 1300
Processor Information for processor 1
  Max Mhz: 1300, Current Mhz: 1300, Mhz Limit: 1300
Processor Information for processor 2
  Max Mhz: 1300, Current Mhz: 1300, Mhz Limit: 1300
Processor Information for processor 3
  Max Mhz: 1300, Current Mhz: 1300, Mhz Limit: 1300
Processor Information for processor 4
  Max Mhz: 1300, Current Mhz: 900, Mhz Limit: 897
Processor Information for processor 5
  Max Mhz: 1300, Current Mhz: 900, Mhz Limit: 897
Processor Information for processor 6
  Max Mhz: 1300, Current Mhz: 900, Mhz Limit: 897
Processor Information for processor 7
  Max Mhz: 1300, Current Mhz: 900, Mhz Limit: 897
Processor Information for processor 8
  Max Mhz: 1300, Current Mhz: 900, Mhz Limit: 897
Processor Information for processor 9
  Max Mhz: 1300, Current Mhz: 900, Mhz Limit: 897
Processor Information for processor 10
  Max Mhz: 1300, Current Mhz: 900, Mhz Limit: 897
Processor Information for processor 11
  Max Mhz: 1300, Current Mhz: 900, Mhz Limit: 897

Memory: 4k page, system-wide physical 7835M (496M free)
TotalPageFile size 11931M (AvailPageFile size 6M)
current process WorkingSet (physical memory assigned to process): 351M, peak: 353M
current process commit charge ("private bytes"): 394M, peak: 400M

vm_info: OpenJDK 64-Bit Server VM (21.0.10+7-LTS) for windows-amd64 JRE (21.0.10+7-LTS), built on 2026-01-20T00:00:00Z by "admin" with MS VC++ 17.12 (VS2022)

END.
