#
# There is insufficient memory for the Java Runtime Environment to continue.
# Native memory allocation (malloc) failed to allocate 2600016 bytes. Error detail: Chunk::new
# Possible reasons:
#   The system is out of physical RAM or swap space
#   This process is running with CompressedOops enabled, and the Java Heap may be blocking the growth of the native heap
# Possible solutions:
#   Reduce memory load on the system
#   Increase physical memory or swap space
#   Check if swap backing store is full
#   Decrease Java heap size (-Xmx/-Xms)
#   Decrease number of Java threads
#   Decrease Java thread stack sizes (-Xss)
#   Set larger code cache with -XX:ReservedCodeCacheSize=
#   JVM is running with Unscaled Compressed Oops mode in which the Java heap is
#     placed in the first 4GB address space. The Java Heap base address is the
#     maximum limit for the native heap growth. Please use -XX:HeapBaseMinAddress
#     to set the Java Heap base and to place the Java Heap above 4GB virtual address.
# This output file may be truncated or incomplete.
#
#  Out of Memory Error (arena.cpp:168), pid=5828, tid=3272
#
# JRE version: OpenJDK Runtime Environment Temurin-21.0.10+7 (21.0.10+7) (build 21.0.10+7-LTS)
# Java VM: OpenJDK 64-Bit Server VM Temurin-21.0.10+7 (21.0.10+7-LTS, mixed mode, sharing, tiered, compressed oops, compressed class ptrs, parallel gc, windows-amd64)
# No core dump will be written. Minidumps are not enabled by default on client versions of Windows
#

---------------  S U M M A R Y ------------

Command Line: --add-modules=ALL-SYSTEM --add-opens=java.base/java.util=ALL-UNNAMED --add-opens=java.base/java.lang=ALL-UNNAMED --add-opens=java.base/sun.nio.fs=ALL-UNNAMED -Declipse.application=org.eclipse.jdt.ls.core.id1 -Dosgi.bundles.defaultStartLevel=4 -Declipse.product=org.eclipse.jdt.ls.core.product -Djava.import.generatesMetadataFilesAtProjectRoot=false -DDetectVMInstallationsJob.disabled=true -Dfile.encoding=utf8 -XX:+UseParallelGC -XX:GCTimeRatio=4 -XX:AdaptiveSizePolicyWeight=90 -Dsun.zip.disableMemoryMapping=true -Xmx2G -Xms100m -Xlog:disable -javaagent:c:\Users\HP\.antigravity\extensions\redhat.java-1.54.0-win32-x64\lombok\lombok-1.18.39-4050.jar -XX:+HeapDumpOnOutOfMemoryError -XX:HeapDumpPath=c:\Users\HP\AppData\Roaming\Antigravity\User\workspaceStorage\98eb1284933efba20486acdda2b6755c\redhat.java -Daether.dependencyCollector.impl=bf c:\Users\HP\.antigravity\extensions\redhat.java-1.54.0-win32-x64\server\plugins\org.eclipse.equinox.launcher_1.7.100.v20251111-0406.jar -configuration c:\Users\HP\AppData\Roaming\Antigravity\User\globalStorage\redhat.java\1.54.0\config_win -data c:\Users\HP\AppData\Roaming\Antigravity\User\workspaceStorage\98eb1284933efba20486acdda2b6755c\redhat.java\jdt_ws --pipe=\\.\pipe\lsp-5e19766c5c154bd59755bba2ef6a0b75-sock

Host: 13th Gen Intel(R) Core(TM) i5-1335U, 12 cores, 7G,  Windows 11 , 64 bit Build 26100 (10.0.26100.8246)
Time: Sat Apr 25 17:17:14 2026 Greenwich elapsed time: 65.526920 seconds (0d 0h 1m 5s)

---------------  T H R E A D  ---------------

Current thread (0x000001c3ca064680):  JavaThread "C2 CompilerThread1" daemon [_thread_in_native, id=3272, stack(0x00000075a2d00000,0x00000075a2e00000) (1024K)]


Current CompileTask:
C2:65527 11966       4       org.eclipse.jdt.internal.compiler.lookup.BinaryTypeBinding::createMethod (1666 bytes)

Stack: [0x00000075a2d00000,0x00000075a2e00000]
Native frames: (J=compiled Java code, j=interpreted, Vv=VM code, C=native code)
V  [jvm.dll+0x6d7a39]
V  [jvm.dll+0x8b4b26]
V  [jvm.dll+0x8b70de]
V  [jvm.dll+0x8b77c3]
V  [jvm.dll+0x284346]
V  [jvm.dll+0xc66ed]
V  [jvm.dll+0xc6c31]
V  [jvm.dll+0x3bec01]
V  [jvm.dll+0x38b162]
V  [jvm.dll+0x38a5aa]
V  [jvm.dll+0x24c560]
V  [jvm.dll+0x24bb40]
V  [jvm.dll+0x1cb34e]
V  [jvm.dll+0x25b85d]
V  [jvm.dll+0x259dea]
V  [jvm.dll+0x3f857e]
V  [jvm.dll+0x85f59d]
V  [jvm.dll+0x6d626d]
C  [ucrtbase.dll+0x37b0]
C  [KERNEL32.DLL+0x2e8d7]
C  [ntdll.dll+0x8c3fc]


---------------  P R O C E S S  ---------------

Threads class SMR info:
_java_thread_list=0x000001c3c82622b0, length=67, elements={
0x000001c3e3b39bd0, 0x000001c3fc7893b0, 0x000001c3e419cf40, 0x000001c3fc795520,
0x000001c3fc796f60, 0x000001c3fc798310, 0x000001c3fc796240, 0x000001c3fdc04f90,
0x000001c3fdc07df0, 0x000001c3fc7968d0, 0x000001c3fc7989a0, 0x000001c3fc7975f0,
0x000001c3fc795bb0, 0x000001c3ff314dd0, 0x000001c3ff3188e0, 0x000001c3ff315460,
0x000001c3ff316810, 0x000001c3ff318f70, 0x000001c3ff318250, 0x000001c3ff315af0,
0x000001c3ff317bc0, 0x000001c3ff316180, 0x000001c3ff31a9b0, 0x000001c3ff31bd60,
0x000001c3ff31b6d0, 0x000001c3ff31b040, 0x000001c3ff319c90, 0x000001c3ff31a320,
0x000001c3ff31c3f0, 0x000001c3c68d0d10, 0x000001c3c68cf2d0, 0x000001c3c68d20c0,
0x000001c3c68cec40, 0x000001c3c68d13a0, 0x000001c3c68d1a30, 0x000001c3c68d2de0,
0x000001c3c68d2750, 0x000001c3c68cf960, 0x000001c3c68d0680, 0x000001c3c68d3470,
0x000001c3c68cfff0, 0x000001c3c68d4190, 0x000001c3c68d4820, 0x000001c3c68d4eb0,
0x000001c3c68d5bd0, 0x000001c3c68d3b00, 0x000001c3c68d6260, 0x000001c3c6e1ff70,
0x000001c3c6e21320, 0x000001c3c6e20c90, 0x000001c3c6e20600, 0x000001c3c6e1f8e0,
0x000001c3c6e219b0, 0x000001c3c6e22040, 0x000001c3c6e254c0, 0x000001c3c6e233f0,
0x000001c3c6e24e30, 0x000001c3c6e226d0, 0x000001c3c6e261e0, 0x000001c3c6e23a80,
0x000001c3c6e22d60, 0x000001c3ca0a0780, 0x000001c3ca0a0e10, 0x000001c3ca0a3570,
0x000001c3ca064680, 0x000001c3ca0616d0, 0x000001c3ca0a1b30
}

Java Threads: ( => current thread )
  0x000001c3e3b39bd0 JavaThread "main"                              [_thread_blocked, id=6908, stack(0x00000075a0900000,0x00000075a0a00000) (1024K)]
  0x000001c3fc7893b0 JavaThread "Reference Handler"          daemon [_thread_blocked, id=10896, stack(0x00000075a0d00000,0x00000075a0e00000) (1024K)]
  0x000001c3e419cf40 JavaThread "Finalizer"                  daemon [_thread_blocked, id=13608, stack(0x00000075a0e00000,0x00000075a0f00000) (1024K)]
  0x000001c3fc795520 JavaThread "Signal Dispatcher"          daemon [_thread_blocked, id=11876, stack(0x00000075a0f00000,0x00000075a1000000) (1024K)]
  0x000001c3fc796f60 JavaThread "Attach Listener"            daemon [_thread_blocked, id=16636, stack(0x00000075a1000000,0x00000075a1100000) (1024K)]
  0x000001c3fc798310 JavaThread "Service Thread"             daemon [_thread_blocked, id=17244, stack(0x00000075a1100000,0x00000075a1200000) (1024K)]
  0x000001c3fc796240 JavaThread "Monitor Deflation Thread"   daemon [_thread_blocked, id=11064, stack(0x00000075a1200000,0x00000075a1300000) (1024K)]
  0x000001c3fdc04f90 JavaThread "C2 CompilerThread0"         daemon [_thread_in_native, id=18996, stack(0x00000075a1300000,0x00000075a1400000) (1024K)]
  0x000001c3fdc07df0 JavaThread "C1 CompilerThread0"         daemon [_thread_in_native, id=15988, stack(0x00000075a1400000,0x00000075a1500000) (1024K)]
  0x000001c3fc7968d0 JavaThread "Common-Cleaner"             daemon [_thread_blocked, id=19944, stack(0x00000075a1500000,0x00000075a1600000) (1024K)]
  0x000001c3fc7989a0 JavaThread "Notification Thread"        daemon [_thread_blocked, id=17396, stack(0x00000075a1600000,0x00000075a1700000) (1024K)]
  0x000001c3fc7975f0 JavaThread "Active Thread: Equinox Container: b28df452-f9b4-410a-8b70-a61a8e2d85d7"        [_thread_blocked, id=20916, stack(0x00000075a1f00000,0x00000075a2000000) (1024K)]
  0x000001c3fc795bb0 JavaThread "Refresh Thread: Equinox Container: b28df452-f9b4-410a-8b70-a61a8e2d85d7" daemon [_thread_blocked, id=4604, stack(0x00000075a2000000,0x00000075a2100000) (1024K)]
  0x000001c3ff314dd0 JavaThread "Framework Event Dispatcher: Equinox Container: b28df452-f9b4-410a-8b70-a61a8e2d85d7" daemon [_thread_blocked, id=1112, stack(0x00000075a2100000,0x00000075a2200000) (1024K)]
  0x000001c3ff3188e0 JavaThread "Start Level: Equinox Container: b28df452-f9b4-410a-8b70-a61a8e2d85d7" daemon [_thread_blocked, id=14648, stack(0x00000075a2200000,0x00000075a2300000) (1024K)]
  0x000001c3ff315460 JavaThread "Bundle File Closer"         daemon [_thread_blocked, id=3172, stack(0x00000075a2500000,0x00000075a2600000) (1024K)]
  0x000001c3ff316810 JavaThread "SCR Component Actor"        daemon [_thread_blocked, id=1496, stack(0x00000075a1700000,0x00000075a1800000) (1024K)]
  0x000001c3ff318f70 JavaThread "Worker-JM"                         [_thread_blocked, id=21292, stack(0x00000075a2700000,0x00000075a2800000) (1024K)]
  0x000001c3ff318250 JavaThread "JNA Cleaner"                daemon [_thread_blocked, id=6316, stack(0x00000075a2600000,0x00000075a2700000) (1024K)]
  0x000001c3ff315af0 JavaThread "Worker-0"                          [_thread_blocked, id=19080, stack(0x00000075a2800000,0x00000075a2900000) (1024K)]
  0x000001c3ff317bc0 JavaThread "Worker-1"                          [_thread_blocked, id=14768, stack(0x00000075a2900000,0x00000075a2a00000) (1024K)]
  0x000001c3ff316180 JavaThread "Java indexing"              daemon [_thread_blocked, id=11460, stack(0x00000075a2b00000,0x00000075a2c00000) (1024K)]
  0x000001c3ff31a9b0 JavaThread "Worker-2"                          [_thread_blocked, id=2992, stack(0x00000075a2c00000,0x00000075a2d00000) (1024K)]
  0x000001c3ff31bd60 JavaThread "Worker-3: Publish Diagnostics"        [_thread_in_native, id=11600, stack(0x00000075a3000000,0x00000075a3100000) (1024K)]
  0x000001c3ff31b6d0 JavaThread "Worker-4"                          [_thread_blocked, id=12260, stack(0x00000075a3100000,0x00000075a3200000) (1024K)]
  0x000001c3ff31b040 JavaThread "Thread-1"                   daemon [_thread_in_native, id=20348, stack(0x00000075a3200000,0x00000075a3300000) (1024K)]
  0x000001c3ff319c90 JavaThread "Thread-2"                   daemon [_thread_in_native, id=19624, stack(0x00000075a3300000,0x00000075a3400000) (1024K)]
  0x000001c3ff31a320 JavaThread "Thread-3"                   daemon [_thread_in_native, id=15528, stack(0x00000075a3400000,0x00000075a3500000) (1024K)]
  0x000001c3ff31c3f0 JavaThread "Thread-4"                   daemon [_thread_in_native, id=1316, stack(0x00000075a3500000,0x00000075a3600000) (1024K)]
  0x000001c3c68d0d10 JavaThread "Thread-5"                   daemon [_thread_in_native, id=19112, stack(0x00000075a3600000,0x00000075a3700000) (1024K)]
  0x000001c3c68cf2d0 JavaThread "Thread-6"                   daemon [_thread_in_native, id=3304, stack(0x00000075a3700000,0x00000075a3800000) (1024K)]
  0x000001c3c68d20c0 JavaThread "Thread-7"                   daemon [_thread_in_native, id=8824, stack(0x00000075a3800000,0x00000075a3900000) (1024K)]
  0x000001c3c68cec40 JavaThread "Thread-8"                   daemon [_thread_in_native, id=20680, stack(0x00000075a3900000,0x00000075a3a00000) (1024K)]
  0x000001c3c68d13a0 JavaThread "Thread-9"                   daemon [_thread_in_native, id=12504, stack(0x00000075a3a00000,0x00000075a3b00000) (1024K)]
  0x000001c3c68d1a30 JavaThread "Thread-10"                  daemon [_thread_in_native, id=17912, stack(0x00000075a3b00000,0x00000075a3c00000) (1024K)]
  0x000001c3c68d2de0 JavaThread "Thread-11"                  daemon [_thread_in_native, id=20128, stack(0x00000075a3c00000,0x00000075a3d00000) (1024K)]
  0x000001c3c68d2750 JavaThread "Thread-12"                  daemon [_thread_in_native, id=18816, stack(0x00000075a3d00000,0x00000075a3e00000) (1024K)]
  0x000001c3c68cf960 JavaThread "Thread-13"                  daemon [_thread_in_native, id=11952, stack(0x00000075a3e00000,0x00000075a3f00000) (1024K)]
  0x000001c3c68d0680 JavaThread "pool-2-thread-1"                   [_thread_blocked, id=7872, stack(0x00000075a3f00000,0x00000075a4000000) (1024K)]
  0x000001c3c68d3470 JavaThread "Timer-0"                           [_thread_blocked, id=12092, stack(0x00000075a4000000,0x00000075a4100000) (1024K)]
  0x000001c3c68cfff0 JavaThread "Timer-1"                           [_thread_blocked, id=8924, stack(0x00000075a4100000,0x00000075a4200000) (1024K)]
  0x000001c3c68d4190 JavaThread "WorkspaceEventsHandler"            [_thread_blocked, id=2284, stack(0x00000075a4200000,0x00000075a4300000) (1024K)]
  0x000001c3c68d4820 JavaThread "pool-1-thread-1"                   [_thread_blocked, id=3652, stack(0x00000075a4300000,0x00000075a4400000) (1024K)]
  0x000001c3c68d4eb0 JavaThread "ForkJoinPool.commonPool-worker-1" daemon [_thread_blocked, id=18452, stack(0x00000075a4500000,0x00000075a4600000) (1024K)]
  0x000001c3c68d5bd0 JavaThread "ForkJoinPool.commonPool-worker-2" daemon [_thread_blocked, id=10840, stack(0x00000075a4600000,0x00000075a4700000) (1024K)]
  0x000001c3c68d3b00 JavaThread "ForkJoinPool.commonPool-worker-3" daemon [_thread_blocked, id=7988, stack(0x00000075a4700000,0x00000075a4800000) (1024K)]
  0x000001c3c68d6260 JavaThread "ForkJoinPool.commonPool-worker-4" daemon [_thread_blocked, id=17100, stack(0x00000075a4800000,0x00000075a4900000) (1024K)]
  0x000001c3c6e1ff70 JavaThread "ForkJoinPool.commonPool-worker-5" daemon [_thread_blocked, id=7244, stack(0x00000075a4900000,0x00000075a4a00000) (1024K)]
  0x000001c3c6e21320 JavaThread "ForkJoinPool.commonPool-worker-6" daemon [_thread_blocked, id=11940, stack(0x00000075a4a00000,0x00000075a4b00000) (1024K)]
  0x000001c3c6e20c90 JavaThread "ForkJoinPool.commonPool-worker-7" daemon [_thread_blocked, id=11276, stack(0x00000075a4b00000,0x00000075a4c00000) (1024K)]
  0x000001c3c6e20600 JavaThread "ForkJoinPool.commonPool-worker-8" daemon [_thread_blocked, id=448, stack(0x00000075a4c00000,0x00000075a4d00000) (1024K)]
  0x000001c3c6e1f8e0 JavaThread "ForkJoinPool.commonPool-worker-9" daemon [_thread_blocked, id=21360, stack(0x00000075a4d00000,0x00000075a4e00000) (1024K)]
  0x000001c3c6e219b0 JavaThread "ForkJoinPool.commonPool-worker-10" daemon [_thread_blocked, id=14976, stack(0x00000075a4e00000,0x00000075a4f00000) (1024K)]
  0x000001c3c6e22040 JavaThread "ForkJoinPool.commonPool-worker-11" daemon [_thread_blocked, id=6784, stack(0x00000075a4f00000,0x00000075a5000000) (1024K)]
  0x000001c3c6e254c0 JavaThread "Timer-2"                           [_thread_blocked, id=19992, stack(0x00000075a5100000,0x00000075a5200000) (1024K)]
  0x000001c3c6e233f0 JavaThread "Timer-3"                           [_thread_blocked, id=2756, stack(0x00000075a4400000,0x00000075a4500000) (1024K)]
  0x000001c3c6e24e30 JavaThread "Timer-4"                           [_thread_blocked, id=8632, stack(0x00000075a5200000,0x00000075a5300000) (1024K)]
  0x000001c3c6e226d0 JavaThread "Timer-5"                           [_thread_blocked, id=3772, stack(0x00000075a5300000,0x00000075a5400000) (1024K)]
  0x000001c3c6e261e0 JavaThread "Timer-6"                           [_thread_blocked, id=13080, stack(0x00000075a5400000,0x00000075a5500000) (1024K)]
  0x000001c3c6e23a80 JavaThread "Timer-7"                           [_thread_blocked, id=12748, stack(0x00000075a5500000,0x00000075a5600000) (1024K)]
  0x000001c3c6e22d60 JavaThread "Timer-8"                           [_thread_blocked, id=13416, stack(0x00000075a5600000,0x00000075a5700000) (1024K)]
  0x000001c3ca0a0780 JavaThread "Timer-9"                           [_thread_blocked, id=5288, stack(0x00000075a5700000,0x00000075a5800000) (1024K)]
  0x000001c3ca0a0e10 JavaThread "Timer-10"                          [_thread_blocked, id=20756, stack(0x00000075a5000000,0x00000075a5100000) (1024K)]
  0x000001c3ca0a3570 JavaThread "Timer-11"                          [_thread_blocked, id=7604, stack(0x00000075a5900000,0x00000075a5a00000) (1024K)]
=>0x000001c3ca064680 JavaThread "C2 CompilerThread1"         daemon [_thread_in_native, id=3272, stack(0x00000075a2d00000,0x00000075a2e00000) (1024K)]
  0x000001c3ca0616d0 JavaThread "C2 CompilerThread2"         daemon [_thread_in_native, id=7348, stack(0x00000075a5800000,0x00000075a5900000) (1024K)]
  0x000001c3ca0a1b30 JavaThread "Timer-12"                          [_thread_blocked, id=15640, stack(0x00000075a5a00000,0x00000075a5b00000) (1024K)]
Total: 67

Other Threads:
  0x000001c3e4185800 VMThread "VM Thread"                           [id=19140, stack(0x00000075a0c00000,0x00000075a0d00000) (1024K)]
  0x000001c3fc67ca10 WatcherThread "VM Periodic Task Thread"        [id=3168, stack(0x00000075a0b00000,0x00000075a0c00000) (1024K)]
  0x000001c3e40ff890 WorkerThread "GC Thread#0"                     [id=17008, stack(0x00000075a0a00000,0x00000075a0b00000) (1024K)]
  0x000001c3fec05650 WorkerThread "GC Thread#1"                     [id=10492, stack(0x00000075a1900000,0x00000075a1a00000) (1024K)]
  0x000001c3fec05a00 WorkerThread "GC Thread#2"                     [id=19716, stack(0x00000075a1a00000,0x00000075a1b00000) (1024K)]
  0x000001c3c5027370 WorkerThread "GC Thread#3"                     [id=10616, stack(0x00000075a1b00000,0x00000075a1c00000) (1024K)]
  0x000001c3c5027b20 WorkerThread "GC Thread#4"                     [id=16496, stack(0x00000075a1c00000,0x00000075a1d00000) (1024K)]
  0x000001c3c507e250 WorkerThread "GC Thread#5"                     [id=16996, stack(0x00000075a1d00000,0x00000075a1e00000) (1024K)]
  0x000001c3c507e600 WorkerThread "GC Thread#6"                     [id=20764, stack(0x00000075a1e00000,0x00000075a1f00000) (1024K)]
  0x000001c3c505b450 WorkerThread "GC Thread#7"                     [id=2872, stack(0x00000075a1800000,0x00000075a1900000) (1024K)]
  0x000001c3c52f9a30 WorkerThread "GC Thread#8"                     [id=13172, stack(0x00000075a2300000,0x00000075a2400000) (1024K)]
  0x000001c3c56860c0 WorkerThread "GC Thread#9"                     [id=18904, stack(0x00000075a2400000,0x00000075a2500000) (1024K)]
Total: 12

Threads with active compile tasks:
C2 CompilerThread0  65563 12313       4       org.eclipse.jdt.internal.compiler.lookup.BinaryTypeBinding::createAnnotations (59 bytes)
C1 CompilerThread0  65563 12497 % !   3       org.eclipse.jdt.internal.compiler.lookup.BinaryTypeBinding::createMethods @ 207 (411 bytes)
C2 CompilerThread1  65563 11966       4       org.eclipse.jdt.internal.compiler.lookup.BinaryTypeBinding::createMethod (1666 bytes)
C2 CompilerThread2  65563 12456       4       lombok.eclipse.handlers.EclipseHandlerUtil::findCopyableAnnotations (243 bytes)
Total: 4

VM state: not at safepoint (normal execution)

VM Mutex/Monitor currently owned by a thread: None

Heap address: 0x0000000080000000, size: 2048 MB, Compressed Oops mode: 32-bit

CDS archive(s) mapped at: [0x000001c380000000-0x000001c380ba0000-0x000001c380ba0000), size 12189696, SharedBaseAddress: 0x000001c380000000, ArchiveRelocationMode: 1.
Compressed class space mapped at: 0x000001c381000000-0x000001c3c1000000, reserved size: 1073741824
Narrow klass base: 0x000001c380000000, Narrow klass shift: 0, Narrow klass range: 0x100000000

GC Precious Log:
 CardTable entry size: 512
 CPUs: 12 total, 12 available
 Memory: 7835M
 Large Page Support: Disabled
 NUMA Support: Disabled
 Compressed Oops: Enabled (32-bit)
 Alignments: Space 512K, Generation 512K, Heap 2M
 Heap Min Capacity: 100M
 Heap Initial Capacity: 100M
 Heap Max Capacity: 2G
 Pre-touch: Disabled
 Parallel Workers: 10

Heap:
 PSYoungGen      total 18432K, used 6260K [0x00000000d5580000, 0x00000000d6a80000, 0x0000000100000000)
  eden space 14336K, 36% used [0x00000000d5580000,0x00000000d5aa51e8,0x00000000d6380000)
  from space 4096K, 24% used [0x00000000d6380000,0x00000000d6478210,0x00000000d6780000)
  to   space 2048K, 0% used [0x00000000d6880000,0x00000000d6880000,0x00000000d6a80000)
 ParOldGen       total 102912K, used 102889K [0x0000000080000000, 0x0000000086480000, 0x00000000d5580000)
  object space 102912K, 99% used [0x0000000080000000,0x000000008647a4b8,0x0000000086480000)
 Metaspace       used 81412K, committed 83136K, reserved 1179648K
  class space    used 9840K, committed 10624K, reserved 1048576K

Card table byte_map: [0x000001c3f7ae0000,0x000001c3f7ef0000] _byte_map_base: 0x000001c3f76e0000

Marking Bits: (ParMarkBitMap*) 0x00007ffd36393450
 Begin Bits: [0x000001c3f81a0000, 0x000001c3fa1a0000)
 End Bits:   [0x000001c3fa1a0000, 0x000001c3fc1a0000)

Polling page: 0x000001c3e3ad0000

Metaspace:

Usage:
  Non-class:     69.89 MB used.
      Class:      9.61 MB used.
       Both:     79.50 MB used.

Virtual space:
  Non-class space:      128.00 MB reserved,      70.81 MB ( 55%) committed,  2 nodes.
      Class space:        1.00 GB reserved,      10.38 MB (  1%) committed,  1 nodes.
             Both:        1.12 GB reserved,      81.19 MB (  7%) committed. 

Chunk freelists:
   Non-Class:  8.83 MB
       Class:  5.51 MB
        Both:  14.34 MB

MaxMetaspaceSize: unlimited
CompressedClassSpaceSize: 1.00 GB
Initial GC threshold: 21.00 MB
Current GC threshold: 97.31 MB
CDS: on
 - commit_granule_bytes: 65536.
 - commit_granule_words: 8192.
 - virtual_space_node_default_size: 8388608.
 - enlarge_chunks_in_place: 1.
 - use_allocation_guard: 0.


Internal statistics:

num_allocs_failed_limit: 9.
num_arena_births: 1742.
num_arena_deaths: 14.
num_vsnodes_births: 3.
num_vsnodes_deaths: 0.
num_space_committed: 1299.
num_space_uncommitted: 0.
num_chunks_returned_to_freelist: 23.
num_chunks_taken_from_freelist: 5743.
num_chunk_merges: 15.
num_chunk_splits: 3495.
num_chunks_enlarged: 1892.
num_inconsistent_stats: 0.

CodeHeap 'non-profiled nmethods': size=120000Kb used=8366Kb max_used=8366Kb free=111633Kb
 bounds [0x000001c3f03d0000, 0x000001c3f0c00000, 0x000001c3f7900000]
CodeHeap 'profiled nmethods': size=120000Kb used=25040Kb max_used=25040Kb free=94959Kb
 bounds [0x000001c3e8900000, 0x000001c3ea180000, 0x000001c3efe30000]
CodeHeap 'non-nmethods': size=5760Kb used=1448Kb max_used=1531Kb free=4311Kb
 bounds [0x000001c3efe30000, 0x000001c3f00a0000, 0x000001c3f03d0000]
CodeCache: size=245760Kb, used=34854Kb, max_used=34937Kb, free=210903Kb
 total_blobs=12475, nmethods=11714, adapters=666, full_count=0
Compilation: enabled, stopped_count=0, restarted_count=0

Compilation events (20 events):
Event: 64.488 Thread 0x000001c3fdc07df0 nmethod 12447 0x000001c3ea14a810 code [0x000001c3ea14ac40, 0x000001c3ea14cfe0]
Event: 64.490 Thread 0x000001c3fdc07df0 12448       2       org.eclipse.jdt.internal.compiler.lookup.SplitPackageBinding::combineAll (202 bytes)
Event: 64.492 Thread 0x000001c3fdc07df0 nmethod 12448 0x000001c3ea14dc90 code [0x000001c3ea14df40, 0x000001c3ea14e888]
Event: 64.492 Thread 0x000001c3fdc07df0 12451       1       java.util.concurrent.ConcurrentLinkedQueue::lambda$clear$2 (2 bytes)
Event: 64.492 Thread 0x000001c3fdc07df0 nmethod 12451 0x000001c3f0be2310 code [0x000001c3f0be24a0, 0x000001c3f0be2548]
Event: 64.492 Thread 0x000001c3fdc07df0 12449       2       org.eclipse.jdt.internal.compiler.lookup.ModuleBinding::getRequiredModules (19 bytes)
Event: 64.493 Thread 0x000001c3fdc07df0 nmethod 12449 0x000001c3ea14ed10 code [0x000001c3ea14eee0, 0x000001c3ea14f0e0]
Event: 64.497 Thread 0x000001c3fdc07df0 12452       2       lombok.eclipse.agent.PatchVal::couldBe (291 bytes)
Event: 64.499 Thread 0x000001c3fdc07df0 nmethod 12452 0x000001c3ea14f290 code [0x000001c3ea14f4e0, 0x000001c3ea14fdf8]
Event: 64.502 Thread 0x000001c3fdc07df0 12453       2       org.eclipse.osgi.internal.log.EquinoxLogWriter::writeSpace (7 bytes)
Event: 64.502 Thread 0x000001c3fdc07df0 nmethod 12453 0x000001c3ea150410 code [0x000001c3ea1505c0, 0x000001c3ea150760]
Event: 64.502 Thread 0x000001c3fdc07df0 12454       2       sun.util.calendar.BaseCalendar::getFixedDate (324 bytes)
Event: 64.505 Thread 0x000001c3fdc07df0 nmethod 12454 0x000001c3ea150890 code [0x000001c3ea150ae0, 0x000001c3ea1517f0]
Event: 64.506 Thread 0x000001c3fdc07df0 12455       2       org.eclipse.jdt.internal.compiler.parser.Parser::concatNodeLists (31 bytes)
Event: 64.506 Thread 0x000001c3fdc07df0 nmethod 12455 0x000001c3ea151f90 code [0x000001c3ea152140, 0x000001c3ea1522a8]
Event: 64.510 Thread 0x000001c3ca0616d0 nmethod 12033 0x000001c3f0be2610 code [0x000001c3f0be2e40, 0x000001c3f0be84f8]
Event: 64.512 Thread 0x000001c3ca0616d0 12456       4       lombok.eclipse.handlers.EclipseHandlerUtil::findCopyableAnnotations (243 bytes)
Event: 64.516 Thread 0x000001c3fdc07df0 12458   !   2       com.google.gson.Gson::toJson (179 bytes)
Event: 64.518 Thread 0x000001c3fdc07df0 nmethod 12458 0x000001c3ea152390 code [0x000001c3ea152640, 0x000001c3ea152fc0]
Event: 64.525 Thread 0x000001c3fdc07df0 12459       2       org.eclipse.jdt.internal.compiler.lookup.MethodScope::checkAndSetModifiersForMethod (713 bytes)

GC Heap History (20 events):
Event: 62.334 GC heap after
{Heap after GC invocations=90 (full 3):
 PSYoungGen      total 17920K, used 752K [0x00000000d5580000, 0x00000000d6800000, 0x0000000100000000)
  eden space 16896K, 0% used [0x00000000d5580000,0x00000000d5580000,0x00000000d6600000)
  from space 1024K, 73% used [0x00000000d6600000,0x00000000d66bc088,0x00000000d6700000)
  to   space 1024K, 0% used [0x00000000d6700000,0x00000000d6700000,0x00000000d6800000)
 ParOldGen       total 93184K, used 92889K [0x0000000080000000, 0x0000000085b00000, 0x00000000d5580000)
  object space 93184K, 99% used [0x0000000080000000,0x0000000085ab6480,0x0000000085b00000)
 Metaspace       used 77988K, committed 79680K, reserved 1179648K
  class space    used 9563K, committed 10304K, reserved 1048576K
}
Event: 62.388 GC heap before
{Heap before GC invocations=91 (full 3):
 PSYoungGen      total 17920K, used 17648K [0x00000000d5580000, 0x00000000d6800000, 0x0000000100000000)
  eden space 16896K, 100% used [0x00000000d5580000,0x00000000d6600000,0x00000000d6600000)
  from space 1024K, 73% used [0x00000000d6600000,0x00000000d66bc088,0x00000000d6700000)
  to   space 1024K, 0% used [0x00000000d6700000,0x00000000d6700000,0x00000000d6800000)
 ParOldGen       total 93184K, used 92889K [0x0000000080000000, 0x0000000085b00000, 0x00000000d5580000)
  object space 93184K, 99% used [0x0000000080000000,0x0000000085ab6480,0x0000000085b00000)
 Metaspace       used 78113K, committed 79872K, reserved 1179648K
  class space    used 9573K, committed 10368K, reserved 1048576K
}
Event: 62.390 GC heap after
{Heap after GC invocations=91 (full 3):
 PSYoungGen      total 17920K, used 884K [0x00000000d5580000, 0x00000000d6800000, 0x0000000100000000)
  eden space 16896K, 0% used [0x00000000d5580000,0x00000000d5580000,0x00000000d6600000)
  from space 1024K, 86% used [0x00000000d6700000,0x00000000d67dd308,0x00000000d6800000)
  to   space 1024K, 0% used [0x00000000d6600000,0x00000000d6600000,0x00000000d6700000)
 ParOldGen       total 93696K, used 93431K [0x0000000080000000, 0x0000000085b80000, 0x00000000d5580000)
  object space 93696K, 99% used [0x0000000080000000,0x0000000085b3dc98,0x0000000085b80000)
 Metaspace       used 78113K, committed 79872K, reserved 1179648K
  class space    used 9573K, committed 10368K, reserved 1048576K
}
Event: 62.462 GC heap before
{Heap before GC invocations=92 (full 3):
 PSYoungGen      total 17920K, used 17773K [0x00000000d5580000, 0x00000000d6800000, 0x0000000100000000)
  eden space 16896K, 99% used [0x00000000d5580000,0x00000000d65fe238,0x00000000d6600000)
  from space 1024K, 86% used [0x00000000d6700000,0x00000000d67dd308,0x00000000d6800000)
  to   space 1024K, 0% used [0x00000000d6600000,0x00000000d6600000,0x00000000d6700000)
 ParOldGen       total 93696K, used 93431K [0x0000000080000000, 0x0000000085b80000, 0x00000000d5580000)
  object space 93696K, 99% used [0x0000000080000000,0x0000000085b3dc98,0x0000000085b80000)
 Metaspace       used 78128K, committed 79872K, reserved 1179648K
  class space    used 9573K, committed 10368K, reserved 1048576K
}
Event: 62.465 GC heap after
{Heap after GC invocations=92 (full 3):
 PSYoungGen      total 17920K, used 812K [0x00000000d5580000, 0x00000000d6800000, 0x0000000100000000)
  eden space 16896K, 0% used [0x00000000d5580000,0x00000000d5580000,0x00000000d6600000)
  from space 1024K, 79% used [0x00000000d6600000,0x00000000d66cb390,0x00000000d6700000)
  to   space 1024K, 0% used [0x00000000d6700000,0x00000000d6700000,0x00000000d6800000)
 ParOldGen       total 95232K, used 94971K [0x0000000080000000, 0x0000000085d00000, 0x00000000d5580000)
  object space 95232K, 99% used [0x0000000080000000,0x0000000085cbee28,0x0000000085d00000)
 Metaspace       used 78128K, committed 79872K, reserved 1179648K
  class space    used 9573K, committed 10368K, reserved 1048576K
}
Event: 62.524 GC heap before
{Heap before GC invocations=93 (full 3):
 PSYoungGen      total 17920K, used 17708K [0x00000000d5580000, 0x00000000d6800000, 0x0000000100000000)
  eden space 16896K, 100% used [0x00000000d5580000,0x00000000d6600000,0x00000000d6600000)
  from space 1024K, 79% used [0x00000000d6600000,0x00000000d66cb390,0x00000000d6700000)
  to   space 1024K, 0% used [0x00000000d6700000,0x00000000d6700000,0x00000000d6800000)
 ParOldGen       total 95232K, used 94971K [0x0000000080000000, 0x0000000085d00000, 0x00000000d5580000)
  object space 95232K, 99% used [0x0000000080000000,0x0000000085cbee28,0x0000000085d00000)
 Metaspace       used 78157K, committed 79872K, reserved 1179648K
  class space    used 9576K, committed 10368K, reserved 1048576K
}
Event: 62.526 GC heap after
{Heap after GC invocations=93 (full 3):
 PSYoungGen      total 17920K, used 651K [0x00000000d5580000, 0x00000000d6800000, 0x0000000100000000)
  eden space 16896K, 0% used [0x00000000d5580000,0x00000000d5580000,0x00000000d6600000)
  from space 1024K, 63% used [0x00000000d6700000,0x00000000d67a2fb0,0x00000000d6800000)
  to   space 1024K, 0% used [0x00000000d6600000,0x00000000d6600000,0x00000000d6700000)
 ParOldGen       total 95744K, used 95664K [0x0000000080000000, 0x0000000085d80000, 0x00000000d5580000)
  object space 95744K, 99% used [0x0000000080000000,0x0000000085d6c1d0,0x0000000085d80000)
 Metaspace       used 78157K, committed 79872K, reserved 1179648K
  class space    used 9576K, committed 10368K, reserved 1048576K
}
Event: 62.924 GC heap before
{Heap before GC invocations=94 (full 3):
 PSYoungGen      total 17920K, used 17547K [0x00000000d5580000, 0x00000000d6800000, 0x0000000100000000)
  eden space 16896K, 100% used [0x00000000d5580000,0x00000000d6600000,0x00000000d6600000)
  from space 1024K, 63% used [0x00000000d6700000,0x00000000d67a2fb0,0x00000000d6800000)
  to   space 1024K, 0% used [0x00000000d6600000,0x00000000d6600000,0x00000000d6700000)
 ParOldGen       total 95744K, used 95664K [0x0000000080000000, 0x0000000085d80000, 0x00000000d5580000)
  object space 95744K, 99% used [0x0000000080000000,0x0000000085d6c1d0,0x0000000085d80000)
 Metaspace       used 79075K, committed 80832K, reserved 1179648K
  class space    used 9678K, committed 10432K, reserved 1048576K
}
Event: 62.927 GC heap after
{Heap after GC invocations=94 (full 3):
 PSYoungGen      total 17920K, used 1006K [0x00000000d5580000, 0x00000000d6a00000, 0x0000000100000000)
  eden space 16896K, 0% used [0x00000000d5580000,0x00000000d5580000,0x00000000d6600000)
  from space 1024K, 98% used [0x00000000d6600000,0x00000000d66fb8c0,0x00000000d6700000)
  to   space 2048K, 0% used [0x00000000d6800000,0x00000000d6800000,0x00000000d6a00000)
 ParOldGen       total 96256K, used 96249K [0x0000000080000000, 0x0000000085e00000, 0x00000000d5580000)
  object space 96256K, 99% used [0x0000000080000000,0x0000000085dfe730,0x0000000085e00000)
 Metaspace       used 79075K, committed 80832K, reserved 1179648K
  class space    used 9678K, committed 10432K, reserved 1048576K
}
Event: 63.344 GC heap before
{Heap before GC invocations=95 (full 3):
 PSYoungGen      total 17920K, used 17902K [0x00000000d5580000, 0x00000000d6a00000, 0x0000000100000000)
  eden space 16896K, 100% used [0x00000000d5580000,0x00000000d6600000,0x00000000d6600000)
  from space 1024K, 98% used [0x00000000d6600000,0x00000000d66fb8c0,0x00000000d6700000)
  to   space 2048K, 0% used [0x00000000d6800000,0x00000000d6800000,0x00000000d6a00000)
 ParOldGen       total 96256K, used 96249K [0x0000000080000000, 0x0000000085e00000, 0x00000000d5580000)
  object space 96256K, 99% used [0x0000000080000000,0x0000000085dfe730,0x0000000085e00000)
 Metaspace       used 79998K, committed 81792K, reserved 1179648K
  class space    used 9766K, committed 10560K, reserved 1048576K
}
Event: 63.346 GC heap after
{Heap after GC invocations=95 (full 3):
 PSYoungGen      total 18944K, used 1655K [0x00000000d5580000, 0x00000000d6a00000, 0x0000000100000000)
  eden space 16896K, 0% used [0x00000000d5580000,0x00000000d5580000,0x00000000d6600000)
  from space 2048K, 80% used [0x00000000d6800000,0x00000000d699de98,0x00000000d6a00000)
  to   space 2048K, 0% used [0x00000000d6600000,0x00000000d6600000,0x00000000d6800000)
 ParOldGen       total 97280K, used 97101K [0x0000000080000000, 0x0000000085f00000, 0x00000000d5580000)
  object space 97280K, 99% used [0x0000000080000000,0x0000000085ed3460,0x0000000085f00000)
 Metaspace       used 79998K, committed 81792K, reserved 1179648K
  class space    used 9766K, committed 10560K, reserved 1048576K
}
Event: 63.681 GC heap before
{Heap before GC invocations=96 (full 3):
 PSYoungGen      total 18944K, used 18551K [0x00000000d5580000, 0x00000000d6a00000, 0x0000000100000000)
  eden space 16896K, 100% used [0x00000000d5580000,0x00000000d6600000,0x00000000d6600000)
  from space 2048K, 80% used [0x00000000d6800000,0x00000000d699de98,0x00000000d6a00000)
  to   space 2048K, 0% used [0x00000000d6600000,0x00000000d6600000,0x00000000d6800000)
 ParOldGen       total 97280K, used 97101K [0x0000000080000000, 0x0000000085f00000, 0x00000000d5580000)
  object space 97280K, 99% used [0x0000000080000000,0x0000000085ed3460,0x0000000085f00000)
 Metaspace       used 80698K, committed 82496K, reserved 1179648K
  class space    used 9815K, committed 10624K, reserved 1048576K
}
Event: 63.685 GC heap after
{Heap after GC invocations=96 (full 3):
 PSYoungGen      total 17920K, used 760K [0x00000000d5580000, 0x00000000d6900000, 0x0000000100000000)
  eden space 16896K, 0% used [0x00000000d5580000,0x00000000d5580000,0x00000000d6600000)
  from space 1024K, 74% used [0x00000000d6600000,0x00000000d66be390,0x00000000d6700000)
  to   space 1536K, 0% used [0x00000000d6780000,0x00000000d6780000,0x00000000d6900000)
 ParOldGen       total 98816K, used 98688K [0x0000000080000000, 0x0000000086080000, 0x00000000d5580000)
  object space 98816K, 99% used [0x0000000080000000,0x00000000860602c8,0x0000000086080000)
 Metaspace       used 80698K, committed 82496K, reserved 1179648K
  class space    used 9815K, committed 10624K, reserved 1048576K
}
Event: 63.868 GC heap before
{Heap before GC invocations=97 (full 3):
 PSYoungGen      total 17920K, used 17656K [0x00000000d5580000, 0x00000000d6900000, 0x0000000100000000)
  eden space 16896K, 100% used [0x00000000d5580000,0x00000000d6600000,0x00000000d6600000)
  from space 1024K, 74% used [0x00000000d6600000,0x00000000d66be390,0x00000000d6700000)
  to   space 1536K, 0% used [0x00000000d6780000,0x00000000d6780000,0x00000000d6900000)
 ParOldGen       total 98816K, used 98688K [0x0000000080000000, 0x0000000086080000, 0x00000000d5580000)
  object space 98816K, 99% used [0x0000000080000000,0x00000000860602c8,0x0000000086080000)
 Metaspace       used 80858K, committed 82624K, reserved 1179648K
  class space    used 9818K, committed 10624K, reserved 1048576K
}
Event: 63.871 GC heap after
{Heap after GC invocations=97 (full 3):
 PSYoungGen      total 18432K, used 1347K [0x00000000d5580000, 0x00000000d6900000, 0x0000000100000000)
  eden space 16896K, 0% used [0x00000000d5580000,0x00000000d5580000,0x00000000d6600000)
  from space 1536K, 87% used [0x00000000d6780000,0x00000000d68d0d00,0x00000000d6900000)
  to   space 1536K, 0% used [0x00000000d6600000,0x00000000d6600000,0x00000000d6780000)
 ParOldGen       total 99328K, used 99291K [0x0000000080000000, 0x0000000086100000, 0x00000000d5580000)
  object space 99328K, 99% used [0x0000000080000000,0x00000000860f6ca8,0x0000000086100000)
 Metaspace       used 80858K, committed 82624K, reserved 1179648K
  class space    used 9818K, committed 10624K, reserved 1048576K
}
Event: 64.039 GC heap before
{Heap before GC invocations=98 (full 3):
 PSYoungGen      total 18432K, used 18243K [0x00000000d5580000, 0x00000000d6900000, 0x0000000100000000)
  eden space 16896K, 100% used [0x00000000d5580000,0x00000000d6600000,0x00000000d6600000)
  from space 1536K, 87% used [0x00000000d6780000,0x00000000d68d0d00,0x00000000d6900000)
  to   space 1536K, 0% used [0x00000000d6600000,0x00000000d6600000,0x00000000d6780000)
 ParOldGen       total 99328K, used 99291K [0x0000000080000000, 0x0000000086100000, 0x00000000d5580000)
  object space 99328K, 99% used [0x0000000080000000,0x00000000860f6ca8,0x0000000086100000)
 Metaspace       used 80983K, committed 82752K, reserved 1179648K
  class space    used 9818K, committed 10624K, reserved 1048576K
}
Event: 64.042 GC heap after
{Heap after GC invocations=98 (full 3):
 PSYoungGen      total 18432K, used 1034K [0x00000000d5580000, 0x00000000d6900000, 0x0000000100000000)
  eden space 16896K, 0% used [0x00000000d5580000,0x00000000d5580000,0x00000000d6600000)
  from space 1536K, 67% used [0x00000000d6600000,0x00000000d6702910,0x00000000d6780000)
  to   space 1536K, 0% used [0x00000000d6780000,0x00000000d6780000,0x00000000d6900000)
 ParOldGen       total 100864K, used 100364K [0x0000000080000000, 0x0000000086280000, 0x00000000d5580000)
  object space 100864K, 99% used [0x0000000080000000,0x00000000862030b8,0x0000000086280000)
 Metaspace       used 80983K, committed 82752K, reserved 1179648K
  class space    used 9818K, committed 10624K, reserved 1048576K
}
Event: 64.264 GC heap before
{Heap before GC invocations=99 (full 3):
 PSYoungGen      total 18432K, used 17930K [0x00000000d5580000, 0x00000000d6900000, 0x0000000100000000)
  eden space 16896K, 100% used [0x00000000d5580000,0x00000000d6600000,0x00000000d6600000)
  from space 1536K, 67% used [0x00000000d6600000,0x00000000d6702910,0x00000000d6780000)
  to   space 1536K, 0% used [0x00000000d6780000,0x00000000d6780000,0x00000000d6900000)
 ParOldGen       total 100864K, used 100364K [0x0000000080000000, 0x0000000086280000, 0x00000000d5580000)
  object space 100864K, 99% used [0x0000000080000000,0x00000000862030b8,0x0000000086280000)
 Metaspace       used 81161K, committed 82944K, reserved 1179648K
  class space    used 9826K, committed 10624K, reserved 1048576K
}
Event: 64.269 GC heap after
{Heap after GC invocations=99 (full 3):
 PSYoungGen      total 15872K, used 1530K [0x00000000d5580000, 0x00000000d6e00000, 0x0000000100000000)
  eden space 14336K, 0% used [0x00000000d5580000,0x00000000d5580000,0x00000000d6380000)
  from space 1536K, 99% used [0x00000000d6780000,0x00000000d68fe820,0x00000000d6900000)
  to   space 4096K, 0% used [0x00000000d6380000,0x00000000d6380000,0x00000000d6780000)
 ParOldGen       total 102400K, used 102069K [0x0000000080000000, 0x0000000086400000, 0x00000000d5580000)
  object space 102400K, 99% used [0x0000000080000000,0x00000000863ad7c0,0x0000000086400000)
 Metaspace       used 81161K, committed 82944K, reserved 1179648K
  class space    used 9826K, committed 10624K, reserved 1048576K
}
Event: 64.538 GC heap before
{Heap before GC invocations=100 (full 3):
 PSYoungGen      total 15872K, used 15866K [0x00000000d5580000, 0x00000000d6e00000, 0x0000000100000000)
  eden space 14336K, 100% used [0x00000000d5580000,0x00000000d6380000,0x00000000d6380000)
  from space 1536K, 99% used [0x00000000d6780000,0x00000000d68fe820,0x00000000d6900000)
  to   space 4096K, 0% used [0x00000000d6380000,0x00000000d6380000,0x00000000d6780000)
 ParOldGen       total 102400K, used 102069K [0x0000000080000000, 0x0000000086400000, 0x00000000d5580000)
  object space 102400K, 99% used [0x0000000080000000,0x00000000863ad7c0,0x0000000086400000)
 Metaspace       used 81374K, committed 83136K, reserved 1179648K
  class space    used 9840K, committed 10624K, reserved 1048576K
}

Dll operation events (15 events):
Event: 0.021 Loaded shared library c:\Users\HP\.antigravity\extensions\redhat.java-1.54.0-win32-x64\jre\21.0.10-win32-x86_64\bin\java.dll
Event: 0.102 Loaded shared library c:\Users\HP\.antigravity\extensions\redhat.java-1.54.0-win32-x64\jre\21.0.10-win32-x86_64\bin\zip.dll
Event: 0.133 Loaded shared library C:\Users\HP\.antigravity\extensions\redhat.java-1.54.0-win32-x64\jre\21.0.10-win32-x86_64\bin\instrument.dll
Event: 0.140 Loaded shared library C:\Users\HP\.antigravity\extensions\redhat.java-1.54.0-win32-x64\jre\21.0.10-win32-x86_64\bin\net.dll
Event: 0.147 Loaded shared library C:\Users\HP\.antigravity\extensions\redhat.java-1.54.0-win32-x64\jre\21.0.10-win32-x86_64\bin\nio.dll
Event: 0.152 Loaded shared library C:\Users\HP\.antigravity\extensions\redhat.java-1.54.0-win32-x64\jre\21.0.10-win32-x86_64\bin\zip.dll
Event: 0.180 Loaded shared library C:\Users\HP\.antigravity\extensions\redhat.java-1.54.0-win32-x64\jre\21.0.10-win32-x86_64\bin\jimage.dll
Event: 0.331 Loaded shared library c:\Users\HP\.antigravity\extensions\redhat.java-1.54.0-win32-x64\jre\21.0.10-win32-x86_64\bin\verify.dll
Event: 2.436 Loaded shared library C:\Users\HP\AppData\Roaming\Antigravity\User\globalStorage\redhat.java\1.54.0\config_win\org.eclipse.equinox.launcher\org.eclipse.equinox.launcher.win32.win32.x86_64_1.3.0.v20260203-2149\eclipse_11919.dll
Event: 7.967 Loaded shared library C:\Users\HP\AppData\Local\Temp\jna-2312\jna11847506683453703122.dll
Event: 15.760 Loaded shared library C:\Users\HP\.gradle\native\1def1411415f61bf3af743bc5b6707747c0891f09f0c88961ee8f79bc544acac\windows-amd64\native-platform.dll
Event: 18.312 Loaded shared library C:\Users\HP\.antigravity\extensions\redhat.java-1.54.0-win32-x64\jre\21.0.10-win32-x86_64\bin\management.dll
Event: 18.317 Loaded shared library C:\Users\HP\.antigravity\extensions\redhat.java-1.54.0-win32-x64\jre\21.0.10-win32-x86_64\bin\management_ext.dll
Event: 21.046 Loaded shared library C:\Users\HP\.antigravity\extensions\redhat.java-1.54.0-win32-x64\jre\21.0.10-win32-x86_64\bin\extnet.dll
Event: 24.308 Loaded shared library C:\Users\HP\.antigravity\extensions\redhat.java-1.54.0-win32-x64\jre\21.0.10-win32-x86_64\bin\sunmscapi.dll

Deoptimization events (20 events):
Event: 64.243 Thread 0x000001c3ff31bd60 Uncommon trap: trap_request=0xffffffde fr.pc=0x000001c3f0bc5238 relative=0x0000000000000d78
Event: 64.243 Thread 0x000001c3ff31bd60 Uncommon trap: reason=class_check action=maybe_recompile pc=0x000001c3f0bc5238 method=org.eclipse.jdt.internal.compiler.parser.Parser.consumeRule(I)V @ 6758 c2
Event: 64.243 Thread 0x000001c3ff31bd60 DEOPT PACKING pc=0x000001c3f0bc5238 sp=0x00000075a30fe460
Event: 64.243 Thread 0x000001c3ff31bd60 DEOPT UNPACKING pc=0x000001c3efe83aa2 sp=0x00000075a30fe3f0 mode 2
Event: 64.243 Thread 0x000001c3ff31bd60 Uncommon trap: trap_request=0xffffffde fr.pc=0x000001c3f0bc5238 relative=0x0000000000000d78
Event: 64.243 Thread 0x000001c3ff31bd60 Uncommon trap: reason=class_check action=maybe_recompile pc=0x000001c3f0bc5238 method=org.eclipse.jdt.internal.compiler.parser.Parser.consumeRule(I)V @ 6758 c2
Event: 64.244 Thread 0x000001c3ff31bd60 DEOPT PACKING pc=0x000001c3f0bc5238 sp=0x00000075a30fe460
Event: 64.244 Thread 0x000001c3ff31bd60 DEOPT UNPACKING pc=0x000001c3efe83aa2 sp=0x00000075a30fe3f0 mode 2
Event: 64.282 Thread 0x000001c3ff31bd60 DEOPT PACKING pc=0x000001c3e9fd91d3 sp=0x00000075a30fd0b0
Event: 64.282 Thread 0x000001c3ff31bd60 DEOPT UNPACKING pc=0x000001c3efe84242 sp=0x00000075a30fc550 mode 0
Event: 64.505 Thread 0x000001c3ff31a9b0 DEOPT PACKING pc=0x000001c3e9659dfe sp=0x00000075a2cfe4b0
Event: 64.505 Thread 0x000001c3ff31a9b0 DEOPT UNPACKING pc=0x000001c3efe84242 sp=0x00000075a2cfd948 mode 0
Event: 64.507 Thread 0x000001c3ff31bd60 DEOPT PACKING pc=0x000001c3e99f7a1f sp=0x00000075a30fd960
Event: 64.507 Thread 0x000001c3ff31bd60 DEOPT UNPACKING pc=0x000001c3efe84242 sp=0x00000075a30fce78 mode 0
Event: 64.516 Thread 0x000001c3ff31a9b0 Uncommon trap: trap_request=0xffffffde fr.pc=0x000001c3f0819848 relative=0x00000000000004e8
Event: 64.516 Thread 0x000001c3ff31a9b0 Uncommon trap: reason=class_check action=maybe_recompile pc=0x000001c3f0819848 method=java.util.AbstractMap.hashCode()I @ 3 c2
Event: 64.516 Thread 0x000001c3ff31a9b0 DEOPT PACKING pc=0x000001c3f0819848 sp=0x00000075a2cfec40
Event: 64.516 Thread 0x000001c3ff31a9b0 DEOPT UNPACKING pc=0x000001c3efe83aa2 sp=0x00000075a2cfebe8 mode 2
Event: 64.520 Thread 0x000001c3ff31bd60 DEOPT PACKING pc=0x000001c3e99f7a1f sp=0x00000075a30fd5f0
Event: 64.520 Thread 0x000001c3ff31bd60 DEOPT UNPACKING pc=0x000001c3efe84242 sp=0x00000075a30fcb08 mode 0

Classes loaded (20 events):
Event: 59.176 Loading class java/util/stream/Nodes$IntArrayNode done
Event: 59.177 Loading class java/util/stream/Nodes$IntFixedNodeBuilder done
Event: 59.177 Loading class java/util/stream/ReferencePipeline$4$1
Event: 59.177 Loading class java/util/stream/ReferencePipeline$4$1 done
Event: 59.951 Loading class java/util/concurrent/CompletableFuture$UniApply
Event: 59.951 Loading class java/util/concurrent/CompletableFuture$UniCompletion
Event: 59.951 Loading class java/util/concurrent/CompletableFuture$UniCompletion done
Event: 59.951 Loading class java/util/concurrent/CompletableFuture$UniApply done
Event: 59.953 Loading class java/util/concurrent/CompletableFuture$UniAccept
Event: 59.953 Loading class java/util/concurrent/CompletableFuture$UniAccept done
Event: 59.953 Loading class java/util/concurrent/CompletableFuture$UniExceptionally
Event: 59.954 Loading class java/util/concurrent/CompletableFuture$UniExceptionally done
Event: 60.106 Loading class java/util/Hashtable$KeySet
Event: 60.107 Loading class java/util/Hashtable$KeySet done
Event: 62.582 Loading class java/lang/invoke/MethodHandleImpl$CountingWrapper$1
Event: 62.582 Loading class java/lang/invoke/MethodHandleImpl$CountingWrapper$1 done
Event: 62.677 Loading class java/util/stream/ReduceOps$4
Event: 62.677 Loading class java/util/stream/ReduceOps$4 done
Event: 62.677 Loading class java/util/stream/ReduceOps$4ReducingSink
Event: 62.677 Loading class java/util/stream/ReduceOps$4ReducingSink done

Classes unloaded (7 events):
Event: 11.520 Thread 0x000001c3e4185800 Unloading class 0x000001c3811acc00 'java/lang/invoke/LambdaForm$MH+0x000001c3811acc00'
Event: 11.520 Thread 0x000001c3e4185800 Unloading class 0x000001c3811ac800 'java/lang/invoke/LambdaForm$MH+0x000001c3811ac800'
Event: 11.520 Thread 0x000001c3e4185800 Unloading class 0x000001c3811ac400 'java/lang/invoke/LambdaForm$MH+0x000001c3811ac400'
Event: 11.520 Thread 0x000001c3e4185800 Unloading class 0x000001c3811ac000 'java/lang/invoke/LambdaForm$MH+0x000001c3811ac000'
Event: 11.520 Thread 0x000001c3e4185800 Unloading class 0x000001c3811abc00 'java/lang/invoke/LambdaForm$BMH+0x000001c3811abc00'
Event: 11.520 Thread 0x000001c3e4185800 Unloading class 0x000001c3811ab800 'java/lang/invoke/LambdaForm$DMH+0x000001c3811ab800'
Event: 11.520 Thread 0x000001c3e4185800 Unloading class 0x000001c3811aa400 'java/lang/invoke/LambdaForm$DMH+0x000001c3811aa400'

Classes redefined (0 events):
No events

Internal exceptions (20 events):
Event: 62.275 Thread 0x000001c3c6e219b0 Exception <a 'sun/nio/fs/WindowsException'{0x00000000d5fa8628}> (0x00000000d5fa8628) 
thrown [s\src\hotspot\share\prims\jni.cpp, line 520]
Event: 62.276 Thread 0x000001c3c6e219b0 Exception <a 'sun/nio/fs/WindowsException'{0x00000000d5fa9158}> (0x00000000d5fa9158) 
thrown [s\src\hotspot\share\prims\jni.cpp, line 520]
Event: 62.686 Thread 0x000001c3ff31bd60 Exception <a 'java/lang/NoSuchMethodError'{0x00000000d60d2560}: 'int java.lang.invoke.DirectMethodHandle$Holder.invokeSpecialIFC(java.lang.Object, java.lang.Object, java.lang.Object)'> (0x00000000d60d2560) 
thrown [s\src\hotspot\share\interpreter\linkResolver.cpp, line 773]
Event: 62.859 Thread 0x000001c3c68d5bd0 Implicit null exception at 0x000001c3f0a275e3 to 0x000001c3f0a2826c
Event: 63.168 Thread 0x000001c3ff31a9b0 Exception <a 'sun/nio/fs/WindowsException'{0x00000000d5d58d68}> (0x00000000d5d58d68) 
thrown [s\src\hotspot\share\prims\jni.cpp, line 520]
Event: 63.169 Thread 0x000001c3ff31a9b0 Exception <a 'sun/nio/fs/WindowsException'{0x00000000d5d595e8}> (0x00000000d5d595e8) 
thrown [s\src\hotspot\share\prims\jni.cpp, line 520]
Event: 63.169 Thread 0x000001c3ff31a9b0 Exception <a 'sun/nio/fs/WindowsException'{0x00000000d5d6ea98}> (0x00000000d5d6ea98) 
thrown [s\src\hotspot\share\prims\jni.cpp, line 520]
Event: 63.170 Thread 0x000001c3ff31a9b0 Exception <a 'sun/nio/fs/WindowsException'{0x00000000d5d6f318}> (0x00000000d5d6f318) 
thrown [s\src\hotspot\share\prims\jni.cpp, line 520]
Event: 63.172 Thread 0x000001c3ff31a9b0 Exception <a 'sun/nio/fs/WindowsException'{0x00000000d5d78e40}> (0x00000000d5d78e40) 
thrown [s\src\hotspot\share\prims\jni.cpp, line 520]
Event: 63.172 Thread 0x000001c3ff31a9b0 Exception <a 'sun/nio/fs/WindowsException'{0x00000000d5d796c0}> (0x00000000d5d796c0) 
thrown [s\src\hotspot\share\prims\jni.cpp, line 520]
Event: 63.183 Thread 0x000001c3ff31a9b0 Exception <a 'sun/nio/fs/WindowsException'{0x00000000d5de7e30}> (0x00000000d5de7e30) 
thrown [s\src\hotspot\share\prims\jni.cpp, line 520]
Event: 63.184 Thread 0x000001c3ff31a9b0 Exception <a 'sun/nio/fs/WindowsException'{0x00000000d5de8908}> (0x00000000d5de8908) 
thrown [s\src\hotspot\share\prims\jni.cpp, line 520]
Event: 63.356 Thread 0x000001c3ff31bd60 Exception <a 'java/io/FileNotFoundException'{0x00000000d55af260}> (0x00000000d55af260) 
thrown [s\src\hotspot\share\prims\jni.cpp, line 520]
Event: 63.357 Thread 0x000001c3ff31bd60 Exception <a 'java/io/FileNotFoundException'{0x00000000d55b0370}> (0x00000000d55b0370) 
thrown [s\src\hotspot\share\prims\jni.cpp, line 520]
Event: 63.358 Thread 0x000001c3ff31bd60 Exception <a 'java/io/FileNotFoundException'{0x00000000d55b14e0}> (0x00000000d55b14e0) 
thrown [s\src\hotspot\share\prims\jni.cpp, line 520]
Event: 63.809 Thread 0x000001c3ff31a9b0 Implicit null exception at 0x000001c3f0aea38e to 0x000001c3f0aeb048
Event: 64.413 Thread 0x000001c3ff31bd60 Exception <a 'java/lang/NoSuchMethodError'{0x00000000d5bf4600}: 'java.lang.Object java.lang.invoke.DirectMethodHandle$Holder.invokeStatic(java.lang.Object, java.lang.Object, int, java.lang.Object, java.lang.Object)'> (0x00000000d5bf4600) 
thrown [s\src\hotspot\share\interpreter\linkResolver.cpp, line 773]
Event: 64.434 Thread 0x000001c3ff31bd60 Exception <a 'java/lang/NoSuchMethodError'{0x00000000d5c41f78}: 'java.lang.Object java.lang.invoke.DirectMethodHandle$Holder.newInvokeSpecial(java.lang.Object, java.lang.Object, java.lang.Object, java.lang.Object, int)'> (0x00000000d5c41f78) 
thrown [s\src\hotspot\share\interpreter\linkResolver.cpp, line 773]
Event: 64.435 Thread 0x000001c3ff31bd60 Exception <a 'java/lang/NoSuchMethodError'{0x00000000d5c46020}: 'java.lang.Object java.lang.invoke.DirectMethodHandle$Holder.invokeSpecial(java.lang.Object, java.lang.Object, java.lang.Object, java.lang.Object, java.lang.Object, int)'> (0x00000000d5c46020) 
thrown [s\src\hotspot\share\interpreter\linkResolver.cpp, line 773]
Event: 64.436 Thread 0x000001c3ff31bd60 Exception <a 'java/lang/NoSuchMethodError'{0x00000000d5c49aa0}: 'java.lang.Object java.lang.invoke.Invokers$Holder.linkToTargetMethod(java.lang.Object, java.lang.Object, java.lang.Object, int, java.lang.Object)'> (0x00000000d5c49aa0) 
thrown [s\src\hotspot\share\interpreter\linkResolver.cpp, line 773]

ZGC Phase Switch (0 events):
No events

VM Operations (20 events):
Event: 62.465 Executing safepoint VM operation: ParallelGCFailedAllocation (Allocation Failure) done
Event: 62.524 Executing safepoint VM operation: ParallelGCFailedAllocation (Allocation Failure)
Event: 62.526 Executing safepoint VM operation: ParallelGCFailedAllocation (Allocation Failure) done
Event: 62.699 Executing non-safepoint VM operation: HandshakeAllThreads (Deoptimize)
Event: 62.699 Executing non-safepoint VM operation: HandshakeAllThreads (Deoptimize) done
Event: 62.924 Executing safepoint VM operation: ParallelGCFailedAllocation (Allocation Failure)
Event: 62.927 Executing safepoint VM operation: ParallelGCFailedAllocation (Allocation Failure) done
Event: 63.343 Executing safepoint VM operation: ParallelGCFailedAllocation (Allocation Failure)
Event: 63.346 Executing safepoint VM operation: ParallelGCFailedAllocation (Allocation Failure) done
Event: 63.681 Executing safepoint VM operation: ParallelGCFailedAllocation (Allocation Failure)
Event: 63.685 Executing safepoint VM operation: ParallelGCFailedAllocation (Allocation Failure) done
Event: 63.868 Executing safepoint VM operation: ParallelGCFailedAllocation (Allocation Failure)
Event: 63.871 Executing safepoint VM operation: ParallelGCFailedAllocation (Allocation Failure) done
Event: 64.039 Executing safepoint VM operation: ParallelGCFailedAllocation (Allocation Failure)
Event: 64.042 Executing safepoint VM operation: ParallelGCFailedAllocation (Allocation Failure) done
Event: 64.264 Executing safepoint VM operation: ParallelGCFailedAllocation (Allocation Failure)
Event: 64.269 Executing safepoint VM operation: ParallelGCFailedAllocation (Allocation Failure) done
Event: 64.453 Executing non-safepoint VM operation: HandshakeAllThreads (Deoptimize)
Event: 64.453 Executing non-safepoint VM operation: HandshakeAllThreads (Deoptimize) done
Event: 64.537 Executing safepoint VM operation: ParallelGCFailedAllocation (Allocation Failure)

Memory protections (0 events):
No events

Nmethod flushes (20 events):
Event: 19.433 Thread 0x000001c3e4185800 flushing  nmethod 0x000001c3e9085f10
Event: 19.433 Thread 0x000001c3e4185800 flushing  nmethod 0x000001c3e90b0e10
Event: 19.433 Thread 0x000001c3e4185800 flushing  nmethod 0x000001c3e9116910
Event: 19.433 Thread 0x000001c3e4185800 flushing  nmethod 0x000001c3e9136090
Event: 19.433 Thread 0x000001c3e4185800 flushing  nmethod 0x000001c3e9141690
Event: 19.433 Thread 0x000001c3e4185800 flushing  nmethod 0x000001c3e915ac90
Event: 19.433 Thread 0x000001c3e4185800 flushing  nmethod 0x000001c3e915b010
Event: 19.433 Thread 0x000001c3e4185800 flushing  nmethod 0x000001c3e915b390
Event: 19.433 Thread 0x000001c3e4185800 flushing  nmethod 0x000001c3e918e710
Event: 19.433 Thread 0x000001c3e4185800 flushing  nmethod 0x000001c3e918ec90
Event: 19.433 Thread 0x000001c3e4185800 flushing  nmethod 0x000001c3e918f290
Event: 19.433 Thread 0x000001c3e4185800 flushing  nmethod 0x000001c3e9193310
Event: 19.433 Thread 0x000001c3e4185800 flushing  nmethod 0x000001c3e9193690
Event: 19.433 Thread 0x000001c3e4185800 flushing  nmethod 0x000001c3e9193d90
Event: 19.433 Thread 0x000001c3e4185800 flushing  nmethod 0x000001c3e9194990
Event: 19.433 Thread 0x000001c3e4185800 flushing  nmethod 0x000001c3e9194f10
Event: 19.433 Thread 0x000001c3e4185800 flushing  nmethod 0x000001c3e91a2490
Event: 19.433 Thread 0x000001c3e4185800 flushing  nmethod 0x000001c3e91cdd10
Event: 19.433 Thread 0x000001c3e4185800 flushing  nmethod 0x000001c3e91dbd90
Event: 19.433 Thread 0x000001c3e4185800 flushing  nmethod 0x000001c3e91e5190

Events (20 events):
Event: 58.432 Thread 0x000001c3c9c24970 Thread exited: 0x000001c3c9c24970
Event: 58.791 Thread 0x000001c3fdc07df0 Thread added: 0x000001c3ca064680
Event: 58.938 Thread 0x000001c3fdc07df0 Thread added: 0x000001c3ca0616d0
Event: 59.981 Thread 0x000001c3ff315af0 Thread added: 0x000001c3ca0a1b30
Event: 59.985 Thread 0x000001c3ff315af0 Thread added: 0x000001c3ca0a21c0
Event: 60.161 Thread 0x000001c3ca0a21c0 Thread added: 0x000001c3ca0a2850
Event: 60.596 Thread 0x000001c3ca0a2850 Thread exited: 0x000001c3ca0a2850
Event: 60.601 Thread 0x000001c3ca0a21c0 Thread exited: 0x000001c3ca0a21c0
Event: 61.799 Thread 0x000001c3c6e219b0 Thread added: 0x000001c3ca0a00f0
Event: 61.801 Thread 0x000001c3c6e219b0 Thread added: 0x000001c3c6e25b50
Event: 61.804 Thread 0x000001c3c6e219b0 Thread added: 0x000001c3c60c2630
Event: 61.811 Thread 0x000001c3c6e219b0 Thread added: 0x000001c3c60c1fa0
Event: 61.813 Thread 0x000001c3c6e219b0 Thread added: 0x000001c3c60bf1b0
Event: 62.123 Thread 0x000001c3c60c2630 Thread exited: 0x000001c3c60c2630
Event: 62.123 Thread 0x000001c3c6e25b50 Thread exited: 0x000001c3c6e25b50
Event: 62.123 Thread 0x000001c3c60bf1b0 Thread exited: 0x000001c3c60bf1b0
Event: 62.123 Thread 0x000001c3c60c1fa0 Thread exited: 0x000001c3c60c1fa0
Event: 62.124 Thread 0x000001c3ca0a00f0 Thread exited: 0x000001c3ca0a00f0
Event: 64.072 Thread 0x000001c3ff31a9b0 Thread added: 0x000001c3ca40cd40
Event: 64.495 Thread 0x000001c3ca40cd40 Thread exited: 0x000001c3ca40cd40


Dynamic libraries:
0x00007ff740410000 - 0x00007ff74041e000 	c:\Users\HP\.antigravity\extensions\redhat.java-1.54.0-win32-x64\jre\21.0.10-win32-x86_64\bin\java.exe
0x00007ffdec620000 - 0x00007ffdec887000 	C:\WINDOWS\SYSTEM32\ntdll.dll
0x00007ffdab7d0000 - 0x00007ffdab7f1000 	C:\Program Files\Avast Software\Avast\aswhook.dll
0x00007ffdeab90000 - 0x00007ffdeac59000 	C:\WINDOWS\System32\KERNEL32.DLL
0x00007ffde8f70000 - 0x00007ffde9364000 	C:\WINDOWS\System32\KERNELBASE.dll
0x00007ffdea0b0000 - 0x00007ffdea1fb000 	C:\WINDOWS\System32\ucrtbase.dll
0x00007ffdc2850000 - 0x00007ffdc286e000 	c:\Users\HP\.antigravity\extensions\redhat.java-1.54.0-win32-x64\jre\21.0.10-win32-x86_64\bin\VCRUNTIME140.dll
0x00007ffdc2db0000 - 0x00007ffdc2dc8000 	c:\Users\HP\.antigravity\extensions\redhat.java-1.54.0-win32-x64\jre\21.0.10-win32-x86_64\bin\jli.dll
0x00007ffdebf90000 - 0x00007ffdec155000 	C:\WINDOWS\System32\USER32.dll
0x00007ffdc4270000 - 0x00007ffdc4503000 	C:\WINDOWS\WinSxS\amd64_microsoft.windows.common-controls_6595b64144ccf1df_6.0.26100.8115_none_3e075c82e3354f9c\COMCTL32.dll
0x00007ffdea080000 - 0x00007ffdea0a7000 	C:\WINDOWS\System32\win32u.dll
0x00007ffdead60000 - 0x00007ffdeae09000 	C:\WINDOWS\System32\msvcrt.dll
0x00007ffdea4e0000 - 0x00007ffdea50b000 	C:\WINDOWS\System32\GDI32.dll
0x00007ffde9f50000 - 0x00007ffdea07b000 	C:\WINDOWS\System32\gdi32full.dll
0x00007ffde9370000 - 0x00007ffde9413000 	C:\WINDOWS\System32\msvcp_win.dll
0x00007ffdea380000 - 0x00007ffdea3b2000 	C:\WINDOWS\System32\IMM32.DLL
0x00007ffde5ea0000 - 0x00007ffde5eac000 	c:\Users\HP\.antigravity\extensions\redhat.java-1.54.0-win32-x64\jre\21.0.10-win32-x86_64\bin\vcruntime140_1.dll
0x00007ffd73b20000 - 0x00007ffd73bad000 	c:\Users\HP\.antigravity\extensions\redhat.java-1.54.0-win32-x64\jre\21.0.10-win32-x86_64\bin\msvcp140.dll
0x00007ffd356d0000 - 0x00007ffd36471000 	c:\Users\HP\.antigravity\extensions\redhat.java-1.54.0-win32-x64\jre\21.0.10-win32-x86_64\bin\server\jvm.dll
0x00007ffdeb440000 - 0x00007ffdeb4f6000 	C:\WINDOWS\System32\ADVAPI32.dll
0x00007ffdea750000 - 0x00007ffdea7f7000 	C:\WINDOWS\System32\sechost.dll
0x00007ffdebc70000 - 0x00007ffdebd88000 	C:\WINDOWS\System32\RPCRT4.dll
0x00007ffdea3c0000 - 0x00007ffdea440000 	C:\WINDOWS\System32\WS2_32.dll
0x00007ffdd4c50000 - 0x00007ffdd4c5b000 	C:\WINDOWS\SYSTEM32\VERSION.dll
0x00007ffde26d0000 - 0x00007ffde2706000 	C:\WINDOWS\SYSTEM32\WINMM.dll
0x00007ffde8d20000 - 0x00007ffde8d7e000 	C:\WINDOWS\SYSTEM32\POWRPROF.dll
0x00007ffde8d00000 - 0x00007ffde8d14000 	C:\WINDOWS\SYSTEM32\UMPDC.dll
0x00007ffde7c50000 - 0x00007ffde7c6b000 	C:\WINDOWS\SYSTEM32\kernel.appcore.dll
0x00007ffdd4630000 - 0x00007ffdd463a000 	c:\Users\HP\.antigravity\extensions\redhat.java-1.54.0-win32-x64\jre\21.0.10-win32-x86_64\bin\jimage.dll
0x00007ffde6e50000 - 0x00007ffde7092000 	C:\WINDOWS\SYSTEM32\DBGHELP.DLL
0x00007ffdec220000 - 0x00007ffdec5a2000 	C:\WINDOWS\System32\combase.dll
0x00007ffdea670000 - 0x00007ffdea748000 	C:\WINDOWS\System32\OLEAUT32.dll
0x00007ffdd4740000 - 0x00007ffdd477b000 	C:\WINDOWS\SYSTEM32\dbgcore.DLL
0x00007ffde8ec0000 - 0x00007ffde8f65000 	C:\WINDOWS\System32\bcryptPrimitives.dll
0x00007ffdc4fd0000 - 0x00007ffdc4fdf000 	c:\Users\HP\.antigravity\extensions\redhat.java-1.54.0-win32-x64\jre\21.0.10-win32-x86_64\bin\instrument.dll
0x00007ffdc25f0000 - 0x00007ffdc2610000 	c:\Users\HP\.antigravity\extensions\redhat.java-1.54.0-win32-x64\jre\21.0.10-win32-x86_64\bin\java.dll
0x00007ffdeb500000 - 0x00007ffdebc67000 	C:\WINDOWS\System32\SHELL32.dll
0x00007ffde9de0000 - 0x00007ffde9f4a000 	C:\WINDOWS\System32\wintypes.dll
0x00007ffde9420000 - 0x00007ffde9c88000 	C:\WINDOWS\System32\windows.storage.dll
0x00007ffdea540000 - 0x00007ffdea638000 	C:\WINDOWS\System32\SHCORE.dll
0x00007ffdeab20000 - 0x00007ffdeab86000 	C:\WINDOWS\System32\shlwapi.dll
0x00007ffde8de0000 - 0x00007ffde8e09000 	C:\WINDOWS\SYSTEM32\profapi.dll
0x00007ffdc23b0000 - 0x00007ffdc23c8000 	c:\Users\HP\.antigravity\extensions\redhat.java-1.54.0-win32-x64\jre\21.0.10-win32-x86_64\bin\zip.dll
0x00007ffdc3e20000 - 0x00007ffdc3e30000 	C:\Users\HP\.antigravity\extensions\redhat.java-1.54.0-win32-x64\jre\21.0.10-win32-x86_64\bin\net.dll
0x00007ffddfe50000 - 0x00007ffddff7d000 	C:\WINDOWS\SYSTEM32\WINHTTP.dll
0x00007ffde81c0000 - 0x00007ffde822c000 	C:\WINDOWS\system32\mswsock.dll
0x00007ffdc21d0000 - 0x00007ffdc21e6000 	C:\Users\HP\.antigravity\extensions\redhat.java-1.54.0-win32-x64\jre\21.0.10-win32-x86_64\bin\nio.dll
0x00007ffdc2930000 - 0x00007ffdc2940000 	c:\Users\HP\.antigravity\extensions\redhat.java-1.54.0-win32-x64\jre\21.0.10-win32-x86_64\bin\verify.dll
0x00007ffd7c2e0000 - 0x00007ffd7c325000 	C:\Users\HP\AppData\Roaming\Antigravity\User\globalStorage\redhat.java\1.54.0\config_win\org.eclipse.equinox.launcher\org.eclipse.equinox.launcher.win32.win32.x86_64_1.3.0.v20260203-2149\eclipse_11919.dll
0x00007ffdeae10000 - 0x00007ffdeafa7000 	C:\WINDOWS\System32\ole32.dll
0x00007ffde84b0000 - 0x00007ffde84cb000 	C:\WINDOWS\SYSTEM32\CRYPTSP.dll
0x00007ffde7bb0000 - 0x00007ffde7be9000 	C:\WINDOWS\system32\rsaenh.dll
0x00007ffde8270000 - 0x00007ffde82a3000 	C:\WINDOWS\SYSTEM32\USERENV.dll
0x00007ffde8db0000 - 0x00007ffde8dda000 	C:\WINDOWS\SYSTEM32\bcrypt.dll
0x00007ffde84a0000 - 0x00007ffde84ac000 	C:\WINDOWS\SYSTEM32\CRYPTBASE.dll
0x00007ffde7650000 - 0x00007ffde7682000 	C:\WINDOWS\SYSTEM32\IPHLPAPI.DLL
0x00007ffdea660000 - 0x00007ffdea66a000 	C:\WINDOWS\System32\NSI.dll
0x00007ffd77d50000 - 0x00007ffd77d99000 	C:\Users\HP\AppData\Local\Temp\jna-2312\jna11847506683453703122.dll
0x00007ffdea640000 - 0x00007ffdea648000 	C:\WINDOWS\System32\PSAPI.DLL
0x00007ffde2650000 - 0x00007ffde266d000 	C:\WINDOWS\SYSTEM32\dhcpcsvc6.DLL
0x00007ffde2620000 - 0x00007ffde2645000 	C:\WINDOWS\SYSTEM32\dhcpcsvc.DLL
0x00007ffdb9570000 - 0x00007ffdb9597000 	C:\Users\HP\.gradle\native\1def1411415f61bf3af743bc5b6707747c0891f09f0c88961ee8f79bc544acac\windows-amd64\native-platform.dll
0x00007ffdd2c80000 - 0x00007ffdd2c8a000 	C:\Users\HP\.antigravity\extensions\redhat.java-1.54.0-win32-x64\jre\21.0.10-win32-x86_64\bin\management.dll
0x00007ffdd2c70000 - 0x00007ffdd2c7c000 	C:\Users\HP\.antigravity\extensions\redhat.java-1.54.0-win32-x64\jre\21.0.10-win32-x86_64\bin\management_ext.dll
0x00007ffdc26b0000 - 0x00007ffdc26b9000 	C:\Users\HP\.antigravity\extensions\redhat.java-1.54.0-win32-x64\jre\21.0.10-win32-x86_64\bin\extnet.dll
0x00007ffdc24e0000 - 0x00007ffdc24ee000 	C:\Users\HP\.antigravity\extensions\redhat.java-1.54.0-win32-x64\jre\21.0.10-win32-x86_64\bin\sunmscapi.dll
0x00007ffdea200000 - 0x00007ffdea377000 	C:\WINDOWS\System32\CRYPT32.dll
0x00007ffde86c0000 - 0x00007ffde86f0000 	C:\WINDOWS\SYSTEM32\ncrypt.dll
0x00007ffde8670000 - 0x00007ffde86af000 	C:\WINDOWS\SYSTEM32\NTASN1.dll
0x00007ffd99290000 - 0x00007ffd99298000 	C:\WINDOWS\system32\wshunix.dll

JVMTI agents:
c:\Users\HP\.antigravity\extensions\redhat.java-1.54.0-win32-x64\lombok\lombok-1.18.39-4050.jar path:c:\Users\HP\.antigravity\extensions\redhat.java-1.54.0-win32-x64\jre\21.0.10-win32-x86_64\bin\instrument.dll, loaded, initialized, instrumentlib options:none

dbghelp: loaded successfully - version: 4.0.5 - missing functions: none
symbol engine: initialized successfully - sym options: 0x614 - pdb path: .;c:\Users\HP\.antigravity\extensions\redhat.java-1.54.0-win32-x64\jre\21.0.10-win32-x86_64\bin;C:\WINDOWS\SYSTEM32;C:\Program Files\Avast Software\Avast;C:\WINDOWS\WinSxS\amd64_microsoft.windows.common-controls_6595b64144ccf1df_6.0.26100.8115_none_3e075c82e3354f9c;c:\Users\HP\.antigravity\extensions\redhat.java-1.54.0-win32-x64\jre\21.0.10-win32-x86_64\bin\server;C:\Users\HP\AppData\Roaming\Antigravity\User\globalStorage\redhat.java\1.54.0\config_win\org.eclipse.equinox.launcher\org.eclipse.equinox.launcher.win32.win32.x86_64_1.3.0.v20260203-2149;C:\Users\HP\AppData\Local\Temp\jna-2312;C:\Users\HP\.gradle\native\1def1411415f61bf3af743bc5b6707747c0891f09f0c88961ee8f79bc544acac\windows-amd64

VM Arguments:
jvm_args: --add-modules=ALL-SYSTEM --add-opens=java.base/java.util=ALL-UNNAMED --add-opens=java.base/java.lang=ALL-UNNAMED --add-opens=java.base/sun.nio.fs=ALL-UNNAMED -Declipse.application=org.eclipse.jdt.ls.core.id1 -Dosgi.bundles.defaultStartLevel=4 -Declipse.product=org.eclipse.jdt.ls.core.product -Djava.import.generatesMetadataFilesAtProjectRoot=false -DDetectVMInstallationsJob.disabled=true -Dfile.encoding=utf8 -XX:+UseParallelGC -XX:GCTimeRatio=4 -XX:AdaptiveSizePolicyWeight=90 -Dsun.zip.disableMemoryMapping=true -Xmx2G -Xms100m -Xlog:disable -javaagent:c:\Users\HP\.antigravity\extensions\redhat.java-1.54.0-win32-x64\lombok\lombok-1.18.39-4050.jar -XX:+HeapDumpOnOutOfMemoryError -XX:HeapDumpPath=c:\Users\HP\AppData\Roaming\Antigravity\User\workspaceStorage\98eb1284933efba20486acdda2b6755c\redhat.java -Daether.dependencyCollector.impl=bf 
java_command: c:\Users\HP\.antigravity\extensions\redhat.java-1.54.0-win32-x64\server\plugins\org.eclipse.equinox.launcher_1.7.100.v20251111-0406.jar -configuration c:\Users\HP\AppData\Roaming\Antigravity\User\globalStorage\redhat.java\1.54.0\config_win -data c:\Users\HP\AppData\Roaming\Antigravity\User\workspaceStorage\98eb1284933efba20486acdda2b6755c\redhat.java\jdt_ws --pipe=\\.\pipe\lsp-5e19766c5c154bd59755bba2ef6a0b75-sock
java_class_path (initial): c:\Users\HP\.antigravity\extensions\redhat.java-1.54.0-win32-x64\server\plugins\org.eclipse.equinox.launcher_1.7.100.v20251111-0406.jar
Launcher Type: SUN_STANDARD

[Global flags]
    uintx AdaptiveSizePolicyWeight                 = 90                                        {product} {command line}
     intx CICompilerCount                          = 4                                         {product} {ergonomic}
    uintx GCTimeRatio                              = 4                                         {product} {command line}
     bool HeapDumpOnOutOfMemoryError               = true                                   {manageable} {command line}
    ccstr HeapDumpPath                             = c:\Users\HP\AppData\Roaming\Antigravity\User\workspaceStorage\98eb1284933efba20486acdda2b6755c\redhat.java         {manageable} {command line}
   size_t InitialHeapSize                          = 104857600                                 {product} {command line}
   size_t MaxHeapSize                              = 2147483648                                {product} {command line}
   size_t MaxNewSize                               = 715653120                                 {product} {ergonomic}
   size_t MinHeapDeltaBytes                        = 524288                                    {product} {ergonomic}
   size_t MinHeapSize                              = 104857600                                 {product} {command line}
   size_t NewSize                                  = 34603008                                  {product} {ergonomic}
    uintx NonNMethodCodeHeapSize                   = 5839372                                {pd product} {ergonomic}
    uintx NonProfiledCodeHeapSize                  = 122909434                              {pd product} {ergonomic}
   size_t OldSize                                  = 70254592                                  {product} {ergonomic}
    uintx ProfiledCodeHeapSize                     = 122909434                              {pd product} {ergonomic}
    uintx ReservedCodeCacheSize                    = 251658240                              {pd product} {ergonomic}
     bool SegmentedCodeCache                       = true                                      {product} {ergonomic}
   size_t SoftMaxHeapSize                          = 2147483648                             {manageable} {ergonomic}
     bool UseCompressedOops                        = true                           {product lp64_product} {ergonomic}
     bool UseLargePagesIndividualAllocation        = false                                  {pd product} {ergonomic}
     bool UseParallelGC                            = true                                      {product} {command line}

Logging:
Log output configuration:
 #0: stdout all=off uptime,level,tags foldmultilines=false
 #1: stderr all=off uptime,level,tags foldmultilines=false

Release file:
JAVA_VERSION="21.0.10" 
MODULES="java.base java.compiler java.datatransfer java.xml java.prefs java.desktop java.instrument java.logging java.management java.security.sasl java.naming java.rmi java.management.rmi java.net.http java.scripting java.security.jgss java.transaction.xa java.sql java.sql.rowset java.xml.crypto java.se java.smartcardio jdk.accessibility jdk.internal.jvmstat jdk.attach jdk.charsets jdk.internal.opt jdk.zipfs jdk.compiler jdk.crypto.ec jdk.crypto.cryptoki jdk.crypto.mscapi jdk.dynalink jdk.internal.ed jdk.editpad jdk.hotspot.agent jdk.httpserver jdk.internal.le jdk.internal.vm.ci jdk.internal.vm.compiler jdk.internal.vm.compiler.management jdk.jartool jdk.javadoc jdk.jcmd jdk.management jdk.management.agent jdk.jconsole jdk.jdeps jdk.jdwp.agent jdk.jdi jdk.jfr jdk.jshell jdk.jsobject jdk.jstatd jdk.localedata jdk.management.jfr jdk.naming.dns jdk.naming.rmi jdk.net jdk.nio.mapmode jdk.random jdk.sctp jdk.security.auth jdk.security.jgss jdk.unsupported jdk.unsupported.desktop jdk.xml.dom" 

Environment Variables:
PATH=C:\Program Files\Common Files\Oracle\Java\javapath;C:\Program Files (x86)\Common Files\Oracle\Java\java8path;C:\Program Files (x86)\Common Files\Oracle\Java\javapath;C:\ORC\ORACLEE\bin;C:\app\HP\product\21c\dbhomeXE\bin;E:\oracle21\ORACL\bin;C:\Dossier_Oracle21c\Oracle21c\bin;C:\WINDOWS\system32;C:\WINDOWS;C:\WINDOWS\System32\Wbem;C:\WINDOWS\System32\WindowsPowerShell\v1.0\;C:\WINDOWS\System32\OpenSSH\;c:\Program Files (x86)\Microsoft SQL Server\100\Tools\Binn\;c:\Program Files\Microsoft SQL Server\100\Tools\Binn\;c:\Program Files\Microsoft SQL Server\100\DTS\Binn\;C:\appliiiiiii\flutter_windows_3.35.7-stable.zip\flutter\bin;C:\Program Files\Docker\Docker\resources\bin;C:\Program Files\Git\cmd;C:\Program Files\nodejs\;C:\Users\HP\AppData\Local\Programs\Python\Python313\Scripts\;C:\Users\HP\AppData\Local\Programs\Python\Python313\;C:\Users\HP\AppData\Local\Programs\Python\Launcher\;C:\Users\HP\AppData\Local\Microsoft\WindowsApps;C:\Users\HP\AppData\Local\Programs\Microsoft VS Code\bin;C:\Users\HP\AppData\Local\Python\bin;C:\Users\HP\AppData\Roaming\npm;C:\Users\HP\AppData\Local\Programs\Antigravity\bin
USERNAME=HP
OS=Windows_NT
PROCESSOR_IDENTIFIER=Intel64 Family 6 Model 186 Stepping 3, GenuineIntel
TMP=C:\Users\HP\AppData\Local\Temp
TEMP=C:\Users\HP\AppData\Local\Temp




Periodic native trim disabled

---------------  S Y S T E M  ---------------

OS:
 Windows 11 , 64 bit Build 26100 (10.0.26100.8246)
OS uptime: 0 days 0:26 hours
Hyper-V role detected

CPU: total 12 (initial active 12) (6 cores per cpu, 2 threads per core) family 6 model 186 stepping 3 microcode 0x4121, cx8, cmov, fxsr, ht, mmx, 3dnowpref, sse, sse2, sse3, ssse3, sse4.1, sse4.2, popcnt, lzcnt, tsc, tscinvbit, avx, avx2, aes, erms, clmul, bmi1, bmi2, adx, sha, fma, vzeroupper, clflush, clflushopt, clwb, hv, serialize, rdtscp, rdpid, fsrm, f16c, cet_ibt, cet_ss
Processor Information for processor 0
  Max Mhz: 1300, Current Mhz: 1300, Mhz Limit: 1300
Processor Information for processor 1
  Max Mhz: 1300, Current Mhz: 1300, Mhz Limit: 1300
Processor Information for processor 2
  Max Mhz: 1300, Current Mhz: 1300, Mhz Limit: 1300
Processor Information for processor 3
  Max Mhz: 1300, Current Mhz: 1300, Mhz Limit: 1300
Processor Information for processor 4
  Max Mhz: 1300, Current Mhz: 900, Mhz Limit: 897
Processor Information for processor 5
  Max Mhz: 1300, Current Mhz: 900, Mhz Limit: 897
Processor Information for processor 6
  Max Mhz: 1300, Current Mhz: 900, Mhz Limit: 897
Processor Information for processor 7
  Max Mhz: 1300, Current Mhz: 900, Mhz Limit: 897
Processor Information for processor 8
  Max Mhz: 1300, Current Mhz: 900, Mhz Limit: 897
Processor Information for processor 9
  Max Mhz: 1300, Current Mhz: 900, Mhz Limit: 897
Processor Information for processor 10
  Max Mhz: 1300, Current Mhz: 900, Mhz Limit: 897
Processor Information for processor 11
  Max Mhz: 1300, Current Mhz: 900, Mhz Limit: 897

Memory: 4k page, system-wide physical 7835M (494M free)
TotalPageFile size 11931M (AvailPageFile size 1M)
current process WorkingSet (physical memory assigned to process): 435M, peak: 437M
current process commit charge ("private bytes"): 514M, peak: 520M

vm_info: OpenJDK 64-Bit Server VM (21.0.10+7-LTS) for windows-amd64 JRE (21.0.10+7-LTS), built on 2026-01-20T00:00:00Z by "admin" with MS VC++ 17.12 (VS2022)

END.
