#
# There is insufficient memory for the Java Runtime Environment to continue.
# Native memory allocation (malloc) failed to allocate 1506576 bytes. Error detail: Chunk::new
# Possible reasons:
#   The system is out of physical RAM or swap space
#   This process is running with CompressedOops enabled, and the Java Heap may be blocking the growth of the native heap
# Possible solutions:
#   Reduce memory load on the system
#   Increase physical memory or swap space
#   Check if swap backing store is full
#   Decrease Java heap size (-Xmx/-Xms)
#   Decrease number of Java threads
#   Decrease Java thread stack sizes (-Xss)
#   Set larger code cache with -XX:ReservedCodeCacheSize=
#   JVM is running with Unscaled Compressed Oops mode in which the Java heap is
#     placed in the first 4GB address space. The Java Heap base address is the
#     maximum limit for the native heap growth. Please use -XX:HeapBaseMinAddress
#     to set the Java Heap base and to place the Java Heap above 4GB virtual address.
# This output file may be truncated or incomplete.
#
#  Out of Memory Error (arena.cpp:168), pid=17320, tid=15404
#
# JRE version: OpenJDK Runtime Environment Temurin-21.0.10+7 (21.0.10+7) (build 21.0.10+7-LTS)
# Java VM: OpenJDK 64-Bit Server VM Temurin-21.0.10+7 (21.0.10+7-LTS, mixed mode, sharing, tiered, compressed oops, compressed class ptrs, parallel gc, windows-amd64)
# No core dump will be written. Minidumps are not enabled by default on client versions of Windows
#

---------------  S U M M A R Y ------------

Command Line: --add-modules=ALL-SYSTEM --add-opens=java.base/java.util=ALL-UNNAMED --add-opens=java.base/java.lang=ALL-UNNAMED --add-opens=java.base/sun.nio.fs=ALL-UNNAMED -Declipse.application=org.eclipse.jdt.ls.core.id1 -Dosgi.bundles.defaultStartLevel=4 -Declipse.product=org.eclipse.jdt.ls.core.product -Djava.import.generatesMetadataFilesAtProjectRoot=false -DDetectVMInstallationsJob.disabled=true -Dfile.encoding=utf8 -XX:+UseParallelGC -XX:GCTimeRatio=4 -XX:AdaptiveSizePolicyWeight=90 -Dsun.zip.disableMemoryMapping=true -Xmx2G -Xms100m -Xlog:disable -javaagent:c:\Users\HP\.antigravity\extensions\redhat.java-1.54.0-win32-x64\lombok\lombok-1.18.39-4050.jar c:\Users\HP\.antigravity\extensions\redhat.java-1.54.0-win32-x64\server\plugins\org.eclipse.equinox.launcher_1.7.100.v20251111-0406.jar -configuration c:\Users\HP\AppData\Roaming\Antigravity\User\globalStorage\redhat.java\1.54.0\config_ss_win -data c:\Users\HP\AppData\Roaming\Antigravity\User\workspaceStorage\bb6f58697517b49f76eb8e851445a514\redhat.java\ss_ws --pipe=\\.\pipe\lsp-f7fbb0aff1865dd21f693f03e33e6cff-sock

Host: 13th Gen Intel(R) Core(TM) i5-1335U, 12 cores, 7G,  Windows 11 , 64 bit Build 26100 (10.0.26100.8246)
Time: Tue Apr 28 20:45:28 2026 Greenwich elapsed time: 7.025219 seconds (0d 0h 0m 7s)

---------------  T H R E A D  ---------------

Current thread (0x000002e5f4e7adc0):  JavaThread "C2 CompilerThread0" daemon [_thread_in_native, id=15404, stack(0x000000fc88f00000,0x000000fc89000000) (1024K)]


Current CompileTask:
C2:7025 2624       4       java.lang.invoke.MethodType::makeImpl (109 bytes)

Stack: [0x000000fc88f00000,0x000000fc89000000]
Native frames: (J=compiled Java code, j=interpreted, Vv=VM code, C=native code)
V  [jvm.dll+0x6d7a39]
V  [jvm.dll+0x8b4b26]
V  [jvm.dll+0x8b70de]
V  [jvm.dll+0x8b77c3]
V  [jvm.dll+0x284346]
V  [jvm.dll+0xc66ed]
V  [jvm.dll+0xc6c31]
V  [jvm.dll+0x3bec01]
V  [jvm.dll+0x38b162]
V  [jvm.dll+0x38a5aa]
V  [jvm.dll+0x24c560]
V  [jvm.dll+0x24bb40]
V  [jvm.dll+0x1cb34e]
V  [jvm.dll+0x25b85d]
V  [jvm.dll+0x259dea]
V  [jvm.dll+0x3f857e]
V  [jvm.dll+0x85f59d]
V  [jvm.dll+0x6d626d]
C  [ucrtbase.dll+0x37b0]
C  [KERNEL32.DLL+0x2e8d7]
C  [ntdll.dll+0x8c3fc]


---------------  P R O C E S S  ---------------

Threads class SMR info:
_java_thread_list=0x000002e5fbbd07c0, length=19, elements={
0x000002e5dd071520, 0x000002e5f3b05360, 0x000002e5f3b07590, 0x000002e5f3b0aff0,
0x000002e5f3b0dd80, 0x000002e5f3b179f0, 0x000002e5f3b18080, 0x000002e5f4e7adc0,
0x000002e5f4e80630, 0x000002e5f3b16cd0, 0x000002e5f3b15fb0, 0x000002e5f3b16640,
0x000002e5f3b17360, 0x000002e5f3b18710, 0x000002e5f3b15290, 0x000002e5fab3d0b0,
0x000002e5fab3ddd0, 0x000002e5fab3f810, 0x000002e5fab3d740
}

Java Threads: ( => current thread )
  0x000002e5dd071520 JavaThread "main"                              [_thread_blocked, id=16176, stack(0x000000fc88500000,0x000000fc88600000) (1024K)]
  0x000002e5f3b05360 JavaThread "Reference Handler"          daemon [_thread_blocked, id=14664, stack(0x000000fc88900000,0x000000fc88a00000) (1024K)]
  0x000002e5f3b07590 JavaThread "Finalizer"                  daemon [_thread_blocked, id=14316, stack(0x000000fc88a00000,0x000000fc88b00000) (1024K)]
  0x000002e5f3b0aff0 JavaThread "Signal Dispatcher"          daemon [_thread_blocked, id=20736, stack(0x000000fc88b00000,0x000000fc88c00000) (1024K)]
  0x000002e5f3b0dd80 JavaThread "Attach Listener"            daemon [_thread_blocked, id=10048, stack(0x000000fc88c00000,0x000000fc88d00000) (1024K)]
  0x000002e5f3b179f0 JavaThread "Service Thread"             daemon [_thread_blocked, id=14960, stack(0x000000fc88d00000,0x000000fc88e00000) (1024K)]
  0x000002e5f3b18080 JavaThread "Monitor Deflation Thread"   daemon [_thread_blocked, id=8900, stack(0x000000fc88e00000,0x000000fc88f00000) (1024K)]
=>0x000002e5f4e7adc0 JavaThread "C2 CompilerThread0"         daemon [_thread_in_native, id=15404, stack(0x000000fc88f00000,0x000000fc89000000) (1024K)]
  0x000002e5f4e80630 JavaThread "C1 CompilerThread0"         daemon [_thread_blocked, id=21140, stack(0x000000fc89000000,0x000000fc89100000) (1024K)]
  0x000002e5f3b16cd0 JavaThread "Common-Cleaner"             daemon [_thread_blocked, id=13380, stack(0x000000fc89200000,0x000000fc89300000) (1024K)]
  0x000002e5f3b15fb0 JavaThread "Notification Thread"        daemon [_thread_blocked, id=14792, stack(0x000000fc89300000,0x000000fc89400000) (1024K)]
  0x000002e5f3b16640 JavaThread "Active Thread: Equinox Container: 70732cd8-e2c3-45d7-afea-d561ea6068d2"        [_thread_blocked, id=7196, stack(0x000000fc89a00000,0x000000fc89b00000) (1024K)]
  0x000002e5f3b17360 JavaThread "Framework Event Dispatcher: Equinox Container: 70732cd8-e2c3-45d7-afea-d561ea6068d2" daemon [_thread_blocked, id=3868, stack(0x000000fc89b00000,0x000000fc89c00000) (1024K)]
  0x000002e5f3b18710 JavaThread "Start Level: Equinox Container: 70732cd8-e2c3-45d7-afea-d561ea6068d2" daemon [_thread_in_vm, id=1924, stack(0x000000fc89c00000,0x000000fc89d00000) (1024K)]
  0x000002e5f3b15290 JavaThread "SCR Component Actor"        daemon [_thread_blocked, id=12232, stack(0x000000fc89100000,0x000000fc89200000) (1024K)]
  0x000002e5fab3d0b0 JavaThread "Worker-JM"                         [_thread_blocked, id=10032, stack(0x000000fc89e00000,0x000000fc89f00000) (1024K)]
  0x000002e5fab3ddd0 JavaThread "JNA Cleaner"                daemon [_thread_blocked, id=21424, stack(0x000000fc8a100000,0x000000fc8a200000) (1024K)]
  0x000002e5fab3f810 JavaThread "Worker-0"                          [_thread_blocked, id=7252, stack(0x000000fc8a200000,0x000000fc8a300000) (1024K)]
  0x000002e5fab3d740 JavaThread "Worker-1"                          [_thread_blocked, id=19948, stack(0x000000fc8a300000,0x000000fc8a400000) (1024K)]
Total: 19

Other Threads:
  0x000002e5f3b033e0 VMThread "VM Thread"                           [id=15548, stack(0x000000fc88800000,0x000000fc88900000) (1024K)]
  0x000002e5f39fca00 WatcherThread "VM Periodic Task Thread"        [id=20176, stack(0x000000fc88700000,0x000000fc88800000) (1024K)]
  0x000002e5dd090b10 WorkerThread "GC Thread#0"                     [id=21892, stack(0x000000fc88600000,0x000000fc88700000) (1024K)]
  0x000002e5fa0de470 WorkerThread "GC Thread#1"                     [id=5920, stack(0x000000fc89400000,0x000000fc89500000) (1024K)]
  0x000002e5fa0dd960 WorkerThread "GC Thread#2"                     [id=20788, stack(0x000000fc89500000,0x000000fc89600000) (1024K)]
  0x000002e5fa0de820 WorkerThread "GC Thread#3"                     [id=8260, stack(0x000000fc89600000,0x000000fc89700000) (1024K)]
  0x000002e5fa0df330 WorkerThread "GC Thread#4"                     [id=18816, stack(0x000000fc89700000,0x000000fc89800000) (1024K)]
  0x000002e5fa0debd0 WorkerThread "GC Thread#5"                     [id=20008, stack(0x000000fc89800000,0x000000fc89900000) (1024K)]
  0x000002e5fa0ddd10 WorkerThread "GC Thread#6"                     [id=9908, stack(0x000000fc89900000,0x000000fc89a00000) (1024K)]
  0x000002e5fa0de0c0 WorkerThread "GC Thread#7"                     [id=5276, stack(0x000000fc89d00000,0x000000fc89e00000) (1024K)]
  0x000002e5fab30e80 WorkerThread "GC Thread#8"                     [id=17872, stack(0x000000fc89f00000,0x000000fc8a000000) (1024K)]
  0x000002e5fab31d40 WorkerThread "GC Thread#9"                     [id=8824, stack(0x000000fc8a000000,0x000000fc8a100000) (1024K)]
Total: 12

Threads with active compile tasks:
C2 CompilerThread0  7086 2624       4       java.lang.invoke.MethodType::makeImpl (109 bytes)
Total: 1

VM state: not at safepoint (normal execution)

VM Mutex/Monitor currently owned by a thread:  ([mutex/lock_event])
[0x00007ffb390cc4e0] Metaspace_lock - owner thread: 0x000002e5f3b18710

Heap address: 0x0000000080000000, size: 2048 MB, Compressed Oops mode: 32-bit

CDS archive(s) mapped at: [0x000002e580000000-0x000002e580ba0000-0x000002e580ba0000), size 12189696, SharedBaseAddress: 0x000002e580000000, ArchiveRelocationMode: 1.
Compressed class space mapped at: 0x000002e581000000-0x000002e5c1000000, reserved size: 1073741824
Narrow klass base: 0x000002e580000000, Narrow klass shift: 0, Narrow klass range: 0x100000000

GC Precious Log:
 CardTable entry size: 512
 CPUs: 12 total, 12 available
 Memory: 7835M
 Large Page Support: Disabled
 NUMA Support: Disabled
 Compressed Oops: Enabled (32-bit)
 Alignments: Space 512K, Generation 512K, Heap 2M
 Heap Min Capacity: 100M
 Heap Initial Capacity: 100M
 Heap Max Capacity: 2G
 Pre-touch: Disabled
 Parallel Workers: 10

Heap:
 PSYoungGen      total 31232K, used 15388K [0x00000000d5580000, 0x00000000d8900000, 0x0000000100000000)
  eden space 24576K, 35% used [0x00000000d5580000,0x00000000d5e194e8,0x00000000d6d80000)
  from space 6656K, 98% used [0x00000000d8280000,0x00000000d88edea0,0x00000000d8900000)
  to   space 11776K, 0% used [0x00000000d7200000,0x00000000d7200000,0x00000000d7d80000)
 ParOldGen       total 68608K, used 30338K [0x0000000080000000, 0x0000000084300000, 0x00000000d5580000)
  object space 68608K, 44% used [0x0000000080000000,0x0000000081da08a8,0x0000000084300000)
 Metaspace       used 18853K, committed 19520K, reserved 1114112K
  class space    used 1882K, committed 2176K, reserved 1048576K

Card table byte_map: [0x000002e5dca40000,0x000002e5dce50000] _byte_map_base: 0x000002e5dc640000

Marking Bits: (ParMarkBitMap*) 0x00007ffb390d3450
 Begin Bits: [0x000002e5ef520000, 0x000002e5f1520000)
 End Bits:   [0x000002e5f1520000, 0x000002e5f3520000)

Polling page: 0x000002e5dc830000

Metaspace:

Usage:
  Non-class:     16.57 MB used.
      Class:      1.84 MB used.
       Both:     18.41 MB used.

Virtual space:
  Non-class space:       64.00 MB reserved,      16.94 MB ( 26%) committed,  1 nodes.
      Class space:        1.00 GB reserved,       2.12 MB ( <1%) committed,  1 nodes.
             Both:        1.06 GB reserved,      19.06 MB (  2%) committed. 

Chunk freelists:
   Non-Class:  14.61 MB
       Class:  13.72 MB
        Both:  28.33 MB

MaxMetaspaceSize: unlimited
CompressedClassSpaceSize: 1.00 GB
Initial GC threshold: 21.00 MB
Current GC threshold: 21.00 MB
CDS: on
 - commit_granule_bytes: 65536.
 - commit_granule_words: 8192.
 - virtual_space_node_default_size: 8388608.
 - enlarge_chunks_in_place: 1.
 - use_allocation_guard: 0.


Internal statistics:

num_allocs_failed_limit: 0.
num_arena_births: 498.
num_arena_deaths: 0.
num_vsnodes_births: 2.
num_vsnodes_deaths: 0.
num_space_committed: 305.
num_space_uncommitted: 0.
num_chunks_returned_to_freelist: 0.
num_chunks_taken_from_freelist: 1207.
num_chunk_merges: 0.
num_chunk_splits: 771.
num_chunks_enlarged: 484.
num_inconsistent_stats: 0.

CodeHeap 'non-profiled nmethods': size=120000Kb used=1225Kb max_used=1225Kb free=118774Kb
 bounds [0x000002e5e7d40000, 0x000002e5e7fb0000, 0x000002e5ef270000]
CodeHeap 'profiled nmethods': size=120000Kb used=5124Kb max_used=5124Kb free=114875Kb
 bounds [0x000002e5e0270000, 0x000002e5e0780000, 0x000002e5e77a0000]
CodeHeap 'non-nmethods': size=5760Kb used=1273Kb max_used=1314Kb free=4486Kb
 bounds [0x000002e5e77a0000, 0x000002e5e7a10000, 0x000002e5e7d40000]
CodeCache: size=245760Kb, used=7622Kb, max_used=7663Kb, free=238135Kb
 total_blobs=3270, nmethods=2721, adapters=455, full_count=0
Compilation: enabled, stopped_count=0, restarted_count=0

Compilation events (20 events):
Event: 5.992 Thread 0x000002e5f4e80630 nmethod 2713 0x000002e5e0769290 code [0x000002e5e0769520, 0x000002e5e0769fc8]
Event: 5.992 Thread 0x000002e5f4e80630 2714       3       java.lang.System$2::defineClass (21 bytes)
Event: 5.993 Thread 0x000002e5f4e80630 nmethod 2714 0x000002e5e076a510 code [0x000002e5e076a6c0, 0x000002e5e076a838]
Event: 5.993 Thread 0x000002e5fa217660 nmethod 2698 0x000002e5e7e70890 code [0x000002e5e7e70a20, 0x000002e5e7e70ae0]
Event: 5.993 Thread 0x000002e5fa217660 2705       4       org.lombokweb.asm.SymbolTable::addConstantNameAndType (28 bytes)
Event: 5.995 Thread 0x000002e5f4e80630 2715       3       java.lang.invoke.MethodHandles$Lookup$ClassFile::newInstanceNoCheck (11 bytes)
Event: 5.995 Thread 0x000002e5f4e80630 nmethod 2715 0x000002e5e076a910 code [0x000002e5e076aac0, 0x000002e5e076acf8]
Event: 5.996 Thread 0x000002e5f4e80630 2716       1       java.lang.invoke.MethodHandleImpl$IntrinsicMethodHandle::getTarget (5 bytes)
Event: 5.996 Thread 0x000002e5f4e80630 nmethod 2716 0x000002e5e7e70b90 code [0x000002e5e7e70d20, 0x000002e5e7e70de8]
Event: 6.000 Thread 0x000002e5fa217660 nmethod 2705 0x000002e5e7e70e90 code [0x000002e5e7e71060, 0x000002e5e7e71430]
Event: 6.000 Thread 0x000002e5fa217660 2717       4       java.util.concurrent.locks.AbstractQueuedSynchronizer::signalNext (34 bytes)
Event: 6.001 Thread 0x000002e5fa217660 nmethod 2717 0x000002e5e7e71790 code [0x000002e5e7e71920, 0x000002e5e7e71a00]
Event: 6.001 Thread 0x000002e5fa217660 2691       4       java.util.regex.Pattern$BitClass::is (22 bytes)
Event: 6.002 Thread 0x000002e5fa217660 nmethod 2691 0x000002e5e7e71b10 code [0x000002e5e7e71ca0, 0x000002e5e7e71d88]
Event: 6.002 Thread 0x000002e5fa217660 2690       4       java.lang.Character::codePointAt (51 bytes)
Event: 6.004 Thread 0x000002e5fa217660 nmethod 2690 0x000002e5e7e71e90 code [0x000002e5e7e72040, 0x000002e5e7e721c8]
Event: 6.005 Thread 0x000002e5f4e80630 2719       3       java.util.ArrayDeque::circularClear (43 bytes)
Event: 6.006 Thread 0x000002e5f4e80630 nmethod 2719 0x000002e5e076ae10 code [0x000002e5e076afe0, 0x000002e5e076b3e0]
Event: 6.006 Thread 0x000002e5f4e80630 2718       3       java.util.ArrayDeque::clear (26 bytes)
Event: 6.006 Thread 0x000002e5f4e80630 nmethod 2718 0x000002e5e076b590 code [0x000002e5e076b740, 0x000002e5e076b8a8]

GC Heap History (12 events):
Event: 1.191 GC heap before
{Heap before GC invocations=1 (full 0):
 PSYoungGen      total 29696K, used 25600K [0x00000000d5580000, 0x00000000d7680000, 0x0000000100000000)
  eden space 25600K, 100% used [0x00000000d5580000,0x00000000d6e80000,0x00000000d6e80000)
  from space 4096K, 0% used [0x00000000d7280000,0x00000000d7280000,0x00000000d7680000)
  to   space 4096K, 0% used [0x00000000d6e80000,0x00000000d6e80000,0x00000000d7280000)
 ParOldGen       total 68608K, used 0K [0x0000000080000000, 0x0000000084300000, 0x00000000d5580000)
  object space 68608K, 0% used [0x0000000080000000,0x0000000080000000,0x0000000084300000)
 Metaspace       used 4339K, committed 4608K, reserved 1114112K
  class space    used 474K, committed 576K, reserved 1048576K
}
Event: 1.217 GC heap after
{Heap after GC invocations=1 (full 0):
 PSYoungGen      total 29696K, used 3287K [0x00000000d5580000, 0x00000000d7680000, 0x0000000100000000)
  eden space 25600K, 0% used [0x00000000d5580000,0x00000000d5580000,0x00000000d6e80000)
  from space 4096K, 80% used [0x00000000d6e80000,0x00000000d71b5ea8,0x00000000d7280000)
  to   space 4096K, 0% used [0x00000000d7280000,0x00000000d7280000,0x00000000d7680000)
 ParOldGen       total 68608K, used 16K [0x0000000080000000, 0x0000000084300000, 0x00000000d5580000)
  object space 68608K, 0% used [0x0000000080000000,0x0000000080004000,0x0000000084300000)
 Metaspace       used 4339K, committed 4608K, reserved 1114112K
  class space    used 474K, committed 576K, reserved 1048576K
}
Event: 2.507 GC heap before
{Heap before GC invocations=2 (full 0):
 PSYoungGen      total 29696K, used 28887K [0x00000000d5580000, 0x00000000d7680000, 0x0000000100000000)
  eden space 25600K, 100% used [0x00000000d5580000,0x00000000d6e80000,0x00000000d6e80000)
  from space 4096K, 80% used [0x00000000d6e80000,0x00000000d71b5ea8,0x00000000d7280000)
  to   space 4096K, 0% used [0x00000000d7280000,0x00000000d7280000,0x00000000d7680000)
 ParOldGen       total 68608K, used 16K [0x0000000080000000, 0x0000000084300000, 0x00000000d5580000)
  object space 68608K, 0% used [0x0000000080000000,0x0000000080004000,0x0000000084300000)
 Metaspace       used 8169K, committed 8512K, reserved 1114112K
  class space    used 869K, committed 1024K, reserved 1048576K
}
Event: 2.516 GC heap after
{Heap after GC invocations=2 (full 0):
 PSYoungGen      total 29696K, used 4070K [0x00000000d5580000, 0x00000000d7680000, 0x0000000100000000)
  eden space 25600K, 0% used [0x00000000d5580000,0x00000000d5580000,0x00000000d6e80000)
  from space 4096K, 99% used [0x00000000d7280000,0x00000000d7679800,0x00000000d7680000)
  to   space 4096K, 0% used [0x00000000d6e80000,0x00000000d6e80000,0x00000000d7280000)
 ParOldGen       total 68608K, used 1196K [0x0000000080000000, 0x0000000084300000, 0x00000000d5580000)
  object space 68608K, 1% used [0x0000000080000000,0x000000008012b3d0,0x0000000084300000)
 Metaspace       used 8169K, committed 8512K, reserved 1114112K
  class space    used 869K, committed 1024K, reserved 1048576K
}
Event: 3.492 GC heap before
{Heap before GC invocations=3 (full 0):
 PSYoungGen      total 29696K, used 29670K [0x00000000d5580000, 0x00000000d7680000, 0x0000000100000000)
  eden space 25600K, 100% used [0x00000000d5580000,0x00000000d6e80000,0x00000000d6e80000)
  from space 4096K, 99% used [0x00000000d7280000,0x00000000d7679800,0x00000000d7680000)
  to   space 4096K, 0% used [0x00000000d6e80000,0x00000000d6e80000,0x00000000d7280000)
 ParOldGen       total 68608K, used 1196K [0x0000000080000000, 0x0000000084300000, 0x00000000d5580000)
  object space 68608K, 1% used [0x0000000080000000,0x000000008012b3d0,0x0000000084300000)
 Metaspace       used 13030K, committed 13504K, reserved 1114112K
  class space    used 1379K, committed 1600K, reserved 1048576K
}
Event: 3.500 GC heap after
{Heap after GC invocations=3 (full 0):
 PSYoungGen      total 29696K, used 4066K [0x00000000d5580000, 0x00000000d7680000, 0x0000000100000000)
  eden space 25600K, 0% used [0x00000000d5580000,0x00000000d5580000,0x00000000d6e80000)
  from space 4096K, 99% used [0x00000000d6e80000,0x00000000d7278870,0x00000000d7280000)
  to   space 4096K, 0% used [0x00000000d7280000,0x00000000d7280000,0x00000000d7680000)
 ParOldGen       total 68608K, used 2901K [0x0000000080000000, 0x0000000084300000, 0x00000000d5580000)
  object space 68608K, 4% used [0x0000000080000000,0x00000000802d5400,0x0000000084300000)
 Metaspace       used 13030K, committed 13504K, reserved 1114112K
  class space    used 1379K, committed 1600K, reserved 1048576K
}
Event: 3.907 GC heap before
{Heap before GC invocations=4 (full 0):
 PSYoungGen      total 29696K, used 29666K [0x00000000d5580000, 0x00000000d7680000, 0x0000000100000000)
  eden space 25600K, 100% used [0x00000000d5580000,0x00000000d6e80000,0x00000000d6e80000)
  from space 4096K, 99% used [0x00000000d6e80000,0x00000000d7278870,0x00000000d7280000)
  to   space 4096K, 0% used [0x00000000d7280000,0x00000000d7280000,0x00000000d7680000)
 ParOldGen       total 68608K, used 2901K [0x0000000080000000, 0x0000000084300000, 0x00000000d5580000)
  object space 68608K, 4% used [0x0000000080000000,0x00000000802d5400,0x0000000084300000)
 Metaspace       used 14079K, committed 14592K, reserved 1114112K
  class space    used 1484K, committed 1728K, reserved 1048576K
}
Event: 3.924 GC heap after
{Heap after GC invocations=4 (full 0):
 PSYoungGen      total 29696K, used 4066K [0x00000000d5580000, 0x00000000d7680000, 0x0000000100000000)
  eden space 25600K, 0% used [0x00000000d5580000,0x00000000d5580000,0x00000000d6e80000)
  from space 4096K, 99% used [0x00000000d7280000,0x00000000d7678870,0x00000000d7680000)
  to   space 4096K, 0% used [0x00000000d6e80000,0x00000000d6e80000,0x00000000d7280000)
 ParOldGen       total 68608K, used 14765K [0x0000000080000000, 0x0000000084300000, 0x00000000d5580000)
  object space 68608K, 21% used [0x0000000080000000,0x0000000080e6b6e8,0x0000000084300000)
 Metaspace       used 14079K, committed 14592K, reserved 1114112K
  class space    used 1484K, committed 1728K, reserved 1048576K
}
Event: 4.151 GC heap before
{Heap before GC invocations=5 (full 0):
 PSYoungGen      total 29696K, used 29666K [0x00000000d5580000, 0x00000000d7680000, 0x0000000100000000)
  eden space 25600K, 100% used [0x00000000d5580000,0x00000000d6e80000,0x00000000d6e80000)
  from space 4096K, 99% used [0x00000000d7280000,0x00000000d7678870,0x00000000d7680000)
  to   space 4096K, 0% used [0x00000000d6e80000,0x00000000d6e80000,0x00000000d7280000)
 ParOldGen       total 68608K, used 14765K [0x0000000080000000, 0x0000000084300000, 0x00000000d5580000)
  object space 68608K, 21% used [0x0000000080000000,0x0000000080e6b6e8,0x0000000084300000)
 Metaspace       used 14252K, committed 14912K, reserved 1114112K
  class space    used 1503K, committed 1792K, reserved 1048576K
}
Event: 4.175 GC heap after
{Heap after GC invocations=5 (full 0):
 PSYoungGen      total 29184K, used 4076K [0x00000000d5580000, 0x00000000d9700000, 0x0000000100000000)
  eden space 25088K, 0% used [0x00000000d5580000,0x00000000d5580000,0x00000000d6e00000)
  from space 4096K, 99% used [0x00000000d6e80000,0x00000000d727b088,0x00000000d7280000)
  to   space 20992K, 0% used [0x00000000d8280000,0x00000000d8280000,0x00000000d9700000)
 ParOldGen       total 68608K, used 30338K [0x0000000080000000, 0x0000000084300000, 0x00000000d5580000)
  object space 68608K, 44% used [0x0000000080000000,0x0000000081da08a8,0x0000000084300000)
 Metaspace       used 14252K, committed 14912K, reserved 1114112K
  class space    used 1503K, committed 1792K, reserved 1048576K
}
Event: 5.948 GC heap before
{Heap before GC invocations=6 (full 0):
 PSYoungGen      total 29184K, used 29164K [0x00000000d5580000, 0x00000000d9700000, 0x0000000100000000)
  eden space 25088K, 100% used [0x00000000d5580000,0x00000000d6e00000,0x00000000d6e00000)
  from space 4096K, 99% used [0x00000000d6e80000,0x00000000d727b088,0x00000000d7280000)
  to   space 20992K, 0% used [0x00000000d8280000,0x00000000d8280000,0x00000000d9700000)
 ParOldGen       total 68608K, used 30338K [0x0000000080000000, 0x0000000084300000, 0x00000000d5580000)
  object space 68608K, 44% used [0x0000000080000000,0x0000000081da08a8,0x0000000084300000)
 Metaspace       used 17311K, committed 18048K, reserved 1114112K
  class space    used 1804K, committed 2112K, reserved 1048576K
}
Event: 5.959 GC heap after
{Heap after GC invocations=6 (full 0):
 PSYoungGen      total 31232K, used 6583K [0x00000000d5580000, 0x00000000d8900000, 0x0000000100000000)
  eden space 24576K, 0% used [0x00000000d5580000,0x00000000d5580000,0x00000000d6d80000)
  from space 6656K, 98% used [0x00000000d8280000,0x00000000d88edea0,0x00000000d8900000)
  to   space 11776K, 0% used [0x00000000d7200000,0x00000000d7200000,0x00000000d7d80000)
 ParOldGen       total 68608K, used 30338K [0x0000000080000000, 0x0000000084300000, 0x00000000d5580000)
  object space 68608K, 44% used [0x0000000080000000,0x0000000081da08a8,0x0000000084300000)
 Metaspace       used 17311K, committed 18048K, reserved 1114112K
  class space    used 1804K, committed 2112K, reserved 1048576K
}

Dll operation events (10 events):
Event: 0.022 Loaded shared library c:\Users\HP\.antigravity\extensions\redhat.java-1.54.0-win32-x64\jre\21.0.10-win32-x86_64\bin\java.dll
Event: 0.116 Loaded shared library c:\Users\HP\.antigravity\extensions\redhat.java-1.54.0-win32-x64\jre\21.0.10-win32-x86_64\bin\zip.dll
Event: 0.148 Loaded shared library C:\Users\HP\.antigravity\extensions\redhat.java-1.54.0-win32-x64\jre\21.0.10-win32-x86_64\bin\instrument.dll
Event: 0.155 Loaded shared library C:\Users\HP\.antigravity\extensions\redhat.java-1.54.0-win32-x64\jre\21.0.10-win32-x86_64\bin\net.dll
Event: 0.159 Loaded shared library C:\Users\HP\.antigravity\extensions\redhat.java-1.54.0-win32-x64\jre\21.0.10-win32-x86_64\bin\nio.dll
Event: 0.165 Loaded shared library C:\Users\HP\.antigravity\extensions\redhat.java-1.54.0-win32-x64\jre\21.0.10-win32-x86_64\bin\zip.dll
Event: 0.193 Loaded shared library C:\Users\HP\.antigravity\extensions\redhat.java-1.54.0-win32-x64\jre\21.0.10-win32-x86_64\bin\jimage.dll
Event: 0.314 Loaded shared library c:\Users\HP\.antigravity\extensions\redhat.java-1.54.0-win32-x64\jre\21.0.10-win32-x86_64\bin\verify.dll
Event: 2.472 Loaded shared library C:\Users\HP\AppData\Roaming\Antigravity\User\globalStorage\redhat.java\1.54.0\config_ss_win\org.eclipse.equinox.launcher\org.eclipse.equinox.launcher.win32.win32.x86_64_1.3.0.v20260203-2149\eclipse_11919.dll
Event: 5.683 Loaded shared library C:\Users\HP\AppData\Local\Temp\jna-2312\jna1617860052350029999.dll

Deoptimization events (20 events):
Event: 5.753 Thread 0x000002e5f3b18710 Uncommon trap: trap_request=0xffffff45 fr.pc=0x000002e5e7e5d224 relative=0x0000000000000084
Event: 5.753 Thread 0x000002e5f3b18710 Uncommon trap: reason=unstable_if action=reinterpret pc=0x000002e5e7e5d224 method=java.lang.ref.SoftReference.get()Ljava/lang/Object; @ 6 c2
Event: 5.753 Thread 0x000002e5f3b18710 DEOPT PACKING pc=0x000002e5e7e5d224 sp=0x000000fc89cf9b20
Event: 5.753 Thread 0x000002e5f3b18710 DEOPT UNPACKING pc=0x000002e5e77f3aa2 sp=0x000000fc89cf9ab8 mode 2
Event: 5.843 Thread 0x000002e5f3b18710 Uncommon trap: trap_request=0xffffffde fr.pc=0x000002e5e7e31314 relative=0x00000000000003b4
Event: 5.843 Thread 0x000002e5f3b18710 Uncommon trap: reason=class_check action=maybe_recompile pc=0x000002e5e7e31314 method=java.util.regex.Pattern$BmpCharPropertyGreedy.match(Ljava/util/regex/Matcher;ILjava/lang/CharSequence;)Z @ 70 c2
Event: 5.843 Thread 0x000002e5f3b18710 DEOPT PACKING pc=0x000002e5e7e31314 sp=0x000000fc89cf36e0
Event: 5.843 Thread 0x000002e5f3b18710 DEOPT UNPACKING pc=0x000002e5e77f3aa2 sp=0x000000fc89cf3688 mode 2
Event: 5.843 Thread 0x000002e5f3b18710 Uncommon trap: trap_request=0xffffffde fr.pc=0x000002e5e7e31314 relative=0x00000000000003b4
Event: 5.843 Thread 0x000002e5f3b18710 Uncommon trap: reason=class_check action=maybe_recompile pc=0x000002e5e7e31314 method=java.util.regex.Pattern$BmpCharPropertyGreedy.match(Ljava/util/regex/Matcher;ILjava/lang/CharSequence;)Z @ 70 c2
Event: 5.843 Thread 0x000002e5f3b18710 DEOPT PACKING pc=0x000002e5e7e31314 sp=0x000000fc89cf3530
Event: 5.843 Thread 0x000002e5f3b18710 DEOPT UNPACKING pc=0x000002e5e77f3aa2 sp=0x000000fc89cf34d8 mode 2
Event: 5.843 Thread 0x000002e5f3b18710 Uncommon trap: trap_request=0xffffffde fr.pc=0x000002e5e7e31314 relative=0x00000000000003b4
Event: 5.843 Thread 0x000002e5f3b18710 Uncommon trap: reason=class_check action=maybe_recompile pc=0x000002e5e7e31314 method=java.util.regex.Pattern$BmpCharPropertyGreedy.match(Ljava/util/regex/Matcher;ILjava/lang/CharSequence;)Z @ 70 c2
Event: 5.843 Thread 0x000002e5f3b18710 DEOPT PACKING pc=0x000002e5e7e31314 sp=0x000000fc89cf36f0
Event: 5.843 Thread 0x000002e5f3b18710 DEOPT UNPACKING pc=0x000002e5e77f3aa2 sp=0x000000fc89cf3698 mode 2
Event: 5.843 Thread 0x000002e5f3b18710 Uncommon trap: trap_request=0xffffffde fr.pc=0x000002e5e7e31314 relative=0x00000000000003b4
Event: 5.843 Thread 0x000002e5f3b18710 Uncommon trap: reason=class_check action=maybe_recompile pc=0x000002e5e7e31314 method=java.util.regex.Pattern$BmpCharPropertyGreedy.match(Ljava/util/regex/Matcher;ILjava/lang/CharSequence;)Z @ 70 c2
Event: 5.843 Thread 0x000002e5f3b18710 DEOPT PACKING pc=0x000002e5e7e31314 sp=0x000000fc89cf3540
Event: 5.843 Thread 0x000002e5f3b18710 DEOPT UNPACKING pc=0x000002e5e77f3aa2 sp=0x000000fc89cf34e8 mode 2

Classes loaded (20 events):
Event: 5.871 Loading class java/util/zip/GZIPOutputStream
Event: 5.871 Loading class java/util/zip/GZIPOutputStream done
Event: 5.873 Loading class java/util/zip/GZIPInputStream
Event: 5.873 Loading class java/util/zip/GZIPInputStream done
Event: 5.877 Loading class java/net/SocketTimeoutException
Event: 5.877 Loading class java/io/InterruptedIOException
Event: 5.877 Loading class java/io/InterruptedIOException done
Event: 5.877 Loading class java/net/SocketTimeoutException done
Event: 5.877 Loading class java/net/SocketException
Event: 5.877 Loading class java/net/SocketException done
Event: 5.877 Loading class java/net/UnknownHostException
Event: 5.877 Loading class java/net/UnknownHostException done
Event: 5.877 Loading class java/net/ProtocolException
Event: 5.877 Loading class java/net/ProtocolException done
Event: 5.898 Loading class java/lang/ThreadLocal$SuppliedThreadLocal
Event: 5.898 Loading class java/lang/ThreadLocal$SuppliedThreadLocal done
Event: 5.903 Loading class java/io/FileWriter
Event: 5.903 Loading class java/io/FileWriter done
Event: 5.986 Loading class java/lang/NegativeArraySizeException
Event: 5.986 Loading class java/lang/NegativeArraySizeException done

Classes unloaded (0 events):
No events

Classes redefined (0 events):
No events

Internal exceptions (20 events):
Event: 5.705 Thread 0x000002e5f3b18710 Exception <a 'java/lang/NoSuchMethodError'{0x00000000d5b88618}: 'void java.lang.invoke.DirectMethodHandle$Holder.invokeSpecial(java.lang.Object, java.lang.Object, java.lang.Object, int)'> (0x00000000d5b88618) 
thrown [s\src\hotspot\share\interpreter\linkResolver.cpp, line 773]
Event: 5.706 Thread 0x000002e5f3b18710 Exception <a 'java/lang/NoSuchMethodError'{0x00000000d5b8bfa8}: 'void java.lang.invoke.DelegatingMethodHandle$Holder.reinvoke_L(java.lang.Object, java.lang.Object, int)'> (0x00000000d5b8bfa8) 
thrown [s\src\hotspot\share\interpreter\linkResolver.cpp, line 773]
Event: 5.706 Thread 0x000002e5f3b18710 Exception <a 'java/lang/NoSuchMethodError'{0x00000000d5b92c90}: 'int java.lang.invoke.Invokers$Holder.invokeExact_MT(java.lang.Object, java.lang.Object, java.lang.Object)'> (0x00000000d5b92c90) 
thrown [s\src\hotspot\share\interpreter\linkResolver.cpp, line 773]
Event: 5.726 Thread 0x000002e5f3b18710 Exception <a 'java/lang/NoSuchMethodError'{0x00000000d5cab1e0}: 'void java.lang.invoke.Invokers$Holder.invokeExact_MT(java.lang.Object, java.lang.Object, int, java.lang.Object)'> (0x00000000d5cab1e0) 
thrown [s\src\hotspot\share\interpreter\linkResolver.cpp, line 773]
Event: 5.745 Thread 0x000002e5f3b18710 Exception <a 'java/lang/NoSuchMethodError'{0x00000000d5d98e70}: 'java.lang.Object java.lang.invoke.DirectMethodHandle$Holder.invokeSpecial(java.lang.Object, java.lang.Object, java.lang.Object, long, java.lang.Object)'> (0x00000000d5d98e70) 
thrown [s\src\hotspot\share\interpreter\linkResolver.cpp, line 773]
Event: 5.746 Thread 0x000002e5f3b18710 Exception <a 'java/lang/NoSuchMethodError'{0x00000000d5da06b8}: 'java.lang.Object java.lang.invoke.DirectMethodHandle$Holder.newInvokeSpecial(java.lang.Object, java.lang.Object, java.lang.Object, long)'> (0x00000000d5da06b8) 
thrown [s\src\hotspot\share\interpreter\linkResolver.cpp, line 773]
Event: 5.746 Thread 0x000002e5f3b18710 Exception <a 'java/lang/NoSuchMethodError'{0x00000000d5da4a68}: 'java.lang.Object java.lang.invoke.DirectMethodHandle$Holder.invokeSpecial(java.lang.Object, java.lang.Object, java.lang.Object, java.lang.Object, long)'> (0x00000000d5da4a68) 
thrown [s\src\hotspot\share\interpreter\linkResolver.cpp, line 773]
Event: 5.746 Thread 0x000002e5f3b18710 Exception <a 'java/lang/NoSuchMethodError'{0x00000000d5da8688}: 'java.lang.Object java.lang.invoke.Invokers$Holder.linkToTargetMethod(java.lang.Object, java.lang.Object, long, java.lang.Object)'> (0x00000000d5da8688) 
thrown [s\src\hotspot\share\interpreter\linkResolver.cpp, line 773]
Event: 5.756 Thread 0x000002e5f3b18710 Exception <a 'java/lang/NoSuchMethodError'{0x00000000d5e200a0}: 'int java.lang.invoke.DirectMethodHandle$Holder.invokeStaticInit(java.lang.Object, java.lang.Object, java.lang.Object)'> (0x00000000d5e200a0) 
thrown [s\src\hotspot\share\interpreter\linkResolver.cpp, line 773]
Event: 5.766 Thread 0x000002e5f3b18710 Exception <a 'java/lang/IncompatibleClassChangeError'{0x00000000d5eb01e8}: Found class java.lang.Object, but interface was expected> (0x00000000d5eb01e8) 
thrown [s\src\hotspot\share\interpreter\linkResolver.cpp, line 840]
Event: 5.776 Thread 0x000002e5f3b18710 Exception <a 'java/lang/NoSuchMethodError'{0x00000000d5ec6698}: 'java.lang.Object java.lang.invoke.DirectMethodHandle$Holder.invokeSpecial(java.lang.Object, java.lang.Object, java.lang.Object, int, java.lang.Object, java.lang.Object)'> (0x00000000d5ec6698) 
thrown [s\src\hotspot\share\interpreter\linkResolver.cpp, line 773]
Event: 5.776 Thread 0x000002e5f3b18710 Exception <a 'java/lang/NoSuchMethodError'{0x00000000d5ece170}: 'java.lang.Object java.lang.invoke.DirectMethodHandle$Holder.newInvokeSpecial(java.lang.Object, java.lang.Object, java.lang.Object, int, java.lang.Object)'> (0x00000000d5ece170) 
thrown [s\src\hotspot\share\interpreter\linkResolver.cpp, line 773]
Event: 5.777 Thread 0x000002e5f3b18710 Exception <a 'java/lang/NoSuchMethodError'{0x00000000d5ed20f0}: 'java.lang.Object java.lang.invoke.DirectMethodHandle$Holder.invokeSpecial(java.lang.Object, java.lang.Object, java.lang.Object, java.lang.Object, int, java.lang.Object)'> (0x00000000d5ed20f0) 
thrown [s\src\hotspot\share\interpreter\linkResolver.cpp, line 773]
Event: 5.777 Thread 0x000002e5f3b18710 Exception <a 'java/lang/NoSuchMethodError'{0x00000000d5ed5c30}: 'java.lang.Object java.lang.invoke.Invokers$Holder.linkToTargetMethod(java.lang.Object, java.lang.Object, int, java.lang.Object, java.lang.Object)'> (0x00000000d5ed5c30) 
thrown [s\src\hotspot\share\interpreter\linkResolver.cpp, line 773]
Event: 5.778 Thread 0x000002e5fab3f810 Exception <a 'java/lang/NoSuchMethodError'{0x00000000d5de1630}: 'java.lang.Object java.lang.invoke.DirectMethodHandle$Holder.invokeSpecial(java.lang.Object, java.lang.Object, int, java.lang.Object, java.lang.Object)'> (0x00000000d5de1630) 
thrown [s\src\hotspot\share\interpreter\linkResolver.cpp, line 773]
Event: 5.778 Thread 0x000002e5fab3f810 Exception <a 'java/lang/NoSuchMethodError'{0x00000000d5de8368}: 'java.lang.Object java.lang.invoke.DirectMethodHandle$Holder.newInvokeSpecial(java.lang.Object, java.lang.Object, int, java.lang.Object)'> (0x00000000d5de8368) 
thrown [s\src\hotspot\share\interpreter\linkResolver.cpp, line 773]
Event: 5.778 Thread 0x000002e5fab3f810 Exception <a 'java/lang/NoSuchMethodError'{0x00000000d5debc48}: 'java.lang.Object java.lang.invoke.DirectMethodHandle$Holder.invokeSpecial(java.lang.Object, java.lang.Object, java.lang.Object, int, java.lang.Object)'> (0x00000000d5debc48) 
thrown [s\src\hotspot\share\interpreter\linkResolver.cpp, line 773]
Event: 5.798 Thread 0x000002e5f3b18710 Exception <a 'java/lang/NoSuchMethodError'{0x00000000d5fe02d0}: 'void java.lang.invoke.DirectMethodHandle$Holder.invokeSpecial(java.lang.Object, java.lang.Object, java.lang.Object, java.lang.Object, java.lang.Object)'> (0x00000000d5fe02d0) 
thrown [s\src\hotspot\share\interpreter\linkResolver.cpp, line 773]
Event: 5.831 Thread 0x000002e5f3b18710 Exception <a 'java/lang/NoSuchMethodError'{0x00000000d6206d10}: 'double java.lang.invoke.DirectMethodHandle$Holder.invokeStatic(java.lang.Object, java.lang.Object)'> (0x00000000d6206d10) 
thrown [s\src\hotspot\share\interpreter\linkResolver.cpp, line 773]
Event: 5.831 Thread 0x000002e5f3b18710 Exception <a 'java/lang/NoSuchMethodError'{0x00000000d620a3d0}: 'double java.lang.invoke.DirectMethodHandle$Holder.invokeStaticInit(java.lang.Object, java.lang.Object)'> (0x00000000d620a3d0) 
thrown [s\src\hotspot\share\interpreter\linkResolver.cpp, line 773]

ZGC Phase Switch (0 events):
No events

VM Operations (20 events):
Event: 3.492 Executing safepoint VM operation: ParallelGCFailedAllocation (Allocation Failure)
Event: 3.500 Executing safepoint VM operation: ParallelGCFailedAllocation (Allocation Failure) done
Event: 3.645 Executing non-safepoint VM operation: HandshakeAllThreads (Deoptimize)
Event: 3.645 Executing non-safepoint VM operation: HandshakeAllThreads (Deoptimize) done
Event: 3.653 Executing non-safepoint VM operation: HandshakeAllThreads (Deoptimize)
Event: 3.653 Executing non-safepoint VM operation: HandshakeAllThreads (Deoptimize) done
Event: 3.676 Executing non-safepoint VM operation: HandshakeAllThreads (Deoptimize)
Event: 3.676 Executing non-safepoint VM operation: HandshakeAllThreads (Deoptimize) done
Event: 3.907 Executing safepoint VM operation: ParallelGCFailedAllocation (Allocation Failure)
Event: 3.925 Executing safepoint VM operation: ParallelGCFailedAllocation (Allocation Failure) done
Event: 4.151 Executing safepoint VM operation: ParallelGCFailedAllocation (Allocation Failure)
Event: 4.175 Executing safepoint VM operation: ParallelGCFailedAllocation (Allocation Failure) done
Event: 5.177 Executing safepoint VM operation: Cleanup
Event: 5.177 Executing safepoint VM operation: Cleanup done
Event: 5.695 Executing non-safepoint VM operation: HandshakeAllThreads (Deoptimize)
Event: 5.695 Executing non-safepoint VM operation: HandshakeAllThreads (Deoptimize) done
Event: 5.948 Executing safepoint VM operation: ParallelGCFailedAllocation (Allocation Failure)
Event: 5.959 Executing safepoint VM operation: ParallelGCFailedAllocation (Allocation Failure) done
Event: 6.972 Executing safepoint VM operation: Cleanup
Event: 6.972 Executing safepoint VM operation: Cleanup done

Memory protections (0 events):
No events

Nmethod flushes (0 events):
No events

Events (20 events):
Event: 0.077 Thread 0x000002e5dd071520 Thread added: 0x000002e5f3b07590
Event: 0.079 Thread 0x000002e5dd071520 Thread added: 0x000002e5f3b0aff0
Event: 0.079 Thread 0x000002e5dd071520 Thread added: 0x000002e5f3b0dd80
Event: 0.079 Thread 0x000002e5dd071520 Thread added: 0x000002e5f3b179f0
Event: 0.080 Thread 0x000002e5dd071520 Thread added: 0x000002e5f3b18080
Event: 0.080 Thread 0x000002e5dd071520 Thread added: 0x000002e5f4e7adc0
Event: 0.080 Thread 0x000002e5dd071520 Thread added: 0x000002e5f4e80630
Event: 0.133 Thread 0x000002e5f4e80630 Thread added: 0x000002e5f5045d70
Event: 0.150 Thread 0x000002e5dd071520 Thread added: 0x000002e5f3b16cd0
Event: 0.534 Thread 0x000002e5dd071520 Thread added: 0x000002e5f3b15fb0
Event: 1.982 Thread 0x000002e5dd071520 Thread added: 0x000002e5f3b16640
Event: 2.440 Thread 0x000002e5dd071520 Thread added: 0x000002e5f3b17360
Event: 2.452 Thread 0x000002e5dd071520 Thread added: 0x000002e5f3b18710
Event: 2.601 Thread 0x000002e5f5045d70 Thread exited: 0x000002e5f5045d70
Event: 2.732 Thread 0x000002e5f3b18710 Thread added: 0x000002e5f3b15290
Event: 3.285 Thread 0x000002e5f3b18710 Thread added: 0x000002e5fab3d0b0
Event: 5.713 Thread 0x000002e5f3b18710 Thread added: 0x000002e5fab3ddd0
Event: 5.750 Thread 0x000002e5f3b18710 Thread added: 0x000002e5fab3f810
Event: 5.779 Thread 0x000002e5f3b18710 Thread added: 0x000002e5fab3d740
Event: 5.823 Thread 0x000002e5f4e80630 Thread added: 0x000002e5fa217660


Dynamic libraries:
0x00007ff642790000 - 0x00007ff64279e000 	c:\Users\HP\.antigravity\extensions\redhat.java-1.54.0-win32-x64\jre\21.0.10-win32-x86_64\bin\java.exe
0x00007ffbd5d80000 - 0x00007ffbd5fe7000 	C:\WINDOWS\SYSTEM32\ntdll.dll
0x00007ffb95390000 - 0x00007ffb953b1000 	C:\Program Files\Avast Software\Avast\aswhook.dll
0x00007ffbd4f50000 - 0x00007ffbd5019000 	C:\WINDOWS\System32\KERNEL32.DLL
0x00007ffbd3560000 - 0x00007ffbd3954000 	C:\WINDOWS\System32\KERNELBASE.dll
0x00007ffbd2790000 - 0x00007ffbd28db000 	C:\WINDOWS\System32\ucrtbase.dll
0x00007ffb849c0000 - 0x00007ffb849de000 	c:\Users\HP\.antigravity\extensions\redhat.java-1.54.0-win32-x64\jre\21.0.10-win32-x86_64\bin\VCRUNTIME140.dll
0x00007ffb834d0000 - 0x00007ffb834e8000 	c:\Users\HP\.antigravity\extensions\redhat.java-1.54.0-win32-x64\jre\21.0.10-win32-x86_64\bin\jli.dll
0x00007ffbd5210000 - 0x00007ffbd53d5000 	C:\WINDOWS\System32\USER32.dll
0x00007ffbd2b00000 - 0x00007ffbd2b27000 	C:\WINDOWS\System32\win32u.dll
0x00007ffbd4a60000 - 0x00007ffbd4a8b000 	C:\WINDOWS\System32\GDI32.dll
0x00007ffbd3430000 - 0x00007ffbd355b000 	C:\WINDOWS\System32\gdi32full.dll
0x00007ffba59a0000 - 0x00007ffba5c33000 	C:\WINDOWS\WinSxS\amd64_microsoft.windows.common-controls_6595b64144ccf1df_6.0.26100.8115_none_3e075c82e3354f9c\COMCTL32.dll
0x00007ffbd2a50000 - 0x00007ffbd2af3000 	C:\WINDOWS\System32\msvcp_win.dll
0x00007ffbd5090000 - 0x00007ffbd5139000 	C:\WINDOWS\System32\msvcrt.dll
0x00007ffbd5490000 - 0x00007ffbd54c2000 	C:\WINDOWS\System32\IMM32.DLL
0x00007ffbcd6d0000 - 0x00007ffbcd6dc000 	c:\Users\HP\.antigravity\extensions\redhat.java-1.54.0-win32-x64\jre\21.0.10-win32-x86_64\bin\vcruntime140_1.dll
0x00007ffb45880000 - 0x00007ffb4590d000 	c:\Users\HP\.antigravity\extensions\redhat.java-1.54.0-win32-x64\jre\21.0.10-win32-x86_64\bin\msvcp140.dll
0x00007ffb38410000 - 0x00007ffb391b1000 	c:\Users\HP\.antigravity\extensions\redhat.java-1.54.0-win32-x64\jre\21.0.10-win32-x86_64\bin\server\jvm.dll
0x00007ffbd5b50000 - 0x00007ffbd5c06000 	C:\WINDOWS\System32\ADVAPI32.dll
0x00007ffbd53e0000 - 0x00007ffbd5487000 	C:\WINDOWS\System32\sechost.dll
0x00007ffbd3ae0000 - 0x00007ffbd3bf8000 	C:\WINDOWS\System32\RPCRT4.dll
0x00007ffbd4010000 - 0x00007ffbd4090000 	C:\WINDOWS\System32\WS2_32.dll
0x00007ffbc4450000 - 0x00007ffbc445b000 	C:\WINDOWS\SYSTEM32\VERSION.dll
0x00007ffbd2480000 - 0x00007ffbd24de000 	C:\WINDOWS\SYSTEM32\POWRPROF.dll
0x00007ffbca640000 - 0x00007ffbca676000 	C:\WINDOWS\SYSTEM32\WINMM.dll
0x00007ffbd2460000 - 0x00007ffbd2474000 	C:\WINDOWS\SYSTEM32\UMPDC.dll
0x00007ffbd13b0000 - 0x00007ffbd13cb000 	C:\WINDOWS\SYSTEM32\kernel.appcore.dll
0x00007ffb97d10000 - 0x00007ffb97d1a000 	c:\Users\HP\.antigravity\extensions\redhat.java-1.54.0-win32-x64\jre\21.0.10-win32-x86_64\bin\jimage.dll
0x00007ffbd0430000 - 0x00007ffbd0672000 	C:\WINDOWS\SYSTEM32\DBGHELP.DLL
0x00007ffbd3c80000 - 0x00007ffbd4002000 	C:\WINDOWS\System32\combase.dll
0x00007ffbd5910000 - 0x00007ffbd59e8000 	C:\WINDOWS\System32\OLEAUT32.dll
0x00007ffbbdc50000 - 0x00007ffbbdc8b000 	C:\WINDOWS\SYSTEM32\dbgcore.DLL
0x00007ffbd26e0000 - 0x00007ffbd2785000 	C:\WINDOWS\System32\bcryptPrimitives.dll
0x00007ffb97b70000 - 0x00007ffb97b7f000 	c:\Users\HP\.antigravity\extensions\redhat.java-1.54.0-win32-x64\jre\21.0.10-win32-x86_64\bin\instrument.dll
0x00007ffb818e0000 - 0x00007ffb81900000 	c:\Users\HP\.antigravity\extensions\redhat.java-1.54.0-win32-x64\jre\21.0.10-win32-x86_64\bin\java.dll
0x00007ffbd40a0000 - 0x00007ffbd4807000 	C:\WINDOWS\System32\SHELL32.dll
0x00007ffbd28e0000 - 0x00007ffbd2a4a000 	C:\WINDOWS\System32\wintypes.dll
0x00007ffbd2bc0000 - 0x00007ffbd3428000 	C:\WINDOWS\System32\windows.storage.dll
0x00007ffbd54d0000 - 0x00007ffbd55c8000 	C:\WINDOWS\System32\SHCORE.dll
0x00007ffbd3c10000 - 0x00007ffbd3c76000 	C:\WINDOWS\System32\shlwapi.dll
0x00007ffbd2540000 - 0x00007ffbd2569000 	C:\WINDOWS\SYSTEM32\profapi.dll
0x00007ffb80480000 - 0x00007ffb80498000 	c:\Users\HP\.antigravity\extensions\redhat.java-1.54.0-win32-x64\jre\21.0.10-win32-x86_64\bin\zip.dll
0x00007ffb97a30000 - 0x00007ffb97a40000 	C:\Users\HP\.antigravity\extensions\redhat.java-1.54.0-win32-x64\jre\21.0.10-win32-x86_64\bin\net.dll
0x00007ffbc9a60000 - 0x00007ffbc9b8d000 	C:\WINDOWS\SYSTEM32\WINHTTP.dll
0x00007ffbd1920000 - 0x00007ffbd198c000 	C:\WINDOWS\system32\mswsock.dll
0x00007ffb7a1e0000 - 0x00007ffb7a1f6000 	C:\Users\HP\.antigravity\extensions\redhat.java-1.54.0-win32-x64\jre\21.0.10-win32-x86_64\bin\nio.dll
0x00007ffb964a0000 - 0x00007ffb964b0000 	c:\Users\HP\.antigravity\extensions\redhat.java-1.54.0-win32-x64\jre\21.0.10-win32-x86_64\bin\verify.dll
0x00007ffbc3bc0000 - 0x00007ffbc3c05000 	C:\Users\HP\AppData\Roaming\Antigravity\User\globalStorage\redhat.java\1.54.0\config_ss_win\org.eclipse.equinox.launcher\org.eclipse.equinox.launcher.win32.win32.x86_64_1.3.0.v20260203-2149\eclipse_11919.dll
0x00007ffbd48a0000 - 0x00007ffbd4a37000 	C:\WINDOWS\System32\ole32.dll
0x00007ffbd1c00000 - 0x00007ffbd1c1b000 	C:\WINDOWS\SYSTEM32\CRYPTSP.dll
0x00007ffbd1310000 - 0x00007ffbd1349000 	C:\WINDOWS\system32\rsaenh.dll
0x00007ffbd19d0000 - 0x00007ffbd1a03000 	C:\WINDOWS\SYSTEM32\USERENV.dll
0x00007ffbd2510000 - 0x00007ffbd253a000 	C:\WINDOWS\SYSTEM32\bcrypt.dll
0x00007ffbd1c20000 - 0x00007ffbd1c2c000 	C:\WINDOWS\SYSTEM32\CRYPTBASE.dll
0x00007ffbd0db0000 - 0x00007ffbd0de2000 	C:\WINDOWS\SYSTEM32\IPHLPAPI.DLL
0x00007ffbd4810000 - 0x00007ffbd481a000 	C:\WINDOWS\System32\NSI.dll
0x00007ffb7a400000 - 0x00007ffb7a449000 	C:\Users\HP\AppData\Local\Temp\jna-2312\jna1617860052350029999.dll
0x00007ffbd5080000 - 0x00007ffbd5088000 	C:\WINDOWS\System32\PSAPI.DLL

JVMTI agents:
c:\Users\HP\.antigravity\extensions\redhat.java-1.54.0-win32-x64\lombok\lombok-1.18.39-4050.jar path:c:\Users\HP\.antigravity\extensions\redhat.java-1.54.0-win32-x64\jre\21.0.10-win32-x86_64\bin\instrument.dll, loaded, initialized, instrumentlib options:none

dbghelp: loaded successfully - version: 4.0.5 - missing functions: none
symbol engine: initialized successfully - sym options: 0x614 - pdb path: .;c:\Users\HP\.antigravity\extensions\redhat.java-1.54.0-win32-x64\jre\21.0.10-win32-x86_64\bin;C:\WINDOWS\SYSTEM32;C:\Program Files\Avast Software\Avast;C:\WINDOWS\WinSxS\amd64_microsoft.windows.common-controls_6595b64144ccf1df_6.0.26100.8115_none_3e075c82e3354f9c;c:\Users\HP\.antigravity\extensions\redhat.java-1.54.0-win32-x64\jre\21.0.10-win32-x86_64\bin\server;C:\Users\HP\AppData\Roaming\Antigravity\User\globalStorage\redhat.java\1.54.0\config_ss_win\org.eclipse.equinox.launcher\org.eclipse.equinox.launcher.win32.win32.x86_64_1.3.0.v20260203-2149;C:\Users\HP\AppData\Local\Temp\jna-2312

VM Arguments:
jvm_args: --add-modules=ALL-SYSTEM --add-opens=java.base/java.util=ALL-UNNAMED --add-opens=java.base/java.lang=ALL-UNNAMED --add-opens=java.base/sun.nio.fs=ALL-UNNAMED -Declipse.application=org.eclipse.jdt.ls.core.id1 -Dosgi.bundles.defaultStartLevel=4 -Declipse.product=org.eclipse.jdt.ls.core.product -Djava.import.generatesMetadataFilesAtProjectRoot=false -DDetectVMInstallationsJob.disabled=true -Dfile.encoding=utf8 -XX:+UseParallelGC -XX:GCTimeRatio=4 -XX:AdaptiveSizePolicyWeight=90 -Dsun.zip.disableMemoryMapping=true -Xmx2G -Xms100m -Xlog:disable -javaagent:c:\Users\HP\.antigravity\extensions\redhat.java-1.54.0-win32-x64\lombok\lombok-1.18.39-4050.jar 
java_command: c:\Users\HP\.antigravity\extensions\redhat.java-1.54.0-win32-x64\server\plugins\org.eclipse.equinox.launcher_1.7.100.v20251111-0406.jar -configuration c:\Users\HP\AppData\Roaming\Antigravity\User\globalStorage\redhat.java\1.54.0\config_ss_win -data c:\Users\HP\AppData\Roaming\Antigravity\User\workspaceStorage\bb6f58697517b49f76eb8e851445a514\redhat.java\ss_ws --pipe=\\.\pipe\lsp-f7fbb0aff1865dd21f693f03e33e6cff-sock
java_class_path (initial): c:\Users\HP\.antigravity\extensions\redhat.java-1.54.0-win32-x64\server\plugins\org.eclipse.equinox.launcher_1.7.100.v20251111-0406.jar
Launcher Type: SUN_STANDARD

[Global flags]
    uintx AdaptiveSizePolicyWeight                 = 90                                        {product} {command line}
     intx CICompilerCount                          = 4                                         {product} {ergonomic}
    uintx GCTimeRatio                              = 4                                         {product} {command line}
   size_t InitialHeapSize                          = 104857600                                 {product} {command line}
   size_t MaxHeapSize                              = 2147483648                                {product} {command line}
   size_t MaxNewSize                               = 715653120                                 {product} {ergonomic}
   size_t MinHeapDeltaBytes                        = 524288                                    {product} {ergonomic}
   size_t MinHeapSize                              = 104857600                                 {product} {command line}
   size_t NewSize                                  = 34603008                                  {product} {ergonomic}
    uintx NonNMethodCodeHeapSize                   = 5839372                                {pd product} {ergonomic}
    uintx NonProfiledCodeHeapSize                  = 122909434                              {pd product} {ergonomic}
   size_t OldSize                                  = 70254592                                  {product} {ergonomic}
    uintx ProfiledCodeHeapSize                     = 122909434                              {pd product} {ergonomic}
    uintx ReservedCodeCacheSize                    = 251658240                              {pd product} {ergonomic}
     bool SegmentedCodeCache                       = true                                      {product} {ergonomic}
   size_t SoftMaxHeapSize                          = 2147483648                             {manageable} {ergonomic}
     bool UseCompressedOops                        = true                           {product lp64_product} {ergonomic}
     bool UseLargePagesIndividualAllocation        = false                                  {pd product} {ergonomic}
     bool UseParallelGC                            = true                                      {product} {command line}

Logging:
Log output configuration:
 #0: stdout all=off uptime,level,tags foldmultilines=false
 #1: stderr all=off uptime,level,tags foldmultilines=false

Release file:
JAVA_VERSION="21.0.10" 
MODULES="java.base java.compiler java.datatransfer java.xml java.prefs java.desktop java.instrument java.logging java.management java.security.sasl java.naming java.rmi java.management.rmi java.net.http java.scripting java.security.jgss java.transaction.xa java.sql java.sql.rowset java.xml.crypto java.se java.smartcardio jdk.accessibility jdk.internal.jvmstat jdk.attach jdk.charsets jdk.internal.opt jdk.zipfs jdk.compiler jdk.crypto.ec jdk.crypto.cryptoki jdk.crypto.mscapi jdk.dynalink jdk.internal.ed jdk.editpad jdk.hotspot.agent jdk.httpserver jdk.internal.le jdk.internal.vm.ci jdk.internal.vm.compiler jdk.internal.vm.compiler.management jdk.jartool jdk.javadoc jdk.jcmd jdk.management jdk.management.agent jdk.jconsole jdk.jdeps jdk.jdwp.agent jdk.jdi jdk.jfr jdk.jshell jdk.jsobject jdk.jstatd jdk.localedata jdk.management.jfr jdk.naming.dns jdk.naming.rmi jdk.net jdk.nio.mapmode jdk.random jdk.sctp jdk.security.auth jdk.security.jgss jdk.unsupported jdk.unsupported.desktop jdk.xml.dom" 

Environment Variables:
JAVA_HOME=C:\Program Files\Java\jdk-25
PATH=C:\Program Files\Common Files\Oracle\Java\javapath;C:\Program Files (x86)\Common Files\Oracle\Java\java8path;C:\Program Files (x86)\Common Files\Oracle\Java\javapath;C:\ORC\ORACLEE\bin;C:\app\HP\product\21c\dbhomeXE\bin;E:\oracle21\ORACL\bin;C:\Dossier_Oracle21c\Oracle21c\bin;C:\WINDOWS\system32;C:\WINDOWS;C:\WINDOWS\System32\Wbem;C:\WINDOWS\System32\WindowsPowerShell\v1.0\;C:\WINDOWS\System32\OpenSSH\;C:\appliiiiiii\flutter_windows_3.35.7-stable.zip\flutter\bin;C:\Program Files\Docker\Docker\resources\bin;C:\Program Files\Git\cmd;C:\Program Files\nodejs\;C:\Program Files\Apache\maven\bin;C:\Program Files\MySQL\MySQL Shell 8.0\bin\;C:\Users\HP\AppData\Local\Programs\Python\Python313\Scripts\;C:\Users\HP\AppData\Local\Programs\Python\Python313\;C:\Users\HP\AppData\Local\Programs\Python\Launcher\;C:\Users\HP\AppData\Local\Microsoft\WindowsApps;C:\Users\HP\AppData\Local\Programs\Microsoft VS Code\bin;C:\Users\HP\AppData\Local\Python\bin;C:\Users\HP\AppData\Roaming\npm;C:\Program Files\Java\jdk-25\bin;C:\Maven\apache-maven-3.9.15\bin;D:\Nouveau dossier\Antigravity\bin
USERNAME=HP
OS=Windows_NT
PROCESSOR_IDENTIFIER=Intel64 Family 6 Model 186 Stepping 3, GenuineIntel
TMP=C:\Users\HP\AppData\Local\Temp
TEMP=C:\Users\HP\AppData\Local\Temp




Periodic native trim disabled

---------------  S Y S T E M  ---------------

OS:
 Windows 11 , 64 bit Build 26100 (10.0.26100.8246)
OS uptime: 0 days 3:13 hours
Hyper-V role detected

CPU: total 12 (initial active 12) (6 cores per cpu, 2 threads per core) family 6 model 186 stepping 3 microcode 0x4121, cx8, cmov, fxsr, ht, mmx, 3dnowpref, sse, sse2, sse3, ssse3, sse4.1, sse4.2, popcnt, lzcnt, tsc, tscinvbit, avx, avx2, aes, erms, clmul, bmi1, bmi2, adx, sha, fma, vzeroupper, clflush, clflushopt, clwb, hv, serialize, rdtscp, rdpid, fsrm, f16c, cet_ibt, cet_ss
Processor Information for processor 0
  Max Mhz: 1300, Current Mhz: 1300, Mhz Limit: 1300
Processor Information for processor 1
  Max Mhz: 1300, Current Mhz: 1300, Mhz Limit: 1300
Processor Information for processor 2
  Max Mhz: 1300, Current Mhz: 1300, Mhz Limit: 1300
Processor Information for processor 3
  Max Mhz: 1300, Current Mhz: 1300, Mhz Limit: 1300
Processor Information for processor 4
  Max Mhz: 1300, Current Mhz: 900, Mhz Limit: 897
Processor Information for processor 5
  Max Mhz: 1300, Current Mhz: 900, Mhz Limit: 897
Processor Information for processor 6
  Max Mhz: 1300, Current Mhz: 900, Mhz Limit: 897
Processor Information for processor 7
  Max Mhz: 1300, Current Mhz: 900, Mhz Limit: 897
Processor Information for processor 8
  Max Mhz: 1300, Current Mhz: 900, Mhz Limit: 897
Processor Information for processor 9
  Max Mhz: 1300, Current Mhz: 900, Mhz Limit: 897
Processor Information for processor 10
  Max Mhz: 1300, Current Mhz: 900, Mhz Limit: 897
Processor Information for processor 11
  Max Mhz: 1300, Current Mhz: 900, Mhz Limit: 897

Memory: 4k page, system-wide physical 7835M (412M free)
TotalPageFile size 13835M (AvailPageFile size 3M)
current process WorkingSet (physical memory assigned to process): 162M, peak: 162M
current process commit charge ("private bytes"): 293M, peak: 309M

vm_info: OpenJDK 64-Bit Server VM (21.0.10+7-LTS) for windows-amd64 JRE (21.0.10+7-LTS), built on 2026-01-20T00:00:00Z by "admin" with MS VC++ 17.12 (VS2022)

END.
