#
# There is insufficient memory for the Java Runtime Environment to continue.
# Native memory allocation (malloc) failed to allocate 299936 bytes. Error detail: Chunk::new
# Possible reasons:
#   The system is out of physical RAM or swap space
#   This process is running with CompressedOops enabled, and the Java Heap may be blocking the growth of the native heap
# Possible solutions:
#   Reduce memory load on the system
#   Increase physical memory or swap space
#   Check if swap backing store is full
#   Decrease Java heap size (-Xmx/-Xms)
#   Decrease number of Java threads
#   Decrease Java thread stack sizes (-Xss)
#   Set larger code cache with -XX:ReservedCodeCacheSize=
#   JVM is running with Unscaled Compressed Oops mode in which the Java heap is
#     placed in the first 4GB address space. The Java Heap base address is the
#     maximum limit for the native heap growth. Please use -XX:HeapBaseMinAddress
#     to set the Java Heap base and to place the Java Heap above 4GB virtual address.
# This output file may be truncated or incomplete.
#
#  Out of Memory Error (arena.cpp:168), pid=22888, tid=16104
#
# JRE version: OpenJDK Runtime Environment Temurin-21.0.10+7 (21.0.10+7) (build 21.0.10+7-LTS)
# Java VM: OpenJDK 64-Bit Server VM Temurin-21.0.10+7 (21.0.10+7-LTS, mixed mode, sharing, tiered, compressed oops, compressed class ptrs, parallel gc, windows-amd64)
# No core dump will be written. Minidumps are not enabled by default on client versions of Windows
#

---------------  S U M M A R Y ------------

Command Line: --add-modules=ALL-SYSTEM --add-opens=java.base/java.util=ALL-UNNAMED --add-opens=java.base/java.lang=ALL-UNNAMED --add-opens=java.base/sun.nio.fs=ALL-UNNAMED -Declipse.application=org.eclipse.jdt.ls.core.id1 -Dosgi.bundles.defaultStartLevel=4 -Declipse.product=org.eclipse.jdt.ls.core.product -Djava.import.generatesMetadataFilesAtProjectRoot=false -DDetectVMInstallationsJob.disabled=true -Dfile.encoding=utf8 -XX:+UseParallelGC -XX:GCTimeRatio=4 -XX:AdaptiveSizePolicyWeight=90 -Dsun.zip.disableMemoryMapping=true -Xmx2G -Xms100m -Xlog:disable -javaagent:c:\Users\HP\.antigravity\extensions\redhat.java-1.54.0-win32-x64\lombok\lombok-1.18.39-4050.jar -XX:+HeapDumpOnOutOfMemoryError -XX:HeapDumpPath=c:\Users\HP\AppData\Roaming\Antigravity\User\workspaceStorage\bb6f58697517b49f76eb8e851445a514\redhat.java -Daether.dependencyCollector.impl=bf c:\Users\HP\.antigravity\extensions\redhat.java-1.54.0-win32-x64\server\plugins\org.eclipse.equinox.launcher_1.7.100.v20251111-0406.jar -configuration c:\Users\HP\AppData\Roaming\Antigravity\User\globalStorage\redhat.java\1.54.0\config_win -data c:\Users\HP\AppData\Roaming\Antigravity\User\workspaceStorage\bb6f58697517b49f76eb8e851445a514\redhat.java\jdt_ws --pipe=\\.\pipe\lsp-f8eff7a9c335343f59dd14aabdc1e7e6-sock

Host: 13th Gen Intel(R) Core(TM) i5-1335U, 12 cores, 7G,  Windows 11 , 64 bit Build 26100 (10.0.26100.8246)
Time: Wed Apr 29 13:04:03 2026 Greenwich elapsed time: 11.373736 seconds (0d 0h 0m 11s)

---------------  T H R E A D  ---------------

Current thread (0x0000028eeb8ae4c0):  JavaThread "C2 CompilerThread0" daemon [_thread_in_native, id=16104, stack(0x000000f30d600000,0x000000f30d700000) (1024K)]


Current CompileTask:
C2:11373 2817       4       lombok.patcher.PatchScript::classMatches (41 bytes)

Stack: [0x000000f30d600000,0x000000f30d700000]
Native frames: (J=compiled Java code, j=interpreted, Vv=VM code, C=native code)
V  [jvm.dll+0x6d7a39]
V  [jvm.dll+0x8b4b26]
V  [jvm.dll+0x8b70de]
V  [jvm.dll+0x8b77c3]
V  [jvm.dll+0x284346]
V  [jvm.dll+0xc66ed]
V  [jvm.dll+0xc6c31]
V  [jvm.dll+0x2fb29e]
V  [jvm.dll+0x5fe884]
V  [jvm.dll+0x255b17]
V  [jvm.dll+0x255edd]
V  [jvm.dll+0x24e500]
V  [jvm.dll+0x24ba42]
V  [jvm.dll+0x1cb34e]
V  [jvm.dll+0x25b85d]
V  [jvm.dll+0x259dea]
V  [jvm.dll+0x3f857e]
V  [jvm.dll+0x85f59d]
V  [jvm.dll+0x6d626d]
C  [ucrtbase.dll+0x37b0]
C  [KERNEL32.DLL+0x2e8d7]
C  [ntdll.dll+0x8c3fc]


---------------  P R O C E S S  ---------------

Threads class SMR info:
_java_thread_list=0x0000028ef29ca500, length=19, elements={
0x0000028ed31e4cb0, 0x0000028eeb899310, 0x0000028eeb899ed0, 0x0000028eeb89c4d0,
0x0000028eeb89dce0, 0x0000028eeb8a1c10, 0x0000028eeb8a3d90, 0x0000028eeb8ae4c0,
0x0000028eecd26b60, 0x0000028eecf3dca0, 0x0000028ef209b600, 0x0000028ef2726fa0,
0x0000028ef26872b0, 0x0000028ef26056e0, 0x0000028ef2606120, 0x0000028ef28987c0,
0x0000028ef2bf0370, 0x0000028ef281ab80, 0x0000028ef2d843d0
}

Java Threads: ( => current thread )
  0x0000028ed31e4cb0 JavaThread "main"                              [_thread_blocked, id=15936, stack(0x000000f30cc00000,0x000000f30cd00000) (1024K)]
  0x0000028eeb899310 JavaThread "Reference Handler"          daemon [_thread_blocked, id=18864, stack(0x000000f30d000000,0x000000f30d100000) (1024K)]
  0x0000028eeb899ed0 JavaThread "Finalizer"                  daemon [_thread_blocked, id=22136, stack(0x000000f30d100000,0x000000f30d200000) (1024K)]
  0x0000028eeb89c4d0 JavaThread "Signal Dispatcher"          daemon [_thread_blocked, id=22460, stack(0x000000f30d200000,0x000000f30d300000) (1024K)]
  0x0000028eeb89dce0 JavaThread "Attach Listener"            daemon [_thread_blocked, id=19448, stack(0x000000f30d300000,0x000000f30d400000) (1024K)]
  0x0000028eeb8a1c10 JavaThread "Service Thread"             daemon [_thread_blocked, id=6916, stack(0x000000f30d400000,0x000000f30d500000) (1024K)]
  0x0000028eeb8a3d90 JavaThread "Monitor Deflation Thread"   daemon [_thread_blocked, id=4168, stack(0x000000f30d500000,0x000000f30d600000) (1024K)]
=>0x0000028eeb8ae4c0 JavaThread "C2 CompilerThread0"         daemon [_thread_in_native, id=16104, stack(0x000000f30d600000,0x000000f30d700000) (1024K)]
  0x0000028eecd26b60 JavaThread "C1 CompilerThread0"         daemon [_thread_blocked, id=4388, stack(0x000000f30d700000,0x000000f30d800000) (1024K)]
  0x0000028eecf3dca0 JavaThread "Common-Cleaner"             daemon [_thread_blocked, id=3312, stack(0x000000f30d900000,0x000000f30da00000) (1024K)]
  0x0000028ef209b600 JavaThread "Notification Thread"        daemon [_thread_blocked, id=21084, stack(0x000000f30da00000,0x000000f30db00000) (1024K)]
  0x0000028ef2726fa0 JavaThread "Active Thread: Equinox Container: e5b6b9bb-1706-45b6-8203-90e5bda5ade9"        [_thread_blocked, id=12820, stack(0x000000f30e100000,0x000000f30e200000) (1024K)]
  0x0000028ef26872b0 JavaThread "Refresh Thread: Equinox Container: e5b6b9bb-1706-45b6-8203-90e5bda5ade9" daemon [_thread_blocked, id=14628, stack(0x000000f30e200000,0x000000f30e300000) (1024K)]
  0x0000028ef26056e0 JavaThread "Framework Event Dispatcher: Equinox Container: e5b6b9bb-1706-45b6-8203-90e5bda5ade9" daemon [_thread_blocked, id=18616, stack(0x000000f30e400000,0x000000f30e500000) (1024K)]
  0x0000028ef2606120 JavaThread "Start Level: Equinox Container: e5b6b9bb-1706-45b6-8203-90e5bda5ade9" daemon [_thread_in_Java, id=6656, stack(0x000000f30e500000,0x000000f30e600000) (1024K)]
  0x0000028ef28987c0 JavaThread "Bundle File Closer"         daemon [_thread_blocked, id=22856, stack(0x000000f30e800000,0x000000f30e900000) (1024K)]
  0x0000028ef2bf0370 JavaThread "SCR Component Actor"        daemon [_thread_blocked, id=3720, stack(0x000000f30e900000,0x000000f30ea00000) (1024K)]
  0x0000028ef281ab80 JavaThread "Worker-JM"                         [_thread_blocked, id=19240, stack(0x000000f30d800000,0x000000f30d900000) (1024K)]
  0x0000028ef2d843d0 JavaThread "C2 CompilerThread1"         daemon [_thread_blocked, id=19360, stack(0x000000f30ea00000,0x000000f30eb00000) (1024K)]
Total: 19

Other Threads:
  0x0000028ed32869a0 VMThread "VM Thread"                           [id=15384, stack(0x000000f30cf00000,0x000000f30d000000) (1024K)]
  0x0000028eeb78cb20 WatcherThread "VM Periodic Task Thread"        [id=14796, stack(0x000000f30ce00000,0x000000f30cf00000) (1024K)]
  0x0000028ed3202cd0 WorkerThread "GC Thread#0"                     [id=20932, stack(0x000000f30cd00000,0x000000f30ce00000) (1024K)]
  0x0000028ef24a5550 WorkerThread "GC Thread#1"                     [id=16064, stack(0x000000f30db00000,0x000000f30dc00000) (1024K)]
  0x0000028ef26c86c0 WorkerThread "GC Thread#2"                     [id=13872, stack(0x000000f30dc00000,0x000000f30dd00000) (1024K)]
  0x0000028ef26c8a70 WorkerThread "GC Thread#3"                     [id=1868, stack(0x000000f30dd00000,0x000000f30de00000) (1024K)]
  0x0000028ef26f1b50 WorkerThread "GC Thread#4"                     [id=22820, stack(0x000000f30de00000,0x000000f30df00000) (1024K)]
  0x0000028ef26f1f00 WorkerThread "GC Thread#5"                     [id=23336, stack(0x000000f30df00000,0x000000f30e000000) (1024K)]
  0x0000028ef26f22b0 WorkerThread "GC Thread#6"                     [id=10848, stack(0x000000f30e000000,0x000000f30e100000) (1024K)]
  0x0000028ef2687920 WorkerThread "GC Thread#7"                     [id=20960, stack(0x000000f30e300000,0x000000f30e400000) (1024K)]
  0x0000028ef2c2e9a0 WorkerThread "GC Thread#8"                     [id=7368, stack(0x000000f30e600000,0x000000f30e700000) (1024K)]
  0x0000028ef2c2f160 WorkerThread "GC Thread#9"                     [id=6172, stack(0x000000f30e700000,0x000000f30e800000) (1024K)]
Total: 12

Threads with active compile tasks:
C2 CompilerThread0  12406 2817       4       lombok.patcher.PatchScript::classMatches (41 bytes)
C2 CompilerThread1  12406 2882 %     4       java.io.DataInputStream::readUTF @ 134 (501 bytes)
Total: 2

VM state: not at safepoint (normal execution)

VM Mutex/Monitor currently owned by a thread: None

Heap address: 0x0000000080000000, size: 2048 MB, Compressed Oops mode: 32-bit

CDS archive(s) mapped at: [0x0000028e80000000-0x0000028e80ba0000-0x0000028e80ba0000), size 12189696, SharedBaseAddress: 0x0000028e80000000, ArchiveRelocationMode: 1.
Compressed class space mapped at: 0x0000028e81000000-0x0000028ec1000000, reserved size: 1073741824
Narrow klass base: 0x0000028e80000000, Narrow klass shift: 0, Narrow klass range: 0x100000000

GC Precious Log:
 CardTable entry size: 512
 CPUs: 12 total, 12 available
 Memory: 7835M
 Large Page Support: Disabled
 NUMA Support: Disabled
 Compressed Oops: Enabled (32-bit)
 Alignments: Space 512K, Generation 512K, Heap 2M
 Heap Min Capacity: 100M
 Heap Initial Capacity: 100M
 Heap Max Capacity: 2G
 Pre-touch: Disabled
 Parallel Workers: 10

Heap:
 PSYoungGen      total 29696K, used 25346K [0x00000000d5580000, 0x00000000d7680000, 0x0000000100000000)
  eden space 25600K, 83% used [0x00000000d5580000,0x00000000d6a42cf0,0x00000000d6e80000)
  from space 4096K, 99% used [0x00000000d7280000,0x00000000d767db68,0x00000000d7680000)
  to   space 4096K, 0% used [0x00000000d6e80000,0x00000000d6e80000,0x00000000d7280000)
 ParOldGen       total 68608K, used 5722K [0x0000000080000000, 0x0000000084300000, 0x00000000d5580000)
  object space 68608K, 8% used [0x0000000080000000,0x00000000805968c8,0x0000000084300000)
 Metaspace       used 15487K, committed 16128K, reserved 1114112K
  class space    used 1623K, committed 1920K, reserved 1048576K

Card table byte_map: [0x0000028ee6bc0000,0x0000028ee6fd0000] _byte_map_base: 0x0000028ee67c0000

Marking Bits: (ParMarkBitMap*) 0x00007fface963450
 Begin Bits: [0x0000028ee7280000, 0x0000028ee9280000)
 End Bits:   [0x0000028ee9280000, 0x0000028eeb280000)

Polling page: 0x0000028ed32a0000

Metaspace:

Usage:
  Non-class:     13.54 MB used.
      Class:      1.59 MB used.
       Both:     15.12 MB used.

Virtual space:
  Non-class space:       64.00 MB reserved,      13.88 MB ( 22%) committed,  1 nodes.
      Class space:        1.00 GB reserved,       1.88 MB ( <1%) committed,  1 nodes.
             Both:        1.06 GB reserved,      15.75 MB (  1%) committed. 

Chunk freelists:
   Non-Class:  2.07 MB
       Class:  13.97 MB
        Both:  16.04 MB

MaxMetaspaceSize: unlimited
CompressedClassSpaceSize: 1.00 GB
Initial GC threshold: 21.00 MB
Current GC threshold: 21.00 MB
CDS: on
 - commit_granule_bytes: 65536.
 - commit_granule_words: 8192.
 - virtual_space_node_default_size: 8388608.
 - enlarge_chunks_in_place: 1.
 - use_allocation_guard: 0.


Internal statistics:

num_allocs_failed_limit: 0.
num_arena_births: 432.
num_arena_deaths: 0.
num_vsnodes_births: 2.
num_vsnodes_deaths: 0.
num_space_committed: 252.
num_space_uncommitted: 0.
num_chunks_returned_to_freelist: 0.
num_chunks_taken_from_freelist: 977.
num_chunk_merges: 0.
num_chunk_splits: 606.
num_chunks_enlarged: 391.
num_inconsistent_stats: 0.

CodeHeap 'non-profiled nmethods': size=120000Kb used=1257Kb max_used=1257Kb free=118742Kb
 bounds [0x0000028edf4b0000, 0x0000028edf720000, 0x0000028ee69e0000]
CodeHeap 'profiled nmethods': size=120000Kb used=5655Kb max_used=5655Kb free=114344Kb
 bounds [0x0000028ed79e0000, 0x0000028ed7f70000, 0x0000028edef10000]
CodeHeap 'non-nmethods': size=5760Kb used=1262Kb max_used=1275Kb free=4497Kb
 bounds [0x0000028edef10000, 0x0000028edf180000, 0x0000028edf4b0000]
CodeCache: size=245760Kb, used=8174Kb, max_used=8187Kb, free=237583Kb
 total_blobs=3413, nmethods=2878, adapters=441, full_count=0
Compilation: enabled, stopped_count=0, restarted_count=0

Compilation events (20 events):
Event: 9.353 Thread 0x0000028eecd26b60 2839       1       org.eclipse.core.internal.registry.ConfigurationElement::getContributorId (5 bytes)
Event: 9.353 Thread 0x0000028eecd26b60 nmethod 2839 0x0000028edf5e6710 code [0x0000028edf5e68a0, 0x0000028edf5e6968]
Event: 9.353 Thread 0x0000028eecd26b60 2840       3       java.lang.ref.SoftReference::<init> (14 bytes)
Event: 9.353 Thread 0x0000028eecd26b60 nmethod 2840 0x0000028ed7f53190 code [0x0000028ed7f53340, 0x0000028ed7f535a0]
Event: 9.354 Thread 0x0000028eecd26b60 2841   !   3       java.util.Collections$SynchronizedMap::get (25 bytes)
Event: 9.354 Thread 0x0000028eecd26b60 nmethod 2841 0x0000028ed7f53690 code [0x0000028ed7f53840, 0x0000028ed7f53b08]
Event: 9.354 Thread 0x0000028eecd26b60 2842       3       org.eclipse.core.internal.registry.ReferenceMap::get (54 bytes)
Event: 9.355 Thread 0x0000028eecd26b60 nmethod 2842 0x0000028ed7f53c90 code [0x0000028ed7f53ea0, 0x0000028ed7f54370]
Event: 9.355 Thread 0x0000028eecd26b60 2845       3       org.eclipse.core.internal.registry.RegistryObjectManager::basicGetObject (52 bytes)
Event: 9.355 Thread 0x0000028eecd26b60 nmethod 2845 0x0000028ed7f54610 code [0x0000028ed7f54800, 0x0000028ed7f54bc0]
Event: 9.355 Thread 0x0000028eecd26b60 2843  s    3       org.eclipse.core.internal.registry.RegistryObjectManager::getObject (7 bytes)
Event: 9.355 Thread 0x0000028eecd26b60 nmethod 2843 0x0000028ed7f54d90 code [0x0000028ed7f54f40, 0x0000028ed7f55140]
Event: 9.355 Thread 0x0000028eecd26b60 2846       3       org.eclipse.core.internal.registry.ReferenceMap$SoftRef::getValue (5 bytes)
Event: 9.355 Thread 0x0000028eecd26b60 nmethod 2846 0x0000028ed7f55210 code [0x0000028ed7f553c0, 0x0000028ed7f55500]
Event: 9.355 Thread 0x0000028eecd26b60 2844       1       org.eclipse.core.internal.registry.ConfigurationElement::getName (5 bytes)
Event: 9.355 Thread 0x0000028eecd26b60 nmethod 2844 0x0000028edf5e6a10 code [0x0000028edf5e6ba0, 0x0000028edf5e6c68]
Event: 10.088 Thread 0x0000028eecd26b60 2849       3       jdk.internal.misc.Unsafe::putReferenceOpaque (9 bytes)
Event: 10.088 Thread 0x0000028eecd26b60 nmethod 2849 0x0000028ed7f55590 code [0x0000028ed7f55720, 0x0000028ed7f55850]
Event: 10.088 Thread 0x0000028eecd26b60 2850       3       java.util.concurrent.locks.LockSupport::setBlocker (12 bytes)
Event: 10.088 Thread 0x0000028eecd26b60 nmethod 2850 0x0000028ed7f55910 code [0x0000028ed7f55ac0, 0x0000028ed7f55cc8]

GC Heap History (8 events):
Event: 1.207 GC heap before
{Heap before GC invocations=1 (full 0):
 PSYoungGen      total 29696K, used 25600K [0x00000000d5580000, 0x00000000d7680000, 0x0000000100000000)
  eden space 25600K, 100% used [0x00000000d5580000,0x00000000d6e80000,0x00000000d6e80000)
  from space 4096K, 0% used [0x00000000d7280000,0x00000000d7280000,0x00000000d7680000)
  to   space 4096K, 0% used [0x00000000d6e80000,0x00000000d6e80000,0x00000000d7280000)
 ParOldGen       total 68608K, used 0K [0x0000000080000000, 0x0000000084300000, 0x00000000d5580000)
  object space 68608K, 0% used [0x0000000080000000,0x0000000080000000,0x0000000084300000)
 Metaspace       used 4317K, committed 4544K, reserved 1114112K
  class space    used 473K, committed 576K, reserved 1048576K
}
Event: 1.233 GC heap after
{Heap after GC invocations=1 (full 0):
 PSYoungGen      total 29696K, used 3280K [0x00000000d5580000, 0x00000000d7680000, 0x0000000100000000)
  eden space 25600K, 0% used [0x00000000d5580000,0x00000000d5580000,0x00000000d6e80000)
  from space 4096K, 80% used [0x00000000d6e80000,0x00000000d71b4148,0x00000000d7280000)
  to   space 4096K, 0% used [0x00000000d7280000,0x00000000d7280000,0x00000000d7680000)
 ParOldGen       total 68608K, used 8K [0x0000000080000000, 0x0000000084300000, 0x00000000d5580000)
  object space 68608K, 0% used [0x0000000080000000,0x0000000080002000,0x0000000084300000)
 Metaspace       used 4317K, committed 4544K, reserved 1114112K
  class space    used 473K, committed 576K, reserved 1048576K
}
Event: 2.284 GC heap before
{Heap before GC invocations=2 (full 0):
 PSYoungGen      total 29696K, used 28880K [0x00000000d5580000, 0x00000000d7680000, 0x0000000100000000)
  eden space 25600K, 100% used [0x00000000d5580000,0x00000000d6e80000,0x00000000d6e80000)
  from space 4096K, 80% used [0x00000000d6e80000,0x00000000d71b4148,0x00000000d7280000)
  to   space 4096K, 0% used [0x00000000d7280000,0x00000000d7280000,0x00000000d7680000)
 ParOldGen       total 68608K, used 8K [0x0000000080000000, 0x0000000084300000, 0x00000000d5580000)
  object space 68608K, 0% used [0x0000000080000000,0x0000000080002000,0x0000000084300000)
 Metaspace       used 7993K, committed 8320K, reserved 1114112K
  class space    used 841K, committed 960K, reserved 1048576K
}
Event: 2.290 GC heap after
{Heap after GC invocations=2 (full 0):
 PSYoungGen      total 29696K, used 4093K [0x00000000d5580000, 0x00000000d7680000, 0x0000000100000000)
  eden space 25600K, 0% used [0x00000000d5580000,0x00000000d5580000,0x00000000d6e80000)
  from space 4096K, 99% used [0x00000000d7280000,0x00000000d767f550,0x00000000d7680000)
  to   space 4096K, 0% used [0x00000000d6e80000,0x00000000d6e80000,0x00000000d7280000)
 ParOldGen       total 68608K, used 1707K [0x0000000080000000, 0x0000000084300000, 0x00000000d5580000)
  object space 68608K, 2% used [0x0000000080000000,0x00000000801aac58,0x0000000084300000)
 Metaspace       used 7993K, committed 8320K, reserved 1114112K
  class space    used 841K, committed 960K, reserved 1048576K
}
Event: 3.666 GC heap before
{Heap before GC invocations=3 (full 0):
 PSYoungGen      total 29696K, used 29633K [0x00000000d5580000, 0x00000000d7680000, 0x0000000100000000)
  eden space 25600K, 99% used [0x00000000d5580000,0x00000000d6e71210,0x00000000d6e80000)
  from space 4096K, 99% used [0x00000000d7280000,0x00000000d767f550,0x00000000d7680000)
  to   space 4096K, 0% used [0x00000000d6e80000,0x00000000d6e80000,0x00000000d7280000)
 ParOldGen       total 68608K, used 1707K [0x0000000080000000, 0x0000000084300000, 0x00000000d5580000)
  object space 68608K, 2% used [0x0000000080000000,0x00000000801aac58,0x0000000084300000)
 Metaspace       used 9414K, committed 9728K, reserved 1114112K
  class space    used 1009K, committed 1152K, reserved 1048576K
}
Event: 4.672 GC heap after
{Heap after GC invocations=3 (full 0):
 PSYoungGen      total 29696K, used 4083K [0x00000000d5580000, 0x00000000d7680000, 0x0000000100000000)
  eden space 25600K, 0% used [0x00000000d5580000,0x00000000d5580000,0x00000000d6e80000)
  from space 4096K, 99% used [0x00000000d6e80000,0x00000000d727cf08,0x00000000d7280000)
  to   space 4096K, 0% used [0x00000000d7280000,0x00000000d7280000,0x00000000d7680000)
 ParOldGen       total 68608K, used 4759K [0x0000000080000000, 0x0000000084300000, 0x00000000d5580000)
  object space 68608K, 6% used [0x0000000080000000,0x00000000804a5f20,0x0000000084300000)
 Metaspace       used 9414K, committed 9728K, reserved 1114112K
  class space    used 1009K, committed 1152K, reserved 1048576K
}
Event: 7.088 GC heap before
{Heap before GC invocations=4 (full 0):
 PSYoungGen      total 29696K, used 29683K [0x00000000d5580000, 0x00000000d7680000, 0x0000000100000000)
  eden space 25600K, 100% used [0x00000000d5580000,0x00000000d6e80000,0x00000000d6e80000)
  from space 4096K, 99% used [0x00000000d6e80000,0x00000000d727cf08,0x00000000d7280000)
  to   space 4096K, 0% used [0x00000000d7280000,0x00000000d7280000,0x00000000d7680000)
 ParOldGen       total 68608K, used 4759K [0x0000000080000000, 0x0000000084300000, 0x00000000d5580000)
  object space 68608K, 6% used [0x0000000080000000,0x00000000804a5f20,0x0000000084300000)
 Metaspace       used 12424K, committed 12864K, reserved 1114112K
  class space    used 1335K, committed 1536K, reserved 1048576K
}
Event: 7.092 GC heap after
{Heap after GC invocations=4 (full 0):
 PSYoungGen      total 29696K, used 4086K [0x00000000d5580000, 0x00000000d7680000, 0x0000000100000000)
  eden space 25600K, 0% used [0x00000000d5580000,0x00000000d5580000,0x00000000d6e80000)
  from space 4096K, 99% used [0x00000000d7280000,0x00000000d767db68,0x00000000d7680000)
  to   space 4096K, 0% used [0x00000000d6e80000,0x00000000d6e80000,0x00000000d7280000)
 ParOldGen       total 68608K, used 5722K [0x0000000080000000, 0x0000000084300000, 0x00000000d5580000)
  object space 68608K, 8% used [0x0000000080000000,0x00000000805968c8,0x0000000084300000)
 Metaspace       used 12424K, committed 12864K, reserved 1114112K
  class space    used 1335K, committed 1536K, reserved 1048576K
}

Dll operation events (9 events):
Event: 0.023 Loaded shared library c:\Users\HP\.antigravity\extensions\redhat.java-1.54.0-win32-x64\jre\21.0.10-win32-x86_64\bin\java.dll
Event: 0.155 Loaded shared library c:\Users\HP\.antigravity\extensions\redhat.java-1.54.0-win32-x64\jre\21.0.10-win32-x86_64\bin\zip.dll
Event: 0.187 Loaded shared library C:\Users\HP\.antigravity\extensions\redhat.java-1.54.0-win32-x64\jre\21.0.10-win32-x86_64\bin\instrument.dll
Event: 0.193 Loaded shared library C:\Users\HP\.antigravity\extensions\redhat.java-1.54.0-win32-x64\jre\21.0.10-win32-x86_64\bin\net.dll
Event: 0.196 Loaded shared library C:\Users\HP\.antigravity\extensions\redhat.java-1.54.0-win32-x64\jre\21.0.10-win32-x86_64\bin\nio.dll
Event: 0.199 Loaded shared library C:\Users\HP\.antigravity\extensions\redhat.java-1.54.0-win32-x64\jre\21.0.10-win32-x86_64\bin\zip.dll
Event: 0.222 Loaded shared library C:\Users\HP\.antigravity\extensions\redhat.java-1.54.0-win32-x64\jre\21.0.10-win32-x86_64\bin\jimage.dll
Event: 0.333 Loaded shared library c:\Users\HP\.antigravity\extensions\redhat.java-1.54.0-win32-x64\jre\21.0.10-win32-x86_64\bin\verify.dll
Event: 2.305 Loaded shared library C:\Users\HP\AppData\Roaming\Antigravity\User\globalStorage\redhat.java\1.54.0\config_win\org.eclipse.equinox.launcher\org.eclipse.equinox.launcher.win32.win32.x86_64_1.3.0.v20260203-2149\eclipse_11919.dll

Deoptimization events (20 events):
Event: 7.082 Thread 0x0000028ef2606120 Uncommon trap: trap_request=0xffffffc6 fr.pc=0x0000028edf5bf2f8 relative=0x00000000000012f8
Event: 7.082 Thread 0x0000028ef2606120 Uncommon trap: reason=bimorphic_or_optimized_type_check action=maybe_recompile pc=0x0000028edf5bf2f8 method=java.io.DataInputStream.readFully([BII)V @ 30 c2
Event: 7.082 Thread 0x0000028ef2606120 DEOPT PACKING pc=0x0000028edf5bf2f8 sp=0x000000f30e5fb4f0
Event: 7.082 Thread 0x0000028ef2606120 DEOPT UNPACKING pc=0x0000028edef63aa2 sp=0x000000f30e5fb4e8 mode 2
Event: 8.238 Thread 0x0000028ef2606120 DEOPT PACKING pc=0x0000028ed7d9a356 sp=0x000000f30e5f7680
Event: 8.238 Thread 0x0000028ef2606120 DEOPT UNPACKING pc=0x0000028edef64242 sp=0x000000f30e5f6b90 mode 0
Event: 8.269 Thread 0x0000028ef2606120 Uncommon trap: trap_request=0xffffff45 fr.pc=0x0000028edf4fd6e4 relative=0x0000000000000f24
Event: 8.269 Thread 0x0000028ef2606120 Uncommon trap: reason=unstable_if action=reinterpret pc=0x0000028edf4fd6e4 method=lombok.patcher.PatchScript.classMatches(Ljava/lang/String;Ljava/util/Collection;)Z @ 25 c2
Event: 8.269 Thread 0x0000028ef2606120 DEOPT PACKING pc=0x0000028edf4fd6e4 sp=0x000000f30e5f6ac0
Event: 8.269 Thread 0x0000028ef2606120 DEOPT UNPACKING pc=0x0000028edef63aa2 sp=0x000000f30e5f6a80 mode 2
Event: 8.273 Thread 0x0000028ef2606120 DEOPT PACKING pc=0x0000028ed7b167b9 sp=0x000000f30e5f60e0
Event: 8.273 Thread 0x0000028ef2606120 DEOPT UNPACKING pc=0x0000028edef64242 sp=0x000000f30e5f55e0 mode 0
Event: 8.311 Thread 0x0000028ef2606120 Uncommon trap: trap_request=0xffffff45 fr.pc=0x0000028edf5a8c2c relative=0x000000000000128c
Event: 8.311 Thread 0x0000028ef2606120 Uncommon trap: reason=unstable_if action=reinterpret pc=0x0000028edf5a8c2c method=java.util.Properties.loadConvert([CIILjava/lang/StringBuilder;)Ljava/lang/String; @ 491 c2
Event: 8.311 Thread 0x0000028ef2606120 DEOPT PACKING pc=0x0000028edf5a8c2c sp=0x000000f30e5f7870
Event: 8.311 Thread 0x0000028ef2606120 DEOPT UNPACKING pc=0x0000028edef63aa2 sp=0x000000f30e5f7860 mode 2
Event: 8.329 Thread 0x0000028ef2606120 Uncommon trap: trap_request=0xffffff45 fr.pc=0x0000028edf54ecd4 relative=0x00000000000000b4
Event: 8.329 Thread 0x0000028ef2606120 Uncommon trap: reason=unstable_if action=reinterpret pc=0x0000028edf54ecd4 method=org.eclipse.osgi.container.ModuleRevisionBuilder.unmodifiableMap(Ljava/util/Map;)Ljava/util/Map; @ 27 c2
Event: 8.329 Thread 0x0000028ef2606120 DEOPT PACKING pc=0x0000028edf54ecd4 sp=0x000000f30e5f9660
Event: 8.329 Thread 0x0000028ef2606120 DEOPT UNPACKING pc=0x0000028edef63aa2 sp=0x000000f30e5f95e0 mode 2

Classes loaded (20 events):
Event: 8.309 Loading class java/lang/IllegalCallerException
Event: 8.309 Loading class java/lang/IllegalCallerException done
Event: 8.311 Loading class java/lang/invoke/DirectMethodHandle$1
Event: 8.311 Loading class java/lang/invoke/DirectMethodHandle$1 done
Event: 8.316 Loading class java/text/MessageFormat
Event: 8.316 Loading class java/text/MessageFormat done
Event: 8.317 Loading class java/text/FieldPosition$Delegate
Event: 8.317 Loading class java/text/FieldPosition$Delegate done
Event: 8.317 Loading class java/text/MessageFormat$Field
Event: 8.317 Loading class java/text/MessageFormat$Field done
Event: 8.330 Loading class java/util/stream/SortedOps
Event: 8.330 Loading class java/util/stream/SortedOps done
Event: 8.330 Loading class java/util/stream/SortedOps$OfRef
Event: 8.330 Loading class java/util/stream/ReferencePipeline$StatefulOp
Event: 8.330 Loading class java/util/stream/ReferencePipeline$StatefulOp done
Event: 8.330 Loading class java/util/stream/SortedOps$OfRef done
Event: 8.331 Loading class java/util/stream/SortedOps$RefSortingSink
Event: 8.331 Loading class java/util/stream/SortedOps$AbstractRefSortingSink
Event: 8.331 Loading class java/util/stream/SortedOps$AbstractRefSortingSink done
Event: 8.331 Loading class java/util/stream/SortedOps$RefSortingSink done

Classes unloaded (0 events):
No events

Classes redefined (0 events):
No events

Internal exceptions (20 events):
Event: 2.101 Thread 0x0000028ed31e4cb0 Exception <a 'java/lang/ClassNotFoundException'{0x00000000d69b1680}: sun/net/www/protocol/plurl/Handler> (0x00000000d69b1680) 
thrown [s\src\hotspot\share\classfile\systemDictionary.cpp, line 312]
Event: 2.102 Thread 0x0000028ed31e4cb0 Exception <a 'java/lang/ClassNotFoundException'{0x00000000d69b2500}: sun/net/www/protocol/plurl/Handler> (0x00000000d69b2500) 
thrown [s\src\hotspot\share\classfile\systemDictionary.cpp, line 312]
Event: 2.291 Thread 0x0000028ed31e4cb0 Exception <a 'java/lang/UnsatisfiedLinkError'{0x00000000d5587018}: 'void org.eclipse.equinox.launcher.JNIBridge._update_splash()'> (0x00000000d5587018) 
thrown [s\src\hotspot\share\prims\nativeLookup.cpp, line 415]
Event: 2.345 Thread 0x0000028ef26872b0 Exception <a 'java/lang/NoSuchMethodError'{0x00000000d5867c50}: 'void java.lang.invoke.DirectMethodHandle$Holder.invokeInterface(java.lang.Object, java.lang.Object, java.lang.Object)'> (0x00000000d5867c50) 
thrown [s\src\hotspot\share\interpreter\linkResolver.cpp, line 773]
Event: 2.425 Thread 0x0000028ef2606120 Exception <a 'java/lang/NoSuchMethodError'{0x00000000d5c2b298}: 'java.lang.Object java.lang.invoke.DirectMethodHandle$Holder.newInvokeSpecial(java.lang.Object, java.lang.Object, int, java.lang.Object)'> (0x00000000d5c2b298) 
thrown [s\src\hotspot\share\interpreter\linkResolver.cpp, line 773]
Event: 2.425 Thread 0x0000028ef2606120 Exception <a 'java/lang/NoSuchMethodError'{0x00000000d5c2f0c8}: 'java.lang.Object java.lang.invoke.DirectMethodHandle$Holder.invokeSpecial(java.lang.Object, java.lang.Object, java.lang.Object, int, java.lang.Object)'> (0x00000000d5c2f0c8) 
thrown [s\src\hotspot\share\interpreter\linkResolver.cpp, line 773]
Event: 2.442 Thread 0x0000028ef2606120 Exception <a 'java/lang/NoClassDefFoundError'{0x00000000d5cd6378}: jakarta/servlet/ServletContainerInitializer> (0x00000000d5cd6378) 
thrown [s\src\hotspot\share\classfile\systemDictionary.cpp, line 301]
Event: 2.466 Thread 0x0000028ef2606120 Exception <a 'java/lang/ClassNotFoundException'{0x00000000d5e31650}: sun/util/logging/resources/spi/loggingProvider> (0x00000000d5e31650) 
thrown [s\src\hotspot\share\classfile\systemDictionary.cpp, line 312]
Event: 4.876 Thread 0x0000028ef2606120 Exception <a 'java/lang/NullPointerException'{0x00000000d6235f80}> (0x00000000d6235f80) 
thrown [s\src\hotspot\share\interpreter\linkResolver.cpp, line 1372]
Event: 4.876 Thread 0x0000028ef2606120 Exception <a 'java/lang/NullPointerException'{0x00000000d6236260}> (0x00000000d6236260) 
thrown [s\src\hotspot\share\interpreter\linkResolver.cpp, line 1372]
Event: 6.006 Thread 0x0000028ef2606120 Exception <a 'java/lang/NoSuchMethodError'{0x00000000d6bb98c8}: 'long java.lang.invoke.DirectMethodHandle$Holder.invokeSpecial(java.lang.Object, java.lang.Object)'> (0x00000000d6bb98c8) 
thrown [s\src\hotspot\share\interpreter\linkResolver.cpp, line 773]
Event: 7.078 Thread 0x0000028ef2606120 Exception <a 'java/io/FileNotFoundException'{0x00000000d6df7198}> (0x00000000d6df7198) 
thrown [s\src\hotspot\share\prims\jni.cpp, line 520]
Event: 8.194 Thread 0x0000028ef2606120 Exception <a 'java/lang/NoSuchMethodError'{0x00000000d5a4e878}: 'java.lang.Object java.lang.invoke.Invokers$Holder.linkToTargetMethod(java.lang.Object, long, java.lang.Object)'> (0x00000000d5a4e878) 
thrown [s\src\hotspot\share\interpreter\linkResolver.cpp, line 773]
Event: 8.239 Thread 0x0000028ef2606120 Exception <a 'java/lang/NoSuchMethodError'{0x00000000d5f90c88}: 'void java.lang.invoke.Invokers$Holder.invokeExact_MT(java.lang.Object, java.lang.Object, java.lang.Object)'> (0x00000000d5f90c88) 
thrown [s\src\hotspot\share\interpreter\linkResolver.cpp, line 773]
Event: 8.279 Thread 0x0000028ef2606120 Exception <a 'java/lang/NoSuchMethodError'{0x00000000d628fd08}: 'java.lang.Object java.lang.invoke.DirectMethodHandle$Holder.invokeVirtual(java.lang.Object, java.lang.Object, java.lang.Object)'> (0x00000000d628fd08) 
thrown [s\src\hotspot\share\interpreter\linkResolver.cpp, line 773]
Event: 8.280 Thread 0x0000028ef2606120 Exception <a 'java/lang/NoSuchMethodError'{0x00000000d62a80a0}: 'java.lang.Object java.lang.invoke.DelegatingMethodHandle$Holder.reinvoke_L(java.lang.Object, java.lang.Object, java.lang.Object, java.lang.Object, int, int)'> (0x00000000d62a80a0) 
thrown [s\src\hotspot\share\interpreter\linkResolver.cpp, line 773]
Event: 8.281 Thread 0x0000028ef2606120 Exception <a 'java/lang/NoSuchMethodError'{0x00000000d62c4c98}: 'java.lang.Object java.lang.invoke.DirectMethodHandle$Holder.newInvokeSpecial(java.lang.Object, java.lang.Object, java.lang.Object, java.lang.Object, java.lang.Object, java.lang.Object)'> (0x00000000d62c4c98) 
thrown [s\src\hotspot\share\interpreter\linkResolver.cpp, line 773]
Event: 8.283 Thread 0x0000028ef2606120 Exception <a 'java/lang/NoSuchMethodError'{0x00000000d62f1130}: 'void java.lang.invoke.Invokers$Holder.invokeExact_MT(java.lang.Object, java.lang.Object, java.lang.Object, java.lang.Object)'> (0x00000000d62f1130) 
thrown [s\src\hotspot\share\interpreter\linkResolver.cpp, line 773]
Event: 8.320 Thread 0x0000028ef2606120 Exception <a 'java/io/FileNotFoundException'{0x00000000d65dd0d8}> (0x00000000d65dd0d8) 
thrown [s\src\hotspot\share\prims\jni.cpp, line 520]
Event: 8.321 Thread 0x0000028ef2606120 Exception <a 'java/io/FileNotFoundException'{0x00000000d65e5188}> (0x00000000d65e5188) 
thrown [s\src\hotspot\share\prims\jni.cpp, line 520]

ZGC Phase Switch (0 events):
No events

VM Operations (20 events):
Event: 3.506 Executing safepoint VM operation: Cleanup
Event: 3.506 Executing safepoint VM operation: Cleanup done
Event: 3.666 Executing safepoint VM operation: ParallelGCFailedAllocation (Allocation Failure)
Event: 4.672 Executing safepoint VM operation: ParallelGCFailedAllocation (Allocation Failure) done
Event: 5.682 Executing safepoint VM operation: Cleanup
Event: 5.947 Executing safepoint VM operation: Cleanup done
Event: 5.955 Executing non-safepoint VM operation: HandshakeAllThreads (Deoptimize)
Event: 5.955 Executing non-safepoint VM operation: HandshakeAllThreads (Deoptimize) done
Event: 6.959 Executing safepoint VM operation: Cleanup
Event: 7.044 Executing safepoint VM operation: Cleanup done
Event: 7.088 Executing safepoint VM operation: ParallelGCFailedAllocation (Allocation Failure)
Event: 7.092 Executing safepoint VM operation: ParallelGCFailedAllocation (Allocation Failure) done
Event: 8.093 Executing safepoint VM operation: Cleanup
Event: 8.192 Executing safepoint VM operation: Cleanup done
Event: 8.331 Executing non-safepoint VM operation: HandshakeAllThreads (Deoptimize)
Event: 8.331 Executing non-safepoint VM operation: HandshakeAllThreads (Deoptimize) done
Event: 9.345 Executing safepoint VM operation: Cleanup
Event: 9.345 Executing safepoint VM operation: Cleanup done
Event: 10.359 Executing safepoint VM operation: Cleanup
Event: 10.359 Executing safepoint VM operation: Cleanup done

Memory protections (0 events):
No events

Nmethod flushes (0 events):
No events

Events (20 events):
Event: 0.101 Thread 0x0000028ed31e4cb0 Thread added: 0x0000028eeb89dce0
Event: 0.102 Thread 0x0000028ed31e4cb0 Thread added: 0x0000028eeb8a1c10
Event: 0.102 Thread 0x0000028ed31e4cb0 Thread added: 0x0000028eeb8a3d90
Event: 0.102 Thread 0x0000028ed31e4cb0 Thread added: 0x0000028eeb8ae4c0
Event: 0.102 Thread 0x0000028ed31e4cb0 Thread added: 0x0000028eecd26b60
Event: 0.163 Thread 0x0000028eecd26b60 Thread added: 0x0000028eece219f0
Event: 0.188 Thread 0x0000028ed31e4cb0 Thread added: 0x0000028eecf3dca0
Event: 0.508 Thread 0x0000028ed31e4cb0 Thread added: 0x0000028ef209b600
Event: 0.632 Thread 0x0000028eecd26b60 Thread added: 0x0000028ef2111250
Event: 0.949 Thread 0x0000028ef2111250 Thread exited: 0x0000028ef2111250
Event: 1.992 Thread 0x0000028ed31e4cb0 Thread added: 0x0000028ef2726fa0
Event: 2.284 Thread 0x0000028ed31e4cb0 Thread added: 0x0000028ef26872b0
Event: 2.350 Thread 0x0000028ef26872b0 Thread added: 0x0000028ef26056e0
Event: 2.353 Thread 0x0000028ed31e4cb0 Thread added: 0x0000028ef2606120
Event: 4.717 Thread 0x0000028ef2606120 Thread added: 0x0000028ef28987c0
Event: 4.913 Thread 0x0000028ef2606120 Thread added: 0x0000028ef2bf0370
Event: 5.951 Thread 0x0000028eece219f0 Thread exited: 0x0000028eece219f0
Event: 7.046 Thread 0x0000028eecd26b60 Thread added: 0x0000028eed0fdd50
Event: 8.193 Thread 0x0000028eed0fdd50 Thread exited: 0x0000028eed0fdd50
Event: 8.225 Thread 0x0000028ef2606120 Thread added: 0x0000028ef281ab80


Dynamic libraries:
0x00007ff746af0000 - 0x00007ff746afe000 	c:\Users\HP\.antigravity\extensions\redhat.java-1.54.0-win32-x64\jre\21.0.10-win32-x86_64\bin\java.exe
0x00007ffb927a0000 - 0x00007ffb92a07000 	C:\WINDOWS\SYSTEM32\ntdll.dll
0x00007ffb51a00000 - 0x00007ffb51a21000 	C:\Program Files\Avast Software\Avast\aswhook.dll
0x00007ffb90f10000 - 0x00007ffb90fd9000 	C:\WINDOWS\System32\KERNEL32.DLL
0x00007ffb8f220000 - 0x00007ffb8f614000 	C:\WINDOWS\System32\KERNELBASE.dll
0x00007ffb8f0d0000 - 0x00007ffb8f21b000 	C:\WINDOWS\System32\ucrtbase.dll
0x00007ffb0e8e0000 - 0x00007ffb0e8f8000 	c:\Users\HP\.antigravity\extensions\redhat.java-1.54.0-win32-x64\jre\21.0.10-win32-x86_64\bin\jli.dll
0x00007ffb3c6e0000 - 0x00007ffb3c6fe000 	c:\Users\HP\.antigravity\extensions\redhat.java-1.54.0-win32-x64\jre\21.0.10-win32-x86_64\bin\VCRUNTIME140.dll
0x00007ffb90d00000 - 0x00007ffb90ec5000 	C:\WINDOWS\System32\USER32.dll
0x00007ffb8f750000 - 0x00007ffb8f777000 	C:\WINDOWS\System32\win32u.dll
0x00007ffb92540000 - 0x00007ffb9256b000 	C:\WINDOWS\System32\GDI32.dll
0x00007ffb61a60000 - 0x00007ffb61cf3000 	C:\WINDOWS\WinSxS\amd64_microsoft.windows.common-controls_6595b64144ccf1df_6.0.26100.8115_none_3e075c82e3354f9c\COMCTL32.dll
0x00007ffb8f620000 - 0x00007ffb8f74b000 	C:\WINDOWS\System32\gdi32full.dll
0x00007ffb90170000 - 0x00007ffb90213000 	C:\WINDOWS\System32\msvcp_win.dll
0x00007ffb91c90000 - 0x00007ffb91d39000 	C:\WINDOWS\System32\msvcrt.dll
0x00007ffb90ed0000 - 0x00007ffb90f02000 	C:\WINDOWS\System32\IMM32.DLL
0x00007ffb47890000 - 0x00007ffb4789c000 	c:\Users\HP\.antigravity\extensions\redhat.java-1.54.0-win32-x64\jre\21.0.10-win32-x86_64\bin\vcruntime140_1.dll
0x00007ffb47800000 - 0x00007ffb4788d000 	c:\Users\HP\.antigravity\extensions\redhat.java-1.54.0-win32-x64\jre\21.0.10-win32-x86_64\bin\msvcp140.dll
0x00007ffacdca0000 - 0x00007ffacea41000 	c:\Users\HP\.antigravity\extensions\redhat.java-1.54.0-win32-x64\jre\21.0.10-win32-x86_64\bin\server\jvm.dll
0x00007ffb91840000 - 0x00007ffb918f6000 	C:\WINDOWS\System32\ADVAPI32.dll
0x00007ffb91be0000 - 0x00007ffb91c87000 	C:\WINDOWS\System32\sechost.dll
0x00007ffb91d40000 - 0x00007ffb91e58000 	C:\WINDOWS\System32\RPCRT4.dll
0x00007ffb91600000 - 0x00007ffb91680000 	C:\WINDOWS\System32\WS2_32.dll
0x00007ffb8eea0000 - 0x00007ffb8eefe000 	C:\WINDOWS\SYSTEM32\POWRPROF.dll
0x00007ffb88bc0000 - 0x00007ffb88bf6000 	C:\WINDOWS\SYSTEM32\WINMM.dll
0x00007ffb7a820000 - 0x00007ffb7a82b000 	C:\WINDOWS\SYSTEM32\VERSION.dll
0x00007ffb8ee80000 - 0x00007ffb8ee94000 	C:\WINDOWS\SYSTEM32\UMPDC.dll
0x00007ffb8ddd0000 - 0x00007ffb8ddeb000 	C:\WINDOWS\SYSTEM32\kernel.appcore.dll
0x00007ffb477f0000 - 0x00007ffb477fa000 	c:\Users\HP\.antigravity\extensions\redhat.java-1.54.0-win32-x64\jre\21.0.10-win32-x86_64\bin\jimage.dll
0x00007ffb8ce50000 - 0x00007ffb8d092000 	C:\WINDOWS\SYSTEM32\DBGHELP.DLL
0x00007ffb91f90000 - 0x00007ffb92312000 	C:\WINDOWS\System32\combase.dll
0x00007ffb91900000 - 0x00007ffb919d8000 	C:\WINDOWS\System32\OLEAUT32.dll
0x00007ffb7a610000 - 0x00007ffb7a64b000 	C:\WINDOWS\SYSTEM32\dbgcore.DLL
0x00007ffb90220000 - 0x00007ffb902c5000 	C:\WINDOWS\System32\bcryptPrimitives.dll
0x00007ffb477e0000 - 0x00007ffb477ef000 	c:\Users\HP\.antigravity\extensions\redhat.java-1.54.0-win32-x64\jre\21.0.10-win32-x86_64\bin\instrument.dll
0x00007ffb477c0000 - 0x00007ffb477e0000 	c:\Users\HP\.antigravity\extensions\redhat.java-1.54.0-win32-x64\jre\21.0.10-win32-x86_64\bin\java.dll
0x00007ffb90590000 - 0x00007ffb90cf7000 	C:\WINDOWS\System32\SHELL32.dll
0x00007ffb90390000 - 0x00007ffb904fa000 	C:\WINDOWS\System32\wintypes.dll
0x00007ffb8f900000 - 0x00007ffb90168000 	C:\WINDOWS\System32\windows.storage.dll
0x00007ffb91e60000 - 0x00007ffb91f58000 	C:\WINDOWS\System32\SHCORE.dll
0x00007ffb924d0000 - 0x00007ffb92536000 	C:\WINDOWS\System32\shlwapi.dll
0x00007ffb8ef60000 - 0x00007ffb8ef89000 	C:\WINDOWS\SYSTEM32\profapi.dll
0x00007ffb477a0000 - 0x00007ffb477b8000 	c:\Users\HP\.antigravity\extensions\redhat.java-1.54.0-win32-x64\jre\21.0.10-win32-x86_64\bin\zip.dll
0x00007ffb47790000 - 0x00007ffb477a0000 	C:\Users\HP\.antigravity\extensions\redhat.java-1.54.0-win32-x64\jre\21.0.10-win32-x86_64\bin\net.dll
0x00007ffb860a0000 - 0x00007ffb861cd000 	C:\WINDOWS\SYSTEM32\WINHTTP.dll
0x00007ffb8e340000 - 0x00007ffb8e3ac000 	C:\WINDOWS\system32\mswsock.dll
0x00007ffb47770000 - 0x00007ffb47786000 	C:\Users\HP\.antigravity\extensions\redhat.java-1.54.0-win32-x64\jre\21.0.10-win32-x86_64\bin\nio.dll
0x00007ffb47760000 - 0x00007ffb47770000 	c:\Users\HP\.antigravity\extensions\redhat.java-1.54.0-win32-x64\jre\21.0.10-win32-x86_64\bin\verify.dll
0x00007ffb28320000 - 0x00007ffb28365000 	C:\Users\HP\AppData\Roaming\Antigravity\User\globalStorage\redhat.java\1.54.0\config_win\org.eclipse.equinox.launcher\org.eclipse.equinox.launcher.win32.win32.x86_64_1.3.0.v20260203-2149\eclipse_11919.dll
0x00007ffb916a0000 - 0x00007ffb91837000 	C:\WINDOWS\System32\ole32.dll

JVMTI agents:
c:\Users\HP\.antigravity\extensions\redhat.java-1.54.0-win32-x64\lombok\lombok-1.18.39-4050.jar path:c:\Users\HP\.antigravity\extensions\redhat.java-1.54.0-win32-x64\jre\21.0.10-win32-x86_64\bin\instrument.dll, loaded, initialized, instrumentlib options:none

dbghelp: loaded successfully - version: 4.0.5 - missing functions: none
symbol engine: initialized successfully - sym options: 0x614 - pdb path: .;c:\Users\HP\.antigravity\extensions\redhat.java-1.54.0-win32-x64\jre\21.0.10-win32-x86_64\bin;C:\WINDOWS\SYSTEM32;C:\Program Files\Avast Software\Avast;C:\WINDOWS\WinSxS\amd64_microsoft.windows.common-controls_6595b64144ccf1df_6.0.26100.8115_none_3e075c82e3354f9c;c:\Users\HP\.antigravity\extensions\redhat.java-1.54.0-win32-x64\jre\21.0.10-win32-x86_64\bin\server;C:\Users\HP\AppData\Roaming\Antigravity\User\globalStorage\redhat.java\1.54.0\config_win\org.eclipse.equinox.launcher\org.eclipse.equinox.launcher.win32.win32.x86_64_1.3.0.v20260203-2149

VM Arguments:
jvm_args: --add-modules=ALL-SYSTEM --add-opens=java.base/java.util=ALL-UNNAMED --add-opens=java.base/java.lang=ALL-UNNAMED --add-opens=java.base/sun.nio.fs=ALL-UNNAMED -Declipse.application=org.eclipse.jdt.ls.core.id1 -Dosgi.bundles.defaultStartLevel=4 -Declipse.product=org.eclipse.jdt.ls.core.product -Djava.import.generatesMetadataFilesAtProjectRoot=false -DDetectVMInstallationsJob.disabled=true -Dfile.encoding=utf8 -XX:+UseParallelGC -XX:GCTimeRatio=4 -XX:AdaptiveSizePolicyWeight=90 -Dsun.zip.disableMemoryMapping=true -Xmx2G -Xms100m -Xlog:disable -javaagent:c:\Users\HP\.antigravity\extensions\redhat.java-1.54.0-win32-x64\lombok\lombok-1.18.39-4050.jar -XX:+HeapDumpOnOutOfMemoryError -XX:HeapDumpPath=c:\Users\HP\AppData\Roaming\Antigravity\User\workspaceStorage\bb6f58697517b49f76eb8e851445a514\redhat.java -Daether.dependencyCollector.impl=bf 
java_command: c:\Users\HP\.antigravity\extensions\redhat.java-1.54.0-win32-x64\server\plugins\org.eclipse.equinox.launcher_1.7.100.v20251111-0406.jar -configuration c:\Users\HP\AppData\Roaming\Antigravity\User\globalStorage\redhat.java\1.54.0\config_win -data c:\Users\HP\AppData\Roaming\Antigravity\User\workspaceStorage\bb6f58697517b49f76eb8e851445a514\redhat.java\jdt_ws --pipe=\\.\pipe\lsp-f8eff7a9c335343f59dd14aabdc1e7e6-sock
java_class_path (initial): c:\Users\HP\.antigravity\extensions\redhat.java-1.54.0-win32-x64\server\plugins\org.eclipse.equinox.launcher_1.7.100.v20251111-0406.jar
Launcher Type: SUN_STANDARD

[Global flags]
    uintx AdaptiveSizePolicyWeight                 = 90                                        {product} {command line}
     intx CICompilerCount                          = 4                                         {product} {ergonomic}
    uintx GCTimeRatio                              = 4                                         {product} {command line}
     bool HeapDumpOnOutOfMemoryError               = true                                   {manageable} {command line}
    ccstr HeapDumpPath                             = c:\Users\HP\AppData\Roaming\Antigravity\User\workspaceStorage\bb6f58697517b49f76eb8e851445a514\redhat.java         {manageable} {command line}
   size_t InitialHeapSize                          = 104857600                                 {product} {command line}
   size_t MaxHeapSize                              = 2147483648                                {product} {command line}
   size_t MaxNewSize                               = 715653120                                 {product} {ergonomic}
   size_t MinHeapDeltaBytes                        = 524288                                    {product} {ergonomic}
   size_t MinHeapSize                              = 104857600                                 {product} {command line}
   size_t NewSize                                  = 34603008                                  {product} {ergonomic}
    uintx NonNMethodCodeHeapSize                   = 5839372                                {pd product} {ergonomic}
    uintx NonProfiledCodeHeapSize                  = 122909434                              {pd product} {ergonomic}
   size_t OldSize                                  = 70254592                                  {product} {ergonomic}
    uintx ProfiledCodeHeapSize                     = 122909434                              {pd product} {ergonomic}
    uintx ReservedCodeCacheSize                    = 251658240                              {pd product} {ergonomic}
     bool SegmentedCodeCache                       = true                                      {product} {ergonomic}
   size_t SoftMaxHeapSize                          = 2147483648                             {manageable} {ergonomic}
     bool UseCompressedOops                        = true                           {product lp64_product} {ergonomic}
     bool UseLargePagesIndividualAllocation        = false                                  {pd product} {ergonomic}
     bool UseParallelGC                            = true                                      {product} {command line}

Logging:
Log output configuration:
 #0: stdout all=off uptime,level,tags foldmultilines=false
 #1: stderr all=off uptime,level,tags foldmultilines=false

Release file:
JAVA_VERSION="21.0.10" 
MODULES="java.base java.compiler java.datatransfer java.xml java.prefs java.desktop java.instrument java.logging java.management java.security.sasl java.naming java.rmi java.management.rmi java.net.http java.scripting java.security.jgss java.transaction.xa java.sql java.sql.rowset java.xml.crypto java.se java.smartcardio jdk.accessibility jdk.internal.jvmstat jdk.attach jdk.charsets jdk.internal.opt jdk.zipfs jdk.compiler jdk.crypto.ec jdk.crypto.cryptoki jdk.crypto.mscapi jdk.dynalink jdk.internal.ed jdk.editpad jdk.hotspot.agent jdk.httpserver jdk.internal.le jdk.internal.vm.ci jdk.internal.vm.compiler jdk.internal.vm.compiler.management jdk.jartool jdk.javadoc jdk.jcmd jdk.management jdk.management.agent jdk.jconsole jdk.jdeps jdk.jdwp.agent jdk.jdi jdk.jfr jdk.jshell jdk.jsobject jdk.jstatd jdk.localedata jdk.management.jfr jdk.naming.dns jdk.naming.rmi jdk.net jdk.nio.mapmode jdk.random jdk.sctp jdk.security.auth jdk.security.jgss jdk.unsupported jdk.unsupported.desktop jdk.xml.dom" 

Environment Variables:
JAVA_HOME=C:\Program Files\Java\jdk-25
PATH=C:\Program Files\Common Files\Oracle\Java\javapath;C:\Program Files (x86)\Common Files\Oracle\Java\java8path;C:\Program Files (x86)\Common Files\Oracle\Java\javapath;C:\ORC\ORACLEE\bin;C:\app\HP\product\21c\dbhomeXE\bin;E:\oracle21\ORACL\bin;C:\Dossier_Oracle21c\Oracle21c\bin;C:\WINDOWS\system32;C:\WINDOWS;C:\WINDOWS\System32\Wbem;C:\WINDOWS\System32\WindowsPowerShell\v1.0\;C:\WINDOWS\System32\OpenSSH\;C:\appliiiiiii\flutter_windows_3.35.7-stable.zip\flutter\bin;C:\Program Files\Docker\Docker\resources\bin;C:\Program Files\Git\cmd;C:\Program Files\nodejs\;C:\Program Files\Apache\maven\bin;C:\Program Files\MySQL\MySQL Shell 8.0\bin\;C:\Users\HP\AppData\Local\Programs\Python\Python313\Scripts\;C:\Users\HP\AppData\Local\Programs\Python\Python313\;C:\Users\HP\AppData\Local\Programs\Python\Launcher\;C:\Users\HP\AppData\Local\Microsoft\WindowsApps;C:\Users\HP\AppData\Local\Programs\Microsoft VS Code\bin;C:\Users\HP\AppData\Local\Python\bin;C:\Users\HP\AppData\Roaming\npm;C:\Program Files\Java\jdk-25\bin;C:\Maven\apache-maven-3.9.15\bin;D:\Nouveau dossier\Antigravity\bin
USERNAME=HP
OS=Windows_NT
PROCESSOR_IDENTIFIER=Intel64 Family 6 Model 186 Stepping 3, GenuineIntel
TMP=C:\Users\HP\AppData\Local\Temp
TEMP=C:\Users\HP\AppData\Local\Temp




Periodic native trim disabled

---------------  S Y S T E M  ---------------

OS:
 Windows 11 , 64 bit Build 26100 (10.0.26100.8246)
OS uptime: 0 days 0:13 hours
Hyper-V role detected

CPU: total 12 (initial active 12) (6 cores per cpu, 2 threads per core) family 6 model 186 stepping 3 microcode 0x4121, cx8, cmov, fxsr, ht, mmx, 3dnowpref, sse, sse2, sse3, ssse3, sse4.1, sse4.2, popcnt, lzcnt, tsc, tscinvbit, avx, avx2, aes, erms, clmul, bmi1, bmi2, adx, sha, fma, vzeroupper, clflush, clflushopt, clwb, hv, serialize, rdtscp, rdpid, fsrm, f16c, cet_ibt, cet_ss
Processor Information for processor 0
  Max Mhz: 1300, Current Mhz: 1300, Mhz Limit: 1300
Processor Information for processor 1
  Max Mhz: 1300, Current Mhz: 1300, Mhz Limit: 1300
Processor Information for processor 2
  Max Mhz: 1300, Current Mhz: 1300, Mhz Limit: 1300
Processor Information for processor 3
  Max Mhz: 1300, Current Mhz: 1300, Mhz Limit: 1300
Processor Information for processor 4
  Max Mhz: 1300, Current Mhz: 900, Mhz Limit: 897
Processor Information for processor 5
  Max Mhz: 1300, Current Mhz: 900, Mhz Limit: 897
Processor Information for processor 6
  Max Mhz: 1300, Current Mhz: 900, Mhz Limit: 897
Processor Information for processor 7
  Max Mhz: 1300, Current Mhz: 900, Mhz Limit: 897
Processor Information for processor 8
  Max Mhz: 1300, Current Mhz: 900, Mhz Limit: 897
Processor Information for processor 9
  Max Mhz: 1300, Current Mhz: 900, Mhz Limit: 897
Processor Information for processor 10
  Max Mhz: 1300, Current Mhz: 900, Mhz Limit: 897
Processor Information for processor 11
  Max Mhz: 1300, Current Mhz: 900, Mhz Limit: 897

Memory: 4k page, system-wide physical 7835M (530M free)
TotalPageFile size 13835M (AvailPageFile size 28M)
current process WorkingSet (physical memory assigned to process): 119M, peak: 119M
current process commit charge ("private bytes"): 264M, peak: 265M

vm_info: OpenJDK 64-Bit Server VM (21.0.10+7-LTS) for windows-amd64 JRE (21.0.10+7-LTS), built on 2026-01-20T00:00:00Z by "admin" with MS VC++ 17.12 (VS2022)

END.
