#
# There is insufficient memory for the Java Runtime Environment to continue.
# Native memory allocation (malloc) failed to allocate 131088 bytes. Error detail: Chunk::new
# Possible reasons:
#   The system is out of physical RAM or swap space
#   This process is running with CompressedOops enabled, and the Java Heap may be blocking the growth of the native heap
# Possible solutions:
#   Reduce memory load on the system
#   Increase physical memory or swap space
#   Check if swap backing store is full
#   Decrease Java heap size (-Xmx/-Xms)
#   Decrease number of Java threads
#   Decrease Java thread stack sizes (-Xss)
#   Set larger code cache with -XX:ReservedCodeCacheSize=
#   JVM is running with Unscaled Compressed Oops mode in which the Java heap is
#     placed in the first 4GB address space. The Java Heap base address is the
#     maximum limit for the native heap growth. Please use -XX:HeapBaseMinAddress
#     to set the Java Heap base and to place the Java Heap above 4GB virtual address.
# This output file may be truncated or incomplete.
#
#  Out of Memory Error (arena.cpp:168), pid=23860, tid=22420
#
# JRE version: OpenJDK Runtime Environment Temurin-21.0.10+7 (21.0.10+7) (build 21.0.10+7-LTS)
# Java VM: OpenJDK 64-Bit Server VM Temurin-21.0.10+7 (21.0.10+7-LTS, mixed mode, sharing, tiered, compressed oops, compressed class ptrs, parallel gc, windows-amd64)
# No core dump will be written. Minidumps are not enabled by default on client versions of Windows
#

---------------  S U M M A R Y ------------

Command Line: --add-modules=ALL-SYSTEM --add-opens=java.base/java.util=ALL-UNNAMED --add-opens=java.base/java.lang=ALL-UNNAMED --add-opens=java.base/sun.nio.fs=ALL-UNNAMED -Declipse.application=org.eclipse.jdt.ls.core.id1 -Dosgi.bundles.defaultStartLevel=4 -Declipse.product=org.eclipse.jdt.ls.core.product -Djava.import.generatesMetadataFilesAtProjectRoot=false -DDetectVMInstallationsJob.disabled=true -Dfile.encoding=utf8 -XX:+UseParallelGC -XX:GCTimeRatio=4 -XX:AdaptiveSizePolicyWeight=90 -Dsun.zip.disableMemoryMapping=true -Xmx2G -Xms100m -Xlog:disable -javaagent:c:\Users\HP\.antigravity\extensions\redhat.java-1.54.0-win32-x64\lombok\lombok-1.18.39-4050.jar -XX:+HeapDumpOnOutOfMemoryError -XX:HeapDumpPath=c:\Users\HP\AppData\Roaming\Antigravity\User\workspaceStorage\bb6f58697517b49f76eb8e851445a514\redhat.java -Daether.dependencyCollector.impl=bf c:\Users\HP\.antigravity\extensions\redhat.java-1.54.0-win32-x64\server\plugins\org.eclipse.equinox.launcher_1.7.100.v20251111-0406.jar -configuration c:\Users\HP\AppData\Roaming\Antigravity\User\globalStorage\redhat.java\1.54.0\config_win -data c:\Users\HP\AppData\Roaming\Antigravity\User\workspaceStorage\bb6f58697517b49f76eb8e851445a514\redhat.java\jdt_ws --pipe=\\.\pipe\lsp-1dd92c7bb93a0b77795191cba781f938-sock

Host: 13th Gen Intel(R) Core(TM) i5-1335U, 12 cores, 7G,  Windows 11 , 64 bit Build 26100 (10.0.26100.8246)
Time: Wed Apr 29 01:47:46 2026 Greenwich elapsed time: 1864.185658 seconds (0d 0h 31m 4s)

---------------  T H R E A D  ---------------

Current thread (0x00000135dc368500):  JavaThread "C2 CompilerThread1" daemon [_thread_in_native, id=22420, stack(0x0000002405d00000,0x0000002405e00000) (1024K)]


Current CompileTask:
C2:1864185 16235       4       org.eclipse.jdt.internal.compiler.lookup.SplitPackageBinding::combineAll (202 bytes)

Stack: [0x0000002405d00000,0x0000002405e00000]
Native frames: (J=compiled Java code, j=interpreted, Vv=VM code, C=native code)
V  [jvm.dll+0x6d7a39]
V  [jvm.dll+0x8b4b26]
V  [jvm.dll+0x8b70de]
V  [jvm.dll+0x8b77c3]
V  [jvm.dll+0x284346]
V  [jvm.dll+0xc66ed]
V  [jvm.dll+0xc6c31]
V  [jvm.dll+0x6feab5]
V  [jvm.dll+0x6fef15]
V  [jvm.dll+0x70114d]
V  [jvm.dll+0x6ff503]
V  [jvm.dll+0x24d4c3]
V  [jvm.dll+0x24ba42]
V  [jvm.dll+0x1cb34e]
V  [jvm.dll+0x25b85d]
V  [jvm.dll+0x259dea]
V  [jvm.dll+0x3f857e]
V  [jvm.dll+0x85f59d]
V  [jvm.dll+0x6d626d]
C  [ucrtbase.dll+0x37b0]
C  [KERNEL32.DLL+0x2e8d7]
C  [ntdll.dll+0x8c3fc]


---------------  P R O C E S S  ---------------

Threads class SMR info:
_java_thread_list=0x00000135dc939430, length=67, elements={
0x00000135efc34dd0, 0x00000135f93e93e0, 0x00000135f93e9f40, 0x00000135f93ec810,
0x00000135f93eefe0, 0x00000135f93f2320, 0x00000135f93f42e0, 0x00000135f93fe200,
0x00000135fa8672f0, 0x00000135faa0c840, 0x00000135d40200c0, 0x00000135d483c0b0,
0x00000135d4b09990, 0x00000135d42f7530, 0x00000135d477d140, 0x00000135d4f76480,
0x00000135d4e9c450, 0x00000135d52bcc00, 0x00000135d52bd920, 0x00000135d52be640,
0x00000135d676eb90, 0x00000135d676d150, 0x00000135d67705d0, 0x00000135d6770c60,
0x00000135d676d7e0, 0x00000135d676de70, 0x00000135d676f8b0, 0x00000135d676f220,
0x00000135d67712f0, 0x00000135d6771980, 0x00000135d676e500, 0x00000135d6772010,
0x00000135d67726a0, 0x00000135d67733c0, 0x00000135d6773a50, 0x00000135d67740e0,
0x00000135d6774770, 0x00000135d4031440, 0x00000135d8f5f250, 0x00000135d8f5ebc0,
0x00000135d8f5f8e0, 0x00000135d8f5d810, 0x00000135d8f5dea0, 0x00000135d8f5c460,
0x00000135d8f5ff70, 0x00000135d8f60600, 0x00000135d8f5d180, 0x00000135d8f5bdd0,
0x00000135d8f626d0, 0x00000135e3372a40, 0x00000135e336f5c0, 0x00000135e33723b0,
0x00000135e336fc50, 0x00000135e33730d0, 0x00000135e3371690, 0x00000135e3371d20,
0x00000135e3370970, 0x00000135e3373760, 0x00000135e33702e0, 0x00000135e3376550,
0x00000135e3376be0, 0x00000135e3375830, 0x00000135e3373df0, 0x00000135e3374b10,
0x00000135e33751a0, 0x00000135dc368500, 0x00000135dc36a710
}

Java Threads: ( => current thread )
  0x00000135efc34dd0 JavaThread "main"                              [_thread_blocked, id=9824, stack(0x0000002401f00000,0x0000002402000000) (1024K)]
  0x00000135f93e93e0 JavaThread "Reference Handler"          daemon [_thread_blocked, id=23868, stack(0x0000002402300000,0x0000002402400000) (1024K)]
  0x00000135f93e9f40 JavaThread "Finalizer"                  daemon [_thread_blocked, id=15264, stack(0x0000002402400000,0x0000002402500000) (1024K)]
  0x00000135f93ec810 JavaThread "Signal Dispatcher"          daemon [_thread_blocked, id=23900, stack(0x0000002402500000,0x0000002402600000) (1024K)]
  0x00000135f93eefe0 JavaThread "Attach Listener"            daemon [_thread_blocked, id=23904, stack(0x0000002402600000,0x0000002402700000) (1024K)]
  0x00000135f93f2320 JavaThread "Service Thread"             daemon [_thread_blocked, id=23928, stack(0x0000002402700000,0x0000002402800000) (1024K)]
  0x00000135f93f42e0 JavaThread "Monitor Deflation Thread"   daemon [_thread_blocked, id=23948, stack(0x0000002402800000,0x0000002402900000) (1024K)]
  0x00000135f93fe200 JavaThread "C2 CompilerThread0"         daemon [_thread_blocked, id=18828, stack(0x0000002402900000,0x0000002402a00000) (1024K)]
  0x00000135fa8672f0 JavaThread "C1 CompilerThread0"         daemon [_thread_blocked, id=23252, stack(0x0000002402a00000,0x0000002402b00000) (1024K)]
  0x00000135faa0c840 JavaThread "Common-Cleaner"             daemon [_thread_blocked, id=12344, stack(0x0000002402b00000,0x0000002402c00000) (1024K)]
  0x00000135d40200c0 JavaThread "Notification Thread"        daemon [_thread_blocked, id=23424, stack(0x0000002402d00000,0x0000002402e00000) (1024K)]
  0x00000135d483c0b0 JavaThread "Active Thread: Equinox Container: 81d4588f-e1ae-4920-8109-baf4f8bd33b0"        [_thread_blocked, id=23968, stack(0x0000002403500000,0x0000002403600000) (1024K)]
  0x00000135d4b09990 JavaThread "Refresh Thread: Equinox Container: 81d4588f-e1ae-4920-8109-baf4f8bd33b0" daemon [_thread_blocked, id=23964, stack(0x0000002403600000,0x0000002403700000) (1024K)]
  0x00000135d42f7530 JavaThread "Framework Event Dispatcher: Equinox Container: 81d4588f-e1ae-4920-8109-baf4f8bd33b0" daemon [_thread_blocked, id=23976, stack(0x0000002403800000,0x0000002403900000) (1024K)]
  0x00000135d477d140 JavaThread "Start Level: Equinox Container: 81d4588f-e1ae-4920-8109-baf4f8bd33b0" daemon [_thread_blocked, id=24000, stack(0x0000002403900000,0x0000002403a00000) (1024K)]
  0x00000135d4f76480 JavaThread "Bundle File Closer"         daemon [_thread_blocked, id=2208, stack(0x0000002403c00000,0x0000002403d00000) (1024K)]
  0x00000135d4e9c450 JavaThread "SCR Component Actor"        daemon [_thread_blocked, id=24044, stack(0x0000002403d00000,0x0000002403e00000) (1024K)]
  0x00000135d52bcc00 JavaThread "Worker-JM"                         [_thread_blocked, id=24048, stack(0x0000002403e00000,0x0000002403f00000) (1024K)]
  0x00000135d52bd920 JavaThread "JNA Cleaner"                daemon [_thread_blocked, id=24060, stack(0x0000002403f00000,0x0000002404000000) (1024K)]
  0x00000135d52be640 JavaThread "Java indexing"              daemon [_thread_blocked, id=24112, stack(0x0000002404300000,0x0000002404400000) (1024K)]
  0x00000135d676eb90 JavaThread "Thread-1"                   daemon [_thread_in_native, id=24140, stack(0x0000002404800000,0x0000002404900000) (1024K)]
  0x00000135d676d150 JavaThread "Thread-2"                   daemon [_thread_in_native, id=24152, stack(0x0000002404900000,0x0000002404a00000) (1024K)]
  0x00000135d67705d0 JavaThread "Thread-3"                   daemon [_thread_in_native, id=20652, stack(0x0000002404a00000,0x0000002404b00000) (1024K)]
  0x00000135d6770c60 JavaThread "Thread-4"                   daemon [_thread_in_native, id=24164, stack(0x0000002404b00000,0x0000002404c00000) (1024K)]
  0x00000135d676d7e0 JavaThread "Thread-5"                   daemon [_thread_in_native, id=20428, stack(0x0000002404c00000,0x0000002404d00000) (1024K)]
  0x00000135d676de70 JavaThread "Thread-6"                   daemon [_thread_in_native, id=24168, stack(0x0000002404d00000,0x0000002404e00000) (1024K)]
  0x00000135d676f8b0 JavaThread "Thread-7"                   daemon [_thread_in_native, id=24132, stack(0x0000002404e00000,0x0000002404f00000) (1024K)]
  0x00000135d676f220 JavaThread "Thread-8"                   daemon [_thread_in_native, id=24172, stack(0x0000002404f00000,0x0000002405000000) (1024K)]
  0x00000135d67712f0 JavaThread "Thread-9"                   daemon [_thread_in_native, id=13248, stack(0x0000002405000000,0x0000002405100000) (1024K)]
  0x00000135d6771980 JavaThread "Thread-10"                  daemon [_thread_in_native, id=2304, stack(0x0000002405100000,0x0000002405200000) (1024K)]
  0x00000135d676e500 JavaThread "Thread-11"                  daemon [_thread_in_native, id=7944, stack(0x0000002405200000,0x0000002405300000) (1024K)]
  0x00000135d6772010 JavaThread "Thread-12"                  daemon [_thread_in_native, id=21468, stack(0x0000002405300000,0x0000002405400000) (1024K)]
  0x00000135d67726a0 JavaThread "Thread-13"                  daemon [_thread_in_native, id=15488, stack(0x0000002405400000,0x0000002405500000) (1024K)]
  0x00000135d67733c0 JavaThread "pool-2-thread-1"                   [_thread_blocked, id=24228, stack(0x0000002405600000,0x0000002405700000) (1024K)]
  0x00000135d6773a50 JavaThread "Timer-0"                           [_thread_blocked, id=24028, stack(0x0000002405700000,0x0000002405800000) (1024K)]
  0x00000135d67740e0 JavaThread "Timer-1"                           [_thread_blocked, id=24184, stack(0x0000002405800000,0x0000002405900000) (1024K)]
  0x00000135d6774770 JavaThread "WorkspaceEventsHandler"            [_thread_blocked, id=24196, stack(0x0000002405900000,0x0000002405a00000) (1024K)]
  0x00000135d4031440 JavaThread "pool-1-thread-1"                   [_thread_blocked, id=23496, stack(0x0000002405a00000,0x0000002405b00000) (1024K)]
  0x00000135d8f5f250 JavaThread "Timer-2"                           [_thread_blocked, id=20712, stack(0x0000002405b00000,0x0000002405c00000) (1024K)]
  0x00000135d8f5ebc0 JavaThread "Timer-3"                           [_thread_blocked, id=12500, stack(0x0000002407f00000,0x0000002408000000) (1024K)]
  0x00000135d8f5f8e0 JavaThread "Timer-4"                           [_thread_blocked, id=21820, stack(0x0000002408000000,0x0000002408100000) (1024K)]
  0x00000135d8f5d810 JavaThread "Timer-5"                           [_thread_blocked, id=11680, stack(0x0000002408100000,0x0000002408200000) (1024K)]
  0x00000135d8f5dea0 JavaThread "Timer-6"                           [_thread_blocked, id=5604, stack(0x0000002408200000,0x0000002408300000) (1024K)]
  0x00000135d8f5c460 JavaThread "Timer-7"                           [_thread_blocked, id=4680, stack(0x0000002408300000,0x0000002408400000) (1024K)]
  0x00000135d8f5ff70 JavaThread "Timer-8"                           [_thread_blocked, id=2960, stack(0x0000002402e00000,0x0000002402f00000) (1024K)]
  0x00000135d8f60600 JavaThread "Timer-9"                           [_thread_blocked, id=3876, stack(0x0000002408400000,0x0000002408500000) (1024K)]
  0x00000135d8f5d180 JavaThread "Timer-10"                          [_thread_blocked, id=3596, stack(0x0000002407e00000,0x0000002407f00000) (1024K)]
  0x00000135d8f5bdd0 JavaThread "Timer-11"                          [_thread_blocked, id=11736, stack(0x0000002408600000,0x0000002408700000) (1024K)]
  0x00000135d8f626d0 JavaThread "Timer-12"                          [_thread_blocked, id=19584, stack(0x0000002408800000,0x0000002408900000) (1024K)]
  0x00000135e3372a40 JavaThread "Worker-6"                          [_thread_blocked, id=11624, stack(0x0000002401c00000,0x0000002401d00000) (1024K)]
  0x00000135e336f5c0 JavaThread "Worker-9"                          [_thread_blocked, id=24180, stack(0x0000002401d00000,0x0000002401e00000) (1024K)]
  0x00000135e33723b0 JavaThread "Worker-10"                         [_thread_blocked, id=18948, stack(0x0000002401e00000,0x0000002401f00000) (1024K)]
  0x00000135e336fc50 JavaThread "Compiler Source File Reader" daemon [_thread_blocked, id=20064, stack(0x0000002404000000,0x0000002404100000) (1024K)]
  0x00000135e33730d0 JavaThread "Compiler Processing Task"   daemon [_thread_blocked, id=10100, stack(0x0000002404100000,0x0000002404200000) (1024K)]
  0x00000135e3371690 JavaThread "Compiler Source File Reader" daemon [_thread_blocked, id=3268, stack(0x0000002404200000,0x0000002404300000) (1024K)]
  0x00000135e3371d20 JavaThread "Compiler Source File Reader" daemon [_thread_blocked, id=7792, stack(0x0000002404400000,0x0000002404500000) (1024K)]
  0x00000135e3370970 JavaThread "Compiler Source File Reader" daemon [_thread_blocked, id=16656, stack(0x0000002404500000,0x0000002404600000) (1024K)]
  0x00000135e3373760 JavaThread "Compiler Source File Reader" daemon [_thread_blocked, id=21184, stack(0x0000002404700000,0x0000002404800000) (1024K)]
  0x00000135e33702e0 JavaThread "Compiler Source File Reader" daemon [_thread_blocked, id=15544, stack(0x0000002405500000,0x0000002405600000) (1024K)]
  0x00000135e3376550 JavaThread "Compiler Source File Reader" daemon [_thread_blocked, id=20668, stack(0x0000002402c00000,0x0000002402d00000) (1024K)]
  0x00000135e3376be0 JavaThread "Worker-11: Building"               [_thread_blocked, id=7528, stack(0x0000002405c00000,0x0000002405d00000) (1024K)]
  0x00000135e3375830 JavaThread "Compiler Source File Reader" daemon [_thread_blocked, id=13224, stack(0x0000002405e00000,0x0000002405f00000) (1024K)]
  0x00000135e3373df0 JavaThread "Compiler Source File Reader" daemon [_thread_blocked, id=1716, stack(0x0000002405f00000,0x0000002406000000) (1024K)]
  0x00000135e3374b10 JavaThread "Worker-12"                         [_thread_blocked, id=3432, stack(0x0000002404600000,0x0000002404700000) (1024K)]
  0x00000135e33751a0 JavaThread "Compiler Source File Reader" daemon [_thread_blocked, id=24292, stack(0x0000002406100000,0x0000002406200000) (1024K)]
=>0x00000135dc368500 JavaThread "C2 CompilerThread1"         daemon [_thread_in_native, id=22420, stack(0x0000002405d00000,0x0000002405e00000) (1024K)]
  0x00000135dc36a710 JavaThread "C2 CompilerThread2"         daemon [_thread_blocked, id=10640, stack(0x0000002406000000,0x0000002406100000) (1024K)]
Total: 67

Other Threads:
  0x00000135f93e23d0 VMThread "VM Thread"                           [id=16540, stack(0x0000002402200000,0x0000002402300000) (1024K)]
  0x00000135f92dca00 WatcherThread "VM Periodic Task Thread"        [id=23892, stack(0x0000002402100000,0x0000002402200000) (1024K)]
  0x00000135efc532c0 WorkerThread "GC Thread#0"                     [id=3868, stack(0x0000002402000000,0x0000002402100000) (1024K)]
  0x00000135d488b3d0 WorkerThread "GC Thread#1"                     [id=23956, stack(0x0000002402f00000,0x0000002403000000) (1024K)]
  0x00000135d488b780 WorkerThread "GC Thread#2"                     [id=23004, stack(0x0000002403000000,0x0000002403100000) (1024K)]
  0x00000135d40170b0 WorkerThread "GC Thread#3"                     [id=18128, stack(0x0000002403100000,0x0000002403200000) (1024K)]
  0x00000135d4017460 WorkerThread "GC Thread#4"                     [id=23960, stack(0x0000002403200000,0x0000002403300000) (1024K)]
  0x00000135d4017810 WorkerThread "GC Thread#5"                     [id=18888, stack(0x0000002403300000,0x0000002403400000) (1024K)]
  0x00000135d4017bc0 WorkerThread "GC Thread#6"                     [id=23936, stack(0x0000002403400000,0x0000002403500000) (1024K)]
  0x00000135d4bca050 WorkerThread "GC Thread#7"                     [id=23992, stack(0x0000002403700000,0x0000002403800000) (1024K)]
  0x00000135d4e7bb70 WorkerThread "GC Thread#8"                     [id=24004, stack(0x0000002403a00000,0x0000002403b00000) (1024K)]
  0x00000135d4e4a7a0 WorkerThread "GC Thread#9"                     [id=24012, stack(0x0000002403b00000,0x0000002403c00000) (1024K)]
Total: 12

Threads with active compile tasks:
C2 CompilerThread0  1865219 16169       4       org.eclipse.jdt.internal.compiler.lookup.ModuleBinding::combineWithPackagesFromOtherRelevantModules (71 bytes)
C2 CompilerThread1  1865219 16235       4       org.eclipse.jdt.internal.compiler.lookup.SplitPackageBinding::combineAll (202 bytes)
C2 CompilerThread2  1865219 16223       4       org.eclipse.jdt.internal.compiler.lookup.Scope::getTypeOrPackage (1525 bytes)
Total: 3

VM state: at safepoint (normal execution)

VM Mutex/Monitor currently owned by a thread:  ([mutex/lock_event])
[0x00007ffff96be560] Threads_lock - owner thread: 0x00000135f93e23d0
[0x00007ffff96be660] Heap_lock - owner thread: 0x00000135e3376be0

Heap address: 0x0000000080000000, size: 2048 MB, Compressed Oops mode: 32-bit

CDS archive(s) mapped at: [0x000001358f000000-0x000001358fba0000-0x000001358fba0000), size 12189696, SharedBaseAddress: 0x000001358f000000, ArchiveRelocationMode: 1.
Compressed class space mapped at: 0x0000013590000000-0x00000135d0000000, reserved size: 1073741824
Narrow klass base: 0x000001358f000000, Narrow klass shift: 0, Narrow klass range: 0x100000000

GC Precious Log:
 CardTable entry size: 512
 CPUs: 12 total, 12 available
 Memory: 7835M
 Large Page Support: Disabled
 NUMA Support: Disabled
 Compressed Oops: Enabled (32-bit)
 Alignments: Space 512K, Generation 512K, Heap 2M
 Heap Min Capacity: 100M
 Heap Initial Capacity: 100M
 Heap Max Capacity: 2G
 Pre-touch: Disabled
 Parallel Workers: 10

Heap:
 PSYoungGen      total 5632K, used 768K [0x00000000d5580000, 0x00000000d5c80000, 0x0000000100000000)
  eden space 4096K, 0% used [0x00000000d5580000,0x00000000d5580000,0x00000000d5980000)
  from space 1536K, 50% used [0x00000000d5b00000,0x00000000d5bc0000,0x00000000d5c80000)
  to   space 1024K, 0% used [0x00000000d5980000,0x00000000d5980000,0x00000000d5a80000)
 ParOldGen       total 416256K, used 313679K [0x0000000080000000, 0x0000000099680000, 0x00000000d5580000)
  object space 416256K, 75% used [0x0000000080000000,0x0000000093253c80,0x0000000099680000)
 Metaspace       used 85990K, committed 87808K, reserved 1179648K
  class space    used 10172K, committed 11008K, reserved 1048576K

Card table byte_map: [0x00000135f4710000,0x00000135f4b20000] _byte_map_base: 0x00000135f4310000

Marking Bits: (ParMarkBitMap*) 0x00007ffff96c3450
 Begin Bits: [0x00000135f4dd0000, 0x00000135f6dd0000)
 End Bits:   [0x00000135f6dd0000, 0x00000135f8dd0000)

Polling page: 0x00000135ef950000

Metaspace:

Usage:
  Non-class:     74.04 MB used.
      Class:      9.93 MB used.
       Both:     83.98 MB used.

Virtual space:
  Non-class space:      128.00 MB reserved,      75.00 MB ( 59%) committed,  2 nodes.
      Class space:        1.00 GB reserved,      10.75 MB (  1%) committed,  1 nodes.
             Both:        1.12 GB reserved,      85.75 MB (  7%) committed. 

Chunk freelists:
   Non-Class:  4.73 MB
       Class:  5.07 MB
        Both:  9.80 MB

MaxMetaspaceSize: unlimited
CompressedClassSpaceSize: 1.00 GB
Initial GC threshold: 21.00 MB
Current GC threshold: 142.50 MB
CDS: on
 - commit_granule_bytes: 65536.
 - commit_granule_words: 8192.
 - virtual_space_node_default_size: 8388608.
 - enlarge_chunks_in_place: 1.
 - use_allocation_guard: 0.


Internal statistics:

num_allocs_failed_limit: 9.
num_arena_births: 1840.
num_arena_deaths: 20.
num_vsnodes_births: 3.
num_vsnodes_deaths: 0.
num_space_committed: 1372.
num_space_uncommitted: 0.
num_chunks_returned_to_freelist: 32.
num_chunks_taken_from_freelist: 6363.
num_chunk_merges: 18.
num_chunk_splits: 3702.
num_chunks_enlarged: 1773.
num_inconsistent_stats: 0.

CodeHeap 'non-profiled nmethods': size=120000Kb used=11437Kb max_used=11437Kb free=108562Kb
 bounds [0x0000013587ad0000, 0x0000013588600000, 0x000001358f000000]
CodeHeap 'profiled nmethods': size=120000Kb used=33166Kb max_used=33166Kb free=86833Kb
 bounds [0x0000013580000000, 0x00000135820b0000, 0x0000013587530000]
CodeHeap 'non-nmethods': size=5760Kb used=1464Kb max_used=1574Kb free=4296Kb
 bounds [0x0000013587530000, 0x00000135877a0000, 0x0000013587ad0000]
CodeCache: size=245760Kb, used=46067Kb, max_used=46177Kb, free=199691Kb
 total_blobs=15541, nmethods=14762, adapters=682, full_count=0
Compilation: enabled, stopped_count=0, restarted_count=0

Compilation events (20 events):
Event: 1859.159 Thread 0x00000135fa8672f0 16250       3       sun.security.provider.AbstractDrbg::engineNextBytes (15 bytes)
Event: 1859.160 Thread 0x00000135fa8672f0 nmethod 16250 0x000001358024df90 code [0x000001358024e140, 0x000001358024e2e0]
Event: 1859.160 Thread 0x00000135fa8672f0 16251       3       java.security.DrbgParameters::nextBytes (11 bytes)
Event: 1859.161 Thread 0x00000135fa8672f0 nmethod 16251 0x000001358035ac10 code [0x000001358035adc0, 0x000001358035af58]
Event: 1859.161 Thread 0x00000135fa8672f0 16252       3       java.security.DrbgParameters$NextBytes::<init> (66 bytes)
Event: 1859.161 Thread 0x00000135fa8672f0 nmethod 16252 0x000001358042d890 code [0x000001358042dae0, 0x000001358042e370]
Event: 1859.161 Thread 0x00000135fa8672f0 16253   !   3       sun.security.provider.AbstractDrbg::engineNextBytes (283 bytes)
Event: 1859.163 Thread 0x00000135fa8672f0 nmethod 16253 0x000001358039ce90 code [0x000001358039d2c0, 0x000001358039ef38]
Event: 1859.164 Thread 0x00000135fa8672f0 16254       3       java.security.DrbgParameters$NextBytes::getAdditionalInput (22 bytes)
Event: 1859.165 Thread 0x00000135fa8672f0 nmethod 16254 0x0000013580a20c90 code [0x0000013580a20e40, 0x0000013580a21160]
Event: 1859.165 Thread 0x00000135fa8672f0 16255  s    3       sun.security.provider.AbstractDrbg::instantiateIfNecessary (60 bytes)
Event: 1859.165 Thread 0x00000135fa8672f0 nmethod 16255 0x0000013580a32710 code [0x0000013580a32900, 0x0000013580a32d50]
Event: 1859.165 Thread 0x00000135fa8672f0 16256  s    3       sun.security.provider.HashDrbg::generateAlgorithm (188 bytes)
Event: 1859.166 Thread 0x00000135fa8672f0 nmethod 16256 0x00000135808d4a10 code [0x00000135808d4d60, 0x00000135808d6b88]
Event: 1859.166 Thread 0x00000135fa8672f0 16249       1       org.eclipse.jdt.internal.compiler.problem.DefaultProblem::getMessage (5 bytes)
Event: 1859.166 Thread 0x00000135fa8672f0 nmethod 16249 0x00000135885fb190 code [0x00000135885fb320, 0x00000135885fb3e8]
Event: 1860.186 Thread 0x00000135fa8672f0 16257       3       org.eclipse.jdt.internal.core.search.indexing.AbstractIndexer::addMethodReference (13 bytes)
Event: 1862.178 Thread 0x00000135fa8672f0 nmethod 16257 0x00000135808c3010 code [0x00000135808c3280, 0x00000135808c3b90]
Event: 1862.178 Thread 0x00000135fa8672f0 16258       3       org.eclipse.jdt.internal.core.search.indexing.SourceIndexerRequestor::acceptMethodReference (10 bytes)
Event: 1862.179 Thread 0x00000135fa8672f0 nmethod 16258 0x0000013580a69a90 code [0x0000013580a69c80, 0x0000013580a6a1d0]

GC Heap History (20 events):
Event: 1849.013 GC heap before
{Heap before GC invocations=274 (full 4):
 PSYoungGen      total 4096K, used 4096K [0x00000000d5580000, 0x00000000d5f00000, 0x0000000100000000)
  eden space 2560K, 100% used [0x00000000d5580000,0x00000000d5800000,0x00000000d5800000)
  from space 1536K, 100% used [0x00000000d5800000,0x00000000d5980000,0x00000000d5980000)
  to   space 3584K, 0% used [0x00000000d5b80000,0x00000000d5b80000,0x00000000d5f00000)
 ParOldGen       total 416256K, used 256495K [0x0000000080000000, 0x0000000099680000, 0x00000000d5580000)
  object space 416256K, 61% used [0x0000000080000000,0x000000008fa7bf38,0x0000000099680000)
 Metaspace       used 85912K, committed 87744K, reserved 1179648K
  class space    used 10169K, committed 11008K, reserved 1048576K
}
Event: 1849.015 GC heap after
{Heap after GC invocations=274 (full 4):
 PSYoungGen      total 6144K, used 2368K [0x00000000d5580000, 0x00000000d5e80000, 0x0000000100000000)
  eden space 3072K, 0% used [0x00000000d5580000,0x00000000d5580000,0x00000000d5880000)
  from space 3072K, 77% used [0x00000000d5b80000,0x00000000d5dd0208,0x00000000d5e80000)
  to   space 3072K, 0% used [0x00000000d5880000,0x00000000d5880000,0x00000000d5b80000)
 ParOldGen       total 416256K, used 258075K [0x0000000080000000, 0x0000000099680000, 0x00000000d5580000)
  object space 416256K, 61% used [0x0000000080000000,0x000000008fc06f48,0x0000000099680000)
 Metaspace       used 85912K, committed 87744K, reserved 1179648K
  class space    used 10169K, committed 11008K, reserved 1048576K
}
Event: 1849.019 GC heap before
{Heap before GC invocations=275 (full 4):
 PSYoungGen      total 6144K, used 5440K [0x00000000d5580000, 0x00000000d5e80000, 0x0000000100000000)
  eden space 3072K, 100% used [0x00000000d5580000,0x00000000d5880000,0x00000000d5880000)
  from space 3072K, 77% used [0x00000000d5b80000,0x00000000d5dd0208,0x00000000d5e80000)
  to   space 3072K, 0% used [0x00000000d5880000,0x00000000d5880000,0x00000000d5b80000)
 ParOldGen       total 416256K, used 258075K [0x0000000080000000, 0x0000000099680000, 0x00000000d5580000)
  object space 416256K, 61% used [0x0000000080000000,0x000000008fc06f48,0x0000000099680000)
 Metaspace       used 85914K, committed 87744K, reserved 1179648K
  class space    used 10169K, committed 11008K, reserved 1048576K
}
Event: 1849.021 GC heap after
{Heap after GC invocations=275 (full 4):
 PSYoungGen      total 6144K, used 1846K [0x00000000d5580000, 0x00000000d5e80000, 0x0000000100000000)
  eden space 3072K, 0% used [0x00000000d5580000,0x00000000d5580000,0x00000000d5880000)
  from space 3072K, 60% used [0x00000000d5880000,0x00000000d5a4d860,0x00000000d5b80000)
  to   space 2560K, 0% used [0x00000000d5c00000,0x00000000d5c00000,0x00000000d5e80000)
 ParOldGen       total 416256K, used 260348K [0x0000000080000000, 0x0000000099680000, 0x00000000d5580000)
  object space 416256K, 62% used [0x0000000080000000,0x000000008fe3f3b8,0x0000000099680000)
 Metaspace       used 85914K, committed 87744K, reserved 1179648K
  class space    used 10169K, committed 11008K, reserved 1048576K
}
Event: 1849.033 GC heap before
{Heap before GC invocations=276 (full 4):
 PSYoungGen      total 6144K, used 4918K [0x00000000d5580000, 0x00000000d5e80000, 0x0000000100000000)
  eden space 3072K, 100% used [0x00000000d5580000,0x00000000d5880000,0x00000000d5880000)
  from space 3072K, 60% used [0x00000000d5880000,0x00000000d5a4d860,0x00000000d5b80000)
  to   space 2560K, 0% used [0x00000000d5c00000,0x00000000d5c00000,0x00000000d5e80000)
 ParOldGen       total 416256K, used 260348K [0x0000000080000000, 0x0000000099680000, 0x00000000d5580000)
  object space 416256K, 62% used [0x0000000080000000,0x000000008fe3f3b8,0x0000000099680000)
 Metaspace       used 85941K, committed 87744K, reserved 1179648K
  class space    used 10171K, committed 11008K, reserved 1048576K
}
Event: 1849.035 GC heap after
{Heap after GC invocations=276 (full 4):
 PSYoungGen      total 6656K, used 2357K [0x00000000d5580000, 0x00000000d5e80000, 0x0000000100000000)
  eden space 4096K, 0% used [0x00000000d5580000,0x00000000d5580000,0x00000000d5980000)
  from space 2560K, 92% used [0x00000000d5c00000,0x00000000d5e4d468,0x00000000d5e80000)
  to   space 2560K, 0% used [0x00000000d5980000,0x00000000d5980000,0x00000000d5c00000)
 ParOldGen       total 416256K, used 262117K [0x0000000080000000, 0x0000000099680000, 0x00000000d5580000)
  object space 416256K, 62% used [0x0000000080000000,0x000000008fff95a0,0x0000000099680000)
 Metaspace       used 85941K, committed 87744K, reserved 1179648K
  class space    used 10171K, committed 11008K, reserved 1048576K
}
Event: 1849.045 GC heap before
{Heap before GC invocations=277 (full 4):
 PSYoungGen      total 6656K, used 6453K [0x00000000d5580000, 0x00000000d5e80000, 0x0000000100000000)
  eden space 4096K, 100% used [0x00000000d5580000,0x00000000d5980000,0x00000000d5980000)
  from space 2560K, 92% used [0x00000000d5c00000,0x00000000d5e4d468,0x00000000d5e80000)
  to   space 2560K, 0% used [0x00000000d5980000,0x00000000d5980000,0x00000000d5c00000)
 ParOldGen       total 416256K, used 262117K [0x0000000080000000, 0x0000000099680000, 0x00000000d5580000)
  object space 416256K, 62% used [0x0000000080000000,0x000000008fff95a0,0x0000000099680000)
 Metaspace       used 85950K, committed 87744K, reserved 1179648K
  class space    used 10172K, committed 11008K, reserved 1048576K
}
Event: 1851.057 GC heap after
{Heap after GC invocations=277 (full 4):
 PSYoungGen      total 6656K, used 2535K [0x00000000d5580000, 0x00000000d5e80000, 0x0000000100000000)
  eden space 4096K, 0% used [0x00000000d5580000,0x00000000d5580000,0x00000000d5980000)
  from space 2560K, 99% used [0x00000000d5980000,0x00000000d5bf9f48,0x00000000d5c00000)
  to   space 2560K, 0% used [0x00000000d5c00000,0x00000000d5c00000,0x00000000d5e80000)
 ParOldGen       total 416256K, used 264425K [0x0000000080000000, 0x0000000099680000, 0x00000000d5580000)
  object space 416256K, 63% used [0x0000000080000000,0x000000009023a6a8,0x0000000099680000)
 Metaspace       used 85950K, committed 87744K, reserved 1179648K
  class space    used 10172K, committed 11008K, reserved 1048576K
}
Event: 1851.064 GC heap before
{Heap before GC invocations=278 (full 4):
 PSYoungGen      total 6656K, used 6631K [0x00000000d5580000, 0x00000000d5e80000, 0x0000000100000000)
  eden space 4096K, 100% used [0x00000000d5580000,0x00000000d5980000,0x00000000d5980000)
  from space 2560K, 99% used [0x00000000d5980000,0x00000000d5bf9f48,0x00000000d5c00000)
  to   space 2560K, 0% used [0x00000000d5c00000,0x00000000d5c00000,0x00000000d5e80000)
 ParOldGen       total 416256K, used 264425K [0x0000000080000000, 0x0000000099680000, 0x00000000d5580000)
  object space 416256K, 63% used [0x0000000080000000,0x000000009023a6a8,0x0000000099680000)
 Metaspace       used 85963K, committed 87808K, reserved 1179648K
  class space    used 10172K, committed 11008K, reserved 1048576K
}
Event: 1851.067 GC heap after
{Heap after GC invocations=278 (full 4):
 PSYoungGen      total 6656K, used 1155K [0x00000000d5580000, 0x00000000d5e80000, 0x0000000100000000)
  eden space 4096K, 0% used [0x00000000d5580000,0x00000000d5580000,0x00000000d5980000)
  from space 2560K, 45% used [0x00000000d5c00000,0x00000000d5d20ef8,0x00000000d5e80000)
  to   space 2560K, 0% used [0x00000000d5980000,0x00000000d5980000,0x00000000d5c00000)
 ParOldGen       total 416256K, used 268178K [0x0000000080000000, 0x0000000099680000, 0x00000000d5580000)
  object space 416256K, 64% used [0x0000000080000000,0x00000000905e4b40,0x0000000099680000)
 Metaspace       used 85963K, committed 87808K, reserved 1179648K
  class space    used 10172K, committed 11008K, reserved 1048576K
}
Event: 1851.077 GC heap before
{Heap before GC invocations=279 (full 4):
 PSYoungGen      total 6656K, used 5251K [0x00000000d5580000, 0x00000000d5e80000, 0x0000000100000000)
  eden space 4096K, 100% used [0x00000000d5580000,0x00000000d5980000,0x00000000d5980000)
  from space 2560K, 45% used [0x00000000d5c00000,0x00000000d5d20ef8,0x00000000d5e80000)
  to   space 2560K, 0% used [0x00000000d5980000,0x00000000d5980000,0x00000000d5c00000)
 ParOldGen       total 416256K, used 268178K [0x0000000080000000, 0x0000000099680000, 0x00000000d5580000)
  object space 416256K, 64% used [0x0000000080000000,0x00000000905e4b40,0x0000000099680000)
 Metaspace       used 85963K, committed 87808K, reserved 1179648K
  class space    used 10172K, committed 11008K, reserved 1048576K
}
Event: 1851.079 GC heap after
{Heap after GC invocations=279 (full 4):
 PSYoungGen      total 5120K, used 966K [0x00000000d5580000, 0x00000000d5c80000, 0x0000000100000000)
  eden space 4096K, 0% used [0x00000000d5580000,0x00000000d5580000,0x00000000d5980000)
  from space 1024K, 94% used [0x00000000d5980000,0x00000000d5a71b58,0x00000000d5a80000)
  to   space 1536K, 0% used [0x00000000d5b00000,0x00000000d5b00000,0x00000000d5c80000)
 ParOldGen       total 416256K, used 269225K [0x0000000080000000, 0x0000000099680000, 0x00000000d5580000)
  object space 416256K, 64% used [0x0000000080000000,0x00000000906ea680,0x0000000099680000)
 Metaspace       used 85963K, committed 87808K, reserved 1179648K
  class space    used 10172K, committed 11008K, reserved 1048576K
}
Event: 1851.094 GC heap before
{Heap before GC invocations=280 (full 4):
 PSYoungGen      total 5120K, used 5062K [0x00000000d5580000, 0x00000000d5c80000, 0x0000000100000000)
  eden space 4096K, 100% used [0x00000000d5580000,0x00000000d5980000,0x00000000d5980000)
  from space 1024K, 94% used [0x00000000d5980000,0x00000000d5a71b58,0x00000000d5a80000)
  to   space 1536K, 0% used [0x00000000d5b00000,0x00000000d5b00000,0x00000000d5c80000)
 ParOldGen       total 416256K, used 269225K [0x0000000080000000, 0x0000000099680000, 0x00000000d5580000)
  object space 416256K, 64% used [0x0000000080000000,0x00000000906ea680,0x0000000099680000)
 Metaspace       used 85970K, committed 87808K, reserved 1179648K
  class space    used 10172K, committed 11008K, reserved 1048576K
}
Event: 1853.104 GC heap after
{Heap after GC invocations=280 (full 4):
 PSYoungGen      total 5632K, used 1535K [0x00000000d5580000, 0x00000000d5c80000, 0x0000000100000000)
  eden space 4096K, 0% used [0x00000000d5580000,0x00000000d5580000,0x00000000d5980000)
  from space 1536K, 99% used [0x00000000d5b00000,0x00000000d5c7fc78,0x00000000d5c80000)
  to   space 1024K, 0% used [0x00000000d5980000,0x00000000d5980000,0x00000000d5a80000)
 ParOldGen       total 416256K, used 271370K [0x0000000080000000, 0x0000000099680000, 0x00000000d5580000)
  object space 416256K, 65% used [0x0000000080000000,0x00000000909028c0,0x0000000099680000)
 Metaspace       used 85970K, committed 87808K, reserved 1179648K
  class space    used 10172K, committed 11008K, reserved 1048576K
}
Event: 1853.111 GC heap before
{Heap before GC invocations=281 (full 4):
 PSYoungGen      total 5632K, used 5631K [0x00000000d5580000, 0x00000000d5c80000, 0x0000000100000000)
  eden space 4096K, 99% used [0x00000000d5580000,0x00000000d597ffa0,0x00000000d5980000)
  from space 1536K, 99% used [0x00000000d5b00000,0x00000000d5c7fc78,0x00000000d5c80000)
  to   space 1024K, 0% used [0x00000000d5980000,0x00000000d5980000,0x00000000d5a80000)
 ParOldGen       total 416256K, used 271370K [0x0000000080000000, 0x0000000099680000, 0x00000000d5580000)
  object space 416256K, 65% used [0x0000000080000000,0x00000000909028c0,0x0000000099680000)
 Metaspace       used 85972K, committed 87808K, reserved 1179648K
  class space    used 10172K, committed 11008K, reserved 1048576K
}
Event: 1855.117 GC heap after
{Heap after GC invocations=281 (full 4):
 PSYoungGen      total 5120K, used 1024K [0x00000000d5580000, 0x00000000d5c80000, 0x0000000100000000)
  eden space 4096K, 0% used [0x00000000d5580000,0x00000000d5580000,0x00000000d5980000)
  from space 1024K, 100% used [0x00000000d5980000,0x00000000d5a80000,0x00000000d5a80000)
  to   space 1536K, 0% used [0x00000000d5b00000,0x00000000d5b00000,0x00000000d5c80000)
 ParOldGen       total 416256K, used 275249K [0x0000000080000000, 0x0000000099680000, 0x00000000d5580000)
  object space 416256K, 66% used [0x0000000080000000,0x0000000090ccc450,0x0000000099680000)
 Metaspace       used 85972K, committed 87808K, reserved 1179648K
  class space    used 10172K, committed 11008K, reserved 1048576K
}
Event: 1855.126 GC heap before
{Heap before GC invocations=282 (full 4):
 PSYoungGen      total 5120K, used 5057K [0x00000000d5580000, 0x00000000d5c80000, 0x0000000100000000)
  eden space 4096K, 98% used [0x00000000d5580000,0x00000000d5970540,0x00000000d5980000)
  from space 1024K, 100% used [0x00000000d5980000,0x00000000d5a80000,0x00000000d5a80000)
  to   space 1536K, 0% used [0x00000000d5b00000,0x00000000d5b00000,0x00000000d5c80000)
 ParOldGen       total 416256K, used 275249K [0x0000000080000000, 0x0000000099680000, 0x00000000d5580000)
  object space 416256K, 66% used [0x0000000080000000,0x0000000090ccc450,0x0000000099680000)
 Metaspace       used 85972K, committed 87808K, reserved 1179648K
  class space    used 10172K, committed 11008K, reserved 1048576K
}
Event: 1857.130 GC heap after
{Heap after GC invocations=282 (full 4):
 PSYoungGen      total 5632K, used 1536K [0x00000000d5580000, 0x00000000d5c80000, 0x0000000100000000)
  eden space 4096K, 0% used [0x00000000d5580000,0x00000000d5580000,0x00000000d5980000)
  from space 1536K, 100% used [0x00000000d5b00000,0x00000000d5c80000,0x00000000d5c80000)
  to   space 1024K, 0% used [0x00000000d5980000,0x00000000d5980000,0x00000000d5a80000)
 ParOldGen       total 416256K, used 277983K [0x0000000080000000, 0x0000000099680000, 0x00000000d5580000)
  object space 416256K, 66% used [0x0000000080000000,0x0000000090f77c50,0x0000000099680000)
 Metaspace       used 85972K, committed 87808K, reserved 1179648K
  class space    used 10172K, committed 11008K, reserved 1048576K
}
Event: 1857.138 GC heap before
{Heap before GC invocations=283 (full 4):
 PSYoungGen      total 5632K, used 5632K [0x00000000d5580000, 0x00000000d5c80000, 0x0000000100000000)
  eden space 4096K, 100% used [0x00000000d5580000,0x00000000d5980000,0x00000000d5980000)
  from space 1536K, 100% used [0x00000000d5b00000,0x00000000d5c80000,0x00000000d5c80000)
  to   space 1024K, 0% used [0x00000000d5980000,0x00000000d5980000,0x00000000d5a80000)
 ParOldGen       total 416256K, used 277983K [0x0000000080000000, 0x0000000099680000, 0x00000000d5580000)
  object space 416256K, 66% used [0x0000000080000000,0x0000000090f77c50,0x0000000099680000)
 Metaspace       used 85973K, committed 87808K, reserved 1179648K
  class space    used 10172K, committed 11008K, reserved 1048576K
}
Event: 1859.151 GC heap after
{Heap after GC invocations=283 (full 4):
 PSYoungGen      total 5120K, used 1008K [0x00000000d5580000, 0x00000000d5c80000, 0x0000000100000000)
  eden space 4096K, 0% used [0x00000000d5580000,0x00000000d5580000,0x00000000d5980000)
  from space 1024K, 98% used [0x00000000d5980000,0x00000000d5a7c000,0x00000000d5a80000)
  to   space 1536K, 0% used [0x00000000d5b00000,0x00000000d5b00000,0x00000000d5c80000)
 ParOldGen       total 416256K, used 281935K [0x0000000080000000, 0x0000000099680000, 0x00000000d5580000)
  object space 416256K, 67% used [0x0000000080000000,0x0000000091353c50,0x0000000099680000)
 Metaspace       used 85973K, committed 87808K, reserved 1179648K
  class space    used 10172K, committed 11008K, reserved 1048576K
}

Dll operation events (15 events):
Event: 0.016 Loaded shared library c:\Users\HP\.antigravity\extensions\redhat.java-1.54.0-win32-x64\jre\21.0.10-win32-x86_64\bin\java.dll
Event: 0.087 Loaded shared library c:\Users\HP\.antigravity\extensions\redhat.java-1.54.0-win32-x64\jre\21.0.10-win32-x86_64\bin\zip.dll
Event: 0.107 Loaded shared library C:\Users\HP\.antigravity\extensions\redhat.java-1.54.0-win32-x64\jre\21.0.10-win32-x86_64\bin\instrument.dll
Event: 0.114 Loaded shared library C:\Users\HP\.antigravity\extensions\redhat.java-1.54.0-win32-x64\jre\21.0.10-win32-x86_64\bin\net.dll
Event: 0.116 Loaded shared library C:\Users\HP\.antigravity\extensions\redhat.java-1.54.0-win32-x64\jre\21.0.10-win32-x86_64\bin\nio.dll
Event: 0.119 Loaded shared library C:\Users\HP\.antigravity\extensions\redhat.java-1.54.0-win32-x64\jre\21.0.10-win32-x86_64\bin\zip.dll
Event: 0.137 Loaded shared library C:\Users\HP\.antigravity\extensions\redhat.java-1.54.0-win32-x64\jre\21.0.10-win32-x86_64\bin\jimage.dll
Event: 0.217 Loaded shared library c:\Users\HP\.antigravity\extensions\redhat.java-1.54.0-win32-x64\jre\21.0.10-win32-x86_64\bin\verify.dll
Event: 1.426 Loaded shared library C:\Users\HP\AppData\Roaming\Antigravity\User\globalStorage\redhat.java\1.54.0\config_win\org.eclipse.equinox.launcher\org.eclipse.equinox.launcher.win32.win32.x86_64_1.3.0.v20260203-2149\eclipse_11919.dll
Event: 2.753 Loaded shared library C:\Users\HP\AppData\Local\Temp\jna-2312\jna5117096283034677420.dll
Event: 7.130 Loaded shared library C:\Users\HP\.gradle\native\1def1411415f61bf3af743bc5b6707747c0891f09f0c88961ee8f79bc544acac\windows-amd64\native-platform.dll
Event: 10.556 Loaded shared library C:\Users\HP\.antigravity\extensions\redhat.java-1.54.0-win32-x64\jre\21.0.10-win32-x86_64\bin\management.dll
Event: 10.565 Loaded shared library C:\Users\HP\.antigravity\extensions\redhat.java-1.54.0-win32-x64\jre\21.0.10-win32-x86_64\bin\management_ext.dll
Event: 14.500 Loaded shared library C:\Users\HP\.antigravity\extensions\redhat.java-1.54.0-win32-x64\jre\21.0.10-win32-x86_64\bin\extnet.dll
Event: 14.857 Loaded shared library C:\Users\HP\.antigravity\extensions\redhat.java-1.54.0-win32-x64\jre\21.0.10-win32-x86_64\bin\sunmscapi.dll

Deoptimization events (20 events):
Event: 1812.061 Thread 0x00000135e33723b0 DEOPT PACKING pc=0x0000013587d83c84 sp=0x0000002401efebd0
Event: 1812.061 Thread 0x00000135e33723b0 DEOPT UNPACKING pc=0x0000013587583aa2 sp=0x0000002401efeae8 mode 2
Event: 1843.890 Thread 0x00000135d4031440 Uncommon trap: trap_request=0xffffff45 fr.pc=0x0000013588420fac relative=0x0000000000001c6c
Event: 1843.890 Thread 0x00000135d4031440 Uncommon trap: reason=unstable_if action=reinterpret pc=0x0000013588420fac method=org.eclipse.jdt.internal.compiler.parser.Parser.consumeToken(Lorg/eclipse/jdt/internal/compiler/parser/TerminalToken;)V @ 8 c2
Event: 1843.890 Thread 0x00000135d4031440 DEOPT PACKING pc=0x0000013588420fac sp=0x0000002405afddd0
Event: 1843.891 Thread 0x00000135d4031440 DEOPT UNPACKING pc=0x0000013587583aa2 sp=0x0000002405afdd78 mode 2
Event: 1843.891 Thread 0x00000135d4031440 Uncommon trap: trap_request=0xffffff45 fr.pc=0x000001358820f374 relative=0x0000000000000894
Event: 1843.891 Thread 0x00000135d4031440 Uncommon trap: reason=unstable_if action=reinterpret pc=0x000001358820f374 method=org.eclipse.jdt.internal.compiler.parser.Scanner.getNextToken0()Lorg/eclipse/jdt/internal/compiler/parser/TerminalToken; @ 966 c2
Event: 1843.891 Thread 0x00000135d4031440 DEOPT PACKING pc=0x000001358820f374 sp=0x0000002405afddf0
Event: 1843.891 Thread 0x00000135d4031440 DEOPT UNPACKING pc=0x0000013587583aa2 sp=0x0000002405afdd28 mode 2
Event: 1849.008 Thread 0x00000135e33723b0 Uncommon trap: trap_request=0xffffff6e fr.pc=0x00000135885bdb88 relative=0x0000000000004268
Event: 1849.008 Thread 0x00000135e33723b0 Uncommon trap: reason=loop_limit_check action=maybe_recompile pc=0x00000135885bdb88 method=org.eclipse.jdt.internal.compiler.lookup.BlockScope.findLocalType([C)Lorg/eclipse/jdt/internal/compiler/lookup/ReferenceBinding; @ 79 c2
Event: 1849.008 Thread 0x00000135e33723b0 DEOPT PACKING pc=0x00000135885bdb88 sp=0x0000002401efe450
Event: 1849.008 Thread 0x00000135e33723b0 DEOPT UNPACKING pc=0x0000013587583aa2 sp=0x0000002401efe3d0 mode 2
Event: 1849.018 Thread 0x00000135e33723b0 Uncommon trap: trap_request=0xffffff45 fr.pc=0x00000135885d5d20 relative=0x00000000000003c0
Event: 1849.018 Thread 0x00000135e33723b0 Uncommon trap: reason=unstable_if action=reinterpret pc=0x00000135885d5d20 method=org.eclipse.jdt.internal.compiler.ast.Expression.computeConversion(Lorg/eclipse/jdt/internal/compiler/lookup/Scope;Lorg/eclipse/jdt/internal/compiler/lookup/TypeBinding;Lorg
Event: 1849.018 Thread 0x00000135e33723b0 DEOPT PACKING pc=0x00000135885d5d20 sp=0x0000002401efe310
Event: 1849.018 Thread 0x00000135e33723b0 DEOPT UNPACKING pc=0x0000013587583aa2 sp=0x0000002401efe2a0 mode 2
Event: 1853.108 Thread 0x00000135e3376be0 DEOPT PACKING pc=0x0000013581dba729 sp=0x0000002405cfcda0
Event: 1853.108 Thread 0x00000135e3376be0 DEOPT UNPACKING pc=0x0000013587584242 sp=0x0000002405cfc2b8 mode 0

Classes loaded (20 events):
Event: 303.603 Loading class java/util/stream/Nodes$ConcNode
Event: 303.603 Loading class java/util/stream/Nodes$AbstractConcNode
Event: 303.603 Loading class java/util/stream/Nodes$AbstractConcNode done
Event: 303.603 Loading class java/util/stream/Nodes$ConcNode done
Event: 1352.842 Loading class jdk/internal/module/IllegalAccessLogger
Event: 1352.842 Loading class jdk/internal/module/IllegalAccessLogger done
Event: 1360.658 Loading class jdk/internal/module/IllegalAccessLogger
Event: 1360.658 Loading class jdk/internal/module/IllegalAccessLogger done
Event: 1366.880 Loading class jdk/internal/module/IllegalAccessLogger
Event: 1366.880 Loading class jdk/internal/module/IllegalAccessLogger done
Event: 1393.560 Loading class jdk/internal/module/IllegalAccessLogger
Event: 1393.560 Loading class jdk/internal/module/IllegalAccessLogger done
Event: 1770.305 Loading class jdk/internal/module/IllegalAccessLogger
Event: 1770.305 Loading class jdk/internal/module/IllegalAccessLogger done
Event: 1806.951 Loading class jdk/internal/module/IllegalAccessLogger
Event: 1806.952 Loading class jdk/internal/module/IllegalAccessLogger done
Event: 1812.172 Loading class jdk/internal/module/IllegalAccessLogger
Event: 1812.172 Loading class jdk/internal/module/IllegalAccessLogger done
Event: 1857.132 Loading class jdk/internal/module/IllegalAccessLogger
Event: 1857.132 Loading class jdk/internal/module/IllegalAccessLogger done

Classes unloaded (10 events):
Event: 3.275 Thread 0x00000135f93e23d0 Unloading class 0x00000135901a4c00 'java/lang/invoke/LambdaForm$MH+0x00000135901a4c00'
Event: 3.275 Thread 0x00000135f93e23d0 Unloading class 0x00000135901a4800 'java/lang/invoke/LambdaForm$MH+0x00000135901a4800'
Event: 3.275 Thread 0x00000135f93e23d0 Unloading class 0x00000135901a4400 'java/lang/invoke/LambdaForm$MH+0x00000135901a4400'
Event: 3.275 Thread 0x00000135f93e23d0 Unloading class 0x00000135901a4000 'java/lang/invoke/LambdaForm$MH+0x00000135901a4000'
Event: 3.275 Thread 0x00000135f93e23d0 Unloading class 0x00000135901a3c00 'java/lang/invoke/LambdaForm$BMH+0x00000135901a3c00'
Event: 3.275 Thread 0x00000135f93e23d0 Unloading class 0x00000135901a3800 'java/lang/invoke/LambdaForm$DMH+0x00000135901a3800'
Event: 3.275 Thread 0x00000135f93e23d0 Unloading class 0x00000135901a2400 'java/lang/invoke/LambdaForm$DMH+0x00000135901a2400'
Event: 1770.472 Thread 0x00000135f93e23d0 Unloading class 0x0000013590a54c00 'java/lang/invoke/LambdaForm$DMH+0x0000013590a54c00'
Event: 1770.472 Thread 0x00000135f93e23d0 Unloading class 0x0000013590a54400 'java/lang/invoke/LambdaForm$DMH+0x0000013590a54400'
Event: 1770.472 Thread 0x00000135f93e23d0 Unloading class 0x0000013590a54800 'java/lang/invoke/LambdaForm$DMH+0x0000013590a54800'

Classes redefined (0 events):
No events

Internal exceptions (20 events):
Event: 1352.995 Thread 0x00000135d52be640 Implicit null exception at 0x000001358829f363 to 0x00000135882a000c
Event: 1360.450 Thread 0x00000135d52be640 Exception <a 'sun/nio/fs/WindowsException'{0x00000000d5f9c778}> (0x00000000d5f9c778) 
thrown [s\src\hotspot\share\prims\jni.cpp, line 520]
Event: 1360.602 Thread 0x00000135d52be640 Exception <a 'sun/nio/fs/WindowsException'{0x00000000d5c1ca58}> (0x00000000d5c1ca58) 
thrown [s\src\hotspot\share\prims\jni.cpp, line 520]
Event: 1366.673 Thread 0x00000135d52be640 Exception <a 'sun/nio/fs/WindowsException'{0x00000000d5878828}> (0x00000000d5878828) 
thrown [s\src\hotspot\share\prims\jni.cpp, line 520]
Event: 1366.852 Thread 0x00000135d52be640 Exception <a 'sun/nio/fs/WindowsException'{0x00000000d567dc58}> (0x00000000d567dc58) 
thrown [s\src\hotspot\share\prims\jni.cpp, line 520]
Event: 1393.347 Thread 0x00000135d4031440 Implicit null exception at 0x00000135882cbcc3 to 0x00000135882cd528
Event: 1393.362 Thread 0x00000135d52be640 Exception <a 'sun/nio/fs/WindowsException'{0x00000000d56a05a0}> (0x00000000d56a05a0) 
thrown [s\src\hotspot\share\prims\jni.cpp, line 520]
Event: 1393.519 Thread 0x00000135d52be640 Exception <a 'sun/nio/fs/WindowsException'{0x00000000d5653c10}> (0x00000000d5653c10) 
thrown [s\src\hotspot\share\prims\jni.cpp, line 520]
Event: 1652.561 Thread 0x00000135e336f5c0 Exception <a 'sun/nio/fs/WindowsException'{0x00000000d55bc028}> (0x00000000d55bc028) 
thrown [s\src\hotspot\share\prims\jni.cpp, line 520]
Event: 1652.561 Thread 0x00000135e336f5c0 Exception <a 'sun/nio/fs/WindowsException'{0x00000000d55bcb78}> (0x00000000d55bcb78) 
thrown [s\src\hotspot\share\prims\jni.cpp, line 520]
Event: 1770.084 Thread 0x00000135d52be640 Exception <a 'sun/nio/fs/WindowsException'{0x00000000d57bf110}> (0x00000000d57bf110) 
thrown [s\src\hotspot\share\prims\jni.cpp, line 520]
Event: 1770.230 Thread 0x00000135d52be640 Exception <a 'sun/nio/fs/WindowsException'{0x00000000d55b8b70}> (0x00000000d55b8b70) 
thrown [s\src\hotspot\share\prims\jni.cpp, line 520]
Event: 1770.438 Thread 0x00000135e336f5c0 Exception <a 'java/lang/NoSuchMethodError'{0x00000000d5753278}: 'java.lang.Object java.lang.invoke.DirectMethodHandle$Holder.invokeStatic(java.lang.Object, java.lang.Object, int, java.lang.Object)'> (0x00000000d5753278) 
thrown [s\src\hotspot\share\interpreter\linkResolver.cpp, line 773]
Event: 1806.717 Thread 0x00000135d52be640 Implicit null exception at 0x0000013588583404 to 0x0000013588586d24
Event: 1806.725 Thread 0x00000135d52be640 Exception <a 'sun/nio/fs/WindowsException'{0x00000000d5828a70}> (0x00000000d5828a70) 
thrown [s\src\hotspot\share\prims\jni.cpp, line 520]
Event: 1806.896 Thread 0x00000135d52be640 Exception <a 'sun/nio/fs/WindowsException'{0x00000000d558df80}> (0x00000000d558df80) 
thrown [s\src\hotspot\share\prims\jni.cpp, line 520]
Event: 1811.911 Thread 0x00000135d52be640 Exception <a 'sun/nio/fs/WindowsException'{0x00000000d569e998}> (0x00000000d569e998) 
thrown [s\src\hotspot\share\prims\jni.cpp, line 520]
Event: 1812.108 Thread 0x00000135d52be640 Exception <a 'sun/nio/fs/WindowsException'{0x00000000d56b6958}> (0x00000000d56b6958) 
thrown [s\src\hotspot\share\prims\jni.cpp, line 520]
Event: 1843.897 Thread 0x00000135d52be640 Exception <a 'sun/nio/fs/WindowsException'{0x00000000d56e0220}> (0x00000000d56e0220) 
thrown [s\src\hotspot\share\prims\jni.cpp, line 520]
Event: 1860.183 Thread 0x00000135d52be640 Exception <a 'sun/nio/fs/WindowsException'{0x00000000d561ce30}> (0x00000000d561ce30) 
thrown [s\src\hotspot\share\prims\jni.cpp, line 520]

ZGC Phase Switch (0 events):
No events

VM Operations (20 events):
Event: 1849.035 Executing non-safepoint VM operation: HandshakeAllThreads (Deoptimize)
Event: 1849.035 Executing non-safepoint VM operation: HandshakeAllThreads (Deoptimize) done
Event: 1849.045 Executing safepoint VM operation: ParallelGCFailedAllocation (Allocation Failure)
Event: 1851.057 Executing safepoint VM operation: ParallelGCFailedAllocation (Allocation Failure) done
Event: 1851.064 Executing safepoint VM operation: ParallelGCFailedAllocation (Allocation Failure)
Event: 1851.067 Executing safepoint VM operation: ParallelGCFailedAllocation (Allocation Failure) done
Event: 1851.077 Executing safepoint VM operation: ParallelGCFailedAllocation (Allocation Failure)
Event: 1851.079 Executing safepoint VM operation: ParallelGCFailedAllocation (Allocation Failure) done
Event: 1851.094 Executing safepoint VM operation: ParallelGCFailedAllocation (Allocation Failure)
Event: 1853.104 Executing safepoint VM operation: ParallelGCFailedAllocation (Allocation Failure) done
Event: 1853.111 Executing safepoint VM operation: ParallelGCFailedAllocation (Allocation Failure)
Event: 1855.117 Executing safepoint VM operation: ParallelGCFailedAllocation (Allocation Failure) done
Event: 1855.126 Executing safepoint VM operation: ParallelGCFailedAllocation (Allocation Failure)
Event: 1857.130 Executing safepoint VM operation: ParallelGCFailedAllocation (Allocation Failure) done
Event: 1857.138 Executing safepoint VM operation: ParallelGCFailedAllocation (Allocation Failure)
Event: 1859.151 Executing safepoint VM operation: ParallelGCFailedAllocation (Allocation Failure) done
Event: 1860.161 Executing safepoint VM operation: Cleanup
Event: 1860.161 Executing safepoint VM operation: Cleanup done
Event: 1861.161 Executing safepoint VM operation: Cleanup
Event: 1862.176 Executing safepoint VM operation: Cleanup done

Memory protections (0 events):
No events

Nmethod flushes (20 events):
Event: 1770.518 Thread 0x00000135f93e23d0 flushing  nmethod 0x0000013580af6390
Event: 1770.518 Thread 0x00000135f93e23d0 flushing  nmethod 0x0000013580af6810
Event: 1770.518 Thread 0x00000135f93e23d0 flushing  nmethod 0x0000013580af7490
Event: 1770.518 Thread 0x00000135f93e23d0 flushing  nmethod 0x0000013580affa90
Event: 1770.518 Thread 0x00000135f93e23d0 flushing  nmethod 0x0000013580b00990
Event: 1770.518 Thread 0x00000135f93e23d0 flushing  nmethod 0x0000013580b02690
Event: 1770.518 Thread 0x00000135f93e23d0 flushing  nmethod 0x0000013580b02c90
Event: 1770.518 Thread 0x00000135f93e23d0 flushing  nmethod 0x0000013580b03410
Event: 1770.518 Thread 0x00000135f93e23d0 flushing  nmethod 0x0000013580b09690
Event: 1770.518 Thread 0x00000135f93e23d0 flushing  nmethod 0x0000013580b0a210
Event: 1770.518 Thread 0x00000135f93e23d0 flushing  nmethod 0x0000013580b0a690
Event: 1770.518 Thread 0x00000135f93e23d0 flushing  nmethod 0x0000013580b0ab90
Event: 1770.518 Thread 0x00000135f93e23d0 flushing  nmethod 0x0000013580b0b990
Event: 1770.518 Thread 0x00000135f93e23d0 flushing  nmethod 0x0000013580b0ff10
Event: 1770.518 Thread 0x00000135f93e23d0 flushing  nmethod 0x0000013580b14190
Event: 1770.518 Thread 0x00000135f93e23d0 flushing osr nmethod 0x0000013580b16290
Event: 1770.518 Thread 0x00000135f93e23d0 flushing  nmethod 0x0000013580b1b490
Event: 1770.518 Thread 0x00000135f93e23d0 flushing  nmethod 0x0000013580b27090
Event: 1770.518 Thread 0x00000135f93e23d0 flushing  nmethod 0x0000013580b27e10
Event: 1770.518 Thread 0x00000135f93e23d0 flushing  nmethod 0x0000013580b70510

Events (20 events):
Event: 1770.332 Thread 0x00000135e33723b0 Thread added: 0x00000135e33702e0
Event: 1770.332 Thread 0x00000135fa8672f0 Thread added: 0x00000135dc368500
Event: 1774.899 Thread 0x00000135dc368500 Thread exited: 0x00000135dc368500
Event: 1779.899 Thread 0x00000135dc367760 Thread exited: 0x00000135dc367760
Event: 1806.842 Thread 0x00000135e3372a40 Thread added: 0x00000135e3376550
Event: 1806.848 Thread 0x00000135fa8672f0 Thread added: 0x00000135dc36a710
Event: 1806.899 Thread 0x00000135e33723b0 Thread added: 0x00000135e3376be0
Event: 1806.942 Thread 0x00000135fa8672f0 Thread added: 0x00000135dc368500
Event: 1806.976 Thread 0x00000135e3372a40 Thread added: 0x00000135e3375830
Event: 1806.976 Thread 0x00000135e3372a40 Thread added: 0x00000135e3373df0
Event: 1808.319 Thread 0x00000135dc368500 Thread exited: 0x00000135dc368500
Event: 1811.513 Thread 0x00000135dc36a710 Thread exited: 0x00000135dc36a710
Event: 1811.970 Thread 0x00000135e336f5c0 Thread added: 0x00000135e3374b10
Event: 1811.987 Thread 0x00000135fa8672f0 Thread added: 0x00000135dc36a710
Event: 1812.003 Thread 0x00000135fa8672f0 Thread added: 0x00000135dc368bd0
Event: 1812.062 Thread 0x00000135e33723b0 Thread added: 0x00000135e33751a0
Event: 1817.291 Thread 0x00000135dc368bd0 Thread exited: 0x00000135dc368bd0
Event: 1817.291 Thread 0x00000135dc36a710 Thread exited: 0x00000135dc36a710
Event: 1844.921 Thread 0x00000135fa8672f0 Thread added: 0x00000135dc368500
Event: 1851.086 Thread 0x00000135fa8672f0 Thread added: 0x00000135dc36a710


Dynamic libraries:
0x00007ff7735a0000 - 0x00007ff7735ae000 	c:\Users\HP\.antigravity\extensions\redhat.java-1.54.0-win32-x64\jre\21.0.10-win32-x86_64\bin\java.exe
0x00007ff88cba0000 - 0x00007ff88ce07000 	C:\WINDOWS\SYSTEM32\ntdll.dll
0x00007ff84ec50000 - 0x00007ff84ec71000 	C:\Program Files\Avast Software\Avast\aswhook.dll
0x00007ff88ac80000 - 0x00007ff88ad49000 	C:\WINDOWS\System32\KERNEL32.DLL
0x00007ff889570000 - 0x00007ff889964000 	C:\WINDOWS\System32\KERNELBASE.dll
0x00007ff88a1e0000 - 0x00007ff88a32b000 	C:\WINDOWS\System32\ucrtbase.dll
0x00007ff82b1e0000 - 0x00007ff82b1f8000 	c:\Users\HP\.antigravity\extensions\redhat.java-1.54.0-win32-x64\jre\21.0.10-win32-x86_64\bin\jli.dll
0x00007ff884570000 - 0x00007ff88458e000 	c:\Users\HP\.antigravity\extensions\redhat.java-1.54.0-win32-x64\jre\21.0.10-win32-x86_64\bin\VCRUNTIME140.dll
0x00007ff88b850000 - 0x00007ff88ba15000 	C:\WINDOWS\System32\USER32.dll
0x00007ff88a570000 - 0x00007ff88a597000 	C:\WINDOWS\System32\win32u.dll
0x00007ff88af60000 - 0x00007ff88af8b000 	C:\WINDOWS\System32\GDI32.dll
0x00007ff889440000 - 0x00007ff88956b000 	C:\WINDOWS\System32\gdi32full.dll
0x00007ff85b6e0000 - 0x00007ff85b973000 	C:\WINDOWS\WinSxS\amd64_microsoft.windows.common-controls_6595b64144ccf1df_6.0.26100.8115_none_3e075c82e3354f9c\COMCTL32.dll
0x00007ff88a850000 - 0x00007ff88a8f3000 	C:\WINDOWS\System32\msvcp_win.dll
0x00007ff88ae90000 - 0x00007ff88af39000 	C:\WINDOWS\System32\msvcrt.dll
0x00007ff88c150000 - 0x00007ff88c182000 	C:\WINDOWS\System32\IMM32.DLL
0x00007ff884560000 - 0x00007ff88456c000 	c:\Users\HP\.antigravity\extensions\redhat.java-1.54.0-win32-x64\jre\21.0.10-win32-x86_64\bin\vcruntime140_1.dll
0x00007ff800cc0000 - 0x00007ff800d4d000 	c:\Users\HP\.antigravity\extensions\redhat.java-1.54.0-win32-x64\jre\21.0.10-win32-x86_64\bin\msvcp140.dll
0x00007ffff8a00000 - 0x00007ffff97a1000 	c:\Users\HP\.antigravity\extensions\redhat.java-1.54.0-win32-x64\jre\21.0.10-win32-x86_64\bin\server\jvm.dll
0x00007ff88bc00000 - 0x00007ff88bcb6000 	C:\WINDOWS\System32\ADVAPI32.dll
0x00007ff88ba20000 - 0x00007ff88bac7000 	C:\WINDOWS\System32\sechost.dll
0x00007ff88ad50000 - 0x00007ff88ae68000 	C:\WINDOWS\System32\RPCRT4.dll
0x00007ff88caa0000 - 0x00007ff88cb20000 	C:\WINDOWS\System32\WS2_32.dll
0x00007ff8815a0000 - 0x00007ff8815d6000 	C:\WINDOWS\SYSTEM32\WINMM.dll
0x00007ff8892a0000 - 0x00007ff8892fe000 	C:\WINDOWS\SYSTEM32\POWRPROF.dll
0x00007ff87b0b0000 - 0x00007ff87b0bb000 	C:\WINDOWS\SYSTEM32\VERSION.dll
0x00007ff889280000 - 0x00007ff889294000 	C:\WINDOWS\SYSTEM32\UMPDC.dll
0x00007ff8881d0000 - 0x00007ff8881eb000 	C:\WINDOWS\SYSTEM32\kernel.appcore.dll
0x00007ff85bb60000 - 0x00007ff85bb6a000 	c:\Users\HP\.antigravity\extensions\redhat.java-1.54.0-win32-x64\jre\21.0.10-win32-x86_64\bin\jimage.dll
0x00007ff887200000 - 0x00007ff887442000 	C:\WINDOWS\SYSTEM32\DBGHELP.DLL
0x00007ff88b3c0000 - 0x00007ff88b742000 	C:\WINDOWS\System32\combase.dll
0x00007ff88b0f0000 - 0x00007ff88b1c8000 	C:\WINDOWS\System32\OLEAUT32.dll
0x00007ff874a60000 - 0x00007ff874a9b000 	C:\WINDOWS\SYSTEM32\dbgcore.DLL
0x00007ff88a630000 - 0x00007ff88a6d5000 	C:\WINDOWS\System32\bcryptPrimitives.dll
0x00007ff832910000 - 0x00007ff83291f000 	c:\Users\HP\.antigravity\extensions\redhat.java-1.54.0-win32-x64\jre\21.0.10-win32-x86_64\bin\instrument.dll
0x00007ff82abb0000 - 0x00007ff82abd0000 	c:\Users\HP\.antigravity\extensions\redhat.java-1.54.0-win32-x64\jre\21.0.10-win32-x86_64\bin\java.dll
0x00007ff88c330000 - 0x00007ff88ca97000 	C:\WINDOWS\System32\SHELL32.dll
0x00007ff88a6e0000 - 0x00007ff88a84a000 	C:\WINDOWS\System32\wintypes.dll
0x00007ff889970000 - 0x00007ff88a1d8000 	C:\WINDOWS\System32\windows.storage.dll
0x00007ff88ab80000 - 0x00007ff88ac78000 	C:\WINDOWS\System32\SHCORE.dll
0x00007ff88aae0000 - 0x00007ff88ab46000 	C:\WINDOWS\System32\shlwapi.dll
0x00007ff889360000 - 0x00007ff889389000 	C:\WINDOWS\SYSTEM32\profapi.dll
0x00007ff879f40000 - 0x00007ff879f58000 	c:\Users\HP\.antigravity\extensions\redhat.java-1.54.0-win32-x64\jre\21.0.10-win32-x86_64\bin\zip.dll
0x00007ff879f30000 - 0x00007ff879f40000 	C:\Users\HP\.antigravity\extensions\redhat.java-1.54.0-win32-x64\jre\21.0.10-win32-x86_64\bin\net.dll
0x00007ff8813c0000 - 0x00007ff8814ed000 	C:\WINDOWS\SYSTEM32\WINHTTP.dll
0x00007ff888740000 - 0x00007ff8887ac000 	C:\WINDOWS\system32\mswsock.dll
0x00007ff8798f0000 - 0x00007ff879906000 	C:\Users\HP\.antigravity\extensions\redhat.java-1.54.0-win32-x64\jre\21.0.10-win32-x86_64\bin\nio.dll
0x00007ff82c540000 - 0x00007ff82c550000 	c:\Users\HP\.antigravity\extensions\redhat.java-1.54.0-win32-x64\jre\21.0.10-win32-x86_64\bin\verify.dll
0x00007ff8843b0000 - 0x00007ff8843f5000 	C:\Users\HP\AppData\Roaming\Antigravity\User\globalStorage\redhat.java\1.54.0\config_win\org.eclipse.equinox.launcher\org.eclipse.equinox.launcher.win32.win32.x86_64_1.3.0.v20260203-2149\eclipse_11919.dll
0x00007ff88c190000 - 0x00007ff88c327000 	C:\WINDOWS\System32\ole32.dll
0x00007ff888a20000 - 0x00007ff888a3b000 	C:\WINDOWS\SYSTEM32\CRYPTSP.dll
0x00007ff888130000 - 0x00007ff888169000 	C:\WINDOWS\system32\rsaenh.dll
0x00007ff8887f0000 - 0x00007ff888823000 	C:\WINDOWS\SYSTEM32\USERENV.dll
0x00007ff889330000 - 0x00007ff88935a000 	C:\WINDOWS\SYSTEM32\bcrypt.dll
0x00007ff888a40000 - 0x00007ff888a4c000 	C:\WINDOWS\SYSTEM32\CRYPTBASE.dll
0x00007ff887b80000 - 0x00007ff887bb2000 	C:\WINDOWS\SYSTEM32\IPHLPAPI.DLL
0x00007ff88ae70000 - 0x00007ff88ae7a000 	C:\WINDOWS\System32\NSI.dll
0x00007ff884350000 - 0x00007ff884399000 	C:\Users\HP\AppData\Local\Temp\jna-2312\jna5117096283034677420.dll
0x00007ff88ae80000 - 0x00007ff88ae88000 	C:\WINDOWS\System32\PSAPI.DLL
0x00007ff882740000 - 0x00007ff88275d000 	C:\WINDOWS\SYSTEM32\dhcpcsvc6.DLL
0x00007ff882710000 - 0x00007ff882735000 	C:\WINDOWS\SYSTEM32\dhcpcsvc.DLL
0x00007ff821730000 - 0x00007ff821757000 	C:\Users\HP\.gradle\native\1def1411415f61bf3af743bc5b6707747c0891f09f0c88961ee8f79bc544acac\windows-amd64\native-platform.dll
0x00007ff82aa40000 - 0x00007ff82aa4a000 	C:\Users\HP\.antigravity\extensions\redhat.java-1.54.0-win32-x64\jre\21.0.10-win32-x86_64\bin\management.dll
0x00007ff82a800000 - 0x00007ff82a80c000 	C:\Users\HP\.antigravity\extensions\redhat.java-1.54.0-win32-x64\jre\21.0.10-win32-x86_64\bin\management_ext.dll
0x00007ff828a20000 - 0x00007ff828a29000 	C:\Users\HP\.antigravity\extensions\redhat.java-1.54.0-win32-x64\jre\21.0.10-win32-x86_64\bin\extnet.dll
0x00007ff8288a0000 - 0x00007ff8288ae000 	C:\Users\HP\.antigravity\extensions\redhat.java-1.54.0-win32-x64\jre\21.0.10-win32-x86_64\bin\sunmscapi.dll
0x00007ff88a3f0000 - 0x00007ff88a567000 	C:\WINDOWS\System32\CRYPT32.dll
0x00007ff888c40000 - 0x00007ff888c70000 	C:\WINDOWS\SYSTEM32\ncrypt.dll
0x00007ff888bf0000 - 0x00007ff888c2f000 	C:\WINDOWS\SYSTEM32\NTASN1.dll
0x00007ff84a410000 - 0x00007ff84a418000 	C:\WINDOWS\system32\wshunix.dll
0x00007ff8882f0000 - 0x00007ff888326000 	C:\WINDOWS\SYSTEM32\ntmarta.dll

JVMTI agents:
c:\Users\HP\.antigravity\extensions\redhat.java-1.54.0-win32-x64\lombok\lombok-1.18.39-4050.jar path:c:\Users\HP\.antigravity\extensions\redhat.java-1.54.0-win32-x64\jre\21.0.10-win32-x86_64\bin\instrument.dll, loaded, initialized, instrumentlib options:none

dbghelp: loaded successfully - version: 4.0.5 - missing functions: none
symbol engine: initialized successfully - sym options: 0x614 - pdb path: .;c:\Users\HP\.antigravity\extensions\redhat.java-1.54.0-win32-x64\jre\21.0.10-win32-x86_64\bin;C:\WINDOWS\SYSTEM32;C:\Program Files\Avast Software\Avast;C:\WINDOWS\WinSxS\amd64_microsoft.windows.common-controls_6595b64144ccf1df_6.0.26100.8115_none_3e075c82e3354f9c;c:\Users\HP\.antigravity\extensions\redhat.java-1.54.0-win32-x64\jre\21.0.10-win32-x86_64\bin\server;C:\Users\HP\AppData\Roaming\Antigravity\User\globalStorage\redhat.java\1.54.0\config_win\org.eclipse.equinox.launcher\org.eclipse.equinox.launcher.win32.win32.x86_64_1.3.0.v20260203-2149;C:\Users\HP\AppData\Local\Temp\jna-2312;C:\Users\HP\.gradle\native\1def1411415f61bf3af743bc5b6707747c0891f09f0c88961ee8f79bc544acac\windows-amd64

VM Arguments:
jvm_args: --add-modules=ALL-SYSTEM --add-opens=java.base/java.util=ALL-UNNAMED --add-opens=java.base/java.lang=ALL-UNNAMED --add-opens=java.base/sun.nio.fs=ALL-UNNAMED -Declipse.application=org.eclipse.jdt.ls.core.id1 -Dosgi.bundles.defaultStartLevel=4 -Declipse.product=org.eclipse.jdt.ls.core.product -Djava.import.generatesMetadataFilesAtProjectRoot=false -DDetectVMInstallationsJob.disabled=true -Dfile.encoding=utf8 -XX:+UseParallelGC -XX:GCTimeRatio=4 -XX:AdaptiveSizePolicyWeight=90 -Dsun.zip.disableMemoryMapping=true -Xmx2G -Xms100m -Xlog:disable -javaagent:c:\Users\HP\.antigravity\extensions\redhat.java-1.54.0-win32-x64\lombok\lombok-1.18.39-4050.jar -XX:+HeapDumpOnOutOfMemoryError -XX:HeapDumpPath=c:\Users\HP\AppData\Roaming\Antigravity\User\workspaceStorage\bb6f58697517b49f76eb8e851445a514\redhat.java -Daether.dependencyCollector.impl=bf 
java_command: c:\Users\HP\.antigravity\extensions\redhat.java-1.54.0-win32-x64\server\plugins\org.eclipse.equinox.launcher_1.7.100.v20251111-0406.jar -configuration c:\Users\HP\AppData\Roaming\Antigravity\User\globalStorage\redhat.java\1.54.0\config_win -data c:\Users\HP\AppData\Roaming\Antigravity\User\workspaceStorage\bb6f58697517b49f76eb8e851445a514\redhat.java\jdt_ws --pipe=\\.\pipe\lsp-1dd92c7bb93a0b77795191cba781f938-sock
java_class_path (initial): c:\Users\HP\.antigravity\extensions\redhat.java-1.54.0-win32-x64\server\plugins\org.eclipse.equinox.launcher_1.7.100.v20251111-0406.jar
Launcher Type: SUN_STANDARD

[Global flags]
    uintx AdaptiveSizePolicyWeight                 = 90                                        {product} {command line}
     intx CICompilerCount                          = 4                                         {product} {ergonomic}
    uintx GCTimeRatio                              = 4                                         {product} {command line}
     bool HeapDumpOnOutOfMemoryError               = true                                   {manageable} {command line}
    ccstr HeapDumpPath                             = c:\Users\HP\AppData\Roaming\Antigravity\User\workspaceStorage\bb6f58697517b49f76eb8e851445a514\redhat.java         {manageable} {command line}
   size_t InitialHeapSize                          = 104857600                                 {product} {command line}
   size_t MaxHeapSize                              = 2147483648                                {product} {command line}
   size_t MaxNewSize                               = 715653120                                 {product} {ergonomic}
   size_t MinHeapDeltaBytes                        = 524288                                    {product} {ergonomic}
   size_t MinHeapSize                              = 104857600                                 {product} {command line}
   size_t NewSize                                  = 34603008                                  {product} {ergonomic}
    uintx NonNMethodCodeHeapSize                   = 5839372                                {pd product} {ergonomic}
    uintx NonProfiledCodeHeapSize                  = 122909434                              {pd product} {ergonomic}
   size_t OldSize                                  = 70254592                                  {product} {ergonomic}
    uintx ProfiledCodeHeapSize                     = 122909434                              {pd product} {ergonomic}
    uintx ReservedCodeCacheSize                    = 251658240                              {pd product} {ergonomic}
     bool SegmentedCodeCache                       = true                                      {product} {ergonomic}
   size_t SoftMaxHeapSize                          = 2147483648                             {manageable} {ergonomic}
     bool UseCompressedOops                        = true                           {product lp64_product} {ergonomic}
     bool UseLargePagesIndividualAllocation        = false                                  {pd product} {ergonomic}
     bool UseParallelGC                            = true                                      {product} {command line}

Logging:
Log output configuration:
 #0: stdout all=off uptime,level,tags foldmultilines=false
 #1: stderr all=off uptime,level,tags foldmultilines=false

Release file:
JAVA_VERSION="21.0.10" 
MODULES="java.base java.compiler java.datatransfer java.xml java.prefs java.desktop java.instrument java.logging java.management java.security.sasl java.naming java.rmi java.management.rmi java.net.http java.scripting java.security.jgss java.transaction.xa java.sql java.sql.rowset java.xml.crypto java.se java.smartcardio jdk.accessibility jdk.internal.jvmstat jdk.attach jdk.charsets jdk.internal.opt jdk.zipfs jdk.compiler jdk.crypto.ec jdk.crypto.cryptoki jdk.crypto.mscapi jdk.dynalink jdk.internal.ed jdk.editpad jdk.hotspot.agent jdk.httpserver jdk.internal.le jdk.internal.vm.ci jdk.internal.vm.compiler jdk.internal.vm.compiler.management jdk.jartool jdk.javadoc jdk.jcmd jdk.management jdk.management.agent jdk.jconsole jdk.jdeps jdk.jdwp.agent jdk.jdi jdk.jfr jdk.jshell jdk.jsobject jdk.jstatd jdk.localedata jdk.management.jfr jdk.naming.dns jdk.naming.rmi jdk.net jdk.nio.mapmode jdk.random jdk.sctp jdk.security.auth jdk.security.jgss jdk.unsupported jdk.unsupported.desktop jdk.xml.dom" 

Environment Variables:
JAVA_HOME=C:\Program Files\Java\jdk-25
PATH=C:\Program Files\Common Files\Oracle\Java\javapath;C:\Program Files (x86)\Common Files\Oracle\Java\java8path;C:\Program Files (x86)\Common Files\Oracle\Java\javapath;C:\ORC\ORACLEE\bin;C:\app\HP\product\21c\dbhomeXE\bin;E:\oracle21\ORACL\bin;C:\Dossier_Oracle21c\Oracle21c\bin;C:\WINDOWS\system32;C:\WINDOWS;C:\WINDOWS\System32\Wbem;C:\WINDOWS\System32\WindowsPowerShell\v1.0\;C:\WINDOWS\System32\OpenSSH\;C:\appliiiiiii\flutter_windows_3.35.7-stable.zip\flutter\bin;C:\Program Files\Docker\Docker\resources\bin;C:\Program Files\Git\cmd;C:\Program Files\nodejs\;C:\Program Files\Apache\maven\bin;C:\Program Files\MySQL\MySQL Shell 8.0\bin\;C:\Users\HP\AppData\Local\Programs\Python\Python313\Scripts\;C:\Users\HP\AppData\Local\Programs\Python\Python313\;C:\Users\HP\AppData\Local\Programs\Python\Launcher\;C:\Users\HP\AppData\Local\Microsoft\WindowsApps;C:\Users\HP\AppData\Local\Programs\Microsoft VS Code\bin;C:\Users\HP\AppData\Local\Python\bin;C:\Users\HP\AppData\Roaming\npm;C:\Program Files\Java\jdk-25\bin;C:\Maven\apache-maven-3.9.15\bin;D:\Nouveau dossier\Antigravity\bin
USERNAME=HP
OS=Windows_NT
PROCESSOR_IDENTIFIER=Intel64 Family 6 Model 186 Stepping 3, GenuineIntel
TMP=C:\Users\HP\AppData\Local\Temp
TEMP=C:\Users\HP\AppData\Local\Temp




Periodic native trim disabled

---------------  S Y S T E M  ---------------

OS:
 Windows 11 , 64 bit Build 26100 (10.0.26100.8246)
OS uptime: 0 days 1:04 hours
Hyper-V role detected

CPU: total 12 (initial active 12) (6 cores per cpu, 2 threads per core) family 6 model 186 stepping 3 microcode 0x4121, cx8, cmov, fxsr, ht, mmx, 3dnowpref, sse, sse2, sse3, ssse3, sse4.1, sse4.2, popcnt, lzcnt, tsc, tscinvbit, avx, avx2, aes, erms, clmul, bmi1, bmi2, adx, sha, fma, vzeroupper, clflush, clflushopt, clwb, hv, serialize, rdtscp, rdpid, fsrm, f16c, cet_ibt, cet_ss
Processor Information for processor 0
  Max Mhz: 1300, Current Mhz: 1300, Mhz Limit: 1300
Processor Information for processor 1
  Max Mhz: 1300, Current Mhz: 1300, Mhz Limit: 1300
Processor Information for processor 2
  Max Mhz: 1300, Current Mhz: 1300, Mhz Limit: 1300
Processor Information for processor 3
  Max Mhz: 1300, Current Mhz: 1300, Mhz Limit: 1300
Processor Information for processor 4
  Max Mhz: 1300, Current Mhz: 900, Mhz Limit: 897
Processor Information for processor 5
  Max Mhz: 1300, Current Mhz: 900, Mhz Limit: 897
Processor Information for processor 6
  Max Mhz: 1300, Current Mhz: 900, Mhz Limit: 897
Processor Information for processor 7
  Max Mhz: 1300, Current Mhz: 900, Mhz Limit: 897
Processor Information for processor 8
  Max Mhz: 1300, Current Mhz: 900, Mhz Limit: 897
Processor Information for processor 9
  Max Mhz: 1300, Current Mhz: 900, Mhz Limit: 897
Processor Information for processor 10
  Max Mhz: 1300, Current Mhz: 900, Mhz Limit: 897
Processor Information for processor 11
  Max Mhz: 1300, Current Mhz: 900, Mhz Limit: 897

Memory: 4k page, system-wide physical 7835M (593M free)
TotalPageFile size 13835M (AvailPageFile size 0M)
current process WorkingSet (physical memory assigned to process): 602M, peak: 602M
current process commit charge ("private bytes"): 777M, peak: 787M

vm_info: OpenJDK 64-Bit Server VM (21.0.10+7-LTS) for windows-amd64 JRE (21.0.10+7-LTS), built on 2026-01-20T00:00:00Z by "admin" with MS VC++ 17.12 (VS2022)

END.
