#
# There is insufficient memory for the Java Runtime Environment to continue.
# Native memory allocation (malloc) failed to allocate 823872 bytes. Error detail: Chunk::new
# Possible reasons:
#   The system is out of physical RAM or swap space
#   This process is running with CompressedOops enabled, and the Java Heap may be blocking the growth of the native heap
# Possible solutions:
#   Reduce memory load on the system
#   Increase physical memory or swap space
#   Check if swap backing store is full
#   Decrease Java heap size (-Xmx/-Xms)
#   Decrease number of Java threads
#   Decrease Java thread stack sizes (-Xss)
#   Set larger code cache with -XX:ReservedCodeCacheSize=
#   JVM is running with Unscaled Compressed Oops mode in which the Java heap is
#     placed in the first 4GB address space. The Java Heap base address is the
#     maximum limit for the native heap growth. Please use -XX:HeapBaseMinAddress
#     to set the Java Heap base and to place the Java Heap above 4GB virtual address.
# This output file may be truncated or incomplete.
#
#  Out of Memory Error (arena.cpp:168), pid=9280, tid=6952
#
# JRE version: OpenJDK Runtime Environment Temurin-21.0.10+7 (21.0.10+7) (build 21.0.10+7-LTS)
# Java VM: OpenJDK 64-Bit Server VM Temurin-21.0.10+7 (21.0.10+7-LTS, mixed mode, sharing, tiered, compressed oops, compressed class ptrs, parallel gc, windows-amd64)
# No core dump will be written. Minidumps are not enabled by default on client versions of Windows
#

---------------  S U M M A R Y ------------

Command Line: --add-modules=ALL-SYSTEM --add-opens=java.base/java.util=ALL-UNNAMED --add-opens=java.base/java.lang=ALL-UNNAMED --add-opens=java.base/sun.nio.fs=ALL-UNNAMED -Declipse.application=org.eclipse.jdt.ls.core.id1 -Dosgi.bundles.defaultStartLevel=4 -Declipse.product=org.eclipse.jdt.ls.core.product -Djava.import.generatesMetadataFilesAtProjectRoot=false -DDetectVMInstallationsJob.disabled=true -Dfile.encoding=utf8 -XX:+UseParallelGC -XX:GCTimeRatio=4 -XX:AdaptiveSizePolicyWeight=90 -Dsun.zip.disableMemoryMapping=true -Xmx2G -Xms100m -Xlog:disable -javaagent:c:\Users\HP\.antigravity\extensions\redhat.java-1.54.0-win32-x64\lombok\lombok-1.18.39-4050.jar -XX:+HeapDumpOnOutOfMemoryError -XX:HeapDumpPath=c:\Users\HP\AppData\Roaming\Antigravity\User\workspaceStorage\4dfc41c91c2c781069e695ab18a74c91\redhat.java -Daether.dependencyCollector.impl=bf c:\Users\HP\.antigravity\extensions\redhat.java-1.54.0-win32-x64\server\plugins\org.eclipse.equinox.launcher_1.7.100.v20251111-0406.jar -configuration c:\Users\HP\AppData\Roaming\Antigravity\User\globalStorage\redhat.java\1.54.0\config_win -data c:\Users\HP\AppData\Roaming\Antigravity\User\workspaceStorage\4dfc41c91c2c781069e695ab18a74c91\redhat.java\jdt_ws --pipe=\\.\pipe\lsp-86c72b8238455c59cc023dd07ef9e021-sock

Host: 13th Gen Intel(R) Core(TM) i5-1335U, 12 cores, 7G,  Windows 11 , 64 bit Build 26100 (10.0.26100.8328)
Time: Sun May  3 15:54:27 2026 Greenwich elapsed time: 782.192267 seconds (0d 0h 13m 2s)

---------------  T H R E A D  ---------------

Current thread (0x0000020de4e70e30):  JavaThread "C2 CompilerThread2" daemon [_thread_in_native, id=6952, stack(0x000000ed71400000,0x000000ed71500000) (1024K)]


Current CompileTask:
C2:782192 14242   !   4       org.eclipse.jdt.internal.compiler.classfmt.ClassFileReader::<init> (1968 bytes)

Stack: [0x000000ed71400000,0x000000ed71500000]
Native frames: (J=compiled Java code, j=interpreted, Vv=VM code, C=native code)
V  [jvm.dll+0x6d7a39]
V  [jvm.dll+0x8b4b26]
V  [jvm.dll+0x8b70de]
V  [jvm.dll+0x8b77c3]
V  [jvm.dll+0x284346]
V  [jvm.dll+0xc66ed]
V  [jvm.dll+0xc6c31]
V  [jvm.dll+0x3bec3b]
V  [jvm.dll+0x1e396e]
V  [jvm.dll+0x24c6b3]
V  [jvm.dll+0x24bb40]
V  [jvm.dll+0x1cb34e]
V  [jvm.dll+0x25b85d]
V  [jvm.dll+0x259dea]
V  [jvm.dll+0x3f857e]
V  [jvm.dll+0x85f59d]
V  [jvm.dll+0x6d626d]
C  [ucrtbase.dll+0x37b0]
C  [KERNEL32.DLL+0x2e957]
C  [ntdll.dll+0x427c]


---------------  P R O C E S S  ---------------

Threads class SMR info:
_java_thread_list=0x0000020ddb1769a0, length=69, elements={
0x0000020d81452bf0, 0x0000020d814f4f50, 0x0000020d814f5d30, 0x0000020d81501910,
0x0000020d81504940, 0x0000020d8150e030, 0x0000020dda124730, 0x0000020dda12c610,
0x0000020dda158c20, 0x0000020dda33ceb0, 0x0000020dda47bf00, 0x0000020ddb86f450,
0x0000020ddb809400, 0x0000020ddb6c6270, 0x0000020ddb6c6cb0, 0x0000020de072f0f0,
0x0000020de02def50, 0x0000020de0aaaa90, 0x0000020de0aa8330, 0x0000020de0aa96e0,
0x0000020de0aa7ca0, 0x0000020de0aaa400, 0x0000020de2022df0, 0x0000020de2023480,
0x0000020de2020d20, 0x0000020de2020690, 0x0000020de2020000, 0x0000020de2023b10,
0x0000020de20241a0, 0x0000020de2024830, 0x0000020de20213b0, 0x0000020de2022760,
0x0000020de2024ec0, 0x0000020de20220d0, 0x0000020de2021a40, 0x0000020de2026f90,
0x0000020de2025be0, 0x0000020de2025550, 0x0000020de2026900, 0x0000020de2027620,
0x0000020de39bb160, 0x0000020de39bbe80, 0x0000020de39b9090, 0x0000020de39bc510,
0x0000020de39bcba0, 0x0000020de39b9720, 0x0000020de39bdf50, 0x0000020de39c06b0,
0x0000020de39baad0, 0x0000020de39be5e0, 0x0000020de39bd230, 0x0000020de4e70760,
0x0000020de4e70e30, 0x0000020dee3a61f0, 0x0000020dee3a54d0, 0x0000020dee3a2d70,
0x0000020dee3a6880, 0x0000020dee3a3400, 0x0000020dee3a6f10, 0x0000020dee3a3a90,
0x0000020dee3a75a0, 0x0000020dee3a7c30, 0x0000020dee3a82c0, 0x0000020dee3a4e40,
0x0000020dee3a8950, 0x0000020dee3a8fe0, 0x0000020dee3a9670, 0x0000020dee3a9d00,
0x0000020de39b9db0
}

Java Threads: ( => current thread )
  0x0000020d81452bf0 JavaThread "main"                              [_thread_blocked, id=9328, stack(0x000000ed71600000,0x000000ed71700000) (1024K)]
  0x0000020d814f4f50 JavaThread "Reference Handler"          daemon [_thread_blocked, id=4844, stack(0x000000ed71a00000,0x000000ed71b00000) (1024K)]
  0x0000020d814f5d30 JavaThread "Finalizer"                  daemon [_thread_blocked, id=20920, stack(0x000000ed71b00000,0x000000ed71c00000) (1024K)]
  0x0000020d81501910 JavaThread "Signal Dispatcher"          daemon [_thread_blocked, id=17588, stack(0x000000ed71c00000,0x000000ed71d00000) (1024K)]
  0x0000020d81504940 JavaThread "Attach Listener"            daemon [_thread_blocked, id=7016, stack(0x000000ed71d00000,0x000000ed71e00000) (1024K)]
  0x0000020d8150e030 JavaThread "Service Thread"             daemon [_thread_blocked, id=18188, stack(0x000000ed71e00000,0x000000ed71f00000) (1024K)]
  0x0000020dda124730 JavaThread "Monitor Deflation Thread"   daemon [_thread_blocked, id=21328, stack(0x000000ed71f00000,0x000000ed72000000) (1024K)]
  0x0000020dda12c610 JavaThread "C2 CompilerThread0"         daemon [_thread_in_native, id=5636, stack(0x000000ed72000000,0x000000ed72100000) (1024K)]
  0x0000020dda158c20 JavaThread "C1 CompilerThread0"         daemon [_thread_in_native, id=6444, stack(0x000000ed72100000,0x000000ed72200000) (1024K)]
  0x0000020dda33ceb0 JavaThread "Common-Cleaner"             daemon [_thread_blocked, id=9548, stack(0x000000ed72200000,0x000000ed72300000) (1024K)]
  0x0000020dda47bf00 JavaThread "Notification Thread"        daemon [_thread_blocked, id=9576, stack(0x000000ed72300000,0x000000ed72400000) (1024K)]
  0x0000020ddb86f450 JavaThread "Active Thread: Equinox Container: 469a8e15-c207-4417-b487-6b8c1505be26"        [_thread_blocked, id=3772, stack(0x000000ed72b00000,0x000000ed72c00000) (1024K)]
  0x0000020ddb809400 JavaThread "Refresh Thread: Equinox Container: 469a8e15-c207-4417-b487-6b8c1505be26" daemon [_thread_blocked, id=7192, stack(0x000000ed72c00000,0x000000ed72d00000) (1024K)]
  0x0000020ddb6c6270 JavaThread "Framework Event Dispatcher: Equinox Container: 469a8e15-c207-4417-b487-6b8c1505be26" daemon [_thread_blocked, id=6064, stack(0x000000ed72e00000,0x000000ed72f00000) (1024K)]
  0x0000020ddb6c6cb0 JavaThread "Start Level: Equinox Container: 469a8e15-c207-4417-b487-6b8c1505be26" daemon [_thread_blocked, id=1828, stack(0x000000ed72f00000,0x000000ed73000000) (1024K)]
  0x0000020de072f0f0 JavaThread "Bundle File Closer"         daemon [_thread_blocked, id=10492, stack(0x000000ed73300000,0x000000ed73400000) (1024K)]
  0x0000020de02def50 JavaThread "SCR Component Actor"        daemon [_thread_blocked, id=5780, stack(0x000000ed72a00000,0x000000ed72b00000) (1024K)]
  0x0000020de0aaaa90 JavaThread "Worker-JM"                         [_thread_blocked, id=4104, stack(0x000000ed73400000,0x000000ed73500000) (1024K)]
  0x0000020de0aa8330 JavaThread "JNA Cleaner"                daemon [_thread_blocked, id=7328, stack(0x000000ed73500000,0x000000ed73600000) (1024K)]
  0x0000020de0aa96e0 JavaThread "Worker-0"                          [_thread_blocked, id=2068, stack(0x000000ed73600000,0x000000ed73700000) (1024K)]
  0x0000020de0aa7ca0 JavaThread "Java indexing"              daemon [_thread_blocked, id=11068, stack(0x000000ed73800000,0x000000ed73900000) (1024K)]
  0x0000020de0aaa400 JavaThread "Worker-4"                          [_thread_blocked, id=9456, stack(0x000000ed73d00000,0x000000ed73e00000) (1024K)]
  0x0000020de2022df0 JavaThread "Thread-1"                   daemon [_thread_in_native, id=21460, stack(0x000000ed73e00000,0x000000ed73f00000) (1024K)]
  0x0000020de2023480 JavaThread "Thread-2"                   daemon [_thread_in_native, id=21428, stack(0x000000ed73f00000,0x000000ed74000000) (1024K)]
  0x0000020de2020d20 JavaThread "Thread-3"                   daemon [_thread_in_native, id=21408, stack(0x000000ed74000000,0x000000ed74100000) (1024K)]
  0x0000020de2020690 JavaThread "Thread-4"                   daemon [_thread_in_native, id=4304, stack(0x000000ed74100000,0x000000ed74200000) (1024K)]
  0x0000020de2020000 JavaThread "Thread-5"                   daemon [_thread_in_native, id=6484, stack(0x000000ed74200000,0x000000ed74300000) (1024K)]
  0x0000020de2023b10 JavaThread "Thread-6"                   daemon [_thread_in_native, id=7848, stack(0x000000ed74300000,0x000000ed74400000) (1024K)]
  0x0000020de20241a0 JavaThread "Thread-7"                   daemon [_thread_in_native, id=3420, stack(0x000000ed74400000,0x000000ed74500000) (1024K)]
  0x0000020de2024830 JavaThread "Thread-8"                   daemon [_thread_in_native, id=11548, stack(0x000000ed74500000,0x000000ed74600000) (1024K)]
  0x0000020de20213b0 JavaThread "Thread-9"                   daemon [_thread_in_native, id=11828, stack(0x000000ed74600000,0x000000ed74700000) (1024K)]
  0x0000020de2022760 JavaThread "Thread-10"                  daemon [_thread_in_native, id=11844, stack(0x000000ed74700000,0x000000ed74800000) (1024K)]
  0x0000020de2024ec0 JavaThread "Thread-11"                  daemon [_thread_in_native, id=11836, stack(0x000000ed74800000,0x000000ed74900000) (1024K)]
  0x0000020de20220d0 JavaThread "Thread-12"                  daemon [_thread_in_native, id=12124, stack(0x000000ed74900000,0x000000ed74a00000) (1024K)]
  0x0000020de2021a40 JavaThread "Thread-13"                  daemon [_thread_in_native, id=6816, stack(0x000000ed74a00000,0x000000ed74b00000) (1024K)]
  0x0000020de2026f90 JavaThread "pool-2-thread-1"                   [_thread_blocked, id=17680, stack(0x000000ed74b00000,0x000000ed74c00000) (1024K)]
  0x0000020de2025be0 JavaThread "Timer-0"                           [_thread_blocked, id=7516, stack(0x000000ed74c00000,0x000000ed74d00000) (1024K)]
  0x0000020de2025550 JavaThread "Timer-1"                           [_thread_blocked, id=15316, stack(0x000000ed74d00000,0x000000ed74e00000) (1024K)]
  0x0000020de2026900 JavaThread "WorkspaceEventsHandler"            [_thread_blocked, id=2648, stack(0x000000ed74f00000,0x000000ed75000000) (1024K)]
  0x0000020de2027620 JavaThread "pool-1-thread-1"                   [_thread_blocked, id=2828, stack(0x000000ed75000000,0x000000ed75100000) (1024K)]
  0x0000020de39bb160 JavaThread "Timer-2"                           [_thread_blocked, id=2156, stack(0x000000ed75e00000,0x000000ed75f00000) (1024K)]
  0x0000020de39bbe80 JavaThread "Timer-3"                           [_thread_blocked, id=17212, stack(0x000000ed74e00000,0x000000ed74f00000) (1024K)]
  0x0000020de39b9090 JavaThread "Timer-4"                           [_thread_blocked, id=17008, stack(0x000000ed75f00000,0x000000ed76000000) (1024K)]
  0x0000020de39bc510 JavaThread "Timer-5"                           [_thread_blocked, id=17016, stack(0x000000ed76000000,0x000000ed76100000) (1024K)]
  0x0000020de39bcba0 JavaThread "Timer-6"                           [_thread_blocked, id=17776, stack(0x000000ed76100000,0x000000ed76200000) (1024K)]
  0x0000020de39b9720 JavaThread "Timer-7"                           [_thread_blocked, id=16328, stack(0x000000ed76200000,0x000000ed76300000) (1024K)]
  0x0000020de39bdf50 JavaThread "Timer-8"                           [_thread_blocked, id=21940, stack(0x000000ed75d00000,0x000000ed75e00000) (1024K)]
  0x0000020de39c06b0 JavaThread "Timer-9"                           [_thread_blocked, id=21948, stack(0x000000ed76300000,0x000000ed76400000) (1024K)]
  0x0000020de39baad0 JavaThread "Timer-10"                          [_thread_blocked, id=22020, stack(0x000000ed75c00000,0x000000ed75d00000) (1024K)]
  0x0000020de39be5e0 JavaThread "Timer-11"                          [_thread_blocked, id=22028, stack(0x000000ed76500000,0x000000ed76600000) (1024K)]
  0x0000020de39bd230 JavaThread "Timer-12"                          [_thread_blocked, id=22136, stack(0x000000ed76700000,0x000000ed76800000) (1024K)]
  0x0000020de4e70760 JavaThread "C2 CompilerThread1"         daemon [_thread_blocked, id=1592, stack(0x000000ed71300000,0x000000ed71400000) (1024K)]
=>0x0000020de4e70e30 JavaThread "C2 CompilerThread2"         daemon [_thread_in_native, id=6952, stack(0x000000ed71400000,0x000000ed71500000) (1024K)]
  0x0000020dee3a61f0 JavaThread "Worker-5"                          [_thread_blocked, id=23436, stack(0x000000ed71500000,0x000000ed71600000) (1024K)]
  0x0000020dee3a54d0 JavaThread "Worker-6: Building"                [_thread_blocked, id=18960, stack(0x000000ed73000000,0x000000ed73100000) (1024K)]
  0x0000020dee3a2d70 JavaThread "Worker-7"                          [_thread_blocked, id=1860, stack(0x000000ed73700000,0x000000ed73800000) (1024K)]
  0x0000020dee3a6880 JavaThread "Compiler Source File Reader" daemon [_thread_blocked, id=12072, stack(0x000000ed73900000,0x000000ed73a00000) (1024K)]
  0x0000020dee3a3400 JavaThread "Worker-8"                          [_thread_blocked, id=13272, stack(0x000000ed73a00000,0x000000ed73b00000) (1024K)]
  0x0000020dee3a6f10 JavaThread "Compiler Processing Task"   daemon [_thread_blocked, id=13880, stack(0x000000ed73b00000,0x000000ed73c00000) (1024K)]
  0x0000020dee3a3a90 JavaThread "Compiler Source File Reader" daemon [_thread_blocked, id=17796, stack(0x000000ed73c00000,0x000000ed73d00000) (1024K)]
  0x0000020dee3a75a0 JavaThread "Compiler Source File Reader" daemon [_thread_blocked, id=4640, stack(0x000000ed75100000,0x000000ed75200000) (1024K)]
  0x0000020dee3a7c30 JavaThread "Compiler Source File Reader" daemon [_thread_blocked, id=17088, stack(0x000000ed75200000,0x000000ed75300000) (1024K)]
  0x0000020dee3a82c0 JavaThread "Compiler Source File Reader" daemon [_thread_blocked, id=7644, stack(0x000000ed75300000,0x000000ed75400000) (1024K)]
  0x0000020dee3a4e40 JavaThread "Compiler Source File Reader" daemon [_thread_blocked, id=4484, stack(0x000000ed75400000,0x000000ed75500000) (1024K)]
  0x0000020dee3a8950 JavaThread "Compiler Source File Reader" daemon [_thread_blocked, id=1136, stack(0x000000ed75500000,0x000000ed75600000) (1024K)]
  0x0000020dee3a8fe0 JavaThread "Compiler Source File Reader" daemon [_thread_blocked, id=4664, stack(0x000000ed75600000,0x000000ed75700000) (1024K)]
  0x0000020dee3a9670 JavaThread "Compiler Source File Reader" daemon [_thread_blocked, id=4364, stack(0x000000ed75700000,0x000000ed75800000) (1024K)]
  0x0000020dee3a9d00 JavaThread "Compiler Source File Reader" daemon [_thread_blocked, id=12740, stack(0x000000ed75800000,0x000000ed75900000) (1024K)]
  0x0000020de39b9db0 JavaThread "Worker-9"                          [_thread_blocked, id=22828, stack(0x000000ed75900000,0x000000ed75a00000) (1024K)]
Total: 69

Other Threads:
  0x0000020d814f4aa0 VMThread "VM Thread"                           [id=21472, stack(0x000000ed71900000,0x000000ed71a00000) (1024K)]
  0x0000020d97b2c210 WatcherThread "VM Periodic Task Thread"        [id=21352, stack(0x000000ed71800000,0x000000ed71900000) (1024K)]
  0x0000020d81471290 WorkerThread "GC Thread#0"                     [id=9420, stack(0x000000ed71700000,0x000000ed71800000) (1024K)]
  0x0000020ddb382a00 WorkerThread "GC Thread#1"                     [id=9536, stack(0x000000ed72400000,0x000000ed72500000) (1024K)]
  0x0000020dda4d6950 WorkerThread "GC Thread#2"                     [id=9552, stack(0x000000ed72500000,0x000000ed72600000) (1024K)]
  0x0000020ddb382fc0 WorkerThread "GC Thread#3"                     [id=9312, stack(0x000000ed72600000,0x000000ed72700000) (1024K)]
  0x0000020ddb383370 WorkerThread "GC Thread#4"                     [id=9388, stack(0x000000ed72700000,0x000000ed72800000) (1024K)]
  0x0000020ddb383720 WorkerThread "GC Thread#5"                     [id=12568, stack(0x000000ed72800000,0x000000ed72900000) (1024K)]
  0x0000020ddb3da2b0 WorkerThread "GC Thread#6"                     [id=18636, stack(0x000000ed72900000,0x000000ed72a00000) (1024K)]
  0x0000020ddb809a70 WorkerThread "GC Thread#7"                     [id=4464, stack(0x000000ed72d00000,0x000000ed72e00000) (1024K)]
  0x0000020de03c9720 WorkerThread "GC Thread#8"                     [id=11212, stack(0x000000ed73100000,0x000000ed73200000) (1024K)]
  0x0000020de03ca990 WorkerThread "GC Thread#9"                     [id=11216, stack(0x000000ed73200000,0x000000ed73300000) (1024K)]
Total: 12

Threads with active compile tasks:
C2 CompilerThread0  782265 14364   !   4       org.eclipse.jdt.internal.core.SearchableEnvironment::hasSubPackageInUnnamedModule (132 bytes)
C1 CompilerThread0  782265 14441       2       java.lang.ClassValue::makeEntry (10 bytes)
C2 CompilerThread1  782265 14392 %     4       org.eclipse.jdt.internal.compiler.lookup.BinaryTypeBinding::createMethod @ 166 (1666 bytes)
C2 CompilerThread2  782265 14242   !   4       org.eclipse.jdt.internal.compiler.classfmt.ClassFileReader::<init> (1968 bytes)
Total: 4

VM state: at safepoint (normal execution)

VM Mutex/Monitor currently owned by a thread:  ([mutex/lock_event])
[0x00007ffafd18e560] Threads_lock - owner thread: 0x0000020d814f4aa0
[0x00007ffafd18e660] Heap_lock - owner thread: 0x0000020dee3a54d0

Heap address: 0x0000000080000000, size: 2048 MB, Compressed Oops mode: 32-bit

CDS archive(s) mapped at: [0x0000020d98000000-0x0000020d98ba0000-0x0000020d98ba0000), size 12189696, SharedBaseAddress: 0x0000020d98000000, ArchiveRelocationMode: 1.
Compressed class space mapped at: 0x0000020d99000000-0x0000020dd9000000, reserved size: 1073741824
Narrow klass base: 0x0000020d98000000, Narrow klass shift: 0, Narrow klass range: 0x100000000

GC Precious Log:
 CardTable entry size: 512
 CPUs: 12 total, 12 available
 Memory: 7835M
 Large Page Support: Disabled
 NUMA Support: Disabled
 Compressed Oops: Enabled (32-bit)
 Alignments: Space 512K, Generation 512K, Heap 2M
 Heap Min Capacity: 100M
 Heap Initial Capacity: 100M
 Heap Max Capacity: 2G
 Pre-touch: Disabled
 Parallel Workers: 10

Heap:
 PSYoungGen      total 5120K, used 672K [0x00000000d5580000, 0x00000000d5b80000, 0x0000000100000000)
  eden space 4096K, 0% used [0x00000000d5580000,0x00000000d5580000,0x00000000d5980000)
  from space 1024K, 65% used [0x00000000d5a80000,0x00000000d5b28000,0x00000000d5b80000)
  to   space 1024K, 0% used [0x00000000d5980000,0x00000000d5980000,0x00000000d5a80000)
 ParOldGen       total 113152K, used 113104K [0x0000000080000000, 0x0000000086e80000, 0x00000000d5580000)
  object space 113152K, 99% used [0x0000000080000000,0x0000000086e741f0,0x0000000086e80000)
 Metaspace       used 84029K, committed 85952K, reserved 1179648K
  class space    used 10018K, committed 10880K, reserved 1048576K

Card table byte_map: [0x0000020dff930000,0x0000020dffd40000] _byte_map_base: 0x0000020dff530000

Marking Bits: (ParMarkBitMap*) 0x00007ffafd193450
 Begin Bits: [0x0000020d93650000, 0x0000020d95650000)
 End Bits:   [0x0000020d95650000, 0x0000020d97650000)

Polling page: 0x0000020dff120000

Metaspace:

Usage:
  Non-class:     72.28 MB used.
      Class:      9.78 MB used.
       Both:     82.06 MB used.

Virtual space:
  Non-class space:      128.00 MB reserved,      73.31 MB ( 57%) committed,  2 nodes.
      Class space:        1.00 GB reserved,      10.62 MB (  1%) committed,  1 nodes.
             Both:        1.12 GB reserved,      83.94 MB (  7%) committed. 

Chunk freelists:
   Non-Class:  6.04 MB
       Class:  5.34 MB
        Both:  11.38 MB

MaxMetaspaceSize: unlimited
CompressedClassSpaceSize: 1.00 GB
Initial GC threshold: 21.00 MB
Current GC threshold: 138.06 MB
CDS: on
 - commit_granule_bytes: 65536.
 - commit_granule_words: 8192.
 - virtual_space_node_default_size: 8388608.
 - enlarge_chunks_in_place: 1.
 - use_allocation_guard: 0.


Internal statistics:

num_allocs_failed_limit: 9.
num_arena_births: 1768.
num_arena_deaths: 20.
num_vsnodes_births: 3.
num_vsnodes_deaths: 0.
num_space_committed: 1343.
num_space_uncommitted: 0.
num_chunks_returned_to_freelist: 32.
num_chunks_taken_from_freelist: 5896.
num_chunk_merges: 15.
num_chunk_splits: 3598.
num_chunks_enlarged: 1972.
num_inconsistent_stats: 0.

CodeHeap 'non-profiled nmethods': size=120000Kb used=9647Kb max_used=9647Kb free=110352Kb
 bounds [0x0000020d8c120000, 0x0000020d8ca90000, 0x0000020d93650000]
CodeHeap 'profiled nmethods': size=120000Kb used=28676Kb max_used=28676Kb free=91323Kb
 bounds [0x0000020d84650000, 0x0000020d86260000, 0x0000020d8bb80000]
CodeHeap 'non-nmethods': size=5760Kb used=1455Kb max_used=1564Kb free=4304Kb
 bounds [0x0000020d8bb80000, 0x0000020d8bdf0000, 0x0000020d8c120000]
CodeCache: size=245760Kb, used=39778Kb, max_used=39887Kb, free=205979Kb
 total_blobs=13871, nmethods=13104, adapters=672, full_count=0
Compilation: enabled, stopped_count=0, restarted_count=0

Compilation events (20 events):
Event: 779.151 Thread 0x0000020dda158c20 nmethod 14362% 0x0000020d847c0690 code [0x0000020d847c09a0, 0x0000020d847c2120]
Event: 779.152 Thread 0x0000020dda158c20 14363 %     3       org.eclipse.jdt.internal.core.index.DiskIndex::mergeCategory @ 66 (301 bytes)
Event: 779.152 Thread 0x0000020de4e70760 nmethod 14351 0x0000020d8ca85190 code [0x0000020d8ca853e0, 0x0000020d8ca85cf8]
Event: 779.153 Thread 0x0000020de4e70760 14354       4       org.eclipse.jdt.internal.compiler.util.HashtableOfObject::get (56 bytes)
Event: 779.154 Thread 0x0000020dda158c20 nmethod 14363% 0x0000020d84f18b90 code [0x0000020d84f18e80, 0x0000020d84f1a3a8]
Event: 779.155 Thread 0x0000020dda158c20 14366   !   2       org.eclipse.jdt.internal.core.PackageFragmentRoot::fullInclusionPatternChars (39 bytes)
Event: 779.155 Thread 0x0000020dda158c20 nmethod 14366 0x0000020d850c6490 code [0x0000020d850c6680, 0x0000020d850c6970]
Event: 779.155 Thread 0x0000020dda158c20 14367   !   2       org.eclipse.jdt.internal.core.PackageFragmentRoot::fullExclusionPatternChars (39 bytes)
Event: 781.173 Thread 0x0000020de4e70760 nmethod 14354 0x0000020d8ca86490 code [0x0000020d8ca86660, 0x0000020d8ca86c58]
Event: 781.173 Thread 0x0000020dda158c20 nmethod 14367 0x0000020d847bff90 code [0x0000020d847c0180, 0x0000020d847c0470]
Event: 781.173 Thread 0x0000020de4e70760 14360   !   4       org.eclipse.jdt.internal.core.NameLookup::seekModule (267 bytes)
Event: 781.173 Thread 0x0000020dda12c610 nmethod 14355 0x0000020d8ca86e90 code [0x0000020d8ca87080, 0x0000020d8ca875b8]
Event: 781.174 Thread 0x0000020dda12c610 14364   !   4       org.eclipse.jdt.internal.core.SearchableEnvironment::hasSubPackageInUnnamedModule (132 bytes)
Event: 781.175 Thread 0x0000020dda158c20 14368       3       org.eclipse.jdt.internal.core.index.DiskIndex::mergeCategory (301 bytes)
Event: 781.176 Thread 0x0000020dda158c20 nmethod 14368 0x0000020d84dd2d10 code [0x0000020d84dd3000, 0x0000020d84dd41d0]
Event: 781.177 Thread 0x0000020dda158c20 14369       3       lombok.eclipse.handlers.SetGeneratedByVisitor::<init> (54 bytes)
Event: 781.178 Thread 0x0000020dda158c20 nmethod 14369 0x0000020d847bfa90 code [0x0000020d847bfc40, 0x0000020d847bfe58]
Event: 781.178 Thread 0x0000020dda158c20 14370       2       lombok.eclipse.handlers.HandleGetter::findDelegatesAndMarkAsHandled (84 bytes)
Event: 781.179 Thread 0x0000020dda158c20 nmethod 14370 0x0000020d84f17d90 code [0x0000020d84f17fc0, 0x0000020d84f18628]
Event: 781.179 Thread 0x0000020dda158c20 14371       2       lombok.core.TypeLibrary::addType (229 bytes)

GC Heap History (20 events):
Event: 775.984 GC heap after
{Heap after GC invocations=281 (full 4):
 PSYoungGen      total 4096K, used 768K [0x00000000d5580000, 0x00000000d5a80000, 0x0000000100000000)
  eden space 3072K, 0% used [0x00000000d5580000,0x00000000d5580000,0x00000000d5880000)
  from space 1024K, 75% used [0x00000000d5880000,0x00000000d5940000,0x00000000d5980000)
  to   space 1024K, 0% used [0x00000000d5980000,0x00000000d5980000,0x00000000d5a80000)
 ParOldGen       total 101376K, used 87927K [0x0000000080000000, 0x0000000086300000, 0x00000000d5580000)
  object space 101376K, 86% used [0x0000000080000000,0x00000000855ddf40,0x0000000086300000)
 Metaspace       used 83876K, committed 85824K, reserved 1179648K
  class space    used 10010K, committed 10880K, reserved 1048576K
}
Event: 776.013 GC heap before
{Heap before GC invocations=282 (full 4):
 PSYoungGen      total 4096K, used 3840K [0x00000000d5580000, 0x00000000d5a80000, 0x0000000100000000)
  eden space 3072K, 100% used [0x00000000d5580000,0x00000000d5880000,0x00000000d5880000)
  from space 1024K, 75% used [0x00000000d5880000,0x00000000d5940000,0x00000000d5980000)
  to   space 1024K, 0% used [0x00000000d5980000,0x00000000d5980000,0x00000000d5a80000)
 ParOldGen       total 101376K, used 87927K [0x0000000080000000, 0x0000000086300000, 0x00000000d5580000)
  object space 101376K, 86% used [0x0000000080000000,0x00000000855ddf40,0x0000000086300000)
 Metaspace       used 83880K, committed 85824K, reserved 1179648K
  class space    used 10010K, committed 10880K, reserved 1048576K
}
Event: 776.014 GC heap after
{Heap after GC invocations=282 (full 4):
 PSYoungGen      total 4096K, used 608K [0x00000000d5580000, 0x00000000d5a80000, 0x0000000100000000)
  eden space 3072K, 0% used [0x00000000d5580000,0x00000000d5580000,0x00000000d5880000)
  from space 1024K, 59% used [0x00000000d5980000,0x00000000d5a18000,0x00000000d5a80000)
  to   space 1024K, 0% used [0x00000000d5880000,0x00000000d5880000,0x00000000d5980000)
 ParOldGen       total 101376K, used 88548K [0x0000000080000000, 0x0000000086300000, 0x00000000d5580000)
  object space 101376K, 87% used [0x0000000080000000,0x00000000856793f8,0x0000000086300000)
 Metaspace       used 83880K, committed 85824K, reserved 1179648K
  class space    used 10010K, committed 10880K, reserved 1048576K
}
Event: 776.063 GC heap before
{Heap before GC invocations=283 (full 4):
 PSYoungGen      total 4096K, used 3680K [0x00000000d5580000, 0x00000000d5a80000, 0x0000000100000000)
  eden space 3072K, 100% used [0x00000000d5580000,0x00000000d5880000,0x00000000d5880000)
  from space 1024K, 59% used [0x00000000d5980000,0x00000000d5a18000,0x00000000d5a80000)
  to   space 1024K, 0% used [0x00000000d5880000,0x00000000d5880000,0x00000000d5980000)
 ParOldGen       total 101376K, used 88548K [0x0000000080000000, 0x0000000086300000, 0x00000000d5580000)
  object space 101376K, 87% used [0x0000000080000000,0x00000000856793f8,0x0000000086300000)
 Metaspace       used 83929K, committed 85824K, reserved 1179648K
  class space    used 10011K, committed 10880K, reserved 1048576K
}
Event: 777.066 GC heap after
{Heap after GC invocations=283 (full 4):
 PSYoungGen      total 4096K, used 1002K [0x00000000d5580000, 0x00000000d5e80000, 0x0000000100000000)
  eden space 3072K, 0% used [0x00000000d5580000,0x00000000d5580000,0x00000000d5880000)
  from space 1024K, 97% used [0x00000000d5880000,0x00000000d597a870,0x00000000d5980000)
  to   space 3072K, 0% used [0x00000000d5b80000,0x00000000d5b80000,0x00000000d5e80000)
 ParOldGen       total 101376K, used 90021K [0x0000000080000000, 0x0000000086300000, 0x00000000d5580000)
  object space 101376K, 88% used [0x0000000080000000,0x00000000857e96d8,0x0000000086300000)
 Metaspace       used 83929K, committed 85824K, reserved 1179648K
  class space    used 10011K, committed 10880K, reserved 1048576K
}
Event: 777.082 GC heap before
{Heap before GC invocations=284 (full 4):
 PSYoungGen      total 4096K, used 4074K [0x00000000d5580000, 0x00000000d5e80000, 0x0000000100000000)
  eden space 3072K, 100% used [0x00000000d5580000,0x00000000d5880000,0x00000000d5880000)
  from space 1024K, 97% used [0x00000000d5880000,0x00000000d597a870,0x00000000d5980000)
  to   space 3072K, 0% used [0x00000000d5b80000,0x00000000d5b80000,0x00000000d5e80000)
 ParOldGen       total 101376K, used 90021K [0x0000000080000000, 0x0000000086300000, 0x00000000d5580000)
  object space 101376K, 88% used [0x0000000080000000,0x00000000857e96d8,0x0000000086300000)
 Metaspace       used 83946K, committed 85888K, reserved 1179648K
  class space    used 10011K, committed 10880K, reserved 1048576K
}
Event: 777.084 GC heap after
{Heap after GC invocations=284 (full 4):
 PSYoungGen      total 5632K, used 2368K [0x00000000d5580000, 0x00000000d5e00000, 0x0000000100000000)
  eden space 3072K, 0% used [0x00000000d5580000,0x00000000d5580000,0x00000000d5880000)
  from space 2560K, 92% used [0x00000000d5b80000,0x00000000d5dd0000,0x00000000d5e00000)
  to   space 2560K, 0% used [0x00000000d5900000,0x00000000d5900000,0x00000000d5b80000)
 ParOldGen       total 101376K, used 91063K [0x0000000080000000, 0x0000000086300000, 0x00000000d5580000)
  object space 101376K, 89% used [0x0000000080000000,0x00000000858edf58,0x0000000086300000)
 Metaspace       used 83946K, committed 85888K, reserved 1179648K
  class space    used 10011K, committed 10880K, reserved 1048576K
}
Event: 777.096 GC heap before
{Heap before GC invocations=285 (full 4):
 PSYoungGen      total 5632K, used 5440K [0x00000000d5580000, 0x00000000d5e00000, 0x0000000100000000)
  eden space 3072K, 100% used [0x00000000d5580000,0x00000000d5880000,0x00000000d5880000)
  from space 2560K, 92% used [0x00000000d5b80000,0x00000000d5dd0000,0x00000000d5e00000)
  to   space 2560K, 0% used [0x00000000d5900000,0x00000000d5900000,0x00000000d5b80000)
 ParOldGen       total 101376K, used 91063K [0x0000000080000000, 0x0000000086300000, 0x00000000d5580000)
  object space 101376K, 89% used [0x0000000080000000,0x00000000858edf58,0x0000000086300000)
 Metaspace       used 83949K, committed 85888K, reserved 1179648K
  class space    used 10011K, committed 10880K, reserved 1048576K
}
Event: 777.098 GC heap after
{Heap after GC invocations=285 (full 4):
 PSYoungGen      total 5632K, used 2540K [0x00000000d5580000, 0x00000000d6380000, 0x0000000100000000)
  eden space 3072K, 0% used [0x00000000d5580000,0x00000000d5580000,0x00000000d5880000)
  from space 2560K, 99% used [0x00000000d5900000,0x00000000d5b7b3d8,0x00000000d5b80000)
  to   space 5632K, 0% used [0x00000000d5e00000,0x00000000d5e00000,0x00000000d6380000)
 ParOldGen       total 101376K, used 93479K [0x0000000080000000, 0x0000000086300000, 0x00000000d5580000)
  object space 101376K, 92% used [0x0000000080000000,0x0000000085b49f58,0x0000000086300000)
 Metaspace       used 83949K, committed 85888K, reserved 1179648K
  class space    used 10011K, committed 10880K, reserved 1048576K
}
Event: 777.109 GC heap before
{Heap before GC invocations=286 (full 4):
 PSYoungGen      total 5632K, used 5612K [0x00000000d5580000, 0x00000000d6380000, 0x0000000100000000)
  eden space 3072K, 100% used [0x00000000d5580000,0x00000000d5880000,0x00000000d5880000)
  from space 2560K, 99% used [0x00000000d5900000,0x00000000d5b7b3d8,0x00000000d5b80000)
  to   space 5632K, 0% used [0x00000000d5e00000,0x00000000d5e00000,0x00000000d6380000)
 ParOldGen       total 101376K, used 93479K [0x0000000080000000, 0x0000000086300000, 0x00000000d5580000)
  object space 101376K, 92% used [0x0000000080000000,0x0000000085b49f58,0x0000000086300000)
 Metaspace       used 83949K, committed 85888K, reserved 1179648K
  class space    used 10011K, committed 10880K, reserved 1048576K
}
Event: 777.113 GC heap after
{Heap after GC invocations=286 (full 4):
 PSYoungGen      total 6656K, used 3145K [0x00000000d5580000, 0x00000000d6180000, 0x0000000100000000)
  eden space 3072K, 0% used [0x00000000d5580000,0x00000000d5580000,0x00000000d5880000)
  from space 3584K, 87% used [0x00000000d5e00000,0x00000000d61125c8,0x00000000d6180000)
  to   space 4096K, 0% used [0x00000000d5980000,0x00000000d5980000,0x00000000d5d80000)
 ParOldGen       total 101376K, used 96068K [0x0000000080000000, 0x0000000086300000, 0x00000000d5580000)
  object space 101376K, 94% used [0x0000000080000000,0x0000000085dd1078,0x0000000086300000)
 Metaspace       used 83949K, committed 85888K, reserved 1179648K
  class space    used 10011K, committed 10880K, reserved 1048576K
}
Event: 777.121 GC heap before
{Heap before GC invocations=287 (full 4):
 PSYoungGen      total 6656K, used 6217K [0x00000000d5580000, 0x00000000d6180000, 0x0000000100000000)
  eden space 3072K, 100% used [0x00000000d5580000,0x00000000d5880000,0x00000000d5880000)
  from space 3584K, 87% used [0x00000000d5e00000,0x00000000d61125c8,0x00000000d6180000)
  to   space 4096K, 0% used [0x00000000d5980000,0x00000000d5980000,0x00000000d5d80000)
 ParOldGen       total 101376K, used 96068K [0x0000000080000000, 0x0000000086300000, 0x00000000d5580000)
  object space 101376K, 94% used [0x0000000080000000,0x0000000085dd1078,0x0000000086300000)
 Metaspace       used 83949K, committed 85888K, reserved 1179648K
  class space    used 10011K, committed 10880K, reserved 1048576K
}
Event: 777.125 GC heap after
{Heap after GC invocations=287 (full 4):
 PSYoungGen      total 6656K, used 3167K [0x00000000d5580000, 0x00000000d5f80000, 0x0000000100000000)
  eden space 3072K, 0% used [0x00000000d5580000,0x00000000d5580000,0x00000000d5880000)
  from space 3584K, 88% used [0x00000000d5980000,0x00000000d5c97c68,0x00000000d5d00000)
  to   space 2560K, 0% used [0x00000000d5d00000,0x00000000d5d00000,0x00000000d5f80000)
 ParOldGen       total 101376K, used 99136K [0x0000000080000000, 0x0000000086300000, 0x00000000d5580000)
  object space 101376K, 97% used [0x0000000080000000,0x00000000860d0148,0x0000000086300000)
 Metaspace       used 83949K, committed 85888K, reserved 1179648K
  class space    used 10011K, committed 10880K, reserved 1048576K
}
Event: 777.132 GC heap before
{Heap before GC invocations=288 (full 4):
 PSYoungGen      total 6656K, used 6239K [0x00000000d5580000, 0x00000000d5f80000, 0x0000000100000000)
  eden space 3072K, 100% used [0x00000000d5580000,0x00000000d5880000,0x00000000d5880000)
  from space 3584K, 88% used [0x00000000d5980000,0x00000000d5c97c68,0x00000000d5d00000)
  to   space 2560K, 0% used [0x00000000d5d00000,0x00000000d5d00000,0x00000000d5f80000)
 ParOldGen       total 101376K, used 99136K [0x0000000080000000, 0x0000000086300000, 0x00000000d5580000)
  object space 101376K, 97% used [0x0000000080000000,0x00000000860d0148,0x0000000086300000)
 Metaspace       used 83949K, committed 85888K, reserved 1179648K
  class space    used 10011K, committed 10880K, reserved 1048576K
}
Event: 779.137 GC heap after
{Heap after GC invocations=288 (full 4):
 PSYoungGen      total 5632K, used 2548K [0x00000000d5580000, 0x00000000d5f80000, 0x0000000100000000)
  eden space 3072K, 0% used [0x00000000d5580000,0x00000000d5580000,0x00000000d5880000)
  from space 2560K, 99% used [0x00000000d5d00000,0x00000000d5f7d308,0x00000000d5f80000)
  to   space 3584K, 0% used [0x00000000d5980000,0x00000000d5980000,0x00000000d5d00000)
 ParOldGen       total 102912K, used 102699K [0x0000000080000000, 0x0000000086480000, 0x00000000d5580000)
  object space 102912K, 99% used [0x0000000080000000,0x000000008644ad70,0x0000000086480000)
 Metaspace       used 83949K, committed 85888K, reserved 1179648K
  class space    used 10011K, committed 10880K, reserved 1048576K
}
Event: 779.147 GC heap before
{Heap before GC invocations=289 (full 4):
 PSYoungGen      total 5632K, used 5620K [0x00000000d5580000, 0x00000000d5f80000, 0x0000000100000000)
  eden space 3072K, 100% used [0x00000000d5580000,0x00000000d5880000,0x00000000d5880000)
  from space 2560K, 99% used [0x00000000d5d00000,0x00000000d5f7d308,0x00000000d5f80000)
  to   space 3584K, 0% used [0x00000000d5980000,0x00000000d5980000,0x00000000d5d00000)
 ParOldGen       total 102912K, used 102699K [0x0000000080000000, 0x0000000086480000, 0x00000000d5580000)
  object space 102912K, 99% used [0x0000000080000000,0x000000008644ad70,0x0000000086480000)
 Metaspace       used 83953K, committed 85888K, reserved 1179648K
  class space    used 10011K, committed 10880K, reserved 1048576K
}
Event: 779.150 GC heap after
{Heap after GC invocations=289 (full 4):
 PSYoungGen      total 5120K, used 1594K [0x00000000d5580000, 0x00000000d5f80000, 0x0000000100000000)
  eden space 3072K, 0% used [0x00000000d5580000,0x00000000d5580000,0x00000000d5880000)
  from space 2048K, 77% used [0x00000000d5980000,0x00000000d5b0e900,0x00000000d5b80000)
  to   space 3584K, 0% used [0x00000000d5c00000,0x00000000d5c00000,0x00000000d5f80000)
 ParOldGen       total 105472K, used 105280K [0x0000000080000000, 0x0000000086700000, 0x00000000d5580000)
  object space 105472K, 99% used [0x0000000080000000,0x00000000866d0108,0x0000000086700000)
 Metaspace       used 83953K, committed 85888K, reserved 1179648K
  class space    used 10011K, committed 10880K, reserved 1048576K
}
Event: 779.155 GC heap before
{Heap before GC invocations=290 (full 4):
 PSYoungGen      total 5120K, used 4666K [0x00000000d5580000, 0x00000000d5f80000, 0x0000000100000000)
  eden space 3072K, 100% used [0x00000000d5580000,0x00000000d5880000,0x00000000d5880000)
  from space 2048K, 77% used [0x00000000d5980000,0x00000000d5b0e900,0x00000000d5b80000)
  to   space 3584K, 0% used [0x00000000d5c00000,0x00000000d5c00000,0x00000000d5f80000)
 ParOldGen       total 105472K, used 105280K [0x0000000080000000, 0x0000000086700000, 0x00000000d5580000)
  object space 105472K, 99% used [0x0000000080000000,0x00000000866d0108,0x0000000086700000)
 Metaspace       used 83954K, committed 85888K, reserved 1179648K
  class space    used 10011K, committed 10880K, reserved 1048576K
}
Event: 781.173 GC heap after
{Heap after GC invocations=290 (full 4):
 PSYoungGen      total 5632K, used 1330K [0x00000000d5580000, 0x00000000d5d80000, 0x0000000100000000)
  eden space 4096K, 0% used [0x00000000d5580000,0x00000000d5580000,0x00000000d5980000)
  from space 1536K, 86% used [0x00000000d5c00000,0x00000000d5d4cb48,0x00000000d5d80000)
  to   space 2048K, 0% used [0x00000000d5980000,0x00000000d5980000,0x00000000d5b80000)
 ParOldGen       total 107008K, used 106773K [0x0000000080000000, 0x0000000086880000, 0x00000000d5580000)
  object space 107008K, 99% used [0x0000000080000000,0x00000000868457f0,0x0000000086880000)
 Metaspace       used 83954K, committed 85888K, reserved 1179648K
  class space    used 10011K, committed 10880K, reserved 1048576K
}
Event: 781.179 GC heap before
{Heap before GC invocations=291 (full 4):
 PSYoungGen      total 5632K, used 4827K [0x00000000d5580000, 0x00000000d5d80000, 0x0000000100000000)
  eden space 4096K, 85% used [0x00000000d5580000,0x00000000d58ea1e0,0x00000000d5980000)
  from space 1536K, 86% used [0x00000000d5c00000,0x00000000d5d4cb48,0x00000000d5d80000)
  to   space 2048K, 0% used [0x00000000d5980000,0x00000000d5980000,0x00000000d5b80000)
 ParOldGen       total 107008K, used 106773K [0x0000000080000000, 0x0000000086880000, 0x00000000d5580000)
  object space 107008K, 99% used [0x0000000080000000,0x00000000868457f0,0x0000000086880000)
 Metaspace       used 83957K, committed 85888K, reserved 1179648K
  class space    used 10011K, committed 10880K, reserved 1048576K
}

Dll operation events (15 events):
Event: 0.034 Loaded shared library c:\Users\HP\.antigravity\extensions\redhat.java-1.54.0-win32-x64\jre\21.0.10-win32-x86_64\bin\java.dll
Event: 0.107 Loaded shared library c:\Users\HP\.antigravity\extensions\redhat.java-1.54.0-win32-x64\jre\21.0.10-win32-x86_64\bin\zip.dll
Event: 0.137 Loaded shared library C:\Users\HP\.antigravity\extensions\redhat.java-1.54.0-win32-x64\jre\21.0.10-win32-x86_64\bin\instrument.dll
Event: 0.144 Loaded shared library C:\Users\HP\.antigravity\extensions\redhat.java-1.54.0-win32-x64\jre\21.0.10-win32-x86_64\bin\net.dll
Event: 0.166 Loaded shared library C:\Users\HP\.antigravity\extensions\redhat.java-1.54.0-win32-x64\jre\21.0.10-win32-x86_64\bin\nio.dll
Event: 0.168 Loaded shared library C:\Users\HP\.antigravity\extensions\redhat.java-1.54.0-win32-x64\jre\21.0.10-win32-x86_64\bin\zip.dll
Event: 0.190 Loaded shared library C:\Users\HP\.antigravity\extensions\redhat.java-1.54.0-win32-x64\jre\21.0.10-win32-x86_64\bin\jimage.dll
Event: 0.312 Loaded shared library c:\Users\HP\.antigravity\extensions\redhat.java-1.54.0-win32-x64\jre\21.0.10-win32-x86_64\bin\verify.dll
Event: 1.842 Loaded shared library C:\Users\HP\AppData\Roaming\Antigravity\User\globalStorage\redhat.java\1.54.0\config_win\org.eclipse.equinox.launcher\org.eclipse.equinox.launcher.win32.win32.x86_64_1.3.0.v20260203-2149\eclipse_11919.dll
Event: 3.535 Loaded shared library C:\Users\HP\AppData\Local\Temp\jna-2312\jna6410220595752109339.dll
Event: 7.434 Loaded shared library C:\Users\HP\.gradle\native\1def1411415f61bf3af743bc5b6707747c0891f09f0c88961ee8f79bc544acac\windows-amd64\native-platform.dll
Event: 9.520 Loaded shared library C:\Users\HP\.antigravity\extensions\redhat.java-1.54.0-win32-x64\jre\21.0.10-win32-x86_64\bin\management.dll
Event: 9.545 Loaded shared library C:\Users\HP\.antigravity\extensions\redhat.java-1.54.0-win32-x64\jre\21.0.10-win32-x86_64\bin\management_ext.dll
Event: 12.442 Loaded shared library C:\Users\HP\.antigravity\extensions\redhat.java-1.54.0-win32-x64\jre\21.0.10-win32-x86_64\bin\extnet.dll
Event: 14.335 Loaded shared library C:\Users\HP\.antigravity\extensions\redhat.java-1.54.0-win32-x64\jre\21.0.10-win32-x86_64\bin\sunmscapi.dll

Deoptimization events (20 events):
Event: 777.109 Thread 0x0000020de0aa7ca0 DEOPT PACKING pc=0x0000020d85c1a073 sp=0x000000ed738fef90
Event: 777.109 Thread 0x0000020de0aa7ca0 DEOPT UNPACKING pc=0x0000020d8bbd4242 sp=0x000000ed738fe428 mode 0
Event: 777.114 Thread 0x0000020de0aa7ca0 DEOPT PACKING pc=0x0000020d85c1a073 sp=0x000000ed738fef90
Event: 777.114 Thread 0x0000020de0aa7ca0 DEOPT UNPACKING pc=0x0000020d8bbd4242 sp=0x000000ed738fe428 mode 0
Event: 777.114 Thread 0x0000020de0aa7ca0 DEOPT PACKING pc=0x0000020d85c1a073 sp=0x000000ed738fef90
Event: 777.114 Thread 0x0000020de0aa7ca0 DEOPT UNPACKING pc=0x0000020d8bbd4242 sp=0x000000ed738fe428 mode 0
Event: 777.114 Thread 0x0000020de0aa7ca0 DEOPT PACKING pc=0x0000020d85c1a073 sp=0x000000ed738fef90
Event: 777.114 Thread 0x0000020de0aa7ca0 DEOPT UNPACKING pc=0x0000020d8bbd4242 sp=0x000000ed738fe428 mode 0
Event: 777.115 Thread 0x0000020de0aa7ca0 DEOPT PACKING pc=0x0000020d85c1a073 sp=0x000000ed738fef90
Event: 777.115 Thread 0x0000020de0aa7ca0 DEOPT UNPACKING pc=0x0000020d8bbd4242 sp=0x000000ed738fe428 mode 0
Event: 777.131 Thread 0x0000020de0aa7ca0 Uncommon trap: trap_request=0xffffff45 fr.pc=0x0000020d8c7329cc relative=0x00000000000016ac
Event: 777.131 Thread 0x0000020de0aa7ca0 Uncommon trap: reason=unstable_if action=reinterpret pc=0x0000020d8c7329cc method=org.eclipse.jdt.internal.core.index.DiskIndex.readCategoryTable([CZ)Lorg/eclipse/jdt/internal/compiler/util/HashtableOfObject; @ 387 c2
Event: 777.131 Thread 0x0000020de0aa7ca0 DEOPT PACKING pc=0x0000020d8c7329cc sp=0x000000ed738ff020
Event: 777.131 Thread 0x0000020de0aa7ca0 DEOPT UNPACKING pc=0x0000020d8bbd3aa2 sp=0x000000ed738fefe8 mode 2
Event: 779.145 Thread 0x0000020de0aa7ca0 DEOPT PACKING pc=0x0000020d84913c61 sp=0x000000ed738ff030
Event: 779.145 Thread 0x0000020de0aa7ca0 DEOPT UNPACKING pc=0x0000020d8bbd4242 sp=0x000000ed738fe4c8 mode 0
Event: 779.150 Thread 0x0000020dee3a2d70 DEOPT PACKING pc=0x0000020d85d45281 sp=0x000000ed737fe030
Event: 779.150 Thread 0x0000020dee3a2d70 DEOPT UNPACKING pc=0x0000020d8bbd4242 sp=0x000000ed737fd560 mode 0
Event: 779.152 Thread 0x0000020dee3a2d70 DEOPT PACKING pc=0x0000020d85e920f8 sp=0x000000ed737fc200
Event: 779.152 Thread 0x0000020dee3a2d70 DEOPT UNPACKING pc=0x0000020d8bbd4242 sp=0x000000ed737fb688 mode 0

Classes loaded (20 events):
Event: 311.469 Loading class java/util/function/LongFunction
Event: 311.469 Loading class java/util/function/LongFunction done
Event: 311.472 Loading class java/util/stream/Nodes$ConcNode
Event: 311.473 Loading class java/util/stream/Nodes$AbstractConcNode
Event: 311.474 Loading class java/util/stream/Nodes$AbstractConcNode done
Event: 311.474 Loading class java/util/stream/Nodes$ConcNode done
Event: 772.328 Loading class java/util/stream/DistinctOps
Event: 772.329 Loading class java/util/stream/DistinctOps done
Event: 772.330 Loading class java/util/stream/DistinctOps$1
Event: 772.331 Loading class java/util/stream/DistinctOps$1 done
Event: 772.334 Loading class java/util/stream/DistinctOps$1$2
Event: 772.334 Loading class java/util/stream/DistinctOps$1$2 done
Event: 775.542 Loading class java/nio/file/Files$2
Event: 775.542 Loading class java/nio/file/Files$2 done
Event: 775.612 Loading class jdk/internal/module/IllegalAccessLogger
Event: 775.612 Loading class jdk/internal/module/IllegalAccessLogger done
Event: 775.734 Loading class sun/nio/ch/ChannelOutputStream
Event: 775.734 Loading class sun/nio/ch/ChannelOutputStream done
Event: 776.048 Loading class sun/nio/fs/WindowsFileCopy
Event: 776.049 Loading class sun/nio/fs/WindowsFileCopy done

Classes unloaded (10 events):
Event: 4.294 Thread 0x0000020d814f4aa0 Unloading class 0x0000020d991aac00 'java/lang/invoke/LambdaForm$MH+0x0000020d991aac00'
Event: 4.294 Thread 0x0000020d814f4aa0 Unloading class 0x0000020d991aa800 'java/lang/invoke/LambdaForm$MH+0x0000020d991aa800'
Event: 4.294 Thread 0x0000020d814f4aa0 Unloading class 0x0000020d991aa400 'java/lang/invoke/LambdaForm$MH+0x0000020d991aa400'
Event: 4.294 Thread 0x0000020d814f4aa0 Unloading class 0x0000020d991aa000 'java/lang/invoke/LambdaForm$MH+0x0000020d991aa000'
Event: 4.294 Thread 0x0000020d814f4aa0 Unloading class 0x0000020d991a9c00 'java/lang/invoke/LambdaForm$BMH+0x0000020d991a9c00'
Event: 4.294 Thread 0x0000020d814f4aa0 Unloading class 0x0000020d991a9800 'java/lang/invoke/LambdaForm$DMH+0x0000020d991a9800'
Event: 4.294 Thread 0x0000020d814f4aa0 Unloading class 0x0000020d991a8400 'java/lang/invoke/LambdaForm$DMH+0x0000020d991a8400'
Event: 771.964 Thread 0x0000020d814f4aa0 Unloading class 0x0000020d99a29000 'java/lang/invoke/LambdaForm$DMH+0x0000020d99a29000'
Event: 771.965 Thread 0x0000020d814f4aa0 Unloading class 0x0000020d99a28c00 'java/lang/invoke/LambdaForm$DMH+0x0000020d99a28c00'
Event: 771.965 Thread 0x0000020d814f4aa0 Unloading class 0x0000020d99a28800 'java/lang/invoke/LambdaForm$DMH+0x0000020d99a28800'

Classes redefined (0 events):
No events

Internal exceptions (20 events):
Event: 23.487 Thread 0x0000020de0aa96e0 Exception <a 'sun/nio/fs/WindowsException'{0x00000000d57e60f0}> (0x00000000d57e60f0) 
thrown [s\src\hotspot\share\prims\jni.cpp, line 520]
Event: 23.487 Thread 0x0000020de0aa96e0 Exception <a 'sun/nio/fs/WindowsException'{0x00000000d57e6ea8}> (0x00000000d57e6ea8) 
thrown [s\src\hotspot\share\prims\jni.cpp, line 520]
Event: 23.836 Thread 0x0000020de5d2cc50 Implicit null exception at 0x0000020d8c71d9b2 to 0x0000020d8c71de2c
Event: 24.140 Thread 0x0000020de0aaa400 Exception <a 'java/lang/NoSuchMethodError'{0x00000000d5771d48}: 'java.lang.Object java.lang.invoke.DirectMethodHandle$Holder.invokeStatic(java.lang.Object, java.lang.Object, int, int)'> (0x00000000d5771d48) 
thrown [s\src\hotspot\share\interpreter\linkResolver.cpp, line 773]
Event: 24.140 Thread 0x0000020de0aaa400 Exception <a 'java/lang/NoSuchMethodError'{0x00000000d5776058}: 'java.lang.Object java.lang.invoke.DirectMethodHandle$Holder.invokeSpecial(java.lang.Object, java.lang.Object, java.lang.Object, int, int)'> (0x00000000d5776058) 
thrown [s\src\hotspot\share\interpreter\linkResolver.cpp, line 773]
Event: 24.163 Thread 0x0000020de0aaa400 Implicit null exception at 0x0000020d8c6380c6 to 0x0000020d8c63810f
Event: 24.199 Thread 0x0000020de0aaa400 Exception <a 'java/lang/NoSuchMethodError'{0x00000000d565a370}: 'java.lang.Object java.lang.invoke.DirectMethodHandle$Holder.invokeStatic(java.lang.Object, java.lang.Object, int, java.lang.Object, java.lang.Object)'> (0x00000000d565a370) 
thrown [s\src\hotspot\share\interpreter\linkResolver.cpp, line 773]
Event: 24.927 Thread 0x0000020de0aaa400 Exception <a 'java/lang/NoSuchMethodError'{0x00000000d55e2c60}: 'java.lang.Object java.lang.invoke.DirectMethodHandle$Holder.invokeStatic(java.lang.Object, java.lang.Object, int, java.lang.Object)'> (0x00000000d55e2c60) 
thrown [s\src\hotspot\share\interpreter\linkResolver.cpp, line 773]
Event: 24.928 Thread 0x0000020de0aaa400 Exception <a 'java/lang/NoSuchMethodError'{0x00000000d55e9290}: 'java.lang.Object java.lang.invoke.DirectMethodHandle$Holder.newInvokeSpecial(java.lang.Object, java.lang.Object, int)'> (0x00000000d55e9290) 
thrown [s\src\hotspot\share\interpreter\linkResolver.cpp, line 773]
Event: 311.423 Thread 0x0000020de0aaa400 Exception <a 'sun/nio/fs/WindowsException'{0x00000000d583a6b8}> (0x00000000d583a6b8) 
thrown [s\src\hotspot\share\prims\jni.cpp, line 520]
Event: 311.425 Thread 0x0000020de0aaa400 Exception <a 'sun/nio/fs/WindowsException'{0x00000000d583b1e8}> (0x00000000d583b1e8) 
thrown [s\src\hotspot\share\prims\jni.cpp, line 520]
Event: 311.434 Thread 0x0000020de0aaa400 Implicit null exception at 0x0000020d8c829886 to 0x0000020d8c829c0c
Event: 311.572 Thread 0x0000020de0aaa400 Exception <a 'java/lang/NoSuchMethodError'{0x00000000d55cf128}: static [J.<clinit>()V> (0x00000000d55cf128) 
thrown [s\src\hotspot\share\prims\jni.cpp, line 1111]
Event: 311.591 Thread 0x0000020de0aaa400 Exception <a 'java/lang/NoSuchMethodError'{0x00000000d55fa5f8}: 'java.lang.Object java.lang.invoke.DirectMethodHandle$Holder.newInvokeSpecial(java.lang.Object, java.lang.Object, java.lang.Object, java.lang.Object, java.lang.Object, java.lang.Object, java.lang.Object, java.lang.Object)'> (0x00000000d55fa5f8) 
thrown [s\src\hotspot\share\interpreter\linkResolver.cpp, line 773]
Event: 773.383 Thread 0x0000020de0aa7ca0 Implicit null exception at 0x0000020d8c83f916 to 0x0000020d8c83fd88
Event: 773.390 Thread 0x0000020de0aa7ca0 Implicit null exception at 0x0000020d8c8dd762 to 0x0000020d8c8ddba0
Event: 775.913 Thread 0x0000020dee3a6f10 Exception <a 'java/lang/NoSuchMethodError'{0x00000000d5816400}: 'java.lang.Object java.lang.invoke.DirectMethodHandle$Holder.newInvokeSpecial(java.lang.Object, java.lang.Object, java.lang.Object, java.lang.Object, int)'> (0x00000000d5816400) 
thrown [s\src\hotspot\share\interpreter\linkResolver.cpp, line 773]
Event: 775.914 Thread 0x0000020dee3a6f10 Exception <a 'java/lang/NoSuchMethodError'{0x00000000d581a4a8}: 'java.lang.Object java.lang.invoke.DirectMethodHandle$Holder.invokeSpecial(java.lang.Object, java.lang.Object, java.lang.Object, java.lang.Object, java.lang.Object, int)'> (0x00000000d581a4a8) 
thrown [s\src\hotspot\share\interpreter\linkResolver.cpp, line 773]
Event: 775.914 Thread 0x0000020dee3a6f10 Exception <a 'java/lang/NoSuchMethodError'{0x00000000d581e178}: 'java.lang.Object java.lang.invoke.Invokers$Holder.linkToTargetMethod(java.lang.Object, java.lang.Object, java.lang.Object, int, java.lang.Object)'> (0x00000000d581e178) 
thrown [s\src\hotspot\share\interpreter\linkResolver.cpp, line 773]
Event: 776.050 Thread 0x0000020de0aa7ca0 Exception <a 'sun/nio/fs/WindowsException'{0x00000000d5660aa0}> (0x00000000d5660aa0) 
thrown [s\src\hotspot\share\prims\jni.cpp, line 520]

ZGC Phase Switch (0 events):
No events

VM Operations (20 events):
Event: 775.984 Executing safepoint VM operation: ParallelGCFailedAllocation (Allocation Failure) done
Event: 776.013 Executing safepoint VM operation: ParallelGCFailedAllocation (Allocation Failure)
Event: 776.014 Executing safepoint VM operation: ParallelGCFailedAllocation (Allocation Failure) done
Event: 776.062 Executing safepoint VM operation: ParallelGCFailedAllocation (Allocation Failure)
Event: 777.066 Executing safepoint VM operation: ParallelGCFailedAllocation (Allocation Failure) done
Event: 777.082 Executing safepoint VM operation: ParallelGCFailedAllocation (Allocation Failure)
Event: 777.084 Executing safepoint VM operation: ParallelGCFailedAllocation (Allocation Failure) done
Event: 777.096 Executing safepoint VM operation: ParallelGCFailedAllocation (Allocation Failure)
Event: 777.098 Executing safepoint VM operation: ParallelGCFailedAllocation (Allocation Failure) done
Event: 777.109 Executing safepoint VM operation: ParallelGCFailedAllocation (Allocation Failure)
Event: 777.113 Executing safepoint VM operation: ParallelGCFailedAllocation (Allocation Failure) done
Event: 777.121 Executing safepoint VM operation: ParallelGCFailedAllocation (Allocation Failure)
Event: 777.125 Executing safepoint VM operation: ParallelGCFailedAllocation (Allocation Failure) done
Event: 777.132 Executing safepoint VM operation: ParallelGCFailedAllocation (Allocation Failure)
Event: 779.137 Executing safepoint VM operation: ParallelGCFailedAllocation (Allocation Failure) done
Event: 779.147 Executing safepoint VM operation: ParallelGCFailedAllocation (Allocation Failure)
Event: 779.150 Executing safepoint VM operation: ParallelGCFailedAllocation (Allocation Failure) done
Event: 779.155 Executing safepoint VM operation: ParallelGCFailedAllocation (Allocation Failure)
Event: 781.173 Executing safepoint VM operation: ParallelGCFailedAllocation (Allocation Failure) done
Event: 781.179 Executing safepoint VM operation: ParallelGCFailedAllocation (Allocation Failure)

Memory protections (0 events):
No events

Nmethod flushes (20 events):
Event: 772.119 Thread 0x0000020d814f4aa0 flushing  nmethod 0x0000020d85189510
Event: 772.119 Thread 0x0000020d814f4aa0 flushing  nmethod 0x0000020d85195190
Event: 772.119 Thread 0x0000020d814f4aa0 flushing  nmethod 0x0000020d851a3e10
Event: 772.119 Thread 0x0000020d814f4aa0 flushing  nmethod 0x0000020d851bc010
Event: 772.119 Thread 0x0000020d814f4aa0 flushing  nmethod 0x0000020d851c1610
Event: 772.119 Thread 0x0000020d814f4aa0 flushing  nmethod 0x0000020d851c3690
Event: 772.119 Thread 0x0000020d814f4aa0 flushing  nmethod 0x0000020d851ccf10
Event: 772.119 Thread 0x0000020d814f4aa0 flushing  nmethod 0x0000020d851cec90
Event: 772.119 Thread 0x0000020d814f4aa0 flushing  nmethod 0x0000020d851e1b10
Event: 772.119 Thread 0x0000020d814f4aa0 flushing  nmethod 0x0000020d851fe890
Event: 772.119 Thread 0x0000020d814f4aa0 flushing  nmethod 0x0000020d8520bf90
Event: 772.119 Thread 0x0000020d814f4aa0 flushing  nmethod 0x0000020d8523a910
Event: 772.119 Thread 0x0000020d814f4aa0 flushing  nmethod 0x0000020d8524c190
Event: 772.119 Thread 0x0000020d814f4aa0 flushing  nmethod 0x0000020d85296690
Event: 772.119 Thread 0x0000020d814f4aa0 flushing  nmethod 0x0000020d85296a90
Event: 772.119 Thread 0x0000020d814f4aa0 flushing  nmethod 0x0000020d85296e10
Event: 772.119 Thread 0x0000020d814f4aa0 flushing  nmethod 0x0000020d85297210
Event: 772.119 Thread 0x0000020d814f4aa0 flushing  nmethod 0x0000020d85298410
Event: 772.120 Thread 0x0000020d814f4aa0 flushing  nmethod 0x0000020d852b7790
Event: 772.120 Thread 0x0000020d814f4aa0 flushing  nmethod 0x0000020d852bf090

Events (20 events):
Event: 623.544 Thread 0x0000020de28b4660 Thread exited: 0x0000020de28b4660
Event: 683.544 Thread 0x0000020de39bb7f0 Thread exited: 0x0000020de39bb7f0
Event: 767.851 Thread 0x0000020dda158c20 Thread added: 0x0000020de4e70760
Event: 772.281 Thread 0x0000020dda158c20 Thread added: 0x0000020de4e70e30
Event: 772.353 Thread 0x0000020de0aa96e0 Thread added: 0x0000020dee3a61f0
Event: 772.354 Thread 0x0000020dee3a61f0 Thread added: 0x0000020dee3a54d0
Event: 773.382 Thread 0x0000020de0aaa400 Thread added: 0x0000020dee3a2d70
Event: 774.411 Thread 0x0000020dee3a54d0 Thread added: 0x0000020dee3a6880
Event: 775.433 Thread 0x0000020de0aaa400 Thread added: 0x0000020dee3a3400
Event: 775.630 Thread 0x0000020dee3a54d0 Thread added: 0x0000020dee3a6f10
Event: 775.753 Thread 0x0000020dee3a54d0 Thread added: 0x0000020dee3a3a90
Event: 775.754 Thread 0x0000020dee3a54d0 Thread added: 0x0000020dee3a75a0
Event: 775.755 Thread 0x0000020dee3a54d0 Thread added: 0x0000020dee3a7c30
Event: 775.755 Thread 0x0000020dee3a54d0 Thread added: 0x0000020dee3a82c0
Event: 775.755 Thread 0x0000020dee3a54d0 Thread added: 0x0000020dee3a4e40
Event: 775.756 Thread 0x0000020dee3a54d0 Thread added: 0x0000020dee3a8950
Event: 775.756 Thread 0x0000020dee3a54d0 Thread added: 0x0000020dee3a8fe0
Event: 775.756 Thread 0x0000020dee3a54d0 Thread added: 0x0000020dee3a9670
Event: 775.757 Thread 0x0000020dee3a54d0 Thread added: 0x0000020dee3a9d00
Event: 777.068 Thread 0x0000020de0aaa400 Thread added: 0x0000020de39b9db0


Dynamic libraries:
0x00007ff6662c0000 - 0x00007ff6662ce000 	c:\Users\HP\.antigravity\extensions\redhat.java-1.54.0-win32-x64\jre\21.0.10-win32-x86_64\bin\java.exe
0x00007ffbb3c40000 - 0x00007ffbb3ea7000 	C:\WINDOWS\SYSTEM32\ntdll.dll
0x00007ffb6e110000 - 0x00007ffb6e131000 	C:\Program Files\Avast Software\Avast\aswhook.dll
0x00007ffbb2410000 - 0x00007ffbb24d9000 	C:\WINDOWS\System32\KERNEL32.DLL
0x00007ffbb1200000 - 0x00007ffbb15f7000 	C:\WINDOWS\System32\KERNELBASE.dll
0x00007ffbb0640000 - 0x00007ffbb078b000 	C:\WINDOWS\System32\ucrtbase.dll
0x00007ffb5c5b0000 - 0x00007ffb5c5ce000 	c:\Users\HP\.antigravity\extensions\redhat.java-1.54.0-win32-x64\jre\21.0.10-win32-x86_64\bin\VCRUNTIME140.dll
0x00007ffb08d30000 - 0x00007ffb08d48000 	c:\Users\HP\.antigravity\extensions\redhat.java-1.54.0-win32-x64\jre\21.0.10-win32-x86_64\bin\jli.dll
0x00007ffbb1b70000 - 0x00007ffbb1d36000 	C:\WINDOWS\System32\USER32.dll
0x00007ffbb18b0000 - 0x00007ffbb18d7000 	C:\WINDOWS\System32\win32u.dll
0x00007ffb82ec0000 - 0x00007ffb83152000 	C:\WINDOWS\WinSxS\amd64_microsoft.windows.common-controls_6595b64144ccf1df_6.0.26100.8328_none_3e08182ce334b678\COMCTL32.dll
0x00007ffbb3750000 - 0x00007ffbb377b000 	C:\WINDOWS\System32\GDI32.dll
0x00007ffbb3b20000 - 0x00007ffbb3bc9000 	C:\WINDOWS\System32\msvcrt.dll
0x00007ffbb1780000 - 0x00007ffbb18ac000 	C:\WINDOWS\System32\gdi32full.dll
0x00007ffbb0790000 - 0x00007ffbb0833000 	C:\WINDOWS\System32\msvcp_win.dll
0x00007ffbb3a80000 - 0x00007ffbb3ab2000 	C:\WINDOWS\System32\IMM32.DLL
0x00007ffba0810000 - 0x00007ffba081c000 	c:\Users\HP\.antigravity\extensions\redhat.java-1.54.0-win32-x64\jre\21.0.10-win32-x86_64\bin\vcruntime140_1.dll
0x00007ffb083f0000 - 0x00007ffb0847d000 	c:\Users\HP\.antigravity\extensions\redhat.java-1.54.0-win32-x64\jre\21.0.10-win32-x86_64\bin\msvcp140.dll
0x00007ffafc4d0000 - 0x00007ffafd271000 	c:\Users\HP\.antigravity\extensions\redhat.java-1.54.0-win32-x64\jre\21.0.10-win32-x86_64\bin\server\jvm.dll
0x00007ffbb1d40000 - 0x00007ffbb1df6000 	C:\WINDOWS\System32\ADVAPI32.dll
0x00007ffbb2130000 - 0x00007ffbb21d7000 	C:\WINDOWS\System32\sechost.dll
0x00007ffbb24f0000 - 0x00007ffbb2608000 	C:\WINDOWS\System32\RPCRT4.dll
0x00007ffbb1990000 - 0x00007ffbb1a10000 	C:\WINDOWS\System32\WS2_32.dll
0x00007ffbb04a0000 - 0x00007ffbb04fe000 	C:\WINDOWS\SYSTEM32\POWRPROF.dll
0x00007ffba81c0000 - 0x00007ffba81f6000 	C:\WINDOWS\SYSTEM32\WINMM.dll
0x00007ffba1d30000 - 0x00007ffba1d3b000 	C:\WINDOWS\SYSTEM32\VERSION.dll
0x00007ffbb0480000 - 0x00007ffbb0494000 	C:\WINDOWS\SYSTEM32\UMPDC.dll
0x00007ffbaf3d0000 - 0x00007ffbaf3eb000 	C:\WINDOWS\SYSTEM32\kernel.appcore.dll
0x00007ffba07b0000 - 0x00007ffba07ba000 	c:\Users\HP\.antigravity\extensions\redhat.java-1.54.0-win32-x64\jre\21.0.10-win32-x86_64\bin\jimage.dll
0x00007ffbae420000 - 0x00007ffbae662000 	C:\WINDOWS\SYSTEM32\DBGHELP.DLL
0x00007ffbb2610000 - 0x00007ffbb2993000 	C:\WINDOWS\System32\combase.dll
0x00007ffbb3780000 - 0x00007ffbb3859000 	C:\WINDOWS\System32\OLEAUT32.dll
0x00007ffb9b750000 - 0x00007ffb9b78b000 	C:\WINDOWS\SYSTEM32\dbgcore.DLL
0x00007ffbb18e0000 - 0x00007ffbb1988000 	C:\WINDOWS\System32\bcryptPrimitives.dll
0x00007ffb83160000 - 0x00007ffb8316f000 	c:\Users\HP\.antigravity\extensions\redhat.java-1.54.0-win32-x64\jre\21.0.10-win32-x86_64\bin\instrument.dll
0x00007ffb08cd0000 - 0x00007ffb08cf0000 	c:\Users\HP\.antigravity\extensions\redhat.java-1.54.0-win32-x64\jre\21.0.10-win32-x86_64\bin\java.dll
0x00007ffbb29b0000 - 0x00007ffbb311e000 	C:\WINDOWS\System32\SHELL32.dll
0x00007ffbb0990000 - 0x00007ffbb11fc000 	C:\WINDOWS\System32\windows.storage.dll
0x00007ffbb1a70000 - 0x00007ffbb1b66000 	C:\WINDOWS\System32\SHCORE.dll
0x00007ffbb3860000 - 0x00007ffbb38c6000 	C:\WINDOWS\System32\shlwapi.dll
0x00007ffbb0560000 - 0x00007ffbb0589000 	C:\WINDOWS\SYSTEM32\profapi.dll
0x00007ffb08540000 - 0x00007ffb08558000 	c:\Users\HP\.antigravity\extensions\redhat.java-1.54.0-win32-x64\jre\21.0.10-win32-x86_64\bin\zip.dll
0x00007ffb4b910000 - 0x00007ffb4b920000 	C:\Users\HP\.antigravity\extensions\redhat.java-1.54.0-win32-x64\jre\21.0.10-win32-x86_64\bin\net.dll
0x00007ffba8030000 - 0x00007ffba8159000 	C:\WINDOWS\SYSTEM32\WINHTTP.dll
0x00007ffbaf940000 - 0x00007ffbaf9ac000 	C:\WINDOWS\system32\mswsock.dll
0x00007ffb08520000 - 0x00007ffb08536000 	C:\Users\HP\.antigravity\extensions\redhat.java-1.54.0-win32-x64\jre\21.0.10-win32-x86_64\bin\nio.dll
0x00007ffb131d0000 - 0x00007ffb131e0000 	c:\Users\HP\.antigravity\extensions\redhat.java-1.54.0-win32-x64\jre\21.0.10-win32-x86_64\bin\verify.dll
0x00007ffb07c00000 - 0x00007ffb07c45000 	C:\Users\HP\AppData\Roaming\Antigravity\User\globalStorage\redhat.java\1.54.0\config_win\org.eclipse.equinox.launcher\org.eclipse.equinox.launcher.win32.win32.x86_64_1.3.0.v20260203-2149\eclipse_11919.dll
0x00007ffbb38d0000 - 0x00007ffbb3a67000 	C:\WINDOWS\System32\ole32.dll
0x00007ffbafc20000 - 0x00007ffbafc3b000 	C:\WINDOWS\SYSTEM32\CRYPTSP.dll
0x00007ffbaf330000 - 0x00007ffbaf369000 	C:\WINDOWS\system32\rsaenh.dll
0x00007ffbaf9f0000 - 0x00007ffbafa23000 	C:\WINDOWS\SYSTEM32\USERENV.dll
0x00007ffbb0530000 - 0x00007ffbb055a000 	C:\WINDOWS\SYSTEM32\bcrypt.dll
0x00007ffbafc40000 - 0x00007ffbafc4c000 	C:\WINDOWS\SYSTEM32\CRYPTBASE.dll
0x00007ffbaed90000 - 0x00007ffbaedc2000 	C:\WINDOWS\SYSTEM32\IPHLPAPI.DLL
0x00007ffbb24e0000 - 0x00007ffbb24ea000 	C:\WINDOWS\System32\NSI.dll
0x00007ffafc2d0000 - 0x00007ffafc319000 	C:\Users\HP\AppData\Local\Temp\jna-2312\jna6410220595752109339.dll
0x00007ffbb29a0000 - 0x00007ffbb29a8000 	C:\WINDOWS\System32\PSAPI.DLL
0x00007ffba99a0000 - 0x00007ffba99bd000 	C:\WINDOWS\SYSTEM32\dhcpcsvc6.DLL
0x00007ffba9930000 - 0x00007ffba9955000 	C:\WINDOWS\SYSTEM32\dhcpcsvc.DLL
0x00007ffbab700000 - 0x00007ffbab727000 	C:\Users\HP\.gradle\native\1def1411415f61bf3af743bc5b6707747c0891f09f0c88961ee8f79bc544acac\windows-amd64\native-platform.dll
0x00007ffb08d20000 - 0x00007ffb08d2a000 	C:\Users\HP\.antigravity\extensions\redhat.java-1.54.0-win32-x64\jre\21.0.10-win32-x86_64\bin\management.dll
0x00007ffb08cc0000 - 0x00007ffb08ccc000 	C:\Users\HP\.antigravity\extensions\redhat.java-1.54.0-win32-x64\jre\21.0.10-win32-x86_64\bin\management_ext.dll
0x00007ffb084f0000 - 0x00007ffb084f9000 	C:\Users\HP\.antigravity\extensions\redhat.java-1.54.0-win32-x64\jre\21.0.10-win32-x86_64\bin\extnet.dll
0x00007ffb084e0000 - 0x00007ffb084ee000 	C:\Users\HP\.antigravity\extensions\redhat.java-1.54.0-win32-x64\jre\21.0.10-win32-x86_64\bin\sunmscapi.dll
0x00007ffbb1600000 - 0x00007ffbb1778000 	C:\WINDOWS\System32\CRYPT32.dll
0x00007ffbafe40000 - 0x00007ffbafe70000 	C:\WINDOWS\SYSTEM32\ncrypt.dll
0x00007ffbafdf0000 - 0x00007ffbafe2f000 	C:\WINDOWS\SYSTEM32\NTASN1.dll
0x00007ffb71c80000 - 0x00007ffb71c88000 	C:\WINDOWS\system32\wshunix.dll

JVMTI agents:
c:\Users\HP\.antigravity\extensions\redhat.java-1.54.0-win32-x64\lombok\lombok-1.18.39-4050.jar path:c:\Users\HP\.antigravity\extensions\redhat.java-1.54.0-win32-x64\jre\21.0.10-win32-x86_64\bin\instrument.dll, loaded, initialized, instrumentlib options:none

dbghelp: loaded successfully - version: 4.0.5 - missing functions: none
symbol engine: initialized successfully - sym options: 0x614 - pdb path: .;c:\Users\HP\.antigravity\extensions\redhat.java-1.54.0-win32-x64\jre\21.0.10-win32-x86_64\bin;C:\WINDOWS\SYSTEM32;C:\Program Files\Avast Software\Avast;C:\WINDOWS\WinSxS\amd64_microsoft.windows.common-controls_6595b64144ccf1df_6.0.26100.8328_none_3e08182ce334b678;c:\Users\HP\.antigravity\extensions\redhat.java-1.54.0-win32-x64\jre\21.0.10-win32-x86_64\bin\server;C:\Users\HP\AppData\Roaming\Antigravity\User\globalStorage\redhat.java\1.54.0\config_win\org.eclipse.equinox.launcher\org.eclipse.equinox.launcher.win32.win32.x86_64_1.3.0.v20260203-2149;C:\Users\HP\AppData\Local\Temp\jna-2312;C:\Users\HP\.gradle\native\1def1411415f61bf3af743bc5b6707747c0891f09f0c88961ee8f79bc544acac\windows-amd64

VM Arguments:
jvm_args: --add-modules=ALL-SYSTEM --add-opens=java.base/java.util=ALL-UNNAMED --add-opens=java.base/java.lang=ALL-UNNAMED --add-opens=java.base/sun.nio.fs=ALL-UNNAMED -Declipse.application=org.eclipse.jdt.ls.core.id1 -Dosgi.bundles.defaultStartLevel=4 -Declipse.product=org.eclipse.jdt.ls.core.product -Djava.import.generatesMetadataFilesAtProjectRoot=false -DDetectVMInstallationsJob.disabled=true -Dfile.encoding=utf8 -XX:+UseParallelGC -XX:GCTimeRatio=4 -XX:AdaptiveSizePolicyWeight=90 -Dsun.zip.disableMemoryMapping=true -Xmx2G -Xms100m -Xlog:disable -javaagent:c:\Users\HP\.antigravity\extensions\redhat.java-1.54.0-win32-x64\lombok\lombok-1.18.39-4050.jar -XX:+HeapDumpOnOutOfMemoryError -XX:HeapDumpPath=c:\Users\HP\AppData\Roaming\Antigravity\User\workspaceStorage\4dfc41c91c2c781069e695ab18a74c91\redhat.java -Daether.dependencyCollector.impl=bf 
java_command: c:\Users\HP\.antigravity\extensions\redhat.java-1.54.0-win32-x64\server\plugins\org.eclipse.equinox.launcher_1.7.100.v20251111-0406.jar -configuration c:\Users\HP\AppData\Roaming\Antigravity\User\globalStorage\redhat.java\1.54.0\config_win -data c:\Users\HP\AppData\Roaming\Antigravity\User\workspaceStorage\4dfc41c91c2c781069e695ab18a74c91\redhat.java\jdt_ws --pipe=\\.\pipe\lsp-86c72b8238455c59cc023dd07ef9e021-sock
java_class_path (initial): c:\Users\HP\.antigravity\extensions\redhat.java-1.54.0-win32-x64\server\plugins\org.eclipse.equinox.launcher_1.7.100.v20251111-0406.jar
Launcher Type: SUN_STANDARD

[Global flags]
    uintx AdaptiveSizePolicyWeight                 = 90                                        {product} {command line}
     intx CICompilerCount                          = 4                                         {product} {ergonomic}
    uintx GCTimeRatio                              = 4                                         {product} {command line}
     bool HeapDumpOnOutOfMemoryError               = true                                   {manageable} {command line}
    ccstr HeapDumpPath                             = c:\Users\HP\AppData\Roaming\Antigravity\User\workspaceStorage\4dfc41c91c2c781069e695ab18a74c91\redhat.java         {manageable} {command line}
   size_t InitialHeapSize                          = 104857600                                 {product} {command line}
   size_t MaxHeapSize                              = 2147483648                                {product} {command line}
   size_t MaxNewSize                               = 715653120                                 {product} {ergonomic}
   size_t MinHeapDeltaBytes                        = 524288                                    {product} {ergonomic}
   size_t MinHeapSize                              = 104857600                                 {product} {command line}
   size_t NewSize                                  = 34603008                                  {product} {ergonomic}
    uintx NonNMethodCodeHeapSize                   = 5839372                                {pd product} {ergonomic}
    uintx NonProfiledCodeHeapSize                  = 122909434                              {pd product} {ergonomic}
   size_t OldSize                                  = 70254592                                  {product} {ergonomic}
    uintx ProfiledCodeHeapSize                     = 122909434                              {pd product} {ergonomic}
    uintx ReservedCodeCacheSize                    = 251658240                              {pd product} {ergonomic}
     bool SegmentedCodeCache                       = true                                      {product} {ergonomic}
   size_t SoftMaxHeapSize                          = 2147483648                             {manageable} {ergonomic}
     bool UseCompressedOops                        = true                           {product lp64_product} {ergonomic}
     bool UseLargePagesIndividualAllocation        = false                                  {pd product} {ergonomic}
     bool UseParallelGC                            = true                                      {product} {command line}

Logging:
Log output configuration:
 #0: stdout all=off uptime,level,tags foldmultilines=false
 #1: stderr all=off uptime,level,tags foldmultilines=false

Release file:
JAVA_VERSION="21.0.10" 
MODULES="java.base java.compiler java.datatransfer java.xml java.prefs java.desktop java.instrument java.logging java.management java.security.sasl java.naming java.rmi java.management.rmi java.net.http java.scripting java.security.jgss java.transaction.xa java.sql java.sql.rowset java.xml.crypto java.se java.smartcardio jdk.accessibility jdk.internal.jvmstat jdk.attach jdk.charsets jdk.internal.opt jdk.zipfs jdk.compiler jdk.crypto.ec jdk.crypto.cryptoki jdk.crypto.mscapi jdk.dynalink jdk.internal.ed jdk.editpad jdk.hotspot.agent jdk.httpserver jdk.internal.le jdk.internal.vm.ci jdk.internal.vm.compiler jdk.internal.vm.compiler.management jdk.jartool jdk.javadoc jdk.jcmd jdk.management jdk.management.agent jdk.jconsole jdk.jdeps jdk.jdwp.agent jdk.jdi jdk.jfr jdk.jshell jdk.jsobject jdk.jstatd jdk.localedata jdk.management.jfr jdk.naming.dns jdk.naming.rmi jdk.net jdk.nio.mapmode jdk.random jdk.sctp jdk.security.auth jdk.security.jgss jdk.unsupported jdk.unsupported.desktop jdk.xml.dom" 

Environment Variables:
JAVA_HOME=C:\Program Files\Java\jdk-25
PATH=C:\Program Files\Common Files\Oracle\Java\javapath;C:\Program Files (x86)\Common Files\Oracle\Java\java8path;C:\Program Files (x86)\Common Files\Oracle\Java\javapath;C:\ORC\ORACLEE\bin;C:\app\HP\product\21c\dbhomeXE\bin;E:\oracle21\ORACL\bin;C:\Dossier_Oracle21c\Oracle21c\bin;C:\WINDOWS\system32;C:\WINDOWS;C:\WINDOWS\System32\Wbem;C:\WINDOWS\System32\WindowsPowerShell\v1.0\;C:\WINDOWS\System32\OpenSSH\;C:\appliiiiiii\flutter_windows_3.35.7-stable.zip\flutter\bin;C:\Program Files\Docker\Docker\resources\bin;C:\Program Files\Git\cmd;C:\Program Files\nodejs\;C:\Program Files\Apache\maven\bin;C:\Program Files\MySQL\MySQL Shell 8.0\bin\;C:\Users\HP\AppData\Local\Programs\Python\Python313\Scripts\;C:\Users\HP\AppData\Local\Programs\Python\Python313\;C:\Users\HP\AppData\Local\Programs\Python\Launcher\;C:\Users\HP\AppData\Local\Microsoft\WindowsApps;C:\Users\HP\AppData\Local\Programs\Microsoft VS Code\bin;C:\Users\HP\AppData\Local\Python\bin;C:\Users\HP\AppData\Roaming\npm;C:\Program Files\Java\jdk-25\bin;C:\Maven\apache-maven-3.9.15\bin;D:\Nouveau dossier\Antigravity\bin
USERNAME=HP
OS=Windows_NT
PROCESSOR_IDENTIFIER=Intel64 Family 6 Model 186 Stepping 3, GenuineIntel
TMP=C:\Users\HP\AppData\Local\Temp
TEMP=C:\Users\HP\AppData\Local\Temp




Periodic native trim disabled

---------------  S Y S T E M  ---------------

OS:
 Windows 11 , 64 bit Build 26100 (10.0.26100.8328)
OS uptime: 0 days 0:14 hours
Hyper-V role detected

CPU: total 12 (initial active 12) (6 cores per cpu, 2 threads per core) family 6 model 186 stepping 3 microcode 0x4121, cx8, cmov, fxsr, ht, mmx, 3dnowpref, sse, sse2, sse3, ssse3, sse4.1, sse4.2, popcnt, lzcnt, tsc, tscinvbit, avx, avx2, aes, erms, clmul, bmi1, bmi2, adx, sha, fma, vzeroupper, clflush, clflushopt, clwb, hv, serialize, rdtscp, rdpid, fsrm, f16c, cet_ibt, cet_ss
Processor Information for processor 0
  Max Mhz: 1300, Current Mhz: 1300, Mhz Limit: 1300
Processor Information for processor 1
  Max Mhz: 1300, Current Mhz: 1300, Mhz Limit: 1300
Processor Information for processor 2
  Max Mhz: 1300, Current Mhz: 1300, Mhz Limit: 1300
Processor Information for processor 3
  Max Mhz: 1300, Current Mhz: 1300, Mhz Limit: 1300
Processor Information for processor 4
  Max Mhz: 1300, Current Mhz: 900, Mhz Limit: 897
Processor Information for processor 5
  Max Mhz: 1300, Current Mhz: 900, Mhz Limit: 897
Processor Information for processor 6
  Max Mhz: 1300, Current Mhz: 900, Mhz Limit: 897
Processor Information for processor 7
  Max Mhz: 1300, Current Mhz: 900, Mhz Limit: 897
Processor Information for processor 8
  Max Mhz: 1300, Current Mhz: 900, Mhz Limit: 897
Processor Information for processor 9
  Max Mhz: 1300, Current Mhz: 900, Mhz Limit: 897
Processor Information for processor 10
  Max Mhz: 1300, Current Mhz: 900, Mhz Limit: 897
Processor Information for processor 11
  Max Mhz: 1300, Current Mhz: 900, Mhz Limit: 897

Memory: 4k page, system-wide physical 7835M (594M free)
TotalPageFile size 13835M (AvailPageFile size 2M)
current process WorkingSet (physical memory assigned to process): 333M, peak: 515M
current process commit charge ("private bytes"): 479M, peak: 1693M

vm_info: OpenJDK 64-Bit Server VM (21.0.10+7-LTS) for windows-amd64 JRE (21.0.10+7-LTS), built on 2026-01-20T00:00:00Z by "admin" with MS VC++ 17.12 (VS2022)

END.
