#
# There is insufficient memory for the Java Runtime Environment to continue.
# Native memory allocation (malloc) failed to allocate 358528 bytes. Error detail: Chunk::new
# Possible reasons:
#   The system is out of physical RAM or swap space
#   This process is running with CompressedOops enabled, and the Java Heap may be blocking the growth of the native heap
# Possible solutions:
#   Reduce memory load on the system
#   Increase physical memory or swap space
#   Check if swap backing store is full
#   Decrease Java heap size (-Xmx/-Xms)
#   Decrease number of Java threads
#   Decrease Java thread stack sizes (-Xss)
#   Set larger code cache with -XX:ReservedCodeCacheSize=
#   JVM is running with Unscaled Compressed Oops mode in which the Java heap is
#     placed in the first 4GB address space. The Java Heap base address is the
#     maximum limit for the native heap growth. Please use -XX:HeapBaseMinAddress
#     to set the Java Heap base and to place the Java Heap above 4GB virtual address.
# This output file may be truncated or incomplete.
#
#  Out of Memory Error (arena.cpp:168), pid=4292, tid=1124
#
# JRE version: OpenJDK Runtime Environment Temurin-21.0.10+7 (21.0.10+7) (build 21.0.10+7-LTS)
# Java VM: OpenJDK 64-Bit Server VM Temurin-21.0.10+7 (21.0.10+7-LTS, mixed mode, sharing, tiered, compressed oops, compressed class ptrs, parallel gc, windows-amd64)
# No core dump will be written. Minidumps are not enabled by default on client versions of Windows
#

---------------  S U M M A R Y ------------

Command Line: --add-modules=ALL-SYSTEM --add-opens=java.base/java.util=ALL-UNNAMED --add-opens=java.base/java.lang=ALL-UNNAMED --add-opens=java.base/sun.nio.fs=ALL-UNNAMED -Declipse.application=org.eclipse.jdt.ls.core.id1 -Dosgi.bundles.defaultStartLevel=4 -Declipse.product=org.eclipse.jdt.ls.core.product -Djava.import.generatesMetadataFilesAtProjectRoot=false -DDetectVMInstallationsJob.disabled=true -Dfile.encoding=utf8 -XX:+UseParallelGC -XX:GCTimeRatio=4 -XX:AdaptiveSizePolicyWeight=90 -Dsun.zip.disableMemoryMapping=true -Xmx2G -Xms100m -Xlog:disable -javaagent:c:\Users\HP\.antigravity\extensions\redhat.java-1.54.0-win32-x64\lombok\lombok-1.18.39-4050.jar c:\Users\HP\.antigravity\extensions\redhat.java-1.54.0-win32-x64\server\plugins\org.eclipse.equinox.launcher_1.7.100.v20251111-0406.jar -configuration c:\Users\HP\AppData\Roaming\Antigravity\User\globalStorage\redhat.java\1.54.0\config_ss_win -data c:\Users\HP\AppData\Roaming\Antigravity\User\workspaceStorage\98eb1284933efba20486acdda2b6755c\redhat.java\ss_ws --pipe=\\.\pipe\lsp-a753426371de45889436555c3f31468a-sock

Host: 13th Gen Intel(R) Core(TM) i5-1335U, 12 cores, 7G,  Windows 11 , 64 bit Build 26100 (10.0.26100.8246)
Time: Sun Apr 26 02:30:27 2026 Greenwich elapsed time: 4.750536 seconds (0d 0h 0m 4s)

---------------  T H R E A D  ---------------

Current thread (0x0000023a5d1b5630):  JavaThread "C2 CompilerThread1" daemon [_thread_in_native, id=1124, stack(0x0000007018a00000,0x0000007018b00000) (1024K)]


Current CompileTask:
C2:4750  634       4       lombok.patcher.scripts.MethodLevelPatchScript::patch (21 bytes)

Stack: [0x0000007018a00000,0x0000007018b00000]
Native frames: (J=compiled Java code, j=interpreted, Vv=VM code, C=native code)
V  [jvm.dll+0x6d7a39]
V  [jvm.dll+0x8b4b26]
V  [jvm.dll+0x8b70de]
V  [jvm.dll+0x8b77c3]
V  [jvm.dll+0x284346]
V  [jvm.dll+0xc66ed]
V  [jvm.dll+0xc6c31]
V  [jvm.dll+0x3bec3b]
V  [jvm.dll+0x38b162]
V  [jvm.dll+0x38a5aa]
V  [jvm.dll+0x24c560]
V  [jvm.dll+0x24bb40]
V  [jvm.dll+0x1cb34e]
V  [jvm.dll+0x25b85d]
V  [jvm.dll+0x259dea]
V  [jvm.dll+0x3f857e]
V  [jvm.dll+0x85f59d]
V  [jvm.dll+0x6d626d]
C  [ucrtbase.dll+0x37b0]
C  [KERNEL32.DLL+0x2e8d7]
C  [ntdll.dll+0x8c3fc]


---------------  P R O C E S S  ---------------

Threads class SMR info:
_java_thread_list=0x0000023a5d3385a0, length=12, elements={
0x0000023a42dc9510, 0x0000023a4525e8b0, 0x0000023a453592c0, 0x0000023a4535f2c0,
0x0000023a45361ea0, 0x0000023a45365cd0, 0x0000023a5cfd9fe0, 0x0000023a4536cd30,
0x0000023a5cffcbb0, 0x0000023a5d1b5630, 0x0000023a5d250a20, 0x0000023a5d3390c0
}

Java Threads: ( => current thread )
  0x0000023a42dc9510 JavaThread "main"                              [_thread_blocked, id=11724, stack(0x0000007017e00000,0x0000007017f00000) (1024K)]
  0x0000023a4525e8b0 JavaThread "Reference Handler"          daemon [_thread_blocked, id=1260, stack(0x0000007018200000,0x0000007018300000) (1024K)]
  0x0000023a453592c0 JavaThread "Finalizer"                  daemon [_thread_blocked, id=13616, stack(0x0000007018300000,0x0000007018400000) (1024K)]
  0x0000023a4535f2c0 JavaThread "Signal Dispatcher"          daemon [_thread_blocked, id=13792, stack(0x0000007018400000,0x0000007018500000) (1024K)]
  0x0000023a45361ea0 JavaThread "Attach Listener"            daemon [_thread_blocked, id=16256, stack(0x0000007018500000,0x0000007018600000) (1024K)]
  0x0000023a45365cd0 JavaThread "Service Thread"             daemon [_thread_blocked, id=10384, stack(0x0000007018600000,0x0000007018700000) (1024K)]
  0x0000023a5cfd9fe0 JavaThread "Monitor Deflation Thread"   daemon [_thread_blocked, id=6372, stack(0x0000007018700000,0x0000007018800000) (1024K)]
  0x0000023a4536cd30 JavaThread "C2 CompilerThread0"         daemon [_thread_in_native, id=13820, stack(0x0000007018800000,0x0000007018900000) (1024K)]
  0x0000023a5cffcbb0 JavaThread "C1 CompilerThread0"         daemon [_thread_blocked, id=15544, stack(0x0000007018900000,0x0000007018a00000) (1024K)]
=>0x0000023a5d1b5630 JavaThread "C2 CompilerThread1"         daemon [_thread_in_native, id=1124, stack(0x0000007018a00000,0x0000007018b00000) (1024K)]
  0x0000023a5d250a20 JavaThread "Common-Cleaner"             daemon [_thread_blocked, id=3880, stack(0x0000007018b00000,0x0000007018c00000) (1024K)]
  0x0000023a5d3390c0 JavaThread "Notification Thread"        daemon [_thread_blocked, id=17316, stack(0x0000007018c00000,0x0000007018d00000) (1024K)]
Total: 12

Other Threads:
  0x0000023a42e8e9f0 VMThread "VM Thread"                           [id=16772, stack(0x0000007018100000,0x0000007018200000) (1024K)]
  0x0000023a4513ca00 WatcherThread "VM Periodic Task Thread"        [id=14520, stack(0x0000007018000000,0x0000007018100000) (1024K)]
  0x0000023a452d7990 WorkerThread "GC Thread#0"                     [id=14708, stack(0x0000007017f00000,0x0000007018000000) (1024K)]
Total: 3

Threads with active compile tasks:
C2 CompilerThread0  5808  653       4       lombok.patcher.PatchScript::classMatches (41 bytes)
C2 CompilerThread1  5808  634       4       lombok.patcher.scripts.MethodLevelPatchScript::patch (21 bytes)
Total: 2

VM state: not at safepoint (normal execution)

VM Mutex/Monitor currently owned by a thread: None

Heap address: 0x0000000080000000, size: 2048 MB, Compressed Oops mode: 32-bit

CDS archive(s) mapped at: [0x0000023a00000000-0x0000023a00ba0000-0x0000023a00ba0000), size 12189696, SharedBaseAddress: 0x0000023a00000000, ArchiveRelocationMode: 1.
Compressed class space mapped at: 0x0000023a01000000-0x0000023a41000000, reserved size: 1073741824
Narrow klass base: 0x0000023a00000000, Narrow klass shift: 0, Narrow klass range: 0x100000000

GC Precious Log:
 CardTable entry size: 512
 CPUs: 12 total, 12 available
 Memory: 7835M
 Large Page Support: Disabled
 NUMA Support: Disabled
 Compressed Oops: Enabled (32-bit)
 Alignments: Space 512K, Generation 512K, Heap 2M
 Heap Min Capacity: 100M
 Heap Initial Capacity: 100M
 Heap Max Capacity: 2G
 Pre-touch: Disabled
 Parallel Workers: 10

Heap:
 PSYoungGen      total 29696K, used 13853K [0x00000000d5580000, 0x00000000d7680000, 0x0000000100000000)
  eden space 25600K, 54% used [0x00000000d5580000,0x00000000d63074f0,0x00000000d6e80000)
  from space 4096K, 0% used [0x00000000d7280000,0x00000000d7280000,0x00000000d7680000)
  to   space 4096K, 0% used [0x00000000d6e80000,0x00000000d6e80000,0x00000000d7280000)
 ParOldGen       total 68608K, used 0K [0x0000000080000000, 0x0000000084300000, 0x00000000d5580000)
  object space 68608K, 0% used [0x0000000080000000,0x0000000080000000,0x0000000084300000)
 Metaspace       used 2560K, committed 2816K, reserved 1114112K
  class space    used 264K, committed 384K, reserved 1048576K

Card table byte_map: [0x0000023a44c50000,0x0000023a45060000] _byte_map_base: 0x0000023a44850000

Marking Bits: (ParMarkBitMap*) 0x00007ffe84d93450
 Begin Bits: [0x0000023a57760000, 0x0000023a59760000)
 End Bits:   [0x0000023a59760000, 0x0000023a5b760000)

Polling page: 0x0000023a432f0000

Metaspace:

Usage:
  Non-class:      2.24 MB used.
      Class:    264.24 KB used.
       Both:      2.50 MB used.

Virtual space:
  Non-class space:       64.00 MB reserved,       2.38 MB (  4%) committed,  1 nodes.
      Class space:        1.00 GB reserved,     384.00 KB ( <1%) committed,  1 nodes.
             Both:        1.06 GB reserved,       2.75 MB ( <1%) committed. 

Chunk freelists:
   Non-Class:  11.65 MB
       Class:  15.67 MB
        Both:  27.32 MB

MaxMetaspaceSize: unlimited
CompressedClassSpaceSize: 1.00 GB
Initial GC threshold: 21.00 MB
Current GC threshold: 21.00 MB
CDS: on
 - commit_granule_bytes: 65536.
 - commit_granule_words: 8192.
 - virtual_space_node_default_size: 8388608.
 - enlarge_chunks_in_place: 1.
 - use_allocation_guard: 0.


Internal statistics:

num_allocs_failed_limit: 0.
num_arena_births: 80.
num_arena_deaths: 0.
num_vsnodes_births: 2.
num_vsnodes_deaths: 0.
num_space_committed: 44.
num_space_uncommitted: 0.
num_chunks_returned_to_freelist: 0.
num_chunks_taken_from_freelist: 102.
num_chunk_merges: 0.
num_chunk_splits: 72.
num_chunks_enlarged: 46.
num_inconsistent_stats: 0.

CodeHeap 'non-profiled nmethods': size=120000Kb used=262Kb max_used=262Kb free=119738Kb
 bounds [0x0000023a4ff80000, 0x0000023a501f0000, 0x0000023a574b0000]
CodeHeap 'profiled nmethods': size=120000Kb used=960Kb max_used=960Kb free=119039Kb
 bounds [0x0000023a484b0000, 0x0000023a48720000, 0x0000023a4f9e0000]
CodeHeap 'non-nmethods': size=5760Kb used=1180Kb max_used=1200Kb free=4579Kb
 bounds [0x0000023a4f9e0000, 0x0000023a4fc50000, 0x0000023a4ff80000]
CodeCache: size=245760Kb, used=2402Kb, max_used=2422Kb, free=243356Kb
 total_blobs=1097, nmethods=660, adapters=344, full_count=0
Compilation: enabled, stopped_count=0, restarted_count=0

Compilation events (20 events):
Event: 2.698 Thread 0x0000023a5cffcbb0 nmethod 632 0x0000023a4858fb10 code [0x0000023a4858fd20, 0x0000023a48590290]
Event: 2.702 Thread 0x0000023a4536cd30  633       4       java.util.Collections$UnmodifiableCollection::iterator (9 bytes)
Event: 2.705 Thread 0x0000023a5cffcbb0  635       3       java.math.BigInteger::destructiveMulAdd (150 bytes)
Event: 2.706 Thread 0x0000023a5cffcbb0 nmethod 635 0x0000023a48590490 code [0x0000023a48590640, 0x0000023a48590970]
Event: 2.709 Thread 0x0000023a5cffcbb0  643       3       java.math.BigInteger::<init> (404 bytes)
Event: 2.714 Thread 0x0000023a5d1b5630 nmethod 630 0x0000023a4ffbdc10 code [0x0000023a4ffbde00, 0x0000023a4ffbe3f0]
Event: 2.714 Thread 0x0000023a5d1b5630  645       4       java.math.BigInteger::destructiveMulAdd (150 bytes)
Event: 2.715 Thread 0x0000023a4536cd30 nmethod 633 0x0000023a4ffbe790 code [0x0000023a4ffbe9a0, 0x0000023a4ffbf0b8]
Event: 2.715 Thread 0x0000023a4536cd30  644       4       java.lang.StringLatin1::lastIndexOf (40 bytes)
Event: 2.717 Thread 0x0000023a4536cd30 nmethod 644 0x0000023a4ffbf590 code [0x0000023a4ffbf720, 0x0000023a4ffbf8d0]
Event: 2.717 Thread 0x0000023a4536cd30  637       4       java.lang.CharacterData::of (136 bytes)
Event: 2.718 Thread 0x0000023a5d1b5630 nmethod 645 0x0000023a4ffbfa10 code [0x0000023a4ffbfba0, 0x0000023a4ffbfe80]
Event: 2.718 Thread 0x0000023a4536cd30 nmethod 637 0x0000023a4ffc0010 code [0x0000023a4ffc01a0, 0x0000023a4ffc0238]
Event: 2.718 Thread 0x0000023a5d1b5630  638       4       java.lang.CharacterDataLatin1::digit (32 bytes)
Event: 2.718 Thread 0x0000023a4536cd30  641       4       java.lang.Character::digit (6 bytes)
Event: 2.719 Thread 0x0000023a5d1b5630 nmethod 638 0x0000023a4ffc0310 code [0x0000023a4ffc04a0, 0x0000023a4ffc05c0]
Event: 2.719 Thread 0x0000023a5d1b5630  634       4       lombok.patcher.scripts.MethodLevelPatchScript::patch (21 bytes)
Event: 2.719 Thread 0x0000023a4536cd30 nmethod 641 0x0000023a4ffc0710 code [0x0000023a4ffc08a0, 0x0000023a4ffc09c8]
Event: 2.719 Thread 0x0000023a4536cd30  640       4       java.util.Arrays::checkLength (38 bytes)
Event: 2.719 Thread 0x0000023a4536cd30 nmethod 640 0x0000023a4ffc0b10 code [0x0000023a4ffc0ca0, 0x0000023a4ffc0d28]

GC Heap History (0 events):
No events

Dll operation events (8 events):
Event: 0.022 Loaded shared library c:\Users\HP\.antigravity\extensions\redhat.java-1.54.0-win32-x64\jre\21.0.10-win32-x86_64\bin\java.dll
Event: 0.127 Loaded shared library c:\Users\HP\.antigravity\extensions\redhat.java-1.54.0-win32-x64\jre\21.0.10-win32-x86_64\bin\zip.dll
Event: 0.158 Loaded shared library C:\Users\HP\.antigravity\extensions\redhat.java-1.54.0-win32-x64\jre\21.0.10-win32-x86_64\bin\instrument.dll
Event: 0.168 Loaded shared library C:\Users\HP\.antigravity\extensions\redhat.java-1.54.0-win32-x64\jre\21.0.10-win32-x86_64\bin\net.dll
Event: 0.174 Loaded shared library C:\Users\HP\.antigravity\extensions\redhat.java-1.54.0-win32-x64\jre\21.0.10-win32-x86_64\bin\nio.dll
Event: 0.180 Loaded shared library C:\Users\HP\.antigravity\extensions\redhat.java-1.54.0-win32-x64\jre\21.0.10-win32-x86_64\bin\zip.dll
Event: 0.209 Loaded shared library C:\Users\HP\.antigravity\extensions\redhat.java-1.54.0-win32-x64\jre\21.0.10-win32-x86_64\bin\jimage.dll
Event: 0.347 Loaded shared library c:\Users\HP\.antigravity\extensions\redhat.java-1.54.0-win32-x64\jre\21.0.10-win32-x86_64\bin\verify.dll

Deoptimization events (20 events):
Event: 1.632 Thread 0x0000023a42dc9510 Uncommon trap: trap_request=0xffffffde fr.pc=0x0000023a4ffb844c relative=0x000000000000012c
Event: 1.632 Thread 0x0000023a42dc9510 Uncommon trap: reason=class_check action=maybe_recompile pc=0x0000023a4ffb844c method=jdk.internal.misc.Unsafe.allocateUninitializedArray(Ljava/lang/Class;I)Ljava/lang/Object; @ 51 c2
Event: 1.632 Thread 0x0000023a42dc9510 DEOPT PACKING pc=0x0000023a4ffb844c sp=0x0000007017efc060
Event: 1.632 Thread 0x0000023a42dc9510 DEOPT UNPACKING pc=0x0000023a4fa33aa2 sp=0x0000007017efbfd8 mode 2
Event: 1.632 Thread 0x0000023a42dc9510 Uncommon trap: trap_request=0xffffffde fr.pc=0x0000023a4ffb844c relative=0x000000000000012c
Event: 1.632 Thread 0x0000023a42dc9510 Uncommon trap: reason=class_check action=maybe_recompile pc=0x0000023a4ffb844c method=jdk.internal.misc.Unsafe.allocateUninitializedArray(Ljava/lang/Class;I)Ljava/lang/Object; @ 51 c2
Event: 1.632 Thread 0x0000023a42dc9510 DEOPT PACKING pc=0x0000023a4ffb844c sp=0x0000007017efc060
Event: 1.632 Thread 0x0000023a42dc9510 DEOPT UNPACKING pc=0x0000023a4fa33aa2 sp=0x0000007017efbfd8 mode 2
Event: 1.632 Thread 0x0000023a42dc9510 Uncommon trap: trap_request=0xffffffde fr.pc=0x0000023a4ffb844c relative=0x000000000000012c
Event: 1.632 Thread 0x0000023a42dc9510 Uncommon trap: reason=class_check action=maybe_recompile pc=0x0000023a4ffb844c method=jdk.internal.misc.Unsafe.allocateUninitializedArray(Ljava/lang/Class;I)Ljava/lang/Object; @ 51 c2
Event: 1.632 Thread 0x0000023a42dc9510 DEOPT PACKING pc=0x0000023a4ffb844c sp=0x0000007017efc0a0
Event: 1.632 Thread 0x0000023a42dc9510 DEOPT UNPACKING pc=0x0000023a4fa33aa2 sp=0x0000007017efc018 mode 2
Event: 1.645 Thread 0x0000023a42dc9510 Uncommon trap: trap_request=0xffffff45 fr.pc=0x0000023a4ffb48ec relative=0x000000000000014c
Event: 1.645 Thread 0x0000023a42dc9510 Uncommon trap: reason=unstable_if action=reinterpret pc=0x0000023a4ffb48ec method=jdk.internal.util.ArraysSupport.vectorizedHashCode(Ljava/lang/Object;IIII)I @ 2 c2
Event: 1.645 Thread 0x0000023a42dc9510 DEOPT PACKING pc=0x0000023a4ffb48ec sp=0x0000007017efcac0
Event: 1.645 Thread 0x0000023a42dc9510 DEOPT UNPACKING pc=0x0000023a4fa33aa2 sp=0x0000007017efca70 mode 2
Event: 2.690 Thread 0x0000023a42dc9510 Uncommon trap: trap_request=0xffffff45 fr.pc=0x0000023a4ffa0f74 relative=0x00000000000000d4
Event: 2.690 Thread 0x0000023a42dc9510 Uncommon trap: reason=unstable_if action=reinterpret pc=0x0000023a4ffa0f74 method=java.net.URI.match(CJJ)Z @ 45 c2
Event: 2.690 Thread 0x0000023a42dc9510 DEOPT PACKING pc=0x0000023a4ffa0f74 sp=0x0000007017efcc40
Event: 2.690 Thread 0x0000023a42dc9510 DEOPT UNPACKING pc=0x0000023a4fa33aa2 sp=0x0000007017efcba8 mode 2

Classes loaded (20 events):
Event: 2.702 Loading class sun/security/util/DisabledAlgorithmConstraints$Constraints done
Event: 2.703 Loading class sun/security/util/CurveDB
Event: 2.703 Loading class sun/security/util/CurveDB done
Event: 2.703 Loading class java/security/spec/ECFieldFp
Event: 2.703 Loading class java/security/spec/ECField
Event: 2.703 Loading class java/security/spec/ECField done
Event: 2.703 Loading class java/security/spec/ECFieldFp done
Event: 2.703 Loading class java/security/spec/EllipticCurve
Event: 2.703 Loading class java/security/spec/EllipticCurve done
Event: 2.703 Loading class java/security/spec/ECPoint
Event: 2.703 Loading class java/security/spec/ECPoint done
Event: 2.703 Loading class sun/security/util/NamedCurve
Event: 2.703 Loading class java/security/spec/ECParameterSpec
Event: 2.703 Loading class java/security/spec/ECParameterSpec done
Event: 2.703 Loading class sun/security/util/NamedCurve done
Event: 2.705 Loading class java/security/spec/ECFieldF2m
Event: 2.706 Loading class java/security/spec/ECFieldF2m done
Event: 2.708 Loading class java/util/LinkedHashMap$LinkedValues
Event: 3.718 Loading class java/util/LinkedHashMap$LinkedValues done
Event: 3.733 Loading class java/util/StringTokenizer

Classes unloaded (0 events):
No events

Classes redefined (0 events):
No events

Internal exceptions (12 events):
Event: 0.121 Thread 0x0000023a42dc9510 Exception <a 'java/lang/NoSuchMethodError'{0x00000000d57a9240}: 'void java.lang.invoke.DirectMethodHandle$Holder.invokeStatic(java.lang.Object, java.lang.Object, java.lang.Object)'> (0x00000000d57a9240) 
thrown [s\src\hotspot\share\interpreter\linkResolver.cpp, line 773]
Event: 0.198 Thread 0x0000023a42dc9510 Exception <a 'java/lang/NoSuchMethodError'{0x00000000d5911dc0}: 'java.lang.Object java.lang.invoke.Invokers$Holder.invokeExact_MT(java.lang.Object, java.lang.Object, java.lang.Object, java.lang.Object, java.lang.Object)'> (0x00000000d5911dc0) 
thrown [s\src\hotspot\share\interpreter\linkResolver.cpp, line 773]
Event: 0.260 Thread 0x0000023a42dc9510 Exception <a 'java/lang/NoSuchMethodError'{0x00000000d59ca300}: 'int java.lang.invoke.DirectMethodHandle$Holder.invokeSpecial(java.lang.Object, java.lang.Object, java.lang.Object, int)'> (0x00000000d59ca300) 
thrown [s\src\hotspot\share\interpreter\linkResolver.cpp, line 773]
Event: 0.263 Thread 0x0000023a42dc9510 Exception <a 'java/lang/NoSuchMethodError'{0x00000000d59dcce8}: 'java.lang.Object java.lang.invoke.DirectMethodHandle$Holder.invokeStatic(java.lang.Object, java.lang.Object, java.lang.Object, java.lang.Object, int)'> (0x00000000d59dcce8) 
thrown [s\src\hotspot\share\interpreter\linkResolver.cpp, line 773]
Event: 0.268 Thread 0x0000023a42dc9510 Exception <a 'java/lang/NoSuchMethodError'{0x00000000d59e8128}: 'void java.lang.invoke.DelegatingMethodHandle$Holder.reinvoke_L(java.lang.Object, java.lang.Object, java.lang.Object, int, java.lang.Object)'> (0x00000000d59e8128) 
thrown [s\src\hotspot\share\interpreter\linkResolver.cpp, line 773]
Event: 0.272 Thread 0x0000023a42dc9510 Exception <a 'java/lang/NoSuchMethodError'{0x00000000d59f8a78}: 'int java.lang.invoke.DirectMethodHandle$Holder.invokeSpecial(java.lang.Object, java.lang.Object, java.lang.Object)'> (0x00000000d59f8a78) 
thrown [s\src\hotspot\share\interpreter\linkResolver.cpp, line 773]
Event: 0.273 Thread 0x0000023a42dc9510 Exception <a 'java/lang/NoSuchMethodError'{0x00000000d5a04738}: 'java.lang.Object java.lang.invoke.DirectMethodHandle$Holder.invokeStatic(java.lang.Object, java.lang.Object, int)'> (0x00000000d5a04738) 
thrown [s\src\hotspot\share\interpreter\linkResolver.cpp, line 773]
Event: 0.274 Thread 0x0000023a42dc9510 Exception <a 'java/lang/NoSuchMethodError'{0x00000000d5a09088}: 'void java.lang.invoke.DirectMethodHandle$Holder.invokeStatic(java.lang.Object, java.lang.Object, int, java.lang.Object)'> (0x00000000d5a09088) 
thrown [s\src\hotspot\share\interpreter\linkResolver.cpp, line 773]
Event: 0.275 Thread 0x0000023a42dc9510 Exception <a 'java/lang/NoSuchMethodError'{0x00000000d5a0cc18}: 'void java.lang.invoke.DirectMethodHandle$Holder.invokeSpecial(java.lang.Object, java.lang.Object, java.lang.Object, int, java.lang.Object)'> (0x00000000d5a0cc18) 
thrown [s\src\hotspot\share\interpreter\linkResolver.cpp, line 773]
Event: 0.276 Thread 0x0000023a42dc9510 Exception <a 'java/lang/NoSuchMethodError'{0x00000000d5a10088}: 'void java.lang.invoke.DelegatingMethodHandle$Holder.delegate(java.lang.Object, java.lang.Object, int, java.lang.Object)'> (0x00000000d5a10088) 
thrown [s\src\hotspot\share\interpreter\linkResolver.cpp, line 773]
Event: 0.406 Thread 0x0000023a42dc9510 Exception <a 'java/lang/NoSuchMethodError'{0x00000000d5bcf468}: 'void java.lang.invoke.DelegatingMethodHandle$Holder.reinvoke_L(java.lang.Object, java.lang.Object, java.lang.Object, int)'> (0x00000000d5bcf468) 
thrown [s\src\hotspot\share\interpreter\linkResolver.cpp, line 773]
Event: 1.635 Thread 0x0000023a42dc9510 Exception <a 'java/lang/NoSuchMethodError'{0x00000000d605afa0}: 'void java.lang.invoke.DirectMethodHandle$Holder.invokeVirtual(java.lang.Object, java.lang.Object)'> (0x00000000d605afa0) 
thrown [s\src\hotspot\share\interpreter\linkResolver.cpp, line 773]

ZGC Phase Switch (0 events):
No events

VM Operations (10 events):
Event: 0.125 Executing non-safepoint VM operation: HandshakeAllThreads (Deoptimize)
Event: 0.125 Executing non-safepoint VM operation: HandshakeAllThreads (Deoptimize) done
Event: 0.225 Executing non-safepoint VM operation: HandshakeAllThreads (Deoptimize)
Event: 0.225 Executing non-safepoint VM operation: HandshakeAllThreads (Deoptimize) done
Event: 1.229 Executing safepoint VM operation: Cleanup
Event: 1.230 Executing safepoint VM operation: Cleanup done
Event: 2.233 Executing safepoint VM operation: Cleanup
Event: 2.685 Executing safepoint VM operation: Cleanup done
Event: 3.701 Executing safepoint VM operation: Cleanup
Event: 3.733 Executing safepoint VM operation: Cleanup done

Memory protections (0 events):
No events

Nmethod flushes (0 events):
No events

Events (13 events):
Event: 0.050 Thread 0x0000023a42dc9510 Thread added: 0x0000023a42dc9510
Event: 0.076 Thread 0x0000023a42dc9510 Thread added: 0x0000023a4525e8b0
Event: 0.077 Thread 0x0000023a42dc9510 Thread added: 0x0000023a453592c0
Event: 0.079 Thread 0x0000023a42dc9510 Thread added: 0x0000023a4535f2c0
Event: 0.079 Thread 0x0000023a42dc9510 Thread added: 0x0000023a45361ea0
Event: 0.079 Thread 0x0000023a42dc9510 Thread added: 0x0000023a45365cd0
Event: 0.079 Thread 0x0000023a42dc9510 Thread added: 0x0000023a5cfd9fe0
Event: 0.080 Thread 0x0000023a42dc9510 Thread added: 0x0000023a4536cd30
Event: 0.080 Thread 0x0000023a42dc9510 Thread added: 0x0000023a5cffcbb0
Event: 0.141 Thread 0x0000023a5cffcbb0 Thread added: 0x0000023a5d1b5630
Event: 0.162 Thread 0x0000023a42dc9510 Thread added: 0x0000023a5d250a20
Event: 1.524 Thread 0x0000023a42dc9510 Thread added: 0x0000023a5d3390c0
Event: 2.709 Thread 0x0000023a5cffcbb0 Thread added: 0x0000023a6222bf10


Dynamic libraries:
0x00007ff6b8080000 - 0x00007ff6b808e000 	c:\Users\HP\.antigravity\extensions\redhat.java-1.54.0-win32-x64\jre\21.0.10-win32-x86_64\bin\java.exe
0x00007fff3c2a0000 - 0x00007fff3c507000 	C:\WINDOWS\SYSTEM32\ntdll.dll
0x00007fff00bb0000 - 0x00007fff00bd1000 	C:\Program Files\Avast Software\Avast\aswhook.dll
0x00007fff3adb0000 - 0x00007fff3ae79000 	C:\WINDOWS\System32\KERNEL32.DLL
0x00007fff397d0000 - 0x00007fff39bc4000 	C:\WINDOWS\System32\KERNELBASE.dll
0x00007fff39d40000 - 0x00007fff39e8b000 	C:\WINDOWS\System32\ucrtbase.dll
0x00007ffee98a0000 - 0x00007ffee98be000 	c:\Users\HP\.antigravity\extensions\redhat.java-1.54.0-win32-x64\jre\21.0.10-win32-x86_64\bin\VCRUNTIME140.dll
0x00007ffee6be0000 - 0x00007ffee6bf8000 	c:\Users\HP\.antigravity\extensions\redhat.java-1.54.0-win32-x64\jre\21.0.10-win32-x86_64\bin\jli.dll
0x00007fff3a6a0000 - 0x00007fff3a865000 	C:\WINDOWS\System32\USER32.dll
0x00007fff0af80000 - 0x00007fff0b213000 	C:\WINDOWS\WinSxS\amd64_microsoft.windows.common-controls_6595b64144ccf1df_6.0.26100.8115_none_3e075c82e3354f9c\COMCTL32.dll
0x00007fff38c80000 - 0x00007fff38ca7000 	C:\WINDOWS\System32\win32u.dll
0x00007fff3b030000 - 0x00007fff3b0d9000 	C:\WINDOWS\System32\msvcrt.dll
0x00007fff3a870000 - 0x00007fff3a89b000 	C:\WINDOWS\System32\GDI32.dll
0x00007fff39520000 - 0x00007fff3964b000 	C:\WINDOWS\System32\gdi32full.dll
0x00007fff39bd0000 - 0x00007fff39c73000 	C:\WINDOWS\System32\msvcp_win.dll
0x00007fff3ae80000 - 0x00007fff3aeb2000 	C:\WINDOWS\System32\IMM32.DLL
0x00007fff35b60000 - 0x00007fff35b6c000 	c:\Users\HP\.antigravity\extensions\redhat.java-1.54.0-win32-x64\jre\21.0.10-win32-x86_64\bin\vcruntime140_1.dll
0x00007ffea9b20000 - 0x00007ffea9bad000 	c:\Users\HP\.antigravity\extensions\redhat.java-1.54.0-win32-x64\jre\21.0.10-win32-x86_64\bin\msvcp140.dll
0x00007ffe840d0000 - 0x00007ffe84e71000 	c:\Users\HP\.antigravity\extensions\redhat.java-1.54.0-win32-x64\jre\21.0.10-win32-x86_64\bin\server\jvm.dll
0x00007fff3a5e0000 - 0x00007fff3a696000 	C:\WINDOWS\System32\ADVAPI32.dll
0x00007fff3a8a0000 - 0x00007fff3a947000 	C:\WINDOWS\System32\sechost.dll
0x00007fff3c110000 - 0x00007fff3c228000 	C:\WINDOWS\System32\RPCRT4.dll
0x00007fff3a000000 - 0x00007fff3a080000 	C:\WINDOWS\System32\WS2_32.dll
0x00007fff389c0000 - 0x00007fff38a1e000 	C:\WINDOWS\SYSTEM32\POWRPROF.dll
0x00007fff30a60000 - 0x00007fff30a96000 	C:\WINDOWS\SYSTEM32\WINMM.dll
0x00007fff305b0000 - 0x00007fff305bb000 	C:\WINDOWS\SYSTEM32\VERSION.dll
0x00007fff389a0000 - 0x00007fff389b4000 	C:\WINDOWS\SYSTEM32\UMPDC.dll
0x00007fff378d0000 - 0x00007fff378eb000 	C:\WINDOWS\SYSTEM32\kernel.appcore.dll
0x00007fff33b10000 - 0x00007fff33b1a000 	c:\Users\HP\.antigravity\extensions\redhat.java-1.54.0-win32-x64\jre\21.0.10-win32-x86_64\bin\jimage.dll
0x00007fff36900000 - 0x00007fff36b42000 	C:\WINDOWS\SYSTEM32\DBGHELP.DLL
0x00007fff3bbe0000 - 0x00007fff3bf62000 	C:\WINDOWS\System32\combase.dll
0x00007fff3aa10000 - 0x00007fff3aae8000 	C:\WINDOWS\System32\OLEAUT32.dll
0x00007fff240f0000 - 0x00007fff2412b000 	C:\WINDOWS\SYSTEM32\dbgcore.DLL
0x00007fff38b40000 - 0x00007fff38be5000 	C:\WINDOWS\System32\bcryptPrimitives.dll
0x00007fff17300000 - 0x00007fff1730f000 	c:\Users\HP\.antigravity\extensions\redhat.java-1.54.0-win32-x64\jre\21.0.10-win32-x86_64\bin\instrument.dll
0x00007ffee33a0000 - 0x00007ffee33c0000 	c:\Users\HP\.antigravity\extensions\redhat.java-1.54.0-win32-x64\jre\21.0.10-win32-x86_64\bin\java.dll
0x00007fff3b280000 - 0x00007fff3b9e7000 	C:\WINDOWS\System32\SHELL32.dll
0x00007fff39e90000 - 0x00007fff39ffa000 	C:\WINDOWS\System32\wintypes.dll
0x00007fff38cb0000 - 0x00007fff39518000 	C:\WINDOWS\System32\windows.storage.dll
0x00007fff3aec0000 - 0x00007fff3afb8000 	C:\WINDOWS\System32\SHCORE.dll
0x00007fff3aaf0000 - 0x00007fff3ab56000 	C:\WINDOWS\System32\shlwapi.dll
0x00007fff38a60000 - 0x00007fff38a89000 	C:\WINDOWS\SYSTEM32\profapi.dll
0x00007fff00950000 - 0x00007fff00968000 	c:\Users\HP\.antigravity\extensions\redhat.java-1.54.0-win32-x64\jre\21.0.10-win32-x86_64\bin\zip.dll
0x00007fff172e0000 - 0x00007fff172f0000 	C:\Users\HP\.antigravity\extensions\redhat.java-1.54.0-win32-x64\jre\21.0.10-win32-x86_64\bin\net.dll
0x00007fff306a0000 - 0x00007fff307cd000 	C:\WINDOWS\SYSTEM32\WINHTTP.dll
0x00007fff37e40000 - 0x00007fff37eac000 	C:\WINDOWS\system32\mswsock.dll
0x00007ffee49a0000 - 0x00007ffee49b6000 	C:\Users\HP\.antigravity\extensions\redhat.java-1.54.0-win32-x64\jre\21.0.10-win32-x86_64\bin\nio.dll
0x00007fff15180000 - 0x00007fff15190000 	c:\Users\HP\.antigravity\extensions\redhat.java-1.54.0-win32-x64\jre\21.0.10-win32-x86_64\bin\verify.dll

JVMTI agents:
c:\Users\HP\.antigravity\extensions\redhat.java-1.54.0-win32-x64\lombok\lombok-1.18.39-4050.jar path:c:\Users\HP\.antigravity\extensions\redhat.java-1.54.0-win32-x64\jre\21.0.10-win32-x86_64\bin\instrument.dll, loaded, initialized, instrumentlib options:none

dbghelp: loaded successfully - version: 4.0.5 - missing functions: none
symbol engine: initialized successfully - sym options: 0x614 - pdb path: .;c:\Users\HP\.antigravity\extensions\redhat.java-1.54.0-win32-x64\jre\21.0.10-win32-x86_64\bin;C:\WINDOWS\SYSTEM32;C:\Program Files\Avast Software\Avast;C:\WINDOWS\WinSxS\amd64_microsoft.windows.common-controls_6595b64144ccf1df_6.0.26100.8115_none_3e075c82e3354f9c;c:\Users\HP\.antigravity\extensions\redhat.java-1.54.0-win32-x64\jre\21.0.10-win32-x86_64\bin\server

VM Arguments:
jvm_args: --add-modules=ALL-SYSTEM --add-opens=java.base/java.util=ALL-UNNAMED --add-opens=java.base/java.lang=ALL-UNNAMED --add-opens=java.base/sun.nio.fs=ALL-UNNAMED -Declipse.application=org.eclipse.jdt.ls.core.id1 -Dosgi.bundles.defaultStartLevel=4 -Declipse.product=org.eclipse.jdt.ls.core.product -Djava.import.generatesMetadataFilesAtProjectRoot=false -DDetectVMInstallationsJob.disabled=true -Dfile.encoding=utf8 -XX:+UseParallelGC -XX:GCTimeRatio=4 -XX:AdaptiveSizePolicyWeight=90 -Dsun.zip.disableMemoryMapping=true -Xmx2G -Xms100m -Xlog:disable -javaagent:c:\Users\HP\.antigravity\extensions\redhat.java-1.54.0-win32-x64\lombok\lombok-1.18.39-4050.jar 
java_command: c:\Users\HP\.antigravity\extensions\redhat.java-1.54.0-win32-x64\server\plugins\org.eclipse.equinox.launcher_1.7.100.v20251111-0406.jar -configuration c:\Users\HP\AppData\Roaming\Antigravity\User\globalStorage\redhat.java\1.54.0\config_ss_win -data c:\Users\HP\AppData\Roaming\Antigravity\User\workspaceStorage\98eb1284933efba20486acdda2b6755c\redhat.java\ss_ws --pipe=\\.\pipe\lsp-a753426371de45889436555c3f31468a-sock
java_class_path (initial): c:\Users\HP\.antigravity\extensions\redhat.java-1.54.0-win32-x64\server\plugins\org.eclipse.equinox.launcher_1.7.100.v20251111-0406.jar
Launcher Type: SUN_STANDARD

[Global flags]
    uintx AdaptiveSizePolicyWeight                 = 90                                        {product} {command line}
     intx CICompilerCount                          = 4                                         {product} {ergonomic}
    uintx GCTimeRatio                              = 4                                         {product} {command line}
   size_t InitialHeapSize                          = 104857600                                 {product} {command line}
   size_t MaxHeapSize                              = 2147483648                                {product} {command line}
   size_t MaxNewSize                               = 715653120                                 {product} {ergonomic}
   size_t MinHeapDeltaBytes                        = 524288                                    {product} {ergonomic}
   size_t MinHeapSize                              = 104857600                                 {product} {command line}
   size_t NewSize                                  = 34603008                                  {product} {ergonomic}
    uintx NonNMethodCodeHeapSize                   = 5839372                                {pd product} {ergonomic}
    uintx NonProfiledCodeHeapSize                  = 122909434                              {pd product} {ergonomic}
   size_t OldSize                                  = 70254592                                  {product} {ergonomic}
    uintx ProfiledCodeHeapSize                     = 122909434                              {pd product} {ergonomic}
    uintx ReservedCodeCacheSize                    = 251658240                              {pd product} {ergonomic}
     bool SegmentedCodeCache                       = true                                      {product} {ergonomic}
   size_t SoftMaxHeapSize                          = 2147483648                             {manageable} {ergonomic}
     bool UseCompressedOops                        = true                           {product lp64_product} {ergonomic}
     bool UseLargePagesIndividualAllocation        = false                                  {pd product} {ergonomic}
     bool UseParallelGC                            = true                                      {product} {command line}

Logging:
Log output configuration:
 #0: stdout all=off uptime,level,tags foldmultilines=false
 #1: stderr all=off uptime,level,tags foldmultilines=false

Release file:
JAVA_VERSION="21.0.10" 
MODULES="java.base java.compiler java.datatransfer java.xml java.prefs java.desktop java.instrument java.logging java.management java.security.sasl java.naming java.rmi java.management.rmi java.net.http java.scripting java.security.jgss java.transaction.xa java.sql java.sql.rowset java.xml.crypto java.se java.smartcardio jdk.accessibility jdk.internal.jvmstat jdk.attach jdk.charsets jdk.internal.opt jdk.zipfs jdk.compiler jdk.crypto.ec jdk.crypto.cryptoki jdk.crypto.mscapi jdk.dynalink jdk.internal.ed jdk.editpad jdk.hotspot.agent jdk.httpserver jdk.internal.le jdk.internal.vm.ci jdk.internal.vm.compiler jdk.internal.vm.compiler.management jdk.jartool jdk.javadoc jdk.jcmd jdk.management jdk.management.agent jdk.jconsole jdk.jdeps jdk.jdwp.agent jdk.jdi jdk.jfr jdk.jshell jdk.jsobject jdk.jstatd jdk.localedata jdk.management.jfr jdk.naming.dns jdk.naming.rmi jdk.net jdk.nio.mapmode jdk.random jdk.sctp jdk.security.auth jdk.security.jgss jdk.unsupported jdk.unsupported.desktop jdk.xml.dom" 

Environment Variables:
PATH=C:\Program Files\Common Files\Oracle\Java\javapath;C:\Program Files (x86)\Common Files\Oracle\Java\java8path;C:\Program Files (x86)\Common Files\Oracle\Java\javapath;C:\ORC\ORACLEE\bin;C:\app\HP\product\21c\dbhomeXE\bin;E:\oracle21\ORACL\bin;C:\Dossier_Oracle21c\Oracle21c\bin;C:\WINDOWS\system32;C:\WINDOWS;C:\WINDOWS\System32\Wbem;C:\WINDOWS\System32\WindowsPowerShell\v1.0\;C:\WINDOWS\System32\OpenSSH\;c:\Program Files (x86)\Microsoft SQL Server\100\Tools\Binn\;c:\Program Files\Microsoft SQL Server\100\Tools\Binn\;c:\Program Files\Microsoft SQL Server\100\DTS\Binn\;C:\appliiiiiii\flutter_windows_3.35.7-stable.zip\flutter\bin;C:\Program Files\Docker\Docker\resources\bin;C:\Program Files\Git\cmd;C:\Program Files\nodejs\;C:\Program Files\Apache\maven\bin;C:\Users\HP\AppData\Local\Programs\Python\Python313\Scripts\;C:\Users\HP\AppData\Local\Programs\Python\Python313\;C:\Users\HP\AppData\Local\Programs\Python\Launcher\;C:\Users\HP\AppData\Local\Microsoft\WindowsApps;C:\Users\HP\AppData\Local\Programs\Microsoft VS Code\bin;C:\Users\HP\AppData\Local\Python\bin;C:\Users\HP\AppData\Roaming\npm;C:\Users\HP\AppData\Local\Programs\Antigravity\bin
USERNAME=HP
OS=Windows_NT
PROCESSOR_IDENTIFIER=Intel64 Family 6 Model 186 Stepping 3, GenuineIntel
TMP=C:\Users\HP\AppData\Local\Temp
TEMP=C:\Users\HP\AppData\Local\Temp




Periodic native trim disabled

---------------  S Y S T E M  ---------------

OS:
 Windows 11 , 64 bit Build 26100 (10.0.26100.8246)
OS uptime: 0 days 2:40 hours
Hyper-V role detected

CPU: total 12 (initial active 12) (6 cores per cpu, 2 threads per core) family 6 model 186 stepping 3 microcode 0x4121, cx8, cmov, fxsr, ht, mmx, 3dnowpref, sse, sse2, sse3, ssse3, sse4.1, sse4.2, popcnt, lzcnt, tsc, tscinvbit, avx, avx2, aes, erms, clmul, bmi1, bmi2, adx, sha, fma, vzeroupper, clflush, clflushopt, clwb, hv, serialize, rdtscp, rdpid, fsrm, f16c, cet_ibt, cet_ss
Processor Information for processor 0
  Max Mhz: 1300, Current Mhz: 1300, Mhz Limit: 1300
Processor Information for processor 1
  Max Mhz: 1300, Current Mhz: 1300, Mhz Limit: 1300
Processor Information for processor 2
  Max Mhz: 1300, Current Mhz: 1300, Mhz Limit: 1300
Processor Information for processor 3
  Max Mhz: 1300, Current Mhz: 1300, Mhz Limit: 1300
Processor Information for processor 4
  Max Mhz: 1300, Current Mhz: 900, Mhz Limit: 897
Processor Information for processor 5
  Max Mhz: 1300, Current Mhz: 900, Mhz Limit: 897
Processor Information for processor 6
  Max Mhz: 1300, Current Mhz: 900, Mhz Limit: 897
Processor Information for processor 7
  Max Mhz: 1300, Current Mhz: 900, Mhz Limit: 897
Processor Information for processor 8
  Max Mhz: 1300, Current Mhz: 900, Mhz Limit: 897
Processor Information for processor 9
  Max Mhz: 1300, Current Mhz: 900, Mhz Limit: 897
Processor Information for processor 10
  Max Mhz: 1300, Current Mhz: 900, Mhz Limit: 897
Processor Information for processor 11
  Max Mhz: 1300, Current Mhz: 900, Mhz Limit: 897

Memory: 4k page, system-wide physical 7835M (679M free)
TotalPageFile size 11931M (AvailPageFile size 197M)
current process WorkingSet (physical memory assigned to process): 61M, peak: 61M
current process commit charge ("private bytes"): 237M, peak: 238M

vm_info: OpenJDK 64-Bit Server VM (21.0.10+7-LTS) for windows-amd64 JRE (21.0.10+7-LTS), built on 2026-01-20T00:00:00Z by "admin" with MS VC++ 17.12 (VS2022)

END.
