#
# There is insufficient memory for the Java Runtime Environment to continue.
# Native memory allocation (mmap) failed to map 104857600 bytes. Error detail: G1 virtual space
# Possible reasons:
#   The system is out of physical RAM or swap space
#   This process is running with CompressedOops enabled, and the Java Heap may be blocking the growth of the native heap
# Possible solutions:
#   Reduce memory load on the system
#   Increase physical memory or swap space
#   Check if swap backing store is full
#   Decrease Java heap size (-Xmx/-Xms)
#   Decrease number of Java threads
#   Decrease Java thread stack sizes (-Xss)
#   Set larger code cache with -XX:ReservedCodeCacheSize=
#   JVM is running with Zero Based Compressed Oops mode in which the Java heap is
#     placed in the first 32GB address space. The Java Heap base address is the
#     maximum limit for the native heap growth. Please use -XX:HeapBaseMinAddress
#     to set the Java Heap base and to place the Java Heap above 32GB virtual address.
# This output file may be truncated or incomplete.
#
#  Out of Memory Error (os_windows.cpp:3714), pid=18232, tid=19896
#
# JRE version: OpenJDK Runtime Environment Temurin-21.0.10+7 (21.0.10+7) (build 21.0.10+7-LTS)
# Java VM: OpenJDK 64-Bit Server VM Temurin-21.0.10+7 (21.0.10+7-LTS, mixed mode, sharing, tiered, compressed oops, compressed class ptrs, g1 gc, windows-amd64)
# No core dump will be written. Minidumps are not enabled by default on client versions of Windows
#

---------------  S U M M A R Y ------------

Command Line: --add-opens=java.base/java.lang=ALL-UNNAMED --add-opens=java.base/java.lang.invoke=ALL-UNNAMED --add-opens=java.base/java.util=ALL-UNNAMED --add-opens=java.prefs/java.util.prefs=ALL-UNNAMED --add-exports=jdk.compiler/com.sun.tools.javac.api=ALL-UNNAMED --add-exports=jdk.compiler/com.sun.tools.javac.util=ALL-UNNAMED --add-opens=java.base/java.util=ALL-UNNAMED --add-opens=java.prefs/java.util.prefs=ALL-UNNAMED --add-opens=java.base/java.nio.charset=ALL-UNNAMED --add-opens=java.base/java.net=ALL-UNNAMED --add-opens=java.base/java.util.concurrent.atomic=ALL-UNNAMED --add-opens=java.xml/javax.xml.namespace=ALL-UNNAMED -XX:MaxMetaspaceSize=4G -XX:ReservedCodeCacheSize=512m -XX:+HeapDumpOnOutOfMemoryError -Xmx8G -Dfile.encoding=UTF-8 -Duser.country=FR -Duser.language=fr -Duser.variant -javaagent:C:\Users\HP\.gradle\wrapper\dists\gradle-8.14-all\c2qonpi39x1mddn7hk5gh9iqj\gradle-8.14\lib\agents\gradle-instrumentation-agent-8.14.jar org.gradle.launcher.daemon.bootstrap.GradleDaemon 8.14

Host: 13th Gen Intel(R) Core(TM) i5-1335U, 12 cores, 7G,  Windows 11 , 64 bit Build 26100 (10.0.26100.8246)
Time: Sat Apr 25 17:02:20 2026 Greenwich elapsed time: 27.676872 seconds (0d 0h 0m 27s)

---------------  T H R E A D  ---------------

Current thread (0x000001ec6d65bcd0):  VMThread "VM Thread"          [id=19896, stack(0x00000044de100000,0x00000044de200000) (1024K)]

Stack: [0x00000044de100000,0x00000044de200000]
Native frames: (J=compiled Java code, j=interpreted, Vv=VM code, C=native code)
V  [jvm.dll+0x6d7a39]
V  [jvm.dll+0x8b4b26]
V  [jvm.dll+0x8b70de]
V  [jvm.dll+0x8b77c3]
V  [jvm.dll+0x284346]
V  [jvm.dll+0x6d4355]
V  [jvm.dll+0x6c808a]
V  [jvm.dll+0x35edb8]
V  [jvm.dll+0x3669f6]
V  [jvm.dll+0x3b7afe]
V  [jvm.dll+0x3b7da8]
V  [jvm.dll+0x332fbc]
V  [jvm.dll+0x333047]
V  [jvm.dll+0x376e1c]
V  [jvm.dll+0x3755be]
V  [jvm.dll+0x332701]
V  [jvm.dll+0x374c2a]
V  [jvm.dll+0x8bd4b0]
V  [jvm.dll+0x8be824]
V  [jvm.dll+0x8bed50]
V  [jvm.dll+0x8beff3]
V  [jvm.dll+0x85f59d]
V  [jvm.dll+0x6d626d]
C  [ucrtbase.dll+0x37b0]
C  [KERNEL32.DLL+0x2e8d7]
C  [ntdll.dll+0x8c3fc]

VM_Operation (0x00000044dfcf71b0): G1CollectForAllocation, mode: safepoint, requested by thread 0x000001ecb7174340


---------------  P R O C E S S  ---------------

Threads class SMR info:
_java_thread_list=0x000001ecbad0d280, length=42, elements={
0x000001ec5d767ed0, 0x000001ec6d674fe0, 0x000001ec6d677a50, 0x000001ec6d67ec80,
0x000001ec6d6800e0, 0x000001ec6d6813b0, 0x000001ec6d6840c0, 0x000001ec6d6879b0,
0x000001ec6d688bf0, 0x000001ec703b6000, 0x000001ec703ad530, 0x000001ecb6dfc4b0,
0x000001ecb6e25910, 0x000001ecb701bf30, 0x000001ecb6fb3d50, 0x000001ecb6fb4be0,
0x000001ecb708fd20, 0x000001ecb7174340, 0x000001ecb71749d0, 0x000001ecb7175060,
0x000001ecb71756f0, 0x000001ecb7176410, 0x000001ecb7175d80, 0x000001ecb7172f90,
0x000001ecb7173cb0, 0x000001ecb87063e0, 0x000001ecb8704310, 0x000001ecb87049a0,
0x000001ecb8705030, 0x000001ecb8706a70, 0x000001ecb8705d50, 0x000001ecb8707100,
0x000001ecb8703c80, 0x000001ecb8707e20, 0x000001ecb87084b0, 0x000001ecb870ac10,
0x000001ecb87091d0, 0x000001ecb8709860, 0x000001ecb870a580, 0x000001ecb8709ef0,
0x000001ecb8707790, 0x000001ecb870b2a0
}

Java Threads: ( => current thread )
  0x000001ec5d767ed0 JavaThread "main"                              [_thread_blocked, id=20432, stack(0x00000044dda00000,0x00000044ddb00000) (1024K)]
  0x000001ec6d674fe0 JavaThread "Reference Handler"          daemon [_thread_blocked, id=2108, stack(0x00000044de200000,0x00000044de300000) (1024K)]
  0x000001ec6d677a50 JavaThread "Finalizer"                  daemon [_thread_blocked, id=18604, stack(0x00000044de300000,0x00000044de400000) (1024K)]
  0x000001ec6d67ec80 JavaThread "Signal Dispatcher"          daemon [_thread_blocked, id=8696, stack(0x00000044de400000,0x00000044de500000) (1024K)]
  0x000001ec6d6800e0 JavaThread "Attach Listener"            daemon [_thread_blocked, id=8376, stack(0x00000044de500000,0x00000044de600000) (1024K)]
  0x000001ec6d6813b0 JavaThread "Service Thread"             daemon [_thread_blocked, id=5880, stack(0x00000044de600000,0x00000044de700000) (1024K)]
  0x000001ec6d6840c0 JavaThread "Monitor Deflation Thread"   daemon [_thread_blocked, id=12724, stack(0x00000044de700000,0x00000044de800000) (1024K)]
  0x000001ec6d6879b0 JavaThread "C2 CompilerThread0"         daemon [_thread_blocked, id=8356, stack(0x00000044de800000,0x00000044de900000) (1024K)]
  0x000001ec6d688bf0 JavaThread "C1 CompilerThread0"         daemon [_thread_blocked, id=5608, stack(0x00000044de900000,0x00000044dea00000) (1024K)]
  0x000001ec703b6000 JavaThread "Common-Cleaner"             daemon [_thread_blocked, id=15432, stack(0x00000044deb00000,0x00000044dec00000) (1024K)]
  0x000001ec703ad530 JavaThread "Notification Thread"        daemon [_thread_blocked, id=16288, stack(0x00000044dec00000,0x00000044ded00000) (1024K)]
  0x000001ecb6dfc4b0 JavaThread "Daemon health stats"               [_thread_blocked, id=3772, stack(0x00000044df100000,0x00000044df200000) (1024K)]
  0x000001ecb6e25910 JavaThread "Incoming local TCP Connector on port 54593"        [_thread_in_native, id=5612, stack(0x00000044df200000,0x00000044df300000) (1024K)]
  0x000001ecb701bf30 JavaThread "Daemon periodic checks"            [_thread_blocked, id=20420, stack(0x00000044df800000,0x00000044df900000) (1024K)]
  0x000001ecb6fb3d50 JavaThread "Daemon"                            [_thread_blocked, id=20840, stack(0x00000044df900000,0x00000044dfa00000) (1024K)]
  0x000001ecb6fb4be0 JavaThread "Handler for socket connection from /127.0.0.1:54593 to /127.0.0.1:54594"        [_thread_in_native, id=16152, stack(0x00000044dfa00000,0x00000044dfb00000) (1024K)]
  0x000001ecb708fd20 JavaThread "Cancel handler"                    [_thread_blocked, id=8808, stack(0x00000044dfb00000,0x00000044dfc00000) (1024K)]
  0x000001ecb7174340 JavaThread "Daemon worker"                     [_thread_blocked, id=5348, stack(0x00000044dfc00000,0x00000044dfd00000) (1024K)]
  0x000001ecb71749d0 JavaThread "Asynchronous log dispatcher for DefaultDaemonConnection: socket connection from /127.0.0.1:54593 to /127.0.0.1:54594"        [_thread_blocked, id=7988, stack(0x00000044dfd00000,0x00000044dfe00000) (1024K)]
  0x000001ecb7175060 JavaThread "Stdin handler"                     [_thread_blocked, id=19148, stack(0x00000044dfe00000,0x00000044dff00000) (1024K)]
  0x000001ecb71756f0 JavaThread "Daemon client event forwarder"        [_thread_blocked, id=20820, stack(0x00000044dff00000,0x00000044e0000000) (1024K)]
  0x000001ecb7176410 JavaThread "Cache worker for journal cache (C:\Users\HP\.gradle\caches\journal-1)"        [_thread_blocked, id=16196, stack(0x00000044e0000000,0x00000044e0100000) (1024K)]
  0x000001ecb7175d80 JavaThread "File lock request listener"        [_thread_in_native, id=13340, stack(0x00000044e0100000,0x00000044e0200000) (1024K)]
  0x000001ecb7172f90 JavaThread "Cache worker for file hash cache (C:\Users\HP\.gradle\caches\8.14\fileHashes)"        [_thread_blocked, id=4600, stack(0x00000044e0200000,0x00000044e0300000) (1024K)]
  0x000001ecb7173cb0 JavaThread "Cache worker for file hash cache (C:\Users\HP\Downloads\INTER\android\android\.gradle\8.14\fileHashes)"        [_thread_blocked, id=18980, stack(0x00000044dea00000,0x00000044deb00000) (1024K)]
  0x000001ecb87063e0 JavaThread "Cache worker for Build Output Cleanup Cache (C:\Users\HP\Downloads\INTER\android\android\.gradle\buildOutputCleanup)"        [_thread_blocked, id=2304, stack(0x00000044e0300000,0x00000044e0400000) (1024K)]
  0x000001ecb8704310 JavaThread "File watcher server"        daemon [_thread_in_native, id=2452, stack(0x00000044e0700000,0x00000044e0800000) (1024K)]
  0x000001ecb87049a0 JavaThread "File watcher consumer"      daemon [_thread_blocked, id=7204, stack(0x00000044e0800000,0x00000044e0900000) (1024K)]
  0x000001ecb8705030 JavaThread "jar transforms"                    [_thread_blocked, id=5784, stack(0x00000044e0900000,0x00000044e0a00000) (1024K)]
  0x000001ecb8706a70 JavaThread "jar transforms Thread 2"           [_thread_blocked, id=13536, stack(0x00000044e0a00000,0x00000044e0b00000) (1024K)]
  0x000001ecb8705d50 JavaThread "jar transforms Thread 3"           [_thread_blocked, id=6284, stack(0x00000044e0b00000,0x00000044e0c00000) (1024K)]
  0x000001ecb8707100 JavaThread "jar transforms Thread 4"           [_thread_blocked, id=7864, stack(0x00000044e0d00000,0x00000044e0e00000) (1024K)]
  0x000001ecb8703c80 JavaThread "jar transforms Thread 5"           [_thread_blocked, id=6932, stack(0x00000044e0e00000,0x00000044e0f00000) (1024K)]
  0x000001ecb8707e20 JavaThread "Cache worker for checksums cache (C:\Users\HP\Downloads\INTER\android\android\.gradle\8.14\checksums)"        [_thread_blocked, id=2120, stack(0x00000044e0f00000,0x00000044e1000000) (1024K)]
  0x000001ecb87084b0 JavaThread "Cache worker for file content cache (C:\Users\HP\.gradle\caches\8.14\fileContent)"        [_thread_blocked, id=6392, stack(0x00000044e1000000,0x00000044e1100000) (1024K)]
  0x000001ecb870ac10 JavaThread "jar transforms Thread 6"           [_thread_blocked, id=15520, stack(0x00000044e1100000,0x00000044e1200000) (1024K)]
  0x000001ecb87091d0 JavaThread "jar transforms Thread 7"           [_thread_blocked, id=3068, stack(0x00000044e1200000,0x00000044e1300000) (1024K)]
  0x000001ecb8709860 JavaThread "jar transforms Thread 8"           [_thread_blocked, id=4192, stack(0x00000044e1300000,0x00000044e1400000) (1024K)]
  0x000001ecb870a580 JavaThread "jar transforms Thread 9"           [_thread_blocked, id=18568, stack(0x00000044e1400000,0x00000044e1500000) (1024K)]
  0x000001ecb8709ef0 JavaThread "jar transforms Thread 10"          [_thread_blocked, id=8464, stack(0x00000044e1500000,0x00000044e1600000) (1024K)]
  0x000001ecb8707790 JavaThread "jar transforms Thread 11"          [_thread_blocked, id=16008, stack(0x00000044e1600000,0x00000044e1700000) (1024K)]
  0x000001ecb870b2a0 JavaThread "jar transforms Thread 12"          [_thread_blocked, id=21328, stack(0x00000044e1700000,0x00000044e1800000) (1024K)]
Total: 42

Other Threads:
=>0x000001ec6d65bcd0 VMThread "VM Thread"                           [id=19896, stack(0x00000044de100000,0x00000044de200000) (1024K)]
  0x000001ec5da3f8b0 WatcherThread "VM Periodic Task Thread"        [id=20176, stack(0x00000044de000000,0x00000044de100000) (1024K)]
  0x000001ec5daf1ce0 WorkerThread "GC Thread#0"                     [id=20468, stack(0x00000044ddb00000,0x00000044ddc00000) (1024K)]
  0x000001ec7052a010 WorkerThread "GC Thread#1"                     [id=2732, stack(0x00000044ded00000,0x00000044dee00000) (1024K)]
  0x000001ec704fed80 WorkerThread "GC Thread#2"                     [id=15192, stack(0x00000044dee00000,0x00000044def00000) (1024K)]
  0x000001ecb62f6350 WorkerThread "GC Thread#3"                     [id=3448, stack(0x00000044def00000,0x00000044df000000) (1024K)]
  0x000001ecb62a1610 WorkerThread "GC Thread#4"                     [id=16408, stack(0x00000044df000000,0x00000044df100000) (1024K)]
  0x000001ecb6dee060 WorkerThread "GC Thread#5"                     [id=1996, stack(0x00000044df300000,0x00000044df400000) (1024K)]
  0x000001ecb6e6c300 WorkerThread "GC Thread#6"                     [id=11208, stack(0x00000044df400000,0x00000044df500000) (1024K)]
  0x000001ecb6e6c6b0 WorkerThread "GC Thread#7"                     [id=19316, stack(0x00000044df500000,0x00000044df600000) (1024K)]
  0x000001ecb6e6ca60 WorkerThread "GC Thread#8"                     [id=19852, stack(0x00000044df600000,0x00000044df700000) (1024K)]
  0x000001ecb6e6ee20 WorkerThread "GC Thread#9"                     [id=7352, stack(0x00000044df700000,0x00000044df800000) (1024K)]
  0x000001ec6d4b82d0 ConcurrentGCThread "G1 Main Marker"            [id=21076, stack(0x00000044ddc00000,0x00000044ddd00000) (1024K)]
  0x000001ec6d4b9500 WorkerThread "G1 Conc#0"                       [id=4232, stack(0x00000044ddd00000,0x00000044dde00000) (1024K)]
  0x000001ecb7f81730 WorkerThread "G1 Conc#1"                       [id=13232, stack(0x00000044e0400000,0x00000044e0500000) (1024K)]
  0x000001ecb7f82240 WorkerThread "G1 Conc#2"                       [id=18956, stack(0x00000044e0500000,0x00000044e0600000) (1024K)]
  0x000001ec6d515cf0 ConcurrentGCThread "G1 Refine#0"               [id=3100, stack(0x00000044dde00000,0x00000044ddf00000) (1024K)]
  0x000001ec6d516780 ConcurrentGCThread "G1 Service"                [id=16248, stack(0x00000044ddf00000,0x00000044de000000) (1024K)]
Total: 18

Threads with active compile tasks:
C2 CompilerThread0  27707 8140       4       org.objectweb.asm.ClassReader::readCode (5117 bytes)
Total: 1

VM state: at safepoint (normal execution)

VM Mutex/Monitor currently owned by a thread:  ([mutex/lock_event])
[0x00007ffd5610e560] Threads_lock - owner thread: 0x000001ec6d65bcd0
[0x00007ffd5610e660] Heap_lock - owner thread: 0x000001ecb7174340

Heap address: 0x0000000600000000, size: 8192 MB, Compressed Oops mode: Zero based, Oop shift amount: 3

CDS archive(s) mapped at: [0x000001ec71000000-0x000001ec71ba0000-0x000001ec71ba0000), size 12189696, SharedBaseAddress: 0x000001ec71000000, ArchiveRelocationMode: 1.
Compressed class space mapped at: 0x000001ec72000000-0x000001ecb2000000, reserved size: 1073741824
Narrow klass base: 0x000001ec71000000, Narrow klass shift: 0, Narrow klass range: 0x100000000

GC Precious Log:
 CardTable entry size: 512
 Card Set container configuration: InlinePtr #cards 4 size 8 Array Of Cards #cards 32 size 80 Howl #buckets 8 coarsen threshold 7372 Howl Bitmap #cards 1024 size 144 coarsen threshold 921 Card regions per heap region 1 cards per card region 8192
 CPUs: 12 total, 12 available
 Memory: 7835M
 Large Page Support: Disabled
 NUMA Support: Disabled
 Compressed Oops: Enabled (Zero based)
 Heap Region Size: 4M
 Heap Min Capacity: 8M
 Heap Initial Capacity: 124M
 Heap Max Capacity: 8G
 Pre-touch: Disabled
 Parallel Workers: 10
 Concurrent Workers: 3
 Concurrent Refinement Workers: 10
 Periodic GC: Disabled

Heap:
 garbage-first heap   total 507904K, used 84981K [0x0000000600000000, 0x0000000800000000)
  region size 4096K, 6 young (24576K), 6 survivors (24576K)
 Metaspace       used 49152K, committed 50368K, reserved 1114112K
  class space    used 6733K, committed 7296K, reserved 1048576K

Heap Regions: E=young(eden), S=young(survivor), O=old, HS=humongous(starts), HC=humongous(continues), CS=collection set, F=free, TAMS=top-at-mark-start, PB=parsable bottom
|   0|0x0000000600000000, 0x0000000600400000, 0x0000000600400000|100%|HS|  |TAMS 0x0000000600000000| PB 0x0000000600000000| Complete 
|   1|0x0000000600400000, 0x0000000600800000, 0x0000000600800000|100%| O|  |TAMS 0x0000000600400000| PB 0x0000000600400000| Untracked 
|   2|0x0000000600800000, 0x0000000600c00000, 0x0000000600c00000|100%| O|  |TAMS 0x0000000600800000| PB 0x0000000600800000| Untracked 
|   3|0x0000000600c00000, 0x0000000601000000, 0x0000000601000000|100%| O|  |TAMS 0x0000000600c00000| PB 0x0000000600c00000| Untracked 
|   4|0x0000000601000000, 0x0000000601400000, 0x0000000601400000|100%| O|  |TAMS 0x0000000601000000| PB 0x0000000601000000| Untracked 
|   5|0x0000000601400000, 0x0000000601800000, 0x0000000601800000|100%| O|  |TAMS 0x0000000601400000| PB 0x0000000601400000| Untracked 
|   6|0x0000000601800000, 0x0000000601c00000, 0x0000000601c00000|100%| O|  |TAMS 0x0000000601800000| PB 0x0000000601800000| Untracked 
|   7|0x0000000601c00000, 0x0000000602000000, 0x0000000602000000|100%| O|  |TAMS 0x0000000601c00000| PB 0x0000000601c00000| Untracked 
|   8|0x0000000602000000, 0x0000000602400000, 0x0000000602400000|100%| O|  |TAMS 0x0000000602000000| PB 0x0000000602000000| Untracked 
|   9|0x0000000602400000, 0x0000000602800000, 0x0000000602800000|100%| O|  |TAMS 0x0000000602400000| PB 0x0000000602400000| Untracked 
|  10|0x0000000602800000, 0x0000000602c00000, 0x0000000602c00000|100%| O|  |TAMS 0x0000000602800000| PB 0x0000000602800000| Untracked 
|  11|0x0000000602c00000, 0x0000000603000000, 0x0000000603000000|100%| O|  |TAMS 0x0000000602c00000| PB 0x0000000602c00000| Untracked 
|  12|0x0000000603000000, 0x0000000603400000, 0x0000000603400000|100%| O|  |TAMS 0x0000000603000000| PB 0x0000000603000000| Untracked 
|  13|0x0000000603400000, 0x0000000603800000, 0x0000000603800000|100%| O|  |TAMS 0x0000000603400000| PB 0x0000000603400000| Untracked 
|  14|0x0000000603800000, 0x0000000603a4ec70, 0x0000000603c00000| 57%| O|  |TAMS 0x0000000603800000| PB 0x0000000603800000| Untracked 
|  15|0x0000000603c00000, 0x0000000603c00000, 0x0000000604000000|  0%| F|  |TAMS 0x0000000603c00000| PB 0x0000000603c00000| Untracked 
|  16|0x0000000604000000, 0x0000000604000000, 0x0000000604400000|  0%| F|  |TAMS 0x0000000604000000| PB 0x0000000604000000| Untracked 
|  17|0x0000000604400000, 0x0000000604400000, 0x0000000604800000|  0%| F|  |TAMS 0x0000000604400000| PB 0x0000000604400000| Untracked 
|  18|0x0000000604800000, 0x0000000604800000, 0x0000000604c00000|  0%| F|  |TAMS 0x0000000604800000| PB 0x0000000604800000| Untracked 
|  19|0x0000000604c00000, 0x0000000604c00000, 0x0000000605000000|  0%| F|  |TAMS 0x0000000604c00000| PB 0x0000000604c00000| Untracked 
|  20|0x0000000605000000, 0x0000000605000000, 0x0000000605400000|  0%| F|  |TAMS 0x0000000605000000| PB 0x0000000605000000| Untracked 
|  21|0x0000000605400000, 0x0000000605400000, 0x0000000605800000|  0%| F|  |TAMS 0x0000000605400000| PB 0x0000000605400000| Untracked 
|  22|0x0000000605800000, 0x0000000605800000, 0x0000000605c00000|  0%| F|  |TAMS 0x0000000605800000| PB 0x0000000605800000| Untracked 
|  23|0x0000000605c00000, 0x0000000605c00000, 0x0000000606000000|  0%| F|  |TAMS 0x0000000605c00000| PB 0x0000000605c00000| Untracked 
|  24|0x0000000606000000, 0x0000000606000000, 0x0000000606400000|  0%| F|  |TAMS 0x0000000606000000| PB 0x0000000606000000| Untracked 
|  25|0x0000000606400000, 0x0000000606400000, 0x0000000606800000|  0%| F|  |TAMS 0x0000000606400000| PB 0x0000000606400000| Untracked 
|  26|0x0000000606800000, 0x0000000606800000, 0x0000000606c00000|  0%| F|  |TAMS 0x0000000606800000| PB 0x0000000606800000| Untracked 
|  27|0x0000000606c00000, 0x0000000606c00000, 0x0000000607000000|  0%| F|  |TAMS 0x0000000606c00000| PB 0x0000000606c00000| Untracked 
|  28|0x0000000607000000, 0x0000000607000000, 0x0000000607400000|  0%| F|  |TAMS 0x0000000607000000| PB 0x0000000607000000| Untracked 
|  29|0x0000000607400000, 0x0000000607400000, 0x0000000607800000|  0%| F|  |TAMS 0x0000000607400000| PB 0x0000000607400000| Untracked 
|  30|0x0000000607800000, 0x0000000607800000, 0x0000000607c00000|  0%| F|  |TAMS 0x0000000607800000| PB 0x0000000607800000| Untracked 
|  31|0x0000000607c00000, 0x0000000607c00000, 0x0000000608000000|  0%| F|  |TAMS 0x0000000607c00000| PB 0x0000000607c00000| Untracked 
|  32|0x0000000608000000, 0x0000000608000000, 0x0000000608400000|  0%| F|  |TAMS 0x0000000608000000| PB 0x0000000608000000| Untracked 
|  33|0x0000000608400000, 0x0000000608400000, 0x0000000608800000|  0%| F|  |TAMS 0x0000000608400000| PB 0x0000000608400000| Untracked 
|  34|0x0000000608800000, 0x0000000608800000, 0x0000000608c00000|  0%| F|  |TAMS 0x0000000608800000| PB 0x0000000608800000| Untracked 
|  35|0x0000000608c00000, 0x0000000608c00000, 0x0000000609000000|  0%| F|  |TAMS 0x0000000608c00000| PB 0x0000000608c00000| Untracked 
|  36|0x0000000609000000, 0x0000000609000000, 0x0000000609400000|  0%| F|  |TAMS 0x0000000609000000| PB 0x0000000609000000| Untracked 
|  37|0x0000000609400000, 0x0000000609400000, 0x0000000609800000|  0%| F|  |TAMS 0x0000000609400000| PB 0x0000000609400000| Untracked 
|  38|0x0000000609800000, 0x0000000609800000, 0x0000000609c00000|  0%| F|  |TAMS 0x0000000609800000| PB 0x0000000609800000| Untracked 
|  39|0x0000000609c00000, 0x0000000609c00000, 0x000000060a000000|  0%| F|  |TAMS 0x0000000609c00000| PB 0x0000000609c00000| Untracked 
|  40|0x000000060a000000, 0x000000060a000000, 0x000000060a400000|  0%| F|  |TAMS 0x000000060a000000| PB 0x000000060a000000| Untracked 
|  41|0x000000060a400000, 0x000000060a400000, 0x000000060a800000|  0%| F|  |TAMS 0x000000060a400000| PB 0x000000060a400000| Untracked 
|  42|0x000000060a800000, 0x000000060a800000, 0x000000060ac00000|  0%| F|  |TAMS 0x000000060a800000| PB 0x000000060a800000| Untracked 
|  43|0x000000060ac00000, 0x000000060acae980, 0x000000060b000000| 17%| S|CS|TAMS 0x000000060ac00000| PB 0x000000060ac00000| Complete 
|  44|0x000000060b000000, 0x000000060b400000, 0x000000060b400000|100%| S|CS|TAMS 0x000000060b000000| PB 0x000000060b000000| Complete 
|  45|0x000000060b400000, 0x000000060b800000, 0x000000060b800000|100%| S|CS|TAMS 0x000000060b400000| PB 0x000000060b400000| Complete 
|  46|0x000000060b800000, 0x000000060bc00000, 0x000000060bc00000|100%| S|CS|TAMS 0x000000060b800000| PB 0x000000060b800000| Complete 
|  47|0x000000060bc00000, 0x000000060c000000, 0x000000060c000000|100%| S|CS|TAMS 0x000000060bc00000| PB 0x000000060bc00000| Complete 
|  48|0x000000060c000000, 0x000000060c000000, 0x000000060c400000|  0%| F|  |TAMS 0x000000060c000000| PB 0x000000060c000000| Untracked 
|  49|0x000000060c400000, 0x000000060c400000, 0x000000060c800000|  0%| F|  |TAMS 0x000000060c400000| PB 0x000000060c400000| Untracked 
|  50|0x000000060c800000, 0x000000060c800000, 0x000000060cc00000|  0%| F|  |TAMS 0x000000060c800000| PB 0x000000060c800000| Untracked 
|  51|0x000000060cc00000, 0x000000060cc00000, 0x000000060d000000|  0%| F|  |TAMS 0x000000060cc00000| PB 0x000000060cc00000| Untracked 
|  52|0x000000060d000000, 0x000000060d000000, 0x000000060d400000|  0%| F|  |TAMS 0x000000060d000000| PB 0x000000060d000000| Untracked 
|  53|0x000000060d400000, 0x000000060d800000, 0x000000060d800000|100%| S|CS|TAMS 0x000000060d400000| PB 0x000000060d400000| Complete 
|  54|0x000000060d800000, 0x000000060d800000, 0x000000060dc00000|  0%| F|  |TAMS 0x000000060d800000| PB 0x000000060d800000| Untracked 
|  55|0x000000060dc00000, 0x000000060dc00000, 0x000000060e000000|  0%| F|  |TAMS 0x000000060dc00000| PB 0x000000060dc00000| Untracked 
|  56|0x000000060e000000, 0x000000060e000000, 0x000000060e400000|  0%| F|  |TAMS 0x000000060e000000| PB 0x000000060e000000| Untracked 
|  57|0x000000060e400000, 0x000000060e400000, 0x000000060e800000|  0%| F|  |TAMS 0x000000060e400000| PB 0x000000060e400000| Untracked 
|  58|0x000000060e800000, 0x000000060e800000, 0x000000060ec00000|  0%| F|  |TAMS 0x000000060e800000| PB 0x000000060e800000| Untracked 
|  59|0x000000060ec00000, 0x000000060ec00000, 0x000000060f000000|  0%| F|  |TAMS 0x000000060ec00000| PB 0x000000060ec00000| Untracked 
|  60|0x000000060f000000, 0x000000060f000000, 0x000000060f400000|  0%| F|  |TAMS 0x000000060f000000| PB 0x000000060f000000| Untracked 
|  61|0x000000060f400000, 0x000000060f400000, 0x000000060f800000|  0%| F|  |TAMS 0x000000060f400000| PB 0x000000060f400000| Untracked 
|  62|0x000000060f800000, 0x000000060f800000, 0x000000060fc00000|  0%| F|  |TAMS 0x000000060f800000| PB 0x000000060f800000| Untracked 
|  63|0x000000060fc00000, 0x000000060fc00000, 0x0000000610000000|  0%| F|  |TAMS 0x000000060fc00000| PB 0x000000060fc00000| Untracked 
|  64|0x0000000610000000, 0x0000000610000000, 0x0000000610400000|  0%| F|  |TAMS 0x0000000610000000| PB 0x0000000610000000| Untracked 
|  65|0x0000000610400000, 0x0000000610400000, 0x0000000610800000|  0%| F|  |TAMS 0x0000000610400000| PB 0x0000000610400000| Untracked 
|  66|0x0000000610800000, 0x0000000610800000, 0x0000000610c00000|  0%| F|  |TAMS 0x0000000610800000| PB 0x0000000610800000| Untracked 
|  67|0x0000000610c00000, 0x0000000610c00000, 0x0000000611000000|  0%| F|  |TAMS 0x0000000610c00000| PB 0x0000000610c00000| Untracked 
|  68|0x0000000611000000, 0x0000000611000000, 0x0000000611400000|  0%| F|  |TAMS 0x0000000611000000| PB 0x0000000611000000| Untracked 
|  69|0x0000000611400000, 0x0000000611400000, 0x0000000611800000|  0%| F|  |TAMS 0x0000000611400000| PB 0x0000000611400000| Untracked 
|  70|0x0000000611800000, 0x0000000611800000, 0x0000000611c00000|  0%| F|  |TAMS 0x0000000611800000| PB 0x0000000611800000| Untracked 
|  71|0x0000000611c00000, 0x0000000611c00000, 0x0000000612000000|  0%| F|  |TAMS 0x0000000611c00000| PB 0x0000000611c00000| Untracked 
|  72|0x0000000612000000, 0x0000000612000000, 0x0000000612400000|  0%| F|  |TAMS 0x0000000612000000| PB 0x0000000612000000| Untracked 
|  73|0x0000000612400000, 0x0000000612400000, 0x0000000612800000|  0%| F|  |TAMS 0x0000000612400000| PB 0x0000000612400000| Untracked 
|  74|0x0000000612800000, 0x0000000612800000, 0x0000000612c00000|  0%| F|  |TAMS 0x0000000612800000| PB 0x0000000612800000| Untracked 
|  75|0x0000000612c00000, 0x0000000612c00000, 0x0000000613000000|  0%| F|  |TAMS 0x0000000612c00000| PB 0x0000000612c00000| Untracked 
|  76|0x0000000613000000, 0x0000000613000000, 0x0000000613400000|  0%| F|  |TAMS 0x0000000613000000| PB 0x0000000613000000| Untracked 
|  77|0x0000000613400000, 0x0000000613400000, 0x0000000613800000|  0%| F|  |TAMS 0x0000000613400000| PB 0x0000000613400000| Untracked 
|  78|0x0000000613800000, 0x0000000613800000, 0x0000000613c00000|  0%| F|  |TAMS 0x0000000613800000| PB 0x0000000613800000| Untracked 
|  79|0x0000000613c00000, 0x0000000613c00000, 0x0000000614000000|  0%| F|  |TAMS 0x0000000613c00000| PB 0x0000000613c00000| Untracked 
|  80|0x0000000614000000, 0x0000000614000000, 0x0000000614400000|  0%| F|  |TAMS 0x0000000614000000| PB 0x0000000614000000| Untracked 
|  81|0x0000000614400000, 0x0000000614400000, 0x0000000614800000|  0%| F|  |TAMS 0x0000000614400000| PB 0x0000000614400000| Untracked 
|  82|0x0000000614800000, 0x0000000614800000, 0x0000000614c00000|  0%| F|  |TAMS 0x0000000614800000| PB 0x0000000614800000| Untracked 
|  83|0x0000000614c00000, 0x0000000614c00000, 0x0000000615000000|  0%| F|  |TAMS 0x0000000614c00000| PB 0x0000000614c00000| Untracked 
|  84|0x0000000615000000, 0x0000000615000000, 0x0000000615400000|  0%| F|  |TAMS 0x0000000615000000| PB 0x0000000615000000| Untracked 
|  85|0x0000000615400000, 0x0000000615400000, 0x0000000615800000|  0%| F|  |TAMS 0x0000000615400000| PB 0x0000000615400000| Untracked 
|  86|0x0000000615800000, 0x0000000615800000, 0x0000000615c00000|  0%| F|  |TAMS 0x0000000615800000| PB 0x0000000615800000| Untracked 
|  87|0x0000000615c00000, 0x0000000615c00000, 0x0000000616000000|  0%| F|  |TAMS 0x0000000615c00000| PB 0x0000000615c00000| Untracked 
|  88|0x0000000616000000, 0x0000000616000000, 0x0000000616400000|  0%| F|  |TAMS 0x0000000616000000| PB 0x0000000616000000| Untracked 
|  89|0x0000000616400000, 0x0000000616400000, 0x0000000616800000|  0%| F|  |TAMS 0x0000000616400000| PB 0x0000000616400000| Untracked 
|  90|0x0000000616800000, 0x0000000616800000, 0x0000000616c00000|  0%| F|  |TAMS 0x0000000616800000| PB 0x0000000616800000| Untracked 
|  91|0x0000000616c00000, 0x0000000616c00000, 0x0000000617000000|  0%| F|  |TAMS 0x0000000616c00000| PB 0x0000000616c00000| Untracked 
|  92|0x0000000617000000, 0x0000000617000000, 0x0000000617400000|  0%| F|  |TAMS 0x0000000617000000| PB 0x0000000617000000| Untracked 
|  93|0x0000000617400000, 0x0000000617400000, 0x0000000617800000|  0%| F|  |TAMS 0x0000000617400000| PB 0x0000000617400000| Untracked 
|  94|0x0000000617800000, 0x0000000617800000, 0x0000000617c00000|  0%| F|  |TAMS 0x0000000617800000| PB 0x0000000617800000| Untracked 
|  95|0x0000000617c00000, 0x0000000617c00000, 0x0000000618000000|  0%| F|  |TAMS 0x0000000617c00000| PB 0x0000000617c00000| Untracked 
|  96|0x0000000618000000, 0x0000000618000000, 0x0000000618400000|  0%| F|  |TAMS 0x0000000618000000| PB 0x0000000618000000| Untracked 
|  97|0x0000000618400000, 0x0000000618400000, 0x0000000618800000|  0%| F|  |TAMS 0x0000000618400000| PB 0x0000000618400000| Untracked 
|  98|0x0000000618800000, 0x0000000618800000, 0x0000000618c00000|  0%| F|  |TAMS 0x0000000618800000| PB 0x0000000618800000| Untracked 
|  99|0x0000000618c00000, 0x0000000618c00000, 0x0000000619000000|  0%| F|  |TAMS 0x0000000618c00000| PB 0x0000000618c00000| Untracked 
| 100|0x0000000619000000, 0x0000000619000000, 0x0000000619400000|  0%| F|  |TAMS 0x0000000619000000| PB 0x0000000619000000| Untracked 
| 101|0x0000000619400000, 0x0000000619400000, 0x0000000619800000|  0%| F|  |TAMS 0x0000000619400000| PB 0x0000000619400000| Untracked 
| 102|0x0000000619800000, 0x0000000619800000, 0x0000000619c00000|  0%| F|  |TAMS 0x0000000619800000| PB 0x0000000619800000| Untracked 
| 103|0x0000000619c00000, 0x0000000619c00000, 0x000000061a000000|  0%| F|  |TAMS 0x0000000619c00000| PB 0x0000000619c00000| Untracked 
| 104|0x000000061a000000, 0x000000061a000000, 0x000000061a400000|  0%| F|  |TAMS 0x000000061a000000| PB 0x000000061a000000| Untracked 
| 105|0x000000061a400000, 0x000000061a400000, 0x000000061a800000|  0%| F|  |TAMS 0x000000061a400000| PB 0x000000061a400000| Untracked 
| 106|0x000000061a800000, 0x000000061a800000, 0x000000061ac00000|  0%| F|  |TAMS 0x000000061a800000| PB 0x000000061a800000| Untracked 
| 107|0x000000061ac00000, 0x000000061ac00000, 0x000000061b000000|  0%| F|  |TAMS 0x000000061ac00000| PB 0x000000061ac00000| Untracked 
| 108|0x000000061b000000, 0x000000061b000000, 0x000000061b400000|  0%| F|  |TAMS 0x000000061b000000| PB 0x000000061b000000| Untracked 
| 109|0x000000061b400000, 0x000000061b400000, 0x000000061b800000|  0%| F|  |TAMS 0x000000061b400000| PB 0x000000061b400000| Untracked 
| 110|0x000000061b800000, 0x000000061b800000, 0x000000061bc00000|  0%| F|  |TAMS 0x000000061b800000| PB 0x000000061b800000| Untracked 
| 111|0x000000061bc00000, 0x000000061bc00000, 0x000000061c000000|  0%| F|  |TAMS 0x000000061bc00000| PB 0x000000061bc00000| Untracked 
| 112|0x000000061c000000, 0x000000061c000000, 0x000000061c400000|  0%| F|  |TAMS 0x000000061c000000| PB 0x000000061c000000| Untracked 
| 113|0x000000061c400000, 0x000000061c400000, 0x000000061c800000|  0%| F|  |TAMS 0x000000061c400000| PB 0x000000061c400000| Untracked 
| 114|0x000000061c800000, 0x000000061c800000, 0x000000061cc00000|  0%| F|  |TAMS 0x000000061c800000| PB 0x000000061c800000| Untracked 
| 115|0x000000061cc00000, 0x000000061cc00000, 0x000000061d000000|  0%| F|  |TAMS 0x000000061cc00000| PB 0x000000061cc00000| Untracked 
| 116|0x000000061d000000, 0x000000061d000000, 0x000000061d400000|  0%| F|  |TAMS 0x000000061d000000| PB 0x000000061d000000| Untracked 
| 117|0x000000061d400000, 0x000000061d400000, 0x000000061d800000|  0%| F|  |TAMS 0x000000061d400000| PB 0x000000061d400000| Untracked 
| 118|0x000000061d800000, 0x000000061d800000, 0x000000061dc00000|  0%| F|  |TAMS 0x000000061d800000| PB 0x000000061d800000| Untracked 
| 119|0x000000061dc00000, 0x000000061dc00000, 0x000000061e000000|  0%| F|  |TAMS 0x000000061dc00000| PB 0x000000061dc00000| Untracked 
| 120|0x000000061e000000, 0x000000061e000000, 0x000000061e400000|  0%| F|  |TAMS 0x000000061e000000| PB 0x000000061e000000| Untracked 
| 121|0x000000061e400000, 0x000000061e400000, 0x000000061e800000|  0%| F|  |TAMS 0x000000061e400000| PB 0x000000061e400000| Untracked 
| 122|0x000000061e800000, 0x000000061e800000, 0x000000061ec00000|  0%| F|  |TAMS 0x000000061e800000| PB 0x000000061e800000| Untracked 
|2047|0x00000007ffc00000, 0x0000000800000000, 0x0000000800000000|100%| O|  |TAMS 0x00000007ffc00000| PB 0x00000007ffc00000| Untracked 

Card table byte_map: [0x000001ec64420000,0x000001ec65420000] _byte_map_base: 0x000001ec61420000

Marking Bits: (CMBitMap*) 0x000001ec5daf3310
 Bits: [0x000001ec65420000, 0x000001ec6d420000)

Polling page: 0x000001ec62540000

Metaspace:

Usage:
  Non-class:     41.42 MB used.
      Class:      6.58 MB used.
       Both:     48.00 MB used.

Virtual space:
  Non-class space:       64.00 MB reserved,      42.06 MB ( 66%) committed,  1 nodes.
      Class space:        1.00 GB reserved,       7.12 MB ( <1%) committed,  1 nodes.
             Both:        1.06 GB reserved,      49.19 MB (  5%) committed. 

Chunk freelists:
   Non-Class:  5.94 MB
       Class:  8.83 MB
        Both:  14.77 MB

MaxMetaspaceSize: 4.00 GB
CompressedClassSpaceSize: 1.00 GB
Initial GC threshold: 21.00 MB
Current GC threshold: 58.75 MB
CDS: on
 - commit_granule_bytes: 65536.
 - commit_granule_words: 8192.
 - virtual_space_node_default_size: 8388608.
 - enlarge_chunks_in_place: 1.
 - use_allocation_guard: 0.


Internal statistics:

num_allocs_failed_limit: 6.
num_arena_births: 2056.
num_arena_deaths: 0.
num_vsnodes_births: 2.
num_vsnodes_deaths: 0.
num_space_committed: 787.
num_space_uncommitted: 0.
num_chunks_returned_to_freelist: 6.
num_chunks_taken_from_freelist: 4119.
num_chunk_merges: 6.
num_chunk_splits: 2700.
num_chunks_enlarged: 1753.
num_inconsistent_stats: 0.

CodeHeap 'non-profiled nmethods': size=259264Kb used=7882Kb max_used=7882Kb free=251381Kb
 bounds [0x000001ec102d0000, 0x000001ec10a90000, 0x000001ec20000000]
CodeHeap 'profiled nmethods': size=259264Kb used=15812Kb max_used=15812Kb free=243451Kb
 bounds [0x000001ec00000000, 0x000001ec00f80000, 0x000001ec0fd30000]
CodeHeap 'non-nmethods': size=5760Kb used=2602Kb max_used=2698Kb free=3158Kb
 bounds [0x000001ec0fd30000, 0x000001ec0fff0000, 0x000001ec102d0000]
CodeCache: size=524288Kb, used=26296Kb, max_used=26392Kb, free=497990Kb
 total_blobs=8478, nmethods=7608, adapters=774, full_count=0
Compilation: enabled, stopped_count=0, restarted_count=0

Compilation events (20 events):
Event: 25.305 Thread 0x000001ec6d688bf0 nmethod 8138 0x000001ec00f6ce90 code [0x000001ec00f6d060, 0x000001ec00f6d2f8]
Event: 25.306 Thread 0x000001ec6d6879b0 8136       4       java.lang.StringLatin1::lastIndexOf (125 bytes)
Event: 25.308 Thread 0x000001ec6d6879b0 nmethod 8136 0x000001ec10a82590 code [0x000001ec10a82720, 0x000001ec10a828c8]
Event: 25.308 Thread 0x000001ec6d6879b0 8140       4       org.objectweb.asm.ClassReader::readCode (5117 bytes)
Event: 25.347 Thread 0x000001ec6d688bf0 8141       3       org.gradle.internal.progress.PercentageProgressFormatter::getProgress (47 bytes)
Event: 25.347 Thread 0x000001ec6d688bf0 nmethod 8141 0x000001ec00f6d490 code [0x000001ec00f6d700, 0x000001ec00f6dd68]
Event: 25.347 Thread 0x000001ec6d688bf0 8142       3       org.gradle.internal.logging.progress.DefaultProgressLoggerFactory$ProgressLoggerImpl::progress (7 bytes)
Event: 25.347 Thread 0x000001ec6d688bf0 nmethod 8142 0x000001ec00f6e010 code [0x000001ec00f6e1c0, 0x000001ec00f6e320]
Event: 25.348 Thread 0x000001ec6d688bf0 8143   !   3       java.util.zip.ZipFile::entries (34 bytes)
Event: 25.348 Thread 0x000001ec6d688bf0 nmethod 8143 0x000001ec00f6e410 code [0x000001ec00f6e5e0, 0x000001ec00f6e9b0]
Event: 25.349 Thread 0x000001ec6d688bf0 8144       3       org.gradle.internal.progress.PercentageProgressFormatter::increment (52 bytes)
Event: 25.350 Thread 0x000001ec6d688bf0 nmethod 8144 0x000001ec00f6eb90 code [0x000001ec00f6edc0, 0x000001ec00f6f3a8]
Event: 25.359 Thread 0x000001ec6d688bf0 8145       3       org.gradle.internal.logging.serializer.ProgressEventSerializer::write (10 bytes)
Event: 25.360 Thread 0x000001ec6d688bf0 nmethod 8145 0x000001ec00f6f610 code [0x000001ec00f6f800, 0x000001ec00f6fda0]
Event: 25.360 Thread 0x000001ec6d688bf0 8146       3       org.gradle.internal.logging.serializer.ProgressEventSerializer::write (34 bytes)
Event: 25.360 Thread 0x000001ec6d688bf0 nmethod 8146 0x000001ec00f6ff90 code [0x000001ec00f70160, 0x000001ec00f70560]
Event: 25.622 Thread 0x000001ec6d688bf0 8147       3       java.lang.invoke.DirectMethodHandle$Holder::invokeStatic (21 bytes)
Event: 25.622 Thread 0x000001ec6d688bf0 nmethod 8147 0x000001ec00f70690 code [0x000001ec00f70860, 0x000001ec00f70d40]
Event: 25.622 Thread 0x000001ec6d688bf0 8148       3       java.lang.StringConcatHelper::prepend (22 bytes)
Event: 25.622 Thread 0x000001ec6d688bf0 nmethod 8148 0x000001ec00f70e90 code [0x000001ec00f71040, 0x000001ec00f711c8]

GC Heap History (20 events):
Event: 20.801 GC heap after
{Heap after GC invocations=39 (full 0):
 garbage-first heap   total 344064K, used 69585K [0x0000000600000000, 0x0000000800000000)
  region size 4096K, 4 young (16384K), 4 survivors (16384K)
 Metaspace       used 49109K, committed 50368K, reserved 1114112K
  class space    used 6733K, committed 7296K, reserved 1048576K
}
Event: 21.091 GC heap before
{Heap before GC invocations=39 (full 0):
 garbage-first heap   total 344064K, used 258001K [0x0000000600000000, 0x0000000800000000)
  region size 4096K, 50 young (204800K), 4 survivors (16384K)
 Metaspace       used 49109K, committed 50368K, reserved 1114112K
  class space    used 6733K, committed 7296K, reserved 1048576K
}
Event: 21.099 GC heap after
{Heap after GC invocations=40 (full 0):
 garbage-first heap   total 344064K, used 71360K [0x0000000600000000, 0x0000000800000000)
  region size 4096K, 4 young (16384K), 4 survivors (16384K)
 Metaspace       used 49109K, committed 50368K, reserved 1114112K
  class space    used 6733K, committed 7296K, reserved 1048576K
}
Event: 21.392 GC heap before
{Heap before GC invocations=40 (full 0):
 garbage-first heap   total 344064K, used 259776K [0x0000000600000000, 0x0000000800000000)
  region size 4096K, 50 young (204800K), 4 survivors (16384K)
 Metaspace       used 49109K, committed 50368K, reserved 1114112K
  class space    used 6733K, committed 7296K, reserved 1048576K
}
Event: 21.402 GC heap after
{Heap after GC invocations=41 (full 0):
 garbage-first heap   total 413696K, used 71992K [0x0000000600000000, 0x0000000800000000)
  region size 4096K, 4 young (16384K), 4 survivors (16384K)
 Metaspace       used 49109K, committed 50368K, reserved 1114112K
  class space    used 6733K, committed 7296K, reserved 1048576K
}
Event: 21.724 GC heap before
{Heap before GC invocations=41 (full 0):
 garbage-first heap   total 413696K, used 301368K [0x0000000600000000, 0x0000000800000000)
  region size 4096K, 60 young (245760K), 4 survivors (16384K)
 Metaspace       used 49110K, committed 50368K, reserved 1114112K
  class space    used 6733K, committed 7296K, reserved 1048576K
}
Event: 21.734 GC heap after
{Heap after GC invocations=42 (full 0):
 garbage-first heap   total 413696K, used 73283K [0x0000000600000000, 0x0000000800000000)
  region size 4096K, 4 young (16384K), 4 survivors (16384K)
 Metaspace       used 49110K, committed 50368K, reserved 1114112K
  class space    used 6733K, committed 7296K, reserved 1048576K
}
Event: 22.097 GC heap before
{Heap before GC invocations=42 (full 0):
 garbage-first heap   total 413696K, used 302659K [0x0000000600000000, 0x0000000800000000)
  region size 4096K, 60 young (245760K), 4 survivors (16384K)
 Metaspace       used 49110K, committed 50368K, reserved 1114112K
  class space    used 6733K, committed 7296K, reserved 1048576K
}
Event: 22.108 GC heap after
{Heap after GC invocations=43 (full 0):
 garbage-first heap   total 413696K, used 74693K [0x0000000600000000, 0x0000000800000000)
  region size 4096K, 4 young (16384K), 4 survivors (16384K)
 Metaspace       used 49110K, committed 50368K, reserved 1114112K
  class space    used 6733K, committed 7296K, reserved 1048576K
}
Event: 22.466 GC heap before
{Heap before GC invocations=43 (full 0):
 garbage-first heap   total 413696K, used 304069K [0x0000000600000000, 0x0000000800000000)
  region size 4096K, 60 young (245760K), 4 survivors (16384K)
 Metaspace       used 49114K, committed 50368K, reserved 1114112K
  class space    used 6733K, committed 7296K, reserved 1048576K
}
Event: 22.475 GC heap after
{Heap after GC invocations=44 (full 0):
 garbage-first heap   total 413696K, used 76671K [0x0000000600000000, 0x0000000800000000)
  region size 4096K, 4 young (16384K), 4 survivors (16384K)
 Metaspace       used 49114K, committed 50368K, reserved 1114112K
  class space    used 6733K, committed 7296K, reserved 1048576K
}
Event: 22.890 GC heap before
{Heap before GC invocations=44 (full 0):
 garbage-first heap   total 413696K, used 306047K [0x0000000600000000, 0x0000000800000000)
  region size 4096K, 60 young (245760K), 4 survivors (16384K)
 Metaspace       used 49115K, committed 50368K, reserved 1114112K
  class space    used 6733K, committed 7296K, reserved 1048576K
}
Event: 22.901 GC heap after
{Heap after GC invocations=45 (full 0):
 garbage-first heap   total 507904K, used 77576K [0x0000000600000000, 0x0000000800000000)
  region size 4096K, 4 young (16384K), 4 survivors (16384K)
 Metaspace       used 49115K, committed 50368K, reserved 1114112K
  class space    used 6733K, committed 7296K, reserved 1048576K
}
Event: 23.582 GC heap before
{Heap before GC invocations=45 (full 0):
 garbage-first heap   total 507904K, used 364296K [0x0000000600000000, 0x0000000800000000)
  region size 4096K, 74 young (303104K), 4 survivors (16384K)
 Metaspace       used 49118K, committed 50368K, reserved 1114112K
  class space    used 6733K, committed 7296K, reserved 1048576K
}
Event: 23.593 GC heap after
{Heap after GC invocations=46 (full 0):
 garbage-first heap   total 507904K, used 79251K [0x0000000600000000, 0x0000000800000000)
  region size 4096K, 5 young (20480K), 5 survivors (20480K)
 Metaspace       used 49118K, committed 50368K, reserved 1114112K
  class space    used 6733K, committed 7296K, reserved 1048576K
}
Event: 24.234 GC heap before
{Heap before GC invocations=46 (full 0):
 garbage-first heap   total 507904K, used 361875K [0x0000000600000000, 0x0000000800000000)
  region size 4096K, 74 young (303104K), 5 survivors (20480K)
 Metaspace       used 49136K, committed 50368K, reserved 1114112K
  class space    used 6733K, committed 7296K, reserved 1048576K
}
Event: 24.247 GC heap after
{Heap after GC invocations=47 (full 0):
 garbage-first heap   total 507904K, used 80687K [0x0000000600000000, 0x0000000800000000)
  region size 4096K, 5 young (20480K), 5 survivors (20480K)
 Metaspace       used 49136K, committed 50368K, reserved 1114112K
  class space    used 6733K, committed 7296K, reserved 1048576K
}
Event: 24.900 GC heap before
{Heap before GC invocations=47 (full 0):
 garbage-first heap   total 507904K, used 363311K [0x0000000600000000, 0x0000000800000000)
  region size 4096K, 74 young (303104K), 5 survivors (20480K)
 Metaspace       used 49142K, committed 50368K, reserved 1114112K
  class space    used 6733K, committed 7296K, reserved 1048576K
}
Event: 24.913 GC heap after
{Heap after GC invocations=48 (full 0):
 garbage-first heap   total 507904K, used 82538K [0x0000000600000000, 0x0000000800000000)
  region size 4096K, 5 young (20480K), 5 survivors (20480K)
 Metaspace       used 49142K, committed 50368K, reserved 1114112K
  class space    used 6733K, committed 7296K, reserved 1048576K
}
Event: 25.652 GC heap before
{Heap before GC invocations=48 (full 0):
 garbage-first heap   total 507904K, used 365162K [0x0000000600000000, 0x0000000800000000)
  region size 4096K, 74 young (303104K), 5 survivors (20480K)
 Metaspace       used 49152K, committed 50368K, reserved 1114112K
  class space    used 6733K, committed 7296K, reserved 1048576K
}

Dll operation events (14 events):
Event: 0.019 Loaded shared library C:\Users\HP\.antigravity\extensions\redhat.java-1.54.0-win32-x64\jre\21.0.10-win32-x86_64\bin\java.dll
Event: 0.098 Loaded shared library C:\Users\HP\.antigravity\extensions\redhat.java-1.54.0-win32-x64\jre\21.0.10-win32-x86_64\bin\zip.dll
Event: 0.120 Loaded shared library C:\Users\HP\.antigravity\extensions\redhat.java-1.54.0-win32-x64\jre\21.0.10-win32-x86_64\bin\instrument.dll
Event: 0.128 Loaded shared library C:\Users\HP\.antigravity\extensions\redhat.java-1.54.0-win32-x64\jre\21.0.10-win32-x86_64\bin\net.dll
Event: 0.132 Loaded shared library C:\Users\HP\.antigravity\extensions\redhat.java-1.54.0-win32-x64\jre\21.0.10-win32-x86_64\bin\nio.dll
Event: 0.136 Loaded shared library C:\Users\HP\.antigravity\extensions\redhat.java-1.54.0-win32-x64\jre\21.0.10-win32-x86_64\bin\zip.dll
Event: 0.525 Loaded shared library C:\Users\HP\.antigravity\extensions\redhat.java-1.54.0-win32-x64\jre\21.0.10-win32-x86_64\bin\jimage.dll
Event: 0.859 Loaded shared library C:\Users\HP\.antigravity\extensions\redhat.java-1.54.0-win32-x64\jre\21.0.10-win32-x86_64\bin\verify.dll
Event: 1.017 Loaded shared library C:\Users\HP\.gradle\native\1def1411415f61bf3af743bc5b6707747c0891f09f0c88961ee8f79bc544acac\windows-amd64\native-platform.dll
Event: 1.071 Loaded shared library C:\Users\HP\.gradle\native\0.2.7\x86_64-windows-gnu\gradle-fileevents.dll
Event: 2.549 Loaded shared library C:\Users\HP\.antigravity\extensions\redhat.java-1.54.0-win32-x64\jre\21.0.10-win32-x86_64\bin\management.dll
Event: 2.556 Loaded shared library C:\Users\HP\.antigravity\extensions\redhat.java-1.54.0-win32-x64\jre\21.0.10-win32-x86_64\bin\management_ext.dll
Event: 2.745 Loaded shared library C:\Users\HP\.antigravity\extensions\redhat.java-1.54.0-win32-x64\jre\21.0.10-win32-x86_64\bin\extnet.dll
Event: 3.030 Loaded shared library C:\Users\HP\.antigravity\extensions\redhat.java-1.54.0-win32-x64\jre\21.0.10-win32-x86_64\bin\sunmscapi.dll

Deoptimization events (20 events):
Event: 25.608 Thread 0x000001ecb7174340 DEOPT PACKING pc=0x000001ec00f4a399 sp=0x00000044dfcf7590
Event: 25.608 Thread 0x000001ecb7174340 DEOPT UNPACKING pc=0x000001ec0fd84bc2 sp=0x00000044dfcf6ca0 mode 0
Event: 25.615 Thread 0x000001ecb7174340 DEOPT PACKING pc=0x000001ec00f491d2 sp=0x00000044dfcf7590
Event: 25.615 Thread 0x000001ecb7174340 DEOPT UNPACKING pc=0x000001ec0fd84bc2 sp=0x00000044dfcf6ca0 mode 0
Event: 25.622 Thread 0x000001ecb7174340 DEOPT PACKING pc=0x000001ec00f491d2 sp=0x00000044dfcf7590
Event: 25.622 Thread 0x000001ecb7174340 DEOPT UNPACKING pc=0x000001ec0fd84bc2 sp=0x00000044dfcf6ca0 mode 0
Event: 25.627 Thread 0x000001ecb7174340 DEOPT PACKING pc=0x000001ec00f4a399 sp=0x00000044dfcf7590
Event: 25.627 Thread 0x000001ecb7174340 DEOPT UNPACKING pc=0x000001ec0fd84bc2 sp=0x00000044dfcf6ca0 mode 0
Event: 25.630 Thread 0x000001ecb7174340 DEOPT PACKING pc=0x000001ec00f491d2 sp=0x00000044dfcf7590
Event: 25.630 Thread 0x000001ecb7174340 DEOPT UNPACKING pc=0x000001ec0fd84bc2 sp=0x00000044dfcf6ca0 mode 0
Event: 25.635 Thread 0x000001ecb7174340 DEOPT PACKING pc=0x000001ec00f4a399 sp=0x00000044dfcf7590
Event: 25.635 Thread 0x000001ecb7174340 DEOPT UNPACKING pc=0x000001ec0fd84bc2 sp=0x00000044dfcf6ca0 mode 0
Event: 25.643 Thread 0x000001ecb7174340 DEOPT PACKING pc=0x000001ec00f4a399 sp=0x00000044dfcf7590
Event: 25.643 Thread 0x000001ecb7174340 DEOPT UNPACKING pc=0x000001ec0fd84bc2 sp=0x00000044dfcf6ca0 mode 0
Event: 25.647 Thread 0x000001ecb7174340 DEOPT PACKING pc=0x000001ec00f491d2 sp=0x00000044dfcf7590
Event: 25.647 Thread 0x000001ecb7174340 DEOPT UNPACKING pc=0x000001ec0fd84bc2 sp=0x00000044dfcf6ca0 mode 0
Event: 25.650 Thread 0x000001ecb7174340 DEOPT PACKING pc=0x000001ec00f491d2 sp=0x00000044dfcf7590
Event: 25.650 Thread 0x000001ecb7174340 DEOPT UNPACKING pc=0x000001ec0fd84bc2 sp=0x00000044dfcf6ca0 mode 0
Event: 25.651 Thread 0x000001ecb7174340 DEOPT PACKING pc=0x000001ec00f491d2 sp=0x00000044dfcf7590
Event: 25.651 Thread 0x000001ecb7174340 DEOPT UNPACKING pc=0x000001ec0fd84bc2 sp=0x00000044dfcf6ca0 mode 0

Classes loaded (20 events):
Event: 12.156 Loading class java/nio/charset/UnsupportedCharsetException
Event: 12.156 Loading class java/nio/charset/UnsupportedCharsetException done
Event: 12.160 Loading class java/util/Collections$UnmodifiableSortedMap
Event: 12.160 Loading class java/util/Collections$UnmodifiableSortedMap done
Event: 12.162 Loading class java/util/zip/Deflater
Event: 12.162 Loading class java/util/zip/Deflater done
Event: 12.167 Loading class java/util/zip/Deflater$DeflaterZStreamRef
Event: 12.167 Loading class java/util/zip/Deflater$DeflaterZStreamRef done
Event: 12.175 Loading class java/util/zip/ZipFile$ZipEntryIterator
Event: 12.175 Loading class java/util/zip/ZipFile$ZipEntryIterator done
Event: 12.225 Loading class java/nio/StringCharBuffer
Event: 12.225 Loading class java/nio/StringCharBuffer done
Event: 12.366 Loading class java/lang/foreign/MemorySegment
Event: 12.367 Loading class java/lang/foreign/MemorySegment done
Event: 13.022 Loading class java/util/concurrent/LinkedBlockingDeque$Itr
Event: 13.022 Loading class java/util/concurrent/LinkedBlockingDeque$AbstractItr
Event: 13.022 Loading class java/util/concurrent/LinkedBlockingDeque$AbstractItr done
Event: 13.022 Loading class java/util/concurrent/LinkedBlockingDeque$Itr done
Event: 15.553 Loading class java/util/regex/Pattern$Caret
Event: 15.553 Loading class java/util/regex/Pattern$Caret done

Classes unloaded (0 events):
No events

Classes redefined (0 events):
No events

Internal exceptions (20 events):
Event: 11.541 Thread 0x000001ecb7174340 Exception <a 'sun/nio/fs/WindowsException'{0x0000000603f12d38}> (0x0000000603f12d38) 
thrown [s\src\hotspot\share\prims\jni.cpp, line 520]
Event: 11.579 Thread 0x000001ecb8705030 Exception <a 'sun/nio/fs/WindowsException'{0x0000000603f96c38}> (0x0000000603f96c38) 
thrown [s\src\hotspot\share\prims\jni.cpp, line 520]
Event: 11.580 Thread 0x000001ecb8705030 Exception <a 'sun/nio/fs/WindowsException'{0x0000000603f97280}> (0x0000000603f97280) 
thrown [s\src\hotspot\share\prims\jni.cpp, line 520]
Event: 11.583 Thread 0x000001ecb8705030 Exception <a 'sun/nio/fs/WindowsException'{0x0000000603fa2b78}> (0x0000000603fa2b78) 
thrown [s\src\hotspot\share\prims\jni.cpp, line 520]
Event: 11.721 Thread 0x000001ecb7174340 Exception <a 'java/lang/NoSuchMethodError'{0x0000000607ffcb60}: 'java.lang.Object java.lang.invoke.DirectMethodHandle$Holder.newInvokeSpecial(java.lang.Object, java.lang.Object, int, int)'> (0x0000000607ffcb60) 
thrown [s\src\hotspot\share\interpreter\linkResolver.cpp, line 773]
Event: 11.721 Thread 0x000001ecb7174340 Exception <a 'java/lang/NoSuchMethodError'{0x0000000607801fc8}: 'java.lang.Object java.lang.invoke.DirectMethodHandle$Holder.invokeSpecial(java.lang.Object, java.lang.Object, java.lang.Object, int, int)'> (0x0000000607801fc8) 
thrown [s\src\hotspot\share\interpreter\linkResolver.cpp, line 773]
Event: 11.728 Thread 0x000001ecb7174340 Exception <a 'java/lang/NoSuchMethodError'{0x0000000607839630}: 'void java.lang.invoke.DirectMethodHandle$Holder.invokeSpecial(java.lang.Object, java.lang.Object, int)'> (0x0000000607839630) 
thrown [s\src\hotspot\share\interpreter\linkResolver.cpp, line 773]
Event: 11.729 Thread 0x000001ecb7174340 Exception <a 'java/lang/NoSuchMethodError'{0x000000060783db88}: 'void java.lang.invoke.Invokers$Holder.invokeExact_MT(java.lang.Object, int, java.lang.Object)'> (0x000000060783db88) 
thrown [s\src\hotspot\share\interpreter\linkResolver.cpp, line 773]
Event: 11.731 Thread 0x000001ecb7174340 Exception <a 'java/lang/IncompatibleClassChangeError'{0x000000060784ebb8}: Found class java.lang.Object, but interface was expected> (0x000000060784ebb8) 
thrown [s\src\hotspot\share\interpreter\linkResolver.cpp, line 840]
Event: 11.770 Thread 0x000001ecb7174340 Exception <a 'sun/nio/fs/WindowsException'{0x000000060793f148}> (0x000000060793f148) 
thrown [s\src\hotspot\share\prims\jni.cpp, line 520]
Event: 11.808 Thread 0x000001ecb7174340 Exception <a 'java/lang/NoSuchMethodError'{0x0000000607a78868}: 'java.lang.Object java.lang.invoke.Invokers$Holder.invoker(java.lang.Object, java.lang.Object, java.lang.Object, java.lang.Object, java.lang.Object, java.lang.Object)'> (0x0000000607a78868) 
thrown [s\src\hotspot\share\interpreter\linkResolver.cpp, line 773]
Event: 11.849 Thread 0x000001ecb7174340 Exception <a 'java/lang/NoSuchMethodError'{0x0000000607bab320}: 'java.lang.Object java.lang.invoke.DirectMethodHandle$Holder.invokeSpecial(java.lang.Object, java.lang.Object, java.lang.Object, java.lang.Object, java.lang.Object, java.lang.Object, java.lang.Object, java.lang.Object, java.lang.Object, java.lang.Object, java.lang.Object, java.lang.Object, java.lang.Object, java.lang.Object, java.lang.Object, java.lang.Object, java.lang.Object, java.lang.Object, java.lang.Object, java.lang.Object, java.lang.Ob
Event: 11.850 Thread 0x000001ecb7174340 Exception <a 'java/lang/NoSuchMethodError'{0x0000000607bb16a8}: 'java.lang.Object java.lang.invoke.DelegatingMethodHandle$Holder.reinvoke_L(java.lang.Object, java.lang.Object, java.lang.Object, java.lang.Object, java.lang.Object, java.lang.Object, java.lang.Object, java.lang.Object, java.lang.Object, java.lang.Object, java.lang.Object, java.lang.Object, java.lang.Object, java.lang.Object, java.lang.Object, java.lang.Object, java.lang.Object, java.lang.Object, java.lang.Object, java.lang.Object, java.lang.O
Event: 11.850 Thread 0x000001ecb7174340 Exception <a 'java/lang/NoSuchMethodError'{0x0000000607bbcb40}: 'java.lang.Object java.lang.invoke.Invokers$Holder.invoker(java.lang.Object, java.lang.Object, java.lang.Object, java.lang.Object, java.lang.Object, java.lang.Object, java.lang.Object, java.lang.Object, java.lang.Object, java.lang.Object, java.lang.Object, java.lang.Object, java.lang.Object, java.lang.Object, java.lang.Object, java.lang.Object, java.lang.Object, java.lang.Object, java.lang.Object, java.lang.Object, java.lang.Object, java.lang.
Event: 11.851 Thread 0x000001ecb7174340 Exception <a 'java/lang/NoSuchMethodError'{0x0000000607bc3778}: 'java.lang.Object java.lang.invoke.DelegatingMethodHandle$Holder.delegate(java.lang.Object, java.lang.Object, java.lang.Object, java.lang.Object, java.lang.Object, java.lang.Object, java.lang.Object, java.lang.Object, java.lang.Object, java.lang.Object, java.lang.Object, java.lang.Object, java.lang.Object, java.lang.Object, java.lang.Object, java.lang.Object, java.lang.Object, java.lang.Object, java.lang.Object, java.lang.Object, java.lang.Obj
Event: 11.860 Thread 0x000001ecb7174340 Exception <a 'java/lang/NoSuchMethodError'{0x00000006074984b0}: 'java.lang.Object java.lang.invoke.DirectMethodHandle$Holder.invokeStatic(java.lang.Object, java.lang.Object, java.lang.Object, java.lang.Object, java.lang.Object, java.lang.Object, java.lang.Object, java.lang.Object, java.lang.Object, java.lang.Object, java.lang.Object, java.lang.Object, java.lang.Object, java.lang.Object, java.lang.Object, java.lang.Object, java.lang.Object, java.lang.Object, java.lang.Object, java.lang.Object, java.lang.Obj
Event: 11.864 Thread 0x000001ecb7174340 Exception <a 'java/lang/NoSuchMethodError'{0x00000006074cda50}: 'java.lang.Object java.lang.invoke.DirectMethodHandle$Holder.invokeStatic(java.lang.Object, java.lang.Object, java.lang.Object, java.lang.Object, java.lang.Object, java.lang.Object, java.lang.Object, java.lang.Object, java.lang.Object, java.lang.Object, java.lang.Object, java.lang.Object, java.lang.Object, java.lang.Object, java.lang.Object, java.lang.Object, java.lang.Object, java.lang.Object, java.lang.Object, java.lang.Object, java.lang.Obj
Event: 12.141 Thread 0x000001ecb7174340 Exception <a 'sun/nio/fs/WindowsException'{0x0000000605b67f68}> (0x0000000605b67f68) 
thrown [s\src\hotspot\share\prims\jni.cpp, line 520]
Event: 12.142 Thread 0x000001ecb7174340 Exception <a 'sun/nio/fs/WindowsException'{0x0000000605b697e0}> (0x0000000605b697e0) 
thrown [s\src\hotspot\share\prims\jni.cpp, line 520]
Event: 12.177 Thread 0x000001ecb7174340 Implicit null exception at 0x000001ec104b4fef to 0x000001ec104b5b9c

ZGC Phase Switch (0 events):
No events

VM Operations (20 events):
Event: 20.801 Executing safepoint VM operation: G1CollectForAllocation (G1 Evacuation Pause) done
Event: 21.091 Executing safepoint VM operation: G1CollectForAllocation (G1 Evacuation Pause)
Event: 21.100 Executing safepoint VM operation: G1CollectForAllocation (G1 Evacuation Pause) done
Event: 21.392 Executing safepoint VM operation: G1CollectForAllocation (G1 Evacuation Pause)
Event: 21.402 Executing safepoint VM operation: G1CollectForAllocation (G1 Evacuation Pause) done
Event: 21.724 Executing safepoint VM operation: G1CollectForAllocation (G1 Evacuation Pause)
Event: 21.734 Executing safepoint VM operation: G1CollectForAllocation (G1 Evacuation Pause) done
Event: 22.097 Executing safepoint VM operation: G1CollectForAllocation (G1 Evacuation Pause)
Event: 22.108 Executing safepoint VM operation: G1CollectForAllocation (G1 Evacuation Pause) done
Event: 22.466 Executing safepoint VM operation: G1CollectForAllocation (G1 Evacuation Pause)
Event: 22.475 Executing safepoint VM operation: G1CollectForAllocation (G1 Evacuation Pause) done
Event: 22.890 Executing safepoint VM operation: G1CollectForAllocation (G1 Evacuation Pause)
Event: 22.901 Executing safepoint VM operation: G1CollectForAllocation (G1 Evacuation Pause) done
Event: 23.582 Executing safepoint VM operation: G1CollectForAllocation (G1 Evacuation Pause)
Event: 23.593 Executing safepoint VM operation: G1CollectForAllocation (G1 Evacuation Pause) done
Event: 24.234 Executing safepoint VM operation: G1CollectForAllocation (G1 Evacuation Pause)
Event: 24.247 Executing safepoint VM operation: G1CollectForAllocation (G1 Evacuation Pause) done
Event: 24.900 Executing safepoint VM operation: G1CollectForAllocation (G1 Evacuation Pause)
Event: 24.913 Executing safepoint VM operation: G1CollectForAllocation (G1 Evacuation Pause) done
Event: 25.652 Executing safepoint VM operation: G1CollectForAllocation (G1 Evacuation Pause)

Memory protections (0 events):
No events

Nmethod flushes (20 events):
Event: 7.266 Thread 0x000001ec6d65bcd0 flushing  nmethod 0x000001ec0019ce10
Event: 7.266 Thread 0x000001ec6d65bcd0 flushing  nmethod 0x000001ec0019d490
Event: 7.266 Thread 0x000001ec6d65bcd0 flushing  nmethod 0x000001ec001be410
Event: 7.266 Thread 0x000001ec6d65bcd0 flushing  nmethod 0x000001ec001e2290
Event: 7.266 Thread 0x000001ec6d65bcd0 flushing  nmethod 0x000001ec001e8710
Event: 7.266 Thread 0x000001ec6d65bcd0 flushing  nmethod 0x000001ec001e9490
Event: 7.266 Thread 0x000001ec6d65bcd0 flushing  nmethod 0x000001ec001e9910
Event: 7.266 Thread 0x000001ec6d65bcd0 flushing  nmethod 0x000001ec001ece90
Event: 7.266 Thread 0x000001ec6d65bcd0 flushing  nmethod 0x000001ec0020e890
Event: 7.266 Thread 0x000001ec6d65bcd0 flushing  nmethod 0x000001ec0020ed10
Event: 7.266 Thread 0x000001ec6d65bcd0 flushing  nmethod 0x000001ec0014a210
Event: 7.266 Thread 0x000001ec6d65bcd0 flushing  nmethod 0x000001ec0014aa90
Event: 7.266 Thread 0x000001ec6d65bcd0 flushing  nmethod 0x000001ec0014af90
Event: 7.266 Thread 0x000001ec6d65bcd0 flushing  nmethod 0x000001ec0014b590
Event: 7.266 Thread 0x000001ec6d65bcd0 flushing  nmethod 0x000001ec0014bd90
Event: 7.266 Thread 0x000001ec6d65bcd0 flushing  nmethod 0x000001ec003fc710
Event: 7.266 Thread 0x000001ec6d65bcd0 flushing  nmethod 0x000001ec003fca10
Event: 7.266 Thread 0x000001ec6d65bcd0 flushing  nmethod 0x000001ec003fde90
Event: 7.266 Thread 0x000001ec6d65bcd0 flushing  nmethod 0x000001ec0040da90
Event: 7.266 Thread 0x000001ec6d65bcd0 flushing  nmethod 0x000001ec00455610

Events (20 events):
Event: 8.333 Thread 0x000001ecb7174340 Thread added: 0x000001ecb8703c80
Event: 8.563 Thread 0x000001ecb7174340 Thread added: 0x000001ecb8707e20
Event: 8.609 Thread 0x000001ecb7174340 Thread added: 0x000001ecb87084b0
Event: 9.507 Thread 0x000001ecb7174340 Thread added: 0x000001ecb870ac10
Event: 10.006 Thread 0x000001ecb7174340 Thread added: 0x000001ecb87091d0
Event: 10.319 Thread 0x000001ecb7174340 Thread added: 0x000001ecb8709860
Event: 10.522 Thread 0x000001ecb7174340 Thread added: 0x000001ecb870a580
Event: 10.701 Thread 0x000001ecb7174340 Thread added: 0x000001ecb8709ef0
Event: 10.925 Thread 0x000001ecb7174340 Thread added: 0x000001ecb8707790
Event: 11.047 Thread 0x000001ecb7174340 Thread added: 0x000001ecb870b2a0
Event: 11.241 Thread 0x000001ecb8df4870 Thread exited: 0x000001ecb8df4870
Event: 11.288 Thread 0x000001ec6d6879b0 Thread added: 0x000001ecb8df4870
Event: 19.082 Thread 0x000001ecb8df4870 Thread exited: 0x000001ecb8df4870
Event: 19.160 Thread 0x000001ecb8be0840 Thread exited: 0x000001ecb8be0840
Event: 19.573 Thread 0x000001ec6d688bf0 Thread added: 0x000001ecb8df4870
Event: 19.579 Thread 0x000001ec6d688bf0 Thread added: 0x000001ecbc730820
Event: 19.827 Thread 0x000001ecbc730820 Thread exited: 0x000001ecbc730820
Event: 20.444 Thread 0x000001ecb8df4870 Thread exited: 0x000001ecb8df4870
Event: 23.615 Thread 0x000001ec6d688bf0 Thread added: 0x000001ecbb57c010
Event: 24.107 Thread 0x000001ecbb57c010 Thread exited: 0x000001ecbb57c010


Dynamic libraries:
0x00007ff624000000 - 0x00007ff62400e000 	C:\Users\HP\.antigravity\extensions\redhat.java-1.54.0-win32-x64\jre\21.0.10-win32-x86_64\bin\java.exe
0x00007ffdec620000 - 0x00007ffdec887000 	C:\WINDOWS\SYSTEM32\ntdll.dll
0x00007ffdab7d0000 - 0x00007ffdab7f1000 	C:\Program Files\Avast Software\Avast\aswhook.dll
0x00007ffdeab90000 - 0x00007ffdeac59000 	C:\WINDOWS\System32\KERNEL32.DLL
0x00007ffde8f70000 - 0x00007ffde9364000 	C:\WINDOWS\System32\KERNELBASE.dll
0x00007ffdea0b0000 - 0x00007ffdea1fb000 	C:\WINDOWS\System32\ucrtbase.dll
0x00007ffdd2c70000 - 0x00007ffdd2c8e000 	C:\Users\HP\.antigravity\extensions\redhat.java-1.54.0-win32-x64\jre\21.0.10-win32-x86_64\bin\VCRUNTIME140.dll
0x00007ffdd6790000 - 0x00007ffdd67a8000 	C:\Users\HP\.antigravity\extensions\redhat.java-1.54.0-win32-x64\jre\21.0.10-win32-x86_64\bin\jli.dll
0x00007ffdebf90000 - 0x00007ffdec155000 	C:\WINDOWS\System32\USER32.dll
0x00007ffdea080000 - 0x00007ffdea0a7000 	C:\WINDOWS\System32\win32u.dll
0x00007ffdc4270000 - 0x00007ffdc4503000 	C:\WINDOWS\WinSxS\amd64_microsoft.windows.common-controls_6595b64144ccf1df_6.0.26100.8115_none_3e075c82e3354f9c\COMCTL32.dll
0x00007ffdea4e0000 - 0x00007ffdea50b000 	C:\WINDOWS\System32\GDI32.dll
0x00007ffdead60000 - 0x00007ffdeae09000 	C:\WINDOWS\System32\msvcrt.dll
0x00007ffde9f50000 - 0x00007ffdea07b000 	C:\WINDOWS\System32\gdi32full.dll
0x00007ffde9370000 - 0x00007ffde9413000 	C:\WINDOWS\System32\msvcp_win.dll
0x00007ffdea380000 - 0x00007ffdea3b2000 	C:\WINDOWS\System32\IMM32.DLL
0x00007ffde5ea0000 - 0x00007ffde5eac000 	C:\Users\HP\.antigravity\extensions\redhat.java-1.54.0-win32-x64\jre\21.0.10-win32-x86_64\bin\vcruntime140_1.dll
0x00007ffdc1750000 - 0x00007ffdc17dd000 	C:\Users\HP\.antigravity\extensions\redhat.java-1.54.0-win32-x64\jre\21.0.10-win32-x86_64\bin\msvcp140.dll
0x00007ffd55450000 - 0x00007ffd561f1000 	C:\Users\HP\.antigravity\extensions\redhat.java-1.54.0-win32-x64\jre\21.0.10-win32-x86_64\bin\server\jvm.dll
0x00007ffdeb440000 - 0x00007ffdeb4f6000 	C:\WINDOWS\System32\ADVAPI32.dll
0x00007ffdea750000 - 0x00007ffdea7f7000 	C:\WINDOWS\System32\sechost.dll
0x00007ffdebc70000 - 0x00007ffdebd88000 	C:\WINDOWS\System32\RPCRT4.dll
0x00007ffdea3c0000 - 0x00007ffdea440000 	C:\WINDOWS\System32\WS2_32.dll
0x00007ffde8d20000 - 0x00007ffde8d7e000 	C:\WINDOWS\SYSTEM32\POWRPROF.dll
0x00007ffde26d0000 - 0x00007ffde2706000 	C:\WINDOWS\SYSTEM32\WINMM.dll
0x00007ffdd4c50000 - 0x00007ffdd4c5b000 	C:\WINDOWS\SYSTEM32\VERSION.dll
0x00007ffde8d00000 - 0x00007ffde8d14000 	C:\WINDOWS\SYSTEM32\UMPDC.dll
0x00007ffde7c50000 - 0x00007ffde7c6b000 	C:\WINDOWS\SYSTEM32\kernel.appcore.dll
0x00007ffdd4630000 - 0x00007ffdd463a000 	C:\Users\HP\.antigravity\extensions\redhat.java-1.54.0-win32-x64\jre\21.0.10-win32-x86_64\bin\jimage.dll
0x00007ffde6e50000 - 0x00007ffde7092000 	C:\WINDOWS\SYSTEM32\DBGHELP.DLL
0x00007ffdec220000 - 0x00007ffdec5a2000 	C:\WINDOWS\System32\combase.dll
0x00007ffdea670000 - 0x00007ffdea748000 	C:\WINDOWS\System32\OLEAUT32.dll
0x00007ffdd4740000 - 0x00007ffdd477b000 	C:\WINDOWS\SYSTEM32\dbgcore.DLL
0x00007ffde8ec0000 - 0x00007ffde8f65000 	C:\WINDOWS\System32\bcryptPrimitives.dll
0x00007ffdcc430000 - 0x00007ffdcc43f000 	C:\Users\HP\.antigravity\extensions\redhat.java-1.54.0-win32-x64\jre\21.0.10-win32-x86_64\bin\instrument.dll
0x00007ffdcc410000 - 0x00007ffdcc430000 	C:\Users\HP\.antigravity\extensions\redhat.java-1.54.0-win32-x64\jre\21.0.10-win32-x86_64\bin\java.dll
0x00007ffdeb500000 - 0x00007ffdebc67000 	C:\WINDOWS\System32\SHELL32.dll
0x00007ffde9de0000 - 0x00007ffde9f4a000 	C:\WINDOWS\System32\wintypes.dll
0x00007ffde9420000 - 0x00007ffde9c88000 	C:\WINDOWS\System32\windows.storage.dll
0x00007ffdea540000 - 0x00007ffdea638000 	C:\WINDOWS\System32\SHCORE.dll
0x00007ffdeab20000 - 0x00007ffdeab86000 	C:\WINDOWS\System32\shlwapi.dll
0x00007ffde8de0000 - 0x00007ffde8e09000 	C:\WINDOWS\SYSTEM32\profapi.dll
0x00007ffdc3e20000 - 0x00007ffdc3e38000 	C:\Users\HP\.antigravity\extensions\redhat.java-1.54.0-win32-x64\jre\21.0.10-win32-x86_64\bin\zip.dll
0x00007ffdc2aa0000 - 0x00007ffdc2ab0000 	C:\Users\HP\.antigravity\extensions\redhat.java-1.54.0-win32-x64\jre\21.0.10-win32-x86_64\bin\net.dll
0x00007ffddfe50000 - 0x00007ffddff7d000 	C:\WINDOWS\SYSTEM32\WINHTTP.dll
0x00007ffde81c0000 - 0x00007ffde822c000 	C:\WINDOWS\system32\mswsock.dll
0x00007ffdc2850000 - 0x00007ffdc2866000 	C:\Users\HP\.antigravity\extensions\redhat.java-1.54.0-win32-x64\jre\21.0.10-win32-x86_64\bin\nio.dll
0x00007ffdc2930000 - 0x00007ffdc2940000 	C:\Users\HP\.antigravity\extensions\redhat.java-1.54.0-win32-x64\jre\21.0.10-win32-x86_64\bin\verify.dll
0x00007ffde3ec0000 - 0x00007ffde3ee7000 	C:\Users\HP\.gradle\native\1def1411415f61bf3af743bc5b6707747c0891f09f0c88961ee8f79bc544acac\windows-amd64\native-platform.dll
0x00007ffdc2630000 - 0x00007ffdc26a8000 	C:\Users\HP\.gradle\native\0.2.7\x86_64-windows-gnu\gradle-fileevents.dll
0x00007ffdc1ab0000 - 0x00007ffdc1aba000 	C:\Users\HP\.antigravity\extensions\redhat.java-1.54.0-win32-x64\jre\21.0.10-win32-x86_64\bin\management.dll
0x00007ffdc1aa0000 - 0x00007ffdc1aac000 	C:\Users\HP\.antigravity\extensions\redhat.java-1.54.0-win32-x64\jre\21.0.10-win32-x86_64\bin\management_ext.dll
0x00007ffdea640000 - 0x00007ffdea648000 	C:\WINDOWS\System32\PSAPI.DLL
0x00007ffde7650000 - 0x00007ffde7682000 	C:\WINDOWS\SYSTEM32\IPHLPAPI.DLL
0x00007ffdea660000 - 0x00007ffdea66a000 	C:\WINDOWS\System32\NSI.dll
0x00007ffdc16e0000 - 0x00007ffdc16e9000 	C:\Users\HP\.antigravity\extensions\redhat.java-1.54.0-win32-x64\jre\21.0.10-win32-x86_64\bin\extnet.dll
0x00007ffde84b0000 - 0x00007ffde84cb000 	C:\WINDOWS\SYSTEM32\CRYPTSP.dll
0x00007ffde7bb0000 - 0x00007ffde7be9000 	C:\WINDOWS\system32\rsaenh.dll
0x00007ffde8270000 - 0x00007ffde82a3000 	C:\WINDOWS\SYSTEM32\USERENV.dll
0x00007ffde8db0000 - 0x00007ffde8dda000 	C:\WINDOWS\SYSTEM32\bcrypt.dll
0x00007ffde84a0000 - 0x00007ffde84ac000 	C:\WINDOWS\SYSTEM32\CRYPTBASE.dll
0x00007ffdc16f0000 - 0x00007ffdc16fe000 	C:\Users\HP\.antigravity\extensions\redhat.java-1.54.0-win32-x64\jre\21.0.10-win32-x86_64\bin\sunmscapi.dll
0x00007ffdea200000 - 0x00007ffdea377000 	C:\WINDOWS\System32\CRYPT32.dll
0x00007ffde86c0000 - 0x00007ffde86f0000 	C:\WINDOWS\SYSTEM32\ncrypt.dll
0x00007ffde8670000 - 0x00007ffde86af000 	C:\WINDOWS\SYSTEM32\NTASN1.dll
0x00007ffd99290000 - 0x00007ffd99298000 	C:\WINDOWS\system32\wshunix.dll
0x00007ffde7d70000 - 0x00007ffde7da6000 	C:\WINDOWS\SYSTEM32\ntmarta.dll

JVMTI agents:
C:\Users\HP\.gradle\wrapper\dists\gradle-8.14-all\c2qonpi39x1mddn7hk5gh9iqj\gradle-8.14\lib\agents\gradle-instrumentation-agent-8.14.jar path:C:\Users\HP\.antigravity\extensions\redhat.java-1.54.0-win32-x64\jre\21.0.10-win32-x86_64\bin\instrument.dll, loaded, initialized, instrumentlib options:none

dbghelp: loaded successfully - version: 4.0.5 - missing functions: none
symbol engine: initialized successfully - sym options: 0x614 - pdb path: .;C:\Users\HP\.antigravity\extensions\redhat.java-1.54.0-win32-x64\jre\21.0.10-win32-x86_64\bin;C:\WINDOWS\SYSTEM32;C:\Program Files\Avast Software\Avast;C:\WINDOWS\WinSxS\amd64_microsoft.windows.common-controls_6595b64144ccf1df_6.0.26100.8115_none_3e075c82e3354f9c;C:\Users\HP\.antigravity\extensions\redhat.java-1.54.0-win32-x64\jre\21.0.10-win32-x86_64\bin\server;C:\Users\HP\.gradle\native\1def1411415f61bf3af743bc5b6707747c0891f09f0c88961ee8f79bc544acac\windows-amd64;C:\Users\HP\.gradle\native\0.2.7\x86_64-windows-gnu

VM Arguments:
jvm_args: --add-opens=java.base/java.lang=ALL-UNNAMED --add-opens=java.base/java.lang.invoke=ALL-UNNAMED --add-opens=java.base/java.util=ALL-UNNAMED --add-opens=java.prefs/java.util.prefs=ALL-UNNAMED --add-exports=jdk.compiler/com.sun.tools.javac.api=ALL-UNNAMED --add-exports=jdk.compiler/com.sun.tools.javac.util=ALL-UNNAMED --add-opens=java.base/java.util=ALL-UNNAMED --add-opens=java.prefs/java.util.prefs=ALL-UNNAMED --add-opens=java.base/java.nio.charset=ALL-UNNAMED --add-opens=java.base/java.net=ALL-UNNAMED --add-opens=java.base/java.util.concurrent.atomic=ALL-UNNAMED --add-opens=java.xml/javax.xml.namespace=ALL-UNNAMED -XX:MaxMetaspaceSize=4G -XX:ReservedCodeCacheSize=512m -XX:+HeapDumpOnOutOfMemoryError -Xmx8G -Dfile.encoding=UTF-8 -Duser.country=FR -Duser.language=fr -Duser.variant -javaagent:C:\Users\HP\.gradle\wrapper\dists\gradle-8.14-all\c2qonpi39x1mddn7hk5gh9iqj\gradle-8.14\lib\agents\gradle-instrumentation-agent-8.14.jar 
java_command: org.gradle.launcher.daemon.bootstrap.GradleDaemon 8.14
java_class_path (initial): C:\Users\HP\.gradle\wrapper\dists\gradle-8.14-all\c2qonpi39x1mddn7hk5gh9iqj\gradle-8.14\lib\gradle-daemon-main-8.14.jar
Launcher Type: SUN_STANDARD

[Global flags]
     intx CICompilerCount                          = 4                                         {product} {ergonomic}
     uint ConcGCThreads                            = 3                                         {product} {ergonomic}
     uint G1ConcRefinementThreads                  = 10                                        {product} {ergonomic}
   size_t G1HeapRegionSize                         = 4194304                                   {product} {ergonomic}
    uintx GCDrainStackTargetSize                   = 64                                        {product} {ergonomic}
     bool HeapDumpOnOutOfMemoryError               = true                                   {manageable} {command line}
   size_t InitialHeapSize                          = 130023424                                 {product} {ergonomic}
   size_t MarkStackSize                            = 4194304                                   {product} {ergonomic}
   size_t MaxHeapSize                              = 8589934592                                {product} {command line}
   size_t MaxMetaspaceSize                         = 4294967296                                {product} {command line}
   size_t MaxNewSize                               = 5150605312                                {product} {ergonomic}
   size_t MinHeapDeltaBytes                        = 4194304                                   {product} {ergonomic}
   size_t MinHeapSize                              = 8388608                                   {product} {ergonomic}
    uintx NonNMethodCodeHeapSize                   = 5839372                                {pd product} {ergonomic}
    uintx NonProfiledCodeHeapSize                  = 265515770                              {pd product} {ergonomic}
    uintx ProfiledCodeHeapSize                     = 265515770                              {pd product} {ergonomic}
    uintx ReservedCodeCacheSize                    = 536870912                              {pd product} {command line}
     bool SegmentedCodeCache                       = true                                      {product} {ergonomic}
   size_t SoftMaxHeapSize                          = 8589934592                             {manageable} {ergonomic}
     bool UseCompressedOops                        = true                           {product lp64_product} {ergonomic}
     bool UseG1GC                                  = true                                      {product} {ergonomic}
     bool UseLargePagesIndividualAllocation        = false                                  {pd product} {ergonomic}

Logging:
Log output configuration:
 #0: stdout all=warning uptime,level,tags foldmultilines=false
 #1: stderr all=off uptime,level,tags foldmultilines=false

Release file:
JAVA_VERSION="21.0.10" 
MODULES="java.base java.compiler java.datatransfer java.xml java.prefs java.desktop java.instrument java.logging java.management java.security.sasl java.naming java.rmi java.management.rmi java.net.http java.scripting java.security.jgss java.transaction.xa java.sql java.sql.rowset java.xml.crypto java.se java.smartcardio jdk.accessibility jdk.internal.jvmstat jdk.attach jdk.charsets jdk.internal.opt jdk.zipfs jdk.compiler jdk.crypto.ec jdk.crypto.cryptoki jdk.crypto.mscapi jdk.dynalink jdk.internal.ed jdk.editpad jdk.hotspot.agent jdk.httpserver jdk.internal.le jdk.internal.vm.ci jdk.internal.vm.compiler jdk.internal.vm.compiler.management jdk.jartool jdk.javadoc jdk.jcmd jdk.management jdk.management.agent jdk.jconsole jdk.jdeps jdk.jdwp.agent jdk.jdi jdk.jfr jdk.jshell jdk.jsobject jdk.jstatd jdk.localedata jdk.management.jfr jdk.naming.dns jdk.naming.rmi jdk.net jdk.nio.mapmode jdk.random jdk.sctp jdk.security.auth jdk.security.jgss jdk.unsupported jdk.unsupported.desktop jdk.xml.dom" 

Environment Variables:
PATH=C:\Program Files\Common Files\Oracle\Java\javapath;C:\Program Files (x86)\Common Files\Oracle\Java\java8path;C:\Program Files (x86)\Common Files\Oracle\Java\javapath;C:\ORC\ORACLEE\bin;C:\app\HP\product\21c\dbhomeXE\bin;E:\oracle21\ORACL\bin;C:\Dossier_Oracle21c\Oracle21c\bin;C:\WINDOWS\system32;C:\WINDOWS;C:\WINDOWS\System32\Wbem;C:\WINDOWS\System32\WindowsPowerShell\v1.0\;C:\WINDOWS\System32\OpenSSH\;c:\Program Files (x86)\Microsoft SQL Server\100\Tools\Binn\;c:\Program Files\Microsoft SQL Server\100\Tools\Binn\;c:\Program Files\Microsoft SQL Server\100\DTS\Binn\;C:\appliiiiiii\flutter_windows_3.35.7-stable.zip\flutter\bin;C:\Program Files\Docker\Docker\resources\bin;C:\Program Files\Git\cmd;C:\Program Files\nodejs\;C:\Users\HP\AppData\Local\Programs\Python\Python313\Scripts\;C:\Users\HP\AppData\Local\Programs\Python\Python313\;C:\Users\HP\AppData\Local\Programs\Python\Launcher\;C:\Users\HP\AppData\Local\Microsoft\WindowsApps;C:\Users\HP\AppData\Local\Programs\Microsoft VS Code\bin;C:\Users\HP\AppData\Local\Python\bin;C:\Users\HP\AppData\Roaming\npm;C:\Users\HP\AppData\Local\Programs\Antigravity\bin
USERNAME=HP
OS=Windows_NT
PROCESSOR_IDENTIFIER=Intel64 Family 6 Model 186 Stepping 3, GenuineIntel
TMP=C:\Users\HP\AppData\Local\Temp
TEMP=C:\Users\HP\AppData\Local\Temp




Periodic native trim disabled

---------------  S Y S T E M  ---------------

OS:
 Windows 11 , 64 bit Build 26100 (10.0.26100.8246)
OS uptime: 0 days 0:11 hours
Hyper-V role detected

CPU: total 12 (initial active 12) (6 cores per cpu, 2 threads per core) family 6 model 186 stepping 3 microcode 0x4121, cx8, cmov, fxsr, ht, mmx, 3dnowpref, sse, sse2, sse3, ssse3, sse4.1, sse4.2, popcnt, lzcnt, tsc, tscinvbit, avx, avx2, aes, erms, clmul, bmi1, bmi2, adx, sha, fma, vzeroupper, clflush, clflushopt, clwb, hv, serialize, rdtscp, rdpid, fsrm, f16c, cet_ibt, cet_ss
Processor Information for processor 0
  Max Mhz: 1300, Current Mhz: 1300, Mhz Limit: 1300
Processor Information for processor 1
  Max Mhz: 1300, Current Mhz: 1300, Mhz Limit: 1300
Processor Information for processor 2
  Max Mhz: 1300, Current Mhz: 1300, Mhz Limit: 1300
Processor Information for processor 3
  Max Mhz: 1300, Current Mhz: 1300, Mhz Limit: 1300
Processor Information for processor 4
  Max Mhz: 1300, Current Mhz: 900, Mhz Limit: 897
Processor Information for processor 5
  Max Mhz: 1300, Current Mhz: 900, Mhz Limit: 897
Processor Information for processor 6
  Max Mhz: 1300, Current Mhz: 900, Mhz Limit: 897
Processor Information for processor 7
  Max Mhz: 1300, Current Mhz: 900, Mhz Limit: 897
Processor Information for processor 8
  Max Mhz: 1300, Current Mhz: 900, Mhz Limit: 897
Processor Information for processor 9
  Max Mhz: 1300, Current Mhz: 900, Mhz Limit: 897
Processor Information for processor 10
  Max Mhz: 1300, Current Mhz: 900, Mhz Limit: 897
Processor Information for processor 11
  Max Mhz: 1300, Current Mhz: 900, Mhz Limit: 897

Memory: 4k page, system-wide physical 7835M (620M free)
TotalPageFile size 11931M (AvailPageFile size 35M)
current process WorkingSet (physical memory assigned to process): 696M, peak: 723M
current process commit charge ("private bytes"): 741M, peak: 841M

vm_info: OpenJDK 64-Bit Server VM (21.0.10+7-LTS) for windows-amd64 JRE (21.0.10+7-LTS), built on 2026-01-20T00:00:00Z by "admin" with MS VC++ 17.12 (VS2022)

END.
