#
# There is insufficient memory for the Java Runtime Environment to continue.
# Native memory allocation (malloc) failed to allocate 396176 bytes. Error detail: Chunk::new
# Possible reasons:
#   The system is out of physical RAM or swap space
#   This process is running with CompressedOops enabled, and the Java Heap may be blocking the growth of the native heap
# Possible solutions:
#   Reduce memory load on the system
#   Increase physical memory or swap space
#   Check if swap backing store is full
#   Decrease Java heap size (-Xmx/-Xms)
#   Decrease number of Java threads
#   Decrease Java thread stack sizes (-Xss)
#   Set larger code cache with -XX:ReservedCodeCacheSize=
#   JVM is running with Unscaled Compressed Oops mode in which the Java heap is
#     placed in the first 4GB address space. The Java Heap base address is the
#     maximum limit for the native heap growth. Please use -XX:HeapBaseMinAddress
#     to set the Java Heap base and to place the Java Heap above 4GB virtual address.
# This output file may be truncated or incomplete.
#
#  Out of Memory Error (arena.cpp:168), pid=22496, tid=14648
#
# JRE version: OpenJDK Runtime Environment Temurin-21.0.10+7 (21.0.10+7) (build 21.0.10+7-LTS)
# Java VM: OpenJDK 64-Bit Server VM Temurin-21.0.10+7 (21.0.10+7-LTS, mixed mode, sharing, tiered, compressed oops, compressed class ptrs, parallel gc, windows-amd64)
# No core dump will be written. Minidumps are not enabled by default on client versions of Windows
#

---------------  S U M M A R Y ------------

Command Line: --add-modules=ALL-SYSTEM --add-opens=java.base/java.util=ALL-UNNAMED --add-opens=java.base/java.lang=ALL-UNNAMED --add-opens=java.base/sun.nio.fs=ALL-UNNAMED -Declipse.application=org.eclipse.jdt.ls.core.id1 -Dosgi.bundles.defaultStartLevel=4 -Declipse.product=org.eclipse.jdt.ls.core.product -Djava.import.generatesMetadataFilesAtProjectRoot=false -DDetectVMInstallationsJob.disabled=true -Dfile.encoding=utf8 -XX:+UseParallelGC -XX:GCTimeRatio=4 -XX:AdaptiveSizePolicyWeight=90 -Dsun.zip.disableMemoryMapping=true -Xmx2G -Xms100m -Xlog:disable -javaagent:c:\Users\HP\.antigravity\extensions\redhat.java-1.54.0-win32-x64\lombok\lombok-1.18.39-4050.jar -XX:+HeapDumpOnOutOfMemoryError -XX:HeapDumpPath=c:\Users\HP\AppData\Roaming\Antigravity\User\workspaceStorage\bb6f58697517b49f76eb8e851445a514\redhat.java -Daether.dependencyCollector.impl=bf c:\Users\HP\.antigravity\extensions\redhat.java-1.54.0-win32-x64\server\plugins\org.eclipse.equinox.launcher_1.7.100.v20251111-0406.jar -configuration c:\Users\HP\AppData\Roaming\Antigravity\User\globalStorage\redhat.java\1.54.0\config_win -data c:\Users\HP\AppData\Roaming\Antigravity\User\workspaceStorage\bb6f58697517b49f76eb8e851445a514\redhat.java\jdt_ws --pipe=\\.\pipe\lsp-809a675988dd68169ffee6228d43029b-sock

Host: 13th Gen Intel(R) Core(TM) i5-1335U, 12 cores, 7G,  Windows 11 , 64 bit Build 26100 (10.0.26100.8246)
Time: Tue Apr 28 22:48:56 2026 Greenwich elapsed time: 36.945317 seconds (0d 0h 0m 36s)

---------------  T H R E A D  ---------------

Current thread (0x000001dbef2675b0):  JavaThread "C2 CompilerThread0" daemon [_thread_in_native, id=14648, stack(0x000000a866400000,0x000000a866500000) (1024K)]


Current CompileTask:
C2:36945 13242       4       org.eclipse.osgi.container.ModuleDatabase$Persistence::addMap (289 bytes)

Stack: [0x000000a866400000,0x000000a866500000]
Native frames: (J=compiled Java code, j=interpreted, Vv=VM code, C=native code)
V  [jvm.dll+0x6d7a39]
V  [jvm.dll+0x8b4b26]
V  [jvm.dll+0x8b70de]
V  [jvm.dll+0x8b77c3]
V  [jvm.dll+0x284346]
V  [jvm.dll+0xc66ed]
V  [jvm.dll+0xc6c31]
V  [jvm.dll+0x2fb29e]
V  [jvm.dll+0x5fe884]
V  [jvm.dll+0x255b17]
V  [jvm.dll+0x255edd]
V  [jvm.dll+0x24e500]
V  [jvm.dll+0x24ba42]
V  [jvm.dll+0x1cb34e]
V  [jvm.dll+0x25b85d]
V  [jvm.dll+0x259dea]
V  [jvm.dll+0x3f857e]
V  [jvm.dll+0x85f59d]
V  [jvm.dll+0x6d626d]
C  [ucrtbase.dll+0x37b0]
C  [KERNEL32.DLL+0x2e8d7]
C  [ntdll.dll+0x8c3fc]


---------------  P R O C E S S  ---------------

Threads class SMR info:
_java_thread_list=0x000001dbd71d49c0, length=102, elements={
0x000001dbef2c3270, 0x000001dbef37e950, 0x000001dbef258da0, 0x000001dbef25b900,
0x000001dbef25c560, 0x000001dbef260660, 0x000001dbef2610c0, 0x000001dbef2675b0,
0x000001dbef269e30, 0x000001dbf81828d0, 0x000001dbf8332da0, 0x000001dbfd3eeb80,
0x000001dbfd4522c0, 0x000001dbfd100220, 0x000001dbfd43bf00, 0x000001dbfdd35be0,
0x000001dbfdf7e120, 0x000001dbfe2ce480, 0x000001dbfe2cc3b0, 0x000001dbfe2cf1a0,
0x000001dbfe2ceb10, 0x000001dbfe2cf830, 0x000001dbfe2cd0d0, 0x000001dbfe2cd760,
0x000001dbd05407c0, 0x000001dbd053faa0, 0x000001dbd053ed80, 0x000001dbd053f410,
0x000001dbd053e060, 0x000001dbd05414e0, 0x000001dbd0540130, 0x000001dbd0540e50,
0x000001dbd0541b70, 0x000001dbd053e6f0, 0x000001dbd0542200, 0x000001dbd05442d0,
0x000001dbd0542f20, 0x000001dbd0544960, 0x000001dbd0543c40, 0x000001dbd0542890,
0x000001dbd0544ff0, 0x000001dbd0545680, 0x000001dbd05435b0, 0x000001dbff744f40,
0x000001dbff747010, 0x000001dbff7476a0, 0x000001dbff747d30, 0x000001dbff7455d0,
0x000001dbff745c60, 0x000001dbff7462f0, 0x000001dbff746980, 0x000001dbff7483c0,
0x000001dbfdac6280, 0x000001dbfdac7630, 0x000001dbfdac6910, 0x000001dbfdac8350,
0x000001dbfdac89e0, 0x000001dbfdac5560, 0x000001dbfdac9070, 0x000001dbfdac5bf0,
0x000001dbfdaca420, 0x000001dbfdacb7d0, 0x000001dbfdac9700, 0x000001dbfdac9d90,
0x000001dbfdacaab0, 0x000001dbfdacb140, 0x000001dbfdacbe60, 0x000001dbd558ad40,
0x000001dbd558ba60, 0x000001dbd558c0f0, 0x000001dbd558b3d0, 0x000001dbd558c780,
0x000001dbd558ce10, 0x000001dbd558a020, 0x000001dbd558db30, 0x000001dbd558a6b0,
0x000001dbd558f570, 0x000001dbd558e850, 0x000001dbd558e1c0, 0x000001dbd558fc00,
0x000001dbd5590fb0, 0x000001dbd5591640, 0x000001dbfdac4840, 0x000001dbfd557380,
0x000001dbfd558730, 0x000001dbfd557a10, 0x000001dbfd555940, 0x000001dbfd5552b0,
0x000001dbfd555fd0, 0x000001dbfd55b520, 0x000001dbfd55a800, 0x000001dbfd558dc0,
0x000001dbfd55ae90, 0x000001dbfd55bbb0, 0x000001dbfd559450, 0x000001dbfd55c240,
0x000001dbfd55c8d0, 0x000001dbfd559ae0, 0x000001dbfd55a170, 0x000001dbd5590920,
0x000001dbd6428450, 0x000001dbd642a660
}

Java Threads: ( => current thread )
  0x000001dbef2c3270 JavaThread "main"                              [_thread_blocked, id=12400, stack(0x000000a865a00000,0x000000a865b00000) (1024K)]
  0x000001dbef37e950 JavaThread "Reference Handler"          daemon [_thread_blocked, id=14016, stack(0x000000a865e00000,0x000000a865f00000) (1024K)]
  0x000001dbef258da0 JavaThread "Finalizer"                  daemon [_thread_blocked, id=14692, stack(0x000000a865f00000,0x000000a866000000) (1024K)]
  0x000001dbef25b900 JavaThread "Signal Dispatcher"          daemon [_thread_blocked, id=19300, stack(0x000000a866000000,0x000000a866100000) (1024K)]
  0x000001dbef25c560 JavaThread "Attach Listener"            daemon [_thread_blocked, id=3364, stack(0x000000a866100000,0x000000a866200000) (1024K)]
  0x000001dbef260660 JavaThread "Service Thread"             daemon [_thread_blocked, id=9344, stack(0x000000a866200000,0x000000a866300000) (1024K)]
  0x000001dbef2610c0 JavaThread "Monitor Deflation Thread"   daemon [_thread_blocked, id=6244, stack(0x000000a866300000,0x000000a866400000) (1024K)]
=>0x000001dbef2675b0 JavaThread "C2 CompilerThread0"         daemon [_thread_in_native, id=14648, stack(0x000000a866400000,0x000000a866500000) (1024K)]
  0x000001dbef269e30 JavaThread "C1 CompilerThread0"         daemon [_thread_blocked, id=21816, stack(0x000000a866500000,0x000000a866600000) (1024K)]
  0x000001dbf81828d0 JavaThread "Common-Cleaner"             daemon [_thread_blocked, id=6164, stack(0x000000a866700000,0x000000a866800000) (1024K)]
  0x000001dbf8332da0 JavaThread "Notification Thread"        daemon [_thread_blocked, id=8016, stack(0x000000a866800000,0x000000a866900000) (1024K)]
  0x000001dbfd3eeb80 JavaThread "Active Thread: Equinox Container: e33a8f4a-ebf0-4397-ab9e-91dd7cb016b2"        [_thread_blocked, id=22572, stack(0x000000a867000000,0x000000a867100000) (1024K)]
  0x000001dbfd4522c0 JavaThread "Refresh Thread: Equinox Container: e33a8f4a-ebf0-4397-ab9e-91dd7cb016b2" daemon [_thread_blocked, id=7624, stack(0x000000a867100000,0x000000a867200000) (1024K)]
  0x000001dbfd100220 JavaThread "Framework Event Dispatcher: Equinox Container: e33a8f4a-ebf0-4397-ab9e-91dd7cb016b2" daemon [_thread_blocked, id=13616, stack(0x000000a867300000,0x000000a867400000) (1024K)]
  0x000001dbfd43bf00 JavaThread "Start Level: Equinox Container: e33a8f4a-ebf0-4397-ab9e-91dd7cb016b2" daemon [_thread_blocked, id=23312, stack(0x000000a867400000,0x000000a867500000) (1024K)]
  0x000001dbfdd35be0 JavaThread "Bundle File Closer"         daemon [_thread_blocked, id=13232, stack(0x000000a867700000,0x000000a867800000) (1024K)]
  0x000001dbfdf7e120 JavaThread "SCR Component Actor"        daemon [_thread_blocked, id=7724, stack(0x000000a867800000,0x000000a867900000) (1024K)]
  0x000001dbfe2ce480 JavaThread "Worker-JM"                         [_thread_blocked, id=4812, stack(0x000000a867900000,0x000000a867a00000) (1024K)]
  0x000001dbfe2cc3b0 JavaThread "JNA Cleaner"                daemon [_thread_blocked, id=18904, stack(0x000000a867a00000,0x000000a867b00000) (1024K)]
  0x000001dbfe2cf1a0 JavaThread "Worker-0"                          [_thread_blocked, id=17396, stack(0x000000a867b00000,0x000000a867c00000) (1024K)]
  0x000001dbfe2ceb10 JavaThread "Worker-1"                          [_thread_blocked, id=5972, stack(0x000000a867c00000,0x000000a867d00000) (1024K)]
  0x000001dbfe2cf830 JavaThread "Worker-2"                          [_thread_blocked, id=3528, stack(0x000000a867d00000,0x000000a867e00000) (1024K)]
  0x000001dbfe2cd0d0 JavaThread "Java indexing"              daemon [_thread_blocked, id=15964, stack(0x000000a867e00000,0x000000a867f00000) (1024K)]
  0x000001dbfe2cd760 JavaThread "Worker-3"                          [_thread_blocked, id=17260, stack(0x000000a867f00000,0x000000a868000000) (1024K)]
  0x000001dbd05407c0 JavaThread "Worker-4"                          [_thread_blocked, id=22284, stack(0x000000a868000000,0x000000a868100000) (1024K)]
  0x000001dbd053faa0 JavaThread "Thread-1"                   daemon [_thread_in_native, id=1828, stack(0x000000a868300000,0x000000a868400000) (1024K)]
  0x000001dbd053ed80 JavaThread "Thread-2"                   daemon [_thread_in_native, id=15664, stack(0x000000a868400000,0x000000a868500000) (1024K)]
  0x000001dbd053f410 JavaThread "Thread-3"                   daemon [_thread_in_native, id=8088, stack(0x000000a868500000,0x000000a868600000) (1024K)]
  0x000001dbd053e060 JavaThread "Thread-4"                   daemon [_thread_in_native, id=20464, stack(0x000000a868600000,0x000000a868700000) (1024K)]
  0x000001dbd05414e0 JavaThread "Thread-5"                   daemon [_thread_in_native, id=3488, stack(0x000000a868700000,0x000000a868800000) (1024K)]
  0x000001dbd0540130 JavaThread "Thread-6"                   daemon [_thread_in_native, id=7456, stack(0x000000a868800000,0x000000a868900000) (1024K)]
  0x000001dbd0540e50 JavaThread "Worker-5"                          [_thread_blocked, id=11356, stack(0x000000a868900000,0x000000a868a00000) (1024K)]
  0x000001dbd0541b70 JavaThread "Thread-7"                   daemon [_thread_in_native, id=4664, stack(0x000000a868a00000,0x000000a868b00000) (1024K)]
  0x000001dbd053e6f0 JavaThread "Thread-8"                   daemon [_thread_in_native, id=14324, stack(0x000000a868b00000,0x000000a868c00000) (1024K)]
  0x000001dbd0542200 JavaThread "Thread-9"                   daemon [_thread_in_native, id=17444, stack(0x000000a868c00000,0x000000a868d00000) (1024K)]
  0x000001dbd05442d0 JavaThread "Thread-10"                  daemon [_thread_in_native, id=21772, stack(0x000000a868d00000,0x000000a868e00000) (1024K)]
  0x000001dbd0542f20 JavaThread "Thread-11"                  daemon [_thread_in_native, id=8396, stack(0x000000a868e00000,0x000000a868f00000) (1024K)]
  0x000001dbd0544960 JavaThread "Thread-12"                  daemon [_thread_in_native, id=10920, stack(0x000000a868f00000,0x000000a869000000) (1024K)]
  0x000001dbd0543c40 JavaThread "Thread-13"                  daemon [_thread_in_native, id=21884, stack(0x000000a869000000,0x000000a869100000) (1024K)]
  0x000001dbd0542890 JavaThread "pool-2-thread-1"                   [_thread_blocked, id=4712, stack(0x000000a869100000,0x000000a869200000) (1024K)]
  0x000001dbd0544ff0 JavaThread "Timer-0"                           [_thread_blocked, id=18184, stack(0x000000a869200000,0x000000a869300000) (1024K)]
  0x000001dbd0545680 JavaThread "Timer-1"                           [_thread_blocked, id=19156, stack(0x000000a869300000,0x000000a869400000) (1024K)]
  0x000001dbd05435b0 JavaThread "ForkJoinPool.commonPool-worker-1" daemon [_thread_blocked, id=22340, stack(0x000000a869400000,0x000000a869500000) (1024K)]
  0x000001dbff744f40 JavaThread "ForkJoinPool.commonPool-worker-2" daemon [_thread_blocked, id=15560, stack(0x000000a869500000,0x000000a869600000) (1024K)]
  0x000001dbff747010 JavaThread "ForkJoinPool.commonPool-worker-3" daemon [_thread_blocked, id=21076, stack(0x000000a869600000,0x000000a869700000) (1024K)]
  0x000001dbff7476a0 JavaThread "ForkJoinPool.commonPool-worker-4" daemon [_thread_blocked, id=8508, stack(0x000000a869700000,0x000000a869800000) (1024K)]
  0x000001dbff747d30 JavaThread "ForkJoinPool.commonPool-worker-5" daemon [_thread_blocked, id=4828, stack(0x000000a869800000,0x000000a869900000) (1024K)]
  0x000001dbff7455d0 JavaThread "ForkJoinPool.commonPool-worker-6" daemon [_thread_blocked, id=16468, stack(0x000000a869900000,0x000000a869a00000) (1024K)]
  0x000001dbff745c60 JavaThread "ForkJoinPool.commonPool-worker-7" daemon [_thread_blocked, id=22748, stack(0x000000a869a00000,0x000000a869b00000) (1024K)]
  0x000001dbff7462f0 JavaThread "ForkJoinPool.commonPool-worker-8" daemon [_thread_blocked, id=22148, stack(0x000000a869b00000,0x000000a869c00000) (1024K)]
  0x000001dbff746980 JavaThread "ForkJoinPool.commonPool-worker-9" daemon [_thread_blocked, id=21696, stack(0x000000a869c00000,0x000000a869d00000) (1024K)]
  0x000001dbff7483c0 JavaThread "ForkJoinPool.commonPool-worker-10" daemon [_thread_blocked, id=18116, stack(0x000000a869d00000,0x000000a869e00000) (1024K)]
  0x000001dbfdac6280 JavaThread "ForkJoinPool.commonPool-worker-11" daemon [_thread_blocked, id=12328, stack(0x000000a869e00000,0x000000a869f00000) (1024K)]
  0x000001dbfdac7630 JavaThread "WorkspaceEventsHandler"            [_thread_blocked, id=23256, stack(0x000000a869f00000,0x000000a86a000000) (1024K)]
  0x000001dbfdac6910 JavaThread "pool-1-thread-1"                   [_thread_blocked, id=21204, stack(0x000000a86a000000,0x000000a86a100000) (1024K)]
  0x000001dbfdac8350 JavaThread "LocalFile Deleter"          daemon [_thread_blocked, id=21824, stack(0x000000a86a200000,0x000000a86a300000) (1024K)]
  0x000001dbfdac89e0 JavaThread "LocalFile Deleter"          daemon [_thread_blocked, id=7160, stack(0x000000a86a300000,0x000000a86a400000) (1024K)]
  0x000001dbfdac5560 JavaThread "LocalFile Deleter"          daemon [_thread_blocked, id=21232, stack(0x000000a86a400000,0x000000a86a500000) (1024K)]
  0x000001dbfdac9070 JavaThread "LocalFile Deleter"          daemon [_thread_blocked, id=15852, stack(0x000000a86a500000,0x000000a86a600000) (1024K)]
  0x000001dbfdac5bf0 JavaThread "LocalFile Deleter"          daemon [_thread_blocked, id=6232, stack(0x000000a86a600000,0x000000a86a700000) (1024K)]
  0x000001dbfdaca420 JavaThread "LocalFile Deleter"          daemon [_thread_blocked, id=4868, stack(0x000000a86a700000,0x000000a86a800000) (1024K)]
  0x000001dbfdacb7d0 JavaThread "LocalFile Deleter"          daemon [_thread_blocked, id=15620, stack(0x000000a86a800000,0x000000a86a900000) (1024K)]
  0x000001dbfdac9700 JavaThread "LocalFile Deleter"          daemon [_thread_blocked, id=14960, stack(0x000000a86a900000,0x000000a86aa00000) (1024K)]
  0x000001dbfdac9d90 JavaThread "LocalFile Deleter"          daemon [_thread_blocked, id=21476, stack(0x000000a86aa00000,0x000000a86ab00000) (1024K)]
  0x000001dbfdacaab0 JavaThread "LocalFile Deleter"          daemon [_thread_blocked, id=15320, stack(0x000000a86ab00000,0x000000a86ac00000) (1024K)]
  0x000001dbfdacb140 JavaThread "LocalFile Deleter"          daemon [_thread_blocked, id=2256, stack(0x000000a86ac00000,0x000000a86ad00000) (1024K)]
  0x000001dbfdacbe60 JavaThread "LocalFile Deleter"          daemon [_thread_blocked, id=11836, stack(0x000000a86ad00000,0x000000a86ae00000) (1024K)]
  0x000001dbd558ad40 JavaThread "Compiler Source File Reader" daemon [_thread_blocked, id=3248, stack(0x000000a86ae00000,0x000000a86af00000) (1024K)]
  0x000001dbd558ba60 JavaThread "Compiler Source File Reader" daemon [_thread_blocked, id=15564, stack(0x000000a86af00000,0x000000a86b000000) (1024K)]
  0x000001dbd558c0f0 JavaThread "Compiler Source File Reader" daemon [_thread_blocked, id=10392, stack(0x000000a86b000000,0x000000a86b100000) (1024K)]
  0x000001dbd558b3d0 JavaThread "Compiler Source File Reader" daemon [_thread_blocked, id=4012, stack(0x000000a86b100000,0x000000a86b200000) (1024K)]
  0x000001dbd558c780 JavaThread "Compiler Source File Reader" daemon [_thread_blocked, id=13620, stack(0x000000a86b200000,0x000000a86b300000) (1024K)]
  0x000001dbd558ce10 JavaThread "Compiler Source File Reader" daemon [_thread_blocked, id=4064, stack(0x000000a86b300000,0x000000a86b400000) (1024K)]
  0x000001dbd558a020 JavaThread "Compiler Source File Reader" daemon [_thread_blocked, id=12316, stack(0x000000a86b400000,0x000000a86b500000) (1024K)]
  0x000001dbd558db30 JavaThread "Compiler Source File Reader" daemon [_thread_blocked, id=2704, stack(0x000000a86b500000,0x000000a86b600000) (1024K)]
  0x000001dbd558a6b0 JavaThread "Compiler Source File Reader" daemon [_thread_blocked, id=8420, stack(0x000000a86b600000,0x000000a86b700000) (1024K)]
  0x000001dbd558f570 JavaThread "Compiler Source File Reader" daemon [_thread_blocked, id=2192, stack(0x000000a86b700000,0x000000a86b800000) (1024K)]
  0x000001dbd558e850 JavaThread "Timer-2"                           [_thread_blocked, id=3356, stack(0x000000a86a100000,0x000000a86a200000) (1024K)]
  0x000001dbd558e1c0 JavaThread "Timer-3"                           [_thread_blocked, id=19236, stack(0x000000a86b800000,0x000000a86b900000) (1024K)]
  0x000001dbd558fc00 JavaThread "Timer-4"                           [_thread_blocked, id=15476, stack(0x000000a86b900000,0x000000a86ba00000) (1024K)]
  0x000001dbd5590fb0 JavaThread "Timer-5"                           [_thread_blocked, id=11320, stack(0x000000a86bc00000,0x000000a86bd00000) (1024K)]
  0x000001dbd5591640 JavaThread "Timer-6"                           [_thread_blocked, id=10048, stack(0x000000a86bd00000,0x000000a86be00000) (1024K)]
  0x000001dbfdac4840 JavaThread "Timer-7"                           [_thread_blocked, id=22812, stack(0x000000a86be00000,0x000000a86bf00000) (1024K)]
  0x000001dbfd557380 JavaThread "Timer-8"                           [_thread_blocked, id=19224, stack(0x000000a86bf00000,0x000000a86c000000) (1024K)]
  0x000001dbfd558730 JavaThread "Timer-9"                           [_thread_blocked, id=20120, stack(0x000000a86c000000,0x000000a86c100000) (1024K)]
  0x000001dbfd557a10 JavaThread "Timer-10"                          [_thread_blocked, id=15888, stack(0x000000a86c100000,0x000000a86c200000) (1024K)]
  0x000001dbfd555940 JavaThread "Timer-11"                          [_thread_blocked, id=5872, stack(0x000000a86c200000,0x000000a86c300000) (1024K)]
  0x000001dbfd5552b0 JavaThread "Compiler Processing Task"   daemon [_thread_blocked, id=21056, stack(0x000000a866900000,0x000000a866a00000) (1024K)]
  0x000001dbfd555fd0 JavaThread "Compiler Class File Writer" daemon [_thread_blocked, id=22556, stack(0x000000a86c300000,0x000000a86c400000) (1024K)]
  0x000001dbfd55b520 JavaThread "Compiler Class File Writer" daemon [_thread_blocked, id=1480, stack(0x000000a86c400000,0x000000a86c500000) (1024K)]
  0x000001dbfd55a800 JavaThread "Compiler Class File Writer" daemon [_thread_blocked, id=21372, stack(0x000000a86c500000,0x000000a86c600000) (1024K)]
  0x000001dbfd558dc0 JavaThread "Compiler Class File Writer" daemon [_thread_blocked, id=14264, stack(0x000000a86c600000,0x000000a86c700000) (1024K)]
  0x000001dbfd55ae90 JavaThread "Compiler Class File Writer" daemon [_thread_blocked, id=7628, stack(0x000000a86c700000,0x000000a86c800000) (1024K)]
  0x000001dbfd55bbb0 JavaThread "Compiler Class File Writer" daemon [_thread_blocked, id=15604, stack(0x000000a86c800000,0x000000a86c900000) (1024K)]
  0x000001dbfd559450 JavaThread "Compiler Class File Writer" daemon [_thread_blocked, id=21948, stack(0x000000a86c900000,0x000000a86ca00000) (1024K)]
  0x000001dbfd55c240 JavaThread "Compiler Class File Writer" daemon [_thread_blocked, id=13804, stack(0x000000a86ca00000,0x000000a86cb00000) (1024K)]
  0x000001dbfd55c8d0 JavaThread "Compiler Class File Writer" daemon [_thread_blocked, id=9668, stack(0x000000a86cb00000,0x000000a86cc00000) (1024K)]
  0x000001dbfd559ae0 JavaThread "Compiler Class File Writer" daemon [_thread_blocked, id=20556, stack(0x000000a86cc00000,0x000000a86cd00000) (1024K)]
  0x000001dbfd55a170 JavaThread "Worker-6"                          [_thread_blocked, id=11976, stack(0x000000a86cd00000,0x000000a86ce00000) (1024K)]
  0x000001dbd5590920 JavaThread "Timer-12"                          [_thread_blocked, id=10332, stack(0x000000a86ce00000,0x000000a86cf00000) (1024K)]
  0x000001dbd6428450 JavaThread "C2 CompilerThread1"         daemon [_thread_in_native, id=7196, stack(0x000000a866600000,0x000000a866700000) (1024K)]
  0x000001dbd642a660 JavaThread "C2 CompilerThread2"         daemon [_thread_blocked, id=1600, stack(0x000000a86ba00000,0x000000a86bb00000) (1024K)]
Total: 102

Other Threads:
  0x000001dbef2523d0 VMThread "VM Thread"                           [id=17456, stack(0x000000a865d00000,0x000000a865e00000) (1024K)]
  0x000001dbef14ca00 WatcherThread "VM Periodic Task Thread"        [id=13296, stack(0x000000a865c00000,0x000000a865d00000) (1024K)]
  0x000001dbef2e1360 WorkerThread "GC Thread#0"                     [id=22772, stack(0x000000a865b00000,0x000000a865c00000) (1024K)]
  0x000001dbfd3f0da0 WorkerThread "GC Thread#1"                     [id=22344, stack(0x000000a866a00000,0x000000a866b00000) (1024K)]
  0x000001dbfd13e6a0 WorkerThread "GC Thread#2"                     [id=9296, stack(0x000000a866b00000,0x000000a866c00000) (1024K)]
  0x000001dbfd13ea50 WorkerThread "GC Thread#3"                     [id=23064, stack(0x000000a866c00000,0x000000a866d00000) (1024K)]
  0x000001dbfd13ee00 WorkerThread "GC Thread#4"                     [id=2812, stack(0x000000a866d00000,0x000000a866e00000) (1024K)]
  0x000001dbfd899da0 WorkerThread "GC Thread#5"                     [id=4988, stack(0x000000a866e00000,0x000000a866f00000) (1024K)]
  0x000001dbfd7c4210 WorkerThread "GC Thread#6"                     [id=19840, stack(0x000000a866f00000,0x000000a867000000) (1024K)]
  0x000001dbfd8d8d50 WorkerThread "GC Thread#7"                     [id=14172, stack(0x000000a867200000,0x000000a867300000) (1024K)]
  0x000001dbfdb76ee0 WorkerThread "GC Thread#8"                     [id=21264, stack(0x000000a867500000,0x000000a867600000) (1024K)]
  0x000001dbfdac3430 WorkerThread "GC Thread#9"                     [id=20656, stack(0x000000a867600000,0x000000a867700000) (1024K)]
Total: 12

Threads with active compile tasks:
C2 CompilerThread0  38975 13242       4       org.eclipse.osgi.container.ModuleDatabase$Persistence::addMap (289 bytes)
C2 CompilerThread1  38975 13267       4       org.eclipse.osgi.container.ModuleDatabase$Persistence::writeString (99 bytes)
Total: 2

VM state: not at safepoint (normal execution)

VM Mutex/Monitor currently owned by a thread: None

Heap address: 0x0000000080000000, size: 2048 MB, Compressed Oops mode: 32-bit

CDS archive(s) mapped at: [0x000001db8f000000-0x000001db8fba0000-0x000001db8fba0000), size 12189696, SharedBaseAddress: 0x000001db8f000000, ArchiveRelocationMode: 1.
Compressed class space mapped at: 0x000001db90000000-0x000001dbd0000000, reserved size: 1073741824
Narrow klass base: 0x000001db8f000000, Narrow klass shift: 0, Narrow klass range: 0x100000000

GC Precious Log:
 CardTable entry size: 512
 CPUs: 12 total, 12 available
 Memory: 7835M
 Large Page Support: Disabled
 NUMA Support: Disabled
 Compressed Oops: Enabled (32-bit)
 Alignments: Space 512K, Generation 512K, Heap 2M
 Heap Min Capacity: 100M
 Heap Initial Capacity: 100M
 Heap Max Capacity: 2G
 Pre-touch: Disabled
 Parallel Workers: 10

Heap:
 PSYoungGen      total 8192K, used 641K [0x00000000d5580000, 0x00000000d6000000, 0x0000000100000000)
  eden space 7680K, 1% used [0x00000000d5580000,0x00000000d55a0608,0x00000000d5d00000)
  from space 512K, 100% used [0x00000000d5f80000,0x00000000d6000000,0x00000000d6000000)
  to   space 1024K, 0% used [0x00000000d5e00000,0x00000000d5e00000,0x00000000d5f00000)
 ParOldGen       total 121856K, used 121622K [0x0000000080000000, 0x0000000087700000, 0x00000000d5580000)
  object space 121856K, 99% used [0x0000000080000000,0x00000000876c5a20,0x0000000087700000)
 Metaspace       used 83838K, committed 85568K, reserved 1179648K
  class space    used 10107K, committed 10816K, reserved 1048576K

Card table byte_map: [0x000001dbeec60000,0x000001dbef070000] _byte_map_base: 0x000001dbee860000

Marking Bits: (ParMarkBitMap*) 0x00007ffea5dd3450
 Begin Bits: [0x000001dbf2770000, 0x000001dbf4770000)
 End Bits:   [0x000001dbf4770000, 0x000001dbf6770000)

Polling page: 0x000001dbed050000

Metaspace:

Usage:
  Non-class:     72.00 MB used.
      Class:      9.87 MB used.
       Both:     81.87 MB used.

Virtual space:
  Non-class space:      128.00 MB reserved,      73.00 MB ( 57%) committed,  2 nodes.
      Class space:        1.00 GB reserved,      10.56 MB (  1%) committed,  1 nodes.
             Both:        1.12 GB reserved,      83.56 MB (  7%) committed. 

Chunk freelists:
   Non-Class:  6.27 MB
       Class:  5.39 MB
        Both:  11.66 MB

MaxMetaspaceSize: unlimited
CompressedClassSpaceSize: 1.00 GB
Initial GC threshold: 21.00 MB
Current GC threshold: 97.31 MB
CDS: on
 - commit_granule_bytes: 65536.
 - commit_granule_words: 8192.
 - virtual_space_node_default_size: 8388608.
 - enlarge_chunks_in_place: 1.
 - use_allocation_guard: 0.


Internal statistics:

num_allocs_failed_limit: 9.
num_arena_births: 1774.
num_arena_deaths: 14.
num_vsnodes_births: 3.
num_vsnodes_deaths: 0.
num_space_committed: 1337.
num_space_uncommitted: 0.
num_chunks_returned_to_freelist: 23.
num_chunks_taken_from_freelist: 6037.
num_chunk_merges: 12.
num_chunk_splits: 3609.
num_chunks_enlarged: 1812.
num_inconsistent_stats: 0.

CodeHeap 'non-profiled nmethods': size=120000Kb used=8808Kb max_used=8808Kb free=111191Kb
 bounds [0x000001db87ad0000, 0x000001db88370000, 0x000001db8f000000]
CodeHeap 'profiled nmethods': size=120000Kb used=26600Kb max_used=26600Kb free=93399Kb
 bounds [0x000001db80000000, 0x000001db81a00000, 0x000001db87530000]
CodeHeap 'non-nmethods': size=5760Kb used=1462Kb max_used=1530Kb free=4298Kb
 bounds [0x000001db87530000, 0x000001db877a0000, 0x000001db87ad0000]
CodeCache: size=245760Kb, used=36870Kb, max_used=36938Kb, free=208888Kb
 total_blobs=13171, nmethods=12393, adapters=682, full_count=0
Compilation: enabled, stopped_count=0, restarted_count=0

Compilation events (20 events):
Event: 32.916 Thread 0x000001dbef269e30 13283       3       java.util.ResourceBundle::setParent (27 bytes)
Event: 32.921 Thread 0x000001dbef269e30 nmethod 13283 0x000001db819f9790 code [0x000001db819f9920, 0x000001db819f9a58]
Event: 32.922 Thread 0x000001dbef269e30 13284       3       java.lang.invoke.SimpleMethodHandle::copyWithExtendL (7 bytes)
Event: 32.922 Thread 0x000001dbef269e30 nmethod 13284 0x000001db819f9b10 code [0x000001db819f9cc0, 0x000001db819f9e58]
Event: 32.924 Thread 0x000001dbd642a660 nmethod 13272 0x000001db88361290 code [0x000001db88361460, 0x000001db88361a78]
Event: 32.924 Thread 0x000001dbd642a660 13252   !   4       java.io.BufferedOutputStream::write (73 bytes)
Event: 34.131 Thread 0x000001dbef269e30 13285       3       java.lang.Module::getClassLoader (20 bytes)
Event: 34.131 Thread 0x000001dbef269e30 nmethod 13285 0x000001db819f9f10 code [0x000001db819fa0c0, 0x000001db819fa2b8]
Event: 34.929 Thread 0x000001dbd642a660 nmethod 13252 0x000001db88361f90 code [0x000001db883621a0, 0x000001db883627a8]
Event: 34.929 Thread 0x000001dbd642a660 13253       4       java.io.BufferedOutputStream::implWrite (71 bytes)
Event: 34.931 Thread 0x000001dbd642a660 nmethod 13253 0x000001db88362d90 code [0x000001db88362f40, 0x000001db88363210]
Event: 34.932 Thread 0x000001dbd642a660 13266       4       java.io.DataOutputStream::writeInt (28 bytes)
Event: 34.934 Thread 0x000001dbd6428450 nmethod 13251% 0x000001db88363410 code [0x000001db88363700, 0x000001db88365220]
Event: 34.934 Thread 0x000001dbd6428450 13262   !   4       java.io.BufferedOutputStream::write (62 bytes)
Event: 34.938 Thread 0x000001dbd6428450 nmethod 13262 0x000001db88366310 code [0x000001db88366520, 0x000001db883669d0]
Event: 34.938 Thread 0x000001dbd6428450 13263       4       java.io.BufferedOutputStream::implWrite (40 bytes)
Event: 34.940 Thread 0x000001dbd642a660 nmethod 13266 0x000001db88366f10 code [0x000001db88367140, 0x000001db88367808]
Event: 34.940 Thread 0x000001dbd6428450 nmethod 13263 0x000001db88367f90 code [0x000001db88368140, 0x000001db883682f0]
Event: 34.940 Thread 0x000001dbd642a660 13264       4       java.io.DataOutputStream::writeByte (14 bytes)
Event: 34.940 Thread 0x000001dbd6428450 13267       4       org.eclipse.osgi.container.ModuleDatabase$Persistence::writeString (99 bytes)

GC Heap History (20 events):
Event: 18.223 GC heap before
{Heap before GC invocations=116 (full 3):
 PSYoungGen      total 13312K, used 12999K [0x00000000d5580000, 0x00000000d6400000, 0x0000000100000000)
  eden space 12288K, 99% used [0x00000000d5580000,0x00000000d6173640,0x00000000d6180000)
  from space 1024K, 74% used [0x00000000d6300000,0x00000000d63be900,0x00000000d6400000)
  to   space 1024K, 0% used [0x00000000d6200000,0x00000000d6200000,0x00000000d6300000)
 ParOldGen       total 114688K, used 114217K [0x0000000080000000, 0x0000000087000000, 0x00000000d5580000)
  object space 114688K, 99% used [0x0000000080000000,0x0000000086f8a508,0x0000000087000000)
 Metaspace       used 81844K, committed 83584K, reserved 1179648K
  class space    used 9905K, committed 10624K, reserved 1048576K
}
Event: 18.225 GC heap after
{Heap after GC invocations=116 (full 3):
 PSYoungGen      total 12800K, used 480K [0x00000000d5580000, 0x00000000d6380000, 0x0000000100000000)
  eden space 12288K, 0% used [0x00000000d5580000,0x00000000d5580000,0x00000000d6180000)
  from space 512K, 93% used [0x00000000d6200000,0x00000000d6278000,0x00000000d6280000)
  to   space 1024K, 0% used [0x00000000d6280000,0x00000000d6280000,0x00000000d6380000)
 ParOldGen       total 115200K, used 114773K [0x0000000080000000, 0x0000000087080000, 0x00000000d5580000)
  object space 115200K, 99% used [0x0000000080000000,0x0000000087015738,0x0000000087080000)
 Metaspace       used 81844K, committed 83584K, reserved 1179648K
  class space    used 9905K, committed 10624K, reserved 1048576K
}
Event: 18.641 GC heap before
{Heap before GC invocations=117 (full 3):
 PSYoungGen      total 12800K, used 12751K [0x00000000d5580000, 0x00000000d6380000, 0x0000000100000000)
  eden space 12288K, 99% used [0x00000000d5580000,0x00000000d617bc80,0x00000000d6180000)
  from space 512K, 93% used [0x00000000d6200000,0x00000000d6278000,0x00000000d6280000)
  to   space 1024K, 0% used [0x00000000d6280000,0x00000000d6280000,0x00000000d6380000)
 ParOldGen       total 115200K, used 114773K [0x0000000080000000, 0x0000000087080000, 0x00000000d5580000)
  object space 115200K, 99% used [0x0000000080000000,0x0000000087015738,0x0000000087080000)
 Metaspace       used 82036K, committed 83712K, reserved 1179648K
  class space    used 9920K, committed 10624K, reserved 1048576K
}
Event: 18.643 GC heap after
{Heap after GC invocations=117 (full 3):
 PSYoungGen      total 8704K, used 1012K [0x00000000d5580000, 0x00000000d6c80000, 0x0000000100000000)
  eden space 7680K, 0% used [0x00000000d5580000,0x00000000d5580000,0x00000000d5d00000)
  from space 1024K, 98% used [0x00000000d6280000,0x00000000d637d3c8,0x00000000d6380000)
  to   space 5632K, 0% used [0x00000000d5d00000,0x00000000d5d00000,0x00000000d6280000)
 ParOldGen       total 118784K, used 118605K [0x0000000080000000, 0x0000000087400000, 0x00000000d5580000)
  object space 118784K, 99% used [0x0000000080000000,0x00000000873d3790,0x0000000087400000)
 Metaspace       used 82036K, committed 83712K, reserved 1179648K
  class space    used 9920K, committed 10624K, reserved 1048576K
}
Event: 18.820 GC heap before
{Heap before GC invocations=118 (full 3):
 PSYoungGen      total 8704K, used 8692K [0x00000000d5580000, 0x00000000d6c80000, 0x0000000100000000)
  eden space 7680K, 100% used [0x00000000d5580000,0x00000000d5d00000,0x00000000d5d00000)
  from space 1024K, 98% used [0x00000000d6280000,0x00000000d637d3c8,0x00000000d6380000)
  to   space 5632K, 0% used [0x00000000d5d00000,0x00000000d5d00000,0x00000000d6280000)
 ParOldGen       total 118784K, used 118605K [0x0000000080000000, 0x0000000087400000, 0x00000000d5580000)
  object space 118784K, 99% used [0x0000000080000000,0x00000000873d3790,0x0000000087400000)
 Metaspace       used 82378K, committed 84096K, reserved 1179648K
  class space    used 9963K, committed 10688K, reserved 1048576K
}
Event: 18.822 GC heap after
{Heap after GC invocations=118 (full 3):
 PSYoungGen      total 8704K, used 992K [0x00000000d5580000, 0x00000000d6300000, 0x0000000100000000)
  eden space 7680K, 0% used [0x00000000d5580000,0x00000000d5580000,0x00000000d5d00000)
  from space 1024K, 96% used [0x00000000d5d00000,0x00000000d5df8010,0x00000000d5e00000)
  to   space 2560K, 0% used [0x00000000d6080000,0x00000000d6080000,0x00000000d6300000)
 ParOldGen       total 118784K, used 118765K [0x0000000080000000, 0x0000000087400000, 0x00000000d5580000)
  object space 118784K, 99% used [0x0000000080000000,0x00000000873fb790,0x0000000087400000)
 Metaspace       used 82378K, committed 84096K, reserved 1179648K
  class space    used 9963K, committed 10688K, reserved 1048576K
}
Event: 18.915 GC heap before
{Heap before GC invocations=119 (full 3):
 PSYoungGen      total 8704K, used 8672K [0x00000000d5580000, 0x00000000d6300000, 0x0000000100000000)
  eden space 7680K, 99% used [0x00000000d5580000,0x00000000d5cffff8,0x00000000d5d00000)
  from space 1024K, 96% used [0x00000000d5d00000,0x00000000d5df8010,0x00000000d5e00000)
  to   space 2560K, 0% used [0x00000000d6080000,0x00000000d6080000,0x00000000d6300000)
 ParOldGen       total 118784K, used 118765K [0x0000000080000000, 0x0000000087400000, 0x00000000d5580000)
  object space 118784K, 99% used [0x0000000080000000,0x00000000873fb790,0x0000000087400000)
 Metaspace       used 82607K, committed 84352K, reserved 1179648K
  class space    used 9998K, committed 10752K, reserved 1048576K
}
Event: 18.917 GC heap after
{Heap after GC invocations=119 (full 3):
 PSYoungGen      total 9216K, used 1248K [0x00000000d5580000, 0x00000000d6200000, 0x0000000100000000)
  eden space 7680K, 0% used [0x00000000d5580000,0x00000000d5580000,0x00000000d5d00000)
  from space 1536K, 81% used [0x00000000d6080000,0x00000000d61b8000,0x00000000d6200000)
  to   space 1536K, 0% used [0x00000000d5f00000,0x00000000d5f00000,0x00000000d6080000)
 ParOldGen       total 119808K, used 119521K [0x0000000080000000, 0x0000000087500000, 0x00000000d5580000)
  object space 119808K, 99% used [0x0000000080000000,0x00000000874b87a0,0x0000000087500000)
 Metaspace       used 82607K, committed 84352K, reserved 1179648K
  class space    used 9998K, committed 10752K, reserved 1048576K
}
Event: 19.074 GC heap before
{Heap before GC invocations=120 (full 3):
 PSYoungGen      total 9216K, used 8928K [0x00000000d5580000, 0x00000000d6200000, 0x0000000100000000)
  eden space 7680K, 100% used [0x00000000d5580000,0x00000000d5d00000,0x00000000d5d00000)
  from space 1536K, 81% used [0x00000000d6080000,0x00000000d61b8000,0x00000000d6200000)
  to   space 1536K, 0% used [0x00000000d5f00000,0x00000000d5f00000,0x00000000d6080000)
 ParOldGen       total 119808K, used 119521K [0x0000000080000000, 0x0000000087500000, 0x00000000d5580000)
  object space 119808K, 99% used [0x0000000080000000,0x00000000874b87a0,0x0000000087500000)
 Metaspace       used 82949K, committed 84736K, reserved 1179648K
  class space    used 10045K, committed 10816K, reserved 1048576K
}
Event: 19.075 GC heap after
{Heap after GC invocations=120 (full 3):
 PSYoungGen      total 8704K, used 602K [0x00000000d5580000, 0x00000000d6100000, 0x0000000100000000)
  eden space 7680K, 0% used [0x00000000d5580000,0x00000000d5580000,0x00000000d5d00000)
  from space 1024K, 58% used [0x00000000d5f00000,0x00000000d5f968c8,0x00000000d6000000)
  to   space 1024K, 0% used [0x00000000d6000000,0x00000000d6000000,0x00000000d6100000)
 ParOldGen       total 120320K, used 120009K [0x0000000080000000, 0x0000000087580000, 0x00000000d5580000)
  object space 120320K, 99% used [0x0000000080000000,0x00000000875327a0,0x0000000087580000)
 Metaspace       used 82949K, committed 84736K, reserved 1179648K
  class space    used 10045K, committed 10816K, reserved 1048576K
}
Event: 19.254 GC heap before
{Heap before GC invocations=121 (full 3):
 PSYoungGen      total 8704K, used 8282K [0x00000000d5580000, 0x00000000d6100000, 0x0000000100000000)
  eden space 7680K, 100% used [0x00000000d5580000,0x00000000d5d00000,0x00000000d5d00000)
  from space 1024K, 58% used [0x00000000d5f00000,0x00000000d5f968c8,0x00000000d6000000)
  to   space 1024K, 0% used [0x00000000d6000000,0x00000000d6000000,0x00000000d6100000)
 ParOldGen       total 120320K, used 120009K [0x0000000080000000, 0x0000000087580000, 0x00000000d5580000)
  object space 120320K, 99% used [0x0000000080000000,0x00000000875327a0,0x0000000087580000)
 Metaspace       used 83459K, committed 85184K, reserved 1179648K
  class space    used 10086K, committed 10816K, reserved 1048576K
}
Event: 19.256 GC heap after
{Heap after GC invocations=121 (full 3):
 PSYoungGen      total 8704K, used 1020K [0x00000000d5580000, 0x00000000d6100000, 0x0000000100000000)
  eden space 7680K, 0% used [0x00000000d5580000,0x00000000d5580000,0x00000000d5d00000)
  from space 1024K, 99% used [0x00000000d6000000,0x00000000d60ff0a0,0x00000000d6100000)
  to   space 2048K, 0% used [0x00000000d5d00000,0x00000000d5d00000,0x00000000d5f00000)
 ParOldGen       total 120832K, used 120809K [0x0000000080000000, 0x0000000087600000, 0x00000000d5580000)
  object space 120832K, 99% used [0x0000000080000000,0x00000000875fa790,0x0000000087600000)
 Metaspace       used 83459K, committed 85184K, reserved 1179648K
  class space    used 10086K, committed 10816K, reserved 1048576K
}
Event: 19.310 GC heap before
{Heap before GC invocations=122 (full 3):
 PSYoungGen      total 8704K, used 8689K [0x00000000d5580000, 0x00000000d6100000, 0x0000000100000000)
  eden space 7680K, 99% used [0x00000000d5580000,0x00000000d5cfd5e0,0x00000000d5d00000)
  from space 1024K, 99% used [0x00000000d6000000,0x00000000d60ff0a0,0x00000000d6100000)
  to   space 2048K, 0% used [0x00000000d5d00000,0x00000000d5d00000,0x00000000d5f00000)
 ParOldGen       total 120832K, used 120809K [0x0000000080000000, 0x0000000087600000, 0x00000000d5580000)
  object space 120832K, 99% used [0x0000000080000000,0x00000000875fa790,0x0000000087600000)
 Metaspace       used 83472K, committed 85184K, reserved 1179648K
  class space    used 10087K, committed 10816K, reserved 1048576K
}
Event: 19.311 GC heap after
{Heap after GC invocations=122 (full 3):
 PSYoungGen      total 9728K, used 384K [0x00000000d5580000, 0x00000000d6080000, 0x0000000100000000)
  eden space 7680K, 0% used [0x00000000d5580000,0x00000000d5580000,0x00000000d5d00000)
  from space 2048K, 18% used [0x00000000d5d00000,0x00000000d5d60020,0x00000000d5f00000)
  to   space 1024K, 0% used [0x00000000d5f80000,0x00000000d5f80000,0x00000000d6080000)
 ParOldGen       total 121344K, used 121033K [0x0000000080000000, 0x0000000087680000, 0x00000000d5580000)
  object space 121344K, 99% used [0x0000000080000000,0x00000000876327b0,0x0000000087680000)
 Metaspace       used 83472K, committed 85184K, reserved 1179648K
  class space    used 10087K, committed 10816K, reserved 1048576K
}
Event: 19.501 GC heap before
{Heap before GC invocations=123 (full 3):
 PSYoungGen      total 9728K, used 7347K [0x00000000d5580000, 0x00000000d6080000, 0x0000000100000000)
  eden space 7680K, 90% used [0x00000000d5580000,0x00000000d5c4ccd0,0x00000000d5d00000)
  from space 2048K, 18% used [0x00000000d5d00000,0x00000000d5d60020,0x00000000d5f00000)
  to   space 1024K, 0% used [0x00000000d5f80000,0x00000000d5f80000,0x00000000d6080000)
 ParOldGen       total 121344K, used 121033K [0x0000000080000000, 0x0000000087680000, 0x00000000d5580000)
  object space 121344K, 99% used [0x0000000080000000,0x00000000876327b0,0x0000000087680000)
 Metaspace       used 83502K, committed 85184K, reserved 1179648K
  class space    used 10087K, committed 10816K, reserved 1048576K
}
Event: 19.502 GC heap after
{Heap after GC invocations=123 (full 3):
 PSYoungGen      total 8192K, used 378K [0x00000000d5580000, 0x00000000d6000000, 0x0000000100000000)
  eden space 7680K, 0% used [0x00000000d5580000,0x00000000d5580000,0x00000000d5d00000)
  from space 512K, 73% used [0x00000000d5f80000,0x00000000d5fde900,0x00000000d6000000)
  to   space 512K, 0% used [0x00000000d5f00000,0x00000000d5f00000,0x00000000d5f80000)
 ParOldGen       total 121344K, used 121169K [0x0000000080000000, 0x0000000087680000, 0x00000000d5580000)
  object space 121344K, 99% used [0x0000000080000000,0x00000000876547d0,0x0000000087680000)
 Metaspace       used 83502K, committed 85184K, reserved 1179648K
  class space    used 10087K, committed 10816K, reserved 1048576K
}
Event: 19.628 GC heap before
{Heap before GC invocations=124 (full 3):
 PSYoungGen      total 8192K, used 8058K [0x00000000d5580000, 0x00000000d6000000, 0x0000000100000000)
  eden space 7680K, 100% used [0x00000000d5580000,0x00000000d5d00000,0x00000000d5d00000)
  from space 512K, 73% used [0x00000000d5f80000,0x00000000d5fde900,0x00000000d6000000)
  to   space 512K, 0% used [0x00000000d5f00000,0x00000000d5f00000,0x00000000d5f80000)
 ParOldGen       total 121344K, used 121169K [0x0000000080000000, 0x0000000087680000, 0x00000000d5580000)
  object space 121344K, 99% used [0x0000000080000000,0x00000000876547d0,0x0000000087680000)
 Metaspace       used 83519K, committed 85248K, reserved 1179648K
  class space    used 10087K, committed 10816K, reserved 1048576K
}
Event: 19.629 GC heap after
{Heap after GC invocations=124 (full 3):
 PSYoungGen      total 8192K, used 320K [0x00000000d5580000, 0x00000000d6000000, 0x0000000100000000)
  eden space 7680K, 0% used [0x00000000d5580000,0x00000000d5580000,0x00000000d5d00000)
  from space 512K, 62% used [0x00000000d5f00000,0x00000000d5f50000,0x00000000d5f80000)
  to   space 512K, 0% used [0x00000000d5f80000,0x00000000d5f80000,0x00000000d6000000)
 ParOldGen       total 121856K, used 121350K [0x0000000080000000, 0x0000000087700000, 0x00000000d5580000)
  object space 121856K, 99% used [0x0000000080000000,0x00000000876819d0,0x0000000087700000)
 Metaspace       used 83519K, committed 85248K, reserved 1179648K
  class space    used 10087K, committed 10816K, reserved 1048576K
}
Event: 32.916 GC heap before
{Heap before GC invocations=125 (full 3):
 PSYoungGen      total 8192K, used 8000K [0x00000000d5580000, 0x00000000d6000000, 0x0000000100000000)
  eden space 7680K, 100% used [0x00000000d5580000,0x00000000d5d00000,0x00000000d5d00000)
  from space 512K, 62% used [0x00000000d5f00000,0x00000000d5f50000,0x00000000d5f80000)
  to   space 512K, 0% used [0x00000000d5f80000,0x00000000d5f80000,0x00000000d6000000)
 ParOldGen       total 121856K, used 121350K [0x0000000080000000, 0x0000000087700000, 0x00000000d5580000)
  object space 121856K, 99% used [0x0000000080000000,0x00000000876819d0,0x0000000087700000)
 Metaspace       used 83834K, committed 85568K, reserved 1179648K
  class space    used 10106K, committed 10816K, reserved 1048576K
}
Event: 32.921 GC heap after
{Heap after GC invocations=125 (full 3):
 PSYoungGen      total 8192K, used 512K [0x00000000d5580000, 0x00000000d6000000, 0x0000000100000000)
  eden space 7680K, 0% used [0x00000000d5580000,0x00000000d5580000,0x00000000d5d00000)
  from space 512K, 100% used [0x00000000d5f80000,0x00000000d6000000,0x00000000d6000000)
  to   space 1024K, 0% used [0x00000000d5e00000,0x00000000d5e00000,0x00000000d5f00000)
 ParOldGen       total 121856K, used 121622K [0x0000000080000000, 0x0000000087700000, 0x00000000d5580000)
  object space 121856K, 99% used [0x0000000080000000,0x00000000876c5a20,0x0000000087700000)
 Metaspace       used 83834K, committed 85568K, reserved 1179648K
  class space    used 10106K, committed 10816K, reserved 1048576K
}

Dll operation events (15 events):
Event: 0.009 Loaded shared library c:\Users\HP\.antigravity\extensions\redhat.java-1.54.0-win32-x64\jre\21.0.10-win32-x86_64\bin\java.dll
Event: 0.060 Loaded shared library c:\Users\HP\.antigravity\extensions\redhat.java-1.54.0-win32-x64\jre\21.0.10-win32-x86_64\bin\zip.dll
Event: 0.075 Loaded shared library C:\Users\HP\.antigravity\extensions\redhat.java-1.54.0-win32-x64\jre\21.0.10-win32-x86_64\bin\instrument.dll
Event: 0.078 Loaded shared library C:\Users\HP\.antigravity\extensions\redhat.java-1.54.0-win32-x64\jre\21.0.10-win32-x86_64\bin\net.dll
Event: 0.080 Loaded shared library C:\Users\HP\.antigravity\extensions\redhat.java-1.54.0-win32-x64\jre\21.0.10-win32-x86_64\bin\nio.dll
Event: 0.082 Loaded shared library C:\Users\HP\.antigravity\extensions\redhat.java-1.54.0-win32-x64\jre\21.0.10-win32-x86_64\bin\zip.dll
Event: 0.094 Loaded shared library C:\Users\HP\.antigravity\extensions\redhat.java-1.54.0-win32-x64\jre\21.0.10-win32-x86_64\bin\jimage.dll
Event: 0.155 Loaded shared library c:\Users\HP\.antigravity\extensions\redhat.java-1.54.0-win32-x64\jre\21.0.10-win32-x86_64\bin\verify.dll
Event: 1.063 Loaded shared library C:\Users\HP\AppData\Roaming\Antigravity\User\globalStorage\redhat.java\1.54.0\config_win\org.eclipse.equinox.launcher\org.eclipse.equinox.launcher.win32.win32.x86_64_1.3.0.v20260203-2149\eclipse_11919.dll
Event: 2.083 Loaded shared library C:\Users\HP\AppData\Local\Temp\jna-2312\jna17864260984795131492.dll
Event: 6.472 Loaded shared library C:\Users\HP\.gradle\native\1def1411415f61bf3af743bc5b6707747c0891f09f0c88961ee8f79bc544acac\windows-amd64\native-platform.dll
Event: 9.349 Loaded shared library C:\Users\HP\.antigravity\extensions\redhat.java-1.54.0-win32-x64\jre\21.0.10-win32-x86_64\bin\management.dll
Event: 9.355 Loaded shared library C:\Users\HP\.antigravity\extensions\redhat.java-1.54.0-win32-x64\jre\21.0.10-win32-x86_64\bin\management_ext.dll
Event: 12.040 Loaded shared library C:\Users\HP\.antigravity\extensions\redhat.java-1.54.0-win32-x64\jre\21.0.10-win32-x86_64\bin\extnet.dll
Event: 12.210 Loaded shared library C:\Users\HP\.antigravity\extensions\redhat.java-1.54.0-win32-x64\jre\21.0.10-win32-x86_64\bin\sunmscapi.dll

Deoptimization events (20 events):
Event: 19.627 Thread 0x000001dbd05407c0 DEOPT PACKING pc=0x000001db80794d78 sp=0x000000a8680ff180
Event: 19.627 Thread 0x000001dbd05407c0 DEOPT UNPACKING pc=0x000001db87584242 sp=0x000000a8680fe600 mode 0
Event: 25.823 Thread 0x000001dbfdac6910 Uncommon trap: trap_request=0xffffff45 fr.pc=0x000001db880cb350 relative=0x0000000000000410
Event: 25.823 Thread 0x000001dbfdac6910 Uncommon trap: reason=unstable_if action=reinterpret pc=0x000001db880cb350 method=com.google.gson.stream.JsonReader.doPeek()I @ 547 c2
Event: 25.823 Thread 0x000001dbfdac6910 DEOPT PACKING pc=0x000001db880cb350 sp=0x000000a86a0fe780
Event: 25.823 Thread 0x000001dbfdac6910 DEOPT UNPACKING pc=0x000001db87583aa2 sp=0x000000a86a0fe700 mode 2
Event: 25.830 Thread 0x000001dbfdac7630 Uncommon trap: trap_request=0xffffff45 fr.pc=0x000001db88285e80 relative=0x00000000000002c0
Event: 25.830 Thread 0x000001dbfdac7630 Uncommon trap: reason=unstable_if action=reinterpret pc=0x000001db88285e80 method=org.eclipse.core.runtime.Path.equals(Ljava/lang/Object;)Z @ 120 c2
Event: 25.830 Thread 0x000001dbfdac7630 DEOPT PACKING pc=0x000001db88285e80 sp=0x000000a869ffec30
Event: 25.830 Thread 0x000001dbfdac7630 DEOPT UNPACKING pc=0x000001db87583aa2 sp=0x000000a869ffebc0 mode 2
Event: 25.830 Thread 0x000001dbfdac7630 Uncommon trap: trap_request=0xffffff45 fr.pc=0x000001db87efb510 relative=0x00000000000002b0
Event: 25.830 Thread 0x000001dbfdac7630 Uncommon trap: reason=unstable_if action=reinterpret pc=0x000001db87efb510 method=java.net.URI.equal(Ljava/lang/String;Ljava/lang/String;)Z @ 10 c2
Event: 25.830 Thread 0x000001dbfdac7630 DEOPT PACKING pc=0x000001db87efb510 sp=0x000000a869ffecf0
Event: 25.830 Thread 0x000001dbfdac7630 DEOPT UNPACKING pc=0x000001db87583aa2 sp=0x000000a869ffec80 mode 2
Event: 30.877 Thread 0x000001dbfd3eeb80 Uncommon trap: trap_request=0xffffff45 fr.pc=0x000001db8833dc44 relative=0x00000000000005c4
Event: 30.877 Thread 0x000001dbfd3eeb80 Uncommon trap: reason=unstable_if action=reinterpret pc=0x000001db8833dc44 method=java.util.HashMap.removeNode(ILjava/lang/Object;Ljava/lang/Object;ZZ)Ljava/util/HashMap$Node; @ 62 c2
Event: 30.878 Thread 0x000001dbfd3eeb80 DEOPT PACKING pc=0x000001db8833dc44 sp=0x000000a8670fef50
Event: 30.878 Thread 0x000001dbfd3eeb80 DEOPT UNPACKING pc=0x000001db87583aa2 sp=0x000000a8670fee50 mode 2
Event: 30.883 Thread 0x000001dbfd3eeb80 DEOPT PACKING pc=0x000001db80cdc580 sp=0x000000a8670fed70
Event: 30.883 Thread 0x000001dbfd3eeb80 DEOPT UNPACKING pc=0x000001db87584242 sp=0x000000a8670fe2c8 mode 0

Classes loaded (20 events):
Event: 32.904 Loading class sun/util/locale/provider/TimeZoneNameProviderImpl done
Event: 32.904 Loading class sun/util/cldr/CLDRTimeZoneNameProviderImpl done
Event: 32.906 Loading class sun/util/locale/provider/BaseLocaleDataMetaInfo
Event: 32.907 Loading class sun/util/locale/provider/BaseLocaleDataMetaInfo done
Event: 32.910 Loading class sun/util/resources/cldr/TimeZoneNames
Event: 32.910 Loading class sun/util/resources/TimeZoneNamesBundle
Event: 32.910 Loading class sun/util/resources/OpenListResourceBundle
Event: 32.910 Loading class sun/util/resources/OpenListResourceBundle done
Event: 32.910 Loading class sun/util/resources/TimeZoneNamesBundle done
Event: 32.910 Loading class sun/util/resources/cldr/TimeZoneNames done
Event: 32.910 Loading class sun/util/resources/cldr/TimeZoneNames_en
Event: 32.912 Loading class sun/util/resources/cldr/TimeZoneNames_en done
Event: 32.912 Loading class sun/util/resources/cldr/TimeZoneNames_en_US
Event: 32.912 Loading class sun/util/resources/cldr/TimeZoneNames_en_US done
Event: 32.913 Loading class sun/util/cldr/CLDRBaseLocaleDataMetaInfo$TZCanonicalIDMapHolder
Event: 32.914 Loading class sun/util/cldr/CLDRBaseLocaleDataMetaInfo$TZCanonicalIDMapHolder done
Event: 32.914 Loading class sun/util/resources/TimeZoneNames
Event: 32.915 Loading class sun/util/resources/TimeZoneNames done
Event: 32.916 Loading class sun/util/resources/TimeZoneNames_en
Event: 32.916 Loading class sun/util/resources/TimeZoneNames_en done

Classes unloaded (7 events):
Event: 2.570 Thread 0x000001dbef2523d0 Unloading class 0x000001db901a4c00 'java/lang/invoke/LambdaForm$MH+0x000001db901a4c00'
Event: 2.570 Thread 0x000001dbef2523d0 Unloading class 0x000001db901a4800 'java/lang/invoke/LambdaForm$MH+0x000001db901a4800'
Event: 2.570 Thread 0x000001dbef2523d0 Unloading class 0x000001db901a4400 'java/lang/invoke/LambdaForm$MH+0x000001db901a4400'
Event: 2.570 Thread 0x000001dbef2523d0 Unloading class 0x000001db901a4000 'java/lang/invoke/LambdaForm$MH+0x000001db901a4000'
Event: 2.570 Thread 0x000001dbef2523d0 Unloading class 0x000001db901a3c00 'java/lang/invoke/LambdaForm$BMH+0x000001db901a3c00'
Event: 2.570 Thread 0x000001dbef2523d0 Unloading class 0x000001db901a3800 'java/lang/invoke/LambdaForm$DMH+0x000001db901a3800'
Event: 2.570 Thread 0x000001dbef2523d0 Unloading class 0x000001db901a2400 'java/lang/invoke/LambdaForm$DMH+0x000001db901a2400'

Classes redefined (0 events):
No events

Internal exceptions (20 events):
Event: 17.999 Thread 0x000001dbfe2cd760 Exception <a 'java/lang/NoSuchMethodError'{0x00000000d5f7d170}: 'java.lang.Object java.lang.invoke.DirectMethodHandle$Holder.invokeStatic(java.lang.Object, java.lang.Object, int, java.lang.Object)'> (0x00000000d5f7d170) 
thrown [s\src\hotspot\share\interpreter\linkResolver.cpp, line 773]
Event: 18.000 Thread 0x000001dbfe2cd760 Exception <a 'java/lang/NoSuchMethodError'{0x00000000d5f83880}: 'java.lang.Object java.lang.invoke.DirectMethodHandle$Holder.newInvokeSpecial(java.lang.Object, java.lang.Object, int)'> (0x00000000d5f83880) 
thrown [s\src\hotspot\share\interpreter\linkResolver.cpp, line 773]
Event: 18.676 Thread 0x000001dbfe2cf1a0 Exception <a 'java/lang/NoSuchMethodError'{0x00000000d562b518}: 'java.lang.Object java.lang.invoke.DirectMethodHandle$Holder.newInvokeSpecial(java.lang.Object, java.lang.Object, int, java.lang.Object, java.lang.Object)'> (0x00000000d562b518) 
thrown [s\src\hotspot\share\interpreter\linkResolver.cpp, line 773]
Event: 18.681 Thread 0x000001dbfe2cf1a0 Exception <a 'java/lang/NoSuchMethodError'{0x00000000d5645858}: 'java.lang.Object java.lang.invoke.DirectMethodHandle$Holder.invokeSpecial(java.lang.Object, java.lang.Object, java.lang.Object, int, java.lang.Object, java.lang.Object, java.lang.Object)'> (0x00000000d5645858) 
thrown [s\src\hotspot\share\interpreter\linkResolver.cpp, line 773]
Event: 18.701 Thread 0x000001dbfe2cf1a0 Exception <a 'java/lang/NoSuchMethodError'{0x00000000d56cf9a0}: 'void java.lang.invoke.DirectMethodHandle$Holder.invokeStatic(java.lang.Object, int)'> (0x00000000d56cf9a0) 
thrown [s\src\hotspot\share\interpreter\linkResolver.cpp, line 773]
Event: 18.838 Thread 0x000001dbfe2cf1a0 Exception <a 'java/io/FileNotFoundException'{0x00000000d563a488}> (0x00000000d563a488) 
thrown [s\src\hotspot\share\prims\jni.cpp, line 520]
Event: 18.838 Thread 0x000001dbfe2cf1a0 Exception <a 'java/io/FileNotFoundException'{0x00000000d563b748}> (0x00000000d563b748) 
thrown [s\src\hotspot\share\prims\jni.cpp, line 520]
Event: 18.839 Thread 0x000001dbfe2cf1a0 Exception <a 'java/io/FileNotFoundException'{0x00000000d563cb20}> (0x00000000d563cb20) 
thrown [s\src\hotspot\share\prims\jni.cpp, line 520]
Event: 18.947 Thread 0x000001dbfe2cf1a0 Implicit null exception at 0x000001db87e55d53 to 0x000001db87e56f94
Event: 19.127 Thread 0x000001dbfe2cf1a0 Exception <a 'sun/nio/fs/WindowsException'{0x00000000d585c0e0}> (0x00000000d585c0e0) 
thrown [s\src\hotspot\share\prims\jni.cpp, line 520]
Event: 19.216 Thread 0x000001dbfe2cf1a0 Exception <a 'java/lang/NoSuchMethodError'{0x00000000d5ad0c98}: 'void java.lang.invoke.DirectMethodHandle$Holder.invokeSpecial(java.lang.Object, java.lang.Object, java.lang.Object, java.lang.Object, java.lang.Object, java.lang.Object, java.lang.Object)'> (0x00000000d5ad0c98) 
thrown [s\src\hotspot\share\interpreter\linkResolver.cpp, line 773]
Event: 19.231 Thread 0x000001dbd05407c0 Implicit null exception at 0x000001db88264a13 to 0x000001db8826673c
Event: 19.248 Thread 0x000001dbd05407c0 Exception <a 'sun/nio/fs/WindowsException'{0x00000000d5b8f740}> (0x00000000d5b8f740) 
thrown [s\src\hotspot\share\prims\jni.cpp, line 520]
Event: 19.248 Thread 0x000001dbd05407c0 Exception <a 'sun/nio/fs/WindowsException'{0x00000000d5bab788}> (0x00000000d5bab788) 
thrown [s\src\hotspot\share\prims\jni.cpp, line 520]
Event: 19.249 Thread 0x000001dbd05407c0 Exception <a 'sun/nio/fs/WindowsException'{0x00000000d5c030c8}> (0x00000000d5c030c8) 
thrown [s\src\hotspot\share\prims\jni.cpp, line 520]
Event: 19.249 Thread 0x000001dbd05407c0 Exception <a 'sun/nio/fs/WindowsException'{0x00000000d5c03b90}> (0x00000000d5c03b90) 
thrown [s\src\hotspot\share\prims\jni.cpp, line 520]
Event: 19.250 Thread 0x000001dbd05407c0 Exception <a 'sun/nio/fs/WindowsException'{0x00000000d5c06fe0}> (0x00000000d5c06fe0) 
thrown [s\src\hotspot\share\prims\jni.cpp, line 520]
Event: 19.250 Thread 0x000001dbd05407c0 Exception <a 'sun/nio/fs/WindowsException'{0x00000000d5c07ad8}> (0x00000000d5c07ad8) 
thrown [s\src\hotspot\share\prims\jni.cpp, line 520]
Event: 19.260 Thread 0x000001dbd05407c0 Exception <a 'sun/nio/fs/WindowsException'{0x00000000d5669ba8}> (0x00000000d5669ba8) 
thrown [s\src\hotspot\share\prims\jni.cpp, line 520]
Event: 19.260 Thread 0x000001dbd05407c0 Exception <a 'sun/nio/fs/WindowsException'{0x00000000d567b3a8}> (0x00000000d567b3a8) 
thrown [s\src\hotspot\share\prims\jni.cpp, line 520]

ZGC Phase Switch (0 events):
No events

VM Operations (20 events):
Event: 19.074 Executing safepoint VM operation: ParallelGCFailedAllocation (Allocation Failure)
Event: 19.075 Executing safepoint VM operation: ParallelGCFailedAllocation (Allocation Failure) done
Event: 19.254 Executing safepoint VM operation: ParallelGCFailedAllocation (Allocation Failure)
Event: 19.256 Executing safepoint VM operation: ParallelGCFailedAllocation (Allocation Failure) done
Event: 19.310 Executing safepoint VM operation: ParallelGCFailedAllocation (Allocation Failure)
Event: 19.311 Executing safepoint VM operation: ParallelGCFailedAllocation (Allocation Failure) done
Event: 19.501 Executing safepoint VM operation: ParallelGCFailedAllocation (Allocation Failure)
Event: 19.502 Executing safepoint VM operation: ParallelGCFailedAllocation (Allocation Failure) done
Event: 19.628 Executing safepoint VM operation: ParallelGCFailedAllocation (Allocation Failure)
Event: 19.629 Executing safepoint VM operation: ParallelGCFailedAllocation (Allocation Failure) done
Event: 21.629 Executing safepoint VM operation: Cleanup
Event: 21.629 Executing safepoint VM operation: Cleanup done
Event: 26.632 Executing safepoint VM operation: Cleanup
Event: 26.632 Executing safepoint VM operation: Cleanup done
Event: 31.635 Executing safepoint VM operation: Cleanup
Event: 31.897 Executing safepoint VM operation: Cleanup done
Event: 32.916 Executing safepoint VM operation: ParallelGCFailedAllocation (Allocation Failure)
Event: 32.921 Executing safepoint VM operation: ParallelGCFailedAllocation (Allocation Failure) done
Event: 34.921 Executing safepoint VM operation: Cleanup
Event: 34.921 Executing safepoint VM operation: Cleanup done

Memory protections (0 events):
No events

Nmethod flushes (20 events):
Event: 9.208 Thread 0x000001dbef2523d0 flushing  nmethod 0x000001db8078d510
Event: 9.208 Thread 0x000001dbef2523d0 flushing  nmethod 0x000001db8078e310
Event: 9.208 Thread 0x000001dbef2523d0 flushing  nmethod 0x000001db8078ec10
Event: 9.208 Thread 0x000001dbef2523d0 flushing  nmethod 0x000001db80791090
Event: 9.208 Thread 0x000001dbef2523d0 flushing  nmethod 0x000001db807a1e90
Event: 9.208 Thread 0x000001dbef2523d0 flushing osr nmethod 0x000001db8080f710
Event: 9.208 Thread 0x000001dbef2523d0 flushing  nmethod 0x000001db8081ad90
Event: 9.208 Thread 0x000001dbef2523d0 flushing osr nmethod 0x000001db8082e690
Event: 9.208 Thread 0x000001dbef2523d0 flushing  nmethod 0x000001db80834e90
Event: 9.208 Thread 0x000001dbef2523d0 flushing  nmethod 0x000001db8083be90
Event: 9.208 Thread 0x000001dbef2523d0 flushing  nmethod 0x000001db80847590
Event: 9.208 Thread 0x000001dbef2523d0 flushing  nmethod 0x000001db8084ac90
Event: 9.208 Thread 0x000001dbef2523d0 flushing  nmethod 0x000001db8084c110
Event: 9.208 Thread 0x000001dbef2523d0 flushing  nmethod 0x000001db80877c90
Event: 9.208 Thread 0x000001dbef2523d0 flushing  nmethod 0x000001db80885790
Event: 9.208 Thread 0x000001dbef2523d0 flushing  nmethod 0x000001db80889690
Event: 9.208 Thread 0x000001dbef2523d0 flushing  nmethod 0x000001db80889d90
Event: 9.208 Thread 0x000001dbef2523d0 flushing  nmethod 0x000001db8088ad10
Event: 9.208 Thread 0x000001dbef2523d0 flushing  nmethod 0x000001db80890590
Event: 9.208 Thread 0x000001dbef2523d0 flushing osr nmethod 0x000001db808f2f10

Events (20 events):
Event: 17.563 Thread 0x000001dbfe76a060 Thread exited: 0x000001dbfe76a060
Event: 17.563 Thread 0x000001dbfe768620 Thread exited: 0x000001dbfe768620
Event: 17.563 Thread 0x000001dbfe76baa0 Thread exited: 0x000001dbfe76baa0
Event: 17.563 Thread 0x000001dbfe768cb0 Thread exited: 0x000001dbfe768cb0
Event: 18.898 Thread 0x000001dbfe2cf1a0 Thread added: 0x000001dbfe76baa0
Event: 18.899 Thread 0x000001dbfe2cf1a0 Thread added: 0x000001dbfe768620
Event: 18.899 Thread 0x000001dbfe2cf1a0 Thread added: 0x000001dbfe76a6f0
Event: 18.900 Thread 0x000001dbfe2cf1a0 Thread added: 0x000001dbfe76c130
Event: 18.900 Thread 0x000001dbfe2cf1a0 Thread added: 0x000001dbfe768cb0
Event: 18.927 Thread 0x000001dbfe76c130 Thread exited: 0x000001dbfe76c130
Event: 18.927 Thread 0x000001dbfe76baa0 Thread exited: 0x000001dbfe76baa0
Event: 18.927 Thread 0x000001dbfe768cb0 Thread exited: 0x000001dbfe768cb0
Event: 18.927 Thread 0x000001dbfe768620 Thread exited: 0x000001dbfe768620
Event: 18.927 Thread 0x000001dbfe76a6f0 Thread exited: 0x000001dbfe76a6f0
Event: 19.640 Thread 0x000001dbd05407c0 Thread added: 0x000001dbfe76a6f0
Event: 19.783 Thread 0x000001dbfe76a6f0 Thread exited: 0x000001dbfe76a6f0
Event: 20.218 Thread 0x000001dbd5f6bd30 Thread exited: 0x000001dbd5f6bd30
Event: 20.218 Thread 0x000001dbfd18fba0 Thread exited: 0x000001dbfd18fba0
Event: 30.884 Thread 0x000001dbef269e30 Thread added: 0x000001dbd6428450
Event: 30.888 Thread 0x000001dbef269e30 Thread added: 0x000001dbd642a660


Dynamic libraries:
0x00007ff759420000 - 0x00007ff75942e000 	c:\Users\HP\.antigravity\extensions\redhat.java-1.54.0-win32-x64\jre\21.0.10-win32-x86_64\bin\java.exe
0x00007fff50f80000 - 0x00007fff511e7000 	C:\WINDOWS\SYSTEM32\ntdll.dll
0x00007fff0d4c0000 - 0x00007fff0d4e1000 	C:\Program Files\Avast Software\Avast\aswhook.dll
0x00007fff4f770000 - 0x00007fff4f839000 	C:\WINDOWS\System32\KERNEL32.DLL
0x00007fff4df00000 - 0x00007fff4e2f4000 	C:\WINDOWS\System32\KERNELBASE.dll
0x00007fff4da90000 - 0x00007fff4dbdb000 	C:\WINDOWS\System32\ucrtbase.dll
0x00007fff484d0000 - 0x00007fff484e8000 	c:\Users\HP\.antigravity\extensions\redhat.java-1.54.0-win32-x64\jre\21.0.10-win32-x86_64\bin\jli.dll
0x00007fff504a0000 - 0x00007fff50665000 	C:\WINDOWS\System32\USER32.dll
0x00007fff484b0000 - 0x00007fff484ce000 	c:\Users\HP\.antigravity\extensions\redhat.java-1.54.0-win32-x64\jre\21.0.10-win32-x86_64\bin\VCRUNTIME140.dll
0x00007fff20240000 - 0x00007fff204d3000 	C:\WINDOWS\WinSxS\amd64_microsoft.windows.common-controls_6595b64144ccf1df_6.0.26100.8115_none_3e075c82e3354f9c\COMCTL32.dll
0x00007fff4dd50000 - 0x00007fff4dd77000 	C:\WINDOWS\System32\win32u.dll
0x00007fff50a90000 - 0x00007fff50b39000 	C:\WINDOWS\System32\msvcrt.dll
0x00007fff50c00000 - 0x00007fff50c2b000 	C:\WINDOWS\System32\GDI32.dll
0x00007fff4d8b0000 - 0x00007fff4d9db000 	C:\WINDOWS\System32\gdi32full.dll
0x00007fff4d9e0000 - 0x00007fff4da83000 	C:\WINDOWS\System32\msvcp_win.dll
0x00007fff50ed0000 - 0x00007fff50f02000 	C:\WINDOWS\System32\IMM32.DLL
0x00007fff48d00000 - 0x00007fff48d0c000 	c:\Users\HP\.antigravity\extensions\redhat.java-1.54.0-win32-x64\jre\21.0.10-win32-x86_64\bin\vcruntime140_1.dll
0x00007fff2a890000 - 0x00007fff2a91d000 	c:\Users\HP\.antigravity\extensions\redhat.java-1.54.0-win32-x64\jre\21.0.10-win32-x86_64\bin\msvcp140.dll
0x00007ffea5110000 - 0x00007ffea5eb1000 	c:\Users\HP\.antigravity\extensions\redhat.java-1.54.0-win32-x64\jre\21.0.10-win32-x86_64\bin\server\jvm.dll
0x00007fff500d0000 - 0x00007fff50186000 	C:\WINDOWS\System32\ADVAPI32.dll
0x00007fff4fec0000 - 0x00007fff4ff67000 	C:\WINDOWS\System32\sechost.dll
0x00007fff4f4e0000 - 0x00007fff4f5f8000 	C:\WINDOWS\System32\RPCRT4.dll
0x00007fff50b70000 - 0x00007fff50bf0000 	C:\WINDOWS\System32\WS2_32.dll
0x00007fff3b8c0000 - 0x00007fff3b8cb000 	C:\WINDOWS\SYSTEM32\VERSION.dll
0x00007fff4d680000 - 0x00007fff4d6de000 	C:\WINDOWS\SYSTEM32\POWRPROF.dll
0x00007fff485a0000 - 0x00007fff485d6000 	C:\WINDOWS\SYSTEM32\WINMM.dll
0x00007fff4d660000 - 0x00007fff4d674000 	C:\WINDOWS\SYSTEM32\UMPDC.dll
0x00007fff4c5b0000 - 0x00007fff4c5cb000 	C:\WINDOWS\SYSTEM32\kernel.appcore.dll
0x00007fff484a0000 - 0x00007fff484aa000 	c:\Users\HP\.antigravity\extensions\redhat.java-1.54.0-win32-x64\jre\21.0.10-win32-x86_64\bin\jimage.dll
0x00007fff4b7c0000 - 0x00007fff4ba02000 	C:\WINDOWS\SYSTEM32\DBGHELP.DLL
0x00007fff50700000 - 0x00007fff50a82000 	C:\WINDOWS\System32\combase.dll
0x00007fff50350000 - 0x00007fff50428000 	C:\WINDOWS\System32\OLEAUT32.dll
0x00007fff38e80000 - 0x00007fff38ebb000 	C:\WINDOWS\SYSTEM32\dbgcore.DLL
0x00007fff4e300000 - 0x00007fff4e3a5000 	C:\WINDOWS\System32\bcryptPrimitives.dll
0x00007fff48490000 - 0x00007fff4849f000 	c:\Users\HP\.antigravity\extensions\redhat.java-1.54.0-win32-x64\jre\21.0.10-win32-x86_64\bin\instrument.dll
0x00007fff2a870000 - 0x00007fff2a890000 	c:\Users\HP\.antigravity\extensions\redhat.java-1.54.0-win32-x64\jre\21.0.10-win32-x86_64\bin\java.dll
0x00007fff4ecf0000 - 0x00007fff4f457000 	C:\WINDOWS\System32\SHELL32.dll
0x00007fff4dbe0000 - 0x00007fff4dd4a000 	C:\WINDOWS\System32\wintypes.dll
0x00007fff4e470000 - 0x00007fff4ecd8000 	C:\WINDOWS\System32\windows.storage.dll
0x00007fff50190000 - 0x00007fff50288000 	C:\WINDOWS\System32\SHCORE.dll
0x00007fff50430000 - 0x00007fff50496000 	C:\WINDOWS\System32\shlwapi.dll
0x00007fff4d740000 - 0x00007fff4d769000 	C:\WINDOWS\SYSTEM32\profapi.dll
0x00007fff2a850000 - 0x00007fff2a868000 	c:\Users\HP\.antigravity\extensions\redhat.java-1.54.0-win32-x64\jre\21.0.10-win32-x86_64\bin\zip.dll
0x00007fff3ada0000 - 0x00007fff3adb0000 	C:\Users\HP\.antigravity\extensions\redhat.java-1.54.0-win32-x64\jre\21.0.10-win32-x86_64\bin\net.dll
0x00007fff45110000 - 0x00007fff4523d000 	C:\WINDOWS\SYSTEM32\WINHTTP.dll
0x00007fff4cb20000 - 0x00007fff4cb8c000 	C:\WINDOWS\system32\mswsock.dll
0x00007fff2a830000 - 0x00007fff2a846000 	C:\Users\HP\.antigravity\extensions\redhat.java-1.54.0-win32-x64\jre\21.0.10-win32-x86_64\bin\nio.dll
0x00007fff2c320000 - 0x00007fff2c330000 	c:\Users\HP\.antigravity\extensions\redhat.java-1.54.0-win32-x64\jre\21.0.10-win32-x86_64\bin\verify.dll
0x00007fff483c0000 - 0x00007fff48405000 	C:\Users\HP\AppData\Roaming\Antigravity\User\globalStorage\redhat.java\1.54.0\config_win\org.eclipse.equinox.launcher\org.eclipse.equinox.launcher.win32.win32.x86_64_1.3.0.v20260203-2149\eclipse_11919.dll
0x00007fff4f840000 - 0x00007fff4f9d7000 	C:\WINDOWS\System32\ole32.dll
0x00007fff4ce00000 - 0x00007fff4ce1b000 	C:\WINDOWS\SYSTEM32\CRYPTSP.dll
0x00007fff4c510000 - 0x00007fff4c549000 	C:\WINDOWS\system32\rsaenh.dll
0x00007fff4cbd0000 - 0x00007fff4cc03000 	C:\WINDOWS\SYSTEM32\USERENV.dll
0x00007fff4d710000 - 0x00007fff4d73a000 	C:\WINDOWS\SYSTEM32\bcrypt.dll
0x00007fff4ce20000 - 0x00007fff4ce2c000 	C:\WINDOWS\SYSTEM32\CRYPTBASE.dll
0x00007fff4bf60000 - 0x00007fff4bf92000 	C:\WINDOWS\SYSTEM32\IPHLPAPI.DLL
0x00007fff4f760000 - 0x00007fff4f76a000 	C:\WINDOWS\System32\NSI.dll
0x00007fff2a7e0000 - 0x00007fff2a829000 	C:\Users\HP\AppData\Local\Temp\jna-2312\jna17864260984795131492.dll
0x00007fff50b40000 - 0x00007fff50b48000 	C:\WINDOWS\System32\PSAPI.DLL
0x00007fff46a50000 - 0x00007fff46a6d000 	C:\WINDOWS\SYSTEM32\dhcpcsvc6.DLL
0x00007fff46930000 - 0x00007fff46955000 	C:\WINDOWS\SYSTEM32\dhcpcsvc.DLL
0x00007fff2a760000 - 0x00007fff2a787000 	C:\Users\HP\.gradle\native\1def1411415f61bf3af743bc5b6707747c0891f09f0c88961ee8f79bc544acac\windows-amd64\native-platform.dll
0x00007fff2a750000 - 0x00007fff2a75a000 	C:\Users\HP\.antigravity\extensions\redhat.java-1.54.0-win32-x64\jre\21.0.10-win32-x86_64\bin\management.dll
0x00007fff2a300000 - 0x00007fff2a30c000 	C:\Users\HP\.antigravity\extensions\redhat.java-1.54.0-win32-x64\jre\21.0.10-win32-x86_64\bin\management_ext.dll
0x00007fff2a2f0000 - 0x00007fff2a2f9000 	C:\Users\HP\.antigravity\extensions\redhat.java-1.54.0-win32-x64\jre\21.0.10-win32-x86_64\bin\extnet.dll
0x00007fff2a2e0000 - 0x00007fff2a2ee000 	C:\Users\HP\.antigravity\extensions\redhat.java-1.54.0-win32-x64\jre\21.0.10-win32-x86_64\bin\sunmscapi.dll
0x00007fff4dd80000 - 0x00007fff4def7000 	C:\WINDOWS\System32\CRYPT32.dll
0x00007fff4d020000 - 0x00007fff4d050000 	C:\WINDOWS\SYSTEM32\ncrypt.dll
0x00007fff4cfd0000 - 0x00007fff4d00f000 	C:\WINDOWS\SYSTEM32\NTASN1.dll
0x00007fff0ef00000 - 0x00007fff0ef08000 	C:\WINDOWS\system32\wshunix.dll
0x00007fff4c6d0000 - 0x00007fff4c706000 	C:\WINDOWS\SYSTEM32\ntmarta.dll

JVMTI agents:
c:\Users\HP\.antigravity\extensions\redhat.java-1.54.0-win32-x64\lombok\lombok-1.18.39-4050.jar path:c:\Users\HP\.antigravity\extensions\redhat.java-1.54.0-win32-x64\jre\21.0.10-win32-x86_64\bin\instrument.dll, loaded, initialized, instrumentlib options:none

dbghelp: loaded successfully - version: 4.0.5 - missing functions: none
symbol engine: initialized successfully - sym options: 0x614 - pdb path: .;c:\Users\HP\.antigravity\extensions\redhat.java-1.54.0-win32-x64\jre\21.0.10-win32-x86_64\bin;C:\WINDOWS\SYSTEM32;C:\Program Files\Avast Software\Avast;C:\WINDOWS\WinSxS\amd64_microsoft.windows.common-controls_6595b64144ccf1df_6.0.26100.8115_none_3e075c82e3354f9c;c:\Users\HP\.antigravity\extensions\redhat.java-1.54.0-win32-x64\jre\21.0.10-win32-x86_64\bin\server;C:\Users\HP\AppData\Roaming\Antigravity\User\globalStorage\redhat.java\1.54.0\config_win\org.eclipse.equinox.launcher\org.eclipse.equinox.launcher.win32.win32.x86_64_1.3.0.v20260203-2149;C:\Users\HP\AppData\Local\Temp\jna-2312;C:\Users\HP\.gradle\native\1def1411415f61bf3af743bc5b6707747c0891f09f0c88961ee8f79bc544acac\windows-amd64

VM Arguments:
jvm_args: --add-modules=ALL-SYSTEM --add-opens=java.base/java.util=ALL-UNNAMED --add-opens=java.base/java.lang=ALL-UNNAMED --add-opens=java.base/sun.nio.fs=ALL-UNNAMED -Declipse.application=org.eclipse.jdt.ls.core.id1 -Dosgi.bundles.defaultStartLevel=4 -Declipse.product=org.eclipse.jdt.ls.core.product -Djava.import.generatesMetadataFilesAtProjectRoot=false -DDetectVMInstallationsJob.disabled=true -Dfile.encoding=utf8 -XX:+UseParallelGC -XX:GCTimeRatio=4 -XX:AdaptiveSizePolicyWeight=90 -Dsun.zip.disableMemoryMapping=true -Xmx2G -Xms100m -Xlog:disable -javaagent:c:\Users\HP\.antigravity\extensions\redhat.java-1.54.0-win32-x64\lombok\lombok-1.18.39-4050.jar -XX:+HeapDumpOnOutOfMemoryError -XX:HeapDumpPath=c:\Users\HP\AppData\Roaming\Antigravity\User\workspaceStorage\bb6f58697517b49f76eb8e851445a514\redhat.java -Daether.dependencyCollector.impl=bf 
java_command: c:\Users\HP\.antigravity\extensions\redhat.java-1.54.0-win32-x64\server\plugins\org.eclipse.equinox.launcher_1.7.100.v20251111-0406.jar -configuration c:\Users\HP\AppData\Roaming\Antigravity\User\globalStorage\redhat.java\1.54.0\config_win -data c:\Users\HP\AppData\Roaming\Antigravity\User\workspaceStorage\bb6f58697517b49f76eb8e851445a514\redhat.java\jdt_ws --pipe=\\.\pipe\lsp-809a675988dd68169ffee6228d43029b-sock
java_class_path (initial): c:\Users\HP\.antigravity\extensions\redhat.java-1.54.0-win32-x64\server\plugins\org.eclipse.equinox.launcher_1.7.100.v20251111-0406.jar
Launcher Type: SUN_STANDARD

[Global flags]
    uintx AdaptiveSizePolicyWeight                 = 90                                        {product} {command line}
     intx CICompilerCount                          = 4                                         {product} {ergonomic}
    uintx GCTimeRatio                              = 4                                         {product} {command line}
     bool HeapDumpOnOutOfMemoryError               = true                                   {manageable} {command line}
    ccstr HeapDumpPath                             = c:\Users\HP\AppData\Roaming\Antigravity\User\workspaceStorage\bb6f58697517b49f76eb8e851445a514\redhat.java         {manageable} {command line}
   size_t InitialHeapSize                          = 104857600                                 {product} {command line}
   size_t MaxHeapSize                              = 2147483648                                {product} {command line}
   size_t MaxNewSize                               = 715653120                                 {product} {ergonomic}
   size_t MinHeapDeltaBytes                        = 524288                                    {product} {ergonomic}
   size_t MinHeapSize                              = 104857600                                 {product} {command line}
   size_t NewSize                                  = 34603008                                  {product} {ergonomic}
    uintx NonNMethodCodeHeapSize                   = 5839372                                {pd product} {ergonomic}
    uintx NonProfiledCodeHeapSize                  = 122909434                              {pd product} {ergonomic}
   size_t OldSize                                  = 70254592                                  {product} {ergonomic}
    uintx ProfiledCodeHeapSize                     = 122909434                              {pd product} {ergonomic}
    uintx ReservedCodeCacheSize                    = 251658240                              {pd product} {ergonomic}
     bool SegmentedCodeCache                       = true                                      {product} {ergonomic}
   size_t SoftMaxHeapSize                          = 2147483648                             {manageable} {ergonomic}
     bool UseCompressedOops                        = true                           {product lp64_product} {ergonomic}
     bool UseLargePagesIndividualAllocation        = false                                  {pd product} {ergonomic}
     bool UseParallelGC                            = true                                      {product} {command line}

Logging:
Log output configuration:
 #0: stdout all=off uptime,level,tags foldmultilines=false
 #1: stderr all=off uptime,level,tags foldmultilines=false

Release file:
JAVA_VERSION="21.0.10" 
MODULES="java.base java.compiler java.datatransfer java.xml java.prefs java.desktop java.instrument java.logging java.management java.security.sasl java.naming java.rmi java.management.rmi java.net.http java.scripting java.security.jgss java.transaction.xa java.sql java.sql.rowset java.xml.crypto java.se java.smartcardio jdk.accessibility jdk.internal.jvmstat jdk.attach jdk.charsets jdk.internal.opt jdk.zipfs jdk.compiler jdk.crypto.ec jdk.crypto.cryptoki jdk.crypto.mscapi jdk.dynalink jdk.internal.ed jdk.editpad jdk.hotspot.agent jdk.httpserver jdk.internal.le jdk.internal.vm.ci jdk.internal.vm.compiler jdk.internal.vm.compiler.management jdk.jartool jdk.javadoc jdk.jcmd jdk.management jdk.management.agent jdk.jconsole jdk.jdeps jdk.jdwp.agent jdk.jdi jdk.jfr jdk.jshell jdk.jsobject jdk.jstatd jdk.localedata jdk.management.jfr jdk.naming.dns jdk.naming.rmi jdk.net jdk.nio.mapmode jdk.random jdk.sctp jdk.security.auth jdk.security.jgss jdk.unsupported jdk.unsupported.desktop jdk.xml.dom" 

Environment Variables:
JAVA_HOME=C:\Program Files\Java\jdk-25
PATH=C:\Program Files\Common Files\Oracle\Java\javapath;C:\Program Files (x86)\Common Files\Oracle\Java\java8path;C:\Program Files (x86)\Common Files\Oracle\Java\javapath;C:\ORC\ORACLEE\bin;C:\app\HP\product\21c\dbhomeXE\bin;E:\oracle21\ORACL\bin;C:\Dossier_Oracle21c\Oracle21c\bin;C:\WINDOWS\system32;C:\WINDOWS;C:\WINDOWS\System32\Wbem;C:\WINDOWS\System32\WindowsPowerShell\v1.0\;C:\WINDOWS\System32\OpenSSH\;C:\appliiiiiii\flutter_windows_3.35.7-stable.zip\flutter\bin;C:\Program Files\Docker\Docker\resources\bin;C:\Program Files\Git\cmd;C:\Program Files\nodejs\;C:\Program Files\Apache\maven\bin;C:\Program Files\MySQL\MySQL Shell 8.0\bin\;C:\Users\HP\AppData\Local\Programs\Python\Python313\Scripts\;C:\Users\HP\AppData\Local\Programs\Python\Python313\;C:\Users\HP\AppData\Local\Programs\Python\Launcher\;C:\Users\HP\AppData\Local\Microsoft\WindowsApps;C:\Users\HP\AppData\Local\Programs\Microsoft VS Code\bin;C:\Users\HP\AppData\Local\Python\bin;C:\Users\HP\AppData\Roaming\npm;C:\Program Files\Java\jdk-25\bin;C:\Maven\apache-maven-3.9.15\bin;D:\Nouveau dossier\Antigravity\bin
USERNAME=HP
OS=Windows_NT
PROCESSOR_IDENTIFIER=Intel64 Family 6 Model 186 Stepping 3, GenuineIntel
TMP=C:\Users\HP\AppData\Local\Temp
TEMP=C:\Users\HP\AppData\Local\Temp




Periodic native trim disabled

---------------  S Y S T E M  ---------------

OS:
 Windows 11 , 64 bit Build 26100 (10.0.26100.8246)
OS uptime: 0 days 0:45 hours
Hyper-V role detected

CPU: total 12 (initial active 12) (6 cores per cpu, 2 threads per core) family 6 model 186 stepping 3 microcode 0x4121, cx8, cmov, fxsr, ht, mmx, 3dnowpref, sse, sse2, sse3, ssse3, sse4.1, sse4.2, popcnt, lzcnt, tsc, tscinvbit, avx, avx2, aes, erms, clmul, bmi1, bmi2, adx, sha, fma, vzeroupper, clflush, clflushopt, clwb, hv, serialize, rdtscp, rdpid, fsrm, f16c, cet_ibt, cet_ss
Processor Information for processor 0
  Max Mhz: 1300, Current Mhz: 1300, Mhz Limit: 1300
Processor Information for processor 1
  Max Mhz: 1300, Current Mhz: 1300, Mhz Limit: 1300
Processor Information for processor 2
  Max Mhz: 1300, Current Mhz: 1300, Mhz Limit: 1300
Processor Information for processor 3
  Max Mhz: 1300, Current Mhz: 1300, Mhz Limit: 1300
Processor Information for processor 4
  Max Mhz: 1300, Current Mhz: 900, Mhz Limit: 897
Processor Information for processor 5
  Max Mhz: 1300, Current Mhz: 900, Mhz Limit: 897
Processor Information for processor 6
  Max Mhz: 1300, Current Mhz: 900, Mhz Limit: 897
Processor Information for processor 7
  Max Mhz: 1300, Current Mhz: 900, Mhz Limit: 897
Processor Information for processor 8
  Max Mhz: 1300, Current Mhz: 900, Mhz Limit: 897
Processor Information for processor 9
  Max Mhz: 1300, Current Mhz: 900, Mhz Limit: 897
Processor Information for processor 10
  Max Mhz: 1300, Current Mhz: 900, Mhz Limit: 897
Processor Information for processor 11
  Max Mhz: 1300, Current Mhz: 900, Mhz Limit: 897

Memory: 4k page, system-wide physical 7835M (782M free)
TotalPageFile size 13835M (AvailPageFile size 0M)
current process WorkingSet (physical memory assigned to process): 386M, peak: 426M
current process commit charge ("private bytes"): 470M, peak: 510M

vm_info: OpenJDK 64-Bit Server VM (21.0.10+7-LTS) for windows-amd64 JRE (21.0.10+7-LTS), built on 2026-01-20T00:00:00Z by "admin" with MS VC++ 17.12 (VS2022)

END.
