#
# There is insufficient memory for the Java Runtime Environment to continue.
# Native memory allocation (malloc) failed to allocate 32744 bytes. Error detail: Chunk::new
# Possible reasons:
#   The system is out of physical RAM or swap space
#   This process is running with CompressedOops enabled, and the Java Heap may be blocking the growth of the native heap
# Possible solutions:
#   Reduce memory load on the system
#   Increase physical memory or swap space
#   Check if swap backing store is full
#   Decrease Java heap size (-Xmx/-Xms)
#   Decrease number of Java threads
#   Decrease Java thread stack sizes (-Xss)
#   Set larger code cache with -XX:ReservedCodeCacheSize=
#   JVM is running with Unscaled Compressed Oops mode in which the Java heap is
#     placed in the first 4GB address space. The Java Heap base address is the
#     maximum limit for the native heap growth. Please use -XX:HeapBaseMinAddress
#     to set the Java Heap base and to place the Java Heap above 4GB virtual address.
# This output file may be truncated or incomplete.
#
#  Out of Memory Error (arena.cpp:168), pid=15476, tid=3472
#
# JRE version: OpenJDK Runtime Environment Temurin-21.0.10+7 (21.0.10+7) (build 21.0.10+7-LTS)
# Java VM: OpenJDK 64-Bit Server VM Temurin-21.0.10+7 (21.0.10+7-LTS, mixed mode, sharing, tiered, compressed oops, compressed class ptrs, parallel gc, windows-amd64)
# No core dump will be written. Minidumps are not enabled by default on client versions of Windows
#

---------------  S U M M A R Y ------------

Command Line: --add-modules=ALL-SYSTEM --add-opens=java.base/java.util=ALL-UNNAMED --add-opens=java.base/java.lang=ALL-UNNAMED --add-opens=java.base/sun.nio.fs=ALL-UNNAMED -Declipse.application=org.eclipse.jdt.ls.core.id1 -Dosgi.bundles.defaultStartLevel=4 -Declipse.product=org.eclipse.jdt.ls.core.product -Djava.import.generatesMetadataFilesAtProjectRoot=false -DDetectVMInstallationsJob.disabled=true -Dfile.encoding=utf8 -XX:+UseParallelGC -XX:GCTimeRatio=4 -XX:AdaptiveSizePolicyWeight=90 -Dsun.zip.disableMemoryMapping=true -Xmx2G -Xms100m -Xlog:disable -javaagent:c:\Users\HP\.antigravity\extensions\redhat.java-1.54.0-win32-x64\lombok\lombok-1.18.39-4050.jar -XX:+HeapDumpOnOutOfMemoryError -XX:HeapDumpPath=c:\Users\HP\AppData\Roaming\Antigravity\User\workspaceStorage\4dfc41c91c2c781069e695ab18a74c91\redhat.java -Daether.dependencyCollector.impl=bf c:\Users\HP\.antigravity\extensions\redhat.java-1.54.0-win32-x64\server\plugins\org.eclipse.equinox.launcher_1.7.100.v20251111-0406.jar -configuration c:\Users\HP\AppData\Roaming\Antigravity\User\globalStorage\redhat.java\1.54.0\config_win -data c:\Users\HP\AppData\Roaming\Antigravity\User\workspaceStorage\4dfc41c91c2c781069e695ab18a74c91\redhat.java\jdt_ws --pipe=\\.\pipe\lsp-69bf57533fbc410ea5a38a1c0d7d88f4-sock

Host: 13th Gen Intel(R) Core(TM) i5-1335U, 12 cores, 7G,  Windows 11 , 64 bit Build 26100 (10.0.26100.8246)
Time: Thu Apr 30 23:31:35 2026 Greenwich elapsed time: 316.679393 seconds (0d 0h 5m 16s)

---------------  T H R E A D  ---------------

Current thread (0x00000184715ecd40):  JavaThread "C2 CompilerThread0" daemon [_thread_in_native, id=3472, stack(0x0000001b18b00000,0x0000001b18c00000) (1024K)]


Current CompileTask:
C2:316679 13192       4       java.io.DataOutputStream::writeUTF (389 bytes)

Stack: [0x0000001b18b00000,0x0000001b18c00000]
Native frames: (J=compiled Java code, j=interpreted, Vv=VM code, C=native code)
V  [jvm.dll+0x6d7a39]
V  [jvm.dll+0x8b4b26]
V  [jvm.dll+0x8b70de]
V  [jvm.dll+0x8b77c3]
V  [jvm.dll+0x284346]
V  [jvm.dll+0xc66ed]
V  [jvm.dll+0xc6c31]
V  [jvm.dll+0x703443]
V  [jvm.dll+0x1e403a]
V  [jvm.dll+0x24c6b3]
V  [jvm.dll+0x24bb40]
V  [jvm.dll+0x1cb34e]
V  [jvm.dll+0x25b85d]
V  [jvm.dll+0x259dea]
V  [jvm.dll+0x3f857e]
V  [jvm.dll+0x85f59d]
V  [jvm.dll+0x6d626d]
C  [ucrtbase.dll+0x37b0]
C  [KERNEL32.DLL+0x2e8d7]
C  [ntdll.dll+0x8c3fc]


---------------  P R O C E S S  ---------------

Threads class SMR info:
_java_thread_list=0x000001847a1ace40, length=59, elements={
0x000001845ab413f0, 0x00000184715d51a0, 0x00000184715d5fd0, 0x00000184715db130,
0x00000184715de080, 0x00000184715deef0, 0x00000184715e7c90, 0x00000184715ecd40,
0x0000018472963370, 0x0000018472b69150, 0x0000018472b69e70, 0x0000018472b697e0,
0x0000018472b68ac0, 0x00000184787d8e00, 0x00000184787d5980, 0x00000184787d9490,
0x00000184787d73c0, 0x00000184787d6010, 0x00000184787d80e0, 0x00000184787d8770,
0x00000184787d66a0, 0x00000184787da1b0, 0x00000184787dc280, 0x00000184787da840,
0x00000184787daed0, 0x00000184787db560, 0x00000184787dbbf0, 0x00000184787dc910,
0x000001847af626b0, 0x000001847af654a0, 0x000001847af65b30, 0x000001847af62d40,
0x000001847af64780, 0x000001847af661c0, 0x000001847af633d0, 0x000001847af66ee0,
0x000001847af63a60, 0x000001847af67570, 0x000001847af640f0, 0x000001847af67c00,
0x000001847af69640, 0x000001847af69cd0, 0x000001847b2f3a20, 0x000001847b2f3390,
0x000001847b2f1fe0, 0x000001847b2f12c0, 0x000001847b2f2d00, 0x000001847b2f6810,
0x000001847b2f6ea0, 0x000001847b2f8250, 0x000001847b2f4dd0, 0x000001847b2f6180,
0x000001847b2f5af0, 0x000001847cedda10, 0x000001847cede730, 0x000001847cedfae0,
0x000001847cede0a0, 0x000001847cee35f0, 0x000001847b693d70
}

Java Threads: ( => current thread )
  0x000001845ab413f0 JavaThread "main"                              [_thread_blocked, id=17236, stack(0x0000001b18100000,0x0000001b18200000) (1024K)]
  0x00000184715d51a0 JavaThread "Reference Handler"          daemon [_thread_blocked, id=14764, stack(0x0000001b18500000,0x0000001b18600000) (1024K)]
  0x00000184715d5fd0 JavaThread "Finalizer"                  daemon [_thread_blocked, id=10156, stack(0x0000001b18600000,0x0000001b18700000) (1024K)]
  0x00000184715db130 JavaThread "Signal Dispatcher"          daemon [_thread_blocked, id=2676, stack(0x0000001b18700000,0x0000001b18800000) (1024K)]
  0x00000184715de080 JavaThread "Attach Listener"            daemon [_thread_blocked, id=19184, stack(0x0000001b18800000,0x0000001b18900000) (1024K)]
  0x00000184715deef0 JavaThread "Service Thread"             daemon [_thread_blocked, id=13340, stack(0x0000001b18900000,0x0000001b18a00000) (1024K)]
  0x00000184715e7c90 JavaThread "Monitor Deflation Thread"   daemon [_thread_blocked, id=15940, stack(0x0000001b18a00000,0x0000001b18b00000) (1024K)]
=>0x00000184715ecd40 JavaThread "C2 CompilerThread0"         daemon [_thread_in_native, id=3472, stack(0x0000001b18b00000,0x0000001b18c00000) (1024K)]
  0x0000018472963370 JavaThread "C1 CompilerThread0"         daemon [_thread_blocked, id=12728, stack(0x0000001b18c00000,0x0000001b18d00000) (1024K)]
  0x0000018472b69150 JavaThread "Common-Cleaner"             daemon [_thread_blocked, id=8676, stack(0x0000001b18e00000,0x0000001b18f00000) (1024K)]
  0x0000018472b69e70 JavaThread "Notification Thread"        daemon [_thread_blocked, id=10220, stack(0x0000001b18f00000,0x0000001b19000000) (1024K)]
  0x0000018472b697e0 JavaThread "Active Thread: Equinox Container: 52e9bada-b03b-4f22-a2e0-552aec7278ef"        [_thread_blocked, id=7912, stack(0x0000001b18d00000,0x0000001b18e00000) (1024K)]
  0x0000018472b68ac0 JavaThread "Refresh Thread: Equinox Container: 52e9bada-b03b-4f22-a2e0-552aec7278ef" daemon [_thread_blocked, id=15684, stack(0x0000001b19700000,0x0000001b19800000) (1024K)]
  0x00000184787d8e00 JavaThread "Framework Event Dispatcher: Equinox Container: 52e9bada-b03b-4f22-a2e0-552aec7278ef" daemon [_thread_blocked, id=14132, stack(0x0000001b19900000,0x0000001b19a00000) (1024K)]
  0x00000184787d5980 JavaThread "Start Level: Equinox Container: 52e9bada-b03b-4f22-a2e0-552aec7278ef" daemon [_thread_blocked, id=2236, stack(0x0000001b19a00000,0x0000001b19b00000) (1024K)]
  0x00000184787d9490 JavaThread "Bundle File Closer"         daemon [_thread_blocked, id=3356, stack(0x0000001b19d00000,0x0000001b19e00000) (1024K)]
  0x00000184787d73c0 JavaThread "SCR Component Actor"        daemon [_thread_blocked, id=16200, stack(0x0000001b19e00000,0x0000001b19f00000) (1024K)]
  0x00000184787d6010 JavaThread "Worker-JM"                         [_thread_blocked, id=5556, stack(0x0000001b19f00000,0x0000001b1a000000) (1024K)]
  0x00000184787d80e0 JavaThread "JNA Cleaner"                daemon [_thread_blocked, id=3080, stack(0x0000001b1a000000,0x0000001b1a100000) (1024K)]
  0x00000184787d8770 JavaThread "Worker-1"                          [_thread_blocked, id=7240, stack(0x0000001b1a200000,0x0000001b1a300000) (1024K)]
  0x00000184787d66a0 JavaThread "Java indexing"              daemon [_thread_blocked, id=8464, stack(0x0000001b1a300000,0x0000001b1a400000) (1024K)]
  0x00000184787da1b0 JavaThread "Worker-2: Periodic workspace save."        [_thread_in_vm, id=16332, stack(0x0000001b1a700000,0x0000001b1a800000) (1024K)]
  0x00000184787dc280 JavaThread "Thread-1"                   daemon [_thread_in_native, id=3260, stack(0x0000001b1a900000,0x0000001b1aa00000) (1024K)]
  0x00000184787da840 JavaThread "Thread-2"                   daemon [_thread_in_native, id=12412, stack(0x0000001b1aa00000,0x0000001b1ab00000) (1024K)]
  0x00000184787daed0 JavaThread "Thread-3"                   daemon [_thread_in_native, id=19296, stack(0x0000001b1ab00000,0x0000001b1ac00000) (1024K)]
  0x00000184787db560 JavaThread "Thread-4"                   daemon [_thread_in_native, id=12828, stack(0x0000001b1ac00000,0x0000001b1ad00000) (1024K)]
  0x00000184787dbbf0 JavaThread "Thread-5"                   daemon [_thread_in_native, id=20108, stack(0x0000001b1ad00000,0x0000001b1ae00000) (1024K)]
  0x00000184787dc910 JavaThread "Thread-6"                   daemon [_thread_in_native, id=948, stack(0x0000001b1ae00000,0x0000001b1af00000) (1024K)]
  0x000001847af626b0 JavaThread "Thread-7"                   daemon [_thread_in_native, id=7388, stack(0x0000001b1af00000,0x0000001b1b000000) (1024K)]
  0x000001847af654a0 JavaThread "Thread-8"                   daemon [_thread_in_native, id=20032, stack(0x0000001b1b000000,0x0000001b1b100000) (1024K)]
  0x000001847af65b30 JavaThread "Thread-9"                   daemon [_thread_in_native, id=14676, stack(0x0000001b1b100000,0x0000001b1b200000) (1024K)]
  0x000001847af62d40 JavaThread "Thread-10"                  daemon [_thread_in_native, id=16864, stack(0x0000001b1b200000,0x0000001b1b300000) (1024K)]
  0x000001847af64780 JavaThread "Thread-11"                  daemon [_thread_in_native, id=13396, stack(0x0000001b1b300000,0x0000001b1b400000) (1024K)]
  0x000001847af661c0 JavaThread "Thread-12"                  daemon [_thread_in_native, id=6984, stack(0x0000001b1b400000,0x0000001b1b500000) (1024K)]
  0x000001847af633d0 JavaThread "Thread-13"                  daemon [_thread_in_native, id=6960, stack(0x0000001b1b500000,0x0000001b1b600000) (1024K)]
  0x000001847af66ee0 JavaThread "pool-2-thread-1"                   [_thread_blocked, id=13108, stack(0x0000001b1b600000,0x0000001b1b700000) (1024K)]
  0x000001847af63a60 JavaThread "Timer-0"                           [_thread_blocked, id=7316, stack(0x0000001b1b800000,0x0000001b1b900000) (1024K)]
  0x000001847af67570 JavaThread "Timer-1"                           [_thread_blocked, id=14984, stack(0x0000001b1b900000,0x0000001b1ba00000) (1024K)]
  0x000001847af640f0 JavaThread "WorkspaceEventsHandler"            [_thread_blocked, id=1488, stack(0x0000001b1ba00000,0x0000001b1bb00000) (1024K)]
  0x000001847af67c00 JavaThread "pool-1-thread-1"                   [_thread_blocked, id=7292, stack(0x0000001b1bb00000,0x0000001b1bc00000) (1024K)]
  0x000001847af69640 JavaThread "ForkJoinPool.commonPool-worker-1" daemon [_thread_blocked, id=15012, stack(0x0000001b1bd00000,0x0000001b1be00000) (1024K)]
  0x000001847af69cd0 JavaThread "ForkJoinPool.commonPool-worker-3" daemon [_thread_blocked, id=10544, stack(0x0000001b1bf00000,0x0000001b1c000000) (1024K)]
  0x000001847b2f3a20 JavaThread "ForkJoinPool.commonPool-worker-4" daemon [_thread_blocked, id=9808, stack(0x0000001b1c000000,0x0000001b1c100000) (1024K)]
  0x000001847b2f3390 JavaThread "ForkJoinPool.commonPool-worker-5" daemon [_thread_blocked, id=2020, stack(0x0000001b1c100000,0x0000001b1c200000) (1024K)]
  0x000001847b2f1fe0 JavaThread "ForkJoinPool.commonPool-worker-7" daemon [_thread_blocked, id=7700, stack(0x0000001b1c300000,0x0000001b1c400000) (1024K)]
  0x000001847b2f12c0 JavaThread "ForkJoinPool.commonPool-worker-8" daemon [_thread_blocked, id=4296, stack(0x0000001b1c400000,0x0000001b1c500000) (1024K)]
  0x000001847b2f2d00 JavaThread "ForkJoinPool.commonPool-worker-10" daemon [_thread_blocked, id=15396, stack(0x0000001b1c600000,0x0000001b1c700000) (1024K)]
  0x000001847b2f6810 JavaThread "Timer-2"                           [_thread_blocked, id=6356, stack(0x0000001b1c900000,0x0000001b1ca00000) (1024K)]
  0x000001847b2f6ea0 JavaThread "Timer-3"                           [_thread_blocked, id=2168, stack(0x0000001b1bc00000,0x0000001b1bd00000) (1024K)]
  0x000001847b2f8250 JavaThread "Timer-4"                           [_thread_blocked, id=7772, stack(0x0000001b1ca00000,0x0000001b1cb00000) (1024K)]
  0x000001847b2f4dd0 JavaThread "Timer-5"                           [_thread_blocked, id=13440, stack(0x0000001b1cb00000,0x0000001b1cc00000) (1024K)]
  0x000001847b2f6180 JavaThread "Timer-6"                           [_thread_blocked, id=18792, stack(0x0000001b1cc00000,0x0000001b1cd00000) (1024K)]
  0x000001847b2f5af0 JavaThread "Timer-7"                           [_thread_blocked, id=1204, stack(0x0000001b1cd00000,0x0000001b1ce00000) (1024K)]
  0x000001847cedda10 JavaThread "Timer-8"                           [_thread_blocked, id=18764, stack(0x0000001b1a400000,0x0000001b1a500000) (1024K)]
  0x000001847cede730 JavaThread "Timer-9"                           [_thread_blocked, id=12520, stack(0x0000001b1ce00000,0x0000001b1cf00000) (1024K)]
  0x000001847cedfae0 JavaThread "Timer-10"                          [_thread_blocked, id=3416, stack(0x0000001b1c800000,0x0000001b1c900000) (1024K)]
  0x000001847cede0a0 JavaThread "Timer-11"                          [_thread_blocked, id=8948, stack(0x0000001b1d100000,0x0000001b1d200000) (1024K)]
  0x000001847cee35f0 JavaThread "Timer-12"                          [_thread_blocked, id=10836, stack(0x0000001b1d200000,0x0000001b1d300000) (1024K)]
  0x000001847b693d70 JavaThread "C2 CompilerThread1"         daemon [_thread_blocked, id=7996, stack(0x0000001b17f00000,0x0000001b18000000) (1024K)]
Total: 59

Other Threads:
  0x00000184715d2450 VMThread "VM Thread"                           [id=4104, stack(0x0000001b18400000,0x0000001b18500000) (1024K)]
  0x000001845abaff40 WatcherThread "VM Periodic Task Thread"        [id=19088, stack(0x0000001b18300000,0x0000001b18400000) (1024K)]
  0x000001845ab5f6d0 WorkerThread "GC Thread#0"                     [id=12716, stack(0x0000001b18200000,0x0000001b18300000) (1024K)]
  0x0000018478428f70 WorkerThread "GC Thread#1"                     [id=5064, stack(0x0000001b19100000,0x0000001b19200000) (1024K)]
  0x0000018478429730 WorkerThread "GC Thread#2"                     [id=2716, stack(0x0000001b19200000,0x0000001b19300000) (1024K)]
  0x0000018478794ca0 WorkerThread "GC Thread#3"                     [id=8628, stack(0x0000001b19300000,0x0000001b19400000) (1024K)]
  0x000001847816b370 WorkerThread "GC Thread#4"                     [id=5180, stack(0x0000001b19400000,0x0000001b19500000) (1024K)]
  0x00000184783b9d10 WorkerThread "GC Thread#5"                     [id=4760, stack(0x0000001b19500000,0x0000001b19600000) (1024K)]
  0x00000184783ba0c0 WorkerThread "GC Thread#6"                     [id=11972, stack(0x0000001b19600000,0x0000001b19700000) (1024K)]
  0x00000184787eb0f0 WorkerThread "GC Thread#7"                     [id=8108, stack(0x0000001b19800000,0x0000001b19900000) (1024K)]
  0x0000018478ea7cc0 WorkerThread "GC Thread#8"                     [id=11916, stack(0x0000001b19b00000,0x0000001b19c00000) (1024K)]
  0x0000018478ea8070 WorkerThread "GC Thread#9"                     [id=12992, stack(0x0000001b19c00000,0x0000001b19d00000) (1024K)]
Total: 12

Threads with active compile tasks:
C2 CompilerThread0  317726 13192       4       java.io.DataOutputStream::writeUTF (389 bytes)
Total: 1

VM state: not at safepoint (normal execution)

VM Mutex/Monitor currently owned by a thread: None

Heap address: 0x0000000080000000, size: 2048 MB, Compressed Oops mode: 32-bit

CDS archive(s) mapped at: [0x0000018400000000-0x0000018400ba0000-0x0000018400ba0000), size 12189696, SharedBaseAddress: 0x0000018400000000, ArchiveRelocationMode: 1.
Compressed class space mapped at: 0x0000018401000000-0x0000018441000000, reserved size: 1073741824
Narrow klass base: 0x0000018400000000, Narrow klass shift: 0, Narrow klass range: 0x100000000

GC Precious Log:
 CardTable entry size: 512
 CPUs: 12 total, 12 available
 Memory: 7835M
 Large Page Support: Disabled
 NUMA Support: Disabled
 Compressed Oops: Enabled (32-bit)
 Alignments: Space 512K, Generation 512K, Heap 2M
 Heap Min Capacity: 100M
 Heap Initial Capacity: 100M
 Heap Max Capacity: 2G
 Pre-touch: Disabled
 Parallel Workers: 10

Heap:
 PSYoungGen      total 17408K, used 10531K [0x00000000d5580000, 0x00000000d6980000, 0x0000000100000000)
  eden space 15360K, 57% used [0x00000000d5580000,0x00000000d5e2bd08,0x00000000d6480000)
  from space 2048K, 80% used [0x00000000d6780000,0x00000000d691d200,0x00000000d6980000)
  to   space 2048K, 0% used [0x00000000d6580000,0x00000000d6580000,0x00000000d6780000)
 ParOldGen       total 105472K, used 105220K [0x0000000080000000, 0x0000000086700000, 0x00000000d5580000)
  object space 105472K, 99% used [0x0000000080000000,0x00000000866c13d0,0x0000000086700000)
 Metaspace       used 82778K, committed 84608K, reserved 1179648K
  class space    used 9918K, committed 10752K, reserved 1048576K

Card table byte_map: [0x000001845a4e0000,0x000001845a8f0000] _byte_map_base: 0x000001845a0e0000

Marking Bits: (ParMarkBitMap*) 0x00007ff882313450
 Begin Bits: [0x000001846cff0000, 0x000001846eff0000)
 End Bits:   [0x000001846eff0000, 0x0000018470ff0000)

Polling page: 0x00000184589a0000

Metaspace:

Usage:
  Non-class:     71.15 MB used.
      Class:      9.69 MB used.
       Both:     80.84 MB used.

Virtual space:
  Non-class space:      128.00 MB reserved,      72.12 MB ( 56%) committed,  2 nodes.
      Class space:        1.00 GB reserved,      10.50 MB (  1%) committed,  1 nodes.
             Both:        1.12 GB reserved,      82.62 MB (  7%) committed. 

Chunk freelists:
   Non-Class:  7.07 MB
       Class:  5.38 MB
        Both:  12.45 MB

MaxMetaspaceSize: unlimited
CompressedClassSpaceSize: 1.00 GB
Initial GC threshold: 21.00 MB
Current GC threshold: 97.31 MB
CDS: on
 - commit_granule_bytes: 65536.
 - commit_granule_words: 8192.
 - virtual_space_node_default_size: 8388608.
 - enlarge_chunks_in_place: 1.
 - use_allocation_guard: 0.


Internal statistics:

num_allocs_failed_limit: 9.
num_arena_births: 1738.
num_arena_deaths: 14.
num_vsnodes_births: 3.
num_vsnodes_deaths: 0.
num_space_committed: 1322.
num_space_uncommitted: 0.
num_chunks_returned_to_freelist: 23.
num_chunks_taken_from_freelist: 5743.
num_chunk_merges: 15.
num_chunk_splits: 3545.
num_chunks_enlarged: 1976.
num_inconsistent_stats: 0.

CodeHeap 'non-profiled nmethods': size=120000Kb used=9482Kb max_used=9482Kb free=110517Kb
 bounds [0x0000018465810000, 0x0000018466160000, 0x000001846cd40000]
CodeHeap 'profiled nmethods': size=120000Kb used=27873Kb max_used=27873Kb free=92126Kb
 bounds [0x000001845dd40000, 0x000001845f880000, 0x0000018465270000]
CodeHeap 'non-nmethods': size=5760Kb used=1451Kb max_used=1573Kb free=4308Kb
 bounds [0x0000018465270000, 0x00000184654e0000, 0x0000018465810000]
CodeCache: size=245760Kb, used=38806Kb, max_used=38928Kb, free=206951Kb
 total_blobs=13260, nmethods=12498, adapters=666, full_count=0
Compilation: enabled, stopped_count=0, restarted_count=0

Compilation events (20 events):
Event: 310.563 Thread 0x0000018472963370 nmethod 13190 0x000001845f860810 code [0x000001845f8609a0, 0x000001845f860b08]
Event: 312.653 Thread 0x0000018472963370 13191       3       org.eclipse.jdt.internal.core.JavaModelManager$VariablesAndContainersSaveHelper::saveInt (9 bytes)
Event: 312.653 Thread 0x00000184715ecd40 13192       4       java.io.DataOutputStream::writeUTF (389 bytes)
Event: 312.654 Thread 0x0000018472963370 nmethod 13191 0x000001845f860b90 code [0x000001845f860dc0, 0x000001845f861598]
Event: 312.654 Thread 0x0000018472963370 13194       3       org.eclipse.jdt.internal.core.JavaModelManager$VariablesAndContainersSaveHelper::saveNewId (40 bytes)
Event: 312.655 Thread 0x0000018472963370 nmethod 13194 0x000001845f861910 code [0x000001845f861c00, 0x000001845f862c80]
Event: 312.655 Thread 0x0000018472963370 13200       3       org.eclipse.jdt.internal.core.JavaModelManager$VariablesAndContainersSaveHelper::saveString (21 bytes)
Event: 312.655 Thread 0x0000018472963370 nmethod 13200 0x000001845f863310 code [0x000001845f8634e0, 0x000001845f863708]
Event: 312.655 Thread 0x0000018472963370 13193       3       java.io.DataOutputStream::writeBoolean (22 bytes)
Event: 312.655 Thread 0x0000018472963370 nmethod 13193 0x000001845f863810 code [0x000001845f8639c0, 0x000001845f863c90]
Event: 312.655 Thread 0x0000018472963370 13197       3       org.eclipse.jdt.internal.core.ClasspathEntry::hashCode (8 bytes)
Event: 312.655 Thread 0x0000018472963370 nmethod 13197 0x000001845f863d90 code [0x000001845f863f40, 0x000001845f864118]
Event: 312.655 Thread 0x0000018472963370 13196       1       org.eclipse.jdt.internal.compiler.util.HashtableOfObjectToInt::size (5 bytes)
Event: 312.655 Thread 0x0000018472963370 nmethod 13196 0x000001846614ed90 code [0x000001846614ef20, 0x000001846614efe8]
Event: 312.655 Thread 0x0000018472963370 13201       3       org.eclipse.jdt.internal.core.JavaModelManager$VariablesAndContainersSaveHelper::saveAttribute (21 bytes)
Event: 312.656 Thread 0x0000018472963370 nmethod 13201 0x000001845f864210 code [0x000001845f864420, 0x000001845f8648d0]
Event: 312.656 Thread 0x0000018472963370 13198       1       org.eclipse.jdt.internal.core.ClasspathEntry::getInclusionPatterns (5 bytes)
Event: 312.656 Thread 0x0000018472963370 nmethod 13198 0x000001846614f090 code [0x000001846614f220, 0x000001846614f2e8]
Event: 312.656 Thread 0x0000018472963370 13199       1       org.eclipse.jdt.internal.core.ClasspathEntry::getExclusionPatterns (5 bytes)
Event: 312.656 Thread 0x0000018472963370 nmethod 13199 0x000001846614f390 code [0x000001846614f520, 0x000001846614f5e8]

GC Heap History (20 events):
Event: 23.307 GC heap before
{Heap before GC invocations=92 (full 3):
 PSYoungGen      total 18432K, used 18318K [0x00000000d5580000, 0x00000000d6b00000, 0x0000000100000000)
  eden space 16384K, 100% used [0x00000000d5580000,0x00000000d6580000,0x00000000d6580000)
  from space 2048K, 94% used [0x00000000d6900000,0x00000000d6ae3b20,0x00000000d6b00000)
  to   space 2560K, 0% used [0x00000000d6600000,0x00000000d6600000,0x00000000d6880000)
 ParOldGen       total 94208K, used 94111K [0x0000000080000000, 0x0000000085c00000, 0x00000000d5580000)
  object space 94208K, 99% used [0x0000000080000000,0x0000000085be7e58,0x0000000085c00000)
 Metaspace       used 81347K, committed 83136K, reserved 1179648K
  class space    used 9879K, committed 10688K, reserved 1048576K
}
Event: 23.309 GC heap after
{Heap after GC invocations=92 (full 3):
 PSYoungGen      total 18432K, used 1896K [0x00000000d5580000, 0x00000000d6980000, 0x0000000100000000)
  eden space 16384K, 0% used [0x00000000d5580000,0x00000000d5580000,0x00000000d6580000)
  from space 2048K, 92% used [0x00000000d6600000,0x00000000d67da290,0x00000000d6800000)
  to   space 1536K, 0% used [0x00000000d6800000,0x00000000d6800000,0x00000000d6980000)
 ParOldGen       total 95744K, used 95688K [0x0000000080000000, 0x0000000085d80000, 0x00000000d5580000)
  object space 95744K, 99% used [0x0000000080000000,0x0000000085d720e0,0x0000000085d80000)
 Metaspace       used 81347K, committed 83136K, reserved 1179648K
  class space    used 9879K, committed 10688K, reserved 1048576K
}
Event: 23.486 GC heap before
{Heap before GC invocations=93 (full 3):
 PSYoungGen      total 18432K, used 18280K [0x00000000d5580000, 0x00000000d6980000, 0x0000000100000000)
  eden space 16384K, 100% used [0x00000000d5580000,0x00000000d6580000,0x00000000d6580000)
  from space 2048K, 92% used [0x00000000d6600000,0x00000000d67da290,0x00000000d6800000)
  to   space 1536K, 0% used [0x00000000d6800000,0x00000000d6800000,0x00000000d6980000)
 ParOldGen       total 95744K, used 95688K [0x0000000080000000, 0x0000000085d80000, 0x00000000d5580000)
  object space 95744K, 99% used [0x0000000080000000,0x0000000085d720e0,0x0000000085d80000)
 Metaspace       used 81621K, committed 83328K, reserved 1179648K
  class space    used 9882K, committed 10688K, reserved 1048576K
}
Event: 23.489 GC heap after
{Heap after GC invocations=93 (full 3):
 PSYoungGen      total 17408K, used 676K [0x00000000d5580000, 0x00000000d6900000, 0x0000000100000000)
  eden space 16384K, 0% used [0x00000000d5580000,0x00000000d5580000,0x00000000d6580000)
  from space 1024K, 66% used [0x00000000d6800000,0x00000000d68a9168,0x00000000d6900000)
  to   space 1536K, 0% used [0x00000000d6600000,0x00000000d6600000,0x00000000d6780000)
 ParOldGen       total 97280K, used 97240K [0x0000000080000000, 0x0000000085f00000, 0x00000000d5580000)
  object space 97280K, 99% used [0x0000000080000000,0x0000000085ef6208,0x0000000085f00000)
 Metaspace       used 81621K, committed 83328K, reserved 1179648K
  class space    used 9882K, committed 10688K, reserved 1048576K
}
Event: 23.608 GC heap before
{Heap before GC invocations=94 (full 3):
 PSYoungGen      total 17408K, used 17060K [0x00000000d5580000, 0x00000000d6900000, 0x0000000100000000)
  eden space 16384K, 100% used [0x00000000d5580000,0x00000000d6580000,0x00000000d6580000)
  from space 1024K, 66% used [0x00000000d6800000,0x00000000d68a9168,0x00000000d6900000)
  to   space 1536K, 0% used [0x00000000d6600000,0x00000000d6600000,0x00000000d6780000)
 ParOldGen       total 97280K, used 97240K [0x0000000080000000, 0x0000000085f00000, 0x00000000d5580000)
  object space 97280K, 99% used [0x0000000080000000,0x0000000085ef6208,0x0000000085f00000)
 Metaspace       used 81706K, committed 83456K, reserved 1179648K
  class space    used 9882K, committed 10688K, reserved 1048576K
}
Event: 23.610 GC heap after
{Heap after GC invocations=94 (full 3):
 PSYoungGen      total 17920K, used 1071K [0x00000000d5580000, 0x00000000d6880000, 0x0000000100000000)
  eden space 16384K, 0% used [0x00000000d5580000,0x00000000d5580000,0x00000000d6580000)
  from space 1536K, 69% used [0x00000000d6600000,0x00000000d670bc70,0x00000000d6780000)
  to   space 1024K, 0% used [0x00000000d6780000,0x00000000d6780000,0x00000000d6880000)
 ParOldGen       total 97792K, used 97751K [0x0000000080000000, 0x0000000085f80000, 0x00000000d5580000)
  object space 97792K, 99% used [0x0000000080000000,0x0000000085f75cc8,0x0000000085f80000)
 Metaspace       used 81706K, committed 83456K, reserved 1179648K
  class space    used 9882K, committed 10688K, reserved 1048576K
}
Event: 23.727 GC heap before
{Heap before GC invocations=95 (full 3):
 PSYoungGen      total 17920K, used 17455K [0x00000000d5580000, 0x00000000d6880000, 0x0000000100000000)
  eden space 16384K, 100% used [0x00000000d5580000,0x00000000d6580000,0x00000000d6580000)
  from space 1536K, 69% used [0x00000000d6600000,0x00000000d670bc70,0x00000000d6780000)
  to   space 1024K, 0% used [0x00000000d6780000,0x00000000d6780000,0x00000000d6880000)
 ParOldGen       total 97792K, used 97751K [0x0000000080000000, 0x0000000085f80000, 0x00000000d5580000)
  object space 97792K, 99% used [0x0000000080000000,0x0000000085f75cc8,0x0000000085f80000)
 Metaspace       used 81923K, committed 83712K, reserved 1179648K
  class space    used 9893K, committed 10688K, reserved 1048576K
}
Event: 23.728 GC heap after
{Heap after GC invocations=95 (full 3):
 PSYoungGen      total 16384K, used 1001K [0x00000000d5580000, 0x00000000d6b80000, 0x0000000100000000)
  eden space 15360K, 0% used [0x00000000d5580000,0x00000000d5580000,0x00000000d6480000)
  from space 1024K, 97% used [0x00000000d6780000,0x00000000d687a740,0x00000000d6880000)
  to   space 3072K, 0% used [0x00000000d6480000,0x00000000d6480000,0x00000000d6780000)
 ParOldGen       total 99840K, used 99396K [0x0000000080000000, 0x0000000086180000, 0x00000000d5580000)
  object space 99840K, 99% used [0x0000000080000000,0x0000000086111110,0x0000000086180000)
 Metaspace       used 81923K, committed 83712K, reserved 1179648K
  class space    used 9893K, committed 10688K, reserved 1048576K
}
Event: 23.862 GC heap before
{Heap before GC invocations=96 (full 3):
 PSYoungGen      total 16384K, used 16361K [0x00000000d5580000, 0x00000000d6b80000, 0x0000000100000000)
  eden space 15360K, 100% used [0x00000000d5580000,0x00000000d6480000,0x00000000d6480000)
  from space 1024K, 97% used [0x00000000d6780000,0x00000000d687a740,0x00000000d6880000)
  to   space 3072K, 0% used [0x00000000d6480000,0x00000000d6480000,0x00000000d6780000)
 ParOldGen       total 99840K, used 99396K [0x0000000080000000, 0x0000000086180000, 0x00000000d5580000)
  object space 99840K, 99% used [0x0000000080000000,0x0000000086111110,0x0000000086180000)
 Metaspace       used 82044K, committed 83840K, reserved 1179648K
  class space    used 9894K, committed 10688K, reserved 1048576K
}
Event: 23.864 GC heap after
{Heap after GC invocations=96 (full 3):
 PSYoungGen      total 17920K, used 2316K [0x00000000d5580000, 0x00000000d6980000, 0x0000000100000000)
  eden space 15360K, 0% used [0x00000000d5580000,0x00000000d5580000,0x00000000d6480000)
  from space 2560K, 90% used [0x00000000d6480000,0x00000000d66c3188,0x00000000d6700000)
  to   space 2560K, 0% used [0x00000000d6700000,0x00000000d6700000,0x00000000d6980000)
 ParOldGen       total 100352K, used 100272K [0x0000000080000000, 0x0000000086200000, 0x00000000d5580000)
  object space 100352K, 99% used [0x0000000080000000,0x00000000861ec278,0x0000000086200000)
 Metaspace       used 82044K, committed 83840K, reserved 1179648K
  class space    used 9894K, committed 10688K, reserved 1048576K
}
Event: 24.009 GC heap before
{Heap before GC invocations=97 (full 3):
 PSYoungGen      total 17920K, used 17676K [0x00000000d5580000, 0x00000000d6980000, 0x0000000100000000)
  eden space 15360K, 100% used [0x00000000d5580000,0x00000000d6480000,0x00000000d6480000)
  from space 2560K, 90% used [0x00000000d6480000,0x00000000d66c3188,0x00000000d6700000)
  to   space 2560K, 0% used [0x00000000d6700000,0x00000000d6700000,0x00000000d6980000)
 ParOldGen       total 100352K, used 100272K [0x0000000080000000, 0x0000000086200000, 0x00000000d5580000)
  object space 100352K, 99% used [0x0000000080000000,0x00000000861ec278,0x0000000086200000)
 Metaspace       used 82227K, committed 83968K, reserved 1179648K
  class space    used 9894K, committed 10688K, reserved 1048576K
}
Event: 24.012 GC heap after
{Heap after GC invocations=97 (full 3):
 PSYoungGen      total 16384K, used 916K [0x00000000d5580000, 0x00000000d6800000, 0x0000000100000000)
  eden space 15360K, 0% used [0x00000000d5580000,0x00000000d5580000,0x00000000d6480000)
  from space 1024K, 89% used [0x00000000d6700000,0x00000000d67e5200,0x00000000d6800000)
  to   space 1536K, 0% used [0x00000000d6500000,0x00000000d6500000,0x00000000d6680000)
 ParOldGen       total 102400K, used 101972K [0x0000000080000000, 0x0000000086400000, 0x00000000d5580000)
  object space 102400K, 99% used [0x0000000080000000,0x00000000863951b8,0x0000000086400000)
 Metaspace       used 82227K, committed 83968K, reserved 1179648K
  class space    used 9894K, committed 10688K, reserved 1048576K
}
Event: 24.082 GC heap before
{Heap before GC invocations=98 (full 3):
 PSYoungGen      total 16384K, used 16276K [0x00000000d5580000, 0x00000000d6800000, 0x0000000100000000)
  eden space 15360K, 100% used [0x00000000d5580000,0x00000000d6480000,0x00000000d6480000)
  from space 1024K, 89% used [0x00000000d6700000,0x00000000d67e5200,0x00000000d6800000)
  to   space 1536K, 0% used [0x00000000d6500000,0x00000000d6500000,0x00000000d6680000)
 ParOldGen       total 102400K, used 101972K [0x0000000080000000, 0x0000000086400000, 0x00000000d5580000)
  object space 102400K, 99% used [0x0000000080000000,0x00000000863951b8,0x0000000086400000)
 Metaspace       used 82247K, committed 84032K, reserved 1179648K
  class space    used 9894K, committed 10688K, reserved 1048576K
}
Event: 24.084 GC heap after
{Heap after GC invocations=98 (full 3):
 PSYoungGen      total 16896K, used 378K [0x00000000d5580000, 0x00000000d6780000, 0x0000000100000000)
  eden space 15360K, 0% used [0x00000000d5580000,0x00000000d5580000,0x00000000d6480000)
  from space 1536K, 24% used [0x00000000d6500000,0x00000000d655e900,0x00000000d6680000)
  to   space 1024K, 0% used [0x00000000d6680000,0x00000000d6680000,0x00000000d6780000)
 ParOldGen       total 102912K, used 102688K [0x0000000080000000, 0x0000000086480000, 0x00000000d5580000)
  object space 102912K, 99% used [0x0000000080000000,0x00000000864480a8,0x0000000086480000)
 Metaspace       used 82247K, committed 84032K, reserved 1179648K
  class space    used 9894K, committed 10688K, reserved 1048576K
}
Event: 24.173 GC heap before
{Heap before GC invocations=99 (full 3):
 PSYoungGen      total 16896K, used 15738K [0x00000000d5580000, 0x00000000d6780000, 0x0000000100000000)
  eden space 15360K, 100% used [0x00000000d5580000,0x00000000d6480000,0x00000000d6480000)
  from space 1536K, 24% used [0x00000000d6500000,0x00000000d655e900,0x00000000d6680000)
  to   space 1024K, 0% used [0x00000000d6680000,0x00000000d6680000,0x00000000d6780000)
 ParOldGen       total 102912K, used 102688K [0x0000000080000000, 0x0000000086480000, 0x00000000d5580000)
  object space 102912K, 99% used [0x0000000080000000,0x00000000864480a8,0x0000000086480000)
 Metaspace       used 82357K, committed 84096K, reserved 1179648K
  class space    used 9897K, committed 10688K, reserved 1048576K
}
Event: 24.174 GC heap after
{Heap after GC invocations=99 (full 3):
 PSYoungGen      total 16384K, used 1002K [0x00000000d5580000, 0x00000000d6780000, 0x0000000100000000)
  eden space 15360K, 0% used [0x00000000d5580000,0x00000000d5580000,0x00000000d6480000)
  from space 1024K, 97% used [0x00000000d6680000,0x00000000d677a910,0x00000000d6780000)
  to   space 1536K, 0% used [0x00000000d6480000,0x00000000d6480000,0x00000000d6600000)
 ParOldGen       total 102912K, used 102876K [0x0000000080000000, 0x0000000086480000, 0x00000000d5580000)
  object space 102912K, 99% used [0x0000000080000000,0x00000000864772c8,0x0000000086480000)
 Metaspace       used 82357K, committed 84096K, reserved 1179648K
  class space    used 9897K, committed 10688K, reserved 1048576K
}
Event: 24.265 GC heap before
{Heap before GC invocations=100 (full 3):
 PSYoungGen      total 16384K, used 16362K [0x00000000d5580000, 0x00000000d6780000, 0x0000000100000000)
  eden space 15360K, 100% used [0x00000000d5580000,0x00000000d6480000,0x00000000d6480000)
  from space 1024K, 97% used [0x00000000d6680000,0x00000000d677a910,0x00000000d6780000)
  to   space 1536K, 0% used [0x00000000d6480000,0x00000000d6480000,0x00000000d6600000)
 ParOldGen       total 102912K, used 102876K [0x0000000080000000, 0x0000000086480000, 0x00000000d5580000)
  object space 102912K, 99% used [0x0000000080000000,0x00000000864772c8,0x0000000086480000)
 Metaspace       used 82408K, committed 84160K, reserved 1179648K
  class space    used 9898K, committed 10688K, reserved 1048576K
}
Event: 24.267 GC heap after
{Heap after GC invocations=100 (full 3):
 PSYoungGen      total 16896K, used 1512K [0x00000000d5580000, 0x00000000d6a80000, 0x0000000100000000)
  eden space 15360K, 0% used [0x00000000d5580000,0x00000000d5580000,0x00000000d6480000)
  from space 1536K, 98% used [0x00000000d6480000,0x00000000d65fa088,0x00000000d6600000)
  to   space 3072K, 0% used [0x00000000d6780000,0x00000000d6780000,0x00000000d6a80000)
 ParOldGen       total 103936K, used 103821K [0x0000000080000000, 0x0000000086580000, 0x00000000d5580000)
  object space 103936K, 99% used [0x0000000080000000,0x00000000865634f8,0x0000000086580000)
 Metaspace       used 82408K, committed 84160K, reserved 1179648K
  class space    used 9898K, committed 10688K, reserved 1048576K
}
Event: 24.341 GC heap before
{Heap before GC invocations=101 (full 3):
 PSYoungGen      total 16896K, used 16872K [0x00000000d5580000, 0x00000000d6a80000, 0x0000000100000000)
  eden space 15360K, 100% used [0x00000000d5580000,0x00000000d6480000,0x00000000d6480000)
  from space 1536K, 98% used [0x00000000d6480000,0x00000000d65fa088,0x00000000d6600000)
  to   space 3072K, 0% used [0x00000000d6780000,0x00000000d6780000,0x00000000d6a80000)
 ParOldGen       total 103936K, used 103821K [0x0000000080000000, 0x0000000086580000, 0x00000000d5580000)
  object space 103936K, 99% used [0x0000000080000000,0x00000000865634f8,0x0000000086580000)
 Metaspace       used 82462K, committed 84224K, reserved 1179648K
  class space    used 9898K, committed 10688K, reserved 1048576K
}
Event: 24.343 GC heap after
{Heap after GC invocations=101 (full 3):
 PSYoungGen      total 17408K, used 1652K [0x00000000d5580000, 0x00000000d6980000, 0x0000000100000000)
  eden space 15360K, 0% used [0x00000000d5580000,0x00000000d5580000,0x00000000d6480000)
  from space 2048K, 80% used [0x00000000d6780000,0x00000000d691d200,0x00000000d6980000)
  to   space 2048K, 0% used [0x00000000d6580000,0x00000000d6580000,0x00000000d6780000)
 ParOldGen       total 105472K, used 105220K [0x0000000080000000, 0x0000000086700000, 0x00000000d5580000)
  object space 105472K, 99% used [0x0000000080000000,0x00000000866c13d0,0x0000000086700000)
 Metaspace       used 82462K, committed 84224K, reserved 1179648K
  class space    used 9898K, committed 10688K, reserved 1048576K
}

Dll operation events (15 events):
Event: 0.021 Loaded shared library c:\Users\HP\.antigravity\extensions\redhat.java-1.54.0-win32-x64\jre\21.0.10-win32-x86_64\bin\java.dll
Event: 0.180 Loaded shared library c:\Users\HP\.antigravity\extensions\redhat.java-1.54.0-win32-x64\jre\21.0.10-win32-x86_64\bin\zip.dll
Event: 0.215 Loaded shared library C:\Users\HP\.antigravity\extensions\redhat.java-1.54.0-win32-x64\jre\21.0.10-win32-x86_64\bin\instrument.dll
Event: 0.248 Loaded shared library C:\Users\HP\.antigravity\extensions\redhat.java-1.54.0-win32-x64\jre\21.0.10-win32-x86_64\bin\net.dll
Event: 0.277 Loaded shared library C:\Users\HP\.antigravity\extensions\redhat.java-1.54.0-win32-x64\jre\21.0.10-win32-x86_64\bin\nio.dll
Event: 0.281 Loaded shared library C:\Users\HP\.antigravity\extensions\redhat.java-1.54.0-win32-x64\jre\21.0.10-win32-x86_64\bin\zip.dll
Event: 0.306 Loaded shared library C:\Users\HP\.antigravity\extensions\redhat.java-1.54.0-win32-x64\jre\21.0.10-win32-x86_64\bin\jimage.dll
Event: 0.427 Loaded shared library c:\Users\HP\.antigravity\extensions\redhat.java-1.54.0-win32-x64\jre\21.0.10-win32-x86_64\bin\verify.dll
Event: 2.096 Loaded shared library C:\Users\HP\AppData\Roaming\Antigravity\User\globalStorage\redhat.java\1.54.0\config_win\org.eclipse.equinox.launcher\org.eclipse.equinox.launcher.win32.win32.x86_64_1.3.0.v20260203-2149\eclipse_11919.dll
Event: 3.614 Loaded shared library C:\Users\HP\AppData\Local\Temp\jna-2312\jna2117590355643541078.dll
Event: 7.163 Loaded shared library C:\Users\HP\.gradle\native\1def1411415f61bf3af743bc5b6707747c0891f09f0c88961ee8f79bc544acac\windows-amd64\native-platform.dll
Event: 8.747 Loaded shared library C:\Users\HP\.antigravity\extensions\redhat.java-1.54.0-win32-x64\jre\21.0.10-win32-x86_64\bin\management.dll
Event: 8.775 Loaded shared library C:\Users\HP\.antigravity\extensions\redhat.java-1.54.0-win32-x64\jre\21.0.10-win32-x86_64\bin\management_ext.dll
Event: 10.815 Loaded shared library C:\Users\HP\.antigravity\extensions\redhat.java-1.54.0-win32-x64\jre\21.0.10-win32-x86_64\bin\extnet.dll
Event: 12.559 Loaded shared library C:\Users\HP\.antigravity\extensions\redhat.java-1.54.0-win32-x64\jre\21.0.10-win32-x86_64\bin\sunmscapi.dll

Deoptimization events (20 events):
Event: 31.750 Thread 0x0000018472b697e0 DEOPT PACKING pc=0x000001845e97935e sp=0x0000001b18dfee90
Event: 31.750 Thread 0x0000018472b697e0 DEOPT UNPACKING pc=0x00000184652c4242 sp=0x0000001b18dfe3e8 mode 0
Event: 312.651 Thread 0x00000184787da1b0 Uncommon trap: trap_request=0xffffff45 fr.pc=0x000001846605cef8 relative=0x0000000000002478
Event: 312.652 Thread 0x00000184787da1b0 Uncommon trap: reason=unstable_if action=reinterpret pc=0x000001846605cef8 method=org.eclipse.jdt.internal.core.JavaModelCache.getInfo(Lorg/eclipse/jdt/core/IJavaElement;)Lorg/eclipse/jdt/internal/compiler/env/IElementInfo; @ 6 c2
Event: 312.652 Thread 0x00000184787da1b0 DEOPT PACKING pc=0x000001846605cef8 sp=0x0000001b1a7feba0
Event: 312.652 Thread 0x00000184787da1b0 DEOPT UNPACKING pc=0x00000184652c3aa2 sp=0x0000001b1a7feb10 mode 2
Event: 312.653 Thread 0x00000184787da1b0 DEOPT PACKING pc=0x000001845e979600 sp=0x0000001b1a7fe9d0
Event: 312.653 Thread 0x00000184787da1b0 DEOPT UNPACKING pc=0x00000184652c4242 sp=0x0000001b1a7fdf28 mode 0
Event: 312.654 Thread 0x00000184787da1b0 DEOPT PACKING pc=0x000001845e979600 sp=0x0000001b1a7fe9d0
Event: 312.654 Thread 0x00000184787da1b0 DEOPT UNPACKING pc=0x00000184652c4242 sp=0x0000001b1a7fdf28 mode 0
Event: 312.654 Thread 0x00000184787da1b0 DEOPT PACKING pc=0x000001845e97935e sp=0x0000001b1a7fe940
Event: 312.654 Thread 0x00000184787da1b0 DEOPT UNPACKING pc=0x00000184652c4242 sp=0x0000001b1a7fde98 mode 0
Event: 312.664 Thread 0x00000184787da1b0 Uncommon trap: trap_request=0xfffffff4 fr.pc=0x0000018465f6819c relative=0x00000000000003dc
Event: 312.664 Thread 0x00000184787da1b0 Uncommon trap: reason=null_check action=make_not_entrant pc=0x0000018465f6819c method=org.eclipse.core.runtime.Path.equals(Ljava/lang/Object;)Z @ 8 c2
Event: 312.664 Thread 0x00000184787da1b0 DEOPT PACKING pc=0x0000018465f6819c sp=0x0000001b1a7fedd0
Event: 312.664 Thread 0x00000184787da1b0 DEOPT UNPACKING pc=0x00000184652c3aa2 sp=0x0000001b1a7fed60 mode 2
Event: 313.664 Thread 0x000001844af27b00 Uncommon trap: trap_request=0xffffff45 fr.pc=0x0000018465c928f0 relative=0x00000000000000d0
Event: 313.664 Thread 0x000001844af27b00 Uncommon trap: reason=unstable_if action=reinterpret pc=0x0000018465c928f0 method=java.util.stream.AbstractPipeline.sourceSpliterator(I)Ljava/util/Spliterator; @ 82 c2
Event: 313.664 Thread 0x000001844af27b00 DEOPT PACKING pc=0x0000018465c928f0 sp=0x0000001b17fff2c0
Event: 313.664 Thread 0x000001844af27b00 DEOPT UNPACKING pc=0x00000184652c3aa2 sp=0x0000001b17fff220 mode 2

Classes loaded (20 events):
Event: 20.201 Loading class java/util/Hashtable$KeySet
Event: 20.202 Loading class java/util/Hashtable$KeySet done
Event: 22.307 Loading class java/util/stream/ReduceOps$4
Event: 22.307 Loading class java/util/stream/ReduceOps$4 done
Event: 22.308 Loading class java/util/stream/ReduceOps$4ReducingSink
Event: 22.308 Loading class java/util/stream/ReduceOps$4ReducingSink done
Event: 22.991 Loading class java/util/HashMap$EntrySpliterator
Event: 22.992 Loading class java/util/HashMap$EntrySpliterator done
Event: 31.770 Loading class sun/nio/cs/ISO_8859_1$Encoder
Event: 31.770 Loading class sun/nio/cs/ISO_8859_1$Encoder done
Event: 31.771 Loading class sun/nio/cs/Surrogate$Parser
Event: 31.771 Loading class sun/nio/cs/Surrogate$Parser done
Event: 31.772 Loading class sun/nio/cs/Surrogate
Event: 31.772 Loading class sun/nio/cs/Surrogate done
Event: 313.664 Loading class java/util/stream/Nodes$CollectorTask$OfRef
Event: 313.666 Loading class java/util/stream/Nodes$CollectorTask
Event: 314.672 Loading class java/util/stream/Nodes$CollectorTask done
Event: 314.672 Loading class java/util/stream/Nodes$CollectorTask$OfRef done
Event: 314.673 Loading class java/util/function/LongFunction
Event: 316.673 Loading class java/util/function/LongFunction done

Classes unloaded (7 events):
Event: 4.196 Thread 0x00000184715d2450 Unloading class 0x00000184011ab400 'java/lang/invoke/LambdaForm$MH+0x00000184011ab400'
Event: 4.196 Thread 0x00000184715d2450 Unloading class 0x00000184011ab000 'java/lang/invoke/LambdaForm$MH+0x00000184011ab000'
Event: 4.196 Thread 0x00000184715d2450 Unloading class 0x00000184011aac00 'java/lang/invoke/LambdaForm$MH+0x00000184011aac00'
Event: 4.196 Thread 0x00000184715d2450 Unloading class 0x00000184011aa800 'java/lang/invoke/LambdaForm$MH+0x00000184011aa800'
Event: 4.196 Thread 0x00000184715d2450 Unloading class 0x00000184011aa400 'java/lang/invoke/LambdaForm$BMH+0x00000184011aa400'
Event: 4.196 Thread 0x00000184715d2450 Unloading class 0x00000184011aa000 'java/lang/invoke/LambdaForm$DMH+0x00000184011aa000'
Event: 4.196 Thread 0x00000184715d2450 Unloading class 0x00000184011a8c00 'java/lang/invoke/LambdaForm$DMH+0x00000184011a8c00'

Classes redefined (0 events):
No events

Internal exceptions (20 events):
Event: 21.978 Thread 0x00000184787d8770 Implicit null exception at 0x0000018465f22ce0 to 0x0000018465f2839c
Event: 22.026 Thread 0x000001847af68fb0 Exception <a 'sun/nio/fs/WindowsException'{0x00000000d5cc0ec0}> (0x00000000d5cc0ec0) 
thrown [s\src\hotspot\share\prims\jni.cpp, line 520]
Event: 22.026 Thread 0x000001847af68fb0 Exception <a 'sun/nio/fs/WindowsException'{0x00000000d5cc19f0}> (0x00000000d5cc19f0) 
thrown [s\src\hotspot\share\prims\jni.cpp, line 520]
Event: 22.314 Thread 0x00000184787d8770 Exception <a 'java/lang/NoSuchMethodError'{0x00000000d5d41128}: 'int java.lang.invoke.DirectMethodHandle$Holder.invokeSpecialIFC(java.lang.Object, java.lang.Object, java.lang.Object)'> (0x00000000d5d41128) 
thrown [s\src\hotspot\share\interpreter\linkResolver.cpp, line 773]
Event: 22.647 Thread 0x00000184787da1b0 Exception <a 'sun/nio/fs/WindowsException'{0x00000000d61f69c0}> (0x00000000d61f69c0) 
thrown [s\src\hotspot\share\prims\jni.cpp, line 520]
Event: 22.647 Thread 0x00000184787da1b0 Exception <a 'sun/nio/fs/WindowsException'{0x00000000d61f7240}> (0x00000000d61f7240) 
thrown [s\src\hotspot\share\prims\jni.cpp, line 520]
Event: 22.648 Thread 0x00000184787da1b0 Exception <a 'sun/nio/fs/WindowsException'{0x00000000d61f8468}> (0x00000000d61f8468) 
thrown [s\src\hotspot\share\prims\jni.cpp, line 520]
Event: 22.648 Thread 0x00000184787da1b0 Exception <a 'sun/nio/fs/WindowsException'{0x00000000d61f8ce8}> (0x00000000d61f8ce8) 
thrown [s\src\hotspot\share\prims\jni.cpp, line 520]
Event: 22.648 Thread 0x00000184787da1b0 Exception <a 'sun/nio/fs/WindowsException'{0x00000000d61fa9a0}> (0x00000000d61fa9a0) 
thrown [s\src\hotspot\share\prims\jni.cpp, line 520]
Event: 22.648 Thread 0x00000184787da1b0 Exception <a 'sun/nio/fs/WindowsException'{0x00000000d6202668}> (0x00000000d6202668) 
thrown [s\src\hotspot\share\prims\jni.cpp, line 520]
Event: 22.654 Thread 0x00000184787da1b0 Exception <a 'sun/nio/fs/WindowsException'{0x00000000d6234080}> (0x00000000d6234080) 
thrown [s\src\hotspot\share\prims\jni.cpp, line 520]
Event: 22.654 Thread 0x00000184787da1b0 Exception <a 'sun/nio/fs/WindowsException'{0x00000000d6234bb0}> (0x00000000d6234bb0) 
thrown [s\src\hotspot\share\prims\jni.cpp, line 520]
Event: 22.698 Thread 0x00000184787d8770 Exception <a 'java/lang/NoSuchMethodError'{0x00000000d56f5718}: 'java.lang.Object java.lang.invoke.DirectMethodHandle$Holder.invokeStatic(java.lang.Object, java.lang.Object, int, java.lang.Object, java.lang.Object)'> (0x00000000d56f5718) 
thrown [s\src\hotspot\share\interpreter\linkResolver.cpp, line 773]
Event: 22.952 Thread 0x00000184787d8770 Implicit null exception at 0x0000018465f4da5f to 0x0000018465f4e1cc
Event: 23.042 Thread 0x00000184787d8770 Implicit null exception at 0x0000018465d49d46 to 0x0000018465d49d91
Event: 23.242 Thread 0x000001847cee28d0 Implicit null exception at 0x0000018465e60632 to 0x0000018465e60aac
Event: 23.634 Thread 0x00000184787d8770 Exception <a 'java/lang/NoSuchMethodError'{0x00000000d59a6d50}: 'void java.lang.invoke.DelegatingMethodHandle$Holder.reinvoke_L(java.lang.Object, java.lang.Object, java.lang.Object, int, java.lang.Object, int, int)'> (0x00000000d59a6d50) 
thrown [s\src\hotspot\share\interpreter\linkResolver.cpp, line 773]
Event: 312.658 Thread 0x00000184787da1b0 Exception <a 'sun/nio/fs/WindowsException'{0x00000000d5d4a1c0}> (0x00000000d5d4a1c0) 
thrown [s\src\hotspot\share\prims\jni.cpp, line 520]
Event: 312.659 Thread 0x00000184787da1b0 Exception <a 'sun/nio/fs/WindowsException'{0x00000000d5d4acf0}> (0x00000000d5d4acf0) 
thrown [s\src\hotspot\share\prims\jni.cpp, line 520]
Event: 312.664 Thread 0x00000184787da1b0 Implicit null exception at 0x0000018465f67e06 to 0x0000018465f6818c

ZGC Phase Switch (0 events):
No events

VM Operations (20 events):
Event: 24.264 Executing safepoint VM operation: ParallelGCFailedAllocation (Allocation Failure)
Event: 24.267 Executing safepoint VM operation: ParallelGCFailedAllocation (Allocation Failure) done
Event: 24.341 Executing safepoint VM operation: ParallelGCFailedAllocation (Allocation Failure)
Event: 24.343 Executing safepoint VM operation: ParallelGCFailedAllocation (Allocation Failure) done
Event: 25.343 Executing safepoint VM operation: Cleanup
Event: 25.343 Executing safepoint VM operation: Cleanup done
Event: 32.348 Executing safepoint VM operation: Cleanup
Event: 32.348 Executing safepoint VM operation: Cleanup done
Event: 35.348 Executing safepoint VM operation: Cleanup
Event: 35.349 Executing safepoint VM operation: Cleanup done
Event: 60.170 Executing non-safepoint VM operation: HandshakeAllThreads (HandshakeForDeflation)
Event: 60.170 Executing non-safepoint VM operation: HandshakeAllThreads (HandshakeForDeflation) done
Event: 60.170 Executing non-safepoint VM operation: RendezvousGCThreads
Event: 60.170 Executing non-safepoint VM operation: RendezvousGCThreads done
Event: 178.899 Executing safepoint VM operation: Cleanup
Event: 178.899 Executing safepoint VM operation: Cleanup done
Event: 310.635 Executing safepoint VM operation: Cleanup
Event: 310.635 Executing safepoint VM operation: Cleanup done
Event: 314.637 Executing safepoint VM operation: Cleanup
Event: 314.668 Executing safepoint VM operation: Cleanup done

Memory protections (0 events):
No events

Nmethod flushes (20 events):
Event: 9.854 Thread 0x00000184715d2450 flushing  nmethod 0x000001845e4ba110
Event: 9.854 Thread 0x00000184715d2450 flushing  nmethod 0x000001845e4ba610
Event: 9.854 Thread 0x00000184715d2450 flushing  nmethod 0x000001845e4bd010
Event: 9.854 Thread 0x00000184715d2450 flushing  nmethod 0x000001845e4bf110
Event: 9.854 Thread 0x00000184715d2450 flushing  nmethod 0x000001845e4c0090
Event: 9.854 Thread 0x00000184715d2450 flushing  nmethod 0x000001845e4d1b90
Event: 9.854 Thread 0x00000184715d2450 flushing  nmethod 0x000001845e4e5090
Event: 9.854 Thread 0x00000184715d2450 flushing  nmethod 0x000001845e56c990
Event: 9.854 Thread 0x00000184715d2450 flushing  nmethod 0x000001845e581c10
Event: 9.854 Thread 0x00000184715d2450 flushing  nmethod 0x000001845e582b10
Event: 9.854 Thread 0x00000184715d2450 flushing  nmethod 0x000001845e582e90
Event: 9.854 Thread 0x00000184715d2450 flushing  nmethod 0x000001845e583210
Event: 9.854 Thread 0x00000184715d2450 flushing  nmethod 0x000001845e59d190
Event: 9.854 Thread 0x00000184715d2450 flushing  nmethod 0x000001845e59d890
Event: 9.854 Thread 0x00000184715d2450 flushing  nmethod 0x000001845e59e110
Event: 9.854 Thread 0x00000184715d2450 flushing  nmethod 0x000001845e5a1f90
Event: 9.854 Thread 0x00000184715d2450 flushing  nmethod 0x000001845e5a4690
Event: 9.854 Thread 0x00000184715d2450 flushing  nmethod 0x000001845e5c3890
Event: 9.854 Thread 0x00000184715d2450 flushing  nmethod 0x000001845e607010
Event: 9.854 Thread 0x00000184715d2450 flushing  nmethod 0x000001845e614990

Events (20 events):
Event: 21.910 Thread 0x000001847b2f4740 Thread exited: 0x000001847b2f4740
Event: 21.910 Thread 0x000001847cee28d0 Thread exited: 0x000001847cee28d0
Event: 21.910 Thread 0x000001847cee5030 Thread exited: 0x000001847cee5030
Event: 21.910 Thread 0x000001847b2f7530 Thread exited: 0x000001847b2f7530
Event: 23.002 Thread 0x00000184787da1b0 Thread added: 0x000001847cee28d0
Event: 23.249 Thread 0x000001847cee28d0 Thread exited: 0x000001847cee28d0
Event: 25.243 Thread 0x000001847901c9f0 Thread exited: 0x000001847901c9f0
Event: 26.189 Thread 0x000001847a9bc6c0 Thread exited: 0x000001847a9bc6c0
Event: 31.750 Thread 0x00000184715ecd40 Thread added: 0x0000018449d03300
Event: 31.752 Thread 0x0000018449d03300 Thread added: 0x00000184789f4fd0
Event: 35.922 Thread 0x00000184789f4fd0 Thread exited: 0x00000184789f4fd0
Event: 35.922 Thread 0x0000018449d03300 Thread exited: 0x0000018449d03300
Event: 82.663 Thread 0x000001847af68fb0 Thread exited: 0x000001847af68fb0
Event: 82.860 Thread 0x000001847af66850 Thread exited: 0x000001847af66850
Event: 82.959 Thread 0x00000184787d9b20 Thread exited: 0x00000184787d9b20
Event: 82.960 Thread 0x00000184787d6d30 Thread exited: 0x00000184787d6d30
Event: 142.662 Thread 0x000001847b2f40b0 Thread exited: 0x000001847b2f40b0
Event: 202.663 Thread 0x000001847b2f2670 Thread exited: 0x000001847b2f2670
Event: 262.663 Thread 0x000001847b2f1950 Thread exited: 0x000001847b2f1950
Event: 312.675 Thread 0x00000184787da1b0 Thread added: 0x000001844af27b00


Dynamic libraries:
0x00007ff69d640000 - 0x00007ff69d64e000 	c:\Users\HP\.antigravity\extensions\redhat.java-1.54.0-win32-x64\jre\21.0.10-win32-x86_64\bin\java.exe
0x00007ff93f5a0000 - 0x00007ff93f807000 	C:\WINDOWS\SYSTEM32\ntdll.dll
0x00007ff8faf90000 - 0x00007ff8fafb1000 	C:\Program Files\Avast Software\Avast\aswhook.dll
0x00007ff93dd00000 - 0x00007ff93ddc9000 	C:\WINDOWS\System32\KERNEL32.DLL
0x00007ff93be40000 - 0x00007ff93c234000 	C:\WINDOWS\System32\KERNELBASE.dll
0x00007ff93c890000 - 0x00007ff93c9db000 	C:\WINDOWS\System32\ucrtbase.dll
0x00007ff903a00000 - 0x00007ff903a1e000 	c:\Users\HP\.antigravity\extensions\redhat.java-1.54.0-win32-x64\jre\21.0.10-win32-x86_64\bin\VCRUNTIME140.dll
0x00007ff8f44a0000 - 0x00007ff8f44b8000 	c:\Users\HP\.antigravity\extensions\redhat.java-1.54.0-win32-x64\jre\21.0.10-win32-x86_64\bin\jli.dll
0x00007ff93d790000 - 0x00007ff93d955000 	C:\WINDOWS\System32\USER32.dll
0x00007ff93c530000 - 0x00007ff93c557000 	C:\WINDOWS\System32\win32u.dll
0x00007ff90f310000 - 0x00007ff90f5a3000 	C:\WINDOWS\WinSxS\amd64_microsoft.windows.common-controls_6595b64144ccf1df_6.0.26100.8115_none_3e075c82e3354f9c\COMCTL32.dll
0x00007ff93e240000 - 0x00007ff93e26b000 	C:\WINDOWS\System32\GDI32.dll
0x00007ff93e9f0000 - 0x00007ff93ea99000 	C:\WINDOWS\System32\msvcrt.dll
0x00007ff93c610000 - 0x00007ff93c73b000 	C:\WINDOWS\System32\gdi32full.dll
0x00007ff93c9e0000 - 0x00007ff93ca83000 	C:\WINDOWS\System32\msvcp_win.dll
0x00007ff93daf0000 - 0x00007ff93db22000 	C:\WINDOWS\System32\IMM32.DLL
0x00007ff92a4c0000 - 0x00007ff92a4cc000 	c:\Users\HP\.antigravity\extensions\redhat.java-1.54.0-win32-x64\jre\21.0.10-win32-x86_64\bin\vcruntime140_1.dll
0x00007ff8a5a90000 - 0x00007ff8a5b1d000 	c:\Users\HP\.antigravity\extensions\redhat.java-1.54.0-win32-x64\jre\21.0.10-win32-x86_64\bin\msvcp140.dll
0x00007ff881650000 - 0x00007ff8823f1000 	c:\Users\HP\.antigravity\extensions\redhat.java-1.54.0-win32-x64\jre\21.0.10-win32-x86_64\bin\server\jvm.dll
0x00007ff93dfc0000 - 0x00007ff93e076000 	C:\WINDOWS\System32\ADVAPI32.dll
0x00007ff93df10000 - 0x00007ff93dfb7000 	C:\WINDOWS\System32\sechost.dll
0x00007ff93db50000 - 0x00007ff93dc68000 	C:\WINDOWS\System32\RPCRT4.dll
0x00007ff93dc70000 - 0x00007ff93dcf0000 	C:\WINDOWS\System32\WS2_32.dll
0x00007ff9276d0000 - 0x00007ff9276db000 	C:\WINDOWS\SYSTEM32\VERSION.dll
0x00007ff93bca0000 - 0x00007ff93bcfe000 	C:\WINDOWS\SYSTEM32\POWRPROF.dll
0x00007ff936bc0000 - 0x00007ff936bf6000 	C:\WINDOWS\SYSTEM32\WINMM.dll
0x00007ff93bc80000 - 0x00007ff93bc94000 	C:\WINDOWS\SYSTEM32\UMPDC.dll
0x00007ff93abd0000 - 0x00007ff93abeb000 	C:\WINDOWS\SYSTEM32\kernel.appcore.dll
0x00007ff92a480000 - 0x00007ff92a48a000 	c:\Users\HP\.antigravity\extensions\redhat.java-1.54.0-win32-x64\jre\21.0.10-win32-x86_64\bin\jimage.dll
0x00007ff939c50000 - 0x00007ff939e92000 	C:\WINDOWS\SYSTEM32\DBGHELP.DLL
0x00007ff93e4f0000 - 0x00007ff93e872000 	C:\WINDOWS\System32\combase.dll
0x00007ff93e160000 - 0x00007ff93e238000 	C:\WINDOWS\System32\OLEAUT32.dll
0x00007ff9274c0000 - 0x00007ff9274fb000 	C:\WINDOWS\SYSTEM32\dbgcore.DLL
0x00007ff93c560000 - 0x00007ff93c605000 	C:\WINDOWS\System32\bcryptPrimitives.dll
0x00007ff91ade0000 - 0x00007ff91adef000 	c:\Users\HP\.antigravity\extensions\redhat.java-1.54.0-win32-x64\jre\21.0.10-win32-x86_64\bin\instrument.dll
0x00007ff8f1f40000 - 0x00007ff8f1f60000 	c:\Users\HP\.antigravity\extensions\redhat.java-1.54.0-win32-x64\jre\21.0.10-win32-x86_64\bin\java.dll
0x00007ff93ec80000 - 0x00007ff93f3e7000 	C:\WINDOWS\System32\SHELL32.dll
0x00007ff93c240000 - 0x00007ff93c3aa000 	C:\WINDOWS\System32\wintypes.dll
0x00007ff93ca90000 - 0x00007ff93d2f8000 	C:\WINDOWS\System32\windows.storage.dll
0x00007ff93f400000 - 0x00007ff93f4f8000 	C:\WINDOWS\System32\SHCORE.dll
0x00007ff93e2e0000 - 0x00007ff93e346000 	C:\WINDOWS\System32\shlwapi.dll
0x00007ff93bd60000 - 0x00007ff93bd89000 	C:\WINDOWS\SYSTEM32\profapi.dll
0x00007ff8ed480000 - 0x00007ff8ed498000 	c:\Users\HP\.antigravity\extensions\redhat.java-1.54.0-win32-x64\jre\21.0.10-win32-x86_64\bin\zip.dll
0x00007ff913f30000 - 0x00007ff913f40000 	C:\Users\HP\.antigravity\extensions\redhat.java-1.54.0-win32-x64\jre\21.0.10-win32-x86_64\bin\net.dll
0x00007ff930bb0000 - 0x00007ff930cdd000 	C:\WINDOWS\SYSTEM32\WINHTTP.dll
0x00007ff93b140000 - 0x00007ff93b1ac000 	C:\WINDOWS\system32\mswsock.dll
0x00007ff8e1f90000 - 0x00007ff8e1fa6000 	C:\Users\HP\.antigravity\extensions\redhat.java-1.54.0-win32-x64\jre\21.0.10-win32-x86_64\bin\nio.dll
0x00007ff9118d0000 - 0x00007ff9118e0000 	c:\Users\HP\.antigravity\extensions\redhat.java-1.54.0-win32-x64\jre\21.0.10-win32-x86_64\bin\verify.dll
0x00007ff8874b0000 - 0x00007ff8874f5000 	C:\Users\HP\AppData\Roaming\Antigravity\User\globalStorage\redhat.java\1.54.0\config_win\org.eclipse.equinox.launcher\org.eclipse.equinox.launcher.win32.win32.x86_64_1.3.0.v20260203-2149\eclipse_11919.dll
0x00007ff93e350000 - 0x00007ff93e4e7000 	C:\WINDOWS\System32\ole32.dll
0x00007ff93b420000 - 0x00007ff93b43b000 	C:\WINDOWS\SYSTEM32\CRYPTSP.dll
0x00007ff93ab30000 - 0x00007ff93ab69000 	C:\WINDOWS\system32\rsaenh.dll
0x00007ff93b1f0000 - 0x00007ff93b223000 	C:\WINDOWS\SYSTEM32\USERENV.dll
0x00007ff93bd30000 - 0x00007ff93bd5a000 	C:\WINDOWS\SYSTEM32\bcrypt.dll
0x00007ff93b440000 - 0x00007ff93b44c000 	C:\WINDOWS\SYSTEM32\CRYPTBASE.dll
0x00007ff93a5d0000 - 0x00007ff93a602000 	C:\WINDOWS\SYSTEM32\IPHLPAPI.DLL
0x00007ff93d9e0000 - 0x00007ff93d9ea000 	C:\WINDOWS\System32\NSI.dll
0x00007ff887370000 - 0x00007ff8873b9000 	C:\Users\HP\AppData\Local\Temp\jna-2312\jna2117590355643541078.dll
0x00007ff93f3f0000 - 0x00007ff93f3f8000 	C:\WINDOWS\System32\PSAPI.DLL
0x00007ff930e60000 - 0x00007ff930e7d000 	C:\WINDOWS\SYSTEM32\dhcpcsvc6.DLL
0x00007ff930e30000 - 0x00007ff930e55000 	C:\WINDOWS\SYSTEM32\dhcpcsvc.DLL
0x00007ff898830000 - 0x00007ff898857000 	C:\Users\HP\.gradle\native\1def1411415f61bf3af743bc5b6707747c0891f09f0c88961ee8f79bc544acac\windows-amd64\native-platform.dll
0x00007ff8ed570000 - 0x00007ff8ed57a000 	C:\Users\HP\.antigravity\extensions\redhat.java-1.54.0-win32-x64\jre\21.0.10-win32-x86_64\bin\management.dll
0x00007ff8ebf10000 - 0x00007ff8ebf1c000 	C:\Users\HP\.antigravity\extensions\redhat.java-1.54.0-win32-x64\jre\21.0.10-win32-x86_64\bin\management_ext.dll
0x00007ff8eb020000 - 0x00007ff8eb029000 	C:\Users\HP\.antigravity\extensions\redhat.java-1.54.0-win32-x64\jre\21.0.10-win32-x86_64\bin\extnet.dll
0x00007ff8e2930000 - 0x00007ff8e293e000 	C:\Users\HP\.antigravity\extensions\redhat.java-1.54.0-win32-x64\jre\21.0.10-win32-x86_64\bin\sunmscapi.dll
0x00007ff93c3b0000 - 0x00007ff93c527000 	C:\WINDOWS\System32\CRYPT32.dll
0x00007ff93b640000 - 0x00007ff93b670000 	C:\WINDOWS\SYSTEM32\ncrypt.dll
0x00007ff93b5f0000 - 0x00007ff93b62f000 	C:\WINDOWS\SYSTEM32\NTASN1.dll
0x00007ff901540000 - 0x00007ff901548000 	C:\WINDOWS\system32\wshunix.dll

JVMTI agents:
c:\Users\HP\.antigravity\extensions\redhat.java-1.54.0-win32-x64\lombok\lombok-1.18.39-4050.jar path:c:\Users\HP\.antigravity\extensions\redhat.java-1.54.0-win32-x64\jre\21.0.10-win32-x86_64\bin\instrument.dll, loaded, initialized, instrumentlib options:none

dbghelp: loaded successfully - version: 4.0.5 - missing functions: none
symbol engine: initialized successfully - sym options: 0x614 - pdb path: .;c:\Users\HP\.antigravity\extensions\redhat.java-1.54.0-win32-x64\jre\21.0.10-win32-x86_64\bin;C:\WINDOWS\SYSTEM32;C:\Program Files\Avast Software\Avast;C:\WINDOWS\WinSxS\amd64_microsoft.windows.common-controls_6595b64144ccf1df_6.0.26100.8115_none_3e075c82e3354f9c;c:\Users\HP\.antigravity\extensions\redhat.java-1.54.0-win32-x64\jre\21.0.10-win32-x86_64\bin\server;C:\Users\HP\AppData\Roaming\Antigravity\User\globalStorage\redhat.java\1.54.0\config_win\org.eclipse.equinox.launcher\org.eclipse.equinox.launcher.win32.win32.x86_64_1.3.0.v20260203-2149;C:\Users\HP\AppData\Local\Temp\jna-2312;C:\Users\HP\.gradle\native\1def1411415f61bf3af743bc5b6707747c0891f09f0c88961ee8f79bc544acac\windows-amd64

VM Arguments:
jvm_args: --add-modules=ALL-SYSTEM --add-opens=java.base/java.util=ALL-UNNAMED --add-opens=java.base/java.lang=ALL-UNNAMED --add-opens=java.base/sun.nio.fs=ALL-UNNAMED -Declipse.application=org.eclipse.jdt.ls.core.id1 -Dosgi.bundles.defaultStartLevel=4 -Declipse.product=org.eclipse.jdt.ls.core.product -Djava.import.generatesMetadataFilesAtProjectRoot=false -DDetectVMInstallationsJob.disabled=true -Dfile.encoding=utf8 -XX:+UseParallelGC -XX:GCTimeRatio=4 -XX:AdaptiveSizePolicyWeight=90 -Dsun.zip.disableMemoryMapping=true -Xmx2G -Xms100m -Xlog:disable -javaagent:c:\Users\HP\.antigravity\extensions\redhat.java-1.54.0-win32-x64\lombok\lombok-1.18.39-4050.jar -XX:+HeapDumpOnOutOfMemoryError -XX:HeapDumpPath=c:\Users\HP\AppData\Roaming\Antigravity\User\workspaceStorage\4dfc41c91c2c781069e695ab18a74c91\redhat.java -Daether.dependencyCollector.impl=bf 
java_command: c:\Users\HP\.antigravity\extensions\redhat.java-1.54.0-win32-x64\server\plugins\org.eclipse.equinox.launcher_1.7.100.v20251111-0406.jar -configuration c:\Users\HP\AppData\Roaming\Antigravity\User\globalStorage\redhat.java\1.54.0\config_win -data c:\Users\HP\AppData\Roaming\Antigravity\User\workspaceStorage\4dfc41c91c2c781069e695ab18a74c91\redhat.java\jdt_ws --pipe=\\.\pipe\lsp-69bf57533fbc410ea5a38a1c0d7d88f4-sock
java_class_path (initial): c:\Users\HP\.antigravity\extensions\redhat.java-1.54.0-win32-x64\server\plugins\org.eclipse.equinox.launcher_1.7.100.v20251111-0406.jar
Launcher Type: SUN_STANDARD

[Global flags]
    uintx AdaptiveSizePolicyWeight                 = 90                                        {product} {command line}
     intx CICompilerCount                          = 4                                         {product} {ergonomic}
    uintx GCTimeRatio                              = 4                                         {product} {command line}
     bool HeapDumpOnOutOfMemoryError               = true                                   {manageable} {command line}
    ccstr HeapDumpPath                             = c:\Users\HP\AppData\Roaming\Antigravity\User\workspaceStorage\4dfc41c91c2c781069e695ab18a74c91\redhat.java         {manageable} {command line}
   size_t InitialHeapSize                          = 104857600                                 {product} {command line}
   size_t MaxHeapSize                              = 2147483648                                {product} {command line}
   size_t MaxNewSize                               = 715653120                                 {product} {ergonomic}
   size_t MinHeapDeltaBytes                        = 524288                                    {product} {ergonomic}
   size_t MinHeapSize                              = 104857600                                 {product} {command line}
   size_t NewSize                                  = 34603008                                  {product} {ergonomic}
    uintx NonNMethodCodeHeapSize                   = 5839372                                {pd product} {ergonomic}
    uintx NonProfiledCodeHeapSize                  = 122909434                              {pd product} {ergonomic}
   size_t OldSize                                  = 70254592                                  {product} {ergonomic}
    uintx ProfiledCodeHeapSize                     = 122909434                              {pd product} {ergonomic}
    uintx ReservedCodeCacheSize                    = 251658240                              {pd product} {ergonomic}
     bool SegmentedCodeCache                       = true                                      {product} {ergonomic}
   size_t SoftMaxHeapSize                          = 2147483648                             {manageable} {ergonomic}
     bool UseCompressedOops                        = true                           {product lp64_product} {ergonomic}
     bool UseLargePagesIndividualAllocation        = false                                  {pd product} {ergonomic}
     bool UseParallelGC                            = true                                      {product} {command line}

Logging:
Log output configuration:
 #0: stdout all=off uptime,level,tags foldmultilines=false
 #1: stderr all=off uptime,level,tags foldmultilines=false

Release file:
JAVA_VERSION="21.0.10" 
MODULES="java.base java.compiler java.datatransfer java.xml java.prefs java.desktop java.instrument java.logging java.management java.security.sasl java.naming java.rmi java.management.rmi java.net.http java.scripting java.security.jgss java.transaction.xa java.sql java.sql.rowset java.xml.crypto java.se java.smartcardio jdk.accessibility jdk.internal.jvmstat jdk.attach jdk.charsets jdk.internal.opt jdk.zipfs jdk.compiler jdk.crypto.ec jdk.crypto.cryptoki jdk.crypto.mscapi jdk.dynalink jdk.internal.ed jdk.editpad jdk.hotspot.agent jdk.httpserver jdk.internal.le jdk.internal.vm.ci jdk.internal.vm.compiler jdk.internal.vm.compiler.management jdk.jartool jdk.javadoc jdk.jcmd jdk.management jdk.management.agent jdk.jconsole jdk.jdeps jdk.jdwp.agent jdk.jdi jdk.jfr jdk.jshell jdk.jsobject jdk.jstatd jdk.localedata jdk.management.jfr jdk.naming.dns jdk.naming.rmi jdk.net jdk.nio.mapmode jdk.random jdk.sctp jdk.security.auth jdk.security.jgss jdk.unsupported jdk.unsupported.desktop jdk.xml.dom" 

Environment Variables:
JAVA_HOME=C:\Program Files\Java\jdk-25
PATH=C:\Program Files\Common Files\Oracle\Java\javapath;C:\Program Files (x86)\Common Files\Oracle\Java\java8path;C:\Program Files (x86)\Common Files\Oracle\Java\javapath;C:\ORC\ORACLEE\bin;C:\app\HP\product\21c\dbhomeXE\bin;E:\oracle21\ORACL\bin;C:\Dossier_Oracle21c\Oracle21c\bin;C:\WINDOWS\system32;C:\WINDOWS;C:\WINDOWS\System32\Wbem;C:\WINDOWS\System32\WindowsPowerShell\v1.0\;C:\WINDOWS\System32\OpenSSH\;C:\appliiiiiii\flutter_windows_3.35.7-stable.zip\flutter\bin;C:\Program Files\Docker\Docker\resources\bin;C:\Program Files\Git\cmd;C:\Program Files\nodejs\;C:\Program Files\Apache\maven\bin;C:\Program Files\MySQL\MySQL Shell 8.0\bin\;C:\Users\HP\AppData\Local\Programs\Python\Python313\Scripts\;C:\Users\HP\AppData\Local\Programs\Python\Python313\;C:\Users\HP\AppData\Local\Programs\Python\Launcher\;C:\Users\HP\AppData\Local\Microsoft\WindowsApps;C:\Users\HP\AppData\Local\Programs\Microsoft VS Code\bin;C:\Users\HP\AppData\Local\Python\bin;C:\Users\HP\AppData\Roaming\npm;C:\Program Files\Java\jdk-25\bin;C:\Maven\apache-maven-3.9.15\bin;D:\Nouveau dossier\Antigravity\bin
USERNAME=HP
OS=Windows_NT
PROCESSOR_IDENTIFIER=Intel64 Family 6 Model 186 Stepping 3, GenuineIntel
TMP=C:\Users\HP\AppData\Local\Temp
TEMP=C:\Users\HP\AppData\Local\Temp




Periodic native trim disabled

---------------  S Y S T E M  ---------------

OS:
 Windows 11 , 64 bit Build 26100 (10.0.26100.8246)
OS uptime: 0 days 0:12 hours
Hyper-V role detected

CPU: total 12 (initial active 12) (6 cores per cpu, 2 threads per core) family 6 model 186 stepping 3 microcode 0x4121, cx8, cmov, fxsr, ht, mmx, 3dnowpref, sse, sse2, sse3, ssse3, sse4.1, sse4.2, popcnt, lzcnt, tsc, tscinvbit, avx, avx2, aes, erms, clmul, bmi1, bmi2, adx, sha, fma, vzeroupper, clflush, clflushopt, clwb, hv, serialize, rdtscp, rdpid, fsrm, f16c, cet_ibt, cet_ss
Processor Information for processor 0
  Max Mhz: 1300, Current Mhz: 1300, Mhz Limit: 1300
Processor Information for processor 1
  Max Mhz: 1300, Current Mhz: 1300, Mhz Limit: 1300
Processor Information for processor 2
  Max Mhz: 1300, Current Mhz: 1300, Mhz Limit: 1300
Processor Information for processor 3
  Max Mhz: 1300, Current Mhz: 1300, Mhz Limit: 1300
Processor Information for processor 4
  Max Mhz: 1300, Current Mhz: 900, Mhz Limit: 897
Processor Information for processor 5
  Max Mhz: 1300, Current Mhz: 900, Mhz Limit: 897
Processor Information for processor 6
  Max Mhz: 1300, Current Mhz: 900, Mhz Limit: 897
Processor Information for processor 7
  Max Mhz: 1300, Current Mhz: 900, Mhz Limit: 897
Processor Information for processor 8
  Max Mhz: 1300, Current Mhz: 900, Mhz Limit: 897
Processor Information for processor 9
  Max Mhz: 1300, Current Mhz: 900, Mhz Limit: 897
Processor Information for processor 10
  Max Mhz: 1300, Current Mhz: 900, Mhz Limit: 897
Processor Information for processor 11
  Max Mhz: 1300, Current Mhz: 900, Mhz Limit: 897

Memory: 4k page, system-wide physical 7835M (592M free)
TotalPageFile size 13835M (AvailPageFile size 192M)
current process WorkingSet (physical memory assigned to process): 76M, peak: 511M
current process commit charge ("private bytes"): 444M, peak: 595M

vm_info: OpenJDK 64-Bit Server VM (21.0.10+7-LTS) for windows-amd64 JRE (21.0.10+7-LTS), built on 2026-01-20T00:00:00Z by "admin" with MS VC++ 17.12 (VS2022)

END.
