#
# There is insufficient memory for the Java Runtime Environment to continue.
# Native memory allocation (malloc) failed to allocate 1120496 bytes. Error detail: Chunk::new
# Possible reasons:
#   The system is out of physical RAM or swap space
#   This process is running with CompressedOops enabled, and the Java Heap may be blocking the growth of the native heap
# Possible solutions:
#   Reduce memory load on the system
#   Increase physical memory or swap space
#   Check if swap backing store is full
#   Decrease Java heap size (-Xmx/-Xms)
#   Decrease number of Java threads
#   Decrease Java thread stack sizes (-Xss)
#   Set larger code cache with -XX:ReservedCodeCacheSize=
#   JVM is running with Unscaled Compressed Oops mode in which the Java heap is
#     placed in the first 4GB address space. The Java Heap base address is the
#     maximum limit for the native heap growth. Please use -XX:HeapBaseMinAddress
#     to set the Java Heap base and to place the Java Heap above 4GB virtual address.
# This output file may be truncated or incomplete.
#
#  Out of Memory Error (arena.cpp:168), pid=7336, tid=3412
#
# JRE version: OpenJDK Runtime Environment Temurin-21.0.10+7 (21.0.10+7) (build 21.0.10+7-LTS)
# Java VM: OpenJDK 64-Bit Server VM Temurin-21.0.10+7 (21.0.10+7-LTS, mixed mode, sharing, tiered, compressed oops, compressed class ptrs, parallel gc, windows-amd64)
# No core dump will be written. Minidumps are not enabled by default on client versions of Windows
#

---------------  S U M M A R Y ------------

Command Line: --add-modules=ALL-SYSTEM --add-opens=java.base/java.util=ALL-UNNAMED --add-opens=java.base/java.lang=ALL-UNNAMED --add-opens=java.base/sun.nio.fs=ALL-UNNAMED -Declipse.application=org.eclipse.jdt.ls.core.id1 -Dosgi.bundles.defaultStartLevel=4 -Declipse.product=org.eclipse.jdt.ls.core.product -Djava.import.generatesMetadataFilesAtProjectRoot=false -DDetectVMInstallationsJob.disabled=true -Dfile.encoding=utf8 -XX:+UseParallelGC -XX:GCTimeRatio=4 -XX:AdaptiveSizePolicyWeight=90 -Dsun.zip.disableMemoryMapping=true -Xmx2G -Xms100m -Xlog:disable -javaagent:c:\Users\HP\.antigravity\extensions\redhat.java-1.54.0-win32-x64\lombok\lombok-1.18.39-4050.jar c:\Users\HP\.antigravity\extensions\redhat.java-1.54.0-win32-x64\server\plugins\org.eclipse.equinox.launcher_1.7.100.v20251111-0406.jar -configuration c:\Users\HP\AppData\Roaming\Antigravity\User\globalStorage\redhat.java\1.54.0\config_ss_win -data c:\Users\HP\AppData\Roaming\Antigravity\User\workspaceStorage\98eb1284933efba20486acdda2b6755c\redhat.java\ss_ws --pipe=\\.\pipe\lsp-bfc31c5b3766756a28e3172ac76e30af-sock

Host: 13th Gen Intel(R) Core(TM) i5-1335U, 12 cores, 7G,  Windows 11 , 64 bit Build 26100 (10.0.26100.8246)
Time: Sun Apr 26 21:15:56 2026 Greenwich elapsed time: 19.493042 seconds (0d 0h 0m 19s)

---------------  T H R E A D  ---------------

Current thread (0x000001abd9772c30):  JavaThread "C2 CompilerThread1" daemon [_thread_in_native, id=3412, stack(0x000000468d000000,0x000000468d100000) (1024K)]


Current CompileTask:
C2:19493 5440   !   4       lombok.core.AST::buildWithField0 (121 bytes)

Stack: [0x000000468d000000,0x000000468d100000]
Native frames: (J=compiled Java code, j=interpreted, Vv=VM code, C=native code)
V  [jvm.dll+0x6d7a39]
V  [jvm.dll+0x8b4b26]
V  [jvm.dll+0x8b70de]
V  [jvm.dll+0x8b77c3]
V  [jvm.dll+0x284346]
V  [jvm.dll+0xc66ed]
V  [jvm.dll+0xc6c31]
V  [jvm.dll+0x2fb29e]
V  [jvm.dll+0x5fe884]
V  [jvm.dll+0x255b17]
V  [jvm.dll+0x255edd]
V  [jvm.dll+0x24e500]
V  [jvm.dll+0x24ba42]
V  [jvm.dll+0x1cb34e]
V  [jvm.dll+0x25b85d]
V  [jvm.dll+0x259dea]
V  [jvm.dll+0x3f857e]
V  [jvm.dll+0x85f59d]
V  [jvm.dll+0x6d626d]
C  [ucrtbase.dll+0x37b0]
C  [KERNEL32.DLL+0x2e8d7]
C  [ntdll.dll+0x8c3fc]


---------------  P R O C E S S  ---------------

Threads class SMR info:
_java_thread_list=0x000001abd9376570, length=38, elements={
0x000001abfb0b19d0, 0x000001abfb0493e0, 0x000001abfb16dc40, 0x000001abfb04e270,
0x000001abfb050020, 0x000001abfb052e90, 0x000001abfb058350, 0x000001abfb05dc60,
0x000001abd40232b0, 0x000001abd42bf6d0, 0x000001abd42ebda0, 0x000001abd93d0d60,
0x000001abd984ae80, 0x000001abd40b25c0, 0x000001abd93bb730, 0x000001abd9228be0,
0x000001abd9915810, 0x000001abda116c50, 0x000001abd410ebf0, 0x000001abd410e560,
0x000001abd410d840, 0x000001abd410ded0, 0x000001abdb665260, 0x000001abdb661de0,
0x000001abdb6658f0, 0x000001abdb664540, 0x000001abdb664bd0, 0x000001abdb662470,
0x000001abdb665f80, 0x000001abdb663190, 0x000001abdb662b00, 0x000001abdb663eb0,
0x000001abdb666610, 0x000001abdb666ca0, 0x000001abdb663820, 0x000001abdb6679c0,
0x000001abd9772c30, 0x000001abd97740a0
}

Java Threads: ( => current thread )
  0x000001abfb0b19d0 JavaThread "main"                              [_thread_blocked, id=21228, stack(0x000000468b100000,0x000000468b200000) (1024K)]
  0x000001abfb0493e0 JavaThread "Reference Handler"          daemon [_thread_blocked, id=9376, stack(0x000000468b500000,0x000000468b600000) (1024K)]
  0x000001abfb16dc40 JavaThread "Finalizer"                  daemon [_thread_blocked, id=20568, stack(0x000000468b600000,0x000000468b700000) (1024K)]
  0x000001abfb04e270 JavaThread "Signal Dispatcher"          daemon [_thread_blocked, id=5784, stack(0x000000468b700000,0x000000468b800000) (1024K)]
  0x000001abfb050020 JavaThread "Attach Listener"            daemon [_thread_blocked, id=11544, stack(0x000000468b800000,0x000000468b900000) (1024K)]
  0x000001abfb052e90 JavaThread "Service Thread"             daemon [_thread_blocked, id=11540, stack(0x000000468b900000,0x000000468ba00000) (1024K)]
  0x000001abfb058350 JavaThread "Monitor Deflation Thread"   daemon [_thread_blocked, id=1840, stack(0x000000468ba00000,0x000000468bb00000) (1024K)]
  0x000001abfb05dc60 JavaThread "C2 CompilerThread0"         daemon [_thread_in_native, id=1220, stack(0x000000468bb00000,0x000000468bc00000) (1024K)]
  0x000001abd40232b0 JavaThread "C1 CompilerThread0"         daemon [_thread_in_native, id=13496, stack(0x000000468bc00000,0x000000468bd00000) (1024K)]
  0x000001abd42bf6d0 JavaThread "Common-Cleaner"             daemon [_thread_blocked, id=2732, stack(0x000000468be00000,0x000000468bf00000) (1024K)]
  0x000001abd42ebda0 JavaThread "Notification Thread"        daemon [_thread_blocked, id=9164, stack(0x000000468bf00000,0x000000468c000000) (1024K)]
  0x000001abd93d0d60 JavaThread "Active Thread: Equinox Container: 6d35be6b-528b-4b70-8c12-7a3e7ed8adde"        [_thread_blocked, id=11052, stack(0x000000468c700000,0x000000468c800000) (1024K)]
  0x000001abd984ae80 JavaThread "Framework Event Dispatcher: Equinox Container: 6d35be6b-528b-4b70-8c12-7a3e7ed8adde" daemon [_thread_blocked, id=9988, stack(0x000000468c000000,0x000000468c100000) (1024K)]
  0x000001abd40b25c0 JavaThread "Start Level: Equinox Container: 6d35be6b-528b-4b70-8c12-7a3e7ed8adde" daemon [_thread_blocked, id=8028, stack(0x000000468c800000,0x000000468c900000) (1024K)]
  0x000001abd93bb730 JavaThread "SCR Component Actor"        daemon [_thread_blocked, id=10600, stack(0x000000468ca00000,0x000000468cb00000) (1024K)]
  0x000001abd9228be0 JavaThread "Worker-JM"                         [_thread_blocked, id=12404, stack(0x000000468cb00000,0x000000468cc00000) (1024K)]
  0x000001abd9915810 JavaThread "JNA Cleaner"                daemon [_thread_blocked, id=13184, stack(0x000000468bd00000,0x000000468be00000) (1024K)]
  0x000001abda116c50 JavaThread "Worker-0: Publish Diagnostics"        [_thread_in_Java, id=16736, stack(0x000000468ce00000,0x000000468cf00000) (1024K)]
  0x000001abd410ebf0 JavaThread "Worker-1"                          [_thread_blocked, id=3684, stack(0x000000468cf00000,0x000000468d000000) (1024K)]
  0x000001abd410e560 JavaThread "Thread-1"                   daemon [_thread_in_native, id=976, stack(0x000000468d400000,0x000000468d500000) (1024K)]
  0x000001abd410d840 JavaThread "Thread-2"                   daemon [_thread_in_native, id=16476, stack(0x000000468d500000,0x000000468d600000) (1024K)]
  0x000001abd410ded0 JavaThread "Thread-3"                   daemon [_thread_in_native, id=5176, stack(0x000000468d600000,0x000000468d700000) (1024K)]
  0x000001abdb665260 JavaThread "Thread-4"                   daemon [_thread_in_native, id=18056, stack(0x000000468d700000,0x000000468d800000) (1024K)]
  0x000001abdb661de0 JavaThread "Thread-5"                   daemon [_thread_in_native, id=16424, stack(0x000000468d800000,0x000000468d900000) (1024K)]
  0x000001abdb6658f0 JavaThread "Thread-6"                   daemon [_thread_in_native, id=2276, stack(0x000000468d900000,0x000000468da00000) (1024K)]
  0x000001abdb664540 JavaThread "Thread-7"                   daemon [_thread_in_native, id=5628, stack(0x000000468da00000,0x000000468db00000) (1024K)]
  0x000001abdb664bd0 JavaThread "Thread-8"                   daemon [_thread_in_native, id=13888, stack(0x000000468db00000,0x000000468dc00000) (1024K)]
  0x000001abdb662470 JavaThread "Thread-9"                   daemon [_thread_in_native, id=9052, stack(0x000000468dc00000,0x000000468dd00000) (1024K)]
  0x000001abdb665f80 JavaThread "Thread-10"                  daemon [_thread_in_native, id=20652, stack(0x000000468dd00000,0x000000468de00000) (1024K)]
  0x000001abdb663190 JavaThread "Thread-11"                  daemon [_thread_in_native, id=2068, stack(0x000000468de00000,0x000000468df00000) (1024K)]
  0x000001abdb662b00 JavaThread "Thread-12"                  daemon [_thread_in_native, id=15232, stack(0x000000468df00000,0x000000468e000000) (1024K)]
  0x000001abdb663eb0 JavaThread "Thread-13"                  daemon [_thread_in_native, id=16292, stack(0x000000468e000000,0x000000468e100000) (1024K)]
  0x000001abdb666610 JavaThread "pool-2-thread-1"                   [_thread_blocked, id=9992, stack(0x000000468e100000,0x000000468e200000) (1024K)]
  0x000001abdb666ca0 JavaThread "WorkspaceEventsHandler"            [_thread_blocked, id=11268, stack(0x000000468e200000,0x000000468e300000) (1024K)]
  0x000001abdb663820 JavaThread "pool-1-thread-1"                   [_thread_in_Java, id=14756, stack(0x000000468e300000,0x000000468e400000) (1024K)]
  0x000001abdb6679c0 JavaThread "Worker-2"                          [_thread_blocked, id=15172, stack(0x000000468e400000,0x000000468e500000) (1024K)]
=>0x000001abd9772c30 JavaThread "C2 CompilerThread1"         daemon [_thread_in_native, id=3412, stack(0x000000468d000000,0x000000468d100000) (1024K)]
  0x000001abd97740a0 JavaThread "C2 CompilerThread2"         daemon [_thread_in_native, id=14720, stack(0x000000468d100000,0x000000468d200000) (1024K)]
Total: 38

Other Threads:
  0x000001abfb1559b0 VMThread "VM Thread"                           [id=19956, stack(0x000000468b400000,0x000000468b500000) (1024K)]
  0x000001abfaf3ba00 WatcherThread "VM Periodic Task Thread"        [id=3960, stack(0x000000468b300000,0x000000468b400000) (1024K)]
  0x000001abfb0cefa0 WorkerThread "GC Thread#0"                     [id=13128, stack(0x000000468b200000,0x000000468b300000) (1024K)]
  0x000001abd93c6990 WorkerThread "GC Thread#1"                     [id=3188, stack(0x000000468c100000,0x000000468c200000) (1024K)]
  0x000001abd93d65f0 WorkerThread "GC Thread#2"                     [id=8852, stack(0x000000468c200000,0x000000468c300000) (1024K)]
  0x000001abd93d69a0 WorkerThread "GC Thread#3"                     [id=11916, stack(0x000000468c300000,0x000000468c400000) (1024K)]
  0x000001abd969c2a0 WorkerThread "GC Thread#4"                     [id=17404, stack(0x000000468c400000,0x000000468c500000) (1024K)]
  0x000001abd969c650 WorkerThread "GC Thread#5"                     [id=2024, stack(0x000000468c500000,0x000000468c600000) (1024K)]
  0x000001abd977da90 WorkerThread "GC Thread#6"                     [id=16756, stack(0x000000468c600000,0x000000468c700000) (1024K)]
  0x000001abd41b55a0 WorkerThread "GC Thread#7"                     [id=9180, stack(0x000000468c900000,0x000000468ca00000) (1024K)]
  0x000001abd95a6560 WorkerThread "GC Thread#8"                     [id=18928, stack(0x000000468cc00000,0x000000468cd00000) (1024K)]
  0x000001abd9309a50 WorkerThread "GC Thread#9"                     [id=6524, stack(0x000000468cd00000,0x000000468ce00000) (1024K)]
Total: 12

Threads with active compile tasks:
C2 CompilerThread0  19510 5439       4       lombok.core.AST::buildWithField (21 bytes)
C1 CompilerThread0  19510 5593       3       lombok.core.LombokNode::add (42 bytes)
C2 CompilerThread1  19510 5440   !   4       lombok.core.AST::buildWithField0 (121 bytes)
C2 CompilerThread2  19511 5467       4       lombok.eclipse.EclipseAST::buildStatement (57 bytes)
Total: 4

VM state: not at safepoint (normal execution)

VM Mutex/Monitor currently owned by a thread: None

Heap address: 0x0000000080000000, size: 2048 MB, Compressed Oops mode: 32-bit

CDS archive(s) mapped at: [0x000001ab93000000-0x000001ab93ba0000-0x000001ab93ba0000), size 12189696, SharedBaseAddress: 0x000001ab93000000, ArchiveRelocationMode: 1.
Compressed class space mapped at: 0x000001ab94000000-0x000001abd4000000, reserved size: 1073741824
Narrow klass base: 0x000001ab93000000, Narrow klass shift: 0, Narrow klass range: 0x100000000

GC Precious Log:
 CardTable entry size: 512
 CPUs: 12 total, 12 available
 Memory: 7835M
 Large Page Support: Disabled
 NUMA Support: Disabled
 Compressed Oops: Enabled (32-bit)
 Alignments: Space 512K, Generation 512K, Heap 2M
 Heap Min Capacity: 100M
 Heap Initial Capacity: 100M
 Heap Max Capacity: 2G
 Pre-touch: Disabled
 Parallel Workers: 10

Heap:
 PSYoungGen      total 17920K, used 14573K [0x00000000d5580000, 0x00000000d6980000, 0x0000000100000000)
  eden space 17408K, 80% used [0x00000000d5580000,0x00000000d63435a0,0x00000000d6680000)
  from space 512K, 93% used [0x00000000d6780000,0x00000000d67f8000,0x00000000d6800000)
  to   space 1024K, 0% used [0x00000000d6880000,0x00000000d6880000,0x00000000d6980000)
 ParOldGen       total 68608K, used 56477K [0x0000000080000000, 0x0000000084300000, 0x00000000d5580000)
  object space 68608K, 82% used [0x0000000080000000,0x0000000083727480,0x0000000084300000)
 Metaspace       used 39375K, committed 40320K, reserved 1114112K
  class space    used 3963K, committed 4416K, reserved 1048576K

Card table byte_map: [0x000001abfaa50000,0x000001abfae60000] _byte_map_base: 0x000001abfa650000

Marking Bits: (ParMarkBitMap*) 0x00007ffbd6fc3450
 Begin Bits: [0x000001ab8f000000, 0x000001ab91000000)
 End Bits:   [0x000001ab91000000, 0x000001ab93000000)

Polling page: 0x000001abf8e80000

Metaspace:

Usage:
  Non-class:     34.58 MB used.
      Class:      3.87 MB used.
       Both:     38.45 MB used.

Virtual space:
  Non-class space:       64.00 MB reserved,      35.06 MB ( 55%) committed,  1 nodes.
      Class space:        1.00 GB reserved,       4.31 MB ( <1%) committed,  1 nodes.
             Both:        1.06 GB reserved,      39.38 MB (  4%) committed. 

Chunk freelists:
   Non-Class:  12.95 MB
       Class:  11.75 MB
        Both:  24.69 MB

MaxMetaspaceSize: unlimited
CompressedClassSpaceSize: 1.00 GB
Initial GC threshold: 21.00 MB
Current GC threshold: 58.38 MB
CDS: on
 - commit_granule_bytes: 65536.
 - commit_granule_words: 8192.
 - virtual_space_node_default_size: 8388608.
 - enlarge_chunks_in_place: 1.
 - use_allocation_guard: 0.


Internal statistics:

num_allocs_failed_limit: 6.
num_arena_births: 794.
num_arena_deaths: 14.
num_vsnodes_births: 2.
num_vsnodes_deaths: 0.
num_space_committed: 630.
num_space_uncommitted: 0.
num_chunks_returned_to_freelist: 20.
num_chunks_taken_from_freelist: 2423.
num_chunk_merges: 12.
num_chunk_splits: 1563.
num_chunks_enlarged: 982.
num_inconsistent_stats: 0.

CodeHeap 'non-profiled nmethods': size=120000Kb used=3384Kb max_used=3384Kb free=116615Kb
 bounds [0x000001ab87ad0000, 0x000001ab87e20000, 0x000001ab8f000000]
CodeHeap 'profiled nmethods': size=120000Kb used=11016Kb max_used=11016Kb free=108983Kb
 bounds [0x000001ab80000000, 0x000001ab80ad0000, 0x000001ab87530000]
CodeHeap 'non-nmethods': size=5760Kb used=1386Kb max_used=1443Kb free=4374Kb
 bounds [0x000001ab87530000, 0x000001ab877a0000, 0x000001ab87ad0000]
CodeCache: size=245760Kb, used=15786Kb, max_used=15843Kb, free=229972Kb
 total_blobs=5865, nmethods=5175, adapters=596, full_count=0
Compilation: enabled, stopped_count=0, restarted_count=0

Compilation events (20 events):
Event: 16.485 Thread 0x000001abd40232b0 nmethod 5578 0x000001ab80ab9090 code [0x000001ab80ab9220, 0x000001ab80ab9328]
Event: 16.486 Thread 0x000001abd40232b0 5579       3       org.eclipse.osgi.internal.log.EquinoxLogWriter::writeSpace (7 bytes)
Event: 16.486 Thread 0x000001abd40232b0 nmethod 5579 0x000001ab80ab9390 code [0x000001ab80ab9580, 0x000001ab80ab99b8]
Event: 16.486 Thread 0x000001abd40232b0 5580       3       java.util.GregorianCalendar::getWeekNumber (89 bytes)
Event: 16.487 Thread 0x000001abd40232b0 nmethod 5580 0x000001ab80ab9b90 code [0x000001ab80ab9d60, 0x000001ab80aba1c0]
Event: 16.487 Thread 0x000001abd40232b0 5581       3       sun.util.calendar.AbstractCalendar::getDayOfWeekDateOnOrBefore (31 bytes)
Event: 16.487 Thread 0x000001abd40232b0 nmethod 5581 0x000001ab80aba390 code [0x000001ab80aba540, 0x000001ab80aba720]
Event: 16.488 Thread 0x000001abd40232b0 5582       3       java.util.Calendar::setFieldsComputed (118 bytes)
Event: 16.489 Thread 0x000001abd40232b0 nmethod 5582 0x000001ab80aba810 code [0x000001ab80abaa00, 0x000001ab80abae48]
Event: 16.502 Thread 0x000001abd40232b0 5583       3       lombok.eclipse.EclipseAST::buildTypes (53 bytes)
Event: 16.503 Thread 0x000001abd40232b0 nmethod 5583 0x000001ab80abb110 code [0x000001ab80abb340, 0x000001ab80abbba8]
Event: 16.504 Thread 0x000001abd40232b0 5585       3       java.util.Arrays::deepEquals (86 bytes)
Event: 16.504 Thread 0x000001abd40232b0 nmethod 5585 0x000001ab80abbf90 code [0x000001ab80abc180, 0x000001ab80abc5e8]
Event: 16.505 Thread 0x000001abd40232b0 5586       3       java.util.regex.Pattern$BmpCharProperty::<init> (6 bytes)
Event: 16.505 Thread 0x000001abd40232b0 nmethod 5586 0x000001ab80abc790 code [0x000001ab80abc940, 0x000001ab80abcb98]
Event: 16.505 Thread 0x000001abd40232b0 5587       3       java.util.regex.Pattern::compile (10 bytes)
Event: 16.505 Thread 0x000001abd40232b0 nmethod 5587 0x000001ab80abcc90 code [0x000001ab80abce40, 0x000001ab80abcfd8]
Event: 16.505 Thread 0x000001abd40232b0 5588       3       java.lang.AbstractStringBuilder::append (54 bytes)
Event: 16.506 Thread 0x000001abd40232b0 nmethod 5588 0x000001ab80abd090 code [0x000001ab80abd2c0, 0x000001ab80abdc00]
Event: 16.506 Thread 0x000001abd40232b0 5589       3       lombok.eclipse.handlers.EclipseHandlerUtil::addSuppressWarningsAll (116 bytes)

GC Heap History (20 events):
Event: 13.284 GC heap before
{Heap before GC invocations=30 (full 1):
 PSYoungGen      total 18944K, used 18944K [0x00000000d5580000, 0x00000000d6e00000, 0x0000000100000000)
  eden space 17408K, 100% used [0x00000000d5580000,0x00000000d6680000,0x00000000d6680000)
  from space 1536K, 100% used [0x00000000d6a00000,0x00000000d6b80000,0x00000000d6b80000)
  to   space 3584K, 0% used [0x00000000d6680000,0x00000000d6680000,0x00000000d6a00000)
 ParOldGen       total 68608K, used 50629K [0x0000000080000000, 0x0000000084300000, 0x00000000d5580000)
  object space 68608K, 73% used [0x0000000080000000,0x0000000083171710,0x0000000084300000)
 Metaspace       used 32209K, committed 33152K, reserved 1114112K
  class space    used 3252K, committed 3712K, reserved 1048576K
}
Event: 13.287 GC heap after
{Heap after GC invocations=30 (full 1):
 PSYoungGen      total 19456K, used 1792K [0x00000000d5580000, 0x00000000d6b80000, 0x0000000100000000)
  eden space 17408K, 0% used [0x00000000d5580000,0x00000000d5580000,0x00000000d6680000)
  from space 2048K, 87% used [0x00000000d6680000,0x00000000d6840010,0x00000000d6880000)
  to   space 2560K, 0% used [0x00000000d6900000,0x00000000d6900000,0x00000000d6b80000)
 ParOldGen       total 68608K, used 52125K [0x0000000080000000, 0x0000000084300000, 0x00000000d5580000)
  object space 68608K, 75% used [0x0000000080000000,0x00000000832e7710,0x0000000084300000)
 Metaspace       used 32209K, committed 33152K, reserved 1114112K
  class space    used 3252K, committed 3712K, reserved 1048576K
}
Event: 13.344 GC heap before
{Heap before GC invocations=31 (full 1):
 PSYoungGen      total 19456K, used 19200K [0x00000000d5580000, 0x00000000d6b80000, 0x0000000100000000)
  eden space 17408K, 100% used [0x00000000d5580000,0x00000000d6680000,0x00000000d6680000)
  from space 2048K, 87% used [0x00000000d6680000,0x00000000d6840010,0x00000000d6880000)
  to   space 2560K, 0% used [0x00000000d6900000,0x00000000d6900000,0x00000000d6b80000)
 ParOldGen       total 68608K, used 52125K [0x0000000080000000, 0x0000000084300000, 0x00000000d5580000)
  object space 68608K, 75% used [0x0000000080000000,0x00000000832e7710,0x0000000084300000)
 Metaspace       used 32280K, committed 33216K, reserved 1114112K
  class space    used 3253K, committed 3712K, reserved 1048576K
}
Event: 13.348 GC heap after
{Heap after GC invocations=31 (full 1):
 PSYoungGen      total 19456K, used 1624K [0x00000000d5580000, 0x00000000d6b00000, 0x0000000100000000)
  eden space 17408K, 0% used [0x00000000d5580000,0x00000000d5580000,0x00000000d6680000)
  from space 2048K, 79% used [0x00000000d6900000,0x00000000d6a96200,0x00000000d6b00000)
  to   space 2048K, 0% used [0x00000000d6680000,0x00000000d6680000,0x00000000d6880000)
 ParOldGen       total 68608K, used 53773K [0x0000000080000000, 0x0000000084300000, 0x00000000d5580000)
  object space 68608K, 78% used [0x0000000080000000,0x0000000083483720,0x0000000084300000)
 Metaspace       used 32280K, committed 33216K, reserved 1114112K
  class space    used 3253K, committed 3712K, reserved 1048576K
}
Event: 13.926 GC heap before
{Heap before GC invocations=32 (full 1):
 PSYoungGen      total 19456K, used 19032K [0x00000000d5580000, 0x00000000d6b00000, 0x0000000100000000)
  eden space 17408K, 100% used [0x00000000d5580000,0x00000000d6680000,0x00000000d6680000)
  from space 2048K, 79% used [0x00000000d6900000,0x00000000d6a96200,0x00000000d6b00000)
  to   space 2048K, 0% used [0x00000000d6680000,0x00000000d6680000,0x00000000d6880000)
 ParOldGen       total 68608K, used 53773K [0x0000000080000000, 0x0000000084300000, 0x00000000d5580000)
  object space 68608K, 78% used [0x0000000080000000,0x0000000083483720,0x0000000084300000)
 Metaspace       used 34189K, committed 35072K, reserved 1114112K
  class space    used 3503K, committed 3904K, reserved 1048576K
}
Event: 13.929 GC heap after
{Heap after GC invocations=32 (full 1):
 PSYoungGen      total 18432K, used 824K [0x00000000d5580000, 0x00000000d6980000, 0x0000000100000000)
  eden space 17408K, 0% used [0x00000000d5580000,0x00000000d5580000,0x00000000d6680000)
  from space 1024K, 80% used [0x00000000d6680000,0x00000000d674e2e8,0x00000000d6780000)
  to   space 1536K, 0% used [0x00000000d6800000,0x00000000d6800000,0x00000000d6980000)
 ParOldGen       total 68608K, used 55246K [0x0000000080000000, 0x0000000084300000, 0x00000000d5580000)
  object space 68608K, 80% used [0x0000000080000000,0x00000000835f3920,0x0000000084300000)
 Metaspace       used 34189K, committed 35072K, reserved 1114112K
  class space    used 3503K, committed 3904K, reserved 1048576K
}
Event: 14.280 GC heap before
{Heap before GC invocations=33 (full 1):
 PSYoungGen      total 18432K, used 16905K [0x00000000d5580000, 0x00000000d6980000, 0x0000000100000000)
  eden space 17408K, 92% used [0x00000000d5580000,0x00000000d65341d8,0x00000000d6680000)
  from space 1024K, 80% used [0x00000000d6680000,0x00000000d674e2e8,0x00000000d6780000)
  to   space 1536K, 0% used [0x00000000d6800000,0x00000000d6800000,0x00000000d6980000)
 ParOldGen       total 68608K, used 55246K [0x0000000080000000, 0x0000000084300000, 0x00000000d5580000)
  object space 68608K, 80% used [0x0000000080000000,0x00000000835f3920,0x0000000084300000)
 Metaspace       used 34914K, committed 35840K, reserved 1114112K
  class space    used 3593K, committed 4032K, reserved 1048576K
}
Event: 14.281 GC heap after
{Heap after GC invocations=33 (full 1):
 PSYoungGen      total 17920K, used 480K [0x00000000d5580000, 0x00000000d6880000, 0x0000000100000000)
  eden space 17408K, 0% used [0x00000000d5580000,0x00000000d5580000,0x00000000d6680000)
  from space 512K, 93% used [0x00000000d6800000,0x00000000d6878010,0x00000000d6880000)
  to   space 1024K, 0% used [0x00000000d6680000,0x00000000d6680000,0x00000000d6780000)
 ParOldGen       total 68608K, used 55976K [0x0000000080000000, 0x0000000084300000, 0x00000000d5580000)
  object space 68608K, 81% used [0x0000000080000000,0x00000000836aa148,0x0000000084300000)
 Metaspace       used 34914K, committed 35840K, reserved 1114112K
  class space    used 3593K, committed 4032K, reserved 1048576K
}
Event: 14.281 GC heap before
{Heap before GC invocations=34 (full 2):
 PSYoungGen      total 17920K, used 480K [0x00000000d5580000, 0x00000000d6880000, 0x0000000100000000)
  eden space 17408K, 0% used [0x00000000d5580000,0x00000000d5580000,0x00000000d6680000)
  from space 512K, 93% used [0x00000000d6800000,0x00000000d6878010,0x00000000d6880000)
  to   space 1024K, 0% used [0x00000000d6680000,0x00000000d6680000,0x00000000d6780000)
 ParOldGen       total 68608K, used 55976K [0x0000000080000000, 0x0000000084300000, 0x00000000d5580000)
  object space 68608K, 81% used [0x0000000080000000,0x00000000836aa148,0x0000000084300000)
 Metaspace       used 34914K, committed 35840K, reserved 1114112K
  class space    used 3593K, committed 4032K, reserved 1048576K
}
Event: 14.347 GC heap after
{Heap after GC invocations=34 (full 2):
 PSYoungGen      total 17920K, used 0K [0x00000000d5580000, 0x00000000d6880000, 0x0000000100000000)
  eden space 17408K, 0% used [0x00000000d5580000,0x00000000d5580000,0x00000000d6680000)
  from space 512K, 0% used [0x00000000d6800000,0x00000000d6800000,0x00000000d6880000)
  to   space 1024K, 0% used [0x00000000d6680000,0x00000000d6680000,0x00000000d6780000)
 ParOldGen       total 68608K, used 54221K [0x0000000080000000, 0x0000000084300000, 0x00000000d5580000)
  object space 68608K, 79% used [0x0000000080000000,0x00000000834f3480,0x0000000084300000)
 Metaspace       used 34914K, committed 35840K, reserved 1114112K
  class space    used 3593K, committed 4032K, reserved 1048576K
}
Event: 14.746 GC heap before
{Heap before GC invocations=35 (full 2):
 PSYoungGen      total 17920K, used 17408K [0x00000000d5580000, 0x00000000d6880000, 0x0000000100000000)
  eden space 17408K, 100% used [0x00000000d5580000,0x00000000d6680000,0x00000000d6680000)
  from space 512K, 0% used [0x00000000d6800000,0x00000000d6800000,0x00000000d6880000)
  to   space 1024K, 0% used [0x00000000d6680000,0x00000000d6680000,0x00000000d6780000)
 ParOldGen       total 68608K, used 54221K [0x0000000080000000, 0x0000000084300000, 0x00000000d5580000)
  object space 68608K, 79% used [0x0000000080000000,0x00000000834f3480,0x0000000084300000)
 Metaspace       used 36246K, committed 37184K, reserved 1114112K
  class space    used 3729K, committed 4160K, reserved 1048576K
}
Event: 14.748 GC heap after
{Heap after GC invocations=35 (full 2):
 PSYoungGen      total 18432K, used 576K [0x00000000d5580000, 0x00000000d6880000, 0x0000000100000000)
  eden space 17408K, 0% used [0x00000000d5580000,0x00000000d5580000,0x00000000d6680000)
  from space 1024K, 56% used [0x00000000d6680000,0x00000000d6710000,0x00000000d6780000)
  to   space 1024K, 0% used [0x00000000d6780000,0x00000000d6780000,0x00000000d6880000)
 ParOldGen       total 68608K, used 54229K [0x0000000080000000, 0x0000000084300000, 0x00000000d5580000)
  object space 68608K, 79% used [0x0000000080000000,0x00000000834f5480,0x0000000084300000)
 Metaspace       used 36246K, committed 37184K, reserved 1114112K
  class space    used 3729K, committed 4160K, reserved 1048576K
}
Event: 15.111 GC heap before
{Heap before GC invocations=36 (full 2):
 PSYoungGen      total 18432K, used 17984K [0x00000000d5580000, 0x00000000d6880000, 0x0000000100000000)
  eden space 17408K, 100% used [0x00000000d5580000,0x00000000d6680000,0x00000000d6680000)
  from space 1024K, 56% used [0x00000000d6680000,0x00000000d6710000,0x00000000d6780000)
  to   space 1024K, 0% used [0x00000000d6780000,0x00000000d6780000,0x00000000d6880000)
 ParOldGen       total 68608K, used 54229K [0x0000000080000000, 0x0000000084300000, 0x00000000d5580000)
  object space 68608K, 79% used [0x0000000080000000,0x00000000834f5480,0x0000000084300000)
 Metaspace       used 37291K, committed 38272K, reserved 1114112K
  class space    used 3805K, committed 4224K, reserved 1048576K
}
Event: 15.113 GC heap after
{Heap after GC invocations=36 (full 2):
 PSYoungGen      total 18432K, used 544K [0x00000000d5580000, 0x00000000d6880000, 0x0000000100000000)
  eden space 17408K, 0% used [0x00000000d5580000,0x00000000d5580000,0x00000000d6680000)
  from space 1024K, 53% used [0x00000000d6780000,0x00000000d6808000,0x00000000d6880000)
  to   space 1024K, 0% used [0x00000000d6680000,0x00000000d6680000,0x00000000d6780000)
 ParOldGen       total 68608K, used 54661K [0x0000000080000000, 0x0000000084300000, 0x00000000d5580000)
  object space 68608K, 79% used [0x0000000080000000,0x00000000835614a0,0x0000000084300000)
 Metaspace       used 37291K, committed 38272K, reserved 1114112K
  class space    used 3805K, committed 4224K, reserved 1048576K
}
Event: 15.427 GC heap before
{Heap before GC invocations=37 (full 2):
 PSYoungGen      total 18432K, used 17878K [0x00000000d5580000, 0x00000000d6880000, 0x0000000100000000)
  eden space 17408K, 99% used [0x00000000d5580000,0x00000000d666db78,0x00000000d6680000)
  from space 1024K, 53% used [0x00000000d6780000,0x00000000d6808000,0x00000000d6880000)
  to   space 1024K, 0% used [0x00000000d6680000,0x00000000d6680000,0x00000000d6780000)
 ParOldGen       total 68608K, used 54661K [0x0000000080000000, 0x0000000084300000, 0x00000000d5580000)
  object space 68608K, 79% used [0x0000000080000000,0x00000000835614a0,0x0000000084300000)
 Metaspace       used 37818K, committed 38784K, reserved 1114112K
  class space    used 3838K, committed 4224K, reserved 1048576K
}
Event: 15.429 GC heap after
{Heap after GC invocations=37 (full 2):
 PSYoungGen      total 18432K, used 1013K [0x00000000d5580000, 0x00000000d6b80000, 0x0000000100000000)
  eden space 17408K, 0% used [0x00000000d5580000,0x00000000d5580000,0x00000000d6680000)
  from space 1024K, 98% used [0x00000000d6680000,0x00000000d677d638,0x00000000d6780000)
  to   space 2560K, 0% used [0x00000000d6900000,0x00000000d6900000,0x00000000d6b80000)
 ParOldGen       total 68608K, used 55604K [0x0000000080000000, 0x0000000084300000, 0x00000000d5580000)
  object space 68608K, 81% used [0x0000000080000000,0x000000008364d268,0x0000000084300000)
 Metaspace       used 37818K, committed 38784K, reserved 1114112K
  class space    used 3838K, committed 4224K, reserved 1048576K
}
Event: 15.509 GC heap before
{Heap before GC invocations=38 (full 2):
 PSYoungGen      total 18432K, used 18261K [0x00000000d5580000, 0x00000000d6b80000, 0x0000000100000000)
  eden space 17408K, 99% used [0x00000000d5580000,0x00000000d6657f60,0x00000000d6680000)
  from space 1024K, 98% used [0x00000000d6680000,0x00000000d677d638,0x00000000d6780000)
  to   space 2560K, 0% used [0x00000000d6900000,0x00000000d6900000,0x00000000d6b80000)
 ParOldGen       total 68608K, used 55604K [0x0000000080000000, 0x0000000084300000, 0x00000000d5580000)
  object space 68608K, 81% used [0x0000000080000000,0x000000008364d268,0x0000000084300000)
 Metaspace       used 37830K, committed 38784K, reserved 1114112K
  class space    used 3838K, committed 4224K, reserved 1048576K
}
Event: 15.511 GC heap after
{Heap after GC invocations=38 (full 2):
 PSYoungGen      total 18944K, used 1168K [0x00000000d5580000, 0x00000000d6a80000, 0x0000000100000000)
  eden space 17408K, 0% used [0x00000000d5580000,0x00000000d5580000,0x00000000d6680000)
  from space 1536K, 76% used [0x00000000d6900000,0x00000000d6a24370,0x00000000d6a80000)
  to   space 1536K, 0% used [0x00000000d6780000,0x00000000d6780000,0x00000000d6900000)
 ParOldGen       total 68608K, used 56469K [0x0000000080000000, 0x0000000084300000, 0x00000000d5580000)
  object space 68608K, 82% used [0x0000000080000000,0x0000000083725480,0x0000000084300000)
 Metaspace       used 37830K, committed 38784K, reserved 1114112K
  class space    used 3838K, committed 4224K, reserved 1048576K
}
Event: 15.946 GC heap before
{Heap before GC invocations=39 (full 2):
 PSYoungGen      total 18944K, used 18576K [0x00000000d5580000, 0x00000000d6a80000, 0x0000000100000000)
  eden space 17408K, 100% used [0x00000000d5580000,0x00000000d6680000,0x00000000d6680000)
  from space 1536K, 76% used [0x00000000d6900000,0x00000000d6a24370,0x00000000d6a80000)
  to   space 1536K, 0% used [0x00000000d6780000,0x00000000d6780000,0x00000000d6900000)
 ParOldGen       total 68608K, used 56469K [0x0000000080000000, 0x0000000084300000, 0x00000000d5580000)
  object space 68608K, 82% used [0x0000000080000000,0x0000000083725480,0x0000000084300000)
 Metaspace       used 39059K, committed 40064K, reserved 1114112K
  class space    used 3939K, committed 4352K, reserved 1048576K
}
Event: 15.947 GC heap after
{Heap after GC invocations=39 (full 2):
 PSYoungGen      total 17920K, used 480K [0x00000000d5580000, 0x00000000d6980000, 0x0000000100000000)
  eden space 17408K, 0% used [0x00000000d5580000,0x00000000d5580000,0x00000000d6680000)
  from space 512K, 93% used [0x00000000d6780000,0x00000000d67f8000,0x00000000d6800000)
  to   space 1024K, 0% used [0x00000000d6880000,0x00000000d6880000,0x00000000d6980000)
 ParOldGen       total 68608K, used 56477K [0x0000000080000000, 0x0000000084300000, 0x00000000d5580000)
  object space 68608K, 82% used [0x0000000080000000,0x0000000083727480,0x0000000084300000)
 Metaspace       used 39059K, committed 40064K, reserved 1114112K
  class space    used 3939K, committed 4352K, reserved 1048576K
}

Dll operation events (10 events):
Event: 0.037 Loaded shared library c:\Users\HP\.antigravity\extensions\redhat.java-1.54.0-win32-x64\jre\21.0.10-win32-x86_64\bin\java.dll
Event: 0.167 Loaded shared library c:\Users\HP\.antigravity\extensions\redhat.java-1.54.0-win32-x64\jre\21.0.10-win32-x86_64\bin\zip.dll
Event: 0.207 Loaded shared library C:\Users\HP\.antigravity\extensions\redhat.java-1.54.0-win32-x64\jre\21.0.10-win32-x86_64\bin\instrument.dll
Event: 0.220 Loaded shared library C:\Users\HP\.antigravity\extensions\redhat.java-1.54.0-win32-x64\jre\21.0.10-win32-x86_64\bin\net.dll
Event: 0.226 Loaded shared library C:\Users\HP\.antigravity\extensions\redhat.java-1.54.0-win32-x64\jre\21.0.10-win32-x86_64\bin\nio.dll
Event: 0.231 Loaded shared library C:\Users\HP\.antigravity\extensions\redhat.java-1.54.0-win32-x64\jre\21.0.10-win32-x86_64\bin\zip.dll
Event: 0.267 Loaded shared library C:\Users\HP\.antigravity\extensions\redhat.java-1.54.0-win32-x64\jre\21.0.10-win32-x86_64\bin\jimage.dll
Event: 0.480 Loaded shared library c:\Users\HP\.antigravity\extensions\redhat.java-1.54.0-win32-x64\jre\21.0.10-win32-x86_64\bin\verify.dll
Event: 6.388 Loaded shared library C:\Users\HP\AppData\Roaming\Antigravity\User\globalStorage\redhat.java\1.54.0\config_ss_win\org.eclipse.equinox.launcher\org.eclipse.equinox.launcher.win32.win32.x86_64_1.3.0.v20260203-2149\eclipse_11919.dll
Event: 11.239 Loaded shared library C:\Users\HP\AppData\Local\Temp\jna-2312\jna10170131559500226091.dll

Deoptimization events (20 events):
Event: 15.954 Thread 0x000001abdb663820 Uncommon trap: trap_request=0xffffff45 fr.pc=0x000001ab87d0c938 relative=0x0000000000000718
Event: 15.954 Thread 0x000001abdb663820 Uncommon trap: reason=unstable_if action=reinterpret pc=0x000001ab87d0c938 method=org.eclipse.jdt.internal.core.util.WeakHashSet.cleanupGarbageCollectedValues()V @ 140 c2
Event: 15.955 Thread 0x000001abdb663820 DEOPT PACKING pc=0x000001ab87d0c938 sp=0x000000468e3fdd00
Event: 15.955 Thread 0x000001abdb663820 DEOPT UNPACKING pc=0x000001ab87583aa2 sp=0x000000468e3fdc08 mode 2
Event: 16.105 Thread 0x000001abdb663820 Uncommon trap: trap_request=0xffffffcc fr.pc=0x000001ab87ddcc1c relative=0x00000000000016bc
Event: 16.105 Thread 0x000001abdb663820 Uncommon trap: reason=intrinsic_or_type_checked_inlining action=make_not_entrant pc=0x000001ab87ddcc1c method=java.util.ArrayList$SubList.toArray([Ljava/lang/Object;)[Ljava/lang/Object; @ 58 c2
Event: 16.105 Thread 0x000001abdb663820 DEOPT PACKING pc=0x000001ab87ddcc1c sp=0x000000468e3fd0a0
Event: 16.105 Thread 0x000001abdb663820 DEOPT UNPACKING pc=0x000001ab87583aa2 sp=0x000000468e3fcfc8 mode 2
Event: 16.107 Thread 0x000001abdb663820 Uncommon trap: trap_request=0xffffff45 fr.pc=0x000001ab87b6f91c relative=0x00000000000003bc
Event: 16.107 Thread 0x000001abdb663820 Uncommon trap: reason=unstable_if action=reinterpret pc=0x000001ab87b6f91c method=java.util.IdentityHashMap.maskNull(Ljava/lang/Object;)Ljava/lang/Object; @ 1 c2
Event: 16.107 Thread 0x000001abdb663820 DEOPT PACKING pc=0x000001ab87b6f91c sp=0x000000468e3fc1b0
Event: 16.108 Thread 0x000001abdb663820 DEOPT UNPACKING pc=0x000001ab87583aa2 sp=0x000000468e3fc0c8 mode 2
Event: 16.156 Thread 0x000001abdb663820 Uncommon trap: trap_request=0xffffff45 fr.pc=0x000001ab87df7ab8 relative=0x0000000000002598
Event: 16.156 Thread 0x000001abdb663820 Uncommon trap: reason=unstable_if action=reinterpret pc=0x000001ab87df7ab8 method=org.eclipse.jdt.internal.compiler.parser.Scanner.getNextToken0()Lorg/eclipse/jdt/internal/compiler/parser/TerminalToken; @ 493 c2
Event: 16.157 Thread 0x000001abdb663820 DEOPT PACKING pc=0x000001ab87df7ab8 sp=0x000000468e3fd9b0
Event: 16.157 Thread 0x000001abdb663820 DEOPT UNPACKING pc=0x000001ab87583aa2 sp=0x000000468e3fd8f0 mode 2
Event: 16.221 Thread 0x000001abdb663820 Uncommon trap: trap_request=0xffffff45 fr.pc=0x000001ab87e08740 relative=0x0000000000004fc0
Event: 16.221 Thread 0x000001abdb663820 Uncommon trap: reason=unstable_if action=reinterpret pc=0x000001ab87e08740 method=org.eclipse.jdt.internal.compiler.parser.Parser.consumeRule(I)V @ 1 c2
Event: 16.222 Thread 0x000001abdb663820 DEOPT PACKING pc=0x000001ab87e08740 sp=0x000000468e3fddd0
Event: 16.222 Thread 0x000001abdb663820 DEOPT UNPACKING pc=0x000001ab87583aa2 sp=0x000000468e3fdd60 mode 2

Classes loaded (20 events):
Event: 14.047 Loading class java/util/Vector$1
Event: 14.047 Loading class java/util/Vector$1 done
Event: 14.483 Loading class java/util/regex/Pattern$Caret
Event: 14.483 Loading class java/util/regex/Pattern$Caret done
Event: 14.682 Loading class java/util/regex/Pattern$Pos
Event: 14.683 Loading class java/util/regex/Pattern$Pos done
Event: 14.800 Loading class java/util/Hashtable$ValueCollection
Event: 14.800 Loading class java/util/Hashtable$ValueCollection done
Event: 14.950 Loading class java/util/WeakHashMap$KeyIterator
Event: 14.951 Loading class java/util/WeakHashMap$KeyIterator done
Event: 15.284 Loading class java/util/stream/ReferencePipeline$4
Event: 15.284 Loading class java/util/stream/ReferencePipeline$4 done
Event: 15.285 Loading class java/util/stream/Nodes$IntFixedNodeBuilder
Event: 15.286 Loading class java/util/stream/Node$Builder$OfInt
Event: 15.286 Loading class java/util/stream/Node$Builder$OfInt done
Event: 15.286 Loading class java/util/stream/Nodes$IntArrayNode
Event: 15.286 Loading class java/util/stream/Nodes$IntArrayNode done
Event: 15.286 Loading class java/util/stream/Nodes$IntFixedNodeBuilder done
Event: 15.287 Loading class java/util/stream/ReferencePipeline$4$1
Event: 15.287 Loading class java/util/stream/ReferencePipeline$4$1 done

Classes unloaded (7 events):
Event: 11.559 Thread 0x000001abfb1559b0 Unloading class 0x000001ab94190c00 'java/lang/invoke/LambdaForm$MH+0x000001ab94190c00'
Event: 11.559 Thread 0x000001abfb1559b0 Unloading class 0x000001ab94190800 'java/lang/invoke/LambdaForm$MH+0x000001ab94190800'
Event: 11.559 Thread 0x000001abfb1559b0 Unloading class 0x000001ab94190400 'java/lang/invoke/LambdaForm$MH+0x000001ab94190400'
Event: 11.559 Thread 0x000001abfb1559b0 Unloading class 0x000001ab94190000 'java/lang/invoke/LambdaForm$MH+0x000001ab94190000'
Event: 11.559 Thread 0x000001abfb1559b0 Unloading class 0x000001ab9418fc00 'java/lang/invoke/LambdaForm$BMH+0x000001ab9418fc00'
Event: 11.559 Thread 0x000001abfb1559b0 Unloading class 0x000001ab9418f800 'java/lang/invoke/LambdaForm$DMH+0x000001ab9418f800'
Event: 11.559 Thread 0x000001abfb1559b0 Unloading class 0x000001ab9418e400 'java/lang/invoke/LambdaForm$DMH+0x000001ab9418e400'

Classes redefined (0 events):
No events

Internal exceptions (20 events):
Event: 12.510 Thread 0x000001abdb663820 Exception <a 'sun/nio/fs/WindowsException'{0x00000000d5ea9478}> (0x00000000d5ea9478) 
thrown [s\src\hotspot\share\prims\jni.cpp, line 520]
Event: 12.574 Thread 0x000001abdb663820 Exception <a 'java/lang/IncompatibleClassChangeError'{0x00000000d6180330}: Found class java.lang.Object, but interface was expected> (0x00000000d6180330) 
thrown [s\src\hotspot\share\interpreter\linkResolver.cpp, line 840]
Event: 12.693 Thread 0x000001abdb663820 Implicit null exception at 0x000001ab87ca5ea6 to 0x000001ab87ca6174
Event: 12.693 Thread 0x000001abdb663820 Exception <a 'java/lang/NoSuchMethodError'{0x00000000d65f8578}: 'long java.lang.invoke.DirectMethodHandle$Holder.invokeStatic(java.lang.Object, java.lang.Object, int)'> (0x00000000d65f8578) 
thrown [s\src\hotspot\share\interpreter\linkResolver.cpp, line 773]
Event: 12.695 Thread 0x000001abdb663820 Exception <a 'java/lang/NoSuchMethodError'{0x00000000d6602b78}: 'java.lang.Object java.lang.invoke.DelegatingMethodHandle$Holder.reinvoke_L(java.lang.Object, int, long, java.lang.Object, java.lang.Object, int, java.lang.Object)'> (0x00000000d6602b78) 
thrown [s\src\hotspot\share\interpreter\linkResolver.cpp, line 773]
Event: 12.814 Thread 0x000001abdb663820 Exception <a 'java/lang/NoSuchMethodError'{0x00000000d5a4dfa8}: 'java.lang.Object java.lang.invoke.DirectMethodHandle$Holder.invokeStaticInit(java.lang.Object, java.lang.Object, java.lang.Object, java.lang.Object, java.lang.Object, java.lang.Object, java.lang.Object)'> (0x00000000d5a4dfa8) 
thrown [s\src\hotspot\share\interpreter\linkResolver.cpp, line 773]
Event: 12.816 Thread 0x000001abdb663820 Exception <a 'java/lang/NoSuchMethodError'{0x00000000d5a52f50}: 'java.lang.Object java.lang.invoke.Invokers$Holder.invoke_MT(java.lang.Object, java.lang.Object, java.lang.Object, java.lang.Object, java.lang.Object, java.lang.Object, java.lang.Object, java.lang.Object, java.lang.Object, java.lang.Object)'> (0x00000000d5a52f50) 
thrown [s\src\hotspot\share\interpreter\linkResolver.cpp, line 773]
Event: 12.826 Thread 0x000001abdb663820 Exception <a 'java/lang/NoSuchMethodError'{0x00000000d5a92c00}: 'int java.lang.invoke.DirectMethodHandle$Holder.invokeVirtual(java.lang.Object, java.lang.Object, java.lang.Object)'> (0x00000000d5a92c00) 
thrown [s\src\hotspot\share\interpreter\linkResolver.cpp, line 773]
Event: 12.826 Thread 0x000001abdb663820 Exception <a 'java/lang/NoSuchMethodError'{0x00000000d5a96fa8}: 'int java.lang.invoke.DirectMethodHandle$Holder.invokeStaticInit(java.lang.Object, int, int)'> (0x00000000d5a96fa8) 
thrown [s\src\hotspot\share\interpreter\linkResolver.cpp, line 773]
Event: 12.828 Thread 0x000001abdb663820 Exception <a 'java/lang/NoSuchMethodError'{0x00000000d5a9e9d0}: 'int java.lang.invoke.DirectMethodHandle$Holder.invokeStaticInit(java.lang.Object, long, long)'> (0x00000000d5a9e9d0) 
thrown [s\src\hotspot\share\interpreter\linkResolver.cpp, line 773]
Event: 12.829 Thread 0x000001abdb663820 Exception <a 'java/lang/NoSuchMethodError'{0x00000000d5aa5718}: 'int java.lang.invoke.DirectMethodHandle$Holder.invokeStaticInit(java.lang.Object, float, float)'> (0x00000000d5aa5718) 
thrown [s\src\hotspot\share\interpreter\linkResolver.cpp, line 773]
Event: 12.830 Thread 0x000001abdb663820 Exception <a 'java/lang/NoSuchMethodError'{0x00000000d5aac458}: 'int java.lang.invoke.DirectMethodHandle$Holder.invokeStaticInit(java.lang.Object, double, double)'> (0x00000000d5aac458) 
thrown [s\src\hotspot\share\interpreter\linkResolver.cpp, line 773]
Event: 12.831 Thread 0x000001abdb663820 Exception <a 'java/lang/NoSuchMethodError'{0x00000000d5ab0c70}: 'int java.lang.invoke.DirectMethodHandle$Holder.invokeStatic(java.lang.Object, long)'> (0x00000000d5ab0c70) 
thrown [s\src\hotspot\share\interpreter\linkResolver.cpp, line 773]
Event: 12.837 Thread 0x000001abdb663820 Exception <a 'java/lang/NoSuchMethodError'{0x00000000d5acfb98}: 'int java.lang.invoke.Invokers$Holder.linkToTargetMethod(java.lang.Object, java.lang.Object)'> (0x00000000d5acfb98) 
thrown [s\src\hotspot\share\interpreter\linkResolver.cpp, line 773]
Event: 13.362 Thread 0x000001abdb663820 Implicit null exception at 0x000001ab87cbc95a to 0x000001ab87cbc971
Event: 13.693 Thread 0x000001abdb663820 Exception <a 'java/lang/NoSuchMethodError'{0x00000000d6007838}: 'java.lang.Object java.lang.invoke.DirectMethodHandle$Holder.invokeVirtual(java.lang.Object, java.lang.Object, int)'> (0x00000000d6007838) 
thrown [s\src\hotspot\share\interpreter\linkResolver.cpp, line 773]
Event: 14.738 Thread 0x000001abdb663820 Exception <a 'java/lang/NoSuchMethodError'{0x00000000d65dc8d8}: 'java.lang.Object java.lang.invoke.DirectMethodHandle$Holder.invokeStatic(java.lang.Object, java.lang.Object, int, int)'> (0x00000000d65dc8d8) 
thrown [s\src\hotspot\share\interpreter\linkResolver.cpp, line 773]
Event: 14.739 Thread 0x000001abdb663820 Exception <a 'java/lang/NoSuchMethodError'{0x00000000d65e0cd8}: 'java.lang.Object java.lang.invoke.DirectMethodHandle$Holder.invokeSpecial(java.lang.Object, java.lang.Object, java.lang.Object, int, int)'> (0x00000000d65e0cd8) 
thrown [s\src\hotspot\share\interpreter\linkResolver.cpp, line 773]
Event: 15.675 Thread 0x000001abdb6679c0 Exception <a 'java/lang/NoSuchMethodError'{0x00000000d6278348}: 'java.lang.Object java.lang.invoke.DirectMethodHandle$Holder.invokeSpecial(java.lang.Object, java.lang.Object, int, long)'> (0x00000000d6278348) 
thrown [s\src\hotspot\share\interpreter\linkResolver.cpp, line 773]
Event: 16.107 Thread 0x000001abdb663820 Implicit null exception at 0x000001ab87b6f5a3 to 0x000001ab87b6f908

ZGC Phase Switch (0 events):
No events

VM Operations (20 events):
Event: 13.706 Executing non-safepoint VM operation: HandshakeAllThreads (Deoptimize) done
Event: 13.926 Executing safepoint VM operation: ParallelGCFailedAllocation (Allocation Failure)
Event: 13.929 Executing safepoint VM operation: ParallelGCFailedAllocation (Allocation Failure) done
Event: 14.279 Executing safepoint VM operation: CollectForMetadataAllocation (Metadata GC Threshold)
Event: 14.347 Executing safepoint VM operation: CollectForMetadataAllocation (Metadata GC Threshold) done
Event: 14.746 Executing safepoint VM operation: ParallelGCFailedAllocation (Allocation Failure)
Event: 14.748 Executing safepoint VM operation: ParallelGCFailedAllocation (Allocation Failure) done
Event: 15.111 Executing safepoint VM operation: ParallelGCFailedAllocation (Allocation Failure)
Event: 15.113 Executing safepoint VM operation: ParallelGCFailedAllocation (Allocation Failure) done
Event: 15.427 Executing safepoint VM operation: ParallelGCFailedAllocation (Allocation Failure)
Event: 15.429 Executing safepoint VM operation: ParallelGCFailedAllocation (Allocation Failure) done
Event: 15.509 Executing safepoint VM operation: ParallelGCFailedAllocation (Allocation Failure)
Event: 15.511 Executing safepoint VM operation: ParallelGCFailedAllocation (Allocation Failure) done
Event: 15.673 Executing non-safepoint VM operation: HandshakeAllThreads (Deoptimize)
Event: 15.673 Executing non-safepoint VM operation: HandshakeAllThreads (Deoptimize) done
Event: 15.945 Executing safepoint VM operation: ParallelGCFailedAllocation (Allocation Failure)
Event: 15.947 Executing safepoint VM operation: ParallelGCFailedAllocation (Allocation Failure) done
Event: 16.467 Executing safepoint VM operation: ICBufferFull
Event: 16.467 Executing safepoint VM operation: ICBufferFull done
Event: 17.467 Executing safepoint VM operation: Cleanup

Memory protections (0 events):
No events

Nmethod flushes (20 events):
Event: 14.314 Thread 0x000001abfb1559b0 flushing  nmethod 0x000001ab80451c10
Event: 14.314 Thread 0x000001abfb1559b0 flushing  nmethod 0x000001ab80452590
Event: 14.314 Thread 0x000001abfb1559b0 flushing  nmethod 0x000001ab80454610
Event: 14.314 Thread 0x000001abfb1559b0 flushing  nmethod 0x000001ab80454d10
Event: 14.314 Thread 0x000001abfb1559b0 flushing  nmethod 0x000001ab80455090
Event: 14.314 Thread 0x000001abfb1559b0 flushing  nmethod 0x000001ab80455a10
Event: 14.314 Thread 0x000001abfb1559b0 flushing  nmethod 0x000001ab80455f10
Event: 14.314 Thread 0x000001abfb1559b0 flushing  nmethod 0x000001ab80456990
Event: 14.314 Thread 0x000001abfb1559b0 flushing  nmethod 0x000001ab80487790
Event: 14.314 Thread 0x000001abfb1559b0 flushing  nmethod 0x000001ab8048b990
Event: 14.314 Thread 0x000001abfb1559b0 flushing  nmethod 0x000001ab804c6090
Event: 14.314 Thread 0x000001abfb1559b0 flushing  nmethod 0x000001ab804c6590
Event: 14.314 Thread 0x000001abfb1559b0 flushing  nmethod 0x000001ab804c6a90
Event: 14.314 Thread 0x000001abfb1559b0 flushing  nmethod 0x000001ab804c7c90
Event: 14.314 Thread 0x000001abfb1559b0 flushing  nmethod 0x000001ab804c8090
Event: 14.314 Thread 0x000001abfb1559b0 flushing  nmethod 0x000001ab804c8a90
Event: 14.314 Thread 0x000001abfb1559b0 flushing  nmethod 0x000001ab804d1690
Event: 14.314 Thread 0x000001abfb1559b0 flushing  nmethod 0x000001ab804d7510
Event: 14.314 Thread 0x000001abfb1559b0 flushing  nmethod 0x000001ab804e1a90
Event: 14.314 Thread 0x000001abfb1559b0 flushing  nmethod 0x000001ab804ecc90

Events (20 events):
Event: 12.029 Thread 0x000001abfb0b19d0 Thread added: 0x000001abd410d840
Event: 12.029 Thread 0x000001abfb0b19d0 Thread added: 0x000001abd410ded0
Event: 12.029 Thread 0x000001abfb0b19d0 Thread added: 0x000001abdb665260
Event: 12.029 Thread 0x000001abfb0b19d0 Thread added: 0x000001abdb661de0
Event: 12.029 Thread 0x000001abfb0b19d0 Thread added: 0x000001abdb6658f0
Event: 12.029 Thread 0x000001abfb0b19d0 Thread added: 0x000001abdb664540
Event: 12.030 Thread 0x000001abfb0b19d0 Thread added: 0x000001abdb664bd0
Event: 12.030 Thread 0x000001abfb0b19d0 Thread added: 0x000001abdb662470
Event: 12.030 Thread 0x000001abfb0b19d0 Thread added: 0x000001abdb665f80
Event: 12.030 Thread 0x000001abfb0b19d0 Thread added: 0x000001abdb663190
Event: 12.030 Thread 0x000001abfb0b19d0 Thread added: 0x000001abdb662b00
Event: 12.031 Thread 0x000001abfb0b19d0 Thread added: 0x000001abdb663eb0
Event: 12.044 Thread 0x000001abfb0b19d0 Thread added: 0x000001abdb666610
Event: 12.348 Thread 0x000001abfb0b19d0 Thread added: 0x000001abdb666ca0
Event: 12.348 Thread 0x000001abfb0b19d0 Thread added: 0x000001abdb663820
Event: 12.406 Thread 0x000001abd410ebf0 Thread added: 0x000001abdb6679c0
Event: 14.035 Thread 0x000001abd9774e40 Thread exited: 0x000001abd9774e40
Event: 14.503 Thread 0x000001abd9772c30 Thread exited: 0x000001abd9772c30
Event: 14.761 Thread 0x000001abd40232b0 Thread added: 0x000001abd9772c30
Event: 14.928 Thread 0x000001abd40232b0 Thread added: 0x000001abd97740a0


Dynamic libraries:
0x00007ff64d210000 - 0x00007ff64d21e000 	c:\Users\HP\.antigravity\extensions\redhat.java-1.54.0-win32-x64\jre\21.0.10-win32-x86_64\bin\java.exe
0x00007ffc95e40000 - 0x00007ffc960a7000 	C:\WINDOWS\SYSTEM32\ntdll.dll
0x00007ffc58b80000 - 0x00007ffc58ba1000 	C:\Program Files\Avast Software\Avast\aswhook.dll
0x00007ffc94fe0000 - 0x00007ffc950a9000 	C:\WINDOWS\System32\KERNEL32.DLL
0x00007ffc92810000 - 0x00007ffc92c04000 	C:\WINDOWS\System32\KERNELBASE.dll
0x00007ffc92fe0000 - 0x00007ffc9312b000 	C:\WINDOWS\System32\ucrtbase.dll
0x00007ffc59bd0000 - 0x00007ffc59be8000 	c:\Users\HP\.antigravity\extensions\redhat.java-1.54.0-win32-x64\jre\21.0.10-win32-x86_64\bin\jli.dll
0x00007ffc3ad50000 - 0x00007ffc3ad6e000 	c:\Users\HP\.antigravity\extensions\redhat.java-1.54.0-win32-x64\jre\21.0.10-win32-x86_64\bin\VCRUNTIME140.dll
0x00007ffc95870000 - 0x00007ffc95a35000 	C:\WINDOWS\System32\USER32.dll
0x00007ffc92f00000 - 0x00007ffc92f27000 	C:\WINDOWS\System32\win32u.dll
0x00007ffc66aa0000 - 0x00007ffc66d33000 	C:\WINDOWS\WinSxS\amd64_microsoft.windows.common-controls_6595b64144ccf1df_6.0.26100.8115_none_3e075c82e3354f9c\COMCTL32.dll
0x00007ffc95c90000 - 0x00007ffc95cbb000 	C:\WINDOWS\System32\GDI32.dll
0x00007ffc95a40000 - 0x00007ffc95ae9000 	C:\WINDOWS\System32\msvcrt.dll
0x00007ffc926e0000 - 0x00007ffc9280b000 	C:\WINDOWS\System32\gdi32full.dll
0x00007ffc92f30000 - 0x00007ffc92fd3000 	C:\WINDOWS\System32\msvcp_win.dll
0x00007ffc94fa0000 - 0x00007ffc94fd2000 	C:\WINDOWS\System32\IMM32.DLL
0x00007ffc8d7c0000 - 0x00007ffc8d7cc000 	c:\Users\HP\.antigravity\extensions\redhat.java-1.54.0-win32-x64\jre\21.0.10-win32-x86_64\bin\vcruntime140_1.dll
0x00007ffc01b20000 - 0x00007ffc01bad000 	c:\Users\HP\.antigravity\extensions\redhat.java-1.54.0-win32-x64\jre\21.0.10-win32-x86_64\bin\msvcp140.dll
0x00007ffbd6300000 - 0x00007ffbd70a1000 	c:\Users\HP\.antigravity\extensions\redhat.java-1.54.0-win32-x64\jre\21.0.10-win32-x86_64\bin\server\jvm.dll
0x00007ffc95cc0000 - 0x00007ffc95d76000 	C:\WINDOWS\System32\ADVAPI32.dll
0x00007ffc94ef0000 - 0x00007ffc94f97000 	C:\WINDOWS\System32\sechost.dll
0x00007ffc93ba0000 - 0x00007ffc93cb8000 	C:\WINDOWS\System32\RPCRT4.dll
0x00007ffc957e0000 - 0x00007ffc95860000 	C:\WINDOWS\System32\WS2_32.dll
0x00007ffc92540000 - 0x00007ffc9259e000 	C:\WINDOWS\SYSTEM32\POWRPROF.dll
0x00007ffc894c0000 - 0x00007ffc894cb000 	C:\WINDOWS\SYSTEM32\VERSION.dll
0x00007ffc8bbf0000 - 0x00007ffc8bc26000 	C:\WINDOWS\SYSTEM32\WINMM.dll
0x00007ffc92520000 - 0x00007ffc92534000 	C:\WINDOWS\SYSTEM32\UMPDC.dll
0x00007ffc91470000 - 0x00007ffc9148b000 	C:\WINDOWS\SYSTEM32\kernel.appcore.dll
0x00007ffc8d6f0000 - 0x00007ffc8d6fa000 	c:\Users\HP\.antigravity\extensions\redhat.java-1.54.0-win32-x64\jre\21.0.10-win32-x86_64\bin\jimage.dll
0x00007ffc904b0000 - 0x00007ffc906f2000 	C:\WINDOWS\SYSTEM32\DBGHELP.DLL
0x00007ffc94450000 - 0x00007ffc947d2000 	C:\WINDOWS\System32\combase.dll
0x00007ffc95160000 - 0x00007ffc95238000 	C:\WINDOWS\System32\OLEAUT32.dll
0x00007ffc7dcb0000 - 0x00007ffc7dceb000 	C:\WINDOWS\SYSTEM32\dbgcore.DLL
0x00007ffc93130000 - 0x00007ffc931d5000 	C:\WINDOWS\System32\bcryptPrimitives.dll
0x00007ffc66ed0000 - 0x00007ffc66edf000 	c:\Users\HP\.antigravity\extensions\redhat.java-1.54.0-win32-x64\jre\21.0.10-win32-x86_64\bin\instrument.dll
0x00007ffc3a970000 - 0x00007ffc3a990000 	c:\Users\HP\.antigravity\extensions\redhat.java-1.54.0-win32-x64\jre\21.0.10-win32-x86_64\bin\java.dll
0x00007ffc93ce0000 - 0x00007ffc94447000 	C:\WINDOWS\System32\SHELL32.dll
0x00007ffc92d90000 - 0x00007ffc92efa000 	C:\WINDOWS\System32\wintypes.dll
0x00007ffc93330000 - 0x00007ffc93b98000 	C:\WINDOWS\System32\windows.storage.dll
0x00007ffc948d0000 - 0x00007ffc949c8000 	C:\WINDOWS\System32\SHCORE.dll
0x00007ffc947e0000 - 0x00007ffc94846000 	C:\WINDOWS\System32\shlwapi.dll
0x00007ffc92600000 - 0x00007ffc92629000 	C:\WINDOWS\SYSTEM32\profapi.dll
0x00007ffc8d950000 - 0x00007ffc8d968000 	c:\Users\HP\.antigravity\extensions\redhat.java-1.54.0-win32-x64\jre\21.0.10-win32-x86_64\bin\zip.dll
0x00007ffc57890000 - 0x00007ffc578a0000 	C:\Users\HP\.antigravity\extensions\redhat.java-1.54.0-win32-x64\jre\21.0.10-win32-x86_64\bin\net.dll
0x00007ffc89370000 - 0x00007ffc8949d000 	C:\WINDOWS\SYSTEM32\WINHTTP.dll
0x00007ffc919e0000 - 0x00007ffc91a4c000 	C:\WINDOWS\system32\mswsock.dll
0x00007ffc3a430000 - 0x00007ffc3a446000 	C:\Users\HP\.antigravity\extensions\redhat.java-1.54.0-win32-x64\jre\21.0.10-win32-x86_64\bin\nio.dll
0x00007ffc49a70000 - 0x00007ffc49a80000 	c:\Users\HP\.antigravity\extensions\redhat.java-1.54.0-win32-x64\jre\21.0.10-win32-x86_64\bin\verify.dll
0x00007ffc3a360000 - 0x00007ffc3a3a5000 	C:\Users\HP\AppData\Roaming\Antigravity\User\globalStorage\redhat.java\1.54.0\config_ss_win\org.eclipse.equinox.launcher\org.eclipse.equinox.launcher.win32.win32.x86_64_1.3.0.v20260203-2149\eclipse_11919.dll
0x00007ffc95af0000 - 0x00007ffc95c87000 	C:\WINDOWS\System32\ole32.dll
0x00007ffc91cc0000 - 0x00007ffc91cdb000 	C:\WINDOWS\SYSTEM32\CRYPTSP.dll
0x00007ffc913d0000 - 0x00007ffc91409000 	C:\WINDOWS\system32\rsaenh.dll
0x00007ffc91a90000 - 0x00007ffc91ac3000 	C:\WINDOWS\SYSTEM32\USERENV.dll
0x00007ffc925d0000 - 0x00007ffc925fa000 	C:\WINDOWS\SYSTEM32\bcrypt.dll
0x00007ffc91ce0000 - 0x00007ffc91cec000 	C:\WINDOWS\SYSTEM32\CRYPTBASE.dll
0x00007ffc90e70000 - 0x00007ffc90ea2000 	C:\WINDOWS\SYSTEM32\IPHLPAPI.DLL
0x00007ffc95340000 - 0x00007ffc9534a000 	C:\WINDOWS\System32\NSI.dll
0x00007ffc50ca0000 - 0x00007ffc50ce9000 	C:\Users\HP\AppData\Local\Temp\jna-2312\jna10170131559500226091.dll
0x00007ffc950b0000 - 0x00007ffc950b8000 	C:\WINDOWS\System32\PSAPI.DLL
0x00007ffc894a0000 - 0x00007ffc894bd000 	C:\WINDOWS\SYSTEM32\dhcpcsvc6.DLL
0x00007ffc89500000 - 0x00007ffc89525000 	C:\WINDOWS\SYSTEM32\dhcpcsvc.DLL

JVMTI agents:
c:\Users\HP\.antigravity\extensions\redhat.java-1.54.0-win32-x64\lombok\lombok-1.18.39-4050.jar path:c:\Users\HP\.antigravity\extensions\redhat.java-1.54.0-win32-x64\jre\21.0.10-win32-x86_64\bin\instrument.dll, loaded, initialized, instrumentlib options:none

dbghelp: loaded successfully - version: 4.0.5 - missing functions: none
symbol engine: initialized successfully - sym options: 0x614 - pdb path: .;c:\Users\HP\.antigravity\extensions\redhat.java-1.54.0-win32-x64\jre\21.0.10-win32-x86_64\bin;C:\WINDOWS\SYSTEM32;C:\Program Files\Avast Software\Avast;C:\WINDOWS\WinSxS\amd64_microsoft.windows.common-controls_6595b64144ccf1df_6.0.26100.8115_none_3e075c82e3354f9c;c:\Users\HP\.antigravity\extensions\redhat.java-1.54.0-win32-x64\jre\21.0.10-win32-x86_64\bin\server;C:\Users\HP\AppData\Roaming\Antigravity\User\globalStorage\redhat.java\1.54.0\config_ss_win\org.eclipse.equinox.launcher\org.eclipse.equinox.launcher.win32.win32.x86_64_1.3.0.v20260203-2149;C:\Users\HP\AppData\Local\Temp\jna-2312

VM Arguments:
jvm_args: --add-modules=ALL-SYSTEM --add-opens=java.base/java.util=ALL-UNNAMED --add-opens=java.base/java.lang=ALL-UNNAMED --add-opens=java.base/sun.nio.fs=ALL-UNNAMED -Declipse.application=org.eclipse.jdt.ls.core.id1 -Dosgi.bundles.defaultStartLevel=4 -Declipse.product=org.eclipse.jdt.ls.core.product -Djava.import.generatesMetadataFilesAtProjectRoot=false -DDetectVMInstallationsJob.disabled=true -Dfile.encoding=utf8 -XX:+UseParallelGC -XX:GCTimeRatio=4 -XX:AdaptiveSizePolicyWeight=90 -Dsun.zip.disableMemoryMapping=true -Xmx2G -Xms100m -Xlog:disable -javaagent:c:\Users\HP\.antigravity\extensions\redhat.java-1.54.0-win32-x64\lombok\lombok-1.18.39-4050.jar 
java_command: c:\Users\HP\.antigravity\extensions\redhat.java-1.54.0-win32-x64\server\plugins\org.eclipse.equinox.launcher_1.7.100.v20251111-0406.jar -configuration c:\Users\HP\AppData\Roaming\Antigravity\User\globalStorage\redhat.java\1.54.0\config_ss_win -data c:\Users\HP\AppData\Roaming\Antigravity\User\workspaceStorage\98eb1284933efba20486acdda2b6755c\redhat.java\ss_ws --pipe=\\.\pipe\lsp-bfc31c5b3766756a28e3172ac76e30af-sock
java_class_path (initial): c:\Users\HP\.antigravity\extensions\redhat.java-1.54.0-win32-x64\server\plugins\org.eclipse.equinox.launcher_1.7.100.v20251111-0406.jar
Launcher Type: SUN_STANDARD

[Global flags]
    uintx AdaptiveSizePolicyWeight                 = 90                                        {product} {command line}
     intx CICompilerCount                          = 4                                         {product} {ergonomic}
    uintx GCTimeRatio                              = 4                                         {product} {command line}
   size_t InitialHeapSize                          = 104857600                                 {product} {command line}
   size_t MaxHeapSize                              = 2147483648                                {product} {command line}
   size_t MaxNewSize                               = 715653120                                 {product} {ergonomic}
   size_t MinHeapDeltaBytes                        = 524288                                    {product} {ergonomic}
   size_t MinHeapSize                              = 104857600                                 {product} {command line}
   size_t NewSize                                  = 34603008                                  {product} {ergonomic}
    uintx NonNMethodCodeHeapSize                   = 5839372                                {pd product} {ergonomic}
    uintx NonProfiledCodeHeapSize                  = 122909434                              {pd product} {ergonomic}
   size_t OldSize                                  = 70254592                                  {product} {ergonomic}
    uintx ProfiledCodeHeapSize                     = 122909434                              {pd product} {ergonomic}
    uintx ReservedCodeCacheSize                    = 251658240                              {pd product} {ergonomic}
     bool SegmentedCodeCache                       = true                                      {product} {ergonomic}
   size_t SoftMaxHeapSize                          = 2147483648                             {manageable} {ergonomic}
     bool UseCompressedOops                        = true                           {product lp64_product} {ergonomic}
     bool UseLargePagesIndividualAllocation        = false                                  {pd product} {ergonomic}
     bool UseParallelGC                            = true                                      {product} {command line}

Logging:
Log output configuration:
 #0: stdout all=off uptime,level,tags foldmultilines=false
 #1: stderr all=off uptime,level,tags foldmultilines=false

Release file:
JAVA_VERSION="21.0.10" 
MODULES="java.base java.compiler java.datatransfer java.xml java.prefs java.desktop java.instrument java.logging java.management java.security.sasl java.naming java.rmi java.management.rmi java.net.http java.scripting java.security.jgss java.transaction.xa java.sql java.sql.rowset java.xml.crypto java.se java.smartcardio jdk.accessibility jdk.internal.jvmstat jdk.attach jdk.charsets jdk.internal.opt jdk.zipfs jdk.compiler jdk.crypto.ec jdk.crypto.cryptoki jdk.crypto.mscapi jdk.dynalink jdk.internal.ed jdk.editpad jdk.hotspot.agent jdk.httpserver jdk.internal.le jdk.internal.vm.ci jdk.internal.vm.compiler jdk.internal.vm.compiler.management jdk.jartool jdk.javadoc jdk.jcmd jdk.management jdk.management.agent jdk.jconsole jdk.jdeps jdk.jdwp.agent jdk.jdi jdk.jfr jdk.jshell jdk.jsobject jdk.jstatd jdk.localedata jdk.management.jfr jdk.naming.dns jdk.naming.rmi jdk.net jdk.nio.mapmode jdk.random jdk.sctp jdk.security.auth jdk.security.jgss jdk.unsupported jdk.unsupported.desktop jdk.xml.dom" 

Environment Variables:
PATH=C:\Program Files\Common Files\Oracle\Java\javapath;C:\Program Files (x86)\Common Files\Oracle\Java\java8path;C:\Program Files (x86)\Common Files\Oracle\Java\javapath;C:\ORC\ORACLEE\bin;C:\app\HP\product\21c\dbhomeXE\bin;E:\oracle21\ORACL\bin;C:\Dossier_Oracle21c\Oracle21c\bin;C:\WINDOWS\system32;C:\WINDOWS;C:\WINDOWS\System32\Wbem;C:\WINDOWS\System32\WindowsPowerShell\v1.0\;C:\WINDOWS\System32\OpenSSH\;c:\Program Files (x86)\Microsoft SQL Server\100\Tools\Binn\;c:\Program Files\Microsoft SQL Server\100\Tools\Binn\;c:\Program Files\Microsoft SQL Server\100\DTS\Binn\;C:\appliiiiiii\flutter_windows_3.35.7-stable.zip\flutter\bin;C:\Program Files\Docker\Docker\resources\bin;C:\Program Files\Git\cmd;C:\Program Files\nodejs\;C:\Program Files\Apache\maven\bin;C:\Users\HP\AppData\Local\Programs\Python\Python313\Scripts\;C:\Users\HP\AppData\Local\Programs\Python\Python313\;C:\Users\HP\AppData\Local\Programs\Python\Launcher\;C:\Users\HP\AppData\Local\Microsoft\WindowsApps;C:\Users\HP\AppData\Local\Programs\Microsoft VS Code\bin;C:\Users\HP\AppData\Local\Python\bin;C:\Users\HP\AppData\Roaming\npm;C:\Users\HP\AppData\Local\Programs\Antigravity\bin
USERNAME=HP
OS=Windows_NT
PROCESSOR_IDENTIFIER=Intel64 Family 6 Model 186 Stepping 3, GenuineIntel
TMP=C:\Users\HP\AppData\Local\Temp
TEMP=C:\Users\HP\AppData\Local\Temp




Periodic native trim disabled

---------------  S Y S T E M  ---------------

OS:
 Windows 11 , 64 bit Build 26100 (10.0.26100.8246)
OS uptime: 0 days 0:35 hours
Hyper-V role detected

CPU: total 12 (initial active 12) (6 cores per cpu, 2 threads per core) family 6 model 186 stepping 3 microcode 0x4121, cx8, cmov, fxsr, ht, mmx, 3dnowpref, sse, sse2, sse3, ssse3, sse4.1, sse4.2, popcnt, lzcnt, tsc, tscinvbit, avx, avx2, aes, erms, clmul, bmi1, bmi2, adx, sha, fma, vzeroupper, clflush, clflushopt, clwb, hv, serialize, rdtscp, rdpid, fsrm, f16c, cet_ibt, cet_ss
Processor Information for processor 0
  Max Mhz: 1300, Current Mhz: 1300, Mhz Limit: 1300
Processor Information for processor 1
  Max Mhz: 1300, Current Mhz: 1300, Mhz Limit: 1300
Processor Information for processor 2
  Max Mhz: 1300, Current Mhz: 1300, Mhz Limit: 1300
Processor Information for processor 3
  Max Mhz: 1300, Current Mhz: 1300, Mhz Limit: 1300
Processor Information for processor 4
  Max Mhz: 1300, Current Mhz: 900, Mhz Limit: 897
Processor Information for processor 5
  Max Mhz: 1300, Current Mhz: 900, Mhz Limit: 897
Processor Information for processor 6
  Max Mhz: 1300, Current Mhz: 900, Mhz Limit: 897
Processor Information for processor 7
  Max Mhz: 1300, Current Mhz: 900, Mhz Limit: 897
Processor Information for processor 8
  Max Mhz: 1300, Current Mhz: 900, Mhz Limit: 897
Processor Information for processor 9
  Max Mhz: 1300, Current Mhz: 900, Mhz Limit: 897
Processor Information for processor 10
  Max Mhz: 1300, Current Mhz: 900, Mhz Limit: 897
Processor Information for processor 11
  Max Mhz: 1300, Current Mhz: 900, Mhz Limit: 897

Memory: 4k page, system-wide physical 7835M (942M free)
TotalPageFile size 11931M (AvailPageFile size 193M)
current process WorkingSet (physical memory assigned to process): 239M, peak: 240M
current process commit charge ("private bytes"): 327M, peak: 328M

vm_info: OpenJDK 64-Bit Server VM (21.0.10+7-LTS) for windows-amd64 JRE (21.0.10+7-LTS), built on 2026-01-20T00:00:00Z by "admin" with MS VC++ 17.12 (VS2022)

END.
