#
# There is insufficient memory for the Java Runtime Environment to continue.
# Native memory allocation (malloc) failed to allocate 1623376 bytes. Error detail: Chunk::new
# Possible reasons:
#   The system is out of physical RAM or swap space
#   This process is running with CompressedOops enabled, and the Java Heap may be blocking the growth of the native heap
# Possible solutions:
#   Reduce memory load on the system
#   Increase physical memory or swap space
#   Check if swap backing store is full
#   Decrease Java heap size (-Xmx/-Xms)
#   Decrease number of Java threads
#   Decrease Java thread stack sizes (-Xss)
#   Set larger code cache with -XX:ReservedCodeCacheSize=
#   JVM is running with Unscaled Compressed Oops mode in which the Java heap is
#     placed in the first 4GB address space. The Java Heap base address is the
#     maximum limit for the native heap growth. Please use -XX:HeapBaseMinAddress
#     to set the Java Heap base and to place the Java Heap above 4GB virtual address.
# This output file may be truncated or incomplete.
#
#  Out of Memory Error (arena.cpp:168), pid=25024, tid=25524
#
# JRE version: OpenJDK Runtime Environment Temurin-21.0.10+7 (21.0.10+7) (build 21.0.10+7-LTS)
# Java VM: OpenJDK 64-Bit Server VM Temurin-21.0.10+7 (21.0.10+7-LTS, mixed mode, sharing, tiered, compressed oops, compressed class ptrs, parallel gc, windows-amd64)
# No core dump will be written. Minidumps are not enabled by default on client versions of Windows
#

---------------  S U M M A R Y ------------

Command Line: --add-modules=ALL-SYSTEM --add-opens=java.base/java.util=ALL-UNNAMED --add-opens=java.base/java.lang=ALL-UNNAMED --add-opens=java.base/sun.nio.fs=ALL-UNNAMED -Declipse.application=org.eclipse.jdt.ls.core.id1 -Dosgi.bundles.defaultStartLevel=4 -Declipse.product=org.eclipse.jdt.ls.core.product -Djava.import.generatesMetadataFilesAtProjectRoot=false -DDetectVMInstallationsJob.disabled=true -Dfile.encoding=utf8 -XX:+UseParallelGC -XX:GCTimeRatio=4 -XX:AdaptiveSizePolicyWeight=90 -Dsun.zip.disableMemoryMapping=true -Xmx2G -Xms100m -Xlog:disable -javaagent:c:\Users\HP\.antigravity\extensions\redhat.java-1.54.0-win32-x64\lombok\lombok-1.18.39-4050.jar -XX:+HeapDumpOnOutOfMemoryError -XX:HeapDumpPath=c:\Users\HP\AppData\Roaming\Antigravity\User\workspaceStorage\4dfc41c91c2c781069e695ab18a74c91\redhat.java -Daether.dependencyCollector.impl=bf c:\Users\HP\.antigravity\extensions\redhat.java-1.54.0-win32-x64\server\plugins\org.eclipse.equinox.launcher_1.7.100.v20251111-0406.jar -configuration c:\Users\HP\AppData\Roaming\Antigravity\User\globalStorage\redhat.java\1.54.0\config_win -data c:\Users\HP\AppData\Roaming\Antigravity\User\workspaceStorage\4dfc41c91c2c781069e695ab18a74c91\redhat.java\jdt_ws --pipe=\\.\pipe\lsp-3999640328435b31bc58490f3d359534-sock

Host: 13th Gen Intel(R) Core(TM) i5-1335U, 12 cores, 7G,  Windows 11 , 64 bit Build 26100 (10.0.26100.8246)
Time: Wed Apr 29 21:11:41 2026 Greenwich elapsed time: 9.937625 seconds (0d 0h 0m 9s)

---------------  T H R E A D  ---------------

Current thread (0x000001f47c73c5a0):  JavaThread "C2 CompilerThread1" daemon [_thread_in_native, id=25524, stack(0x000000be75000000,0x000000be75100000) (1024K)]


Current CompileTask:
C2:9937 4219   !   4       org.eclipse.osgi.internal.loader.classpath.ClasspathManager::findClassImpl (328 bytes)

Stack: [0x000000be75000000,0x000000be75100000]
Native frames: (J=compiled Java code, j=interpreted, Vv=VM code, C=native code)
V  [jvm.dll+0x6d7a39]
V  [jvm.dll+0x8b4b26]
V  [jvm.dll+0x8b70de]
V  [jvm.dll+0x8b77c3]
V  [jvm.dll+0x284346]
V  [jvm.dll+0xc66ed]
V  [jvm.dll+0xc6c31]
V  [jvm.dll+0x3bec01]
V  [jvm.dll+0x38b162]
V  [jvm.dll+0x38a5aa]
V  [jvm.dll+0x24c560]
V  [jvm.dll+0x24bb40]
V  [jvm.dll+0x1cb34e]
V  [jvm.dll+0x25b85d]
V  [jvm.dll+0x259dea]
V  [jvm.dll+0x3f857e]
V  [jvm.dll+0x85f59d]
V  [jvm.dll+0x6d626d]
C  [ucrtbase.dll+0x37b0]
C  [KERNEL32.DLL+0x2e8d7]
C  [ntdll.dll+0x8c3fc]


---------------  P R O C E S S  ---------------

Threads class SMR info:
_java_thread_list=0x000001f47ddf9310, length=27, elements={
0x000001f41e0b3030, 0x000001f434b4e5a0, 0x000001f434b4fbf0, 0x000001f434b50be0,
0x000001f434b53230, 0x000001f434b58bd0, 0x000001f476f31fd0, 0x000001f476f33890,
0x000001f476f37df0, 0x000001f47710a590, 0x000001f47728e5a0, 0x000001f47c6d2780,
0x000001f47ca69c90, 0x000001f47ca89910, 0x000001f47ca8a350, 0x000001f47c7ac7f0,
0x000001f47cdba9d0, 0x000001f47d37fc00, 0x000001f47d380920, 0x000001f47d381cd0,
0x000001f47d3829f0, 0x000001f47c73c5a0, 0x000001f47d380fb0, 0x000001f47d381640,
0x000001f47c73e7b0, 0x000001f47d37f570, 0x000001f47d382360
}

Java Threads: ( => current thread )
  0x000001f41e0b3030 JavaThread "main"                              [_thread_in_vm, id=9764, stack(0x000000be72f00000,0x000000be73000000) (1024K)]
  0x000001f434b4e5a0 JavaThread "Reference Handler"          daemon [_thread_blocked, id=21136, stack(0x000000be73300000,0x000000be73400000) (1024K)]
  0x000001f434b4fbf0 JavaThread "Finalizer"                  daemon [_thread_blocked, id=15016, stack(0x000000be73400000,0x000000be73500000) (1024K)]
  0x000001f434b50be0 JavaThread "Signal Dispatcher"          daemon [_thread_blocked, id=7628, stack(0x000000be73500000,0x000000be73600000) (1024K)]
  0x000001f434b53230 JavaThread "Attach Listener"            daemon [_thread_blocked, id=18640, stack(0x000000be73600000,0x000000be73700000) (1024K)]
  0x000001f434b58bd0 JavaThread "Service Thread"             daemon [_thread_blocked, id=24768, stack(0x000000be73700000,0x000000be73800000) (1024K)]
  0x000001f476f31fd0 JavaThread "Monitor Deflation Thread"   daemon [_thread_blocked, id=23800, stack(0x000000be73800000,0x000000be73900000) (1024K)]
  0x000001f476f33890 JavaThread "C2 CompilerThread0"         daemon [_thread_in_native, id=21476, stack(0x000000be73900000,0x000000be73a00000) (1024K)]
  0x000001f476f37df0 JavaThread "C1 CompilerThread0"         daemon [_thread_blocked, id=208, stack(0x000000be73a00000,0x000000be73b00000) (1024K)]
  0x000001f47710a590 JavaThread "Common-Cleaner"             daemon [_thread_blocked, id=22696, stack(0x000000be73b00000,0x000000be73c00000) (1024K)]
  0x000001f47728e5a0 JavaThread "Notification Thread"        daemon [_thread_blocked, id=24736, stack(0x000000be73c00000,0x000000be73d00000) (1024K)]
  0x000001f47c6d2780 JavaThread "Active Thread: Equinox Container: 19af26a4-14ad-42f2-a107-e59e72756ebd"        [_thread_blocked, id=23456, stack(0x000000be74400000,0x000000be74500000) (1024K)]
  0x000001f47ca69c90 JavaThread "Refresh Thread: Equinox Container: 19af26a4-14ad-42f2-a107-e59e72756ebd" daemon [_thread_blocked, id=2044, stack(0x000000be74500000,0x000000be74600000) (1024K)]
  0x000001f47ca89910 JavaThread "Framework Event Dispatcher: Equinox Container: 19af26a4-14ad-42f2-a107-e59e72756ebd" daemon [_thread_blocked, id=14692, stack(0x000000be74700000,0x000000be74800000) (1024K)]
  0x000001f47ca8a350 JavaThread "Start Level: Equinox Container: 19af26a4-14ad-42f2-a107-e59e72756ebd" daemon [_thread_blocked, id=1140, stack(0x000000be74800000,0x000000be74900000) (1024K)]
  0x000001f47c7ac7f0 JavaThread "Bundle File Closer"         daemon [_thread_blocked, id=19672, stack(0x000000be74b00000,0x000000be74c00000) (1024K)]
  0x000001f47cdba9d0 JavaThread "SCR Component Actor"        daemon [_thread_blocked, id=20924, stack(0x000000be74c00000,0x000000be74d00000) (1024K)]
  0x000001f47d37fc00 JavaThread "Worker-JM"                         [_thread_blocked, id=14032, stack(0x000000be74d00000,0x000000be74e00000) (1024K)]
  0x000001f47d380920 JavaThread "JNA Cleaner"                daemon [_thread_blocked, id=19668, stack(0x000000be74e00000,0x000000be74f00000) (1024K)]
  0x000001f47d381cd0 JavaThread "Worker-0: Repository registry initialization"        [_thread_in_vm, id=18864, stack(0x000000be74f00000,0x000000be75000000) (1024K)]
  0x000001f47d3829f0 JavaThread "Worker-1: Loading available Gradle versions"        [_thread_in_native, id=15096, stack(0x000000be73d00000,0x000000be73e00000) (1024K)]
=>0x000001f47c73c5a0 JavaThread "C2 CompilerThread1"         daemon [_thread_in_native, id=25524, stack(0x000000be75000000,0x000000be75100000) (1024K)]
  0x000001f47d380fb0 JavaThread "Worker-2: Initialize After Load"        [_thread_in_vm, id=20180, stack(0x000000be75100000,0x000000be75200000) (1024K)]
  0x000001f47d381640 JavaThread "Java indexing"              daemon [_thread_blocked, id=13500, stack(0x000000be75200000,0x000000be75300000) (1024K)]
  0x000001f47c73e7b0 JavaThread "C2 CompilerThread2"         daemon [_thread_in_native, id=21532, stack(0x000000be75300000,0x000000be75400000) (1024K)]
  0x000001f47d37f570 JavaThread "Worker-3: Load persistent model for all projects"        [_thread_in_vm, id=20408, stack(0x000000be75600000,0x000000be75700000) (1024K)]
  0x000001f47d382360 JavaThread "Worker-4"                          [_thread_blocked, id=15048, stack(0x000000be75700000,0x000000be75800000) (1024K)]
Total: 27

Other Threads:
  0x000001f434b423d0 VMThread "VM Thread"                           [id=5712, stack(0x000000be73200000,0x000000be73300000) (1024K)]
  0x000001f434a3ca00 WatcherThread "VM Periodic Task Thread"        [id=18460, stack(0x000000be73100000,0x000000be73200000) (1024K)]
  0x000001f41e0d12b0 WorkerThread "GC Thread#0"                     [id=16368, stack(0x000000be73000000,0x000000be73100000) (1024K)]
  0x000001f47c606680 WorkerThread "GC Thread#1"                     [id=23624, stack(0x000000be73e00000,0x000000be73f00000) (1024K)]
  0x000001f47c606a30 WorkerThread "GC Thread#2"                     [id=13524, stack(0x000000be73f00000,0x000000be74000000) (1024K)]
  0x000001f47c72a990 WorkerThread "GC Thread#3"                     [id=12068, stack(0x000000be74000000,0x000000be74100000) (1024K)]
  0x000001f47c602680 WorkerThread "GC Thread#4"                     [id=4564, stack(0x000000be74100000,0x000000be74200000) (1024K)]
  0x000001f47c602a30 WorkerThread "GC Thread#5"                     [id=9100, stack(0x000000be74200000,0x000000be74300000) (1024K)]
  0x000001f47c602de0 WorkerThread "GC Thread#6"                     [id=20856, stack(0x000000be74300000,0x000000be74400000) (1024K)]
  0x000001f47ca6a5d0 WorkerThread "GC Thread#7"                     [id=12848, stack(0x000000be74600000,0x000000be74700000) (1024K)]
  0x000001f47cc271c0 WorkerThread "GC Thread#8"                     [id=19756, stack(0x000000be74900000,0x000000be74a00000) (1024K)]
  0x000001f47cc27570 WorkerThread "GC Thread#9"                     [id=18644, stack(0x000000be74a00000,0x000000be74b00000) (1024K)]
Total: 12

Threads with active compile tasks:
C2 CompilerThread0  13099 4343       4       org.eclipse.osgi.internal.loader.BundleLoader::addExportedProvidersFor (167 bytes)
C2 CompilerThread1  13099 4219   !   4       org.eclipse.osgi.internal.loader.classpath.ClasspathManager::findClassImpl (328 bytes)
C2 CompilerThread2  13100 4348       4       org.eclipse.osgi.internal.serviceregistry.ServiceRegistry::notifyHooksPrivileged (57 bytes)
Total: 3

VM state: not at safepoint (normal execution)

VM Mutex/Monitor currently owned by a thread: None

Heap address: 0x0000000080000000, size: 2048 MB, Compressed Oops mode: 32-bit

CDS archive(s) mapped at: [0x000001f435000000-0x000001f435ba0000-0x000001f435ba0000), size 12189696, SharedBaseAddress: 0x000001f435000000, ArchiveRelocationMode: 1.
Compressed class space mapped at: 0x000001f436000000-0x000001f476000000, reserved size: 1073741824
Narrow klass base: 0x000001f435000000, Narrow klass shift: 0, Narrow klass range: 0x100000000

GC Precious Log:
 CardTable entry size: 512
 CPUs: 12 total, 12 available
 Memory: 7835M
 Large Page Support: Disabled
 NUMA Support: Disabled
 Compressed Oops: Enabled (32-bit)
 Alignments: Space 512K, Generation 512K, Heap 2M
 Heap Min Capacity: 100M
 Heap Initial Capacity: 100M
 Heap Max Capacity: 2G
 Pre-touch: Disabled
 Parallel Workers: 10

Heap:
 PSYoungGen      total 24576K, used 15363K [0x00000000d5580000, 0x00000000d7480000, 0x0000000100000000)
  eden space 22528K, 59% used [0x00000000d5580000,0x00000000d6288840,0x00000000d6b80000)
  from space 2048K, 98% used [0x00000000d6f80000,0x00000000d7178568,0x00000000d7180000)
  to   space 3072K, 0% used [0x00000000d7180000,0x00000000d7180000,0x00000000d7480000)
 ParOldGen       total 68608K, used 18108K [0x0000000080000000, 0x0000000084300000, 0x00000000d5580000)
  object space 68608K, 26% used [0x0000000080000000,0x00000000811af100,0x0000000084300000)
 Metaspace       used 32726K, committed 33856K, reserved 1114112K
  class space    used 3328K, committed 3840K, reserved 1048576K

Card table byte_map: [0x000001f41da50000,0x000001f41de60000] _byte_map_base: 0x000001f41d650000

Marking Bits: (ParMarkBitMap*) 0x00007ffd95003450
 Begin Bits: [0x000001f430560000, 0x000001f432560000)
 End Bits:   [0x000001f432560000, 0x000001f434560000)

Polling page: 0x000001f41bf30000

Metaspace:

Usage:
  Non-class:     28.71 MB used.
      Class:      3.25 MB used.
       Both:     31.96 MB used.

Virtual space:
  Non-class space:       64.00 MB reserved,      29.38 MB ( 46%) committed,  1 nodes.
      Class space:        1.00 GB reserved,       3.75 MB ( <1%) committed,  1 nodes.
             Both:        1.06 GB reserved,      33.12 MB (  3%) committed. 

Chunk freelists:
   Non-Class:  1.86 MB
       Class:  12.26 MB
        Both:  14.12 MB

MaxMetaspaceSize: unlimited
CompressedClassSpaceSize: 1.00 GB
Initial GC threshold: 21.00 MB
Current GC threshold: 35.00 MB
CDS: on
 - commit_granule_bytes: 65536.
 - commit_granule_words: 8192.
 - virtual_space_node_default_size: 8388608.
 - enlarge_chunks_in_place: 1.
 - use_allocation_guard: 0.


Internal statistics:

num_allocs_failed_limit: 3.
num_arena_births: 868.
num_arena_deaths: 14.
num_vsnodes_births: 2.
num_vsnodes_deaths: 0.
num_space_committed: 530.
num_space_uncommitted: 0.
num_chunks_returned_to_freelist: 17.
num_chunks_taken_from_freelist: 2294.
num_chunk_merges: 6.
num_chunk_splits: 1432.
num_chunks_enlarged: 841.
num_inconsistent_stats: 0.

CodeHeap 'non-profiled nmethods': size=120000Kb used=2058Kb max_used=2058Kb free=117941Kb
 bounds [0x000001f428d80000, 0x000001f428ff0000, 0x000001f4302b0000]
CodeHeap 'profiled nmethods': size=120000Kb used=9078Kb max_used=9078Kb free=110921Kb
 bounds [0x000001f4212b0000, 0x000001f421b90000, 0x000001f4287e0000]
CodeHeap 'non-nmethods': size=5760Kb used=1352Kb max_used=1382Kb free=4408Kb
 bounds [0x000001f4287e0000, 0x000001f428a50000, 0x000001f428d80000]
CodeCache: size=245760Kb, used=12488Kb, max_used=12518Kb, free=233270Kb
 total_blobs=5026, nmethods=4382, adapters=550, full_count=0
Compilation: enabled, stopped_count=0, restarted_count=0

Compilation events (20 events):
Event: 8.887 Thread 0x000001f476f37df0 4362       1       java.util.AbstractMap$SimpleEntry::getValue (5 bytes)
Event: 8.888 Thread 0x000001f476f37df0 nmethod 4362 0x000001f428f80b10 code [0x000001f428f80ca0, 0x000001f428f80d68]
Event: 8.888 Thread 0x000001f476f37df0 4368       3       java.util.Properties::loadConvert (540 bytes)
Event: 8.891 Thread 0x000001f47c73e7b0 nmethod 4349 0x000001f428f80e10 code [0x000001f428f81020, 0x000001f428f816a8]
Event: 8.892 Thread 0x000001f476f37df0 nmethod 4368 0x000001f421b72c10 code [0x000001f421b72f00, 0x000001f421b741a8]
Event: 8.895 Thread 0x000001f47c73e7b0 4348       4       org.eclipse.osgi.internal.serviceregistry.ServiceRegistry::notifyHooksPrivileged (57 bytes)
Event: 8.899 Thread 0x000001f476f37df0 4370   !   3       java.lang.invoke.InnerClassLambdaMetafactory::generateInnerClass (506 bytes)
Event: 8.903 Thread 0x000001f476f37df0 nmethod 4370 0x000001f421b74810 code [0x000001f421b74ca0, 0x000001f421b76be0]
Event: 8.903 Thread 0x000001f476f37df0 4371       3       java.lang.invoke.InnerClassLambdaMetafactory::generateConstructor (154 bytes)
Event: 8.905 Thread 0x000001f476f37df0 nmethod 4371 0x000001f421b77990 code [0x000001f421b77c80, 0x000001f421b78bb0]
Event: 8.905 Thread 0x000001f476f37df0 4380       3       org.eclipse.core.runtime.Path::lastSegment (22 bytes)
Event: 8.905 Thread 0x000001f476f37df0 nmethod 4380 0x000001f421b79110 code [0x000001f421b792c0, 0x000001f421b79480]
Event: 8.906 Thread 0x000001f476f37df0 4381       3       org.eclipse.core.runtime.Path::hasTrailingSeparator (13 bytes)
Event: 8.906 Thread 0x000001f476f37df0 nmethod 4381 0x000001f421b79590 code [0x000001f421b79740, 0x000001f421b798b8]
Event: 8.906 Thread 0x000001f476f37df0 4379       1       org.eclipse.core.internal.dtree.AbstractDataTreeNode::getName (5 bytes)
Event: 8.906 Thread 0x000001f476f37df0 nmethod 4379 0x000001f428f82810 code [0x000001f428f829a0, 0x000001f428f82a68]
Event: 8.906 Thread 0x000001f476f37df0 4382       3       org.eclipse.core.internal.resources.Resource::getFlags (13 bytes)
Event: 8.906 Thread 0x000001f476f37df0 nmethod 4382 0x000001f421b79990 code [0x000001f421b79b40, 0x000001f421b79d58]
Event: 8.907 Thread 0x000001f476f37df0 4373   !   3       java.lang.invoke.BootstrapMethodInvoker::invoke (974 bytes)
Event: 9.929 Thread 0x000001f476f37df0 nmethod 4373 0x000001f421b79e10 code [0x000001f421b7a7e0, 0x000001f421b82dc8]

GC Heap History (20 events):
Event: 3.483 GC heap before
{Heap before GC invocations=3 (full 0):
 PSYoungGen      total 29696K, used 29663K [0x00000000d5580000, 0x00000000d7680000, 0x0000000100000000)
  eden space 25600K, 99% used [0x00000000d5580000,0x00000000d6e7e650,0x00000000d6e80000)
  from space 4096K, 99% used [0x00000000d7280000,0x00000000d7679800,0x00000000d7680000)
  to   space 4096K, 0% used [0x00000000d6e80000,0x00000000d6e80000,0x00000000d7280000)
 ParOldGen       total 68608K, used 1744K [0x0000000080000000, 0x0000000084300000, 0x00000000d5580000)
  object space 68608K, 2% used [0x0000000080000000,0x00000000801b4028,0x0000000084300000)
 Metaspace       used 9434K, committed 9792K, reserved 1114112K
  class space    used 1009K, committed 1152K, reserved 1048576K
}
Event: 3.493 GC heap after
{Heap after GC invocations=3 (full 0):
 PSYoungGen      total 29696K, used 4078K [0x00000000d5580000, 0x00000000d7680000, 0x0000000100000000)
  eden space 25600K, 0% used [0x00000000d5580000,0x00000000d5580000,0x00000000d6e80000)
  from space 4096K, 99% used [0x00000000d6e80000,0x00000000d727b9a8,0x00000000d7280000)
  to   space 4096K, 0% used [0x00000000d7280000,0x00000000d7280000,0x00000000d7680000)
 ParOldGen       total 68608K, used 4838K [0x0000000080000000, 0x0000000084300000, 0x00000000d5580000)
  object space 68608K, 7% used [0x0000000080000000,0x00000000804b9820,0x0000000084300000)
 Metaspace       used 9434K, committed 9792K, reserved 1114112K
  class space    used 1009K, committed 1152K, reserved 1048576K
}
Event: 4.366 GC heap before
{Heap before GC invocations=4 (full 0):
 PSYoungGen      total 29696K, used 29678K [0x00000000d5580000, 0x00000000d7680000, 0x0000000100000000)
  eden space 25600K, 100% used [0x00000000d5580000,0x00000000d6e80000,0x00000000d6e80000)
  from space 4096K, 99% used [0x00000000d6e80000,0x00000000d727b9a8,0x00000000d7280000)
  to   space 4096K, 0% used [0x00000000d7280000,0x00000000d7280000,0x00000000d7680000)
 ParOldGen       total 68608K, used 4838K [0x0000000080000000, 0x0000000084300000, 0x00000000d5580000)
  object space 68608K, 7% used [0x0000000080000000,0x00000000804b9820,0x0000000084300000)
 Metaspace       used 12443K, committed 12864K, reserved 1114112K
  class space    used 1336K, committed 1536K, reserved 1048576K
}
Event: 4.374 GC heap after
{Heap after GC invocations=4 (full 0):
 PSYoungGen      total 29696K, used 4082K [0x00000000d5580000, 0x00000000d7680000, 0x0000000100000000)
  eden space 25600K, 0% used [0x00000000d5580000,0x00000000d5580000,0x00000000d6e80000)
  from space 4096K, 99% used [0x00000000d7280000,0x00000000d767c8f8,0x00000000d7680000)
  to   space 4096K, 0% used [0x00000000d6e80000,0x00000000d6e80000,0x00000000d7280000)
 ParOldGen       total 68608K, used 7936K [0x0000000080000000, 0x0000000084300000, 0x00000000d5580000)
  object space 68608K, 11% used [0x0000000080000000,0x00000000807c00e0,0x0000000084300000)
 Metaspace       used 12443K, committed 12864K, reserved 1114112K
  class space    used 1336K, committed 1536K, reserved 1048576K
}
Event: 5.284 GC heap before
{Heap before GC invocations=5 (full 0):
 PSYoungGen      total 29696K, used 29682K [0x00000000d5580000, 0x00000000d7680000, 0x0000000100000000)
  eden space 25600K, 100% used [0x00000000d5580000,0x00000000d6e80000,0x00000000d6e80000)
  from space 4096K, 99% used [0x00000000d7280000,0x00000000d767c8f8,0x00000000d7680000)
  to   space 4096K, 0% used [0x00000000d6e80000,0x00000000d6e80000,0x00000000d7280000)
 ParOldGen       total 68608K, used 7936K [0x0000000080000000, 0x0000000084300000, 0x00000000d5580000)
  object space 68608K, 11% used [0x0000000080000000,0x00000000807c00e0,0x0000000084300000)
 Metaspace       used 16398K, committed 17088K, reserved 1114112K
  class space    used 1708K, committed 1984K, reserved 1048576K
}
Event: 5.290 GC heap after
{Heap after GC invocations=5 (full 0):
 PSYoungGen      total 29184K, used 4067K [0x00000000d5580000, 0x00000000d7a00000, 0x0000000100000000)
  eden space 25088K, 0% used [0x00000000d5580000,0x00000000d5580000,0x00000000d6e00000)
  from space 4096K, 99% used [0x00000000d6e80000,0x00000000d7278c18,0x00000000d7280000)
  to   space 6144K, 0% used [0x00000000d7400000,0x00000000d7400000,0x00000000d7a00000)
 ParOldGen       total 68608K, used 9271K [0x0000000080000000, 0x0000000084300000, 0x00000000d5580000)
  object space 68608K, 13% used [0x0000000080000000,0x000000008090dea0,0x0000000084300000)
 Metaspace       used 16398K, committed 17088K, reserved 1114112K
  class space    used 1708K, committed 1984K, reserved 1048576K
}
Event: 5.875 GC heap before
{Heap before GC invocations=6 (full 0):
 PSYoungGen      total 29184K, used 29155K [0x00000000d5580000, 0x00000000d7a00000, 0x0000000100000000)
  eden space 25088K, 100% used [0x00000000d5580000,0x00000000d6e00000,0x00000000d6e00000)
  from space 4096K, 99% used [0x00000000d6e80000,0x00000000d7278c18,0x00000000d7280000)
  to   space 6144K, 0% used [0x00000000d7400000,0x00000000d7400000,0x00000000d7a00000)
 ParOldGen       total 68608K, used 9271K [0x0000000080000000, 0x0000000084300000, 0x00000000d5580000)
  object space 68608K, 13% used [0x0000000080000000,0x000000008090dea0,0x0000000084300000)
 Metaspace       used 18969K, committed 19776K, reserved 1114112K
  class space    used 2012K, committed 2304K, reserved 1048576K
}
Event: 5.880 GC heap after
{Heap after GC invocations=6 (full 0):
 PSYoungGen      total 30208K, used 5262K [0x00000000d5580000, 0x00000000d7980000, 0x0000000100000000)
  eden space 24576K, 0% used [0x00000000d5580000,0x00000000d5580000,0x00000000d6d80000)
  from space 5632K, 93% used [0x00000000d7400000,0x00000000d7923b48,0x00000000d7980000)
  to   space 5632K, 0% used [0x00000000d6e80000,0x00000000d6e80000,0x00000000d7400000)
 ParOldGen       total 68608K, used 9279K [0x0000000080000000, 0x0000000084300000, 0x00000000d5580000)
  object space 68608K, 13% used [0x0000000080000000,0x000000008090fea0,0x0000000084300000)
 Metaspace       used 18969K, committed 19776K, reserved 1114112K
  class space    used 2012K, committed 2304K, reserved 1048576K
}
Event: 6.198 GC heap before
{Heap before GC invocations=7 (full 0):
 PSYoungGen      total 30208K, used 17891K [0x00000000d5580000, 0x00000000d7980000, 0x0000000100000000)
  eden space 24576K, 51% used [0x00000000d5580000,0x00000000d61d5120,0x00000000d6d80000)
  from space 5632K, 93% used [0x00000000d7400000,0x00000000d7923b48,0x00000000d7980000)
  to   space 5632K, 0% used [0x00000000d6e80000,0x00000000d6e80000,0x00000000d7400000)
 ParOldGen       total 68608K, used 9279K [0x0000000080000000, 0x0000000084300000, 0x00000000d5580000)
  object space 68608K, 13% used [0x0000000080000000,0x000000008090fea0,0x0000000084300000)
 Metaspace       used 20533K, committed 21504K, reserved 1114112K
  class space    used 2206K, committed 2624K, reserved 1048576K
}
Event: 6.204 GC heap after
{Heap after GC invocations=7 (full 0):
 PSYoungGen      total 29696K, used 4942K [0x00000000d5580000, 0x00000000d7780000, 0x0000000100000000)
  eden space 24576K, 0% used [0x00000000d5580000,0x00000000d5580000,0x00000000d6d80000)
  from space 5120K, 96% used [0x00000000d6e80000,0x00000000d7353960,0x00000000d7380000)
  to   space 4096K, 0% used [0x00000000d7380000,0x00000000d7380000,0x00000000d7780000)
 ParOldGen       total 68608K, used 10079K [0x0000000080000000, 0x0000000084300000, 0x00000000d5580000)
  object space 68608K, 14% used [0x0000000080000000,0x00000000809d7df0,0x0000000084300000)
 Metaspace       used 20533K, committed 21504K, reserved 1114112K
  class space    used 2206K, committed 2624K, reserved 1048576K
}
Event: 6.204 GC heap before
{Heap before GC invocations=8 (full 1):
 PSYoungGen      total 29696K, used 4942K [0x00000000d5580000, 0x00000000d7780000, 0x0000000100000000)
  eden space 24576K, 0% used [0x00000000d5580000,0x00000000d5580000,0x00000000d6d80000)
  from space 5120K, 96% used [0x00000000d6e80000,0x00000000d7353960,0x00000000d7380000)
  to   space 4096K, 0% used [0x00000000d7380000,0x00000000d7380000,0x00000000d7780000)
 ParOldGen       total 68608K, used 10079K [0x0000000080000000, 0x0000000084300000, 0x00000000d5580000)
  object space 68608K, 14% used [0x0000000080000000,0x00000000809d7df0,0x0000000084300000)
 Metaspace       used 20533K, committed 21504K, reserved 1114112K
  class space    used 2206K, committed 2624K, reserved 1048576K
}
Event: 6.245 GC heap after
{Heap after GC invocations=8 (full 1):
 PSYoungGen      total 29696K, used 0K [0x00000000d5580000, 0x00000000d7780000, 0x0000000100000000)
  eden space 24576K, 0% used [0x00000000d5580000,0x00000000d5580000,0x00000000d6d80000)
  from space 5120K, 0% used [0x00000000d6e80000,0x00000000d6e80000,0x00000000d7380000)
  to   space 4096K, 0% used [0x00000000d7380000,0x00000000d7380000,0x00000000d7780000)
 ParOldGen       total 68608K, used 14380K [0x0000000080000000, 0x0000000084300000, 0x00000000d5580000)
  object space 68608K, 20% used [0x0000000080000000,0x0000000080e0b3a8,0x0000000084300000)
 Metaspace       used 20520K, committed 21504K, reserved 1114112K
  class space    used 2202K, committed 2624K, reserved 1048576K
}
Event: 7.625 GC heap before
{Heap before GC invocations=9 (full 1):
 PSYoungGen      total 29696K, used 24576K [0x00000000d5580000, 0x00000000d7780000, 0x0000000100000000)
  eden space 24576K, 100% used [0x00000000d5580000,0x00000000d6d80000,0x00000000d6d80000)
  from space 5120K, 0% used [0x00000000d6e80000,0x00000000d6e80000,0x00000000d7380000)
  to   space 4096K, 0% used [0x00000000d7380000,0x00000000d7380000,0x00000000d7780000)
 ParOldGen       total 68608K, used 14380K [0x0000000080000000, 0x0000000084300000, 0x00000000d5580000)
  object space 68608K, 20% used [0x0000000080000000,0x0000000080e0b3a8,0x0000000084300000)
 Metaspace       used 22437K, committed 23360K, reserved 1114112K
  class space    used 2373K, committed 2752K, reserved 1048576K
}
Event: 7.626 GC heap after
{Heap after GC invocations=9 (full 1):
 PSYoungGen      total 27648K, used 3072K [0x00000000d5580000, 0x00000000d7700000, 0x0000000100000000)
  eden space 24064K, 0% used [0x00000000d5580000,0x00000000d5580000,0x00000000d6d00000)
  from space 3584K, 85% used [0x00000000d7380000,0x00000000d76803f0,0x00000000d7700000)
  to   space 4096K, 0% used [0x00000000d6f00000,0x00000000d6f00000,0x00000000d7300000)
 ParOldGen       total 68608K, used 14388K [0x0000000080000000, 0x0000000084300000, 0x00000000d5580000)
  object space 68608K, 20% used [0x0000000080000000,0x0000000080e0d3a8,0x0000000084300000)
 Metaspace       used 22437K, committed 23360K, reserved 1114112K
  class space    used 2373K, committed 2752K, reserved 1048576K
}
Event: 7.930 GC heap before
{Heap before GC invocations=10 (full 1):
 PSYoungGen      total 27648K, used 27136K [0x00000000d5580000, 0x00000000d7700000, 0x0000000100000000)
  eden space 24064K, 100% used [0x00000000d5580000,0x00000000d6d00000,0x00000000d6d00000)
  from space 3584K, 85% used [0x00000000d7380000,0x00000000d76803f0,0x00000000d7700000)
  to   space 4096K, 0% used [0x00000000d6f00000,0x00000000d6f00000,0x00000000d7300000)
 ParOldGen       total 68608K, used 14388K [0x0000000080000000, 0x0000000084300000, 0x00000000d5580000)
  object space 68608K, 20% used [0x0000000080000000,0x0000000080e0d3a8,0x0000000084300000)
 Metaspace       used 26265K, committed 27200K, reserved 1114112K
  class space    used 2649K, committed 3008K, reserved 1048576K
}
Event: 7.931 GC heap after
{Heap after GC invocations=10 (full 1):
 PSYoungGen      total 25600K, used 1574K [0x00000000d5580000, 0x00000000d7400000, 0x0000000100000000)
  eden space 23552K, 0% used [0x00000000d5580000,0x00000000d5580000,0x00000000d6c80000)
  from space 2048K, 76% used [0x00000000d6f00000,0x00000000d70898e0,0x00000000d7100000)
  to   space 2560K, 0% used [0x00000000d7180000,0x00000000d7180000,0x00000000d7400000)
 ParOldGen       total 68608K, used 14396K [0x0000000080000000, 0x0000000084300000, 0x00000000d5580000)
  object space 68608K, 20% used [0x0000000080000000,0x0000000080e0f3a8,0x0000000084300000)
 Metaspace       used 26265K, committed 27200K, reserved 1114112K
  class space    used 2649K, committed 3008K, reserved 1048576K
}
Event: 8.261 GC heap before
{Heap before GC invocations=11 (full 1):
 PSYoungGen      total 25600K, used 25126K [0x00000000d5580000, 0x00000000d7400000, 0x0000000100000000)
  eden space 23552K, 100% used [0x00000000d5580000,0x00000000d6c80000,0x00000000d6c80000)
  from space 2048K, 76% used [0x00000000d6f00000,0x00000000d70898e0,0x00000000d7100000)
  to   space 2560K, 0% used [0x00000000d7180000,0x00000000d7180000,0x00000000d7400000)
 ParOldGen       total 68608K, used 14396K [0x0000000080000000, 0x0000000084300000, 0x00000000d5580000)
  object space 68608K, 20% used [0x0000000080000000,0x0000000080e0f3a8,0x0000000084300000)
 Metaspace       used 28009K, committed 29056K, reserved 1114112K
  class space    used 2778K, committed 3200K, reserved 1048576K
}
Event: 8.263 GC heap after
{Heap after GC invocations=11 (full 1):
 PSYoungGen      total 25088K, used 1915K [0x00000000d5580000, 0x00000000d7380000, 0x0000000100000000)
  eden space 23040K, 0% used [0x00000000d5580000,0x00000000d5580000,0x00000000d6c00000)
  from space 2048K, 93% used [0x00000000d7180000,0x00000000d735eda0,0x00000000d7380000)
  to   space 2048K, 0% used [0x00000000d6f80000,0x00000000d6f80000,0x00000000d7180000)
 ParOldGen       total 68608K, used 16274K [0x0000000080000000, 0x0000000084300000, 0x00000000d5580000)
  object space 68608K, 23% used [0x0000000080000000,0x0000000080fe4a78,0x0000000084300000)
 Metaspace       used 28009K, committed 29056K, reserved 1114112K
  class space    used 2778K, committed 3200K, reserved 1048576K
}
Event: 8.804 GC heap before
{Heap before GC invocations=12 (full 1):
 PSYoungGen      total 25088K, used 24955K [0x00000000d5580000, 0x00000000d7380000, 0x0000000100000000)
  eden space 23040K, 100% used [0x00000000d5580000,0x00000000d6c00000,0x00000000d6c00000)
  from space 2048K, 93% used [0x00000000d7180000,0x00000000d735eda0,0x00000000d7380000)
  to   space 2048K, 0% used [0x00000000d6f80000,0x00000000d6f80000,0x00000000d7180000)
 ParOldGen       total 68608K, used 16274K [0x0000000080000000, 0x0000000084300000, 0x00000000d5580000)
  object space 68608K, 23% used [0x0000000080000000,0x0000000080fe4a78,0x0000000084300000)
 Metaspace       used 31105K, committed 32192K, reserved 1114112K
  class space    used 3146K, committed 3648K, reserved 1048576K
}
Event: 8.807 GC heap after
{Heap after GC invocations=12 (full 1):
 PSYoungGen      total 24576K, used 2017K [0x00000000d5580000, 0x00000000d7480000, 0x0000000100000000)
  eden space 22528K, 0% used [0x00000000d5580000,0x00000000d5580000,0x00000000d6b80000)
  from space 2048K, 98% used [0x00000000d6f80000,0x00000000d7178568,0x00000000d7180000)
  to   space 3072K, 0% used [0x00000000d7180000,0x00000000d7180000,0x00000000d7480000)
 ParOldGen       total 68608K, used 18108K [0x0000000080000000, 0x0000000084300000, 0x00000000d5580000)
  object space 68608K, 26% used [0x0000000080000000,0x00000000811af100,0x0000000084300000)
 Metaspace       used 31105K, committed 32192K, reserved 1114112K
  class space    used 3146K, committed 3648K, reserved 1048576K
}

Dll operation events (10 events):
Event: 0.027 Loaded shared library c:\Users\HP\.antigravity\extensions\redhat.java-1.54.0-win32-x64\jre\21.0.10-win32-x86_64\bin\java.dll
Event: 0.205 Loaded shared library c:\Users\HP\.antigravity\extensions\redhat.java-1.54.0-win32-x64\jre\21.0.10-win32-x86_64\bin\zip.dll
Event: 0.251 Loaded shared library C:\Users\HP\.antigravity\extensions\redhat.java-1.54.0-win32-x64\jre\21.0.10-win32-x86_64\bin\instrument.dll
Event: 0.270 Loaded shared library C:\Users\HP\.antigravity\extensions\redhat.java-1.54.0-win32-x64\jre\21.0.10-win32-x86_64\bin\net.dll
Event: 0.281 Loaded shared library C:\Users\HP\.antigravity\extensions\redhat.java-1.54.0-win32-x64\jre\21.0.10-win32-x86_64\bin\nio.dll
Event: 0.293 Loaded shared library C:\Users\HP\.antigravity\extensions\redhat.java-1.54.0-win32-x64\jre\21.0.10-win32-x86_64\bin\zip.dll
Event: 0.344 Loaded shared library C:\Users\HP\.antigravity\extensions\redhat.java-1.54.0-win32-x64\jre\21.0.10-win32-x86_64\bin\jimage.dll
Event: 0.539 Loaded shared library c:\Users\HP\.antigravity\extensions\redhat.java-1.54.0-win32-x64\jre\21.0.10-win32-x86_64\bin\verify.dll
Event: 2.793 Loaded shared library C:\Users\HP\AppData\Roaming\Antigravity\User\globalStorage\redhat.java\1.54.0\config_win\org.eclipse.equinox.launcher\org.eclipse.equinox.launcher.win32.win32.x86_64_1.3.0.v20260203-2149\eclipse_11919.dll
Event: 5.276 Loaded shared library C:\Users\HP\AppData\Local\Temp\jna-2312\jna7681482973805671449.dll

Deoptimization events (20 events):
Event: 8.850 Thread 0x000001f41e0b3030 Uncommon trap: trap_request=0xffffff45 fr.pc=0x000001f428f7c2c4 relative=0x00000000000008a4
Event: 8.850 Thread 0x000001f41e0b3030 Uncommon trap: reason=unstable_if action=reinterpret pc=0x000001f428f7c2c4 method=java.util.concurrent.locks.ReentrantReadWriteLock$Sync.tryAcquireShared(I)I @ 81 c2
Event: 8.850 Thread 0x000001f47d380fb0 Uncommon trap: trap_request=0xffffff45 fr.pc=0x000001f428f7c2c4 relative=0x00000000000008a4
Event: 8.850 Thread 0x000001f47d380fb0 Uncommon trap: reason=unstable_if action=reinterpret pc=0x000001f428f7c2c4 method=java.util.concurrent.locks.ReentrantReadWriteLock$Sync.tryAcquireShared(I)I @ 81 c2
Event: 8.850 Thread 0x000001f41e0b3030 DEOPT PACKING pc=0x000001f428f7c2c4 sp=0x000000be72ff74a0
Event: 8.850 Thread 0x000001f47d380fb0 DEOPT PACKING pc=0x000001f428f7c2c4 sp=0x000000be751fa520
Event: 8.850 Thread 0x000001f41e0b3030 DEOPT UNPACKING pc=0x000001f428833aa2 sp=0x000000be72ff7108 mode 2
Event: 8.850 Thread 0x000001f47d380fb0 DEOPT UNPACKING pc=0x000001f428833aa2 sp=0x000000be751fa188 mode 2
Event: 8.851 Thread 0x000001f41e0b3030 Uncommon trap: trap_request=0xffffff45 fr.pc=0x000001f428f2f764 relative=0x00000000000000c4
Event: 8.851 Thread 0x000001f41e0b3030 Uncommon trap: reason=unstable_if action=reinterpret pc=0x000001f428f2f764 method=java.util.concurrent.locks.ReentrantReadWriteLock$Sync.tryReleaseShared(I)Z @ 9 c2
Event: 8.851 Thread 0x000001f41e0b3030 DEOPT PACKING pc=0x000001f428f2f764 sp=0x000000be72ff7250
Event: 8.851 Thread 0x000001f41e0b3030 DEOPT UNPACKING pc=0x000001f428833aa2 sp=0x000000be72ff71d0 mode 2
Event: 8.851 Thread 0x000001f41e0b3030 Uncommon trap: trap_request=0xffffff45 fr.pc=0x000001f428f2b168 relative=0x00000000000001c8
Event: 8.851 Thread 0x000001f41e0b3030 Uncommon trap: reason=unstable_if action=reinterpret pc=0x000001f428f2b168 method=java.util.concurrent.locks.ReentrantReadWriteLock$Sync.tryAcquireShared(I)I @ 81 c2
Event: 8.851 Thread 0x000001f41e0b3030 DEOPT PACKING pc=0x000001f428f2b168 sp=0x000000be72ff7310
Event: 8.851 Thread 0x000001f41e0b3030 DEOPT UNPACKING pc=0x000001f428833aa2 sp=0x000000be72ff7230 mode 2
Event: 8.887 Thread 0x000001f41e0b3030 Uncommon trap: trap_request=0xffffff45 fr.pc=0x000001f428f7288c relative=0x0000000000000e6c
Event: 8.887 Thread 0x000001f41e0b3030 Uncommon trap: reason=unstable_if action=reinterpret pc=0x000001f428f7288c method=java.util.Properties.loadConvert([CIILjava/lang/StringBuilder;)Ljava/lang/String; @ 477 c2
Event: 8.887 Thread 0x000001f41e0b3030 DEOPT PACKING pc=0x000001f428f7288c sp=0x000000be72ff9880
Event: 8.887 Thread 0x000001f41e0b3030 DEOPT UNPACKING pc=0x000001f428833aa2 sp=0x000000be72ff9860 mode 2

Classes loaded (20 events):
Event: 8.734 Loading class java/security/spec/InvalidParameterSpecException
Event: 8.734 Loading class java/security/spec/InvalidParameterSpecException done
Event: 8.734 Loading class java/security/InvalidAlgorithmParameterException
Event: 8.734 Loading class java/security/InvalidAlgorithmParameterException done
Event: 8.734 Loading class java/security/spec/InvalidKeySpecException
Event: 8.734 Loading class java/security/spec/InvalidKeySpecException done
Event: 8.734 Loading class javax/crypto/NoSuchPaddingException
Event: 8.734 Loading class javax/crypto/NoSuchPaddingException done
Event: 8.736 Loading class javax/crypto/spec/PBEKeySpec
Event: 8.736 Loading class javax/crypto/spec/PBEKeySpec done
Event: 8.758 Loading class jdk/internal/reflect/MethodHandleBooleanFieldAccessorImpl
Event: 8.759 Loading class jdk/internal/reflect/MethodHandleBooleanFieldAccessorImpl done
Event: 8.836 Loading class java/util/concurrent/Executors$DefaultThreadFactory
Event: 8.836 Loading class java/util/concurrent/Executors$DefaultThreadFactory done
Event: 8.851 Loading class java/util/concurrent/locks/ReentrantReadWriteLock$Sync$HoldCounter
Event: 8.851 Loading class java/util/concurrent/locks/ReentrantReadWriteLock$Sync$HoldCounter done
Event: 8.853 Loading class javax/xml/parsers/FactoryConfigurationError
Event: 8.854 Loading class javax/xml/parsers/FactoryConfigurationError done
Event: 8.912 Loading class java/io/UncheckedIOException
Event: 8.912 Loading class java/io/UncheckedIOException done

Classes unloaded (7 events):
Event: 6.212 Thread 0x000001f434b423d0 Unloading class 0x000001f4361acc00 'java/lang/invoke/LambdaForm$MH+0x000001f4361acc00'
Event: 6.212 Thread 0x000001f434b423d0 Unloading class 0x000001f4361ac800 'java/lang/invoke/LambdaForm$MH+0x000001f4361ac800'
Event: 6.212 Thread 0x000001f434b423d0 Unloading class 0x000001f4361ac400 'java/lang/invoke/LambdaForm$MH+0x000001f4361ac400'
Event: 6.212 Thread 0x000001f434b423d0 Unloading class 0x000001f4361ac000 'java/lang/invoke/LambdaForm$MH+0x000001f4361ac000'
Event: 6.212 Thread 0x000001f434b423d0 Unloading class 0x000001f4361abc00 'java/lang/invoke/LambdaForm$BMH+0x000001f4361abc00'
Event: 6.212 Thread 0x000001f434b423d0 Unloading class 0x000001f4361ab800 'java/lang/invoke/LambdaForm$DMH+0x000001f4361ab800'
Event: 6.212 Thread 0x000001f434b423d0 Unloading class 0x000001f4361aa400 'java/lang/invoke/LambdaForm$DMH+0x000001f4361aa400'

Classes redefined (0 events):
No events

Internal exceptions (20 events):
Event: 6.297 Thread 0x000001f47ca8a350 Exception <a 'java/lang/NoSuchMethodError'{0x00000000d5723190}: 'java.lang.Object java.lang.invoke.DelegatingMethodHandle$Holder.delegate(java.lang.Object, java.lang.Object, java.lang.Object, java.lang.Object, java.lang.Object, java.lang.Object, java.lang.Object, java.lang.Object, java.lang.Object, java.lang.Object, java.lang.Object, java.lang.Object, java.lang.Object)'> (0x00000000d5723190) 
thrown [s\src\hotspot\share\interpreter\linkResolver.cpp, line 773]
Event: 6.310 Thread 0x000001f47ca8a350 Exception <a 'java/lang/NoSuchMethodError'{0x00000000d578ef40}: static Lorg/eclipse/m2e/core/internal/lifecyclemapping/model/PluginExecutionMetadata;.<clinit>()V> (0x00000000d578ef40) 
thrown [s\src\hotspot\share\prims\jni.cpp, line 1111]
Event: 6.321 Thread 0x000001f47ca8a350 Exception <a 'java/lang/NoSuchMethodError'{0x00000000d57ef1e0}: static Lorg/eclipse/m2e/core/internal/lifecyclemapping/model/PluginExecutionFilter;.<clinit>()V> (0x00000000d57ef1e0) 
thrown [s\src\hotspot\share\prims\jni.cpp, line 1111]
Event: 6.329 Thread 0x000001f47ca8a350 Exception <a 'java/lang/NoSuchMethodError'{0x00000000d5825188}: static Lorg/eclipse/m2e/core/internal/project/registry/MavenProjectFacade$MavenProjectConfiguration;.<clinit>()V> (0x00000000d5825188) 
thrown [s\src\hotspot\share\prims\jni.cpp, line 1111]
Event: 7.511 Thread 0x000001f47ca8a350 Exception <a 'java/lang/NoSuchMethodError'{0x00000000d5dd0b10}: 'double java.lang.invoke.DirectMethodHandle$Holder.invokeStatic(java.lang.Object, java.lang.Object)'> (0x00000000d5dd0b10) 
thrown [s\src\hotspot\share\interpreter\linkResolver.cpp, line 773]
Event: 7.512 Thread 0x000001f47ca8a350 Exception <a 'java/lang/NoSuchMethodError'{0x00000000d5dd41d0}: 'double java.lang.invoke.DirectMethodHandle$Holder.invokeStaticInit(java.lang.Object, java.lang.Object)'> (0x00000000d5dd41d0) 
thrown [s\src\hotspot\share\interpreter\linkResolver.cpp, line 773]
Event: 7.870 Thread 0x000001f47ca8a350 Implicit null exception at 0x000001f428f3f875 to 0x000001f428f3f950
Event: 8.011 Thread 0x000001f47ca8a350 Exception <a 'java/lang/NoSuchMethodError'{0x00000000d638a388}: 'java.lang.Object java.lang.invoke.DirectMethodHandle$Holder.newInvokeSpecial(java.lang.Object, int, java.lang.Object, java.lang.Object)'> (0x00000000d638a388) 
thrown [s\src\hotspot\share\interpreter\linkResolver.cpp, line 773]
Event: 8.014 Thread 0x000001f47ca8a350 Exception <a 'java/io/FileNotFoundException'{0x00000000d63a0430}> (0x00000000d63a0430) 
thrown [s\src\hotspot\share\prims\jni.cpp, line 520]
Event: 8.015 Thread 0x000001f47ca8a350 Exception <a 'java/io/FileNotFoundException'{0x00000000d63a1820}> (0x00000000d63a1820) 
thrown [s\src\hotspot\share\prims\jni.cpp, line 520]
Event: 8.260 Thread 0x000001f47ca8a350 Exception <a 'java/lang/ClassNotFoundException'{0x00000000d6c6f1f0}: com/sun/org/apache/xerces/internal/impl/msg/spi/DOMMessagesProvider> (0x00000000d6c6f1f0) 
thrown [s\src\hotspot\share\classfile\systemDictionary.cpp, line 312]
Event: 8.265 Thread 0x000001f47ca8a350 Exception <a 'java/lang/ClassNotFoundException'{0x00000000d5593e78}: com/sun/org/apache/xerces/internal/impl/msg/spi/XMLSerializerMessagesProvider> (0x00000000d5593e78) 
thrown [s\src\hotspot\share\classfile\systemDictionary.cpp, line 312]
Event: 8.266 Thread 0x000001f47ca8a350 Exception <a 'java/lang/ClassNotFoundException'{0x00000000d55ac548}: com/sun/org/apache/xerces/internal/impl/msg/spi/XMLMessagesProvider> (0x00000000d55ac548) 
thrown [s\src\hotspot\share\classfile\systemDictionary.cpp, line 312]
Event: 8.461 Thread 0x000001f47ca8a350 Exception <a 'java/lang/ClassNotFoundException'{0x00000000d5db0470}: com/sun/org/apache/xml/internal/serializer/spi/XMLEntitiesProvider> (0x00000000d5db0470) 
thrown [s\src\hotspot\share\classfile\systemDictionary.cpp, line 312]
Event: 8.547 Thread 0x000001f47d381cd0 Exception <a 'java/lang/NoSuchMethodError'{0x00000000d60b67d8}: 'java.lang.Object java.lang.invoke.DirectMethodHandle$Holder.invokeSpecialIFC(java.lang.Object, java.lang.Object, java.lang.Object, java.lang.Object)'> (0x00000000d60b67d8) 
thrown [s\src\hotspot\share\interpreter\linkResolver.cpp, line 773]
Event: 8.659 Thread 0x000001f47ca8a350 Exception <a 'java/io/FileNotFoundException'{0x00000000d6443408}> (0x00000000d6443408) 
thrown [s\src\hotspot\share\prims\jni.cpp, line 520]
Event: 8.712 Thread 0x000001f47ca8a350 Exception <a 'java/lang/UnsatisfiedLinkError'{0x00000000d6787410}: La procédure spécifiée est introuvable.
> (0x00000000d6787410) 
thrown [s\src\hotspot\share\prims\jni.cpp, line 539]
Event: 8.721 Thread 0x000001f47ca8a350 Exception <a 'java/io/FileNotFoundException'{0x00000000d679f250}> (0x00000000d679f250) 
thrown [s\src\hotspot\share\prims\jni.cpp, line 520]
Event: 8.738 Thread 0x000001f47ca8a350 Exception <a 'java/io/FileNotFoundException'{0x00000000d6934690}> (0x00000000d6934690) 
thrown [s\src\hotspot\share\prims\jni.cpp, line 520]
Event: 8.759 Thread 0x000001f47ca8a350 Exception <a 'java/lang/UnsatisfiedLinkError'{0x00000000d6a22750}: La procédure spécifiée est introuvable.
> (0x00000000d6a22750) 
thrown [s\src\hotspot\share\prims\jni.cpp, line 539]

ZGC Phase Switch (0 events):
No events

VM Operations (20 events):
Event: 6.116 Executing non-safepoint VM operation: HandshakeAllThreads (Deoptimize) done
Event: 6.198 Executing safepoint VM operation: CollectForMetadataAllocation (Metadata GC Threshold)
Event: 6.245 Executing safepoint VM operation: CollectForMetadataAllocation (Metadata GC Threshold) done
Event: 7.258 Executing safepoint VM operation: Cleanup
Event: 7.258 Executing safepoint VM operation: Cleanup done
Event: 7.625 Executing safepoint VM operation: ParallelGCFailedAllocation (Allocation Failure)
Event: 7.626 Executing safepoint VM operation: ParallelGCFailedAllocation (Allocation Failure) done
Event: 7.930 Executing safepoint VM operation: ParallelGCFailedAllocation (Allocation Failure)
Event: 7.931 Executing safepoint VM operation: ParallelGCFailedAllocation (Allocation Failure) done
Event: 8.261 Executing safepoint VM operation: ParallelGCFailedAllocation (Allocation Failure)
Event: 8.263 Executing safepoint VM operation: ParallelGCFailedAllocation (Allocation Failure) done
Event: 8.327 Executing non-safepoint VM operation: HandshakeAllThreads (Deoptimize)
Event: 8.327 Executing non-safepoint VM operation: HandshakeAllThreads (Deoptimize) done
Event: 8.451 Executing non-safepoint VM operation: HandshakeAllThreads (Deoptimize)
Event: 8.452 Executing non-safepoint VM operation: HandshakeAllThreads (Deoptimize) done
Event: 8.516 Executing non-safepoint VM operation: HandshakeAllThreads (Deoptimize)
Event: 8.516 Executing non-safepoint VM operation: HandshakeAllThreads (Deoptimize) done
Event: 8.795 Executing safepoint VM operation: ParallelGCFailedAllocation (Allocation Failure)
Event: 8.807 Executing safepoint VM operation: ParallelGCFailedAllocation (Allocation Failure) done
Event: 9.815 Executing safepoint VM operation: Cleanup

Memory protections (0 events):
No events

Nmethod flushes (0 events):
No events

Events (20 events):
Event: 1.717 Thread 0x000001f47c01c570 Thread exited: 0x000001f47c01c570
Event: 1.744 Thread 0x000001f476f37df0 Thread added: 0x000001f47c01b100
Event: 2.337 Thread 0x000001f41e0b3030 Thread added: 0x000001f47c6d2780
Event: 2.772 Thread 0x000001f41e0b3030 Thread added: 0x000001f47ca69c90
Event: 2.870 Thread 0x000001f47ca69c90 Thread added: 0x000001f47ca89910
Event: 2.877 Thread 0x000001f41e0b3030 Thread added: 0x000001f47ca8a350
Event: 2.915 Thread 0x000001f47c01b100 Thread exited: 0x000001f47c01b100
Event: 3.141 Thread 0x000001f476f37df0 Thread added: 0x000001f47c73e7b0
Event: 3.580 Thread 0x000001f47ca8a350 Thread added: 0x000001f47c7ac7f0
Event: 4.139 Thread 0x000001f47ca8a350 Thread added: 0x000001f47cdba9d0
Event: 4.632 Thread 0x000001f47ca8a350 Thread added: 0x000001f47d37fc00
Event: 5.333 Thread 0x000001f47ca8a350 Thread added: 0x000001f47d380920
Event: 5.415 Thread 0x000001f47ca8a350 Thread added: 0x000001f47d381cd0
Event: 5.421 Thread 0x000001f47c73e7b0 Thread exited: 0x000001f47c73e7b0
Event: 5.465 Thread 0x000001f47ca8a350 Thread added: 0x000001f47d3829f0
Event: 5.594 Thread 0x000001f476f37df0 Thread added: 0x000001f47c73c5a0
Event: 7.570 Thread 0x000001f47d381cd0 Thread added: 0x000001f47d380fb0
Event: 8.294 Thread 0x000001f47ca8a350 Thread added: 0x000001f47d381640
Event: 8.481 Thread 0x000001f476f37df0 Thread added: 0x000001f47c73e7b0
Event: 8.840 Thread 0x000001f47d3829f0 Thread added: 0x000001f47d37f570


Dynamic libraries:
0x00007ff709bc0000 - 0x00007ff709bce000 	c:\Users\HP\.antigravity\extensions\redhat.java-1.54.0-win32-x64\jre\21.0.10-win32-x86_64\bin\java.exe
0x00007ffe3f480000 - 0x00007ffe3f6e7000 	C:\WINDOWS\SYSTEM32\ntdll.dll
0x00007ffe00ff0000 - 0x00007ffe01011000 	C:\Program Files\Avast Software\Avast\aswhook.dll
0x00007ffe3e490000 - 0x00007ffe3e559000 	C:\WINDOWS\System32\KERNEL32.DLL
0x00007ffe3bd20000 - 0x00007ffe3c114000 	C:\WINDOWS\System32\KERNELBASE.dll
0x00007ffe3c290000 - 0x00007ffe3c3db000 	C:\WINDOWS\System32\ucrtbase.dll
0x00007ffe18250000 - 0x00007ffe1826e000 	c:\Users\HP\.antigravity\extensions\redhat.java-1.54.0-win32-x64\jre\21.0.10-win32-x86_64\bin\VCRUNTIME140.dll
0x00007ffe18230000 - 0x00007ffe18248000 	c:\Users\HP\.antigravity\extensions\redhat.java-1.54.0-win32-x64\jre\21.0.10-win32-x86_64\bin\jli.dll
0x00007ffe3df80000 - 0x00007ffe3e145000 	C:\WINDOWS\System32\USER32.dll
0x00007ffe3d070000 - 0x00007ffe3d097000 	C:\WINDOWS\System32\win32u.dll
0x00007ffe0e7b0000 - 0x00007ffe0ea43000 	C:\WINDOWS\WinSxS\amd64_microsoft.windows.common-controls_6595b64144ccf1df_6.0.26100.8115_none_3e075c82e3354f9c\COMCTL32.dll
0x00007ffe3e940000 - 0x00007ffe3e96b000 	C:\WINDOWS\System32\GDI32.dll
0x00007ffe3cd00000 - 0x00007ffe3ce2b000 	C:\WINDOWS\System32\gdi32full.dll
0x00007ffe3ded0000 - 0x00007ffe3df79000 	C:\WINDOWS\System32\msvcrt.dll
0x00007ffe3c3e0000 - 0x00007ffe3c483000 	C:\WINDOWS\System32\msvcp_win.dll
0x00007ffe3e3c0000 - 0x00007ffe3e3f2000 	C:\WINDOWS\System32\IMM32.DLL
0x00007ffe36c30000 - 0x00007ffe36c3c000 	c:\Users\HP\.antigravity\extensions\redhat.java-1.54.0-win32-x64\jre\21.0.10-win32-x86_64\bin\vcruntime140_1.dll
0x00007ffe030d0000 - 0x00007ffe0315d000 	c:\Users\HP\.antigravity\extensions\redhat.java-1.54.0-win32-x64\jre\21.0.10-win32-x86_64\bin\msvcp140.dll
0x00007ffd94340000 - 0x00007ffd950e1000 	c:\Users\HP\.antigravity\extensions\redhat.java-1.54.0-win32-x64\jre\21.0.10-win32-x86_64\bin\server\jvm.dll
0x00007ffe3f190000 - 0x00007ffe3f246000 	C:\WINDOWS\System32\ADVAPI32.dll
0x00007ffe3d210000 - 0x00007ffe3d2b7000 	C:\WINDOWS\System32\sechost.dll
0x00007ffe3e570000 - 0x00007ffe3e688000 	C:\WINDOWS\System32\RPCRT4.dll
0x00007ffe3eb90000 - 0x00007ffe3ec10000 	C:\WINDOWS\System32\WS2_32.dll
0x00007ffe3bba0000 - 0x00007ffe3bbfe000 	C:\WINDOWS\SYSTEM32\POWRPROF.dll
0x00007ffe33ae0000 - 0x00007ffe33b16000 	C:\WINDOWS\SYSTEM32\WINMM.dll
0x00007ffe2d8f0000 - 0x00007ffe2d8fb000 	C:\WINDOWS\SYSTEM32\VERSION.dll
0x00007ffe3bb60000 - 0x00007ffe3bb74000 	C:\WINDOWS\SYSTEM32\UMPDC.dll
0x00007ffe3aab0000 - 0x00007ffe3aacb000 	C:\WINDOWS\SYSTEM32\kernel.appcore.dll
0x00007ffe17ce0000 - 0x00007ffe17cea000 	c:\Users\HP\.antigravity\extensions\redhat.java-1.54.0-win32-x64\jre\21.0.10-win32-x86_64\bin\jimage.dll
0x00007ffe39cb0000 - 0x00007ffe39ef2000 	C:\WINDOWS\SYSTEM32\DBGHELP.DLL
0x00007ffe3db40000 - 0x00007ffe3dec2000 	C:\WINDOWS\System32\combase.dll
0x00007ffe3f0b0000 - 0x00007ffe3f188000 	C:\WINDOWS\System32\OLEAUT32.dll
0x00007ffe272f0000 - 0x00007ffe2732b000 	C:\WINDOWS\SYSTEM32\dbgcore.DLL
0x00007ffe3d0a0000 - 0x00007ffe3d145000 	C:\WINDOWS\System32\bcryptPrimitives.dll
0x00007ffe179a0000 - 0x00007ffe179af000 	c:\Users\HP\.antigravity\extensions\redhat.java-1.54.0-win32-x64\jre\21.0.10-win32-x86_64\bin\instrument.dll
0x00007ffe18200000 - 0x00007ffe18220000 	c:\Users\HP\.antigravity\extensions\redhat.java-1.54.0-win32-x64\jre\21.0.10-win32-x86_64\bin\java.dll
0x00007ffe3d330000 - 0x00007ffe3da97000 	C:\WINDOWS\System32\SHELL32.dll
0x00007ffe3c120000 - 0x00007ffe3c28a000 	C:\WINDOWS\System32\wintypes.dll
0x00007ffe3c490000 - 0x00007ffe3ccf8000 	C:\WINDOWS\System32\windows.storage.dll
0x00007ffe3e6e0000 - 0x00007ffe3e7d8000 	C:\WINDOWS\System32\SHCORE.dll
0x00007ffe3d2c0000 - 0x00007ffe3d326000 	C:\WINDOWS\System32\shlwapi.dll
0x00007ffe3bc40000 - 0x00007ffe3bc69000 	C:\WINDOWS\SYSTEM32\profapi.dll
0x00007ffe181e0000 - 0x00007ffe181f8000 	c:\Users\HP\.antigravity\extensions\redhat.java-1.54.0-win32-x64\jre\21.0.10-win32-x86_64\bin\zip.dll
0x00007ffe181d0000 - 0x00007ffe181e0000 	C:\Users\HP\.antigravity\extensions\redhat.java-1.54.0-win32-x64\jre\21.0.10-win32-x86_64\bin\net.dll
0x00007ffe32d80000 - 0x00007ffe32ead000 	C:\WINDOWS\SYSTEM32\WINHTTP.dll
0x00007ffe3b020000 - 0x00007ffe3b08c000 	C:\WINDOWS\system32\mswsock.dll
0x00007ffe17cf0000 - 0x00007ffe17d06000 	C:\Users\HP\.antigravity\extensions\redhat.java-1.54.0-win32-x64\jre\21.0.10-win32-x86_64\bin\nio.dll
0x00007ffe181c0000 - 0x00007ffe181d0000 	c:\Users\HP\.antigravity\extensions\redhat.java-1.54.0-win32-x64\jre\21.0.10-win32-x86_64\bin\verify.dll
0x00007ffddd290000 - 0x00007ffddd2d5000 	C:\Users\HP\AppData\Roaming\Antigravity\User\globalStorage\redhat.java\1.54.0\config_win\org.eclipse.equinox.launcher\org.eclipse.equinox.launcher.win32.win32.x86_64_1.3.0.v20260203-2149\eclipse_11919.dll
0x00007ffe3e970000 - 0x00007ffe3eb07000 	C:\WINDOWS\System32\ole32.dll
0x00007ffe3b310000 - 0x00007ffe3b32b000 	C:\WINDOWS\SYSTEM32\CRYPTSP.dll
0x00007ffe3aa10000 - 0x00007ffe3aa49000 	C:\WINDOWS\system32\rsaenh.dll
0x00007ffe3b0d0000 - 0x00007ffe3b103000 	C:\WINDOWS\SYSTEM32\USERENV.dll
0x00007ffe3bc10000 - 0x00007ffe3bc3a000 	C:\WINDOWS\SYSTEM32\bcrypt.dll
0x00007ffe3b300000 - 0x00007ffe3b30c000 	C:\WINDOWS\SYSTEM32\CRYPTBASE.dll
0x00007ffe3a4b0000 - 0x00007ffe3a4e2000 	C:\WINDOWS\SYSTEM32\IPHLPAPI.DLL
0x00007ffe3db30000 - 0x00007ffe3db3a000 	C:\WINDOWS\System32\NSI.dll
0x00007ffddaa00000 - 0x00007ffddaa49000 	C:\Users\HP\AppData\Local\Temp\jna-2312\jna7681482973805671449.dll
0x00007ffe3e3b0000 - 0x00007ffe3e3b8000 	C:\WINDOWS\System32\PSAPI.DLL
0x00007ffe33570000 - 0x00007ffe3358d000 	C:\WINDOWS\SYSTEM32\dhcpcsvc6.DLL
0x00007ffe33460000 - 0x00007ffe33485000 	C:\WINDOWS\SYSTEM32\dhcpcsvc.DLL

JVMTI agents:
c:\Users\HP\.antigravity\extensions\redhat.java-1.54.0-win32-x64\lombok\lombok-1.18.39-4050.jar path:c:\Users\HP\.antigravity\extensions\redhat.java-1.54.0-win32-x64\jre\21.0.10-win32-x86_64\bin\instrument.dll, loaded, initialized, instrumentlib options:none

dbghelp: loaded successfully - version: 4.0.5 - missing functions: none
symbol engine: initialized successfully - sym options: 0x614 - pdb path: .;c:\Users\HP\.antigravity\extensions\redhat.java-1.54.0-win32-x64\jre\21.0.10-win32-x86_64\bin;C:\WINDOWS\SYSTEM32;C:\Program Files\Avast Software\Avast;C:\WINDOWS\WinSxS\amd64_microsoft.windows.common-controls_6595b64144ccf1df_6.0.26100.8115_none_3e075c82e3354f9c;c:\Users\HP\.antigravity\extensions\redhat.java-1.54.0-win32-x64\jre\21.0.10-win32-x86_64\bin\server;C:\Users\HP\AppData\Roaming\Antigravity\User\globalStorage\redhat.java\1.54.0\config_win\org.eclipse.equinox.launcher\org.eclipse.equinox.launcher.win32.win32.x86_64_1.3.0.v20260203-2149;C:\Users\HP\AppData\Local\Temp\jna-2312

VM Arguments:
jvm_args: --add-modules=ALL-SYSTEM --add-opens=java.base/java.util=ALL-UNNAMED --add-opens=java.base/java.lang=ALL-UNNAMED --add-opens=java.base/sun.nio.fs=ALL-UNNAMED -Declipse.application=org.eclipse.jdt.ls.core.id1 -Dosgi.bundles.defaultStartLevel=4 -Declipse.product=org.eclipse.jdt.ls.core.product -Djava.import.generatesMetadataFilesAtProjectRoot=false -DDetectVMInstallationsJob.disabled=true -Dfile.encoding=utf8 -XX:+UseParallelGC -XX:GCTimeRatio=4 -XX:AdaptiveSizePolicyWeight=90 -Dsun.zip.disableMemoryMapping=true -Xmx2G -Xms100m -Xlog:disable -javaagent:c:\Users\HP\.antigravity\extensions\redhat.java-1.54.0-win32-x64\lombok\lombok-1.18.39-4050.jar -XX:+HeapDumpOnOutOfMemoryError -XX:HeapDumpPath=c:\Users\HP\AppData\Roaming\Antigravity\User\workspaceStorage\4dfc41c91c2c781069e695ab18a74c91\redhat.java -Daether.dependencyCollector.impl=bf 
java_command: c:\Users\HP\.antigravity\extensions\redhat.java-1.54.0-win32-x64\server\plugins\org.eclipse.equinox.launcher_1.7.100.v20251111-0406.jar -configuration c:\Users\HP\AppData\Roaming\Antigravity\User\globalStorage\redhat.java\1.54.0\config_win -data c:\Users\HP\AppData\Roaming\Antigravity\User\workspaceStorage\4dfc41c91c2c781069e695ab18a74c91\redhat.java\jdt_ws --pipe=\\.\pipe\lsp-3999640328435b31bc58490f3d359534-sock
java_class_path (initial): c:\Users\HP\.antigravity\extensions\redhat.java-1.54.0-win32-x64\server\plugins\org.eclipse.equinox.launcher_1.7.100.v20251111-0406.jar
Launcher Type: SUN_STANDARD

[Global flags]
    uintx AdaptiveSizePolicyWeight                 = 90                                        {product} {command line}
     intx CICompilerCount                          = 4                                         {product} {ergonomic}
    uintx GCTimeRatio                              = 4                                         {product} {command line}
     bool HeapDumpOnOutOfMemoryError               = true                                   {manageable} {command line}
    ccstr HeapDumpPath                             = c:\Users\HP\AppData\Roaming\Antigravity\User\workspaceStorage\4dfc41c91c2c781069e695ab18a74c91\redhat.java         {manageable} {command line}
   size_t InitialHeapSize                          = 104857600                                 {product} {command line}
   size_t MaxHeapSize                              = 2147483648                                {product} {command line}
   size_t MaxNewSize                               = 715653120                                 {product} {ergonomic}
   size_t MinHeapDeltaBytes                        = 524288                                    {product} {ergonomic}
   size_t MinHeapSize                              = 104857600                                 {product} {command line}
   size_t NewSize                                  = 34603008                                  {product} {ergonomic}
    uintx NonNMethodCodeHeapSize                   = 5839372                                {pd product} {ergonomic}
    uintx NonProfiledCodeHeapSize                  = 122909434                              {pd product} {ergonomic}
   size_t OldSize                                  = 70254592                                  {product} {ergonomic}
    uintx ProfiledCodeHeapSize                     = 122909434                              {pd product} {ergonomic}
    uintx ReservedCodeCacheSize                    = 251658240                              {pd product} {ergonomic}
     bool SegmentedCodeCache                       = true                                      {product} {ergonomic}
   size_t SoftMaxHeapSize                          = 2147483648                             {manageable} {ergonomic}
     bool UseCompressedOops                        = true                           {product lp64_product} {ergonomic}
     bool UseLargePagesIndividualAllocation        = false                                  {pd product} {ergonomic}
     bool UseParallelGC                            = true                                      {product} {command line}

Logging:
Log output configuration:
 #0: stdout all=off uptime,level,tags foldmultilines=false
 #1: stderr all=off uptime,level,tags foldmultilines=false

Release file:
JAVA_VERSION="21.0.10" 
MODULES="java.base java.compiler java.datatransfer java.xml java.prefs java.desktop java.instrument java.logging java.management java.security.sasl java.naming java.rmi java.management.rmi java.net.http java.scripting java.security.jgss java.transaction.xa java.sql java.sql.rowset java.xml.crypto java.se java.smartcardio jdk.accessibility jdk.internal.jvmstat jdk.attach jdk.charsets jdk.internal.opt jdk.zipfs jdk.compiler jdk.crypto.ec jdk.crypto.cryptoki jdk.crypto.mscapi jdk.dynalink jdk.internal.ed jdk.editpad jdk.hotspot.agent jdk.httpserver jdk.internal.le jdk.internal.vm.ci jdk.internal.vm.compiler jdk.internal.vm.compiler.management jdk.jartool jdk.javadoc jdk.jcmd jdk.management jdk.management.agent jdk.jconsole jdk.jdeps jdk.jdwp.agent jdk.jdi jdk.jfr jdk.jshell jdk.jsobject jdk.jstatd jdk.localedata jdk.management.jfr jdk.naming.dns jdk.naming.rmi jdk.net jdk.nio.mapmode jdk.random jdk.sctp jdk.security.auth jdk.security.jgss jdk.unsupported jdk.unsupported.desktop jdk.xml.dom" 

Environment Variables:
JAVA_HOME=C:\Program Files\Java\jdk-25
PATH=C:\Program Files\Common Files\Oracle\Java\javapath;C:\Program Files (x86)\Common Files\Oracle\Java\java8path;C:\Program Files (x86)\Common Files\Oracle\Java\javapath;C:\ORC\ORACLEE\bin;C:\app\HP\product\21c\dbhomeXE\bin;E:\oracle21\ORACL\bin;C:\Dossier_Oracle21c\Oracle21c\bin;C:\WINDOWS\system32;C:\WINDOWS;C:\WINDOWS\System32\Wbem;C:\WINDOWS\System32\WindowsPowerShell\v1.0\;C:\WINDOWS\System32\OpenSSH\;C:\appliiiiiii\flutter_windows_3.35.7-stable.zip\flutter\bin;C:\Program Files\Docker\Docker\resources\bin;C:\Program Files\Git\cmd;C:\Program Files\nodejs\;C:\Program Files\Apache\maven\bin;C:\Program Files\MySQL\MySQL Shell 8.0\bin\;C:\Users\HP\AppData\Local\Programs\Python\Python313\Scripts\;C:\Users\HP\AppData\Local\Programs\Python\Python313\;C:\Users\HP\AppData\Local\Programs\Python\Launcher\;C:\Users\HP\AppData\Local\Microsoft\WindowsApps;C:\Users\HP\AppData\Local\Programs\Microsoft VS Code\bin;C:\Users\HP\AppData\Local\Python\bin;C:\Users\HP\AppData\Roaming\npm;C:\Program Files\Java\jdk-25\bin;C:\Maven\apache-maven-3.9.15\bin;D:\Nouveau dossier\Antigravity\bin
USERNAME=HP
OS=Windows_NT
PROCESSOR_IDENTIFIER=Intel64 Family 6 Model 186 Stepping 3, GenuineIntel
TMP=C:\Users\HP\AppData\Local\Temp
TEMP=C:\Users\HP\AppData\Local\Temp




Periodic native trim disabled

---------------  S Y S T E M  ---------------

OS:
 Windows 11 , 64 bit Build 26100 (10.0.26100.8246)
OS uptime: 0 days 1:55 hours
Hyper-V role detected

CPU: total 12 (initial active 12) (6 cores per cpu, 2 threads per core) family 6 model 186 stepping 3 microcode 0x4121, cx8, cmov, fxsr, ht, mmx, 3dnowpref, sse, sse2, sse3, ssse3, sse4.1, sse4.2, popcnt, lzcnt, tsc, tscinvbit, avx, avx2, aes, erms, clmul, bmi1, bmi2, adx, sha, fma, vzeroupper, clflush, clflushopt, clwb, hv, serialize, rdtscp, rdpid, fsrm, f16c, cet_ibt, cet_ss
Processor Information for processor 0
  Max Mhz: 1300, Current Mhz: 1300, Mhz Limit: 1300
Processor Information for processor 1
  Max Mhz: 1300, Current Mhz: 1300, Mhz Limit: 1300
Processor Information for processor 2
  Max Mhz: 1300, Current Mhz: 1300, Mhz Limit: 1300
Processor Information for processor 3
  Max Mhz: 1300, Current Mhz: 1300, Mhz Limit: 1300
Processor Information for processor 4
  Max Mhz: 1300, Current Mhz: 900, Mhz Limit: 897
Processor Information for processor 5
  Max Mhz: 1300, Current Mhz: 900, Mhz Limit: 897
Processor Information for processor 6
  Max Mhz: 1300, Current Mhz: 900, Mhz Limit: 897
Processor Information for processor 7
  Max Mhz: 1300, Current Mhz: 900, Mhz Limit: 897
Processor Information for processor 8
  Max Mhz: 1300, Current Mhz: 100, Mhz Limit: 897
Processor Information for processor 9
  Max Mhz: 1300, Current Mhz: 100, Mhz Limit: 897
Processor Information for processor 10
  Max Mhz: 1300, Current Mhz: 100, Mhz Limit: 897
Processor Information for processor 11
  Max Mhz: 1300, Current Mhz: 100, Mhz Limit: 897

Memory: 4k page, system-wide physical 7835M (520M free)
TotalPageFile size 13835M (AvailPageFile size 6M)
current process WorkingSet (physical memory assigned to process): 186M, peak: 186M
current process commit charge ("private bytes"): 317M, peak: 317M

vm_info: OpenJDK 64-Bit Server VM (21.0.10+7-LTS) for windows-amd64 JRE (21.0.10+7-LTS), built on 2026-01-20T00:00:00Z by "admin" with MS VC++ 17.12 (VS2022)

END.
