#
# There is insufficient memory for the Java Runtime Environment to continue.
# Native memory allocation (malloc) failed to allocate 1686576 bytes. Error detail: Chunk::new
# Possible reasons:
#   The system is out of physical RAM or swap space
#   This process is running with CompressedOops enabled, and the Java Heap may be blocking the growth of the native heap
# Possible solutions:
#   Reduce memory load on the system
#   Increase physical memory or swap space
#   Check if swap backing store is full
#   Decrease Java heap size (-Xmx/-Xms)
#   Decrease number of Java threads
#   Decrease Java thread stack sizes (-Xss)
#   Set larger code cache with -XX:ReservedCodeCacheSize=
#   JVM is running with Unscaled Compressed Oops mode in which the Java heap is
#     placed in the first 4GB address space. The Java Heap base address is the
#     maximum limit for the native heap growth. Please use -XX:HeapBaseMinAddress
#     to set the Java Heap base and to place the Java Heap above 4GB virtual address.
# This output file may be truncated or incomplete.
#
#  Out of Memory Error (arena.cpp:168), pid=22288, tid=6336
#
# JRE version: OpenJDK Runtime Environment Temurin-21.0.10+7 (21.0.10+7) (build 21.0.10+7-LTS)
# Java VM: OpenJDK 64-Bit Server VM Temurin-21.0.10+7 (21.0.10+7-LTS, mixed mode, sharing, tiered, compressed oops, compressed class ptrs, parallel gc, windows-amd64)
# No core dump will be written. Minidumps are not enabled by default on client versions of Windows
#

---------------  S U M M A R Y ------------

Command Line: --add-modules=ALL-SYSTEM --add-opens=java.base/java.util=ALL-UNNAMED --add-opens=java.base/java.lang=ALL-UNNAMED --add-opens=java.base/sun.nio.fs=ALL-UNNAMED -Declipse.application=org.eclipse.jdt.ls.core.id1 -Dosgi.bundles.defaultStartLevel=4 -Declipse.product=org.eclipse.jdt.ls.core.product -Djava.import.generatesMetadataFilesAtProjectRoot=false -DDetectVMInstallationsJob.disabled=true -Dfile.encoding=utf8 -XX:+UseParallelGC -XX:GCTimeRatio=4 -XX:AdaptiveSizePolicyWeight=90 -Dsun.zip.disableMemoryMapping=true -Xmx2G -Xms100m -Xlog:disable -javaagent:c:\Users\HP\.antigravity\extensions\redhat.java-1.54.0-win32-x64\lombok\lombok-1.18.39-4050.jar -XX:+HeapDumpOnOutOfMemoryError -XX:HeapDumpPath=c:\Users\HP\AppData\Roaming\Antigravity\User\workspaceStorage\bb6f58697517b49f76eb8e851445a514\redhat.java -Daether.dependencyCollector.impl=bf c:\Users\HP\.antigravity\extensions\redhat.java-1.54.0-win32-x64\server\plugins\org.eclipse.equinox.launcher_1.7.100.v20251111-0406.jar -configuration c:\Users\HP\AppData\Roaming\Antigravity\User\globalStorage\redhat.java\1.54.0\config_win -data c:\Users\HP\AppData\Roaming\Antigravity\User\workspaceStorage\bb6f58697517b49f76eb8e851445a514\redhat.java\jdt_ws --pipe=\\.\pipe\lsp-0c3b742946b7de16ef1213fad1b82397-sock

Host: 13th Gen Intel(R) Core(TM) i5-1335U, 12 cores, 7G,  Windows 11 , 64 bit Build 26100 (10.0.26100.8246)
Time: Wed Apr 29 01:16:41 2026 Greenwich elapsed time: 1867.548852 seconds (0d 0h 31m 7s)

---------------  T H R E A D  ---------------

Current thread (0x000001c12a4ae2c0):  JavaThread "C2 CompilerThread1" daemon [_thread_in_native, id=6336, stack(0x000000b875a00000,0x000000b875b00000) (1024K)]


Current CompileTask:
C2:1867549 13372 %     4       org.lombokweb.asm.ClassReader::readCode @ 2187 (5117 bytes)

Stack: [0x000000b875a00000,0x000000b875b00000]
Native frames: (J=compiled Java code, j=interpreted, Vv=VM code, C=native code)
V  [jvm.dll+0x6d7a39]
V  [jvm.dll+0x8b4b26]
V  [jvm.dll+0x8b70de]
V  [jvm.dll+0x8b77c3]
V  [jvm.dll+0x284346]
V  [jvm.dll+0xc66ed]
V  [jvm.dll+0xc6c31]
V  [jvm.dll+0x3bec01]
V  [jvm.dll+0x1e3f69]
V  [jvm.dll+0x24c6b3]
V  [jvm.dll+0x24bb40]
V  [jvm.dll+0x1cb34e]
V  [jvm.dll+0x25b85d]
V  [jvm.dll+0x259dea]
V  [jvm.dll+0x3f857e]
V  [jvm.dll+0x85f59d]
V  [jvm.dll+0x6d626d]
C  [ucrtbase.dll+0x37b0]
C  [KERNEL32.DLL+0x2e8d7]
C  [ntdll.dll+0x8c3fc]


---------------  P R O C E S S  ---------------

Threads class SMR info:
_java_thread_list=0x000001c12a388bd0, length=57, elements={
0x000001c0bd933150, 0x000001c0d43c9400, 0x000001c0bd9ed4c0, 0x000001c0d43d5a10,
0x000001c0d43d68f0, 0x000001c0d43db740, 0x000001c0d43dbdd0, 0x000001c1167bae00,
0x000001c1167c96d0, 0x000001c0d43dcaf0, 0x000001c0d43dc460, 0x000001c0d43dd180,
0x000001c0d43d9d00, 0x000001c0d43daa20, 0x000001c0d43db0b0, 0x000001c11c4cce50,
0x000001c11c4cc130, 0x000001c11c4cb410, 0x000001c11c4ce200, 0x000001c11c4cef20,
0x000001c11c4cd4e0, 0x000001c11c4d0ff0, 0x000001c11c4cfc40, 0x000001c11c4cf5b0,
0x000001c11c4d0960, 0x000001c11c4d1680, 0x000001c11c4d1d10, 0x000001c11c4d02d0,
0x000001c11c4d23a0, 0x000001c11c4d2a30, 0x000001c11c7eb5a0, 0x000001c11c7ea880,
0x000001c11c7eaf10, 0x000001c11c7ec2c0, 0x000001c11c7ebc30, 0x000001c11c7e9b60,
0x000001c11c7ec950, 0x000001c11c7e94d0, 0x000001c11c7ecfe0, 0x000001c11c7ea1f0,
0x000001c11e8d6060, 0x000001c11e8d87c0, 0x000001c11e8d8e50, 0x000001c11e8d59d0,
0x000001c11e8d66f0, 0x000001c11e8d9b70, 0x000001c11e8d94e0, 0x000001c11e8d6d80,
0x000001c11e8daf20, 0x000001c11e8db5b0, 0x000001c11fe1d6f0, 0x000001c11fe1f7c0,
0x000001c11fe20b70, 0x000001c12a4ae2c0, 0x000001c11fe22c40, 0x000001c12a4af060,
0x000001c11fe21200
}

Java Threads: ( => current thread )
  0x000001c0bd933150 JavaThread "main"                              [_thread_blocked, id=21144, stack(0x000000b875900000,0x000000b875a00000) (1024K)]
  0x000001c0d43c9400 JavaThread "Reference Handler"          daemon [_thread_blocked, id=21620, stack(0x000000b875e00000,0x000000b875f00000) (1024K)]
  0x000001c0bd9ed4c0 JavaThread "Finalizer"                  daemon [_thread_blocked, id=21300, stack(0x000000b875f00000,0x000000b876000000) (1024K)]
  0x000001c0d43d5a10 JavaThread "Signal Dispatcher"          daemon [_thread_blocked, id=19860, stack(0x000000b876000000,0x000000b876100000) (1024K)]
  0x000001c0d43d68f0 JavaThread "Attach Listener"            daemon [_thread_blocked, id=21584, stack(0x000000b876100000,0x000000b876200000) (1024K)]
  0x000001c0d43db740 JavaThread "Service Thread"             daemon [_thread_blocked, id=21652, stack(0x000000b876200000,0x000000b876300000) (1024K)]
  0x000001c0d43dbdd0 JavaThread "Monitor Deflation Thread"   daemon [_thread_blocked, id=21648, stack(0x000000b876300000,0x000000b876400000) (1024K)]
  0x000001c1167bae00 JavaThread "C2 CompilerThread0"         daemon [_thread_in_native, id=21644, stack(0x000000b876400000,0x000000b876500000) (1024K)]
  0x000001c1167c96d0 JavaThread "C1 CompilerThread0"         daemon [_thread_blocked, id=21640, stack(0x000000b876500000,0x000000b876600000) (1024K)]
  0x000001c0d43dcaf0 JavaThread "Common-Cleaner"             daemon [_thread_blocked, id=22520, stack(0x000000b876700000,0x000000b876800000) (1024K)]
  0x000001c0d43dc460 JavaThread "Notification Thread"        daemon [_thread_blocked, id=22496, stack(0x000000b876800000,0x000000b876900000) (1024K)]
  0x000001c0d43dd180 JavaThread "Active Thread: Equinox Container: 5c1315d0-4d60-4a73-9a0f-b2ed8f95de2e"        [_thread_blocked, id=22364, stack(0x000000b876e00000,0x000000b876f00000) (1024K)]
  0x000001c0d43d9d00 JavaThread "Refresh Thread: Equinox Container: 5c1315d0-4d60-4a73-9a0f-b2ed8f95de2e" daemon [_thread_blocked, id=3144, stack(0x000000b877000000,0x000000b877100000) (1024K)]
  0x000001c0d43daa20 JavaThread "Framework Event Dispatcher: Equinox Container: 5c1315d0-4d60-4a73-9a0f-b2ed8f95de2e" daemon [_thread_blocked, id=6492, stack(0x000000b877100000,0x000000b877200000) (1024K)]
  0x000001c0d43db0b0 JavaThread "Start Level: Equinox Container: 5c1315d0-4d60-4a73-9a0f-b2ed8f95de2e" daemon [_thread_blocked, id=22380, stack(0x000000b877200000,0x000000b877300000) (1024K)]
  0x000001c11c4cce50 JavaThread "Bundle File Closer"         daemon [_thread_blocked, id=22360, stack(0x000000b877500000,0x000000b877600000) (1024K)]
  0x000001c11c4cc130 JavaThread "SCR Component Actor"        daemon [_thread_blocked, id=21732, stack(0x000000b877600000,0x000000b877700000) (1024K)]
  0x000001c11c4cb410 JavaThread "Worker-JM"                         [_thread_blocked, id=22440, stack(0x000000b877700000,0x000000b877800000) (1024K)]
  0x000001c11c4ce200 JavaThread "JNA Cleaner"                daemon [_thread_blocked, id=9808, stack(0x000000b877800000,0x000000b877900000) (1024K)]
  0x000001c11c4cef20 JavaThread "Worker-0: Building"                [_thread_in_vm, id=22400, stack(0x000000b877900000,0x000000b877a00000) (1024K)]
  0x000001c11c4cd4e0 JavaThread "Java indexing"              daemon [_thread_blocked, id=6752, stack(0x000000b877c00000,0x000000b877d00000) (1024K)]
  0x000001c11c4d0ff0 JavaThread "Worker-4"                          [_thread_blocked, id=5892, stack(0x000000b878100000,0x000000b878200000) (1024K)]
  0x000001c11c4cfc40 JavaThread "Thread-1"                   daemon [_thread_in_native, id=20692, stack(0x000000b878200000,0x000000b878300000) (1024K)]
  0x000001c11c4cf5b0 JavaThread "Thread-2"                   daemon [_thread_in_native, id=13484, stack(0x000000b878300000,0x000000b878400000) (1024K)]
  0x000001c11c4d0960 JavaThread "Thread-3"                   daemon [_thread_in_native, id=9788, stack(0x000000b878400000,0x000000b878500000) (1024K)]
  0x000001c11c4d1680 JavaThread "Thread-4"                   daemon [_thread_in_native, id=21632, stack(0x000000b878500000,0x000000b878600000) (1024K)]
  0x000001c11c4d1d10 JavaThread "Thread-5"                   daemon [_thread_in_native, id=9540, stack(0x000000b878600000,0x000000b878700000) (1024K)]
  0x000001c11c4d02d0 JavaThread "Thread-6"                   daemon [_thread_in_native, id=20936, stack(0x000000b878700000,0x000000b878800000) (1024K)]
  0x000001c11c4d23a0 JavaThread "Thread-7"                   daemon [_thread_in_native, id=21532, stack(0x000000b878800000,0x000000b878900000) (1024K)]
  0x000001c11c4d2a30 JavaThread "Thread-8"                   daemon [_thread_in_native, id=21536, stack(0x000000b878900000,0x000000b878a00000) (1024K)]
  0x000001c11c7eb5a0 JavaThread "Thread-9"                   daemon [_thread_in_native, id=21540, stack(0x000000b878a00000,0x000000b878b00000) (1024K)]
  0x000001c11c7ea880 JavaThread "Thread-10"                  daemon [_thread_in_native, id=21020, stack(0x000000b878b00000,0x000000b878c00000) (1024K)]
  0x000001c11c7eaf10 JavaThread "Thread-11"                  daemon [_thread_in_native, id=7656, stack(0x000000b878c00000,0x000000b878d00000) (1024K)]
  0x000001c11c7ec2c0 JavaThread "Thread-12"                  daemon [_thread_in_native, id=19804, stack(0x000000b878d00000,0x000000b878e00000) (1024K)]
  0x000001c11c7ebc30 JavaThread "Thread-13"                  daemon [_thread_in_native, id=8692, stack(0x000000b878e00000,0x000000b878f00000) (1024K)]
  0x000001c11c7e9b60 JavaThread "pool-2-thread-1"                   [_thread_blocked, id=22396, stack(0x000000b878f00000,0x000000b879000000) (1024K)]
  0x000001c11c7ec950 JavaThread "Timer-0"                           [_thread_blocked, id=18508, stack(0x000000b879000000,0x000000b879100000) (1024K)]
  0x000001c11c7e94d0 JavaThread "Timer-1"                           [_thread_blocked, id=18860, stack(0x000000b879100000,0x000000b879200000) (1024K)]
  0x000001c11c7ecfe0 JavaThread "WorkspaceEventsHandler"            [_thread_blocked, id=20464, stack(0x000000b879200000,0x000000b879300000) (1024K)]
  0x000001c11c7ea1f0 JavaThread "pool-1-thread-1"                   [_thread_blocked, id=7740, stack(0x000000b879300000,0x000000b879400000) (1024K)]
  0x000001c11e8d6060 JavaThread "Timer-2"                           [_thread_blocked, id=22512, stack(0x000000b87a100000,0x000000b87a200000) (1024K)]
  0x000001c11e8d87c0 JavaThread "Timer-3"                           [_thread_blocked, id=22556, stack(0x000000b879400000,0x000000b879500000) (1024K)]
  0x000001c11e8d8e50 JavaThread "Timer-4"                           [_thread_blocked, id=22560, stack(0x000000b87a200000,0x000000b87a300000) (1024K)]
  0x000001c11e8d59d0 JavaThread "Timer-5"                           [_thread_blocked, id=22568, stack(0x000000b87a400000,0x000000b87a500000) (1024K)]
  0x000001c11e8d66f0 JavaThread "Timer-6"                           [_thread_blocked, id=22580, stack(0x000000b87a500000,0x000000b87a600000) (1024K)]
  0x000001c11e8d9b70 JavaThread "Timer-7"                           [_thread_blocked, id=22592, stack(0x000000b87a600000,0x000000b87a700000) (1024K)]
  0x000001c11e8d94e0 JavaThread "Timer-8"                           [_thread_blocked, id=6368, stack(0x000000b87a700000,0x000000b87a800000) (1024K)]
  0x000001c11e8d6d80 JavaThread "Timer-9"                           [_thread_blocked, id=5932, stack(0x000000b87a800000,0x000000b87a900000) (1024K)]
  0x000001c11e8daf20 JavaThread "Timer-10"                          [_thread_blocked, id=23400, stack(0x000000b87a000000,0x000000b87a100000) (1024K)]
  0x000001c11e8db5b0 JavaThread "Timer-11"                          [_thread_blocked, id=18740, stack(0x000000b87a900000,0x000000b87aa00000) (1024K)]
  0x000001c11fe1d6f0 JavaThread "Timer-12"                          [_thread_blocked, id=3468, stack(0x000000b87ab00000,0x000000b87ac00000) (1024K)]
  0x000001c11fe1f7c0 JavaThread "Worker-5"                          [_thread_blocked, id=16240, stack(0x000000b875700000,0x000000b875800000) (1024K)]
  0x000001c11fe20b70 JavaThread "Worker-6"                          [_thread_blocked, id=23664, stack(0x000000b875800000,0x000000b875900000) (1024K)]
=>0x000001c12a4ae2c0 JavaThread "C2 CompilerThread1"         daemon [_thread_in_native, id=6336, stack(0x000000b875a00000,0x000000b875b00000) (1024K)]
  0x000001c11fe22c40 JavaThread "Compiler Source File Reader" daemon [_thread_blocked, id=21660, stack(0x000000b877a00000,0x000000b877b00000) (1024K)]
  0x000001c12a4af060 JavaThread "C2 CompilerThread2"         daemon [_thread_in_native, id=12940, stack(0x000000b877b00000,0x000000b877c00000) (1024K)]
  0x000001c11fe21200 JavaThread "Compiler Processing Task"   daemon [_thread_blocked, id=5004, stack(0x000000b877d00000,0x000000b877e00000) (1024K)]
Total: 57

Other Threads:
  0x000001c0d43c2310 VMThread "VM Thread"                           [id=21612, stack(0x000000b875d00000,0x000000b875e00000) (1024K)]
  0x000001c0d42bca00 WatcherThread "VM Periodic Task Thread"        [id=20824, stack(0x000000b875c00000,0x000000b875d00000) (1024K)]
  0x000001c0bd951140 WorkerThread "GC Thread#0"                     [id=21588, stack(0x000000b875b00000,0x000000b875c00000) (1024K)]
  0x000001c117c6b6b0 WorkerThread "GC Thread#1"                     [id=19944, stack(0x000000b876600000,0x000000b876700000) (1024K)]
  0x000001c117c6a290 WorkerThread "GC Thread#2"                     [id=13568, stack(0x000000b876900000,0x000000b876a00000) (1024K)]
  0x000001c117c6ba60 WorkerThread "GC Thread#3"                     [id=2088, stack(0x000000b876a00000,0x000000b876b00000) (1024K)]
  0x000001c117d74a50 WorkerThread "GC Thread#4"                     [id=7056, stack(0x000000b876b00000,0x000000b876c00000) (1024K)]
  0x000001c117d74e00 WorkerThread "GC Thread#5"                     [id=1448, stack(0x000000b876c00000,0x000000b876d00000) (1024K)]
  0x000001c117d751b0 WorkerThread "GC Thread#6"                     [id=2136, stack(0x000000b876d00000,0x000000b876e00000) (1024K)]
  0x000001c11c036fa0 WorkerThread "GC Thread#7"                     [id=4144, stack(0x000000b876f00000,0x000000b877000000) (1024K)]
  0x000001c117ee6970 WorkerThread "GC Thread#8"                     [id=22324, stack(0x000000b877300000,0x000000b877400000) (1024K)]
  0x000001c11c345490 WorkerThread "GC Thread#9"                     [id=22264, stack(0x000000b877400000,0x000000b877500000) (1024K)]
Total: 12

Threads with active compile tasks:
C2 CompilerThread0  1867596 13433   !   4       org.eclipse.jdt.internal.compiler.classfmt.ClassFileReader::<init> (1968 bytes)
C2 CompilerThread1  1867596 13372 %     4       org.lombokweb.asm.ClassReader::readCode @ 2187 (5117 bytes)
C2 CompilerThread2  1867596 13434       4       java.lang.Integer::parseInt (7 bytes)
Total: 3

VM state: not at safepoint (normal execution)

VM Mutex/Monitor currently owned by a thread: None

Heap address: 0x0000000080000000, size: 2048 MB, Compressed Oops mode: 32-bit

CDS archive(s) mapped at: [0x000001c0d5000000-0x000001c0d5ba0000-0x000001c0d5ba0000), size 12189696, SharedBaseAddress: 0x000001c0d5000000, ArchiveRelocationMode: 1.
Compressed class space mapped at: 0x000001c0d6000000-0x000001c116000000, reserved size: 1073741824
Narrow klass base: 0x000001c0d5000000, Narrow klass shift: 0, Narrow klass range: 0x100000000

GC Precious Log:
 CardTable entry size: 512
 CPUs: 12 total, 12 available
 Memory: 7835M
 Large Page Support: Disabled
 NUMA Support: Disabled
 Compressed Oops: Enabled (32-bit)
 Alignments: Space 512K, Generation 512K, Heap 2M
 Heap Min Capacity: 100M
 Heap Initial Capacity: 100M
 Heap Max Capacity: 2G
 Pre-touch: Disabled
 Parallel Workers: 10

Heap:
 PSYoungGen      total 7168K, used 4931K [0x00000000d5580000, 0x00000000d5f00000, 0x0000000100000000)
  eden space 6144K, 68% used [0x00000000d5580000,0x00000000d5998f70,0x00000000d5b80000)
  from space 1024K, 71% used [0x00000000d5e00000,0x00000000d5eb8000,0x00000000d5f00000)
  to   space 1536K, 0% used [0x00000000d5c00000,0x00000000d5c00000,0x00000000d5d80000)
 ParOldGen       total 124416K, used 124002K [0x0000000080000000, 0x0000000087980000, 0x00000000d5580000)
  object space 124416K, 99% used [0x0000000080000000,0x00000000879189d0,0x0000000087980000)
 Metaspace       used 83303K, committed 85056K, reserved 1179648K
  class space    used 10005K, committed 10816K, reserved 1048576K

Card table byte_map: [0x000001c0bd2e0000,0x000001c0bd6f0000] _byte_map_base: 0x000001c0bcee0000

Marking Bits: (ParMarkBitMap*) 0x00007ffff96c3450
 Begin Bits: [0x000001c0cfde0000, 0x000001c0d1de0000)
 End Bits:   [0x000001c0d1de0000, 0x000001c0d3de0000)

Polling page: 0x000001c0bb9e0000

Metaspace:

Usage:
  Non-class:     71.58 MB used.
      Class:      9.77 MB used.
       Both:     81.35 MB used.

Virtual space:
  Non-class space:      128.00 MB reserved,      72.50 MB ( 57%) committed,  2 nodes.
      Class space:        1.00 GB reserved,      10.56 MB (  1%) committed,  1 nodes.
             Both:        1.12 GB reserved,      83.06 MB (  7%) committed. 

Chunk freelists:
   Non-Class:  6.83 MB
       Class:  5.35 MB
        Both:  12.18 MB

MaxMetaspaceSize: unlimited
CompressedClassSpaceSize: 1.00 GB
Initial GC threshold: 21.00 MB
Current GC threshold: 97.31 MB
CDS: on
 - commit_granule_bytes: 65536.
 - commit_granule_words: 8192.
 - virtual_space_node_default_size: 8388608.
 - enlarge_chunks_in_place: 1.
 - use_allocation_guard: 0.


Internal statistics:

num_allocs_failed_limit: 9.
num_arena_births: 1762.
num_arena_deaths: 14.
num_vsnodes_births: 3.
num_vsnodes_deaths: 0.
num_space_committed: 1329.
num_space_uncommitted: 0.
num_chunks_returned_to_freelist: 23.
num_chunks_taken_from_freelist: 5803.
num_chunk_merges: 15.
num_chunk_splits: 3575.
num_chunks_enlarged: 2014.
num_inconsistent_stats: 0.

CodeHeap 'non-profiled nmethods': size=120000Kb used=9212Kb max_used=9212Kb free=110787Kb
 bounds [0x000001c0c8600000, 0x000001c0c8f00000, 0x000001c0cfb30000]
CodeHeap 'profiled nmethods': size=120000Kb used=28581Kb max_used=28581Kb free=91418Kb
 bounds [0x000001c0c0b30000, 0x000001c0c2720000, 0x000001c0c8060000]
CodeHeap 'non-nmethods': size=5760Kb used=1454Kb max_used=1570Kb free=4305Kb
 bounds [0x000001c0c8060000, 0x000001c0c82d0000, 0x000001c0c8600000]
CodeCache: size=245760Kb, used=39247Kb, max_used=39363Kb, free=206510Kb
 total_blobs=13532, nmethods=12762, adapters=674, full_count=0
Compilation: enabled, stopped_count=0, restarted_count=0

Compilation events (20 events):
Event: 1866.538 Thread 0x000001c1167c96d0 13499       2       java.lang.invoke.LambdaForm$MH/0x000001c0d6082800::invoke (126 bytes)
Event: 1866.538 Thread 0x000001c1167c96d0 nmethod 13499 0x000001c0c2702110 code [0x000001c0c2702320, 0x000001c0c2702720]
Event: 1866.538 Thread 0x000001c1167c96d0 13501       2       org.eclipse.jdt.internal.compiler.util.SimpleSet::add (90 bytes)
Event: 1866.539 Thread 0x000001c1167c96d0 nmethod 13501 0x000001c0c2702b10 code [0x000001c0c2702d00, 0x000001c0c2703130]
Event: 1866.539 Thread 0x000001c1167c96d0 13503       2       org.eclipse.jdt.internal.compiler.util.SimpleLookupTable::containsKey (54 bytes)
Event: 1866.539 Thread 0x000001c1167c96d0 nmethod 13503 0x000001c0c2703390 code [0x000001c0c2703560, 0x000001c0c2703810]
Event: 1866.539 Thread 0x000001c1167c96d0 13502  s!   2       org.eclipse.jdt.internal.core.index.DiskIndex::readDocumentName (312 bytes)
Event: 1866.540 Thread 0x000001c1167c96d0 nmethod 13502 0x000001c0c2703a10 code [0x000001c0c2703ca0, 0x000001c0c2704788]
Event: 1866.540 Thread 0x000001c1167c96d0 13504       2       org.eclipse.jdt.internal.core.index.EntryResult::addDocumentName (29 bytes)
Event: 1866.541 Thread 0x000001c1167c96d0 nmethod 13504 0x000001c0c2704f90 code [0x000001c0c2705140, 0x000001c0c2705338]
Event: 1866.541 Thread 0x000001c1167c96d0 13505       1       org.eclipse.jdt.internal.core.index.EntryResult::getWord (5 bytes)
Event: 1866.541 Thread 0x000001c1167c96d0 nmethod 13505 0x000001c0c8ef8210 code [0x000001c0c8ef83a0, 0x000001c0c8ef8468]
Event: 1866.541 Thread 0x000001c1167c96d0 13500       2       java.lang.invoke.LambdaForm$MH/0x000001c0d6082000::invoke (67 bytes)
Event: 1866.541 Thread 0x000001c1167c96d0 nmethod 13500 0x000001c0c2705490 code [0x000001c0c2705660, 0x000001c0c27058e8]
Event: 1866.541 Thread 0x000001c1167c96d0 13506       2       org.eclipse.jdt.internal.core.index.DiskIndex::addQueryResult (173 bytes)
Event: 1866.542 Thread 0x000001c1167c96d0 nmethod 13506 0x000001c0c2705b10 code [0x000001c0c2705d80, 0x000001c0c27064f0]
Event: 1866.548 Thread 0x000001c1167c96d0 13509       2       org.eclipse.jdt.internal.core.index.Index::addIndexEntry (11 bytes)
Event: 1866.548 Thread 0x000001c1167c96d0 nmethod 13509 0x000001c0c2706a90 code [0x000001c0c2706c40, 0x000001c0c2706d70]
Event: 1866.548 Thread 0x000001c1167c96d0 13510       2       org.eclipse.jdt.internal.core.index.MemoryIndex::addIndexEntry (118 bytes)
Event: 1867.544 Thread 0x000001c1167c96d0 nmethod 13510 0x000001c0c2706e90 code [0x000001c0c27070c0, 0x000001c0c2707560]

GC Heap History (20 events):
Event: 32.793 GC heap before
{Heap before GC invocations=120 (full 3):
 PSYoungGen      total 11264K, used 11080K [0x00000000d5580000, 0x00000000d6300000, 0x0000000100000000)
  eden space 10240K, 100% used [0x00000000d5580000,0x00000000d5f80000,0x00000000d5f80000)
  from space 1024K, 82% used [0x00000000d6200000,0x00000000d62d2098,0x00000000d6300000)
  to   space 1536K, 0% used [0x00000000d6000000,0x00000000d6000000,0x00000000d6180000)
 ParOldGen       total 111616K, used 111204K [0x0000000080000000, 0x0000000086d00000, 0x00000000d5580000)
  object space 111616K, 99% used [0x0000000080000000,0x0000000086c99318,0x0000000086d00000)
 Metaspace       used 81512K, committed 83264K, reserved 1179648K
  class space    used 9850K, committed 10624K, reserved 1048576K
}
Event: 32.795 GC heap after
{Heap after GC invocations=120 (full 3):
 PSYoungGen      total 11776K, used 810K [0x00000000d5580000, 0x00000000d6280000, 0x0000000100000000)
  eden space 10240K, 0% used [0x00000000d5580000,0x00000000d5580000,0x00000000d5f80000)
  from space 1536K, 52% used [0x00000000d6000000,0x00000000d60ca910,0x00000000d6180000)
  to   space 1024K, 0% used [0x00000000d6180000,0x00000000d6180000,0x00000000d6280000)
 ParOldGen       total 111616K, used 111308K [0x0000000080000000, 0x0000000086d00000, 0x00000000d5580000)
  object space 111616K, 99% used [0x0000000080000000,0x0000000086cb3318,0x0000000086d00000)
 Metaspace       used 81512K, committed 83264K, reserved 1179648K
  class space    used 9850K, committed 10624K, reserved 1048576K
}
Event: 32.845 GC heap before
{Heap before GC invocations=121 (full 3):
 PSYoungGen      total 11776K, used 11050K [0x00000000d5580000, 0x00000000d6280000, 0x0000000100000000)
  eden space 10240K, 100% used [0x00000000d5580000,0x00000000d5f80000,0x00000000d5f80000)
  from space 1536K, 52% used [0x00000000d6000000,0x00000000d60ca910,0x00000000d6180000)
  to   space 1024K, 0% used [0x00000000d6180000,0x00000000d6180000,0x00000000d6280000)
 ParOldGen       total 111616K, used 111308K [0x0000000080000000, 0x0000000086d00000, 0x00000000d5580000)
  object space 111616K, 99% used [0x0000000080000000,0x0000000086cb3318,0x0000000086d00000)
 Metaspace       used 81587K, committed 83328K, reserved 1179648K
  class space    used 9850K, committed 10624K, reserved 1048576K
}
Event: 32.846 GC heap after
{Heap after GC invocations=121 (full 3):
 PSYoungGen      total 11264K, used 820K [0x00000000d5580000, 0x00000000d6280000, 0x0000000100000000)
  eden space 10240K, 0% used [0x00000000d5580000,0x00000000d5580000,0x00000000d5f80000)
  from space 1024K, 80% used [0x00000000d6180000,0x00000000d624d200,0x00000000d6280000)
  to   space 1024K, 0% used [0x00000000d6080000,0x00000000d6080000,0x00000000d6180000)
 ParOldGen       total 112128K, used 111921K [0x0000000080000000, 0x0000000086d80000, 0x00000000d5580000)
  object space 112128K, 99% used [0x0000000080000000,0x0000000086d4c548,0x0000000086d80000)
 Metaspace       used 81587K, committed 83328K, reserved 1179648K
  class space    used 9850K, committed 10624K, reserved 1048576K
}
Event: 32.886 GC heap before
{Heap before GC invocations=122 (full 3):
 PSYoungGen      total 11264K, used 11060K [0x00000000d5580000, 0x00000000d6280000, 0x0000000100000000)
  eden space 10240K, 100% used [0x00000000d5580000,0x00000000d5f80000,0x00000000d5f80000)
  from space 1024K, 80% used [0x00000000d6180000,0x00000000d624d200,0x00000000d6280000)
  to   space 1024K, 0% used [0x00000000d6080000,0x00000000d6080000,0x00000000d6180000)
 ParOldGen       total 112128K, used 111921K [0x0000000080000000, 0x0000000086d80000, 0x00000000d5580000)
  object space 112128K, 99% used [0x0000000080000000,0x0000000086d4c548,0x0000000086d80000)
 Metaspace       used 81613K, committed 83392K, reserved 1179648K
  class space    used 9850K, committed 10624K, reserved 1048576K
}
Event: 32.888 GC heap after
{Heap after GC invocations=122 (full 3):
 PSYoungGen      total 11264K, used 1007K [0x00000000d5580000, 0x00000000d6480000, 0x0000000100000000)
  eden space 10240K, 0% used [0x00000000d5580000,0x00000000d5580000,0x00000000d5f80000)
  from space 1024K, 98% used [0x00000000d6080000,0x00000000d617bc70,0x00000000d6180000)
  to   space 2560K, 0% used [0x00000000d6200000,0x00000000d6200000,0x00000000d6480000)
 ParOldGen       total 113664K, used 113169K [0x0000000080000000, 0x0000000086f00000, 0x00000000d5580000)
  object space 113664K, 99% used [0x0000000080000000,0x0000000086e846f0,0x0000000086f00000)
 Metaspace       used 81613K, committed 83392K, reserved 1179648K
  class space    used 9850K, committed 10624K, reserved 1048576K
}
Event: 32.927 GC heap before
{Heap before GC invocations=123 (full 3):
 PSYoungGen      total 11264K, used 11247K [0x00000000d5580000, 0x00000000d6480000, 0x0000000100000000)
  eden space 10240K, 100% used [0x00000000d5580000,0x00000000d5f80000,0x00000000d5f80000)
  from space 1024K, 98% used [0x00000000d6080000,0x00000000d617bc70,0x00000000d6180000)
  to   space 2560K, 0% used [0x00000000d6200000,0x00000000d6200000,0x00000000d6480000)
 ParOldGen       total 113664K, used 113169K [0x0000000080000000, 0x0000000086f00000, 0x00000000d5580000)
  object space 113664K, 99% used [0x0000000080000000,0x0000000086e846f0,0x0000000086f00000)
 Metaspace       used 81718K, committed 83456K, reserved 1179648K
  class space    used 9852K, committed 10624K, reserved 1048576K
}
Event: 32.929 GC heap after
{Heap after GC invocations=123 (full 3):
 PSYoungGen      total 11776K, used 1242K [0x00000000d5580000, 0x00000000d6380000, 0x0000000100000000)
  eden space 10240K, 0% used [0x00000000d5580000,0x00000000d5580000,0x00000000d5f80000)
  from space 1536K, 80% used [0x00000000d6200000,0x00000000d6336900,0x00000000d6380000)
  to   space 2048K, 0% used [0x00000000d5f80000,0x00000000d5f80000,0x00000000d6180000)
 ParOldGen       total 114176K, used 114168K [0x0000000080000000, 0x0000000086f80000, 0x00000000d5580000)
  object space 114176K, 99% used [0x0000000080000000,0x0000000086f7e010,0x0000000086f80000)
 Metaspace       used 81718K, committed 83456K, reserved 1179648K
  class space    used 9852K, committed 10624K, reserved 1048576K
}
Event: 1866.099 GC heap before
{Heap before GC invocations=124 (full 3):
 PSYoungGen      total 11776K, used 11482K [0x00000000d5580000, 0x00000000d6380000, 0x0000000100000000)
  eden space 10240K, 100% used [0x00000000d5580000,0x00000000d5f80000,0x00000000d5f80000)
  from space 1536K, 80% used [0x00000000d6200000,0x00000000d6336900,0x00000000d6380000)
  to   space 2048K, 0% used [0x00000000d5f80000,0x00000000d5f80000,0x00000000d6180000)
 ParOldGen       total 114176K, used 114168K [0x0000000080000000, 0x0000000086f80000, 0x00000000d5580000)
  object space 114176K, 99% used [0x0000000080000000,0x0000000086f7e010,0x0000000086f80000)
 Metaspace       used 82343K, committed 84096K, reserved 1179648K
  class space    used 9903K, committed 10688K, reserved 1048576K
}
Event: 1866.118 GC heap after
{Heap after GC invocations=124 (full 3):
 PSYoungGen      total 11264K, used 896K [0x00000000d5580000, 0x00000000d6280000, 0x0000000100000000)
  eden space 10240K, 0% used [0x00000000d5580000,0x00000000d5580000,0x00000000d5f80000)
  from space 1024K, 87% used [0x00000000d5f80000,0x00000000d6060040,0x00000000d6080000)
  to   space 1536K, 0% used [0x00000000d6100000,0x00000000d6100000,0x00000000d6280000)
 ParOldGen       total 115712K, used 115253K [0x0000000080000000, 0x0000000087100000, 0x00000000d5580000)
  object space 115712K, 99% used [0x0000000080000000,0x000000008708d510,0x0000000087100000)
 Metaspace       used 82343K, committed 84096K, reserved 1179648K
  class space    used 9903K, committed 10688K, reserved 1048576K
}
Event: 1866.189 GC heap before
{Heap before GC invocations=125 (full 3):
 PSYoungGen      total 11264K, used 11136K [0x00000000d5580000, 0x00000000d6280000, 0x0000000100000000)
  eden space 10240K, 100% used [0x00000000d5580000,0x00000000d5f80000,0x00000000d5f80000)
  from space 1024K, 87% used [0x00000000d5f80000,0x00000000d6060040,0x00000000d6080000)
  to   space 1536K, 0% used [0x00000000d6100000,0x00000000d6100000,0x00000000d6280000)
 ParOldGen       total 115712K, used 115253K [0x0000000080000000, 0x0000000087100000, 0x00000000d5580000)
  object space 115712K, 99% used [0x0000000080000000,0x000000008708d510,0x0000000087100000)
 Metaspace       used 82472K, committed 84224K, reserved 1179648K
  class space    used 9912K, committed 10688K, reserved 1048576K
}
Event: 1866.192 GC heap after
{Heap after GC invocations=125 (full 3):
 PSYoungGen      total 7680K, used 1525K [0x00000000d5580000, 0x00000000d6a80000, 0x0000000100000000)
  eden space 6144K, 0% used [0x00000000d5580000,0x00000000d5580000,0x00000000d5b80000)
  from space 1536K, 99% used [0x00000000d6100000,0x00000000d627d528,0x00000000d6280000)
  to   space 5632K, 0% used [0x00000000d5b80000,0x00000000d5b80000,0x00000000d6100000)
 ParOldGen       total 118784K, used 118421K [0x0000000080000000, 0x0000000087400000, 0x00000000d5580000)
  object space 118784K, 99% used [0x0000000080000000,0x00000000873a5548,0x0000000087400000)
 Metaspace       used 82472K, committed 84224K, reserved 1179648K
  class space    used 9912K, committed 10688K, reserved 1048576K
}
Event: 1866.248 GC heap before
{Heap before GC invocations=126 (full 3):
 PSYoungGen      total 7680K, used 7669K [0x00000000d5580000, 0x00000000d6a80000, 0x0000000100000000)
  eden space 6144K, 100% used [0x00000000d5580000,0x00000000d5b80000,0x00000000d5b80000)
  from space 1536K, 99% used [0x00000000d6100000,0x00000000d627d528,0x00000000d6280000)
  to   space 5632K, 0% used [0x00000000d5b80000,0x00000000d5b80000,0x00000000d6100000)
 ParOldGen       total 118784K, used 118421K [0x0000000080000000, 0x0000000087400000, 0x00000000d5580000)
  object space 118784K, 99% used [0x0000000080000000,0x00000000873a5548,0x0000000087400000)
 Metaspace       used 82643K, committed 84352K, reserved 1179648K
  class space    used 9923K, committed 10688K, reserved 1048576K
}
Event: 1866.251 GC heap after
{Heap after GC invocations=126 (full 3):
 PSYoungGen      total 8192K, used 1691K [0x00000000d5580000, 0x00000000d6180000, 0x0000000100000000)
  eden space 6144K, 0% used [0x00000000d5580000,0x00000000d5580000,0x00000000d5b80000)
  from space 2048K, 82% used [0x00000000d5b80000,0x00000000d5d26d00,0x00000000d5d80000)
  to   space 3072K, 0% used [0x00000000d5e80000,0x00000000d5e80000,0x00000000d6180000)
 ParOldGen       total 119296K, used 119123K [0x0000000080000000, 0x0000000087480000, 0x00000000d5580000)
  object space 119296K, 99% used [0x0000000080000000,0x0000000087454f58,0x0000000087480000)
 Metaspace       used 82643K, committed 84352K, reserved 1179648K
  class space    used 9923K, committed 10688K, reserved 1048576K
}
Event: 1866.333 GC heap before
{Heap before GC invocations=127 (full 3):
 PSYoungGen      total 8192K, used 7835K [0x00000000d5580000, 0x00000000d6180000, 0x0000000100000000)
  eden space 6144K, 100% used [0x00000000d5580000,0x00000000d5b80000,0x00000000d5b80000)
  from space 2048K, 82% used [0x00000000d5b80000,0x00000000d5d26d00,0x00000000d5d80000)
  to   space 3072K, 0% used [0x00000000d5e80000,0x00000000d5e80000,0x00000000d6180000)
 ParOldGen       total 119296K, used 119123K [0x0000000080000000, 0x0000000087480000, 0x00000000d5580000)
  object space 119296K, 99% used [0x0000000080000000,0x0000000087454f58,0x0000000087480000)
 Metaspace       used 82877K, committed 84608K, reserved 1179648K
  class space    used 9952K, committed 10752K, reserved 1048576K
}
Event: 1866.335 GC heap after
{Heap after GC invocations=127 (full 3):
 PSYoungGen      total 7680K, used 1529K [0x00000000d5580000, 0x00000000d6000000, 0x0000000100000000)
  eden space 6144K, 0% used [0x00000000d5580000,0x00000000d5580000,0x00000000d5b80000)
  from space 1536K, 99% used [0x00000000d5e80000,0x00000000d5ffe4e0,0x00000000d6000000)
  to   space 2048K, 0% used [0x00000000d5c00000,0x00000000d5c00000,0x00000000d5e00000)
 ParOldGen       total 120832K, used 120713K [0x0000000080000000, 0x0000000087600000, 0x00000000d5580000)
  object space 120832K, 99% used [0x0000000080000000,0x00000000875e2790,0x0000000087600000)
 Metaspace       used 82877K, committed 84608K, reserved 1179648K
  class space    used 9952K, committed 10752K, reserved 1048576K
}
Event: 1866.423 GC heap before
{Heap before GC invocations=128 (full 3):
 PSYoungGen      total 7680K, used 7673K [0x00000000d5580000, 0x00000000d6000000, 0x0000000100000000)
  eden space 6144K, 100% used [0x00000000d5580000,0x00000000d5b80000,0x00000000d5b80000)
  from space 1536K, 99% used [0x00000000d5e80000,0x00000000d5ffe4e0,0x00000000d6000000)
  to   space 2048K, 0% used [0x00000000d5c00000,0x00000000d5c00000,0x00000000d5e00000)
 ParOldGen       total 120832K, used 120713K [0x0000000080000000, 0x0000000087600000, 0x00000000d5580000)
  object space 120832K, 99% used [0x0000000080000000,0x00000000875e2790,0x0000000087600000)
 Metaspace       used 83001K, committed 84736K, reserved 1179648K
  class space    used 9972K, committed 10752K, reserved 1048576K
}
Event: 1866.426 GC heap after
{Heap after GC invocations=128 (full 3):
 PSYoungGen      total 8192K, used 2041K [0x00000000d5580000, 0x00000000d6080000, 0x0000000100000000)
  eden space 6144K, 0% used [0x00000000d5580000,0x00000000d5580000,0x00000000d5b80000)
  from space 2048K, 99% used [0x00000000d5c00000,0x00000000d5dfe500,0x00000000d5e00000)
  to   space 2560K, 0% used [0x00000000d5e00000,0x00000000d5e00000,0x00000000d6080000)
 ParOldGen       total 122368K, used 122111K [0x0000000080000000, 0x0000000087780000, 0x00000000d5580000)
  object space 122368K, 99% used [0x0000000080000000,0x000000008773fc88,0x0000000087780000)
 Metaspace       used 83001K, committed 84736K, reserved 1179648K
  class space    used 9972K, committed 10752K, reserved 1048576K
}
Event: 1866.507 GC heap before
{Heap before GC invocations=129 (full 3):
 PSYoungGen      total 8192K, used 8162K [0x00000000d5580000, 0x00000000d6080000, 0x0000000100000000)
  eden space 6144K, 99% used [0x00000000d5580000,0x00000000d5b7a4b0,0x00000000d5b80000)
  from space 2048K, 99% used [0x00000000d5c00000,0x00000000d5dfe500,0x00000000d5e00000)
  to   space 2560K, 0% used [0x00000000d5e00000,0x00000000d5e00000,0x00000000d6080000)
 ParOldGen       total 122368K, used 122111K [0x0000000080000000, 0x0000000087780000, 0x00000000d5580000)
  object space 122368K, 99% used [0x0000000080000000,0x000000008773fc88,0x0000000087780000)
 Metaspace       used 83156K, committed 84928K, reserved 1179648K
  class space    used 9991K, committed 10816K, reserved 1048576K
}
Event: 1866.511 GC heap after
{Heap after GC invocations=129 (full 3):
 PSYoungGen      total 7168K, used 736K [0x00000000d5580000, 0x00000000d5f00000, 0x0000000100000000)
  eden space 6144K, 0% used [0x00000000d5580000,0x00000000d5580000,0x00000000d5b80000)
  from space 1024K, 71% used [0x00000000d5e00000,0x00000000d5eb8000,0x00000000d5f00000)
  to   space 1536K, 0% used [0x00000000d5c00000,0x00000000d5c00000,0x00000000d5d80000)
 ParOldGen       total 124416K, used 124002K [0x0000000080000000, 0x0000000087980000, 0x00000000d5580000)
  object space 124416K, 99% used [0x0000000080000000,0x00000000879189d0,0x0000000087980000)
 Metaspace       used 83156K, committed 84928K, reserved 1179648K
  class space    used 9991K, committed 10816K, reserved 1048576K
}

Dll operation events (15 events):
Event: 0.026 Loaded shared library c:\Users\HP\.antigravity\extensions\redhat.java-1.54.0-win32-x64\jre\21.0.10-win32-x86_64\bin\java.dll
Event: 0.127 Loaded shared library c:\Users\HP\.antigravity\extensions\redhat.java-1.54.0-win32-x64\jre\21.0.10-win32-x86_64\bin\zip.dll
Event: 0.162 Loaded shared library C:\Users\HP\.antigravity\extensions\redhat.java-1.54.0-win32-x64\jre\21.0.10-win32-x86_64\bin\instrument.dll
Event: 0.173 Loaded shared library C:\Users\HP\.antigravity\extensions\redhat.java-1.54.0-win32-x64\jre\21.0.10-win32-x86_64\bin\net.dll
Event: 0.179 Loaded shared library C:\Users\HP\.antigravity\extensions\redhat.java-1.54.0-win32-x64\jre\21.0.10-win32-x86_64\bin\nio.dll
Event: 0.184 Loaded shared library C:\Users\HP\.antigravity\extensions\redhat.java-1.54.0-win32-x64\jre\21.0.10-win32-x86_64\bin\zip.dll
Event: 0.215 Loaded shared library C:\Users\HP\.antigravity\extensions\redhat.java-1.54.0-win32-x64\jre\21.0.10-win32-x86_64\bin\jimage.dll
Event: 0.339 Loaded shared library c:\Users\HP\.antigravity\extensions\redhat.java-1.54.0-win32-x64\jre\21.0.10-win32-x86_64\bin\verify.dll
Event: 2.418 Loaded shared library C:\Users\HP\AppData\Roaming\Antigravity\User\globalStorage\redhat.java\1.54.0\config_win\org.eclipse.equinox.launcher\org.eclipse.equinox.launcher.win32.win32.x86_64_1.3.0.v20260203-2149\eclipse_11919.dll
Event: 4.922 Loaded shared library C:\Users\HP\AppData\Local\Temp\jna-2312\jna16043775767566749911.dll
Event: 10.150 Loaded shared library C:\Users\HP\.gradle\native\1def1411415f61bf3af743bc5b6707747c0891f09f0c88961ee8f79bc544acac\windows-amd64\native-platform.dll
Event: 12.553 Loaded shared library C:\Users\HP\.antigravity\extensions\redhat.java-1.54.0-win32-x64\jre\21.0.10-win32-x86_64\bin\management.dll
Event: 12.588 Loaded shared library C:\Users\HP\.antigravity\extensions\redhat.java-1.54.0-win32-x64\jre\21.0.10-win32-x86_64\bin\management_ext.dll
Event: 15.134 Loaded shared library C:\Users\HP\.antigravity\extensions\redhat.java-1.54.0-win32-x64\jre\21.0.10-win32-x86_64\bin\extnet.dll
Event: 17.898 Loaded shared library C:\Users\HP\.antigravity\extensions\redhat.java-1.54.0-win32-x64\jre\21.0.10-win32-x86_64\bin\sunmscapi.dll

Deoptimization events (20 events):
Event: 1866.235 Thread 0x000001c11c4cef20 Uncommon trap: trap_request=0xffffff45 fr.pc=0x000001c0c8b6c554 relative=0x00000000000037b4
Event: 1866.235 Thread 0x000001c11c4cef20 Uncommon trap: reason=unstable_if action=reinterpret pc=0x000001c0c8b6c554 method=lombok.patcher.MethodTarget.matches(Ljava/lang/String;Ljava/lang/String;Ljava/lang/String;)Z @ 18 c2
Event: 1866.235 Thread 0x000001c11c4cef20 DEOPT PACKING pc=0x000001c0c8b6c554 sp=0x000000b8779fa8f0
Event: 1866.235 Thread 0x000001c11c4cef20 DEOPT UNPACKING pc=0x000001c0c80b3aa2 sp=0x000000b8779fa7c0 mode 2
Event: 1866.236 Thread 0x000001c11c4cef20 Uncommon trap: trap_request=0xffffff45 fr.pc=0x000001c0c8b742e4 relative=0x0000000000001064
Event: 1866.236 Thread 0x000001c11c4cef20 Uncommon trap: reason=unstable_if action=reinterpret pc=0x000001c0c8b742e4 method=org.lombokweb.asm.MethodWriter.putMethodInfo(Lorg/lombokweb/asm/ByteVector;)V @ 98 c2
Event: 1866.236 Thread 0x000001c11c4cef20 DEOPT PACKING pc=0x000001c0c8b742e4 sp=0x000000b8779faab0
Event: 1866.236 Thread 0x000001c11c4cef20 DEOPT UNPACKING pc=0x000001c0c80b3aa2 sp=0x000000b8779faa58 mode 2
Event: 1866.254 Thread 0x000001c11c4cd4e0 DEOPT PACKING pc=0x000001c0c0d6c794 sp=0x000000b877cfea80
Event: 1866.254 Thread 0x000001c11c4cd4e0 DEOPT UNPACKING pc=0x000001c0c80b4242 sp=0x000000b877cfdee0 mode 0
Event: 1866.459 Thread 0x000001c11c4cd4e0 DEOPT PACKING pc=0x000001c0c1e2dda2 sp=0x000000b877cfd530
Event: 1866.459 Thread 0x000001c11c4cd4e0 DEOPT UNPACKING pc=0x000001c0c80b4242 sp=0x000000b877cfcaa8 mode 0
Event: 1866.536 Thread 0x000001c11c4cd4e0 Uncommon trap: trap_request=0xffffff45 fr.pc=0x000001c0c8843dd0 relative=0x00000000000003d0
Event: 1866.536 Thread 0x000001c11c4cd4e0 Uncommon trap: reason=unstable_if action=reinterpret pc=0x000001c0c8843dd0 method=java.util.Arrays.hashCode([C)I @ 8 c2
Event: 1866.536 Thread 0x000001c11c4cd4e0 DEOPT PACKING pc=0x000001c0c8843dd0 sp=0x000000b877cfedf0
Event: 1866.536 Thread 0x000001c11c4cd4e0 DEOPT UNPACKING pc=0x000001c0c80b3aa2 sp=0x000000b877cfecc0 mode 2
Event: 1866.542 Thread 0x000001c11c4cd4e0 Uncommon trap: trap_request=0xffffff45 fr.pc=0x000001c0c8ec21a4 relative=0x0000000000001044
Event: 1866.542 Thread 0x000001c11c4cd4e0 Uncommon trap: reason=unstable_if action=reinterpret pc=0x000001c0c8ec21a4 method=org.eclipse.core.runtime.Path.toOSString()Ljava/lang/String; @ 66 c2
Event: 1866.542 Thread 0x000001c11c4cd4e0 DEOPT PACKING pc=0x000001c0c8ec21a4 sp=0x000000b877cff120
Event: 1866.542 Thread 0x000001c11c4cd4e0 DEOPT UNPACKING pc=0x000001c0c80b3aa2 sp=0x000000b877cff0e0 mode 2

Classes loaded (20 events):
Event: 203.647 Loading class java/util/stream/DistinctOps
Event: 203.647 Loading class java/util/stream/DistinctOps done
Event: 203.647 Loading class java/util/stream/DistinctOps$1
Event: 203.649 Loading class java/util/stream/DistinctOps$1 done
Event: 203.671 Loading class java/util/stream/DistinctOps$1$2
Event: 203.672 Loading class java/util/stream/DistinctOps$1$2 done
Event: 314.387 Loading class java/util/stream/Nodes$CollectorTask$OfRef
Event: 314.389 Loading class java/util/stream/Nodes$CollectorTask
Event: 314.391 Loading class java/util/stream/Nodes$CollectorTask done
Event: 314.391 Loading class java/util/stream/Nodes$CollectorTask$OfRef done
Event: 314.391 Loading class java/util/function/LongFunction
Event: 314.392 Loading class java/util/function/LongFunction done
Event: 314.393 Loading class java/util/stream/Nodes$ConcNode
Event: 314.393 Loading class java/util/stream/Nodes$AbstractConcNode
Event: 314.393 Loading class java/util/stream/Nodes$AbstractConcNode done
Event: 314.393 Loading class java/util/stream/Nodes$ConcNode done
Event: 1866.398 Loading class java/nio/file/Files$2
Event: 1866.399 Loading class java/nio/file/Files$2 done
Event: 1866.519 Loading class jdk/internal/module/IllegalAccessLogger
Event: 1866.519 Loading class jdk/internal/module/IllegalAccessLogger done

Classes unloaded (7 events):
Event: 5.923 Thread 0x000001c0d43c2310 Unloading class 0x000001c0d61aac00 'java/lang/invoke/LambdaForm$MH+0x000001c0d61aac00'
Event: 5.923 Thread 0x000001c0d43c2310 Unloading class 0x000001c0d61aa800 'java/lang/invoke/LambdaForm$MH+0x000001c0d61aa800'
Event: 5.923 Thread 0x000001c0d43c2310 Unloading class 0x000001c0d61aa400 'java/lang/invoke/LambdaForm$MH+0x000001c0d61aa400'
Event: 5.923 Thread 0x000001c0d43c2310 Unloading class 0x000001c0d61aa000 'java/lang/invoke/LambdaForm$MH+0x000001c0d61aa000'
Event: 5.923 Thread 0x000001c0d43c2310 Unloading class 0x000001c0d61a9c00 'java/lang/invoke/LambdaForm$BMH+0x000001c0d61a9c00'
Event: 5.923 Thread 0x000001c0d43c2310 Unloading class 0x000001c0d61a9800 'java/lang/invoke/LambdaForm$DMH+0x000001c0d61a9800'
Event: 5.923 Thread 0x000001c0d43c2310 Unloading class 0x000001c0d61a8400 'java/lang/invoke/LambdaForm$DMH+0x000001c0d61a8400'

Classes redefined (0 events):
No events

Internal exceptions (20 events):
Event: 31.333 Thread 0x000001c11c4cc7c0 Exception <a 'sun/nio/fs/WindowsException'{0x00000000d5e93608}> (0x00000000d5e93608) 
thrown [s\src\hotspot\share\prims\jni.cpp, line 520]
Event: 31.333 Thread 0x000001c11c4cc7c0 Exception <a 'sun/nio/fs/WindowsException'{0x00000000d5e93e88}> (0x00000000d5e93e88) 
thrown [s\src\hotspot\share\prims\jni.cpp, line 520]
Event: 31.343 Thread 0x000001c11c4cc7c0 Exception <a 'sun/nio/fs/WindowsException'{0x00000000d5f3dc18}> (0x00000000d5f3dc18) 
thrown [s\src\hotspot\share\prims\jni.cpp, line 520]
Event: 31.343 Thread 0x000001c11c4cc7c0 Exception <a 'sun/nio/fs/WindowsException'{0x00000000d5f3e748}> (0x00000000d5f3e748) 
thrown [s\src\hotspot\share\prims\jni.cpp, line 520]
Event: 31.479 Thread 0x000001c11c4cef20 Exception <a 'java/io/FileNotFoundException'{0x00000000d5882950}> (0x00000000d5882950) 
thrown [s\src\hotspot\share\prims\jni.cpp, line 520]
Event: 31.480 Thread 0x000001c11c4cef20 Exception <a 'java/io/FileNotFoundException'{0x00000000d5883a60}> (0x00000000d5883a60) 
thrown [s\src\hotspot\share\prims\jni.cpp, line 520]
Event: 31.480 Thread 0x000001c11c4cef20 Exception <a 'java/io/FileNotFoundException'{0x00000000d5884bd0}> (0x00000000d5884bd0) 
thrown [s\src\hotspot\share\prims\jni.cpp, line 520]
Event: 31.655 Thread 0x000001c11c4cef20 Exception <a 'java/lang/NoSuchMethodError'{0x00000000d585cda0}: 'java.lang.Object java.lang.invoke.DirectMethodHandle$Holder.invokeStatic(java.lang.Object, java.lang.Object, int, java.lang.Object)'> (0x00000000d585cda0) 
thrown [s\src\hotspot\share\interpreter\linkResolver.cpp, line 773]
Event: 31.657 Thread 0x000001c11c4cef20 Exception <a 'java/lang/NoSuchMethodError'{0x00000000d58633d0}: 'java.lang.Object java.lang.invoke.DirectMethodHandle$Holder.newInvokeSpecial(java.lang.Object, java.lang.Object, int)'> (0x00000000d58633d0) 
thrown [s\src\hotspot\share\interpreter\linkResolver.cpp, line 773]
Event: 31.805 Thread 0x000001c11fe225b0 Implicit null exception at 0x000001c0c8be12b2 to 0x000001c0c8be172c
Event: 31.865 Thread 0x000001c11c4cef20 Implicit null exception at 0x000001c0c8d103cb to 0x000001c0c8d1052c
Event: 31.961 Thread 0x000001c11c4cef20 Exception <a 'java/lang/NoSuchMethodError'{0x00000000d62b9320}: 'java.lang.Object java.lang.invoke.DirectMethodHandle$Holder.invokeStatic(java.lang.Object, java.lang.Object, int, java.lang.Object, java.lang.Object)'> (0x00000000d62b9320) 
thrown [s\src\hotspot\share\interpreter\linkResolver.cpp, line 773]
Event: 314.374 Thread 0x000001c11c4cef20 Exception <a 'sun/nio/fs/WindowsException'{0x00000000d59d9638}> (0x00000000d59d9638) 
thrown [s\src\hotspot\share\prims\jni.cpp, line 520]
Event: 314.375 Thread 0x000001c11c4cef20 Exception <a 'sun/nio/fs/WindowsException'{0x00000000d59da168}> (0x00000000d59da168) 
thrown [s\src\hotspot\share\prims\jni.cpp, line 520]
Event: 314.418 Thread 0x000001c11c4cef20 Exception <a 'java/lang/NoSuchMethodError'{0x00000000d5a75f50}: static [J.<clinit>()V> (0x00000000d5a75f50) 
thrown [s\src\hotspot\share\prims\jni.cpp, line 1111]
Event: 314.432 Thread 0x000001c11c4cef20 Exception <a 'java/lang/NoSuchMethodError'{0x00000000d5aa0ce0}: 'java.lang.Object java.lang.invoke.DirectMethodHandle$Holder.newInvokeSpecial(java.lang.Object, java.lang.Object, java.lang.Object, java.lang.Object, java.lang.Object, java.lang.Object, java.lang.Object, java.lang.Object)'> (0x00000000d5aa0ce0) 
thrown [s\src\hotspot\share\interpreter\linkResolver.cpp, line 773]
Event: 1866.066 Thread 0x000001c11c4cd4e0 Implicit null exception at 0x000001c0c8da7de2 to 0x000001c0c8da8220
Event: 1866.506 Thread 0x000001c11c4cd4e0 Exception <a 'java/lang/NoSuchMethodError'{0x00000000d5b69398}: 'java.lang.Object java.lang.invoke.DirectMethodHandle$Holder.newInvokeSpecial(java.lang.Object, java.lang.Object, java.lang.Object, java.lang.Object, int)'> (0x00000000d5b69398) 
thrown [s\src\hotspot\share\interpreter\linkResolver.cpp, line 773]
Event: 1866.511 Thread 0x000001c11c4cd4e0 Exception <a 'java/lang/NoSuchMethodError'{0x00000000d559aaa0}: 'java.lang.Object java.lang.invoke.DirectMethodHandle$Holder.invokeSpecial(java.lang.Object, java.lang.Object, java.lang.Object, java.lang.Object, java.lang.Object, int)'> (0x00000000d559aaa0) 
thrown [s\src\hotspot\share\interpreter\linkResolver.cpp, line 773]
Event: 1866.512 Thread 0x000001c11c4cd4e0 Exception <a 'java/lang/NoSuchMethodError'{0x00000000d559e520}: 'java.lang.Object java.lang.invoke.Invokers$Holder.linkToTargetMethod(java.lang.Object, java.lang.Object, java.lang.Object, int, java.lang.Object)'> (0x00000000d559e520) 
thrown [s\src\hotspot\share\interpreter\linkResolver.cpp, line 773]

ZGC Phase Switch (0 events):
No events

VM Operations (20 events):
Event: 1866.063 Executing non-safepoint VM operation: HandshakeAllThreads (Deoptimize) done
Event: 1866.074 Executing non-safepoint VM operation: HandshakeAllThreads (Deoptimize)
Event: 1866.074 Executing non-safepoint VM operation: HandshakeAllThreads (Deoptimize) done
Event: 1866.098 Executing safepoint VM operation: ParallelGCFailedAllocation (Allocation Failure)
Event: 1866.118 Executing safepoint VM operation: ParallelGCFailedAllocation (Allocation Failure) done
Event: 1866.158 Executing non-safepoint VM operation: HandshakeAllThreads (Deoptimize)
Event: 1866.159 Executing non-safepoint VM operation: HandshakeAllThreads (Deoptimize) done
Event: 1866.185 Executing safepoint VM operation: ParallelGCFailedAllocation (Allocation Failure)
Event: 1866.192 Executing safepoint VM operation: ParallelGCFailedAllocation (Allocation Failure) done
Event: 1866.248 Executing safepoint VM operation: ParallelGCFailedAllocation (Allocation Failure)
Event: 1866.251 Executing safepoint VM operation: ParallelGCFailedAllocation (Allocation Failure) done
Event: 1866.333 Executing safepoint VM operation: ParallelGCFailedAllocation (Allocation Failure)
Event: 1866.335 Executing safepoint VM operation: ParallelGCFailedAllocation (Allocation Failure) done
Event: 1866.423 Executing safepoint VM operation: ParallelGCFailedAllocation (Allocation Failure)
Event: 1866.426 Executing safepoint VM operation: ParallelGCFailedAllocation (Allocation Failure) done
Event: 1866.461 Executing non-safepoint VM operation: HandshakeAllThreads (Deoptimize)
Event: 1866.461 Executing non-safepoint VM operation: HandshakeAllThreads (Deoptimize) done
Event: 1866.507 Executing safepoint VM operation: ParallelGCFailedAllocation (Allocation Failure)
Event: 1866.511 Executing safepoint VM operation: ParallelGCFailedAllocation (Allocation Failure) done
Event: 1867.512 Executing safepoint VM operation: Cleanup

Memory protections (0 events):
No events

Nmethod flushes (20 events):
Event: 13.829 Thread 0x000001c0d43c2310 flushing  nmethod 0x000001c0c12cf190
Event: 13.829 Thread 0x000001c0d43c2310 flushing  nmethod 0x000001c0c12edd90
Event: 13.829 Thread 0x000001c0d43c2310 flushing  nmethod 0x000001c0c135e610
Event: 13.829 Thread 0x000001c0d43c2310 flushing osr nmethod 0x000001c0c1371510
Event: 13.829 Thread 0x000001c0d43c2310 flushing  nmethod 0x000001c0c137b410
Event: 13.829 Thread 0x000001c0d43c2310 flushing  nmethod 0x000001c0c1393290
Event: 13.829 Thread 0x000001c0d43c2310 flushing  nmethod 0x000001c0c1397210
Event: 13.829 Thread 0x000001c0d43c2310 flushing  nmethod 0x000001c0c139de10
Event: 13.829 Thread 0x000001c0d43c2310 flushing  nmethod 0x000001c0c13a0c90
Event: 13.829 Thread 0x000001c0d43c2310 flushing  nmethod 0x000001c0c13a4d10
Event: 13.829 Thread 0x000001c0d43c2310 flushing  nmethod 0x000001c0c13a8690
Event: 13.829 Thread 0x000001c0d43c2310 flushing  nmethod 0x000001c0c13c0490
Event: 13.829 Thread 0x000001c0d43c2310 flushing  nmethod 0x000001c0c13c0a90
Event: 13.829 Thread 0x000001c0d43c2310 flushing  nmethod 0x000001c0c13c4390
Event: 13.829 Thread 0x000001c0d43c2310 flushing  nmethod 0x000001c0c13c4a90
Event: 13.829 Thread 0x000001c0d43c2310 flushing  nmethod 0x000001c0c13c5810
Event: 13.829 Thread 0x000001c0d43c2310 flushing  nmethod 0x000001c0c13c8390
Event: 13.829 Thread 0x000001c0d43c2310 flushing  nmethod 0x000001c0c13cef10
Event: 13.829 Thread 0x000001c0d43c2310 flushing  nmethod 0x000001c0c13de710
Event: 13.829 Thread 0x000001c0d43c2310 flushing  nmethod 0x000001c0c13e3610

Events (20 events):
Event: 182.355 Thread 0x000001c12a4b04d0 Thread exited: 0x000001c12a4b04d0
Event: 211.335 Thread 0x000001c11e8d7410 Thread exited: 0x000001c11e8d7410
Event: 271.336 Thread 0x000001c11c7ed670 Thread exited: 0x000001c11c7ed670
Event: 314.384 Thread 0x000001c11c4cef20 Thread added: 0x000001c11fe20b70
Event: 314.394 Thread 0x000001c11fe20b70 Thread exited: 0x000001c11fe20b70
Event: 314.423 Thread 0x000001c1167bae00 Thread added: 0x000001c12a4af060
Event: 314.550 Thread 0x000001c12a4af060 Thread exited: 0x000001c12a4af060
Event: 331.336 Thread 0x000001c11c7f0460 Thread exited: 0x000001c11c7f0460
Event: 391.337 Thread 0x000001c11c7ef740 Thread exited: 0x000001c11c7ef740
Event: 451.337 Thread 0x000001c11c7ef0b0 Thread exited: 0x000001c11c7ef0b0
Event: 511.346 Thread 0x000001c11e8d4cb0 Thread exited: 0x000001c11e8d4cb0
Event: 571.349 Thread 0x000001c11c7f0af0 Thread exited: 0x000001c11c7f0af0
Event: 631.349 Thread 0x000001c11e8d5340 Thread exited: 0x000001c11e8d5340
Event: 691.351 Thread 0x000001c11c7efdd0 Thread exited: 0x000001c11c7efdd0
Event: 1865.835 Thread 0x000001c1167bae00 Thread added: 0x000001c12a4ad520
Event: 1866.004 Thread 0x000001c12a4ad520 Thread exited: 0x000001c12a4ad520
Event: 1866.042 Thread 0x000001c11c4d0ff0 Thread added: 0x000001c11fe1f7c0
Event: 1866.043 Thread 0x000001c11fe1f7c0 Thread added: 0x000001c11fe20b70
Event: 1866.098 Thread 0x000001c1167bae00 Thread added: 0x000001c12a4ae2c0
Event: 1866.356 Thread 0x000001c11c4cef20 Thread added: 0x000001c11fe22c40


Dynamic libraries:
0x00007ff7735a0000 - 0x00007ff7735ae000 	c:\Users\HP\.antigravity\extensions\redhat.java-1.54.0-win32-x64\jre\21.0.10-win32-x86_64\bin\java.exe
0x00007ff88cba0000 - 0x00007ff88ce07000 	C:\WINDOWS\SYSTEM32\ntdll.dll
0x00007ff84ec50000 - 0x00007ff84ec71000 	C:\Program Files\Avast Software\Avast\aswhook.dll
0x00007ff88ac80000 - 0x00007ff88ad49000 	C:\WINDOWS\System32\KERNEL32.DLL
0x00007ff889570000 - 0x00007ff889964000 	C:\WINDOWS\System32\KERNELBASE.dll
0x00007ff88a1e0000 - 0x00007ff88a32b000 	C:\WINDOWS\System32\ucrtbase.dll
0x00007ff82b1e0000 - 0x00007ff82b1f8000 	c:\Users\HP\.antigravity\extensions\redhat.java-1.54.0-win32-x64\jre\21.0.10-win32-x86_64\bin\jli.dll
0x00007ff88b850000 - 0x00007ff88ba15000 	C:\WINDOWS\System32\USER32.dll
0x00007ff88a570000 - 0x00007ff88a597000 	C:\WINDOWS\System32\win32u.dll
0x00007ff88af60000 - 0x00007ff88af8b000 	C:\WINDOWS\System32\GDI32.dll
0x00007ff889440000 - 0x00007ff88956b000 	C:\WINDOWS\System32\gdi32full.dll
0x00007ff88a850000 - 0x00007ff88a8f3000 	C:\WINDOWS\System32\msvcp_win.dll
0x00007ff884570000 - 0x00007ff88458e000 	c:\Users\HP\.antigravity\extensions\redhat.java-1.54.0-win32-x64\jre\21.0.10-win32-x86_64\bin\VCRUNTIME140.dll
0x00007ff85b6e0000 - 0x00007ff85b973000 	C:\WINDOWS\WinSxS\amd64_microsoft.windows.common-controls_6595b64144ccf1df_6.0.26100.8115_none_3e075c82e3354f9c\COMCTL32.dll
0x00007ff88ae90000 - 0x00007ff88af39000 	C:\WINDOWS\System32\msvcrt.dll
0x00007ff88c150000 - 0x00007ff88c182000 	C:\WINDOWS\System32\IMM32.DLL
0x00007ff884560000 - 0x00007ff88456c000 	c:\Users\HP\.antigravity\extensions\redhat.java-1.54.0-win32-x64\jre\21.0.10-win32-x86_64\bin\vcruntime140_1.dll
0x00007ff800cc0000 - 0x00007ff800d4d000 	c:\Users\HP\.antigravity\extensions\redhat.java-1.54.0-win32-x64\jre\21.0.10-win32-x86_64\bin\msvcp140.dll
0x00007ffff8a00000 - 0x00007ffff97a1000 	c:\Users\HP\.antigravity\extensions\redhat.java-1.54.0-win32-x64\jre\21.0.10-win32-x86_64\bin\server\jvm.dll
0x00007ff88bc00000 - 0x00007ff88bcb6000 	C:\WINDOWS\System32\ADVAPI32.dll
0x00007ff88ba20000 - 0x00007ff88bac7000 	C:\WINDOWS\System32\sechost.dll
0x00007ff88ad50000 - 0x00007ff88ae68000 	C:\WINDOWS\System32\RPCRT4.dll
0x00007ff88caa0000 - 0x00007ff88cb20000 	C:\WINDOWS\System32\WS2_32.dll
0x00007ff8892a0000 - 0x00007ff8892fe000 	C:\WINDOWS\SYSTEM32\POWRPROF.dll
0x00007ff8815a0000 - 0x00007ff8815d6000 	C:\WINDOWS\SYSTEM32\WINMM.dll
0x00007ff87b0b0000 - 0x00007ff87b0bb000 	C:\WINDOWS\SYSTEM32\VERSION.dll
0x00007ff889280000 - 0x00007ff889294000 	C:\WINDOWS\SYSTEM32\UMPDC.dll
0x00007ff8881d0000 - 0x00007ff8881eb000 	C:\WINDOWS\SYSTEM32\kernel.appcore.dll
0x00007ff85bb60000 - 0x00007ff85bb6a000 	c:\Users\HP\.antigravity\extensions\redhat.java-1.54.0-win32-x64\jre\21.0.10-win32-x86_64\bin\jimage.dll
0x00007ff887200000 - 0x00007ff887442000 	C:\WINDOWS\SYSTEM32\DBGHELP.DLL
0x00007ff88b3c0000 - 0x00007ff88b742000 	C:\WINDOWS\System32\combase.dll
0x00007ff88b0f0000 - 0x00007ff88b1c8000 	C:\WINDOWS\System32\OLEAUT32.dll
0x00007ff874a60000 - 0x00007ff874a9b000 	C:\WINDOWS\SYSTEM32\dbgcore.DLL
0x00007ff88a630000 - 0x00007ff88a6d5000 	C:\WINDOWS\System32\bcryptPrimitives.dll
0x00007ff832910000 - 0x00007ff83291f000 	c:\Users\HP\.antigravity\extensions\redhat.java-1.54.0-win32-x64\jre\21.0.10-win32-x86_64\bin\instrument.dll
0x00007ff82abb0000 - 0x00007ff82abd0000 	c:\Users\HP\.antigravity\extensions\redhat.java-1.54.0-win32-x64\jre\21.0.10-win32-x86_64\bin\java.dll
0x00007ff88c330000 - 0x00007ff88ca97000 	C:\WINDOWS\System32\SHELL32.dll
0x00007ff88a6e0000 - 0x00007ff88a84a000 	C:\WINDOWS\System32\wintypes.dll
0x00007ff889970000 - 0x00007ff88a1d8000 	C:\WINDOWS\System32\windows.storage.dll
0x00007ff88ab80000 - 0x00007ff88ac78000 	C:\WINDOWS\System32\SHCORE.dll
0x00007ff88aae0000 - 0x00007ff88ab46000 	C:\WINDOWS\System32\shlwapi.dll
0x00007ff889360000 - 0x00007ff889389000 	C:\WINDOWS\SYSTEM32\profapi.dll
0x00007ff879f40000 - 0x00007ff879f58000 	c:\Users\HP\.antigravity\extensions\redhat.java-1.54.0-win32-x64\jre\21.0.10-win32-x86_64\bin\zip.dll
0x00007ff879f30000 - 0x00007ff879f40000 	C:\Users\HP\.antigravity\extensions\redhat.java-1.54.0-win32-x64\jre\21.0.10-win32-x86_64\bin\net.dll
0x00007ff8813c0000 - 0x00007ff8814ed000 	C:\WINDOWS\SYSTEM32\WINHTTP.dll
0x00007ff888740000 - 0x00007ff8887ac000 	C:\WINDOWS\system32\mswsock.dll
0x00007ff8798f0000 - 0x00007ff879906000 	C:\Users\HP\.antigravity\extensions\redhat.java-1.54.0-win32-x64\jre\21.0.10-win32-x86_64\bin\nio.dll
0x00007ff82c540000 - 0x00007ff82c550000 	c:\Users\HP\.antigravity\extensions\redhat.java-1.54.0-win32-x64\jre\21.0.10-win32-x86_64\bin\verify.dll
0x00007ff819ef0000 - 0x00007ff819f35000 	C:\Users\HP\AppData\Roaming\Antigravity\User\globalStorage\redhat.java\1.54.0\config_win\org.eclipse.equinox.launcher\org.eclipse.equinox.launcher.win32.win32.x86_64_1.3.0.v20260203-2149\eclipse_11919.dll
0x00007ff88c190000 - 0x00007ff88c327000 	C:\WINDOWS\System32\ole32.dll
0x00007ff888a20000 - 0x00007ff888a3b000 	C:\WINDOWS\SYSTEM32\CRYPTSP.dll
0x00007ff888130000 - 0x00007ff888169000 	C:\WINDOWS\system32\rsaenh.dll
0x00007ff8887f0000 - 0x00007ff888823000 	C:\WINDOWS\SYSTEM32\USERENV.dll
0x00007ff889330000 - 0x00007ff88935a000 	C:\WINDOWS\SYSTEM32\bcrypt.dll
0x00007ff888a40000 - 0x00007ff888a4c000 	C:\WINDOWS\SYSTEM32\CRYPTBASE.dll
0x00007ff887b80000 - 0x00007ff887bb2000 	C:\WINDOWS\SYSTEM32\IPHLPAPI.DLL
0x00007ff88ae70000 - 0x00007ff88ae7a000 	C:\WINDOWS\System32\NSI.dll
0x00007ff8002c0000 - 0x00007ff800309000 	C:\Users\HP\AppData\Local\Temp\jna-2312\jna16043775767566749911.dll
0x00007ff88ae80000 - 0x00007ff88ae88000 	C:\WINDOWS\System32\PSAPI.DLL
0x00007ff882740000 - 0x00007ff88275d000 	C:\WINDOWS\SYSTEM32\dhcpcsvc6.DLL
0x00007ff882710000 - 0x00007ff882735000 	C:\WINDOWS\SYSTEM32\dhcpcsvc.DLL
0x00007ff821730000 - 0x00007ff821757000 	C:\Users\HP\.gradle\native\1def1411415f61bf3af743bc5b6707747c0891f09f0c88961ee8f79bc544acac\windows-amd64\native-platform.dll
0x00007ff82aa40000 - 0x00007ff82aa4a000 	C:\Users\HP\.antigravity\extensions\redhat.java-1.54.0-win32-x64\jre\21.0.10-win32-x86_64\bin\management.dll
0x00007ff82a800000 - 0x00007ff82a80c000 	C:\Users\HP\.antigravity\extensions\redhat.java-1.54.0-win32-x64\jre\21.0.10-win32-x86_64\bin\management_ext.dll
0x00007ff828a20000 - 0x00007ff828a29000 	C:\Users\HP\.antigravity\extensions\redhat.java-1.54.0-win32-x64\jre\21.0.10-win32-x86_64\bin\extnet.dll
0x00007ff8288a0000 - 0x00007ff8288ae000 	C:\Users\HP\.antigravity\extensions\redhat.java-1.54.0-win32-x64\jre\21.0.10-win32-x86_64\bin\sunmscapi.dll
0x00007ff88a3f0000 - 0x00007ff88a567000 	C:\WINDOWS\System32\CRYPT32.dll
0x00007ff888c40000 - 0x00007ff888c70000 	C:\WINDOWS\SYSTEM32\ncrypt.dll
0x00007ff888bf0000 - 0x00007ff888c2f000 	C:\WINDOWS\SYSTEM32\NTASN1.dll
0x00007ff84a410000 - 0x00007ff84a418000 	C:\WINDOWS\system32\wshunix.dll

JVMTI agents:
c:\Users\HP\.antigravity\extensions\redhat.java-1.54.0-win32-x64\lombok\lombok-1.18.39-4050.jar path:c:\Users\HP\.antigravity\extensions\redhat.java-1.54.0-win32-x64\jre\21.0.10-win32-x86_64\bin\instrument.dll, loaded, initialized, instrumentlib options:none

dbghelp: loaded successfully - version: 4.0.5 - missing functions: none
symbol engine: initialized successfully - sym options: 0x614 - pdb path: .;c:\Users\HP\.antigravity\extensions\redhat.java-1.54.0-win32-x64\jre\21.0.10-win32-x86_64\bin;C:\WINDOWS\SYSTEM32;C:\Program Files\Avast Software\Avast;C:\WINDOWS\WinSxS\amd64_microsoft.windows.common-controls_6595b64144ccf1df_6.0.26100.8115_none_3e075c82e3354f9c;c:\Users\HP\.antigravity\extensions\redhat.java-1.54.0-win32-x64\jre\21.0.10-win32-x86_64\bin\server;C:\Users\HP\AppData\Roaming\Antigravity\User\globalStorage\redhat.java\1.54.0\config_win\org.eclipse.equinox.launcher\org.eclipse.equinox.launcher.win32.win32.x86_64_1.3.0.v20260203-2149;C:\Users\HP\AppData\Local\Temp\jna-2312;C:\Users\HP\.gradle\native\1def1411415f61bf3af743bc5b6707747c0891f09f0c88961ee8f79bc544acac\windows-amd64

VM Arguments:
jvm_args: --add-modules=ALL-SYSTEM --add-opens=java.base/java.util=ALL-UNNAMED --add-opens=java.base/java.lang=ALL-UNNAMED --add-opens=java.base/sun.nio.fs=ALL-UNNAMED -Declipse.application=org.eclipse.jdt.ls.core.id1 -Dosgi.bundles.defaultStartLevel=4 -Declipse.product=org.eclipse.jdt.ls.core.product -Djava.import.generatesMetadataFilesAtProjectRoot=false -DDetectVMInstallationsJob.disabled=true -Dfile.encoding=utf8 -XX:+UseParallelGC -XX:GCTimeRatio=4 -XX:AdaptiveSizePolicyWeight=90 -Dsun.zip.disableMemoryMapping=true -Xmx2G -Xms100m -Xlog:disable -javaagent:c:\Users\HP\.antigravity\extensions\redhat.java-1.54.0-win32-x64\lombok\lombok-1.18.39-4050.jar -XX:+HeapDumpOnOutOfMemoryError -XX:HeapDumpPath=c:\Users\HP\AppData\Roaming\Antigravity\User\workspaceStorage\bb6f58697517b49f76eb8e851445a514\redhat.java -Daether.dependencyCollector.impl=bf 
java_command: c:\Users\HP\.antigravity\extensions\redhat.java-1.54.0-win32-x64\server\plugins\org.eclipse.equinox.launcher_1.7.100.v20251111-0406.jar -configuration c:\Users\HP\AppData\Roaming\Antigravity\User\globalStorage\redhat.java\1.54.0\config_win -data c:\Users\HP\AppData\Roaming\Antigravity\User\workspaceStorage\bb6f58697517b49f76eb8e851445a514\redhat.java\jdt_ws --pipe=\\.\pipe\lsp-0c3b742946b7de16ef1213fad1b82397-sock
java_class_path (initial): c:\Users\HP\.antigravity\extensions\redhat.java-1.54.0-win32-x64\server\plugins\org.eclipse.equinox.launcher_1.7.100.v20251111-0406.jar
Launcher Type: SUN_STANDARD

[Global flags]
    uintx AdaptiveSizePolicyWeight                 = 90                                        {product} {command line}
     intx CICompilerCount                          = 4                                         {product} {ergonomic}
    uintx GCTimeRatio                              = 4                                         {product} {command line}
     bool HeapDumpOnOutOfMemoryError               = true                                   {manageable} {command line}
    ccstr HeapDumpPath                             = c:\Users\HP\AppData\Roaming\Antigravity\User\workspaceStorage\bb6f58697517b49f76eb8e851445a514\redhat.java         {manageable} {command line}
   size_t InitialHeapSize                          = 104857600                                 {product} {command line}
   size_t MaxHeapSize                              = 2147483648                                {product} {command line}
   size_t MaxNewSize                               = 715653120                                 {product} {ergonomic}
   size_t MinHeapDeltaBytes                        = 524288                                    {product} {ergonomic}
   size_t MinHeapSize                              = 104857600                                 {product} {command line}
   size_t NewSize                                  = 34603008                                  {product} {ergonomic}
    uintx NonNMethodCodeHeapSize                   = 5839372                                {pd product} {ergonomic}
    uintx NonProfiledCodeHeapSize                  = 122909434                              {pd product} {ergonomic}
   size_t OldSize                                  = 70254592                                  {product} {ergonomic}
    uintx ProfiledCodeHeapSize                     = 122909434                              {pd product} {ergonomic}
    uintx ReservedCodeCacheSize                    = 251658240                              {pd product} {ergonomic}
     bool SegmentedCodeCache                       = true                                      {product} {ergonomic}
   size_t SoftMaxHeapSize                          = 2147483648                             {manageable} {ergonomic}
     bool UseCompressedOops                        = true                           {product lp64_product} {ergonomic}
     bool UseLargePagesIndividualAllocation        = false                                  {pd product} {ergonomic}
     bool UseParallelGC                            = true                                      {product} {command line}

Logging:
Log output configuration:
 #0: stdout all=off uptime,level,tags foldmultilines=false
 #1: stderr all=off uptime,level,tags foldmultilines=false

Release file:
JAVA_VERSION="21.0.10" 
MODULES="java.base java.compiler java.datatransfer java.xml java.prefs java.desktop java.instrument java.logging java.management java.security.sasl java.naming java.rmi java.management.rmi java.net.http java.scripting java.security.jgss java.transaction.xa java.sql java.sql.rowset java.xml.crypto java.se java.smartcardio jdk.accessibility jdk.internal.jvmstat jdk.attach jdk.charsets jdk.internal.opt jdk.zipfs jdk.compiler jdk.crypto.ec jdk.crypto.cryptoki jdk.crypto.mscapi jdk.dynalink jdk.internal.ed jdk.editpad jdk.hotspot.agent jdk.httpserver jdk.internal.le jdk.internal.vm.ci jdk.internal.vm.compiler jdk.internal.vm.compiler.management jdk.jartool jdk.javadoc jdk.jcmd jdk.management jdk.management.agent jdk.jconsole jdk.jdeps jdk.jdwp.agent jdk.jdi jdk.jfr jdk.jshell jdk.jsobject jdk.jstatd jdk.localedata jdk.management.jfr jdk.naming.dns jdk.naming.rmi jdk.net jdk.nio.mapmode jdk.random jdk.sctp jdk.security.auth jdk.security.jgss jdk.unsupported jdk.unsupported.desktop jdk.xml.dom" 

Environment Variables:
JAVA_HOME=C:\Program Files\Java\jdk-25
PATH=C:\Program Files\Common Files\Oracle\Java\javapath;C:\Program Files (x86)\Common Files\Oracle\Java\java8path;C:\Program Files (x86)\Common Files\Oracle\Java\javapath;C:\ORC\ORACLEE\bin;C:\app\HP\product\21c\dbhomeXE\bin;E:\oracle21\ORACL\bin;C:\Dossier_Oracle21c\Oracle21c\bin;C:\WINDOWS\system32;C:\WINDOWS;C:\WINDOWS\System32\Wbem;C:\WINDOWS\System32\WindowsPowerShell\v1.0\;C:\WINDOWS\System32\OpenSSH\;C:\appliiiiiii\flutter_windows_3.35.7-stable.zip\flutter\bin;C:\Program Files\Docker\Docker\resources\bin;C:\Program Files\Git\cmd;C:\Program Files\nodejs\;C:\Program Files\Apache\maven\bin;C:\Program Files\MySQL\MySQL Shell 8.0\bin\;C:\Users\HP\AppData\Local\Programs\Python\Python313\Scripts\;C:\Users\HP\AppData\Local\Programs\Python\Python313\;C:\Users\HP\AppData\Local\Programs\Python\Launcher\;C:\Users\HP\AppData\Local\Microsoft\WindowsApps;C:\Users\HP\AppData\Local\Programs\Microsoft VS Code\bin;C:\Users\HP\AppData\Local\Python\bin;C:\Users\HP\AppData\Roaming\npm;C:\Program Files\Java\jdk-25\bin;C:\Maven\apache-maven-3.9.15\bin;D:\Nouveau dossier\Antigravity\bin
USERNAME=HP
OS=Windows_NT
PROCESSOR_IDENTIFIER=Intel64 Family 6 Model 186 Stepping 3, GenuineIntel
TMP=C:\Users\HP\AppData\Local\Temp
TEMP=C:\Users\HP\AppData\Local\Temp




Periodic native trim disabled

---------------  S Y S T E M  ---------------

OS:
 Windows 11 , 64 bit Build 26100 (10.0.26100.8246)
OS uptime: 0 days 0:33 hours
Hyper-V role detected

CPU: total 12 (initial active 12) (6 cores per cpu, 2 threads per core) family 6 model 186 stepping 3 microcode 0x4121, cx8, cmov, fxsr, ht, mmx, 3dnowpref, sse, sse2, sse3, ssse3, sse4.1, sse4.2, popcnt, lzcnt, tsc, tscinvbit, avx, avx2, aes, erms, clmul, bmi1, bmi2, adx, sha, fma, vzeroupper, clflush, clflushopt, clwb, hv, serialize, rdtscp, rdpid, fsrm, f16c, cet_ibt, cet_ss
Processor Information for processor 0
  Max Mhz: 1300, Current Mhz: 1300, Mhz Limit: 1300
Processor Information for processor 1
  Max Mhz: 1300, Current Mhz: 1300, Mhz Limit: 1300
Processor Information for processor 2
  Max Mhz: 1300, Current Mhz: 1300, Mhz Limit: 1300
Processor Information for processor 3
  Max Mhz: 1300, Current Mhz: 1300, Mhz Limit: 1300
Processor Information for processor 4
  Max Mhz: 1300, Current Mhz: 900, Mhz Limit: 897
Processor Information for processor 5
  Max Mhz: 1300, Current Mhz: 900, Mhz Limit: 897
Processor Information for processor 6
  Max Mhz: 1300, Current Mhz: 900, Mhz Limit: 897
Processor Information for processor 7
  Max Mhz: 1300, Current Mhz: 900, Mhz Limit: 897
Processor Information for processor 8
  Max Mhz: 1300, Current Mhz: 900, Mhz Limit: 897
Processor Information for processor 9
  Max Mhz: 1300, Current Mhz: 900, Mhz Limit: 897
Processor Information for processor 10
  Max Mhz: 1300, Current Mhz: 900, Mhz Limit: 897
Processor Information for processor 11
  Max Mhz: 1300, Current Mhz: 900, Mhz Limit: 897

Memory: 4k page, system-wide physical 7835M (648M free)
TotalPageFile size 13835M (AvailPageFile size 45M)
current process WorkingSet (physical memory assigned to process): 201M, peak: 424M
current process commit charge ("private bytes"): 486M, peak: 511M

vm_info: OpenJDK 64-Bit Server VM (21.0.10+7-LTS) for windows-amd64 JRE (21.0.10+7-LTS), built on 2026-01-20T00:00:00Z by "admin" with MS VC++ 17.12 (VS2022)

END.
