#
# There is insufficient memory for the Java Runtime Environment to continue.
# Native memory allocation (malloc) failed to allocate 1904336 bytes. Error detail: Chunk::new
# Possible reasons:
#   The system is out of physical RAM or swap space
#   This process is running with CompressedOops enabled, and the Java Heap may be blocking the growth of the native heap
# Possible solutions:
#   Reduce memory load on the system
#   Increase physical memory or swap space
#   Check if swap backing store is full
#   Decrease Java heap size (-Xmx/-Xms)
#   Decrease number of Java threads
#   Decrease Java thread stack sizes (-Xss)
#   Set larger code cache with -XX:ReservedCodeCacheSize=
#   JVM is running with Zero Based Compressed Oops mode in which the Java heap is
#     placed in the first 32GB address space. The Java Heap base address is the
#     maximum limit for the native heap growth. Please use -XX:HeapBaseMinAddress
#     to set the Java Heap base and to place the Java Heap above 32GB virtual address.
# This output file may be truncated or incomplete.
#
#  Out of Memory Error (arena.cpp:168), pid=20996, tid=21116
#
# JRE version: OpenJDK Runtime Environment Temurin-21.0.10+7 (21.0.10+7) (build 21.0.10+7-LTS)
# Java VM: OpenJDK 64-Bit Server VM Temurin-21.0.10+7 (21.0.10+7-LTS, mixed mode, sharing, tiered, compressed oops, compressed class ptrs, g1 gc, windows-amd64)
# No core dump will be written. Minidumps are not enabled by default on client versions of Windows
#

---------------  S U M M A R Y ------------

Command Line: --add-opens=java.base/java.lang=ALL-UNNAMED --add-opens=java.base/java.lang.invoke=ALL-UNNAMED --add-opens=java.base/java.util=ALL-UNNAMED --add-opens=java.prefs/java.util.prefs=ALL-UNNAMED --add-exports=jdk.compiler/com.sun.tools.javac.api=ALL-UNNAMED --add-exports=jdk.compiler/com.sun.tools.javac.util=ALL-UNNAMED --add-opens=java.base/java.util=ALL-UNNAMED --add-opens=java.prefs/java.util.prefs=ALL-UNNAMED --add-opens=java.base/java.nio.charset=ALL-UNNAMED --add-opens=java.base/java.net=ALL-UNNAMED --add-opens=java.base/java.util.concurrent.atomic=ALL-UNNAMED --add-opens=java.xml/javax.xml.namespace=ALL-UNNAMED -XX:MaxMetaspaceSize=4G -XX:ReservedCodeCacheSize=512m -XX:+HeapDumpOnOutOfMemoryError -Xmx8G -Dfile.encoding=UTF-8 -Duser.country=FR -Duser.language=fr -Duser.variant -javaagent:C:\Users\HP\.gradle\wrapper\dists\gradle-8.14-all\c2qonpi39x1mddn7hk5gh9iqj\gradle-8.14\lib\agents\gradle-instrumentation-agent-8.14.jar org.gradle.launcher.daemon.bootstrap.GradleDaemon 8.14

Host: 13th Gen Intel(R) Core(TM) i5-1335U, 12 cores, 7G,  Windows 11 , 64 bit Build 26100 (10.0.26100.8246)
Time: Wed Apr 29 23:40:18 2026 Greenwich elapsed time: 5.530863 seconds (0d 0h 0m 5s)

---------------  T H R E A D  ---------------

Current thread (0x000002247ce94390):  JavaThread "C2 CompilerThread0" daemon [_thread_in_native, id=21116, stack(0x000000a12df00000,0x000000a12e000000) (1024K)]


Current CompileTask:
C2:5530 2686   !   4       java.lang.ClassLoader::loadClass (121 bytes)

Stack: [0x000000a12df00000,0x000000a12e000000]
Native frames: (J=compiled Java code, j=interpreted, Vv=VM code, C=native code)
V  [jvm.dll+0x6d7a39]
V  [jvm.dll+0x8b4b26]
V  [jvm.dll+0x8b70de]
V  [jvm.dll+0x8b77c3]
V  [jvm.dll+0x284346]
V  [jvm.dll+0xc66ed]
V  [jvm.dll+0xc6c31]
V  [jvm.dll+0x3bec01]
V  [jvm.dll+0x38b162]
V  [jvm.dll+0x38a5aa]
V  [jvm.dll+0x24c560]
V  [jvm.dll+0x24bb40]
V  [jvm.dll+0x1cb34e]
V  [jvm.dll+0x25b85d]
V  [jvm.dll+0x259dea]
V  [jvm.dll+0x3f857e]
V  [jvm.dll+0x85f59d]
V  [jvm.dll+0x6d626d]
C  [ucrtbase.dll+0x37b0]
C  [KERNEL32.DLL+0x2e8d7]
C  [ntdll.dll+0x8c3fc]


---------------  P R O C E S S  ---------------

Threads class SMR info:
_java_thread_list=0x0000022446bc1db0, length=26, elements={
0x000002244ce96f70, 0x000002247ce8a0f0, 0x000002247ce8cc60, 0x000002247ce8d6c0,
0x000002247ce90130, 0x000002247ce90b90, 0x000002247ce915f0, 0x000002247ce94390,
0x000002247ce94e30, 0x000002247fa92440, 0x000002247fb08310, 0x000002247fb752b0,
0x000002247fb77000, 0x0000022446692050, 0x00000224467c3c50, 0x000002244685c280,
0x00000224467ba8f0, 0x0000022446981a80, 0x00000224468cdd00, 0x00000224468d18b0,
0x00000224468d0500, 0x00000224468d0b90, 0x00000224468cfe70, 0x00000224468d1220,
0x00000224468cf7e0, 0x00000224468d1f40
}

Java Threads: ( => current thread )
  0x000002244ce96f70 JavaThread "main"                              [_thread_blocked, id=21060, stack(0x000000a12d100000,0x000000a12d200000) (1024K)]
  0x000002247ce8a0f0 JavaThread "Reference Handler"          daemon [_thread_blocked, id=21092, stack(0x000000a12d900000,0x000000a12da00000) (1024K)]
  0x000002247ce8cc60 JavaThread "Finalizer"                  daemon [_thread_blocked, id=21096, stack(0x000000a12da00000,0x000000a12db00000) (1024K)]
  0x000002247ce8d6c0 JavaThread "Signal Dispatcher"          daemon [_thread_blocked, id=21100, stack(0x000000a12db00000,0x000000a12dc00000) (1024K)]
  0x000002247ce90130 JavaThread "Attach Listener"            daemon [_thread_blocked, id=21104, stack(0x000000a12dc00000,0x000000a12dd00000) (1024K)]
  0x000002247ce90b90 JavaThread "Service Thread"             daemon [_thread_blocked, id=21108, stack(0x000000a12dd00000,0x000000a12de00000) (1024K)]
  0x000002247ce915f0 JavaThread "Monitor Deflation Thread"   daemon [_thread_blocked, id=21112, stack(0x000000a12de00000,0x000000a12df00000) (1024K)]
=>0x000002247ce94390 JavaThread "C2 CompilerThread0"         daemon [_thread_in_native, id=21116, stack(0x000000a12df00000,0x000000a12e000000) (1024K)]
  0x000002247ce94e30 JavaThread "C1 CompilerThread0"         daemon [_thread_blocked, id=21120, stack(0x000000a12e000000,0x000000a12e100000) (1024K)]
  0x000002247fa92440 JavaThread "C2 CompilerThread1"         daemon [_thread_blocked, id=21136, stack(0x000000a12e100000,0x000000a12e200000) (1024K)]
  0x000002247fb08310 JavaThread "Common-Cleaner"             daemon [_thread_blocked, id=21140, stack(0x000000a12e200000,0x000000a12e300000) (1024K)]
  0x000002247fb752b0 JavaThread "Notification Thread"        daemon [_thread_blocked, id=21144, stack(0x000000a12e300000,0x000000a12e400000) (1024K)]
  0x000002247fb77000 JavaThread "C2 CompilerThread2"         daemon [_thread_in_native, id=21156, stack(0x000000a12e600000,0x000000a12e700000) (1024K)]
  0x0000022446692050 JavaThread "Daemon health stats"               [_thread_blocked, id=21188, stack(0x000000a12e900000,0x000000a12ea00000) (1024K)]
  0x00000224467c3c50 JavaThread "Incoming local TCP Connector on port 56255"        [_thread_in_native, id=21220, stack(0x000000a12ef00000,0x000000a12f000000) (1024K)]
  0x000002244685c280 JavaThread "Daemon periodic checks"            [_thread_blocked, id=21224, stack(0x000000a12f000000,0x000000a12f100000) (1024K)]
  0x00000224467ba8f0 JavaThread "Daemon"                            [_thread_blocked, id=21228, stack(0x000000a12f100000,0x000000a12f200000) (1024K)]
  0x0000022446981a80 JavaThread "Handler for socket connection from /127.0.0.1:56255 to /127.0.0.1:56256"        [_thread_in_native, id=21232, stack(0x000000a12f200000,0x000000a12f300000) (1024K)]
  0x00000224468cdd00 JavaThread "Cancel handler"                    [_thread_blocked, id=21240, stack(0x000000a12f300000,0x000000a12f400000) (1024K)]
  0x00000224468d18b0 JavaThread "Daemon worker"                     [_thread_in_Java, id=21244, stack(0x000000a12f400000,0x000000a12f500000) (1024K)]
  0x00000224468d0500 JavaThread "Asynchronous log dispatcher for DefaultDaemonConnection: socket connection from /127.0.0.1:56255 to /127.0.0.1:56256"        [_thread_blocked, id=21248, stack(0x000000a12f500000,0x000000a12f600000) (1024K)]
  0x00000224468d0b90 JavaThread "Stdin handler"                     [_thread_blocked, id=21252, stack(0x000000a12f600000,0x000000a12f700000) (1024K)]
  0x00000224468cfe70 JavaThread "Daemon client event forwarder"        [_thread_blocked, id=21256, stack(0x000000a12f700000,0x000000a12f800000) (1024K)]
  0x00000224468d1220 JavaThread "Cache worker for journal cache (C:\Users\HP\.gradle\caches\journal-1)"        [_thread_blocked, id=21260, stack(0x000000a12f800000,0x000000a12f900000) (1024K)]
  0x00000224468cf7e0 JavaThread "File lock request listener"        [_thread_in_native, id=21264, stack(0x000000a12f900000,0x000000a12fa00000) (1024K)]
  0x00000224468d1f40 JavaThread "Cache worker for file hash cache (C:\Users\HP\.gradle\caches\8.14\fileHashes)"        [_thread_blocked, id=21268, stack(0x000000a12fa00000,0x000000a12fb00000) (1024K)]
Total: 26

Other Threads:
  0x000002247ce6b5e0 VMThread "VM Thread"                           [id=21088, stack(0x000000a12d800000,0x000000a12d900000) (1024K)]
  0x000002247ce56120 WatcherThread "VM Periodic Task Thread"        [id=21084, stack(0x000000a12d700000,0x000000a12d800000) (1024K)]
  0x000002244f3f0d40 WorkerThread "GC Thread#0"                     [id=21064, stack(0x000000a12d200000,0x000000a12d300000) (1024K)]
  0x000002247fc5c3c0 WorkerThread "GC Thread#1"                     [id=21148, stack(0x000000a12e400000,0x000000a12e500000) (1024K)]
  0x000002247fb76950 WorkerThread "GC Thread#2"                     [id=21152, stack(0x000000a12e500000,0x000000a12e600000) (1024K)]
  0x0000022445e704c0 WorkerThread "GC Thread#3"                     [id=21172, stack(0x000000a12e700000,0x000000a12e800000) (1024K)]
  0x00000224459d64e0 WorkerThread "GC Thread#4"                     [id=21176, stack(0x000000a12e800000,0x000000a12e900000) (1024K)]
  0x00000224467e5890 WorkerThread "GC Thread#5"                     [id=21196, stack(0x000000a12ea00000,0x000000a12eb00000) (1024K)]
  0x00000224467e5ff0 WorkerThread "GC Thread#6"                     [id=21200, stack(0x000000a12eb00000,0x000000a12ec00000) (1024K)]
  0x00000224467e54e0 WorkerThread "GC Thread#7"                     [id=21204, stack(0x000000a12ec00000,0x000000a12ed00000) (1024K)]
  0x00000224467e5c40 WorkerThread "GC Thread#8"                     [id=21208, stack(0x000000a12ed00000,0x000000a12ee00000) (1024K)]
  0x00000224467e63a0 WorkerThread "GC Thread#9"                     [id=21212, stack(0x000000a12ee00000,0x000000a12ef00000) (1024K)]
  0x000002247ccc82d0 ConcurrentGCThread "G1 Main Marker"            [id=21068, stack(0x000000a12d300000,0x000000a12d400000) (1024K)]
  0x000002247ccc9b70 WorkerThread "G1 Conc#0"                       [id=21072, stack(0x000000a12d400000,0x000000a12d500000) (1024K)]
  0x000002247cd23c90 ConcurrentGCThread "G1 Refine#0"               [id=21076, stack(0x000000a12d500000,0x000000a12d600000) (1024K)]
  0x000002247cd24720 ConcurrentGCThread "G1 Service"                [id=21080, stack(0x000000a12d600000,0x000000a12d700000) (1024K)]
Total: 16

Threads with active compile tasks:
C2 CompilerThread0  6207 2686   !   4       java.lang.ClassLoader::loadClass (121 bytes)
C2 CompilerThread2  6207 2694       4       java.lang.invoke.MethodType::makeImpl (109 bytes)
Total: 2

VM state: not at safepoint (normal execution)

VM Mutex/Monitor currently owned by a thread: None

Heap address: 0x0000000600000000, size: 8192 MB, Compressed Oops mode: Zero based, Oop shift amount: 3

CDS archive(s) mapped at: [0x0000022400000000-0x0000022400ba0000-0x0000022400ba0000), size 12189696, SharedBaseAddress: 0x0000022400000000, ArchiveRelocationMode: 1.
Compressed class space mapped at: 0x0000022401000000-0x0000022441000000, reserved size: 1073741824
Narrow klass base: 0x0000022400000000, Narrow klass shift: 0, Narrow klass range: 0x100000000

GC Precious Log:
 CardTable entry size: 512
 Card Set container configuration: InlinePtr #cards 4 size 8 Array Of Cards #cards 32 size 80 Howl #buckets 8 coarsen threshold 7372 Howl Bitmap #cards 1024 size 144 coarsen threshold 921 Card regions per heap region 1 cards per card region 8192
 CPUs: 12 total, 12 available
 Memory: 7835M
 Large Page Support: Disabled
 NUMA Support: Disabled
 Compressed Oops: Enabled (Zero based)
 Heap Region Size: 4M
 Heap Min Capacity: 8M
 Heap Initial Capacity: 124M
 Heap Max Capacity: 8G
 Pre-touch: Disabled
 Parallel Workers: 10
 Concurrent Workers: 3
 Concurrent Refinement Workers: 10
 Periodic GC: Disabled

Heap:
 garbage-first heap   total 126976K, used 59921K [0x0000000600000000, 0x0000000800000000)
  region size 4096K, 13 young (53248K), 2 survivors (8192K)
 Metaspace       used 16265K, committed 16768K, reserved 1114112K
  class space    used 2290K, committed 2560K, reserved 1048576K

Heap Regions: E=young(eden), S=young(survivor), O=old, HS=humongous(starts), HC=humongous(continues), CS=collection set, F=free, TAMS=top-at-mark-start, PB=parsable bottom
|   0|0x0000000600000000, 0x0000000600400000, 0x0000000600400000|100%|HS|  |TAMS 0x0000000600000000| PB 0x0000000600000000| Complete 
|   1|0x0000000600400000, 0x0000000600800000, 0x0000000600800000|100%| O|  |TAMS 0x0000000600400000| PB 0x0000000600400000| Untracked 
|   2|0x0000000600800000, 0x0000000600b82b58, 0x0000000600c00000| 87%| O|  |TAMS 0x0000000600800000| PB 0x0000000600800000| Untracked 
|   3|0x0000000600c00000, 0x0000000600c00000, 0x0000000601000000|  0%| F|  |TAMS 0x0000000600c00000| PB 0x0000000600c00000| Untracked 
|   4|0x0000000601000000, 0x0000000601000000, 0x0000000601400000|  0%| F|  |TAMS 0x0000000601000000| PB 0x0000000601000000| Untracked 
|   5|0x0000000601400000, 0x0000000601400000, 0x0000000601800000|  0%| F|  |TAMS 0x0000000601400000| PB 0x0000000601400000| Untracked 
|   6|0x0000000601800000, 0x0000000601800000, 0x0000000601c00000|  0%| F|  |TAMS 0x0000000601800000| PB 0x0000000601800000| Untracked 
|   7|0x0000000601c00000, 0x0000000601c00000, 0x0000000602000000|  0%| F|  |TAMS 0x0000000601c00000| PB 0x0000000601c00000| Untracked 
|   8|0x0000000602000000, 0x0000000602000000, 0x0000000602400000|  0%| F|  |TAMS 0x0000000602000000| PB 0x0000000602000000| Untracked 
|   9|0x0000000602400000, 0x0000000602400000, 0x0000000602800000|  0%| F|  |TAMS 0x0000000602400000| PB 0x0000000602400000| Untracked 
|  10|0x0000000602800000, 0x0000000602800000, 0x0000000602c00000|  0%| F|  |TAMS 0x0000000602800000| PB 0x0000000602800000| Untracked 
|  11|0x0000000602c00000, 0x0000000602c00000, 0x0000000603000000|  0%| F|  |TAMS 0x0000000602c00000| PB 0x0000000602c00000| Untracked 
|  12|0x0000000603000000, 0x00000006033018f0, 0x0000000603400000| 75%| S|CS|TAMS 0x0000000603000000| PB 0x0000000603000000| Complete 
|  13|0x0000000603400000, 0x0000000603800000, 0x0000000603800000|100%| S|CS|TAMS 0x0000000603400000| PB 0x0000000603400000| Complete 
|  14|0x0000000603800000, 0x0000000603800000, 0x0000000603c00000|  0%| F|  |TAMS 0x0000000603800000| PB 0x0000000603800000| Untracked 
|  15|0x0000000603c00000, 0x0000000603c00000, 0x0000000604000000|  0%| F|  |TAMS 0x0000000603c00000| PB 0x0000000603c00000| Untracked 
|  16|0x0000000604000000, 0x0000000604000000, 0x0000000604400000|  0%| F|  |TAMS 0x0000000604000000| PB 0x0000000604000000| Untracked 
|  17|0x0000000604400000, 0x0000000604400000, 0x0000000604800000|  0%| F|  |TAMS 0x0000000604400000| PB 0x0000000604400000| Untracked 
|  18|0x0000000604800000, 0x0000000604800000, 0x0000000604c00000|  0%| F|  |TAMS 0x0000000604800000| PB 0x0000000604800000| Untracked 
|  19|0x0000000604c00000, 0x0000000604c00000, 0x0000000605000000|  0%| F|  |TAMS 0x0000000604c00000| PB 0x0000000604c00000| Untracked 
|  20|0x0000000605000000, 0x00000006051e8618, 0x0000000605400000| 47%| E|  |TAMS 0x0000000605000000| PB 0x0000000605000000| Complete 
|  21|0x0000000605400000, 0x0000000605800000, 0x0000000605800000|100%| E|CS|TAMS 0x0000000605400000| PB 0x0000000605400000| Complete 
|  22|0x0000000605800000, 0x0000000605c00000, 0x0000000605c00000|100%| E|CS|TAMS 0x0000000605800000| PB 0x0000000605800000| Complete 
|  23|0x0000000605c00000, 0x0000000606000000, 0x0000000606000000|100%| E|CS|TAMS 0x0000000605c00000| PB 0x0000000605c00000| Complete 
|  24|0x0000000606000000, 0x0000000606400000, 0x0000000606400000|100%| E|CS|TAMS 0x0000000606000000| PB 0x0000000606000000| Complete 
|  25|0x0000000606400000, 0x0000000606800000, 0x0000000606800000|100%| E|CS|TAMS 0x0000000606400000| PB 0x0000000606400000| Complete 
|  26|0x0000000606800000, 0x0000000606c00000, 0x0000000606c00000|100%| E|CS|TAMS 0x0000000606800000| PB 0x0000000606800000| Complete 
|  27|0x0000000606c00000, 0x0000000607000000, 0x0000000607000000|100%| E|CS|TAMS 0x0000000606c00000| PB 0x0000000606c00000| Complete 
|  28|0x0000000607000000, 0x0000000607400000, 0x0000000607400000|100%| E|CS|TAMS 0x0000000607000000| PB 0x0000000607000000| Complete 
|  29|0x0000000607400000, 0x0000000607800000, 0x0000000607800000|100%| E|CS|TAMS 0x0000000607400000| PB 0x0000000607400000| Complete 
|  30|0x0000000607800000, 0x0000000607c00000, 0x0000000607c00000|100%| E|CS|TAMS 0x0000000607800000| PB 0x0000000607800000| Complete 

Card table byte_map: [0x0000022473cc0000,0x0000022474cc0000] _byte_map_base: 0x0000022470cc0000

Marking Bits: (CMBitMap*) 0x000002244f3f1360
 Bits: [0x0000022474cc0000, 0x000002247ccc0000)

Polling page: 0x000002244d0e0000

Metaspace:

Usage:
  Non-class:     13.65 MB used.
      Class:      2.24 MB used.
       Both:     15.89 MB used.

Virtual space:
  Non-class space:       64.00 MB reserved,      13.94 MB ( 22%) committed,  1 nodes.
      Class space:        1.00 GB reserved,       2.50 MB ( <1%) committed,  1 nodes.
             Both:        1.06 GB reserved,      16.44 MB (  2%) committed. 

Chunk freelists:
   Non-Class:  1.30 MB
       Class:  13.36 MB
        Both:  14.66 MB

MaxMetaspaceSize: 4.00 GB
CompressedClassSpaceSize: 1.00 GB
Initial GC threshold: 21.00 MB
Current GC threshold: 21.00 MB
CDS: on
 - commit_granule_bytes: 65536.
 - commit_granule_words: 8192.
 - virtual_space_node_default_size: 8388608.
 - enlarge_chunks_in_place: 1.
 - use_allocation_guard: 0.


Internal statistics:

num_allocs_failed_limit: 0.
num_arena_births: 590.
num_arena_deaths: 0.
num_vsnodes_births: 2.
num_vsnodes_deaths: 0.
num_space_committed: 263.
num_space_uncommitted: 0.
num_chunks_returned_to_freelist: 0.
num_chunks_taken_from_freelist: 1148.
num_chunk_merges: 0.
num_chunk_splits: 746.
num_chunks_enlarged: 510.
num_inconsistent_stats: 0.

CodeHeap 'non-profiled nmethods': size=259264Kb used=1372Kb max_used=1372Kb free=257891Kb
 bounds [0x0000022462810000, 0x0000022462a80000, 0x0000022472540000]
CodeHeap 'profiled nmethods': size=259264Kb used=5429Kb max_used=5429Kb free=253835Kb
 bounds [0x0000022452540000, 0x0000022452a90000, 0x0000022462270000]
CodeHeap 'non-nmethods': size=5760Kb used=1401Kb max_used=1416Kb free=4358Kb
 bounds [0x0000022462270000, 0x00000224624e0000, 0x0000022462810000]
CodeCache: size=524288Kb, used=8202Kb, max_used=8217Kb, free=516084Kb
 total_blobs=3330, nmethods=2772, adapters=462, full_count=0
Compilation: enabled, stopped_count=0, restarted_count=0

Compilation events (20 events):
Event: 3.551 Thread 0x000002247ce94e30 2746       3       java.util.concurrent.locks.ReentrantLock$NonfairSync::initialTryLock (58 bytes)
Event: 3.972 Thread 0x000002247fa92440 2748       4       java.util.concurrent.locks.ReentrantLock$Sync::tryRelease (51 bytes)
Event: 4.515 Thread 0x000002247ce94e30 nmethod 2746 0x0000022452a84910 code [0x0000022452a84b00, 0x0000022452a84ef0]
Event: 4.515 Thread 0x000002247ce94e30 2749       3       java.lang.invoke.MethodHandles$Lookup::maybeBindCaller (72 bytes)
Event: 4.516 Thread 0x000002247ce94e30 nmethod 2749 0x0000022452a85010 code [0x0000022452a85240, 0x0000022452a859b0]
Event: 4.518 Thread 0x000002247ce94e30 2747       1       java.util.concurrent.atomic.AtomicInteger::get (5 bytes)
Event: 4.519 Thread 0x000002247ce94e30 nmethod 2747 0x0000022462964810 code [0x00000224629649a0, 0x0000022462964a68]
Event: 4.520 Thread 0x000002247fa92440 nmethod 2748 0x0000022462964b10 code [0x0000022462964ca0, 0x0000022462964dd0]
Event: 4.595 Thread 0x000002247ce94e30 2750       3       jdk.internal.misc.Unsafe::weakCompareAndSetInt (11 bytes)
Event: 4.595 Thread 0x000002247ce94e30 nmethod 2750 0x0000022452a85c90 code [0x0000022452a85e20, 0x0000022452a85f48]
Event: 4.997 Thread 0x000002247ce94e30 2752       3       java.util.concurrent.TimeUnit::toNanos (45 bytes)
Event: 4.997 Thread 0x000002247ce94e30 nmethod 2752 0x0000022452a86010 code [0x0000022452a861c0, 0x0000022452a86410]
Event: 5.074 Thread 0x000002247ce94e30 2753       3       jdk.internal.misc.Unsafe::putReferenceOpaque (9 bytes)
Event: 5.075 Thread 0x000002247ce94e30 nmethod 2753 0x0000022452a86490 code [0x0000022452a86620, 0x0000022452a86788]
Event: 5.090 Thread 0x000002247ce94e30 2754       3       java.util.concurrent.locks.AbstractQueuedSynchronizer$ConditionObject::canReacquire (38 bytes)
Event: 5.090 Thread 0x000002247ce94e30 nmethod 2754 0x0000022452a86810 code [0x0000022452a869e0, 0x0000022452a86d40]
Event: 5.137 Thread 0x000002247ce94e30 2755       3       java.util.concurrent.locks.LockSupport::setBlocker (12 bytes)
Event: 5.137 Thread 0x000002247ce94e30 nmethod 2755 0x0000022452a86e90 code [0x0000022452a87040, 0x0000022452a87248]
Event: 5.168 Thread 0x000002247ce94e30 2757       1       jdk.internal.event.ThreadSleepEvent::isEnabled (2 bytes)
Event: 5.527 Thread 0x000002247ce94e30 nmethod 2757 0x0000022462965a90 code [0x0000022462965c20, 0x0000022462965ce8]

GC Heap History (6 events):
Event: 1.311 GC heap before
{Heap before GC invocations=0 (full 0):
 garbage-first heap   total 126976K, used 20480K [0x0000000600000000, 0x0000000800000000)
  region size 4096K, 5 young (20480K), 0 survivors (0K)
 Metaspace       used 863K, committed 1024K, reserved 1114112K
  class space    used 71K, committed 128K, reserved 1048576K
}
Event: 1.319 GC heap after
{Heap after GC invocations=1 (full 0):
 garbage-first heap   total 126976K, used 1440K [0x0000000600000000, 0x0000000800000000)
  region size 4096K, 1 young (4096K), 1 survivors (4096K)
 Metaspace       used 863K, committed 1024K, reserved 1114112K
  class space    used 71K, committed 128K, reserved 1048576K
}
Event: 2.041 GC heap before
{Heap before GC invocations=1 (full 0):
 garbage-first heap   total 126976K, used 42400K [0x0000000600000000, 0x0000000800000000)
  region size 4096K, 11 young (45056K), 1 survivors (4096K)
 Metaspace       used 4349K, committed 4544K, reserved 1114112K
  class space    used 559K, committed 640K, reserved 1048576K
}
Event: 2.047 GC heap after
{Heap after GC invocations=2 (full 0):
 garbage-first heap   total 126976K, used 12288K [0x0000000600000000, 0x0000000800000000)
  region size 4096K, 2 young (8192K), 2 survivors (8192K)
 Metaspace       used 4349K, committed 4544K, reserved 1114112K
  class space    used 559K, committed 640K, reserved 1048576K
}
Event: 2.804 GC heap before
{Heap before GC invocations=2 (full 0):
 garbage-first heap   total 126976K, used 73728K [0x0000000600000000, 0x0000000800000000)
  region size 4096K, 17 young (69632K), 2 survivors (8192K)
 Metaspace       used 8519K, committed 8832K, reserved 1114112K
  class space    used 1178K, committed 1344K, reserved 1048576K
}
Event: 2.811 GC heap after
{Heap after GC invocations=3 (full 0):
 garbage-first heap   total 126976K, used 18961K [0x0000000600000000, 0x0000000800000000)
  region size 4096K, 2 young (8192K), 2 survivors (8192K)
 Metaspace       used 8519K, committed 8832K, reserved 1114112K
  class space    used 1178K, committed 1344K, reserved 1048576K
}

Dll operation events (14 events):
Event: 0.008 Loaded shared library C:\Users\HP\.antigravity\extensions\redhat.java-1.54.0-win32-x64\jre\21.0.10-win32-x86_64\bin\java.dll
Event: 1.051 Loaded shared library C:\Users\HP\.antigravity\extensions\redhat.java-1.54.0-win32-x64\jre\21.0.10-win32-x86_64\bin\zip.dll
Event: 1.065 Loaded shared library C:\Users\HP\.antigravity\extensions\redhat.java-1.54.0-win32-x64\jre\21.0.10-win32-x86_64\bin\instrument.dll
Event: 1.068 Loaded shared library C:\Users\HP\.antigravity\extensions\redhat.java-1.54.0-win32-x64\jre\21.0.10-win32-x86_64\bin\net.dll
Event: 1.070 Loaded shared library C:\Users\HP\.antigravity\extensions\redhat.java-1.54.0-win32-x64\jre\21.0.10-win32-x86_64\bin\nio.dll
Event: 1.072 Loaded shared library C:\Users\HP\.antigravity\extensions\redhat.java-1.54.0-win32-x64\jre\21.0.10-win32-x86_64\bin\zip.dll
Event: 1.332 Loaded shared library C:\Users\HP\.antigravity\extensions\redhat.java-1.54.0-win32-x64\jre\21.0.10-win32-x86_64\bin\jimage.dll
Event: 1.532 Loaded shared library C:\Users\HP\.antigravity\extensions\redhat.java-1.54.0-win32-x64\jre\21.0.10-win32-x86_64\bin\verify.dll
Event: 1.629 Loaded shared library C:\Users\HP\.gradle\native\1def1411415f61bf3af743bc5b6707747c0891f09f0c88961ee8f79bc544acac\windows-amd64\native-platform.dll
Event: 1.650 Loaded shared library C:\Users\HP\.gradle\native\0.2.7\x86_64-windows-gnu\gradle-fileevents.dll
Event: 2.595 Loaded shared library C:\Users\HP\.antigravity\extensions\redhat.java-1.54.0-win32-x64\jre\21.0.10-win32-x86_64\bin\management.dll
Event: 2.598 Loaded shared library C:\Users\HP\.antigravity\extensions\redhat.java-1.54.0-win32-x64\jre\21.0.10-win32-x86_64\bin\management_ext.dll
Event: 2.709 Loaded shared library C:\Users\HP\.antigravity\extensions\redhat.java-1.54.0-win32-x64\jre\21.0.10-win32-x86_64\bin\extnet.dll
Event: 2.915 Loaded shared library C:\Users\HP\.antigravity\extensions\redhat.java-1.54.0-win32-x64\jre\21.0.10-win32-x86_64\bin\sunmscapi.dll

Deoptimization events (20 events):
Event: 3.176 Thread 0x00000224468d18b0 DEOPT PACKING pc=0x00000224628acce0 sp=0x000000a12f4fb990
Event: 3.176 Thread 0x00000224468d18b0 DEOPT UNPACKING pc=0x00000224622c4422 sp=0x000000a12f4fb908 mode 2
Event: 3.363 Thread 0x00000224468cf7e0 Uncommon trap: trap_request=0xffffff45 fr.pc=0x000002246290a2ac relative=0x000000000000018c
Event: 3.363 Thread 0x00000224468cf7e0 Uncommon trap: reason=unstable_if action=reinterpret pc=0x000002246290a2ac method=java.util.concurrent.locks.ReentrantLock$NonfairSync.initialTryLock()Z @ 25 c2
Event: 3.363 Thread 0x00000224468cf7e0 DEOPT PACKING pc=0x000002246290a2ac sp=0x000000a12f9ff1d0
Event: 3.363 Thread 0x00000224468cf7e0 DEOPT UNPACKING pc=0x00000224622c4422 sp=0x000000a12f9ff170 mode 2
Event: 3.380 Thread 0x00000224468d18b0 DEOPT PACKING pc=0x0000022452624b59 sp=0x000000a12f4fab50
Event: 3.380 Thread 0x00000224468d18b0 DEOPT UNPACKING pc=0x00000224622c4bc2 sp=0x000000a12f4f9fe8 mode 0
Event: 3.414 Thread 0x00000224468d18b0 Uncommon trap: trap_request=0xffffff45 fr.pc=0x000002246291ce00 relative=0x00000000000000c0
Event: 3.414 Thread 0x00000224468d18b0 Uncommon trap: reason=unstable_if action=reinterpret pc=0x000002246291ce00 method=jdk.internal.misc.Unsafe.convEndian(ZI)I @ 4 c2
Event: 3.414 Thread 0x00000224468d18b0 DEOPT PACKING pc=0x000002246291ce00 sp=0x000000a12f4fb0f0
Event: 3.415 Thread 0x00000224468d18b0 DEOPT UNPACKING pc=0x00000224622c4422 sp=0x000000a12f4faf88 mode 2
Event: 3.457 Thread 0x00000224468d18b0 Uncommon trap: trap_request=0xffffff45 fr.pc=0x000002246283614c relative=0x0000000000000d4c
Event: 3.457 Thread 0x00000224468d18b0 Uncommon trap: reason=unstable_if action=reinterpret pc=0x000002246283614c method=java.io.WinNTFileSystem.resolve(Ljava/lang/String;Ljava/lang/String;)Ljava/lang/String; @ 19 c2
Event: 3.457 Thread 0x00000224468d18b0 DEOPT PACKING pc=0x000002246283614c sp=0x000000a12f4fb390
Event: 3.457 Thread 0x00000224468d18b0 DEOPT UNPACKING pc=0x00000224622c4422 sp=0x000000a12f4fb328 mode 2
Event: 3.459 Thread 0x00000224468d18b0 Uncommon trap: trap_request=0xffffff45 fr.pc=0x00000224628b25a4 relative=0x0000000000000644
Event: 3.459 Thread 0x00000224468d18b0 Uncommon trap: reason=unstable_if action=reinterpret pc=0x00000224628b25a4 method=java.io.File.getName()Ljava/lang/String; @ 16 c2
Event: 3.459 Thread 0x00000224468d18b0 DEOPT PACKING pc=0x00000224628b25a4 sp=0x000000a12f4fb350
Event: 3.459 Thread 0x00000224468d18b0 DEOPT UNPACKING pc=0x00000224622c4422 sp=0x000000a12f4fb320 mode 2

Classes loaded (20 events):
Event: 3.356 Loading class java/util/concurrent/ArrayBlockingQueue done
Event: 3.356 Loading class java/util/concurrent/locks/ReentrantLock$FairSync
Event: 3.356 Loading class java/util/concurrent/locks/ReentrantLock$FairSync done
Event: 3.364 Loading class java/net/DatagramPacket
Event: 3.364 Loading class java/net/DatagramPacket done
Event: 3.364 Loading class sun/nio/ch/DatagramChannelImpl$DatagramPackets
Event: 3.364 Loading class sun/nio/ch/DatagramChannelImpl$DatagramPackets done
Event: 3.412 Loading class sun/security/provider/MD5
Event: 3.412 Loading class sun/security/provider/MD5 done
Event: 3.413 Loading class sun/security/provider/SHA5$SHA512
Event: 3.413 Loading class sun/security/provider/SHA5
Event: 3.413 Loading class sun/security/provider/SHA5 done
Event: 3.413 Loading class sun/security/provider/SHA5$SHA512 done
Event: 3.414 Loading class sun/security/provider/ByteArrayAccess$LE
Event: 3.414 Loading class sun/security/provider/ByteArrayAccess$LE done
Event: 3.458 Loading class java/io/File$TempDirectory
Event: 3.458 Loading class java/io/File$TempDirectory done
Event: 3.630 Loading class java/lang/management/MemoryType
Event: 4.515 Loading class java/lang/management/MemoryType done
Event: 5.527 Loading class java/lang/management/MemoryUsage

Classes unloaded (0 events):
No events

Classes redefined (0 events):
No events

Internal exceptions (20 events):
Event: 3.004 Thread 0x0000022446981a80 Implicit null exception at 0x000002246291eda1 to 0x000002246291f810
Event: 3.006 Thread 0x0000022446981a80 Exception <a 'java/lang/NoSuchMethodError'{0x000000060712e8b0}: static Lorg/gradle/internal/classloader/ClassLoaderSpec;.<clinit>()V> (0x000000060712e8b0) 
thrown [s\src\hotspot\share\prims\jni.cpp, line 1111]
Event: 3.007 Thread 0x0000022446981a80 Exception <a 'java/lang/NoSuchMethodError'{0x0000000607138360}: static Lorg/gradle/tooling/internal/provider/serialization/WellKnownClassLoaderRegistry$KnownClassLoaderSpec;.<clinit>()V> (0x0000000607138360) 
thrown [s\src\hotspot\share\prims\jni.cpp, line 1111]
Event: 3.008 Thread 0x0000022446981a80 Exception <a 'java/lang/NoSuchMethodError'{0x000000060714ed00}: static Lorg/gradle/tooling/internal/provider/serialization/ClientOwnedClassLoaderSpec;.<clinit>()V> (0x000000060714ed00) 
thrown [s\src\hotspot\share\prims\jni.cpp, line 1111]
Event: 3.088 Thread 0x00000224468d18b0 Exception <a 'java/lang/NoSuchMethodError'{0x0000000606ec5f80}: 'long java.lang.invoke.DirectMethodHandle$Holder.invokeInterface(java.lang.Object, java.lang.Object)'> (0x0000000606ec5f80) 
thrown [s\src\hotspot\share\interpreter\linkResolver.cpp, line 773]
Event: 3.141 Thread 0x00000224468d18b0 Exception <a 'java/lang/NoSuchMethodError'{0x0000000606af4810}: 'void java.lang.invoke.DirectMethodHandle$Holder.invokeStatic(java.lang.Object, java.lang.Object)'> (0x0000000606af4810) 
thrown [s\src\hotspot\share\interpreter\linkResolver.cpp, line 773]
Event: 3.145 Thread 0x00000224468d18b0 Exception <a 'java/lang/NoSuchMethodError'{0x0000000606b39a38}: 'java.lang.Object java.lang.invoke.DirectMethodHandle$Holder.invokeVirtual(java.lang.Object, java.lang.Object, java.lang.Object, java.lang.Object, java.lang.Object, java.lang.Object, java.lang.Object, java.lang.Object, java.lang.Object, java.lang.Object, java.lang.Object, java.lang.Object)'> (0x0000000606b39a38) 
thrown [s\src\hotspot\share\interpreter\linkResolver.cpp, line 773]
Event: 3.145 Thread 0x00000224468d18b0 Exception <a 'java/lang/NoSuchMethodError'{0x0000000606b3eb88}: 'java.lang.Object java.lang.invoke.DirectMethodHandle$Holder.invokeSpecial(java.lang.Object, java.lang.Object, java.lang.Object, java.lang.Object, java.lang.Object, java.lang.Object, java.lang.Object, java.lang.Object, java.lang.Object, java.lang.Object, java.lang.Object, java.lang.Object, java.lang.Object)'> (0x0000000606b3eb88) 
thrown [s\src\hotspot\share\interpreter\linkResolver.cpp, line 773]
Event: 3.185 Thread 0x00000224468d18b0 Exception <a 'java/lang/NoSuchMethodError'{0x0000000606548388}: 'int java.lang.invoke.DirectMethodHandle$Holder.invokeVirtual(java.lang.Object, java.lang.Object, java.lang.Object)'> (0x0000000606548388) 
thrown [s\src\hotspot\share\interpreter\linkResolver.cpp, line 773]
Event: 3.214 Thread 0x00000224468d18b0 Exception <a 'java/lang/NoSuchMethodError'{0x00000006067ba090}: 'java.lang.Object java.lang.invoke.DirectMethodHandle$Holder.newInvokeSpecial(java.lang.Object, java.lang.Object, java.lang.Object, java.lang.Object, java.lang.Object, java.lang.Object)'> (0x00000006067ba090) 
thrown [s\src\hotspot\share\interpreter\linkResolver.cpp, line 773]
Event: 3.250 Thread 0x00000224468d18b0 Exception <a 'java/lang/NoSuchMethodError'{0x0000000606287198}: 'void java.lang.invoke.DelegatingMethodHandle$Holder.reinvoke_L(java.lang.Object, java.lang.Object, java.lang.Object, java.lang.Object, java.lang.Object, java.lang.Object, java.lang.Object, java.lang.Object, java.lang.Object, java.lang.Object)'> (0x0000000606287198) 
thrown [s\src\hotspot\share\interpreter\linkResolver.cpp, line 773]
Event: 3.251 Thread 0x00000224468d18b0 Exception <a 'java/lang/NoSuchMethodError'{0x000000060628ec78}: 'java.lang.Object java.lang.invoke.Invokers$Holder.invoker(java.lang.Object, java.lang.Object, java.lang.Object, java.lang.Object, java.lang.Object, java.lang.Object, java.lang.Object, java.lang.Object, java.lang.Object, java.lang.Object)'> (0x000000060628ec78) 
thrown [s\src\hotspot\share\interpreter\linkResolver.cpp, line 773]
Event: 3.339 Thread 0x00000224468d18b0 Exception <a 'java/lang/NoSuchMethodError'{0x00000006058cb9d0}: 'void java.lang.invoke.DirectMethodHandle$Holder.invokeInterface(java.lang.Object, java.lang.Object)'> (0x00000006058cb9d0) 
thrown [s\src\hotspot\share\interpreter\linkResolver.cpp, line 773]
Event: 3.339 Thread 0x00000224468d18b0 Exception <a 'java/lang/IncompatibleClassChangeError'{0x00000006058cef50}: Found class java.lang.Object, but interface was expected> (0x00000006058cef50) 
thrown [s\src\hotspot\share\interpreter\linkResolver.cpp, line 840]
Event: 3.357 Thread 0x00000224468d18b0 Exception <a 'java/lang/NoSuchMethodError'{0x00000006059f6080}: 'java.lang.Object java.lang.invoke.DirectMethodHandle$Holder.newInvokeSpecial(java.lang.Object, java.lang.Object, int)'> (0x00000006059f6080) 
thrown [s\src\hotspot\share\interpreter\linkResolver.cpp, line 773]
Event: 3.429 Thread 0x00000224468d18b0 Exception <a 'java/lang/NoSuchMethodError'{0x000000060560fa90}: 'java.lang.Object java.lang.invoke.DirectMethodHandle$Holder.invokeVirtual(java.lang.Object, java.lang.Object, java.lang.Object, java.lang.Object, java.lang.Object, java.lang.Object, java.lang.Object, java.lang.Object)'> (0x000000060560fa90) 
thrown [s\src\hotspot\share\interpreter\linkResolver.cpp, line 773]
Event: 3.451 Thread 0x00000224468d18b0 Exception <a 'java/lang/NoSuchMethodError'{0x00000006056b3f90}: 'java.lang.Object java.lang.invoke.DirectMethodHandle$Holder.invokeVirtual(java.lang.Object, java.lang.Object, java.lang.Object, java.lang.Object, java.lang.Object, java.lang.Object, java.lang.Object, java.lang.Object, java.lang.Object, java.lang.Object)'> (0x00000006056b3f90) 
thrown [s\src\hotspot\share\interpreter\linkResolver.cpp, line 773]
Event: 3.471 Thread 0x00000224468d18b0 Exception <a 'java/lang/NoSuchMethodError'{0x0000000605749f30}: 'void java.lang.invoke.DirectMethodHandle$Holder.invokeStatic(java.lang.Object, java.lang.Object, java.lang.Object, java.lang.Object)'> (0x0000000605749f30) 
thrown [s\src\hotspot\share\interpreter\linkResolver.cpp, line 773]
Event: 3.472 Thread 0x00000224468d18b0 Exception <a 'java/lang/NoSuchMethodError'{0x000000060574dce8}: 'void java.lang.invoke.DirectMethodHandle$Holder.invokeStaticInit(java.lang.Object, java.lang.Object, java.lang.Object, java.lang.Object)'> (0x000000060574dce8) 
thrown [s\src\hotspot\share\interpreter\linkResolver.cpp, line 773]
Event: 3.484 Thread 0x00000224468d18b0 Exception <a 'java/lang/NoSuchMethodError'{0x00000006057a3860}: 'java.lang.Object java.lang.invoke.DirectMethodHandle$Holder.invokeInterface(java.lang.Object, java.lang.Object, java.lang.Object)'> (0x00000006057a3860) 
thrown [s\src\hotspot\share\interpreter\linkResolver.cpp, line 773]

ZGC Phase Switch (0 events):
No events

VM Operations (20 events):
Event: 2.649 Executing non-safepoint VM operation: HandshakeAllThreads (Deoptimize)
Event: 2.649 Executing non-safepoint VM operation: HandshakeAllThreads (Deoptimize) done
Event: 2.721 Executing non-safepoint VM operation: HandshakeAllThreads (Deoptimize)
Event: 2.721 Executing non-safepoint VM operation: HandshakeAllThreads (Deoptimize) done
Event: 2.725 Executing safepoint VM operation: ICBufferFull
Event: 2.725 Executing safepoint VM operation: ICBufferFull done
Event: 2.749 Executing non-safepoint VM operation: HandshakeAllThreads (Deoptimize)
Event: 2.749 Executing non-safepoint VM operation: HandshakeAllThreads (Deoptimize) done
Event: 2.772 Executing non-safepoint VM operation: HandshakeAllThreads (Deoptimize)
Event: 2.772 Executing non-safepoint VM operation: HandshakeAllThreads (Deoptimize) done
Event: 2.804 Executing safepoint VM operation: G1CollectForAllocation (G1 Evacuation Pause)
Event: 2.811 Executing safepoint VM operation: G1CollectForAllocation (G1 Evacuation Pause) done
Event: 2.918 Executing non-safepoint VM operation: HandshakeAllThreads (Deoptimize)
Event: 2.918 Executing non-safepoint VM operation: HandshakeAllThreads (Deoptimize) done
Event: 3.342 Executing safepoint VM operation: ICBufferFull
Event: 3.342 Executing safepoint VM operation: ICBufferFull done
Event: 3.356 Executing non-safepoint VM operation: HandshakeAllThreads (Deoptimize)
Event: 3.356 Executing non-safepoint VM operation: HandshakeAllThreads (Deoptimize) done
Event: 4.359 Executing safepoint VM operation: Cleanup
Event: 4.515 Executing safepoint VM operation: Cleanup done

Memory protections (0 events):
No events

Nmethod flushes (0 events):
No events

Events (20 events):
Event: 0.034 Thread 0x000002244ce96f70 Thread added: 0x000002247ce915f0
Event: 0.034 Thread 0x000002244ce96f70 Thread added: 0x000002247ce94390
Event: 0.034 Thread 0x000002244ce96f70 Thread added: 0x000002247ce94e30
Event: 1.057 Thread 0x000002247ce94e30 Thread added: 0x000002247fa92440
Event: 1.066 Thread 0x000002244ce96f70 Thread added: 0x000002247fb08310
Event: 1.085 Thread 0x000002244ce96f70 Thread added: 0x000002247fb752b0
Event: 1.328 Thread 0x000002247ce94e30 Thread added: 0x000002247fb77000
Event: 2.622 Thread 0x000002244ce96f70 Thread added: 0x0000022446692050
Event: 2.815 Thread 0x000002244ce96f70 Thread added: 0x00000224467c3c50
Event: 2.883 Thread 0x000002244ce96f70 Thread added: 0x000002244685c280
Event: 2.948 Thread 0x00000224467c3c50 Thread added: 0x00000224467ba8f0
Event: 2.952 Thread 0x00000224467ba8f0 Thread added: 0x0000022446981a80
Event: 3.021 Thread 0x00000224467ba8f0 Thread added: 0x00000224468cdd00
Event: 3.027 Thread 0x00000224467ba8f0 Thread added: 0x00000224468d18b0
Event: 3.036 Thread 0x00000224468d18b0 Thread added: 0x00000224468d0500
Event: 3.039 Thread 0x00000224468d18b0 Thread added: 0x00000224468d0b90
Event: 3.042 Thread 0x00000224468d18b0 Thread added: 0x00000224468cfe70
Event: 3.357 Thread 0x00000224468d18b0 Thread added: 0x00000224468d1220
Event: 3.363 Thread 0x00000224468d18b0 Thread added: 0x00000224468cf7e0
Event: 3.401 Thread 0x00000224468d18b0 Thread added: 0x00000224468d1f40


Dynamic libraries:
0x00007ff6efb60000 - 0x00007ff6efb6e000 	C:\Users\HP\.antigravity\extensions\redhat.java-1.54.0-win32-x64\jre\21.0.10-win32-x86_64\bin\java.exe
0x00007ffe9cde0000 - 0x00007ffe9d047000 	C:\WINDOWS\SYSTEM32\ntdll.dll
0x00007ffe5e170000 - 0x00007ffe5e191000 	C:\Program Files\Avast Software\Avast\aswhook.dll
0x00007ffe9c900000 - 0x00007ffe9c9c9000 	C:\WINDOWS\System32\KERNEL32.DLL
0x00007ffe99fd0000 - 0x00007ffe9a3c4000 	C:\WINDOWS\System32\KERNELBASE.dll
0x00007ffe9a870000 - 0x00007ffe9a9bb000 	C:\WINDOWS\System32\ucrtbase.dll
0x00007ffe85680000 - 0x00007ffe85698000 	C:\Users\HP\.antigravity\extensions\redhat.java-1.54.0-win32-x64\jre\21.0.10-win32-x86_64\bin\jli.dll
0x00007ffe85b80000 - 0x00007ffe85b9e000 	C:\Users\HP\.antigravity\extensions\redhat.java-1.54.0-win32-x64\jre\21.0.10-win32-x86_64\bin\VCRUNTIME140.dll
0x00007ffe9c2d0000 - 0x00007ffe9c495000 	C:\WINDOWS\System32\USER32.dll
0x00007ffe99730000 - 0x00007ffe99757000 	C:\WINDOWS\System32\win32u.dll
0x00007ffe9bb80000 - 0x00007ffe9bbab000 	C:\WINDOWS\System32\GDI32.dll
0x00007ffe6e0d0000 - 0x00007ffe6e363000 	C:\WINDOWS\WinSxS\amd64_microsoft.windows.common-controls_6595b64144ccf1df_6.0.26100.8115_none_3e075c82e3354f9c\COMCTL32.dll
0x00007ffe9a740000 - 0x00007ffe9a86b000 	C:\WINDOWS\System32\gdi32full.dll
0x00007ffe9be00000 - 0x00007ffe9bea9000 	C:\WINDOWS\System32\msvcrt.dll
0x00007ffe99680000 - 0x00007ffe99723000 	C:\WINDOWS\System32\msvcp_win.dll
0x00007ffe9ab40000 - 0x00007ffe9ab72000 	C:\WINDOWS\System32\IMM32.DLL
0x00007ffe946f0000 - 0x00007ffe946fc000 	C:\Users\HP\.antigravity\extensions\redhat.java-1.54.0-win32-x64\jre\21.0.10-win32-x86_64\bin\vcruntime140_1.dll
0x00007ffe37f40000 - 0x00007ffe37fcd000 	C:\Users\HP\.antigravity\extensions\redhat.java-1.54.0-win32-x64\jre\21.0.10-win32-x86_64\bin\msvcp140.dll
0x00007ffe0b2c0000 - 0x00007ffe0c061000 	C:\Users\HP\.antigravity\extensions\redhat.java-1.54.0-win32-x64\jre\21.0.10-win32-x86_64\bin\server\jvm.dll
0x00007ffe9bbb0000 - 0x00007ffe9bc66000 	C:\WINDOWS\System32\ADVAPI32.dll
0x00007ffe9bc70000 - 0x00007ffe9bd17000 	C:\WINDOWS\System32\sechost.dll
0x00007ffe9c9d0000 - 0x00007ffe9cae8000 	C:\WINDOWS\System32\RPCRT4.dll
0x00007ffe9ccc0000 - 0x00007ffe9cd40000 	C:\WINDOWS\System32\WS2_32.dll
0x00007ffe91550000 - 0x00007ffe91586000 	C:\WINDOWS\SYSTEM32\WINMM.dll
0x00007ffe85b70000 - 0x00007ffe85b7b000 	C:\WINDOWS\SYSTEM32\VERSION.dll
0x00007ffe994e0000 - 0x00007ffe9953e000 	C:\WINDOWS\SYSTEM32\POWRPROF.dll
0x00007ffe994c0000 - 0x00007ffe994d4000 	C:\WINDOWS\SYSTEM32\UMPDC.dll
0x00007ffe98410000 - 0x00007ffe9842b000 	C:\WINDOWS\SYSTEM32\kernel.appcore.dll
0x00007ffe85670000 - 0x00007ffe8567a000 	C:\Users\HP\.antigravity\extensions\redhat.java-1.54.0-win32-x64\jre\21.0.10-win32-x86_64\bin\jimage.dll
0x00007ffe97450000 - 0x00007ffe97692000 	C:\WINDOWS\SYSTEM32\DBGHELP.DLL
0x00007ffe9b360000 - 0x00007ffe9b6e2000 	C:\WINDOWS\System32\combase.dll
0x00007ffe9bd20000 - 0x00007ffe9bdf8000 	C:\WINDOWS\System32\OLEAUT32.dll
0x00007ffe84810000 - 0x00007ffe8484b000 	C:\WINDOWS\SYSTEM32\dbgcore.DLL
0x00007ffe9a3d0000 - 0x00007ffe9a475000 	C:\WINDOWS\System32\bcryptPrimitives.dll
0x00007ffe85620000 - 0x00007ffe8562f000 	C:\Users\HP\.antigravity\extensions\redhat.java-1.54.0-win32-x64\jre\21.0.10-win32-x86_64\bin\instrument.dll
0x00007ffe85600000 - 0x00007ffe85620000 	C:\Users\HP\.antigravity\extensions\redhat.java-1.54.0-win32-x64\jre\21.0.10-win32-x86_64\bin\java.dll
0x00007ffe9abf0000 - 0x00007ffe9b357000 	C:\WINDOWS\System32\SHELL32.dll
0x00007ffe9a540000 - 0x00007ffe9a6aa000 	C:\WINDOWS\System32\wintypes.dll
0x00007ffe99760000 - 0x00007ffe99fc8000 	C:\WINDOWS\System32\windows.storage.dll
0x00007ffe9c640000 - 0x00007ffe9c738000 	C:\WINDOWS\System32\SHCORE.dll
0x00007ffe9c890000 - 0x00007ffe9c8f6000 	C:\WINDOWS\System32\shlwapi.dll
0x00007ffe995a0000 - 0x00007ffe995c9000 	C:\WINDOWS\SYSTEM32\profapi.dll
0x00007ffe85550000 - 0x00007ffe85568000 	C:\Users\HP\.antigravity\extensions\redhat.java-1.54.0-win32-x64\jre\21.0.10-win32-x86_64\bin\zip.dll
0x00007ffe740c0000 - 0x00007ffe740d0000 	C:\Users\HP\.antigravity\extensions\redhat.java-1.54.0-win32-x64\jre\21.0.10-win32-x86_64\bin\net.dll
0x00007ffe90a50000 - 0x00007ffe90b7d000 	C:\WINDOWS\SYSTEM32\WINHTTP.dll
0x00007ffe98980000 - 0x00007ffe989ec000 	C:\WINDOWS\system32\mswsock.dll
0x00007ffe6e0b0000 - 0x00007ffe6e0c6000 	C:\Users\HP\.antigravity\extensions\redhat.java-1.54.0-win32-x64\jre\21.0.10-win32-x86_64\bin\nio.dll
0x00007ffe6e0a0000 - 0x00007ffe6e0b0000 	C:\Users\HP\.antigravity\extensions\redhat.java-1.54.0-win32-x64\jre\21.0.10-win32-x86_64\bin\verify.dll
0x00007ffe5e9b0000 - 0x00007ffe5e9d7000 	C:\Users\HP\.gradle\native\1def1411415f61bf3af743bc5b6707747c0891f09f0c88961ee8f79bc544acac\windows-amd64\native-platform.dll
0x00007ffe36210000 - 0x00007ffe36288000 	C:\Users\HP\.gradle\native\0.2.7\x86_64-windows-gnu\gradle-fileevents.dll
0x00007ffe6dfc0000 - 0x00007ffe6dfca000 	C:\Users\HP\.antigravity\extensions\redhat.java-1.54.0-win32-x64\jre\21.0.10-win32-x86_64\bin\management.dll
0x00007ffe6dfb0000 - 0x00007ffe6dfbc000 	C:\Users\HP\.antigravity\extensions\redhat.java-1.54.0-win32-x64\jre\21.0.10-win32-x86_64\bin\management_ext.dll
0x00007ffe9ab80000 - 0x00007ffe9ab88000 	C:\WINDOWS\System32\PSAPI.DLL
0x00007ffe97e70000 - 0x00007ffe97ea2000 	C:\WINDOWS\SYSTEM32\IPHLPAPI.DLL
0x00007ffe9caf0000 - 0x00007ffe9cafa000 	C:\WINDOWS\System32\NSI.dll
0x00007ffe5e9a0000 - 0x00007ffe5e9a9000 	C:\Users\HP\.antigravity\extensions\redhat.java-1.54.0-win32-x64\jre\21.0.10-win32-x86_64\bin\extnet.dll
0x00007ffe98c70000 - 0x00007ffe98c8b000 	C:\WINDOWS\SYSTEM32\CRYPTSP.dll
0x00007ffe98370000 - 0x00007ffe983a9000 	C:\WINDOWS\system32\rsaenh.dll
0x00007ffe98a30000 - 0x00007ffe98a63000 	C:\WINDOWS\SYSTEM32\USERENV.dll
0x00007ffe99570000 - 0x00007ffe9959a000 	C:\WINDOWS\SYSTEM32\bcrypt.dll
0x00007ffe98c60000 - 0x00007ffe98c6c000 	C:\WINDOWS\SYSTEM32\CRYPTBASE.dll
0x00007ffe5e070000 - 0x00007ffe5e07e000 	C:\Users\HP\.antigravity\extensions\redhat.java-1.54.0-win32-x64\jre\21.0.10-win32-x86_64\bin\sunmscapi.dll
0x00007ffe9a9c0000 - 0x00007ffe9ab37000 	C:\WINDOWS\System32\CRYPT32.dll
0x00007ffe98e80000 - 0x00007ffe98eb0000 	C:\WINDOWS\SYSTEM32\ncrypt.dll
0x00007ffe98e30000 - 0x00007ffe98e6f000 	C:\WINDOWS\SYSTEM32\NTASN1.dll
0x00007ffe5d960000 - 0x00007ffe5d968000 	C:\WINDOWS\system32\wshunix.dll

JVMTI agents:
C:\Users\HP\.gradle\wrapper\dists\gradle-8.14-all\c2qonpi39x1mddn7hk5gh9iqj\gradle-8.14\lib\agents\gradle-instrumentation-agent-8.14.jar path:C:\Users\HP\.antigravity\extensions\redhat.java-1.54.0-win32-x64\jre\21.0.10-win32-x86_64\bin\instrument.dll, loaded, initialized, instrumentlib options:none

dbghelp: loaded successfully - version: 4.0.5 - missing functions: none
symbol engine: initialized successfully - sym options: 0x614 - pdb path: .;C:\Users\HP\.antigravity\extensions\redhat.java-1.54.0-win32-x64\jre\21.0.10-win32-x86_64\bin;C:\WINDOWS\SYSTEM32;C:\Program Files\Avast Software\Avast;C:\WINDOWS\WinSxS\amd64_microsoft.windows.common-controls_6595b64144ccf1df_6.0.26100.8115_none_3e075c82e3354f9c;C:\Users\HP\.antigravity\extensions\redhat.java-1.54.0-win32-x64\jre\21.0.10-win32-x86_64\bin\server;C:\Users\HP\.gradle\native\1def1411415f61bf3af743bc5b6707747c0891f09f0c88961ee8f79bc544acac\windows-amd64;C:\Users\HP\.gradle\native\0.2.7\x86_64-windows-gnu

VM Arguments:
jvm_args: --add-opens=java.base/java.lang=ALL-UNNAMED --add-opens=java.base/java.lang.invoke=ALL-UNNAMED --add-opens=java.base/java.util=ALL-UNNAMED --add-opens=java.prefs/java.util.prefs=ALL-UNNAMED --add-exports=jdk.compiler/com.sun.tools.javac.api=ALL-UNNAMED --add-exports=jdk.compiler/com.sun.tools.javac.util=ALL-UNNAMED --add-opens=java.base/java.util=ALL-UNNAMED --add-opens=java.prefs/java.util.prefs=ALL-UNNAMED --add-opens=java.base/java.nio.charset=ALL-UNNAMED --add-opens=java.base/java.net=ALL-UNNAMED --add-opens=java.base/java.util.concurrent.atomic=ALL-UNNAMED --add-opens=java.xml/javax.xml.namespace=ALL-UNNAMED -XX:MaxMetaspaceSize=4G -XX:ReservedCodeCacheSize=512m -XX:+HeapDumpOnOutOfMemoryError -Xmx8G -Dfile.encoding=UTF-8 -Duser.country=FR -Duser.language=fr -Duser.variant -javaagent:C:\Users\HP\.gradle\wrapper\dists\gradle-8.14-all\c2qonpi39x1mddn7hk5gh9iqj\gradle-8.14\lib\agents\gradle-instrumentation-agent-8.14.jar 
java_command: org.gradle.launcher.daemon.bootstrap.GradleDaemon 8.14
java_class_path (initial): C:\Users\HP\.gradle\wrapper\dists\gradle-8.14-all\c2qonpi39x1mddn7hk5gh9iqj\gradle-8.14\lib\gradle-daemon-main-8.14.jar
Launcher Type: SUN_STANDARD

[Global flags]
     intx CICompilerCount                          = 4                                         {product} {ergonomic}
     uint ConcGCThreads                            = 3                                         {product} {ergonomic}
     uint G1ConcRefinementThreads                  = 10                                        {product} {ergonomic}
   size_t G1HeapRegionSize                         = 4194304                                   {product} {ergonomic}
    uintx GCDrainStackTargetSize                   = 64                                        {product} {ergonomic}
     bool HeapDumpOnOutOfMemoryError               = true                                   {manageable} {command line}
   size_t InitialHeapSize                          = 130023424                                 {product} {ergonomic}
   size_t MarkStackSize                            = 4194304                                   {product} {ergonomic}
   size_t MaxHeapSize                              = 8589934592                                {product} {command line}
   size_t MaxMetaspaceSize                         = 4294967296                                {product} {command line}
   size_t MaxNewSize                               = 5150605312                                {product} {ergonomic}
   size_t MinHeapDeltaBytes                        = 4194304                                   {product} {ergonomic}
   size_t MinHeapSize                              = 8388608                                   {product} {ergonomic}
    uintx NonNMethodCodeHeapSize                   = 5839372                                {pd product} {ergonomic}
    uintx NonProfiledCodeHeapSize                  = 265515770                              {pd product} {ergonomic}
    uintx ProfiledCodeHeapSize                     = 265515770                              {pd product} {ergonomic}
    uintx ReservedCodeCacheSize                    = 536870912                              {pd product} {command line}
     bool SegmentedCodeCache                       = true                                      {product} {ergonomic}
   size_t SoftMaxHeapSize                          = 8589934592                             {manageable} {ergonomic}
     bool UseCompressedOops                        = true                           {product lp64_product} {ergonomic}
     bool UseG1GC                                  = true                                      {product} {ergonomic}
     bool UseLargePagesIndividualAllocation        = false                                  {pd product} {ergonomic}

Logging:
Log output configuration:
 #0: stdout all=warning uptime,level,tags foldmultilines=false
 #1: stderr all=off uptime,level,tags foldmultilines=false

Release file:
JAVA_VERSION="21.0.10" 
MODULES="java.base java.compiler java.datatransfer java.xml java.prefs java.desktop java.instrument java.logging java.management java.security.sasl java.naming java.rmi java.management.rmi java.net.http java.scripting java.security.jgss java.transaction.xa java.sql java.sql.rowset java.xml.crypto java.se java.smartcardio jdk.accessibility jdk.internal.jvmstat jdk.attach jdk.charsets jdk.internal.opt jdk.zipfs jdk.compiler jdk.crypto.ec jdk.crypto.cryptoki jdk.crypto.mscapi jdk.dynalink jdk.internal.ed jdk.editpad jdk.hotspot.agent jdk.httpserver jdk.internal.le jdk.internal.vm.ci jdk.internal.vm.compiler jdk.internal.vm.compiler.management jdk.jartool jdk.javadoc jdk.jcmd jdk.management jdk.management.agent jdk.jconsole jdk.jdeps jdk.jdwp.agent jdk.jdi jdk.jfr jdk.jshell jdk.jsobject jdk.jstatd jdk.localedata jdk.management.jfr jdk.naming.dns jdk.naming.rmi jdk.net jdk.nio.mapmode jdk.random jdk.sctp jdk.security.auth jdk.security.jgss jdk.unsupported jdk.unsupported.desktop jdk.xml.dom" 

Environment Variables:
JAVA_HOME=C:\Program Files\Java\jdk-25
PATH=C:\Program Files\Common Files\Oracle\Java\javapath;C:\Program Files (x86)\Common Files\Oracle\Java\java8path;C:\Program Files (x86)\Common Files\Oracle\Java\javapath;C:\ORC\ORACLEE\bin;C:\app\HP\product\21c\dbhomeXE\bin;E:\oracle21\ORACL\bin;C:\Dossier_Oracle21c\Oracle21c\bin;C:\WINDOWS\system32;C:\WINDOWS;C:\WINDOWS\System32\Wbem;C:\WINDOWS\System32\WindowsPowerShell\v1.0\;C:\WINDOWS\System32\OpenSSH\;C:\appliiiiiii\flutter_windows_3.35.7-stable.zip\flutter\bin;C:\Program Files\Docker\Docker\resources\bin;C:\Program Files\Git\cmd;C:\Program Files\nodejs\;C:\Program Files\Apache\maven\bin;C:\Program Files\MySQL\MySQL Shell 8.0\bin\;C:\Users\HP\AppData\Local\Programs\Python\Python313\Scripts\;C:\Users\HP\AppData\Local\Programs\Python\Python313\;C:\Users\HP\AppData\Local\Programs\Python\Launcher\;C:\Users\HP\AppData\Local\Microsoft\WindowsApps;C:\Users\HP\AppData\Local\Programs\Microsoft VS Code\bin;C:\Users\HP\AppData\Local\Python\bin;C:\Users\HP\AppData\Roaming\npm;C:\Program Files\Java\jdk-25\bin;C:\Maven\apache-maven-3.9.15\bin;D:\Nouveau dossier\Antigravity\bin
USERNAME=HP
OS=Windows_NT
PROCESSOR_IDENTIFIER=Intel64 Family 6 Model 186 Stepping 3, GenuineIntel
TMP=C:\Users\HP\AppData\Local\Temp
TEMP=C:\Users\HP\AppData\Local\Temp




Periodic native trim disabled

---------------  S Y S T E M  ---------------

OS:
 Windows 11 , 64 bit Build 26100 (10.0.26100.8246)
OS uptime: 0 days 0:25 hours
Hyper-V role detected

CPU: total 12 (initial active 12) (6 cores per cpu, 2 threads per core) family 6 model 186 stepping 3 microcode 0x4121, cx8, cmov, fxsr, ht, mmx, 3dnowpref, sse, sse2, sse3, ssse3, sse4.1, sse4.2, popcnt, lzcnt, tsc, tscinvbit, avx, avx2, aes, erms, clmul, bmi1, bmi2, adx, sha, fma, vzeroupper, clflush, clflushopt, clwb, hv, serialize, rdtscp, rdpid, fsrm, f16c, cet_ibt, cet_ss
Processor Information for processor 0
  Max Mhz: 1300, Current Mhz: 1300, Mhz Limit: 1300
Processor Information for processor 1
  Max Mhz: 1300, Current Mhz: 1300, Mhz Limit: 1300
Processor Information for processor 2
  Max Mhz: 1300, Current Mhz: 1300, Mhz Limit: 1300
Processor Information for processor 3
  Max Mhz: 1300, Current Mhz: 1300, Mhz Limit: 1300
Processor Information for processor 4
  Max Mhz: 1300, Current Mhz: 900, Mhz Limit: 897
Processor Information for processor 5
  Max Mhz: 1300, Current Mhz: 900, Mhz Limit: 897
Processor Information for processor 6
  Max Mhz: 1300, Current Mhz: 900, Mhz Limit: 897
Processor Information for processor 7
  Max Mhz: 1300, Current Mhz: 900, Mhz Limit: 897
Processor Information for processor 8
  Max Mhz: 1300, Current Mhz: 900, Mhz Limit: 897
Processor Information for processor 9
  Max Mhz: 1300, Current Mhz: 900, Mhz Limit: 897
Processor Information for processor 10
  Max Mhz: 1300, Current Mhz: 900, Mhz Limit: 897
Processor Information for processor 11
  Max Mhz: 1300, Current Mhz: 900, Mhz Limit: 897

Memory: 4k page, system-wide physical 7835M (970M free)
TotalPageFile size 13835M (AvailPageFile size 400M)
current process WorkingSet (physical memory assigned to process): 208M, peak: 208M
current process commit charge ("private bytes"): 294M, peak: 294M

vm_info: OpenJDK 64-Bit Server VM (21.0.10+7-LTS) for windows-amd64 JRE (21.0.10+7-LTS), built on 2026-01-20T00:00:00Z by "admin" with MS VC++ 17.12 (VS2022)

END.
