#
# There is insufficient memory for the Java Runtime Environment to continue.
# Native memory allocation (malloc) failed to allocate 623536 bytes. Error detail: Chunk::new
# Possible reasons:
#   The system is out of physical RAM or swap space
#   This process is running with CompressedOops enabled, and the Java Heap may be blocking the growth of the native heap
# Possible solutions:
#   Reduce memory load on the system
#   Increase physical memory or swap space
#   Check if swap backing store is full
#   Decrease Java heap size (-Xmx/-Xms)
#   Decrease number of Java threads
#   Decrease Java thread stack sizes (-Xss)
#   Set larger code cache with -XX:ReservedCodeCacheSize=
#   JVM is running with Unscaled Compressed Oops mode in which the Java heap is
#     placed in the first 4GB address space. The Java Heap base address is the
#     maximum limit for the native heap growth. Please use -XX:HeapBaseMinAddress
#     to set the Java Heap base and to place the Java Heap above 4GB virtual address.
# This output file may be truncated or incomplete.
#
#  Out of Memory Error (arena.cpp:168), pid=17956, tid=17312
#
# JRE version: OpenJDK Runtime Environment Temurin-21.0.10+7 (21.0.10+7) (build 21.0.10+7-LTS)
# Java VM: OpenJDK 64-Bit Server VM Temurin-21.0.10+7 (21.0.10+7-LTS, mixed mode, sharing, tiered, compressed oops, compressed class ptrs, parallel gc, windows-amd64)
# No core dump will be written. Minidumps are not enabled by default on client versions of Windows
#

---------------  S U M M A R Y ------------

Command Line: --add-modules=ALL-SYSTEM --add-opens=java.base/java.util=ALL-UNNAMED --add-opens=java.base/java.lang=ALL-UNNAMED --add-opens=java.base/sun.nio.fs=ALL-UNNAMED -Declipse.application=org.eclipse.jdt.ls.core.id1 -Dosgi.bundles.defaultStartLevel=4 -Declipse.product=org.eclipse.jdt.ls.core.product -Djava.import.generatesMetadataFilesAtProjectRoot=false -DDetectVMInstallationsJob.disabled=true -Dfile.encoding=utf8 -XX:+UseParallelGC -XX:GCTimeRatio=4 -XX:AdaptiveSizePolicyWeight=90 -Dsun.zip.disableMemoryMapping=true -Xmx2G -Xms100m -Xlog:disable -javaagent:c:\Users\HP\.antigravity\extensions\redhat.java-1.54.0-win32-x64\lombok\lombok-1.18.39-4050.jar c:\Users\HP\.antigravity\extensions\redhat.java-1.54.0-win32-x64\server\plugins\org.eclipse.equinox.launcher_1.7.100.v20251111-0406.jar -configuration c:\Users\HP\AppData\Roaming\Antigravity\User\globalStorage\redhat.java\1.54.0\config_ss_win -data c:\Users\HP\AppData\Roaming\Antigravity\User\workspaceStorage\98eb1284933efba20486acdda2b6755c\redhat.java\ss_ws --pipe=\\.\pipe\lsp-0048c263f7f09e8d8eef73d536a89724-sock

Host: 13th Gen Intel(R) Core(TM) i5-1335U, 12 cores, 7G,  Windows 11 , 64 bit Build 26100 (10.0.26100.8246)
Time: Sun Apr 26 02:30:57 2026 Greenwich elapsed time: 9.254974 seconds (0d 0h 0m 9s)

---------------  T H R E A D  ---------------

Current thread (0x00000200b71313a0):  JavaThread "C2 CompilerThread0" daemon [_thread_in_native, id=17312, stack(0x000000d607400000,0x000000d607500000) (1024K)]


Current CompileTask:
C2:9255 2566       4       java.lang.invoke.MethodType::makeImpl (109 bytes)

Stack: [0x000000d607400000,0x000000d607500000]
Native frames: (J=compiled Java code, j=interpreted, Vv=VM code, C=native code)
V  [jvm.dll+0x6d7a39]
V  [jvm.dll+0x8b4b26]
V  [jvm.dll+0x8b70de]
V  [jvm.dll+0x8b77c3]
V  [jvm.dll+0x284346]
V  [jvm.dll+0xc66ed]
V  [jvm.dll+0xc6c31]
V  [jvm.dll+0x2fb29e]
V  [jvm.dll+0x5fe884]
V  [jvm.dll+0x255b17]
V  [jvm.dll+0x24dc0b]
V  [jvm.dll+0x24ba42]
V  [jvm.dll+0x1cb34e]
V  [jvm.dll+0x25b85d]
V  [jvm.dll+0x259dea]
V  [jvm.dll+0x3f857e]
V  [jvm.dll+0x85f59d]
V  [jvm.dll+0x6d626d]
C  [ucrtbase.dll+0x37b0]
C  [KERNEL32.DLL+0x2e8d7]
C  [ntdll.dll+0x8c3fc]


---------------  P R O C E S S  ---------------

Threads class SMR info:
_java_thread_list=0x0000020110174f40, length=19, elements={
0x00000200b4ca8050, 0x00000200b7129400, 0x00000200b702d510, 0x00000200b712e290,
0x00000200b712f1d0, 0x00000200b7133140, 0x00000200b7130950, 0x00000200b71313a0,
0x000002010fe04750, 0x00000201100473c0, 0x000002011014a810, 0x000002011591a4d0,
0x00000201157f72f0, 0x000002011592be20, 0x000002011597cb20, 0x0000020115abdfe0,
0x0000020115bdffe0, 0x0000020115be1950, 0x000002010fe840f0
}

Java Threads: ( => current thread )
  0x00000200b4ca8050 JavaThread "main"                              [_thread_blocked, id=23180, stack(0x000000d606a00000,0x000000d606b00000) (1024K)]
  0x00000200b7129400 JavaThread "Reference Handler"          daemon [_thread_blocked, id=15368, stack(0x000000d606e00000,0x000000d606f00000) (1024K)]
  0x00000200b702d510 JavaThread "Finalizer"                  daemon [_thread_blocked, id=3296, stack(0x000000d606f00000,0x000000d607000000) (1024K)]
  0x00000200b712e290 JavaThread "Signal Dispatcher"          daemon [_thread_blocked, id=6880, stack(0x000000d607000000,0x000000d607100000) (1024K)]
  0x00000200b712f1d0 JavaThread "Attach Listener"            daemon [_thread_blocked, id=9044, stack(0x000000d607100000,0x000000d607200000) (1024K)]
  0x00000200b7133140 JavaThread "Service Thread"             daemon [_thread_blocked, id=22028, stack(0x000000d607200000,0x000000d607300000) (1024K)]
  0x00000200b7130950 JavaThread "Monitor Deflation Thread"   daemon [_thread_blocked, id=22932, stack(0x000000d607300000,0x000000d607400000) (1024K)]
=>0x00000200b71313a0 JavaThread "C2 CompilerThread0"         daemon [_thread_in_native, id=17312, stack(0x000000d607400000,0x000000d607500000) (1024K)]
  0x000002010fe04750 JavaThread "C1 CompilerThread0"         daemon [_thread_blocked, id=2404, stack(0x000000d607500000,0x000000d607600000) (1024K)]
  0x00000201100473c0 JavaThread "Common-Cleaner"             daemon [_thread_blocked, id=5172, stack(0x000000d607700000,0x000000d607800000) (1024K)]
  0x000002011014a810 JavaThread "Notification Thread"        daemon [_thread_blocked, id=17940, stack(0x000000d607800000,0x000000d607900000) (1024K)]
  0x000002011591a4d0 JavaThread "Active Thread: Equinox Container: 8e7c70f2-5b4c-4252-9d7b-4c57d141ccaf"        [_thread_blocked, id=21632, stack(0x000000d608000000,0x000000d608100000) (1024K)]
  0x00000201157f72f0 JavaThread "Framework Event Dispatcher: Equinox Container: 8e7c70f2-5b4c-4252-9d7b-4c57d141ccaf" daemon [_thread_blocked, id=23408, stack(0x000000d608100000,0x000000d608200000) (1024K)]
  0x000002011592be20 JavaThread "Start Level: Equinox Container: 8e7c70f2-5b4c-4252-9d7b-4c57d141ccaf" daemon [_thread_in_Java, id=23252, stack(0x000000d608200000,0x000000d608300000) (1024K)]
  0x000002011597cb20 JavaThread "SCR Component Actor"        daemon [_thread_blocked, id=22948, stack(0x000000d608400000,0x000000d608500000) (1024K)]
  0x0000020115abdfe0 JavaThread "Worker-JM"                         [_thread_blocked, id=22356, stack(0x000000d608500000,0x000000d608600000) (1024K)]
  0x0000020115bdffe0 JavaThread "JNA Cleaner"                daemon [_thread_blocked, id=192, stack(0x000000d607900000,0x000000d607a00000) (1024K)]
  0x0000020115be1950 JavaThread "Worker-0"                          [_thread_blocked, id=12496, stack(0x000000d608800000,0x000000d608900000) (1024K)]
  0x000002010fe840f0 JavaThread "Worker-1"                          [_thread_blocked, id=13096, stack(0x000000d608900000,0x000000d608a00000) (1024K)]
Total: 19

Other Threads:
  0x000002010fe00d70 VMThread "VM Thread"                           [id=23272, stack(0x000000d606d00000,0x000000d606e00000) (1024K)]
  0x00000200b6f0ca00 WatcherThread "VM Periodic Task Thread"        [id=23396, stack(0x000000d606c00000,0x000000d606d00000) (1024K)]
  0x00000200b709fc00 WorkerThread "GC Thread#0"                     [id=19784, stack(0x000000d606b00000,0x000000d606c00000) (1024K)]
  0x000002011541df20 WorkerThread "GC Thread#1"                     [id=14780, stack(0x000000d607a00000,0x000000d607b00000) (1024K)]
  0x00000201150d5020 WorkerThread "GC Thread#2"                     [id=22620, stack(0x000000d607b00000,0x000000d607c00000) (1024K)]
  0x0000020110138e60 WorkerThread "GC Thread#3"                     [id=13004, stack(0x000000d607c00000,0x000000d607d00000) (1024K)]
  0x0000020110139210 WorkerThread "GC Thread#4"                     [id=11624, stack(0x000000d607d00000,0x000000d607e00000) (1024K)]
  0x00000201101395c0 WorkerThread "GC Thread#5"                     [id=12160, stack(0x000000d607e00000,0x000000d607f00000) (1024K)]
  0x0000020115800080 WorkerThread "GC Thread#6"                     [id=21176, stack(0x000000d607f00000,0x000000d608000000) (1024K)]
  0x00000201159a9130 WorkerThread "GC Thread#7"                     [id=22952, stack(0x000000d608300000,0x000000d608400000) (1024K)]
  0x0000020115dc3010 WorkerThread "GC Thread#8"                     [id=19168, stack(0x000000d608600000,0x000000d608700000) (1024K)]
  0x0000020115dc33c0 WorkerThread "GC Thread#9"                     [id=8012, stack(0x000000d608700000,0x000000d608800000) (1024K)]
Total: 12

Threads with active compile tasks:
C2 CompilerThread0  10282 2566       4       java.lang.invoke.MethodType::makeImpl (109 bytes)
C1 CompilerThread0  10282 2593       3       org.lombokweb.asm.SymbolTable::addConstantNameAndType (28 bytes)
Total: 2

VM state: not at safepoint (normal execution)

VM Mutex/Monitor currently owned by a thread: None

Heap address: 0x0000000080000000, size: 2048 MB, Compressed Oops mode: 32-bit

CDS archive(s) mapped at: [0x00000200ce000000-0x00000200ceba0000-0x00000200ceba0000), size 12189696, SharedBaseAddress: 0x00000200ce000000, ArchiveRelocationMode: 1.
Compressed class space mapped at: 0x00000200cf000000-0x000002010f000000, reserved size: 1073741824
Narrow klass base: 0x00000200ce000000, Narrow klass shift: 0, Narrow klass range: 0x100000000

GC Precious Log:
 CardTable entry size: 512
 CPUs: 12 total, 12 available
 Memory: 7835M
 Large Page Support: Disabled
 NUMA Support: Disabled
 Compressed Oops: Enabled (32-bit)
 Alignments: Space 512K, Generation 512K, Heap 2M
 Heap Min Capacity: 100M
 Heap Initial Capacity: 100M
 Heap Max Capacity: 2G
 Pre-touch: Disabled
 Parallel Workers: 10

Heap:
 PSYoungGen      total 29696K, used 17594K [0x00000000d5580000, 0x00000000d7680000, 0x0000000100000000)
  eden space 25600K, 52% used [0x00000000d5580000,0x00000000d62b21c8,0x00000000d6e80000)
  from space 4096K, 99% used [0x00000000d6e80000,0x00000000d727c880,0x00000000d7280000)
  to   space 4096K, 0% used [0x00000000d7280000,0x00000000d7280000,0x00000000d7680000)
 ParOldGen       total 68608K, used 30060K [0x0000000080000000, 0x0000000084300000, 0x00000000d5580000)
  object space 68608K, 43% used [0x0000000080000000,0x0000000081d5b320,0x0000000084300000)
 Metaspace       used 16457K, committed 17152K, reserved 1114112K
  class space    used 1745K, committed 2048K, reserved 1048576K

Card table byte_map: [0x00000200b6a20000,0x00000200b6e30000] _byte_map_base: 0x00000200b6620000

Marking Bits: (ParMarkBitMap*) 0x00007ffe84d93450
 Begin Bits: [0x00000200c9530000, 0x00000200cb530000)
 End Bits:   [0x00000200cb530000, 0x00000200cd530000)

Polling page: 0x00000200b5010000

Metaspace:

Usage:
  Non-class:     14.37 MB used.
      Class:      1.70 MB used.
       Both:     16.07 MB used.

Virtual space:
  Non-class space:       64.00 MB reserved,      14.75 MB ( 23%) committed,  1 nodes.
      Class space:        1.00 GB reserved,       2.00 MB ( <1%) committed,  1 nodes.
             Both:        1.06 GB reserved,      16.75 MB (  2%) committed. 

Chunk freelists:
   Non-Class:  768.00 KB
       Class:  13.83 MB
        Both:  14.58 MB

MaxMetaspaceSize: unlimited
CompressedClassSpaceSize: 1.00 GB
Initial GC threshold: 21.00 MB
Current GC threshold: 21.00 MB
CDS: on
 - commit_granule_bytes: 65536.
 - commit_granule_words: 8192.
 - virtual_space_node_default_size: 8388608.
 - enlarge_chunks_in_place: 1.
 - use_allocation_guard: 0.


Internal statistics:

num_allocs_failed_limit: 0.
num_arena_births: 500.
num_arena_deaths: 0.
num_vsnodes_births: 2.
num_vsnodes_deaths: 0.
num_space_committed: 269.
num_space_uncommitted: 0.
num_chunks_returned_to_freelist: 0.
num_chunks_taken_from_freelist: 1128.
num_chunk_merges: 0.
num_chunk_splits: 711.
num_chunks_enlarged: 437.
num_inconsistent_stats: 0.

CodeHeap 'non-profiled nmethods': size=120000Kb used=1226Kb max_used=1226Kb free=118773Kb
 bounds [0x00000200c1d50000, 0x00000200c1fc0000, 0x00000200c9280000]
CodeHeap 'profiled nmethods': size=120000Kb used=4764Kb max_used=4764Kb free=115235Kb
 bounds [0x00000200ba280000, 0x00000200ba730000, 0x00000200c17b0000]
CodeHeap 'non-nmethods': size=5760Kb used=1274Kb max_used=1294Kb free=4486Kb
 bounds [0x00000200c17b0000, 0x00000200c1a20000, 0x00000200c1d50000]
CodeCache: size=245760Kb, used=7264Kb, max_used=7284Kb, free=238494Kb
 total_blobs=3133, nmethods=2584, adapters=455, full_count=0
Compilation: enabled, stopped_count=0, restarted_count=0

Compilation events (20 events):
Event: 6.204 Thread 0x000002010fe04750 2568       3       java.util.Collection::stream (11 bytes)
Event: 6.205 Thread 0x000002010fe04750 nmethod 2568 0x00000200ba718910 code [0x00000200ba718ac0, 0x00000200ba718cc0]
Event: 6.206 Thread 0x000002010ffcd420 nmethod 2567 0x00000200c1e81090 code [0x00000200c1e81220, 0x00000200c1e813a8]
Event: 6.206 Thread 0x000002010fe04750 2569       1       org.eclipse.osgi.internal.loader.sources.PackageSource::getId (5 bytes)
Event: 6.207 Thread 0x000002010fe04750 nmethod 2569 0x00000200c1e81510 code [0x00000200c1e816a0, 0x00000200c1e81768]
Event: 6.209 Thread 0x000002010ffcd420 2570       4       java.util.zip.ZipFile$Source::isMetaName (141 bytes)
Event: 6.210 Thread 0x000002010fe04750 2572       3       org.eclipse.core.runtime.Path::segmentCount (6 bytes)
Event: 6.210 Thread 0x000002010fe04750 nmethod 2572 0x00000200ba718d90 code [0x00000200ba718f20, 0x00000200ba719048]
Event: 6.212 Thread 0x000002010fe04750 2573       3       org.eclipse.core.runtime.Path::segment (17 bytes)
Event: 6.212 Thread 0x000002010fe04750 nmethod 2573 0x00000200ba719110 code [0x00000200ba7192c0, 0x00000200ba719470]
Event: 6.212 Thread 0x000002010ffcd420 nmethod 2570 0x00000200c1e81810 code [0x00000200c1e819c0, 0x00000200c1e81c08]
Event: 6.212 Thread 0x000002010ffcd420 2571       4       java.util.zip.ZipFile$Source::nextEntryPos (22 bytes)
Event: 6.214 Thread 0x000002010ffcd420 nmethod 2571 0x00000200c1e81e10 code [0x00000200c1e81fa0, 0x00000200c1e82100]
Event: 6.215 Thread 0x000002010ffcd420 2574       4       java.util.ArrayList$SubList$1::hasNext (20 bytes)
Event: 6.216 Thread 0x000002010ffcd420 nmethod 2574 0x00000200c1e82290 code [0x00000200c1e82420, 0x00000200c1e824d0]
Event: 7.000 Thread 0x000002010fe04750 2575       3       java.util.concurrent.Semaphore$NonfairSync::tryAcquireShared (6 bytes)
Event: 7.219 Thread 0x000002010fe04750 nmethod 2575 0x00000200ba719590 code [0x00000200ba719740, 0x00000200ba719878]
Event: 7.220 Thread 0x000002010fe04750 2576       3       java.util.concurrent.Semaphore$Sync::nonfairTryAcquireShared (27 bytes)
Event: 7.220 Thread 0x000002010fe04750 nmethod 2576 0x00000200ba719910 code [0x00000200ba719ac0, 0x00000200ba719d10]
Event: 7.323 Thread 0x000002010fe04750 2577       3       java.lang.ThreadLocal$ThreadLocalMap::nextIndex (15 bytes)

GC Heap History (10 events):
Event: 2.049 GC heap before
{Heap before GC invocations=1 (full 0):
 PSYoungGen      total 29696K, used 25600K [0x00000000d5580000, 0x00000000d7680000, 0x0000000100000000)
  eden space 25600K, 100% used [0x00000000d5580000,0x00000000d6e80000,0x00000000d6e80000)
  from space 4096K, 0% used [0x00000000d7280000,0x00000000d7280000,0x00000000d7680000)
  to   space 4096K, 0% used [0x00000000d6e80000,0x00000000d6e80000,0x00000000d7280000)
 ParOldGen       total 68608K, used 0K [0x0000000080000000, 0x0000000084300000, 0x00000000d5580000)
  object space 68608K, 0% used [0x0000000080000000,0x0000000080000000,0x0000000084300000)
 Metaspace       used 4340K, committed 4608K, reserved 1114112K
  class space    used 474K, committed 576K, reserved 1048576K
}
Event: 2.063 GC heap after
{Heap after GC invocations=1 (full 0):
 PSYoungGen      total 29696K, used 3271K [0x00000000d5580000, 0x00000000d7680000, 0x0000000100000000)
  eden space 25600K, 0% used [0x00000000d5580000,0x00000000d5580000,0x00000000d6e80000)
  from space 4096K, 79% used [0x00000000d6e80000,0x00000000d71b1e98,0x00000000d7280000)
  to   space 4096K, 0% used [0x00000000d7280000,0x00000000d7280000,0x00000000d7680000)
 ParOldGen       total 68608K, used 8K [0x0000000080000000, 0x0000000084300000, 0x00000000d5580000)
  object space 68608K, 0% used [0x0000000080000000,0x0000000080002000,0x0000000084300000)
 Metaspace       used 4340K, committed 4608K, reserved 1114112K
  class space    used 474K, committed 576K, reserved 1048576K
}
Event: 3.011 GC heap before
{Heap before GC invocations=2 (full 0):
 PSYoungGen      total 29696K, used 28869K [0x00000000d5580000, 0x00000000d7680000, 0x0000000100000000)
  eden space 25600K, 99% used [0x00000000d5580000,0x00000000d6e7f788,0x00000000d6e80000)
  from space 4096K, 79% used [0x00000000d6e80000,0x00000000d71b1e98,0x00000000d7280000)
  to   space 4096K, 0% used [0x00000000d7280000,0x00000000d7280000,0x00000000d7680000)
 ParOldGen       total 68608K, used 8K [0x0000000080000000, 0x0000000084300000, 0x00000000d5580000)
  object space 68608K, 0% used [0x0000000080000000,0x0000000080002000,0x0000000084300000)
 Metaspace       used 8121K, committed 8448K, reserved 1114112K
  class space    used 871K, committed 1024K, reserved 1048576K
}
Event: 3.015 GC heap after
{Heap after GC invocations=2 (full 0):
 PSYoungGen      total 29696K, used 4086K [0x00000000d5580000, 0x00000000d7680000, 0x0000000100000000)
  eden space 25600K, 0% used [0x00000000d5580000,0x00000000d5580000,0x00000000d6e80000)
  from space 4096K, 99% used [0x00000000d7280000,0x00000000d767d810,0x00000000d7680000)
  to   space 4096K, 0% used [0x00000000d6e80000,0x00000000d6e80000,0x00000000d7280000)
 ParOldGen       total 68608K, used 1143K [0x0000000080000000, 0x0000000084300000, 0x00000000d5580000)
  object space 68608K, 1% used [0x0000000080000000,0x000000008011ded8,0x0000000084300000)
 Metaspace       used 8121K, committed 8448K, reserved 1114112K
  class space    used 871K, committed 1024K, reserved 1048576K
}
Event: 3.444 GC heap before
{Heap before GC invocations=3 (full 0):
 PSYoungGen      total 29696K, used 29686K [0x00000000d5580000, 0x00000000d7680000, 0x0000000100000000)
  eden space 25600K, 100% used [0x00000000d5580000,0x00000000d6e80000,0x00000000d6e80000)
  from space 4096K, 99% used [0x00000000d7280000,0x00000000d767d810,0x00000000d7680000)
  to   space 4096K, 0% used [0x00000000d6e80000,0x00000000d6e80000,0x00000000d7280000)
 ParOldGen       total 68608K, used 1143K [0x0000000080000000, 0x0000000084300000, 0x00000000d5580000)
  object space 68608K, 1% used [0x0000000080000000,0x000000008011ded8,0x0000000084300000)
 Metaspace       used 12965K, committed 13504K, reserved 1114112K
  class space    used 1383K, committed 1664K, reserved 1048576K
}
Event: 3.449 GC heap after
{Heap after GC invocations=3 (full 0):
 PSYoungGen      total 29696K, used 4066K [0x00000000d5580000, 0x00000000d7680000, 0x0000000100000000)
  eden space 25600K, 0% used [0x00000000d5580000,0x00000000d5580000,0x00000000d6e80000)
  from space 4096K, 99% used [0x00000000d6e80000,0x00000000d7278890,0x00000000d7280000)
  to   space 4096K, 0% used [0x00000000d7280000,0x00000000d7280000,0x00000000d7680000)
 ParOldGen       total 68608K, used 2861K [0x0000000080000000, 0x0000000084300000, 0x00000000d5580000)
  object space 68608K, 4% used [0x0000000080000000,0x00000000802cb748,0x0000000084300000)
 Metaspace       used 12965K, committed 13504K, reserved 1114112K
  class space    used 1383K, committed 1664K, reserved 1048576K
}
Event: 3.707 GC heap before
{Heap before GC invocations=4 (full 0):
 PSYoungGen      total 29696K, used 29666K [0x00000000d5580000, 0x00000000d7680000, 0x0000000100000000)
  eden space 25600K, 100% used [0x00000000d5580000,0x00000000d6e80000,0x00000000d6e80000)
  from space 4096K, 99% used [0x00000000d6e80000,0x00000000d7278890,0x00000000d7280000)
  to   space 4096K, 0% used [0x00000000d7280000,0x00000000d7280000,0x00000000d7680000)
 ParOldGen       total 68608K, used 2861K [0x0000000080000000, 0x0000000084300000, 0x00000000d5580000)
  object space 68608K, 4% used [0x0000000080000000,0x00000000802cb748,0x0000000084300000)
 Metaspace       used 14033K, committed 14592K, reserved 1114112K
  class space    used 1489K, committed 1728K, reserved 1048576K
}
Event: 3.719 GC heap after
{Heap after GC invocations=4 (full 0):
 PSYoungGen      total 29696K, used 4066K [0x00000000d5580000, 0x00000000d7680000, 0x0000000100000000)
  eden space 25600K, 0% used [0x00000000d5580000,0x00000000d5580000,0x00000000d6e80000)
  from space 4096K, 99% used [0x00000000d7280000,0x00000000d7678870,0x00000000d7680000)
  to   space 4096K, 0% used [0x00000000d6e80000,0x00000000d6e80000,0x00000000d7280000)
 ParOldGen       total 68608K, used 14735K [0x0000000080000000, 0x0000000084300000, 0x00000000d5580000)
  object space 68608K, 21% used [0x0000000080000000,0x0000000080e63da8,0x0000000084300000)
 Metaspace       used 14033K, committed 14592K, reserved 1114112K
  class space    used 1489K, committed 1728K, reserved 1048576K
}
Event: 3.833 GC heap before
{Heap before GC invocations=5 (full 0):
 PSYoungGen      total 29696K, used 29666K [0x00000000d5580000, 0x00000000d7680000, 0x0000000100000000)
  eden space 25600K, 100% used [0x00000000d5580000,0x00000000d6e80000,0x00000000d6e80000)
  from space 4096K, 99% used [0x00000000d7280000,0x00000000d7678870,0x00000000d7680000)
  to   space 4096K, 0% used [0x00000000d6e80000,0x00000000d6e80000,0x00000000d7280000)
 ParOldGen       total 68608K, used 14735K [0x0000000080000000, 0x0000000084300000, 0x00000000d5580000)
  object space 68608K, 21% used [0x0000000080000000,0x0000000080e63da8,0x0000000084300000)
 Metaspace       used 14294K, committed 14784K, reserved 1114112K
  class space    used 1516K, committed 1728K, reserved 1048576K
}
Event: 5.867 GC heap after
{Heap after GC invocations=5 (full 0):
 PSYoungGen      total 29696K, used 4082K [0x00000000d5580000, 0x00000000d7680000, 0x0000000100000000)
  eden space 25600K, 0% used [0x00000000d5580000,0x00000000d5580000,0x00000000d6e80000)
  from space 4096K, 99% used [0x00000000d6e80000,0x00000000d727c880,0x00000000d7280000)
  to   space 4096K, 0% used [0x00000000d7280000,0x00000000d7280000,0x00000000d7680000)
 ParOldGen       total 68608K, used 30060K [0x0000000080000000, 0x0000000084300000, 0x00000000d5580000)
  object space 68608K, 43% used [0x0000000080000000,0x0000000081d5b320,0x0000000084300000)
 Metaspace       used 14294K, committed 14784K, reserved 1114112K
  class space    used 1516K, committed 1728K, reserved 1048576K
}

Dll operation events (10 events):
Event: 0.016 Loaded shared library c:\Users\HP\.antigravity\extensions\redhat.java-1.54.0-win32-x64\jre\21.0.10-win32-x86_64\bin\java.dll
Event: 0.098 Loaded shared library c:\Users\HP\.antigravity\extensions\redhat.java-1.54.0-win32-x64\jre\21.0.10-win32-x86_64\bin\zip.dll
Event: 0.127 Loaded shared library C:\Users\HP\.antigravity\extensions\redhat.java-1.54.0-win32-x64\jre\21.0.10-win32-x86_64\bin\instrument.dll
Event: 0.138 Loaded shared library C:\Users\HP\.antigravity\extensions\redhat.java-1.54.0-win32-x64\jre\21.0.10-win32-x86_64\bin\net.dll
Event: 0.142 Loaded shared library C:\Users\HP\.antigravity\extensions\redhat.java-1.54.0-win32-x64\jre\21.0.10-win32-x86_64\bin\nio.dll
Event: 0.150 Loaded shared library C:\Users\HP\.antigravity\extensions\redhat.java-1.54.0-win32-x64\jre\21.0.10-win32-x86_64\bin\zip.dll
Event: 0.180 Loaded shared library C:\Users\HP\.antigravity\extensions\redhat.java-1.54.0-win32-x64\jre\21.0.10-win32-x86_64\bin\jimage.dll
Event: 0.293 Loaded shared library c:\Users\HP\.antigravity\extensions\redhat.java-1.54.0-win32-x64\jre\21.0.10-win32-x86_64\bin\verify.dll
Event: 2.994 Loaded shared library C:\Users\HP\AppData\Roaming\Antigravity\User\globalStorage\redhat.java\1.54.0\config_ss_win\org.eclipse.equinox.launcher\org.eclipse.equinox.launcher.win32.win32.x86_64_1.3.0.v20260203-2149\eclipse_11919.dll
Event: 6.112 Loaded shared library C:\Users\HP\AppData\Local\Temp\jna-2312\jna163217825263202086.dll

Deoptimization events (20 events):
Event: 5.918 Thread 0x000002011592be20 Uncommon trap: trap_request=0xffffff45 fr.pc=0x00000200c1e6fb14 relative=0x0000000000000f34
Event: 5.918 Thread 0x000002011592be20 Uncommon trap: reason=unstable_if action=reinterpret pc=0x00000200c1e6fb14 method=java.util.Properties$LineReader.readLine()I @ 256 c2
Event: 5.918 Thread 0x000002011592be20 DEOPT PACKING pc=0x00000200c1e6fb14 sp=0x000000d6082f74a0
Event: 5.918 Thread 0x000002011592be20 DEOPT UNPACKING pc=0x00000200c1803aa2 sp=0x000000d6082f7438 mode 2
Event: 5.936 Thread 0x000002011592be20 Uncommon trap: trap_request=0xffffff45 fr.pc=0x00000200c1d887b4 relative=0x0000000000000694
Event: 5.936 Thread 0x000002011592be20 Uncommon trap: reason=unstable_if action=reinterpret pc=0x00000200c1d887b4 method=java.lang.String.replace(Ljava/lang/CharSequence;Ljava/lang/CharSequence;)Ljava/lang/String; @ 42 c2
Event: 5.936 Thread 0x000002011592be20 DEOPT PACKING pc=0x00000200c1d887b4 sp=0x000000d6082f7a90
Event: 5.936 Thread 0x000002011592be20 DEOPT UNPACKING pc=0x00000200c1803aa2 sp=0x000000d6082f7a10 mode 2
Event: 6.035 Thread 0x000002011592be20 DEOPT PACKING pc=0x00000200ba6e61b9 sp=0x000000d6082f64c0
Event: 6.035 Thread 0x000002011592be20 DEOPT UNPACKING pc=0x00000200c1804242 sp=0x000000d6082f5958 mode 0
Event: 6.146 Thread 0x000002011592be20 Uncommon trap: trap_request=0xffffffc6 fr.pc=0x00000200c1e00868 relative=0x0000000000000b68
Event: 6.146 Thread 0x000002011592be20 Uncommon trap: reason=bimorphic_or_optimized_type_check action=maybe_recompile pc=0x00000200c1e00868 method=java.util.HashMap.putVal(ILjava/lang/Object;Ljava/lang/Object;ZZ)Ljava/lang/Object; @ 91 c2
Event: 6.147 Thread 0x000002011592be20 DEOPT PACKING pc=0x00000200c1e00868 sp=0x000000d6082f80d0
Event: 6.147 Thread 0x000002011592be20 DEOPT UNPACKING pc=0x00000200c1803aa2 sp=0x000000d6082f8060 mode 2
Event: 6.147 Thread 0x000002011592be20 DEOPT PACKING pc=0x00000200ba618ad6 sp=0x000000d6082f75b0
Event: 6.147 Thread 0x000002011592be20 DEOPT UNPACKING pc=0x00000200c1804242 sp=0x000000d6082f6ad8 mode 0
Event: 6.171 Thread 0x000002011592be20 Uncommon trap: trap_request=0xffffff45 fr.pc=0x00000200c1e79aa4 relative=0x0000000000000084
Event: 6.171 Thread 0x000002011592be20 Uncommon trap: reason=unstable_if action=reinterpret pc=0x00000200c1e79aa4 method=java.lang.ref.SoftReference.get()Ljava/lang/Object; @ 6 c2
Event: 6.171 Thread 0x000002011592be20 DEOPT PACKING pc=0x00000200c1e79aa4 sp=0x000000d6082f9990
Event: 6.171 Thread 0x000002011592be20 DEOPT UNPACKING pc=0x00000200c1803aa2 sp=0x000000d6082f9928 mode 2

Classes loaded (20 events):
Event: 6.129 Loading class java/lang/reflect/UndeclaredThrowableException
Event: 6.129 Loading class java/lang/reflect/UndeclaredThrowableException done
Event: 6.129 Loading class java/lang/Class$AnnotationData
Event: 6.129 Loading class java/lang/Class$AnnotationData done
Event: 6.129 Loading class jdk/internal/reflect/MethodHandleIntegerFieldAccessorImpl
Event: 6.130 Loading class jdk/internal/reflect/MethodHandleIntegerFieldAccessorImpl done
Event: 6.140 Loading class java/io/PrintWriter
Event: 6.141 Loading class java/io/PrintWriter done
Event: 6.145 Loading class jdk/internal/reflect/MethodHandleShortFieldAccessorImpl
Event: 6.145 Loading class jdk/internal/reflect/MethodHandleShortFieldAccessorImpl done
Event: 6.145 Loading class java/lang/Short$ShortCache
Event: 6.146 Loading class java/lang/Short$ShortCache done
Event: 6.167 Loading class java/util/function/LongUnaryOperator
Event: 6.167 Loading class java/util/function/LongUnaryOperator done
Event: 6.167 Loading class java/lang/ThreadDeath
Event: 6.167 Loading class java/lang/ThreadDeath done
Event: 6.174 Loading class java/util/stream/SortedOps$SizedRefSortingSink
Event: 6.174 Loading class java/util/stream/SortedOps$SizedRefSortingSink done
Event: 6.197 Loading class java/util/concurrent/atomic/Striped64$1
Event: 6.197 Loading class java/util/concurrent/atomic/Striped64$1 done

Classes unloaded (0 events):
No events

Classes redefined (0 events):
No events

Internal exceptions (20 events):
Event: 5.942 Thread 0x000002011592be20 Exception <a 'java/lang/NoSuchMethodError'{0x00000000d58ddcd8}: 'java.lang.Object java.lang.invoke.DirectMethodHandle$Holder.invokeStaticInit(java.lang.Object, int, int, int, int)'> (0x00000000d58ddcd8) 
thrown [s\src\hotspot\share\interpreter\linkResolver.cpp, line 773]
Event: 6.054 Thread 0x000002011592be20 Exception <a 'java/lang/NoSuchMethodError'{0x00000000d59f2828}: 'java.lang.Object java.lang.invoke.DirectMethodHandle$Holder.invokeStaticInit(java.lang.Object, java.lang.Object, int, int, int, int)'> (0x00000000d59f2828) 
thrown [s\src\hotspot\share\interpreter\linkResolver.cpp, line 773]
Event: 6.130 Thread 0x000002011592be20 Exception <a 'java/lang/NoSuchMethodError'{0x00000000d5af7c80}: 'void java.lang.invoke.DirectMethodHandle$Holder.invokeSpecial(java.lang.Object, java.lang.Object, java.lang.Object, int)'> (0x00000000d5af7c80) 
thrown [s\src\hotspot\share\interpreter\linkResolver.cpp, line 773]
Event: 6.130 Thread 0x000002011592be20 Exception <a 'java/lang/NoSuchMethodError'{0x00000000d5afb610}: 'void java.lang.invoke.DelegatingMethodHandle$Holder.reinvoke_L(java.lang.Object, java.lang.Object, int)'> (0x00000000d5afb610) 
thrown [s\src\hotspot\share\interpreter\linkResolver.cpp, line 773]
Event: 6.130 Thread 0x000002011592be20 Exception <a 'java/lang/NoSuchMethodError'{0x00000000d5b022f8}: 'int java.lang.invoke.Invokers$Holder.invokeExact_MT(java.lang.Object, java.lang.Object, java.lang.Object)'> (0x00000000d5b022f8) 
thrown [s\src\hotspot\share\interpreter\linkResolver.cpp, line 773]
Event: 6.147 Thread 0x000002011592be20 Exception <a 'java/lang/NoSuchMethodError'{0x00000000d5c14db8}: 'void java.lang.invoke.Invokers$Holder.invokeExact_MT(java.lang.Object, java.lang.Object, int, java.lang.Object)'> (0x00000000d5c14db8) 
thrown [s\src\hotspot\share\interpreter\linkResolver.cpp, line 773]
Event: 6.165 Thread 0x000002011592be20 Exception <a 'java/lang/NoSuchMethodError'{0x00000000d5d01a38}: 'java.lang.Object java.lang.invoke.DirectMethodHandle$Holder.invokeSpecial(java.lang.Object, java.lang.Object, java.lang.Object, long, java.lang.Object)'> (0x00000000d5d01a38) 
thrown [s\src\hotspot\share\interpreter\linkResolver.cpp, line 773]
Event: 6.166 Thread 0x000002011592be20 Exception <a 'java/lang/NoSuchMethodError'{0x00000000d5d09280}: 'java.lang.Object java.lang.invoke.DirectMethodHandle$Holder.newInvokeSpecial(java.lang.Object, java.lang.Object, java.lang.Object, long)'> (0x00000000d5d09280) 
thrown [s\src\hotspot\share\interpreter\linkResolver.cpp, line 773]
Event: 6.166 Thread 0x000002011592be20 Exception <a 'java/lang/NoSuchMethodError'{0x00000000d5d0d630}: 'java.lang.Object java.lang.invoke.DirectMethodHandle$Holder.invokeSpecial(java.lang.Object, java.lang.Object, java.lang.Object, java.lang.Object, long)'> (0x00000000d5d0d630) 
thrown [s\src\hotspot\share\interpreter\linkResolver.cpp, line 773]
Event: 6.166 Thread 0x000002011592be20 Exception <a 'java/lang/NoSuchMethodError'{0x00000000d5d11250}: 'java.lang.Object java.lang.invoke.Invokers$Holder.linkToTargetMethod(java.lang.Object, java.lang.Object, long, java.lang.Object)'> (0x00000000d5d11250) 
thrown [s\src\hotspot\share\interpreter\linkResolver.cpp, line 773]
Event: 6.173 Thread 0x000002011592be20 Exception <a 'java/lang/NoSuchMethodError'{0x00000000d5d89620}: 'int java.lang.invoke.DirectMethodHandle$Holder.invokeStaticInit(java.lang.Object, java.lang.Object, java.lang.Object)'> (0x00000000d5d89620) 
thrown [s\src\hotspot\share\interpreter\linkResolver.cpp, line 773]
Event: 6.179 Thread 0x000002011592be20 Exception <a 'java/lang/IncompatibleClassChangeError'{0x00000000d5e18788}: Found class java.lang.Object, but interface was expected> (0x00000000d5e18788) 
thrown [s\src\hotspot\share\interpreter\linkResolver.cpp, line 840]
Event: 6.185 Thread 0x000002011592be20 Exception <a 'java/lang/NoSuchMethodError'{0x00000000d5e2ec48}: 'java.lang.Object java.lang.invoke.DirectMethodHandle$Holder.invokeSpecial(java.lang.Object, java.lang.Object, java.lang.Object, int, java.lang.Object, java.lang.Object)'> (0x00000000d5e2ec48) 
thrown [s\src\hotspot\share\interpreter\linkResolver.cpp, line 773]
Event: 6.185 Thread 0x000002011592be20 Exception <a 'java/lang/NoSuchMethodError'{0x00000000d5e36720}: 'java.lang.Object java.lang.invoke.DirectMethodHandle$Holder.newInvokeSpecial(java.lang.Object, java.lang.Object, java.lang.Object, int, java.lang.Object)'> (0x00000000d5e36720) 
thrown [s\src\hotspot\share\interpreter\linkResolver.cpp, line 773]
Event: 6.186 Thread 0x000002011592be20 Exception <a 'java/lang/NoSuchMethodError'{0x00000000d5e3a6a0}: 'java.lang.Object java.lang.invoke.DirectMethodHandle$Holder.invokeSpecial(java.lang.Object, java.lang.Object, java.lang.Object, java.lang.Object, int, java.lang.Object)'> (0x00000000d5e3a6a0) 
thrown [s\src\hotspot\share\interpreter\linkResolver.cpp, line 773]
Event: 6.186 Thread 0x000002011592be20 Exception <a 'java/lang/NoSuchMethodError'{0x00000000d5e3e1e0}: 'java.lang.Object java.lang.invoke.Invokers$Holder.linkToTargetMethod(java.lang.Object, java.lang.Object, int, java.lang.Object, java.lang.Object)'> (0x00000000d5e3e1e0) 
thrown [s\src\hotspot\share\interpreter\linkResolver.cpp, line 773]
Event: 6.186 Thread 0x0000020115be1950 Exception <a 'java/lang/NoSuchMethodError'{0x00000000d5d42ad8}: 'java.lang.Object java.lang.invoke.DirectMethodHandle$Holder.invokeSpecial(java.lang.Object, java.lang.Object, int, java.lang.Object, java.lang.Object)'> (0x00000000d5d42ad8) 
thrown [s\src\hotspot\share\interpreter\linkResolver.cpp, line 773]
Event: 6.186 Thread 0x0000020115be1950 Exception <a 'java/lang/NoSuchMethodError'{0x00000000d5d49810}: 'java.lang.Object java.lang.invoke.DirectMethodHandle$Holder.newInvokeSpecial(java.lang.Object, java.lang.Object, int, java.lang.Object)'> (0x00000000d5d49810) 
thrown [s\src\hotspot\share\interpreter\linkResolver.cpp, line 773]
Event: 6.187 Thread 0x0000020115be1950 Exception <a 'java/lang/NoSuchMethodError'{0x00000000d5d4d0f0}: 'java.lang.Object java.lang.invoke.DirectMethodHandle$Holder.invokeSpecial(java.lang.Object, java.lang.Object, java.lang.Object, int, java.lang.Object)'> (0x00000000d5d4d0f0) 
thrown [s\src\hotspot\share\interpreter\linkResolver.cpp, line 773]
Event: 6.201 Thread 0x000002011592be20 Exception <a 'java/lang/NoSuchMethodError'{0x00000000d5f488d8}: 'void java.lang.invoke.DirectMethodHandle$Holder.invokeSpecial(java.lang.Object, java.lang.Object, java.lang.Object, java.lang.Object, java.lang.Object)'> (0x00000000d5f488d8) 
thrown [s\src\hotspot\share\interpreter\linkResolver.cpp, line 773]

ZGC Phase Switch (0 events):
No events

VM Operations (20 events):
Event: 3.105 Executing non-safepoint VM operation: HandshakeAllThreads (Deoptimize)
Event: 3.105 Executing non-safepoint VM operation: HandshakeAllThreads (Deoptimize) done
Event: 3.322 Executing non-safepoint VM operation: HandshakeAllThreads (Deoptimize)
Event: 3.322 Executing non-safepoint VM operation: HandshakeAllThreads (Deoptimize) done
Event: 3.444 Executing safepoint VM operation: ParallelGCFailedAllocation (Allocation Failure)
Event: 3.449 Executing safepoint VM operation: ParallelGCFailedAllocation (Allocation Failure) done
Event: 3.506 Executing non-safepoint VM operation: HandshakeAllThreads (Deoptimize)
Event: 3.507 Executing non-safepoint VM operation: HandshakeAllThreads (Deoptimize) done
Event: 3.513 Executing non-safepoint VM operation: HandshakeAllThreads (Deoptimize)
Event: 3.513 Executing non-safepoint VM operation: HandshakeAllThreads (Deoptimize) done
Event: 3.531 Executing non-safepoint VM operation: HandshakeAllThreads (Deoptimize)
Event: 3.531 Executing non-safepoint VM operation: HandshakeAllThreads (Deoptimize) done
Event: 3.707 Executing safepoint VM operation: ParallelGCFailedAllocation (Allocation Failure)
Event: 3.719 Executing safepoint VM operation: ParallelGCFailedAllocation (Allocation Failure) done
Event: 3.833 Executing safepoint VM operation: ParallelGCFailedAllocation (Allocation Failure)
Event: 5.867 Executing safepoint VM operation: ParallelGCFailedAllocation (Allocation Failure) done
Event: 6.122 Executing non-safepoint VM operation: HandshakeAllThreads (Deoptimize)
Event: 6.122 Executing non-safepoint VM operation: HandshakeAllThreads (Deoptimize) done
Event: 7.125 Executing safepoint VM operation: Cleanup
Event: 7.219 Executing safepoint VM operation: Cleanup done

Memory protections (0 events):
No events

Nmethod flushes (0 events):
No events

Events (20 events):
Event: 0.055 Thread 0x00000200b4ca8050 Thread added: 0x00000200b712e290
Event: 0.055 Thread 0x00000200b4ca8050 Thread added: 0x00000200b712f1d0
Event: 0.055 Thread 0x00000200b4ca8050 Thread added: 0x00000200b7133140
Event: 0.055 Thread 0x00000200b4ca8050 Thread added: 0x00000200b7130950
Event: 0.055 Thread 0x00000200b4ca8050 Thread added: 0x00000200b71313a0
Event: 0.055 Thread 0x00000200b4ca8050 Thread added: 0x000002010fe04750
Event: 0.112 Thread 0x000002010fe04750 Thread added: 0x000002010ffcd420
Event: 0.130 Thread 0x00000200b4ca8050 Thread added: 0x00000201100473c0
Event: 0.510 Thread 0x00000200b4ca8050 Thread added: 0x000002011014a810
Event: 0.632 Thread 0x000002010fe04750 Thread added: 0x00000201150f3100
Event: 2.750 Thread 0x00000200b4ca8050 Thread added: 0x000002011591a4d0
Event: 2.976 Thread 0x00000200b4ca8050 Thread added: 0x00000201157f72f0
Event: 2.984 Thread 0x00000200b4ca8050 Thread added: 0x000002011592be20
Event: 3.096 Thread 0x000002011592be20 Thread added: 0x000002011597cb20
Event: 3.354 Thread 0x000002011592be20 Thread added: 0x0000020115abdfe0
Event: 5.868 Thread 0x00000201150f3100 Thread exited: 0x00000201150f3100
Event: 6.138 Thread 0x000002011592be20 Thread added: 0x0000020115bdffe0
Event: 6.169 Thread 0x000002011592be20 Thread added: 0x0000020115be1950
Event: 6.188 Thread 0x000002011592be20 Thread added: 0x000002010fe840f0
Event: 7.219 Thread 0x000002010ffcd420 Thread exited: 0x000002010ffcd420


Dynamic libraries:
0x00007ff6b8080000 - 0x00007ff6b808e000 	c:\Users\HP\.antigravity\extensions\redhat.java-1.54.0-win32-x64\jre\21.0.10-win32-x86_64\bin\java.exe
0x00007fff3c2a0000 - 0x00007fff3c507000 	C:\WINDOWS\SYSTEM32\ntdll.dll
0x00007fff00bb0000 - 0x00007fff00bd1000 	C:\Program Files\Avast Software\Avast\aswhook.dll
0x00007fff3adb0000 - 0x00007fff3ae79000 	C:\WINDOWS\System32\KERNEL32.DLL
0x00007fff397d0000 - 0x00007fff39bc4000 	C:\WINDOWS\System32\KERNELBASE.dll
0x00007fff39d40000 - 0x00007fff39e8b000 	C:\WINDOWS\System32\ucrtbase.dll
0x00007ffee98a0000 - 0x00007ffee98be000 	c:\Users\HP\.antigravity\extensions\redhat.java-1.54.0-win32-x64\jre\21.0.10-win32-x86_64\bin\VCRUNTIME140.dll
0x00007ffee6be0000 - 0x00007ffee6bf8000 	c:\Users\HP\.antigravity\extensions\redhat.java-1.54.0-win32-x64\jre\21.0.10-win32-x86_64\bin\jli.dll
0x00007fff3a6a0000 - 0x00007fff3a865000 	C:\WINDOWS\System32\USER32.dll
0x00007fff38c80000 - 0x00007fff38ca7000 	C:\WINDOWS\System32\win32u.dll
0x00007fff3a870000 - 0x00007fff3a89b000 	C:\WINDOWS\System32\GDI32.dll
0x00007fff0af80000 - 0x00007fff0b213000 	C:\WINDOWS\WinSxS\amd64_microsoft.windows.common-controls_6595b64144ccf1df_6.0.26100.8115_none_3e075c82e3354f9c\COMCTL32.dll
0x00007fff39520000 - 0x00007fff3964b000 	C:\WINDOWS\System32\gdi32full.dll
0x00007fff39bd0000 - 0x00007fff39c73000 	C:\WINDOWS\System32\msvcp_win.dll
0x00007fff3b030000 - 0x00007fff3b0d9000 	C:\WINDOWS\System32\msvcrt.dll
0x00007fff3ae80000 - 0x00007fff3aeb2000 	C:\WINDOWS\System32\IMM32.DLL
0x00007fff35b60000 - 0x00007fff35b6c000 	c:\Users\HP\.antigravity\extensions\redhat.java-1.54.0-win32-x64\jre\21.0.10-win32-x86_64\bin\vcruntime140_1.dll
0x00007ffea9b20000 - 0x00007ffea9bad000 	c:\Users\HP\.antigravity\extensions\redhat.java-1.54.0-win32-x64\jre\21.0.10-win32-x86_64\bin\msvcp140.dll
0x00007ffe840d0000 - 0x00007ffe84e71000 	c:\Users\HP\.antigravity\extensions\redhat.java-1.54.0-win32-x64\jre\21.0.10-win32-x86_64\bin\server\jvm.dll
0x00007fff3a5e0000 - 0x00007fff3a696000 	C:\WINDOWS\System32\ADVAPI32.dll
0x00007fff3a8a0000 - 0x00007fff3a947000 	C:\WINDOWS\System32\sechost.dll
0x00007fff3c110000 - 0x00007fff3c228000 	C:\WINDOWS\System32\RPCRT4.dll
0x00007fff3a000000 - 0x00007fff3a080000 	C:\WINDOWS\System32\WS2_32.dll
0x00007fff389c0000 - 0x00007fff38a1e000 	C:\WINDOWS\SYSTEM32\POWRPROF.dll
0x00007fff305b0000 - 0x00007fff305bb000 	C:\WINDOWS\SYSTEM32\VERSION.dll
0x00007fff30a60000 - 0x00007fff30a96000 	C:\WINDOWS\SYSTEM32\WINMM.dll
0x00007fff389a0000 - 0x00007fff389b4000 	C:\WINDOWS\SYSTEM32\UMPDC.dll
0x00007fff378d0000 - 0x00007fff378eb000 	C:\WINDOWS\SYSTEM32\kernel.appcore.dll
0x00007fff33b10000 - 0x00007fff33b1a000 	c:\Users\HP\.antigravity\extensions\redhat.java-1.54.0-win32-x64\jre\21.0.10-win32-x86_64\bin\jimage.dll
0x00007fff36900000 - 0x00007fff36b42000 	C:\WINDOWS\SYSTEM32\DBGHELP.DLL
0x00007fff3bbe0000 - 0x00007fff3bf62000 	C:\WINDOWS\System32\combase.dll
0x00007fff3aa10000 - 0x00007fff3aae8000 	C:\WINDOWS\System32\OLEAUT32.dll
0x00007fff240f0000 - 0x00007fff2412b000 	C:\WINDOWS\SYSTEM32\dbgcore.DLL
0x00007fff38b40000 - 0x00007fff38be5000 	C:\WINDOWS\System32\bcryptPrimitives.dll
0x00007fff17300000 - 0x00007fff1730f000 	c:\Users\HP\.antigravity\extensions\redhat.java-1.54.0-win32-x64\jre\21.0.10-win32-x86_64\bin\instrument.dll
0x00007ffee33a0000 - 0x00007ffee33c0000 	c:\Users\HP\.antigravity\extensions\redhat.java-1.54.0-win32-x64\jre\21.0.10-win32-x86_64\bin\java.dll
0x00007fff3b280000 - 0x00007fff3b9e7000 	C:\WINDOWS\System32\SHELL32.dll
0x00007fff39e90000 - 0x00007fff39ffa000 	C:\WINDOWS\System32\wintypes.dll
0x00007fff38cb0000 - 0x00007fff39518000 	C:\WINDOWS\System32\windows.storage.dll
0x00007fff3aec0000 - 0x00007fff3afb8000 	C:\WINDOWS\System32\SHCORE.dll
0x00007fff3aaf0000 - 0x00007fff3ab56000 	C:\WINDOWS\System32\shlwapi.dll
0x00007fff38a60000 - 0x00007fff38a89000 	C:\WINDOWS\SYSTEM32\profapi.dll
0x00007fff00950000 - 0x00007fff00968000 	c:\Users\HP\.antigravity\extensions\redhat.java-1.54.0-win32-x64\jre\21.0.10-win32-x86_64\bin\zip.dll
0x00007fff172e0000 - 0x00007fff172f0000 	C:\Users\HP\.antigravity\extensions\redhat.java-1.54.0-win32-x64\jre\21.0.10-win32-x86_64\bin\net.dll
0x00007fff306a0000 - 0x00007fff307cd000 	C:\WINDOWS\SYSTEM32\WINHTTP.dll
0x00007fff37e40000 - 0x00007fff37eac000 	C:\WINDOWS\system32\mswsock.dll
0x00007ffee49a0000 - 0x00007ffee49b6000 	C:\Users\HP\.antigravity\extensions\redhat.java-1.54.0-win32-x64\jre\21.0.10-win32-x86_64\bin\nio.dll
0x00007fff15180000 - 0x00007fff15190000 	c:\Users\HP\.antigravity\extensions\redhat.java-1.54.0-win32-x64\jre\21.0.10-win32-x86_64\bin\verify.dll
0x00007ffed0ad0000 - 0x00007ffed0b15000 	C:\Users\HP\AppData\Roaming\Antigravity\User\globalStorage\redhat.java\1.54.0\config_ss_win\org.eclipse.equinox.launcher\org.eclipse.equinox.launcher.win32.win32.x86_64_1.3.0.v20260203-2149\eclipse_11919.dll
0x00007fff3b0e0000 - 0x00007fff3b277000 	C:\WINDOWS\System32\ole32.dll
0x00007fff38120000 - 0x00007fff3813b000 	C:\WINDOWS\SYSTEM32\CRYPTSP.dll
0x00007fff37830000 - 0x00007fff37869000 	C:\WINDOWS\system32\rsaenh.dll
0x00007fff37ef0000 - 0x00007fff37f23000 	C:\WINDOWS\SYSTEM32\USERENV.dll
0x00007fff38a30000 - 0x00007fff38a5a000 	C:\WINDOWS\SYSTEM32\bcrypt.dll
0x00007fff38140000 - 0x00007fff3814c000 	C:\WINDOWS\SYSTEM32\CRYPTBASE.dll
0x00007fff372d0000 - 0x00007fff37302000 	C:\WINDOWS\SYSTEM32\IPHLPAPI.DLL
0x00007fff3aa00000 - 0x00007fff3aa0a000 	C:\WINDOWS\System32\NSI.dll
0x00007ffeb0960000 - 0x00007ffeb09a9000 	C:\Users\HP\AppData\Local\Temp\jna-2312\jna163217825263202086.dll
0x00007fff3ab60000 - 0x00007fff3ab68000 	C:\WINDOWS\System32\PSAPI.DLL

JVMTI agents:
c:\Users\HP\.antigravity\extensions\redhat.java-1.54.0-win32-x64\lombok\lombok-1.18.39-4050.jar path:c:\Users\HP\.antigravity\extensions\redhat.java-1.54.0-win32-x64\jre\21.0.10-win32-x86_64\bin\instrument.dll, loaded, initialized, instrumentlib options:none

dbghelp: loaded successfully - version: 4.0.5 - missing functions: none
symbol engine: initialized successfully - sym options: 0x614 - pdb path: .;c:\Users\HP\.antigravity\extensions\redhat.java-1.54.0-win32-x64\jre\21.0.10-win32-x86_64\bin;C:\WINDOWS\SYSTEM32;C:\Program Files\Avast Software\Avast;C:\WINDOWS\WinSxS\amd64_microsoft.windows.common-controls_6595b64144ccf1df_6.0.26100.8115_none_3e075c82e3354f9c;c:\Users\HP\.antigravity\extensions\redhat.java-1.54.0-win32-x64\jre\21.0.10-win32-x86_64\bin\server;C:\Users\HP\AppData\Roaming\Antigravity\User\globalStorage\redhat.java\1.54.0\config_ss_win\org.eclipse.equinox.launcher\org.eclipse.equinox.launcher.win32.win32.x86_64_1.3.0.v20260203-2149;C:\Users\HP\AppData\Local\Temp\jna-2312

VM Arguments:
jvm_args: --add-modules=ALL-SYSTEM --add-opens=java.base/java.util=ALL-UNNAMED --add-opens=java.base/java.lang=ALL-UNNAMED --add-opens=java.base/sun.nio.fs=ALL-UNNAMED -Declipse.application=org.eclipse.jdt.ls.core.id1 -Dosgi.bundles.defaultStartLevel=4 -Declipse.product=org.eclipse.jdt.ls.core.product -Djava.import.generatesMetadataFilesAtProjectRoot=false -DDetectVMInstallationsJob.disabled=true -Dfile.encoding=utf8 -XX:+UseParallelGC -XX:GCTimeRatio=4 -XX:AdaptiveSizePolicyWeight=90 -Dsun.zip.disableMemoryMapping=true -Xmx2G -Xms100m -Xlog:disable -javaagent:c:\Users\HP\.antigravity\extensions\redhat.java-1.54.0-win32-x64\lombok\lombok-1.18.39-4050.jar 
java_command: c:\Users\HP\.antigravity\extensions\redhat.java-1.54.0-win32-x64\server\plugins\org.eclipse.equinox.launcher_1.7.100.v20251111-0406.jar -configuration c:\Users\HP\AppData\Roaming\Antigravity\User\globalStorage\redhat.java\1.54.0\config_ss_win -data c:\Users\HP\AppData\Roaming\Antigravity\User\workspaceStorage\98eb1284933efba20486acdda2b6755c\redhat.java\ss_ws --pipe=\\.\pipe\lsp-0048c263f7f09e8d8eef73d536a89724-sock
java_class_path (initial): c:\Users\HP\.antigravity\extensions\redhat.java-1.54.0-win32-x64\server\plugins\org.eclipse.equinox.launcher_1.7.100.v20251111-0406.jar
Launcher Type: SUN_STANDARD

[Global flags]
    uintx AdaptiveSizePolicyWeight                 = 90                                        {product} {command line}
     intx CICompilerCount                          = 4                                         {product} {ergonomic}
    uintx GCTimeRatio                              = 4                                         {product} {command line}
   size_t InitialHeapSize                          = 104857600                                 {product} {command line}
   size_t MaxHeapSize                              = 2147483648                                {product} {command line}
   size_t MaxNewSize                               = 715653120                                 {product} {ergonomic}
   size_t MinHeapDeltaBytes                        = 524288                                    {product} {ergonomic}
   size_t MinHeapSize                              = 104857600                                 {product} {command line}
   size_t NewSize                                  = 34603008                                  {product} {ergonomic}
    uintx NonNMethodCodeHeapSize                   = 5839372                                {pd product} {ergonomic}
    uintx NonProfiledCodeHeapSize                  = 122909434                              {pd product} {ergonomic}
   size_t OldSize                                  = 70254592                                  {product} {ergonomic}
    uintx ProfiledCodeHeapSize                     = 122909434                              {pd product} {ergonomic}
    uintx ReservedCodeCacheSize                    = 251658240                              {pd product} {ergonomic}
     bool SegmentedCodeCache                       = true                                      {product} {ergonomic}
   size_t SoftMaxHeapSize                          = 2147483648                             {manageable} {ergonomic}
     bool UseCompressedOops                        = true                           {product lp64_product} {ergonomic}
     bool UseLargePagesIndividualAllocation        = false                                  {pd product} {ergonomic}
     bool UseParallelGC                            = true                                      {product} {command line}

Logging:
Log output configuration:
 #0: stdout all=off uptime,level,tags foldmultilines=false
 #1: stderr all=off uptime,level,tags foldmultilines=false

Release file:
JAVA_VERSION="21.0.10" 
MODULES="java.base java.compiler java.datatransfer java.xml java.prefs java.desktop java.instrument java.logging java.management java.security.sasl java.naming java.rmi java.management.rmi java.net.http java.scripting java.security.jgss java.transaction.xa java.sql java.sql.rowset java.xml.crypto java.se java.smartcardio jdk.accessibility jdk.internal.jvmstat jdk.attach jdk.charsets jdk.internal.opt jdk.zipfs jdk.compiler jdk.crypto.ec jdk.crypto.cryptoki jdk.crypto.mscapi jdk.dynalink jdk.internal.ed jdk.editpad jdk.hotspot.agent jdk.httpserver jdk.internal.le jdk.internal.vm.ci jdk.internal.vm.compiler jdk.internal.vm.compiler.management jdk.jartool jdk.javadoc jdk.jcmd jdk.management jdk.management.agent jdk.jconsole jdk.jdeps jdk.jdwp.agent jdk.jdi jdk.jfr jdk.jshell jdk.jsobject jdk.jstatd jdk.localedata jdk.management.jfr jdk.naming.dns jdk.naming.rmi jdk.net jdk.nio.mapmode jdk.random jdk.sctp jdk.security.auth jdk.security.jgss jdk.unsupported jdk.unsupported.desktop jdk.xml.dom" 

Environment Variables:
PATH=C:\Program Files\Common Files\Oracle\Java\javapath;C:\Program Files (x86)\Common Files\Oracle\Java\java8path;C:\Program Files (x86)\Common Files\Oracle\Java\javapath;C:\ORC\ORACLEE\bin;C:\app\HP\product\21c\dbhomeXE\bin;E:\oracle21\ORACL\bin;C:\Dossier_Oracle21c\Oracle21c\bin;C:\WINDOWS\system32;C:\WINDOWS;C:\WINDOWS\System32\Wbem;C:\WINDOWS\System32\WindowsPowerShell\v1.0\;C:\WINDOWS\System32\OpenSSH\;c:\Program Files (x86)\Microsoft SQL Server\100\Tools\Binn\;c:\Program Files\Microsoft SQL Server\100\Tools\Binn\;c:\Program Files\Microsoft SQL Server\100\DTS\Binn\;C:\appliiiiiii\flutter_windows_3.35.7-stable.zip\flutter\bin;C:\Program Files\Docker\Docker\resources\bin;C:\Program Files\Git\cmd;C:\Program Files\nodejs\;C:\Program Files\Apache\maven\bin;C:\Users\HP\AppData\Local\Programs\Python\Python313\Scripts\;C:\Users\HP\AppData\Local\Programs\Python\Python313\;C:\Users\HP\AppData\Local\Programs\Python\Launcher\;C:\Users\HP\AppData\Local\Microsoft\WindowsApps;C:\Users\HP\AppData\Local\Programs\Microsoft VS Code\bin;C:\Users\HP\AppData\Local\Python\bin;C:\Users\HP\AppData\Roaming\npm;C:\Users\HP\AppData\Local\Programs\Antigravity\bin
USERNAME=HP
OS=Windows_NT
PROCESSOR_IDENTIFIER=Intel64 Family 6 Model 186 Stepping 3, GenuineIntel
TMP=C:\Users\HP\AppData\Local\Temp
TEMP=C:\Users\HP\AppData\Local\Temp




Periodic native trim disabled

---------------  S Y S T E M  ---------------

OS:
 Windows 11 , 64 bit Build 26100 (10.0.26100.8246)
OS uptime: 0 days 2:41 hours
Hyper-V role detected

CPU: total 12 (initial active 12) (6 cores per cpu, 2 threads per core) family 6 model 186 stepping 3 microcode 0x4121, cx8, cmov, fxsr, ht, mmx, 3dnowpref, sse, sse2, sse3, ssse3, sse4.1, sse4.2, popcnt, lzcnt, tsc, tscinvbit, avx, avx2, aes, erms, clmul, bmi1, bmi2, adx, sha, fma, vzeroupper, clflush, clflushopt, clwb, hv, serialize, rdtscp, rdpid, fsrm, f16c, cet_ibt, cet_ss
Processor Information for processor 0
  Max Mhz: 1300, Current Mhz: 81, Mhz Limit: 1300
Processor Information for processor 1
  Max Mhz: 1300, Current Mhz: 81, Mhz Limit: 1300
Processor Information for processor 2
  Max Mhz: 1300, Current Mhz: 1300, Mhz Limit: 1300
Processor Information for processor 3
  Max Mhz: 1300, Current Mhz: 1300, Mhz Limit: 1300
Processor Information for processor 4
  Max Mhz: 1300, Current Mhz: 900, Mhz Limit: 897
Processor Information for processor 5
  Max Mhz: 1300, Current Mhz: 900, Mhz Limit: 897
Processor Information for processor 6
  Max Mhz: 1300, Current Mhz: 900, Mhz Limit: 897
Processor Information for processor 7
  Max Mhz: 1300, Current Mhz: 900, Mhz Limit: 897
Processor Information for processor 8
  Max Mhz: 1300, Current Mhz: 900, Mhz Limit: 897
Processor Information for processor 9
  Max Mhz: 1300, Current Mhz: 900, Mhz Limit: 897
Processor Information for processor 10
  Max Mhz: 1300, Current Mhz: 900, Mhz Limit: 897
Processor Information for processor 11
  Max Mhz: 1300, Current Mhz: 900, Mhz Limit: 897

Memory: 4k page, system-wide physical 7835M (759M free)
TotalPageFile size 11931M (AvailPageFile size 5M)
current process WorkingSet (physical memory assigned to process): 144M, peak: 144M
current process commit charge ("private bytes"): 264M, peak: 294M

vm_info: OpenJDK 64-Bit Server VM (21.0.10+7-LTS) for windows-amd64 JRE (21.0.10+7-LTS), built on 2026-01-20T00:00:00Z by "admin" with MS VC++ 17.12 (VS2022)

END.
