#
# There is insufficient memory for the Java Runtime Environment to continue.
# Native memory allocation (malloc) failed to allocate 1723056 bytes. Error detail: Chunk::new
# Possible reasons:
#   The system is out of physical RAM or swap space
#   This process is running with CompressedOops enabled, and the Java Heap may be blocking the growth of the native heap
# Possible solutions:
#   Reduce memory load on the system
#   Increase physical memory or swap space
#   Check if swap backing store is full
#   Decrease Java heap size (-Xmx/-Xms)
#   Decrease number of Java threads
#   Decrease Java thread stack sizes (-Xss)
#   Set larger code cache with -XX:ReservedCodeCacheSize=
#   JVM is running with Unscaled Compressed Oops mode in which the Java heap is
#     placed in the first 4GB address space. The Java Heap base address is the
#     maximum limit for the native heap growth. Please use -XX:HeapBaseMinAddress
#     to set the Java Heap base and to place the Java Heap above 4GB virtual address.
# This output file may be truncated or incomplete.
#
#  Out of Memory Error (arena.cpp:168), pid=10064, tid=22968
#
# JRE version: OpenJDK Runtime Environment Temurin-21.0.10+7 (21.0.10+7) (build 21.0.10+7-LTS)
# Java VM: OpenJDK 64-Bit Server VM Temurin-21.0.10+7 (21.0.10+7-LTS, mixed mode, sharing, tiered, compressed oops, compressed class ptrs, parallel gc, windows-amd64)
# No core dump will be written. Minidumps are not enabled by default on client versions of Windows
#

---------------  S U M M A R Y ------------

Command Line: --add-modules=ALL-SYSTEM --add-opens=java.base/java.util=ALL-UNNAMED --add-opens=java.base/java.lang=ALL-UNNAMED --add-opens=java.base/sun.nio.fs=ALL-UNNAMED -Declipse.application=org.eclipse.jdt.ls.core.id1 -Dosgi.bundles.defaultStartLevel=4 -Declipse.product=org.eclipse.jdt.ls.core.product -Djava.import.generatesMetadataFilesAtProjectRoot=false -DDetectVMInstallationsJob.disabled=true -Dfile.encoding=utf8 -XX:+UseParallelGC -XX:GCTimeRatio=4 -XX:AdaptiveSizePolicyWeight=90 -Dsun.zip.disableMemoryMapping=true -Xmx2G -Xms100m -Xlog:disable -javaagent:c:\Users\HP\.antigravity\extensions\redhat.java-1.54.0-win32-x64\lombok\lombok-1.18.39-4050.jar -XX:+HeapDumpOnOutOfMemoryError -XX:HeapDumpPath=c:\Users\HP\AppData\Roaming\Antigravity\User\workspaceStorage\bb6f58697517b49f76eb8e851445a514\redhat.java -Daether.dependencyCollector.impl=bf c:\Users\HP\.antigravity\extensions\redhat.java-1.54.0-win32-x64\server\plugins\org.eclipse.equinox.launcher_1.7.100.v20251111-0406.jar -configuration c:\Users\HP\AppData\Roaming\Antigravity\User\globalStorage\redhat.java\1.54.0\config_win -data c:\Users\HP\AppData\Roaming\Antigravity\User\workspaceStorage\bb6f58697517b49f76eb8e851445a514\redhat.java\jdt_ws --pipe=\\.\pipe\lsp-a3df84732bbd61cede64e09db5765789-sock

Host: 13th Gen Intel(R) Core(TM) i5-1335U, 12 cores, 7G,  Windows 11 , 64 bit Build 26100 (10.0.26100.8246)
Time: Tue Apr 28 22:47:54 2026 Greenwich elapsed time: 18.743158 seconds (0d 0h 0m 18s)

---------------  T H R E A D  ---------------

Current thread (0x0000017cd94bd490):  JavaThread "C2 CompilerThread1" daemon [_thread_in_native, id=22968, stack(0x000000203a100000,0x000000203a200000) (1024K)]


Current CompileTask:
C2:18743 10838       4       java.lang.reflect.Field::set (43 bytes)

Stack: [0x000000203a100000,0x000000203a200000]
Native frames: (J=compiled Java code, j=interpreted, Vv=VM code, C=native code)
V  [jvm.dll+0x6d7a39]
V  [jvm.dll+0x8b4b26]
V  [jvm.dll+0x8b70de]
V  [jvm.dll+0x8b77c3]
V  [jvm.dll+0x284346]
V  [jvm.dll+0xc66ed]
V  [jvm.dll+0xc6c31]
V  [jvm.dll+0x3bec01]
V  [jvm.dll+0x1e3f69]
V  [jvm.dll+0x24c6b3]
V  [jvm.dll+0x24bb40]
V  [jvm.dll+0x1cb34e]
V  [jvm.dll+0x25b85d]
V  [jvm.dll+0x259dea]
V  [jvm.dll+0x3f857e]
V  [jvm.dll+0x85f59d]
V  [jvm.dll+0x6d626d]
C  [ucrtbase.dll+0x37b0]
C  [KERNEL32.DLL+0x2e8d7]
C  [ntdll.dll+0x8c3fc]


---------------  P R O C E S S  ---------------

Threads class SMR info:
_java_thread_list=0x0000017ce7660f20, length=92, elements={
0x0000017cffcb2dc0, 0x0000017c96de9360, 0x0000017cffd6e4d0, 0x0000017c96deba20,
0x0000017c96decc90, 0x0000017c96df0cf0, 0x0000017c96df1750, 0x0000017cd9372210,
0x0000017cd93761b0, 0x0000017cd95dcb10, 0x0000017cd960dd90, 0x0000017cdf190510,
0x0000017cda65d560, 0x0000017cdf00b0c0, 0x0000017cdf031290, 0x0000017cdf15c420,
0x0000017cdf5f02f0, 0x0000017cdfa38df0, 0x0000017cdfa39480, 0x0000017cdfa37a40,
0x0000017cdfa39b10, 0x0000017cdfa3a1a0, 0x0000017cdfa36d20, 0x0000017cdfa38760,
0x0000017ce1d495c0, 0x0000017ce1d4bd20, 0x0000017ce1d49c50, 0x0000017ce1d4b690,
0x0000017ce1d4a2e0, 0x0000017ce1d4a970, 0x0000017ce1d4b000, 0x0000017ce1d488a0,
0x0000017ce1d4c3b0, 0x0000017ce1d48f30, 0x0000017ce1d4ca40, 0x0000017ce1d4fec0,
0x0000017ce1d4d0d0, 0x0000017ce1d4eb10, 0x0000017ce1d4ddf0, 0x0000017ce1d4e480,
0x0000017ce1d4f1a0, 0x0000017ce1d4d760, 0x0000017ce1d4f830, 0x0000017cdf464930,
0x0000017cdf462ef0, 0x0000017cdf4621d0, 0x0000017cdf463580, 0x0000017cdf4614b0,
0x0000017cdf465650, 0x0000017cdf465ce0, 0x0000017cdf466a00, 0x0000017cdf467090,
0x0000017cdf466370, 0x0000017cdf4642a0, 0x0000017cdf467db0, 0x0000017cdf467720,
0x0000017cdf468440, 0x0000017cdf464fc0, 0x0000017cdf468ad0, 0x0000017ce7060550,
0x0000017ce705e480, 0x0000017ce7060be0, 0x0000017ce705d760, 0x0000017ce705ddf0,
0x0000017ce7061270, 0x0000017ce7061900, 0x0000017ce705f1a0, 0x0000017ce7061f90,
0x0000017ce70646f0, 0x0000017ce7062cb0, 0x0000017ce7063340, 0x0000017ce70639d0,
0x0000017ce7064d80, 0x0000017cd94bd490, 0x0000017ce70ee7c0, 0x0000017ce70edaa0,
0x0000017ce6d114a0, 0x0000017ce70eb9d0, 0x0000017ce70ec060, 0x0000017ce70efb70,
0x0000017ce70ee130, 0x0000017ce70ef4e0, 0x0000017ce70ecd80, 0x0000017ce70f15b0,
0x0000017ce70f0890, 0x0000017ce70f1c40, 0x0000017ce70f22d0, 0x0000017ce70f2960,
0x0000017ce70f2ff0, 0x0000017ce705eb10, 0x0000017ce7045b40, 0x0000017ce7046860
}

Java Threads: ( => current thread )
  0x0000017cffcb2dc0 JavaThread "main"                              [_thread_blocked, id=15100, stack(0x0000002039500000,0x0000002039600000) (1024K)]
  0x0000017c96de9360 JavaThread "Reference Handler"          daemon [_thread_blocked, id=412, stack(0x0000002039900000,0x0000002039a00000) (1024K)]
  0x0000017cffd6e4d0 JavaThread "Finalizer"                  daemon [_thread_blocked, id=8180, stack(0x0000002039a00000,0x0000002039b00000) (1024K)]
  0x0000017c96deba20 JavaThread "Signal Dispatcher"          daemon [_thread_blocked, id=22012, stack(0x0000002039b00000,0x0000002039c00000) (1024K)]
  0x0000017c96decc90 JavaThread "Attach Listener"            daemon [_thread_blocked, id=9392, stack(0x0000002039c00000,0x0000002039d00000) (1024K)]
  0x0000017c96df0cf0 JavaThread "Service Thread"             daemon [_thread_blocked, id=22992, stack(0x0000002039d00000,0x0000002039e00000) (1024K)]
  0x0000017c96df1750 JavaThread "Monitor Deflation Thread"   daemon [_thread_blocked, id=19972, stack(0x0000002039e00000,0x0000002039f00000) (1024K)]
  0x0000017cd9372210 JavaThread "C2 CompilerThread0"         daemon [_thread_in_native, id=4020, stack(0x0000002039f00000,0x000000203a000000) (1024K)]
  0x0000017cd93761b0 JavaThread "C1 CompilerThread0"         daemon [_thread_in_vm, id=14228, stack(0x000000203a000000,0x000000203a100000) (1024K)]
  0x0000017cd95dcb10 JavaThread "Common-Cleaner"             daemon [_thread_blocked, id=14376, stack(0x000000203a200000,0x000000203a300000) (1024K)]
  0x0000017cd960dd90 JavaThread "Notification Thread"        daemon [_thread_blocked, id=9428, stack(0x000000203a300000,0x000000203a400000) (1024K)]
  0x0000017cdf190510 JavaThread "Active Thread: Equinox Container: 56ea1fee-d09d-4420-8348-cb1ecee13721"        [_thread_blocked, id=13820, stack(0x000000203ab00000,0x000000203ac00000) (1024K)]
  0x0000017cda65d560 JavaThread "Refresh Thread: Equinox Container: 56ea1fee-d09d-4420-8348-cb1ecee13721" daemon [_thread_blocked, id=1716, stack(0x000000203ac00000,0x000000203ad00000) (1024K)]
  0x0000017cdf00b0c0 JavaThread "Framework Event Dispatcher: Equinox Container: 56ea1fee-d09d-4420-8348-cb1ecee13721" daemon [_thread_blocked, id=23296, stack(0x000000203ae00000,0x000000203af00000) (1024K)]
  0x0000017cdf031290 JavaThread "Start Level: Equinox Container: 56ea1fee-d09d-4420-8348-cb1ecee13721" daemon [_thread_blocked, id=14464, stack(0x000000203af00000,0x000000203b000000) (1024K)]
  0x0000017cdf15c420 JavaThread "Bundle File Closer"         daemon [_thread_blocked, id=18332, stack(0x000000203b200000,0x000000203b300000) (1024K)]
  0x0000017cdf5f02f0 JavaThread "SCR Component Actor"        daemon [_thread_blocked, id=15692, stack(0x000000203b300000,0x000000203b400000) (1024K)]
  0x0000017cdfa38df0 JavaThread "Worker-JM"                         [_thread_blocked, id=5316, stack(0x000000203b400000,0x000000203b500000) (1024K)]
  0x0000017cdfa39480 JavaThread "JNA Cleaner"                daemon [_thread_blocked, id=12068, stack(0x000000203b500000,0x000000203b600000) (1024K)]
  0x0000017cdfa37a40 JavaThread "Worker-0: Initialize workspace"        [_thread_blocked, id=3892, stack(0x000000203b600000,0x000000203b700000) (1024K)]
  0x0000017cdfa39b10 JavaThread "Worker-1: Java indexing... "        [_thread_blocked, id=21376, stack(0x000000203b700000,0x000000203b800000) (1024K)]
  0x0000017cdfa3a1a0 JavaThread "Worker-2"                          [_thread_blocked, id=2636, stack(0x000000203b800000,0x000000203b900000) (1024K)]
  0x0000017cdfa36d20 JavaThread "Java indexing"              daemon [_thread_in_Java, id=3604, stack(0x000000203b900000,0x000000203ba00000) (1024K)]
  0x0000017cdfa38760 JavaThread "Worker-3: Publish Diagnostics"        [_thread_in_vm, id=19644, stack(0x000000203ba00000,0x000000203bb00000) (1024K)]
  0x0000017ce1d495c0 JavaThread "Worker-4"                          [_thread_blocked, id=23444, stack(0x000000203bd00000,0x000000203be00000) (1024K)]
  0x0000017ce1d4bd20 JavaThread "Thread-1"                   daemon [_thread_in_native, id=12900, stack(0x000000203be00000,0x000000203bf00000) (1024K)]
  0x0000017ce1d49c50 JavaThread "Thread-2"                   daemon [_thread_in_native, id=19832, stack(0x000000203bf00000,0x000000203c000000) (1024K)]
  0x0000017ce1d4b690 JavaThread "Thread-3"                   daemon [_thread_in_native, id=17912, stack(0x000000203c000000,0x000000203c100000) (1024K)]
  0x0000017ce1d4a2e0 JavaThread "Thread-4"                   daemon [_thread_in_native, id=3652, stack(0x000000203c100000,0x000000203c200000) (1024K)]
  0x0000017ce1d4a970 JavaThread "Thread-5"                   daemon [_thread_in_native, id=14804, stack(0x000000203c200000,0x000000203c300000) (1024K)]
  0x0000017ce1d4b000 JavaThread "Thread-6"                   daemon [_thread_in_native, id=11892, stack(0x000000203c300000,0x000000203c400000) (1024K)]
  0x0000017ce1d488a0 JavaThread "Thread-7"                   daemon [_thread_in_native, id=12760, stack(0x000000203c400000,0x000000203c500000) (1024K)]
  0x0000017ce1d4c3b0 JavaThread "Thread-8"                   daemon [_thread_in_native, id=3512, stack(0x000000203c500000,0x000000203c600000) (1024K)]
  0x0000017ce1d48f30 JavaThread "Thread-9"                   daemon [_thread_in_native, id=20508, stack(0x000000203c600000,0x000000203c700000) (1024K)]
  0x0000017ce1d4ca40 JavaThread "Thread-10"                  daemon [_thread_in_native, id=22844, stack(0x000000203c700000,0x000000203c800000) (1024K)]
  0x0000017ce1d4fec0 JavaThread "Thread-11"                  daemon [_thread_in_native, id=9488, stack(0x000000203c800000,0x000000203c900000) (1024K)]
  0x0000017ce1d4d0d0 JavaThread "Thread-12"                  daemon [_thread_in_native, id=20184, stack(0x000000203c900000,0x000000203ca00000) (1024K)]
  0x0000017ce1d4eb10 JavaThread "Thread-13"                  daemon [_thread_in_native, id=23536, stack(0x000000203ca00000,0x000000203cb00000) (1024K)]
  0x0000017ce1d4ddf0 JavaThread "Worker-5: Validate documents"        [_thread_blocked, id=21268, stack(0x000000203cb00000,0x000000203cc00000) (1024K)]
  0x0000017ce1d4e480 JavaThread "pool-2-thread-1"                   [_thread_blocked, id=7172, stack(0x000000203cc00000,0x000000203cd00000) (1024K)]
  0x0000017ce1d4f1a0 JavaThread "Timer-0"                           [_thread_blocked, id=20448, stack(0x000000203cd00000,0x000000203ce00000) (1024K)]
  0x0000017ce1d4d760 JavaThread "Timer-1"                           [_thread_blocked, id=22644, stack(0x000000203ce00000,0x000000203cf00000) (1024K)]
  0x0000017ce1d4f830 JavaThread "WorkspaceEventsHandler"            [_thread_blocked, id=20312, stack(0x000000203cf00000,0x000000203d000000) (1024K)]
  0x0000017cdf464930 JavaThread "pool-1-thread-1"                   [_thread_blocked, id=6132, stack(0x000000203d000000,0x000000203d100000) (1024K)]
  0x0000017cdf462ef0 JavaThread "LocalFile Deleter"          daemon [_thread_blocked, id=4576, stack(0x000000203d200000,0x000000203d300000) (1024K)]
  0x0000017cdf4621d0 JavaThread "LocalFile Deleter"          daemon [_thread_blocked, id=14688, stack(0x000000203d300000,0x000000203d400000) (1024K)]
  0x0000017cdf463580 JavaThread "LocalFile Deleter"          daemon [_thread_blocked, id=19980, stack(0x000000203d400000,0x000000203d500000) (1024K)]
  0x0000017cdf4614b0 JavaThread "LocalFile Deleter"          daemon [_thread_blocked, id=3140, stack(0x000000203d500000,0x000000203d600000) (1024K)]
  0x0000017cdf465650 JavaThread "LocalFile Deleter"          daemon [_thread_blocked, id=21940, stack(0x000000203d600000,0x000000203d700000) (1024K)]
  0x0000017cdf465ce0 JavaThread "LocalFile Deleter"          daemon [_thread_blocked, id=18004, stack(0x000000203d700000,0x000000203d800000) (1024K)]
  0x0000017cdf466a00 JavaThread "LocalFile Deleter"          daemon [_thread_blocked, id=14232, stack(0x000000203d800000,0x000000203d900000) (1024K)]
  0x0000017cdf467090 JavaThread "LocalFile Deleter"          daemon [_thread_blocked, id=4396, stack(0x000000203d900000,0x000000203da00000) (1024K)]
  0x0000017cdf466370 JavaThread "LocalFile Deleter"          daemon [_thread_blocked, id=14696, stack(0x000000203da00000,0x000000203db00000) (1024K)]
  0x0000017cdf4642a0 JavaThread "LocalFile Deleter"          daemon [_thread_blocked, id=2952, stack(0x000000203db00000,0x000000203dc00000) (1024K)]
  0x0000017cdf467db0 JavaThread "LocalFile Deleter"          daemon [_thread_blocked, id=22920, stack(0x000000203dc00000,0x000000203dd00000) (1024K)]
  0x0000017cdf467720 JavaThread "LocalFile Deleter"          daemon [_thread_blocked, id=10904, stack(0x000000203dd00000,0x000000203de00000) (1024K)]
  0x0000017cdf468440 JavaThread "Compiler Source File Reader" daemon [_thread_blocked, id=17160, stack(0x000000203de00000,0x000000203df00000) (1024K)]
  0x0000017cdf464fc0 JavaThread "Compiler Source File Reader" daemon [_thread_blocked, id=10244, stack(0x000000203df00000,0x000000203e000000) (1024K)]
  0x0000017cdf468ad0 JavaThread "Compiler Source File Reader" daemon [_thread_blocked, id=23460, stack(0x000000203e000000,0x000000203e100000) (1024K)]
  0x0000017ce7060550 JavaThread "Compiler Source File Reader" daemon [_thread_blocked, id=16804, stack(0x000000203e100000,0x000000203e200000) (1024K)]
  0x0000017ce705e480 JavaThread "Compiler Source File Reader" daemon [_thread_blocked, id=4256, stack(0x000000203e200000,0x000000203e300000) (1024K)]
  0x0000017ce7060be0 JavaThread "Compiler Source File Reader" daemon [_thread_blocked, id=14316, stack(0x000000203e300000,0x000000203e400000) (1024K)]
  0x0000017ce705d760 JavaThread "Compiler Source File Reader" daemon [_thread_blocked, id=13524, stack(0x000000203e400000,0x000000203e500000) (1024K)]
  0x0000017ce705ddf0 JavaThread "Compiler Source File Reader" daemon [_thread_blocked, id=22364, stack(0x000000203e500000,0x000000203e600000) (1024K)]
  0x0000017ce7061270 JavaThread "Compiler Source File Reader" daemon [_thread_blocked, id=19692, stack(0x000000203e600000,0x000000203e700000) (1024K)]
  0x0000017ce7061900 JavaThread "Compiler Source File Reader" daemon [_thread_blocked, id=5936, stack(0x000000203e700000,0x000000203e800000) (1024K)]
  0x0000017ce705f1a0 JavaThread "Compiler Processing Task"   daemon [_thread_blocked, id=4116, stack(0x000000203d100000,0x000000203d200000) (1024K)]
  0x0000017ce7061f90 JavaThread "Timer-2"                           [_thread_blocked, id=14008, stack(0x000000203e800000,0x000000203e900000) (1024K)]
  0x0000017ce70646f0 JavaThread "Timer-3"                           [_thread_blocked, id=16072, stack(0x000000203ea00000,0x000000203eb00000) (1024K)]
  0x0000017ce7062cb0 JavaThread "Timer-4"                           [_thread_blocked, id=18996, stack(0x000000203eb00000,0x000000203ec00000) (1024K)]
  0x0000017ce7063340 JavaThread "Timer-5"                           [_thread_blocked, id=16016, stack(0x000000203ec00000,0x000000203ed00000) (1024K)]
  0x0000017ce70639d0 JavaThread "Timer-6"                           [_thread_blocked, id=11620, stack(0x000000203ed00000,0x000000203ee00000) (1024K)]
  0x0000017ce7064d80 JavaThread "Timer-7"                           [_thread_blocked, id=14664, stack(0x000000203ee00000,0x000000203ef00000) (1024K)]
=>0x0000017cd94bd490 JavaThread "C2 CompilerThread1"         daemon [_thread_in_native, id=22968, stack(0x000000203a100000,0x000000203a200000) (1024K)]
  0x0000017ce70ee7c0 JavaThread "Timer-8"                           [_thread_blocked, id=5888, stack(0x000000203a400000,0x000000203a500000) (1024K)]
  0x0000017ce70edaa0 JavaThread "Timer-9"                           [_thread_blocked, id=3316, stack(0x000000203ef00000,0x000000203f000000) (1024K)]
  0x0000017ce6d114a0 JavaThread "C2 CompilerThread2"         daemon [_thread_in_native, id=13948, stack(0x000000203f000000,0x000000203f100000) (1024K)]
  0x0000017ce70eb9d0 JavaThread "Timer-10"                          [_thread_blocked, id=6028, stack(0x000000203e900000,0x000000203ea00000) (1024K)]
  0x0000017ce70ec060 JavaThread "Timer-11"                          [_thread_blocked, id=19568, stack(0x000000203f200000,0x000000203f300000) (1024K)]
  0x0000017ce70efb70 JavaThread "ForkJoinPool.commonPool-worker-1" daemon [_thread_in_native, id=21844, stack(0x000000203f300000,0x000000203f400000) (1024K)]
  0x0000017ce70ee130 JavaThread "ForkJoinPool.commonPool-worker-2" daemon [_thread_blocked, id=20944, stack(0x000000203f400000,0x000000203f500000) (1024K)]
  0x0000017ce70ef4e0 JavaThread "Timer-12"                          [_thread_blocked, id=13608, stack(0x000000203f500000,0x000000203f600000) (1024K)]
  0x0000017ce70ecd80 JavaThread "Compiler Class File Writer" daemon [_thread_blocked, id=5448, stack(0x000000203f600000,0x000000203f700000) (1024K)]
  0x0000017ce70f15b0 JavaThread "Compiler Class File Writer" daemon [_thread_blocked, id=19168, stack(0x000000203f700000,0x000000203f800000) (1024K)]
  0x0000017ce70f0890 JavaThread "Compiler Class File Writer" daemon [_thread_blocked, id=20492, stack(0x000000203f800000,0x000000203f900000) (1024K)]
  0x0000017ce70f1c40 JavaThread "Compiler Class File Writer" daemon [_thread_blocked, id=15936, stack(0x000000203f900000,0x000000203fa00000) (1024K)]
  0x0000017ce70f22d0 JavaThread "Compiler Class File Writer" daemon [_thread_blocked, id=14576, stack(0x000000203fa00000,0x000000203fb00000) (1024K)]
  0x0000017ce70f2960 JavaThread "Compiler Class File Writer" daemon [_thread_blocked, id=2336, stack(0x000000203fb00000,0x000000203fc00000) (1024K)]
  0x0000017ce70f2ff0 JavaThread "Compiler Class File Writer" daemon [_thread_blocked, id=7764, stack(0x000000203fc00000,0x000000203fd00000) (1024K)]
  0x0000017ce705eb10 JavaThread "Compiler Class File Writer" daemon [_thread_blocked, id=19172, stack(0x000000203fd00000,0x000000203fe00000) (1024K)]
  0x0000017ce7045b40 JavaThread "Compiler Class File Writer" daemon [_thread_blocked, id=18536, stack(0x000000203fe00000,0x000000203ff00000) (1024K)]
  0x0000017ce7046860 JavaThread "Compiler Class File Writer" daemon [_thread_blocked, id=8740, stack(0x000000203ff00000,0x0000002040000000) (1024K)]
Total: 92

Other Threads:
  0x0000017c96de2d00 VMThread "VM Thread"                           [id=14260, stack(0x0000002039800000,0x0000002039900000) (1024K)]
  0x0000017c96cdca10 WatcherThread "VM Periodic Task Thread"        [id=20488, stack(0x0000002039700000,0x0000002039800000) (1024K)]
  0x0000017cffcd0fb0 WorkerThread "GC Thread#0"                     [id=20840, stack(0x0000002039600000,0x0000002039700000) (1024K)]
  0x0000017cda4ac480 WorkerThread "GC Thread#1"                     [id=8504, stack(0x000000203a500000,0x000000203a600000) (1024K)]
  0x0000017cdaa8dfc0 WorkerThread "GC Thread#2"                     [id=984, stack(0x000000203a600000,0x000000203a700000) (1024K)]
  0x0000017cdaa8e370 WorkerThread "GC Thread#3"                     [id=10856, stack(0x000000203a700000,0x000000203a800000) (1024K)]
  0x0000017cdaa8e720 WorkerThread "GC Thread#4"                     [id=11560, stack(0x000000203a800000,0x000000203a900000) (1024K)]
  0x0000017cd96bba90 WorkerThread "GC Thread#5"                     [id=23520, stack(0x000000203a900000,0x000000203aa00000) (1024K)]
  0x0000017cd96bbe40 WorkerThread "GC Thread#6"                     [id=18408, stack(0x000000203aa00000,0x000000203ab00000) (1024K)]
  0x0000017cda65dfe0 WorkerThread "GC Thread#7"                     [id=5172, stack(0x000000203ad00000,0x000000203ae00000) (1024K)]
  0x0000017cdf3029a0 WorkerThread "GC Thread#8"                     [id=22468, stack(0x000000203b000000,0x000000203b100000) (1024K)]
  0x0000017cdf302d50 WorkerThread "GC Thread#9"                     [id=22860, stack(0x000000203b100000,0x000000203b200000) (1024K)]
Total: 12

Threads with active compile tasks:
C2 CompilerThread0  18800 11146       4       java.util.WeakHashMap::get (75 bytes)
C1 CompilerThread0  18800 11209   !   2       org.eclipse.jdt.internal.core.JavaProject$ModuleLookup::getModule (102 bytes)
C2 CompilerThread1  18801 10838       4       java.lang.reflect.Field::set (43 bytes)
C2 CompilerThread2  18802 10916 % !   4       org.eclipse.jdt.internal.compiler.classfmt.ClassFileReader::<init> @ 81 (1968 bytes)
Total: 4

VM state: not at safepoint (normal execution)

VM Mutex/Monitor currently owned by a thread: None

Heap address: 0x0000000080000000, size: 2048 MB, Compressed Oops mode: 32-bit

CDS archive(s) mapped at: [0x0000017c97000000-0x0000017c97ba0000-0x0000017c97ba0000), size 12189696, SharedBaseAddress: 0x0000017c97000000, ArchiveRelocationMode: 1.
Compressed class space mapped at: 0x0000017c98000000-0x0000017cd8000000, reserved size: 1073741824
Narrow klass base: 0x0000017c97000000, Narrow klass shift: 0, Narrow klass range: 0x100000000

GC Precious Log:
 CardTable entry size: 512
 CPUs: 12 total, 12 available
 Memory: 7835M
 Large Page Support: Disabled
 NUMA Support: Disabled
 Compressed Oops: Enabled (32-bit)
 Alignments: Space 512K, Generation 512K, Heap 2M
 Heap Min Capacity: 100M
 Heap Initial Capacity: 100M
 Heap Max Capacity: 2G
 Pre-touch: Disabled
 Parallel Workers: 10

Heap:
 PSYoungGen      total 11776K, used 10457K [0x00000000d5580000, 0x00000000d6200000, 0x0000000100000000)
  eden space 10752K, 91% used [0x00000000d5580000,0x00000000d5f16568,0x00000000d6000000)
  from space 1024K, 62% used [0x00000000d6100000,0x00000000d61a0020,0x00000000d6200000)
  to   space 1024K, 0% used [0x00000000d6000000,0x00000000d6000000,0x00000000d6100000)
 ParOldGen       total 155136K, used 155048K [0x0000000080000000, 0x0000000089780000, 0x00000000d5580000)
  object space 155136K, 99% used [0x0000000080000000,0x000000008976a1c8,0x0000000089780000)
 Metaspace       used 80148K, committed 81920K, reserved 1179648K
  class space    used 9772K, committed 10560K, reserved 1048576K

Card table byte_map: [0x0000017c92140000,0x0000017c92550000] _byte_map_base: 0x0000017c91d40000

Marking Bits: (ParMarkBitMap*) 0x00007ffea5dd3450
 Begin Bits: [0x0000017c92800000, 0x0000017c94800000)
 End Bits:   [0x0000017c94800000, 0x0000017c96800000)

Polling page: 0x0000017cfe490000

Metaspace:

Usage:
  Non-class:     68.73 MB used.
      Class:      9.54 MB used.
       Both:     78.27 MB used.

Virtual space:
  Non-class space:      128.00 MB reserved,      69.69 MB ( 54%) committed,  2 nodes.
      Class space:        1.00 GB reserved,      10.31 MB (  1%) committed,  1 nodes.
             Both:        1.12 GB reserved,      80.00 MB (  7%) committed. 

Chunk freelists:
   Non-Class:  9.52 MB
       Class:  5.72 MB
        Both:  15.23 MB

MaxMetaspaceSize: unlimited
CompressedClassSpaceSize: 1.00 GB
Initial GC threshold: 21.00 MB
Current GC threshold: 97.31 MB
CDS: on
 - commit_granule_bytes: 65536.
 - commit_granule_words: 8192.
 - virtual_space_node_default_size: 8388608.
 - enlarge_chunks_in_place: 1.
 - use_allocation_guard: 0.


Internal statistics:

num_allocs_failed_limit: 9.
num_arena_births: 1680.
num_arena_deaths: 14.
num_vsnodes_births: 3.
num_vsnodes_deaths: 0.
num_space_committed: 1280.
num_space_uncommitted: 0.
num_chunks_returned_to_freelist: 23.
num_chunks_taken_from_freelist: 5744.
num_chunk_merges: 15.
num_chunk_splits: 3388.
num_chunks_enlarged: 1702.
num_inconsistent_stats: 0.

CodeHeap 'non-profiled nmethods': size=120000Kb used=6981Kb max_used=6981Kb free=113018Kb
 bounds [0x0000017c8ac10000, 0x0000017c8b2f0000, 0x0000017c92140000]
CodeHeap 'profiled nmethods': size=120000Kb used=21933Kb max_used=21933Kb free=98066Kb
 bounds [0x0000017c83140000, 0x0000017c846b0000, 0x0000017c8a670000]
CodeHeap 'non-nmethods': size=5760Kb used=1451Kb max_used=1534Kb free=4308Kb
 bounds [0x0000017c8a670000, 0x0000017c8a8e0000, 0x0000017c8ac10000]
CodeCache: size=245760Kb, used=30365Kb, max_used=30448Kb, free=215392Kb
 total_blobs=11136, nmethods=10370, adapters=671, full_count=0
Compilation: enabled, stopped_count=0, restarted_count=0

Compilation events (20 events):
Event: 17.709 Thread 0x0000017cd93761b0 nmethod 11131 0x0000017c84687c10 code [0x0000017c84687e00, 0x0000017c84688140]
Event: 17.709 Thread 0x0000017cd93761b0 11128       2       org.codehaus.plexus.interpolation.reflection.ClassMap::makeMethodKey (239 bytes)
Event: 17.711 Thread 0x0000017cd93761b0 nmethod 11128 0x0000017c84688390 code [0x0000017c84688620, 0x0000017c84688ce8]
Event: 17.711 Thread 0x0000017cd93761b0 11126   !   2       org.apache.maven.model.Plugin::clone (204 bytes)
Event: 17.713 Thread 0x0000017cd93761b0 nmethod 11126 0x0000017c84689090 code [0x0000017c846893a0, 0x0000017c84689e48]
Event: 17.713 Thread 0x0000017cd93761b0 11130       2       org.eclipse.jdt.internal.core.search.matching.JavaSearchNameEnvironment::addPackageNameToIndex (45 bytes)
Event: 17.713 Thread 0x0000017cd9372210 nmethod 10898 0x0000017c8b2d8110 code [0x0000017c8b2d8720, 0x0000017c8b2dbf60]
Event: 17.714 Thread 0x0000017cd93761b0 nmethod 11130 0x0000017c8468a710 code [0x0000017c8468a920, 0x0000017c8468abd8]
Event: 17.714 Thread 0x0000017cd93761b0 11132       2       org.eclipse.jdt.internal.core.builder.ClasspathJar::hashCode (22 bytes)
Event: 17.715 Thread 0x0000017cd93761b0 nmethod 11132 0x0000017c8468ad90 code [0x0000017c8468af40, 0x0000017c8468b0c8]
Event: 17.715 Thread 0x0000017cd93761b0 11127       2       org.apache.maven.model.ConfigurationContainer::<init> (10 bytes)
Event: 17.716 Thread 0x0000017cd93761b0 nmethod 11127 0x0000017c8468b190 code [0x0000017c8468b320, 0x0000017c8468b428]
Event: 17.716 Thread 0x0000017cd93761b0 11133       2       org.eclipse.jdt.internal.core.builder.ClasspathLocation::<init> (15 bytes)
Event: 17.716 Thread 0x0000017cd93761b0 nmethod 11133 0x0000017c8468b510 code [0x0000017c8468b6a0, 0x0000017c8468b7d0]
Event: 17.716 Thread 0x0000017cd93761b0 11129   !   2       sun.nio.fs.WindowsPath::toAbsolutePath (56 bytes)
Event: 17.716 Thread 0x0000017cd9372210 11084       4       org.eclipse.jdt.internal.core.util.WeakHashSet::addValue (99 bytes)
Event: 17.717 Thread 0x0000017cd93761b0 nmethod 11129 0x0000017c8468b890 code [0x0000017c8468ba80, 0x0000017c8468be10]
Event: 17.717 Thread 0x0000017cd93761b0 11134       1       org.eclipse.aether.artifact.DefaultArtifact::getVersion (5 bytes)
Event: 17.717 Thread 0x0000017cd93761b0 nmethod 11134 0x0000017c8b2de290 code [0x0000017c8b2de420, 0x0000017c8b2de4e8]
Event: 17.717 Thread 0x0000017cd93761b0 11123       2       org.eclipse.jdt.internal.core.ClasspathEntry::fullInclusionPatternChars (81 bytes)

GC Heap History (20 events):
Event: 17.338 GC heap after
{Heap after GC invocations=147 (full 3):
 PSYoungGen      total 8704K, used 3040K [0x00000000d5580000, 0x00000000d6280000, 0x0000000100000000)
  eden space 5120K, 0% used [0x00000000d5580000,0x00000000d5580000,0x00000000d5a80000)
  from space 3584K, 84% used [0x00000000d5e00000,0x00000000d60f8000,0x00000000d6180000)
  to   space 3584K, 0% used [0x00000000d5a80000,0x00000000d5a80000,0x00000000d5e00000)
 ParOldGen       total 141824K, used 141770K [0x0000000080000000, 0x0000000088a80000, 0x00000000d5580000)
  object space 141824K, 99% used [0x0000000080000000,0x0000000088a729c8,0x0000000088a80000)
 Metaspace       used 79564K, committed 81344K, reserved 1179648K
  class space    used 9719K, committed 10496K, reserved 1048576K
}
Event: 17.346 GC heap before
{Heap before GC invocations=148 (full 3):
 PSYoungGen      total 8704K, used 8160K [0x00000000d5580000, 0x00000000d6280000, 0x0000000100000000)
  eden space 5120K, 100% used [0x00000000d5580000,0x00000000d5a80000,0x00000000d5a80000)
  from space 3584K, 84% used [0x00000000d5e00000,0x00000000d60f8000,0x00000000d6180000)
  to   space 3584K, 0% used [0x00000000d5a80000,0x00000000d5a80000,0x00000000d5e00000)
 ParOldGen       total 141824K, used 141770K [0x0000000080000000, 0x0000000088a80000, 0x00000000d5580000)
  object space 141824K, 99% used [0x0000000080000000,0x0000000088a729c8,0x0000000088a80000)
 Metaspace       used 79586K, committed 81344K, reserved 1179648K
  class space    used 9721K, committed 10496K, reserved 1048576K
}
Event: 17.350 GC heap after
{Heap after GC invocations=148 (full 3):
 PSYoungGen      total 8704K, used 1856K [0x00000000d5580000, 0x00000000d6080000, 0x0000000100000000)
  eden space 5120K, 0% used [0x00000000d5580000,0x00000000d5580000,0x00000000d5a80000)
  from space 3584K, 51% used [0x00000000d5a80000,0x00000000d5c50020,0x00000000d5e00000)
  to   space 2560K, 0% used [0x00000000d5e00000,0x00000000d5e00000,0x00000000d6080000)
 ParOldGen       total 144896K, used 144690K [0x0000000080000000, 0x0000000088d80000, 0x00000000d5580000)
  object space 144896K, 99% used [0x0000000080000000,0x0000000088d4c9c8,0x0000000088d80000)
 Metaspace       used 79586K, committed 81344K, reserved 1179648K
  class space    used 9721K, committed 10496K, reserved 1048576K
}
Event: 17.361 GC heap before
{Heap before GC invocations=149 (full 3):
 PSYoungGen      total 8704K, used 6841K [0x00000000d5580000, 0x00000000d6080000, 0x0000000100000000)
  eden space 5120K, 97% used [0x00000000d5580000,0x00000000d5a5e7a0,0x00000000d5a80000)
  from space 3584K, 51% used [0x00000000d5a80000,0x00000000d5c50020,0x00000000d5e00000)
  to   space 2560K, 0% used [0x00000000d5e00000,0x00000000d5e00000,0x00000000d6080000)
 ParOldGen       total 144896K, used 144690K [0x0000000080000000, 0x0000000088d80000, 0x00000000d5580000)
  object space 144896K, 99% used [0x0000000080000000,0x0000000088d4c9c8,0x0000000088d80000)
 Metaspace       used 79597K, committed 81408K, reserved 1179648K
  class space    used 9721K, committed 10496K, reserved 1048576K
}
Event: 17.366 GC heap after
{Heap after GC invocations=149 (full 3):
 PSYoungGen      total 7680K, used 1336K [0x00000000d5580000, 0x00000000d5f80000, 0x0000000100000000)
  eden space 6144K, 0% used [0x00000000d5580000,0x00000000d5580000,0x00000000d5b80000)
  from space 1536K, 86% used [0x00000000d5e00000,0x00000000d5f4e000,0x00000000d5f80000)
  to   space 2048K, 0% used [0x00000000d5b80000,0x00000000d5b80000,0x00000000d5d80000)
 ParOldGen       total 146432K, used 146338K [0x0000000080000000, 0x0000000088f00000, 0x00000000d5580000)
  object space 146432K, 99% used [0x0000000080000000,0x0000000088ee89c8,0x0000000088f00000)
 Metaspace       used 79597K, committed 81408K, reserved 1179648K
  class space    used 9721K, committed 10496K, reserved 1048576K
}
Event: 17.379 GC heap before
{Heap before GC invocations=150 (full 3):
 PSYoungGen      total 7680K, used 7480K [0x00000000d5580000, 0x00000000d5f80000, 0x0000000100000000)
  eden space 6144K, 100% used [0x00000000d5580000,0x00000000d5b80000,0x00000000d5b80000)
  from space 1536K, 86% used [0x00000000d5e00000,0x00000000d5f4e000,0x00000000d5f80000)
  to   space 2048K, 0% used [0x00000000d5b80000,0x00000000d5b80000,0x00000000d5d80000)
 ParOldGen       total 146432K, used 146338K [0x0000000080000000, 0x0000000088f00000, 0x00000000d5580000)
  object space 146432K, 99% used [0x0000000080000000,0x0000000088ee89c8,0x0000000088f00000)
 Metaspace       used 79621K, committed 81408K, reserved 1179648K
  class space    used 9725K, committed 10496K, reserved 1048576K
}
Event: 17.383 GC heap after
{Heap after GC invocations=150 (full 3):
 PSYoungGen      total 8192K, used 2018K [0x00000000d5580000, 0x00000000d6500000, 0x0000000100000000)
  eden space 6144K, 0% used [0x00000000d5580000,0x00000000d5580000,0x00000000d5b80000)
  from space 2048K, 98% used [0x00000000d5b80000,0x00000000d5d78910,0x00000000d5d80000)
  to   space 4096K, 0% used [0x00000000d6100000,0x00000000d6100000,0x00000000d6500000)
 ParOldGen       total 147968K, used 147646K [0x0000000080000000, 0x0000000089080000, 0x00000000d5580000)
  object space 147968K, 99% used [0x0000000080000000,0x000000008902f9d8,0x0000000089080000)
 Metaspace       used 79621K, committed 81408K, reserved 1179648K
  class space    used 9725K, committed 10496K, reserved 1048576K
}
Event: 17.397 GC heap before
{Heap before GC invocations=151 (full 3):
 PSYoungGen      total 8192K, used 8162K [0x00000000d5580000, 0x00000000d6500000, 0x0000000100000000)
  eden space 6144K, 100% used [0x00000000d5580000,0x00000000d5b80000,0x00000000d5b80000)
  from space 2048K, 98% used [0x00000000d5b80000,0x00000000d5d78910,0x00000000d5d80000)
  to   space 4096K, 0% used [0x00000000d6100000,0x00000000d6100000,0x00000000d6500000)
 ParOldGen       total 147968K, used 147646K [0x0000000080000000, 0x0000000089080000, 0x00000000d5580000)
  object space 147968K, 99% used [0x0000000080000000,0x000000008902f9d8,0x0000000089080000)
 Metaspace       used 79641K, committed 81408K, reserved 1179648K
  class space    used 9729K, committed 10496K, reserved 1048576K
}
Event: 17.402 GC heap after
{Heap after GC invocations=151 (full 3):
 PSYoungGen      total 8704K, used 608K [0x00000000d5580000, 0x00000000d6200000, 0x0000000100000000)
  eden space 7680K, 0% used [0x00000000d5580000,0x00000000d5580000,0x00000000d5d00000)
  from space 1024K, 59% used [0x00000000d6100000,0x00000000d6198000,0x00000000d6200000)
  to   space 2048K, 0% used [0x00000000d5e00000,0x00000000d5e00000,0x00000000d6000000)
 ParOldGen       total 150528K, used 149958K [0x0000000080000000, 0x0000000089300000, 0x00000000d5580000)
  object space 150528K, 99% used [0x0000000080000000,0x0000000089271838,0x0000000089300000)
 Metaspace       used 79641K, committed 81408K, reserved 1179648K
  class space    used 9729K, committed 10496K, reserved 1048576K
}
Event: 17.430 GC heap before
{Heap before GC invocations=152 (full 3):
 PSYoungGen      total 8704K, used 8288K [0x00000000d5580000, 0x00000000d6200000, 0x0000000100000000)
  eden space 7680K, 100% used [0x00000000d5580000,0x00000000d5d00000,0x00000000d5d00000)
  from space 1024K, 59% used [0x00000000d6100000,0x00000000d6198000,0x00000000d6200000)
  to   space 2048K, 0% used [0x00000000d5e00000,0x00000000d5e00000,0x00000000d6000000)
 ParOldGen       total 150528K, used 149958K [0x0000000080000000, 0x0000000089300000, 0x00000000d5580000)
  object space 150528K, 99% used [0x0000000080000000,0x0000000089271838,0x0000000089300000)
 Metaspace       used 79680K, committed 81472K, reserved 1179648K
  class space    used 9735K, committed 10496K, reserved 1048576K
}
Event: 17.431 GC heap after
{Heap after GC invocations=152 (full 3):
 PSYoungGen      total 9728K, used 512K [0x00000000d5580000, 0x00000000d6180000, 0x0000000100000000)
  eden space 7680K, 0% used [0x00000000d5580000,0x00000000d5580000,0x00000000d5d00000)
  from space 2048K, 25% used [0x00000000d5e00000,0x00000000d5e80000,0x00000000d6000000)
  to   space 1024K, 0% used [0x00000000d6080000,0x00000000d6080000,0x00000000d6180000)
 ParOldGen       total 150528K, used 150450K [0x0000000080000000, 0x0000000089300000, 0x00000000d5580000)
  object space 150528K, 99% used [0x0000000080000000,0x00000000892ec848,0x0000000089300000)
 Metaspace       used 79680K, committed 81472K, reserved 1179648K
  class space    used 9735K, committed 10496K, reserved 1048576K
}
Event: 17.499 GC heap before
{Heap before GC invocations=153 (full 3):
 PSYoungGen      total 9728K, used 8192K [0x00000000d5580000, 0x00000000d6180000, 0x0000000100000000)
  eden space 7680K, 100% used [0x00000000d5580000,0x00000000d5d00000,0x00000000d5d00000)
  from space 2048K, 25% used [0x00000000d5e00000,0x00000000d5e80000,0x00000000d6000000)
  to   space 1024K, 0% used [0x00000000d6080000,0x00000000d6080000,0x00000000d6180000)
 ParOldGen       total 150528K, used 150450K [0x0000000080000000, 0x0000000089300000, 0x00000000d5580000)
  object space 150528K, 99% used [0x0000000080000000,0x00000000892ec848,0x0000000089300000)
 Metaspace       used 79784K, committed 81536K, reserved 1179648K
  class space    used 9743K, committed 10496K, reserved 1048576K
}
Event: 17.502 GC heap after
{Heap after GC invocations=153 (full 3):
 PSYoungGen      total 8704K, used 596K [0x00000000d5580000, 0x00000000d6180000, 0x0000000100000000)
  eden space 7680K, 0% used [0x00000000d5580000,0x00000000d5580000,0x00000000d5d00000)
  from space 1024K, 58% used [0x00000000d6080000,0x00000000d61150b0,0x00000000d6180000)
  to   space 1024K, 0% used [0x00000000d5f80000,0x00000000d5f80000,0x00000000d6080000)
 ParOldGen       total 151040K, used 150782K [0x0000000080000000, 0x0000000089380000, 0x00000000d5580000)
  object space 151040K, 99% used [0x0000000080000000,0x000000008933f960,0x0000000089380000)
 Metaspace       used 79784K, committed 81536K, reserved 1179648K
  class space    used 9743K, committed 10496K, reserved 1048576K
}
Event: 17.574 GC heap before
{Heap before GC invocations=154 (full 3):
 PSYoungGen      total 8704K, used 8276K [0x00000000d5580000, 0x00000000d6180000, 0x0000000100000000)
  eden space 7680K, 100% used [0x00000000d5580000,0x00000000d5d00000,0x00000000d5d00000)
  from space 1024K, 58% used [0x00000000d6080000,0x00000000d61150b0,0x00000000d6180000)
  to   space 1024K, 0% used [0x00000000d5f80000,0x00000000d5f80000,0x00000000d6080000)
 ParOldGen       total 151040K, used 150782K [0x0000000080000000, 0x0000000089380000, 0x00000000d5580000)
  object space 151040K, 99% used [0x0000000080000000,0x000000008933f960,0x0000000089380000)
 Metaspace       used 79908K, committed 81664K, reserved 1179648K
  class space    used 9753K, committed 10496K, reserved 1048576K
}
Event: 17.576 GC heap after
{Heap after GC invocations=154 (full 3):
 PSYoungGen      total 8704K, used 546K [0x00000000d5580000, 0x00000000d6100000, 0x0000000100000000)
  eden space 7680K, 0% used [0x00000000d5580000,0x00000000d5580000,0x00000000d5d00000)
  from space 1024K, 53% used [0x00000000d5f80000,0x00000000d6008ae8,0x00000000d6080000)
  to   space 512K, 0% used [0x00000000d6080000,0x00000000d6080000,0x00000000d6100000)
 ParOldGen       total 151552K, used 151176K [0x0000000080000000, 0x0000000089400000, 0x00000000d5580000)
  object space 151552K, 99% used [0x0000000080000000,0x00000000893a2148,0x0000000089400000)
 Metaspace       used 79908K, committed 81664K, reserved 1179648K
  class space    used 9753K, committed 10496K, reserved 1048576K
}
Event: 17.633 GC heap before
{Heap before GC invocations=155 (full 3):
 PSYoungGen      total 8704K, used 8226K [0x00000000d5580000, 0x00000000d6100000, 0x0000000100000000)
  eden space 7680K, 100% used [0x00000000d5580000,0x00000000d5d00000,0x00000000d5d00000)
  from space 1024K, 53% used [0x00000000d5f80000,0x00000000d6008ae8,0x00000000d6080000)
  to   space 512K, 0% used [0x00000000d6080000,0x00000000d6080000,0x00000000d6100000)
 ParOldGen       total 151552K, used 151176K [0x0000000080000000, 0x0000000089400000, 0x00000000d5580000)
  object space 151552K, 99% used [0x0000000080000000,0x00000000893a2148,0x0000000089400000)
 Metaspace       used 79958K, committed 81728K, reserved 1179648K
  class space    used 9759K, committed 10496K, reserved 1048576K
}
Event: 17.637 GC heap after
{Heap after GC invocations=155 (full 3):
 PSYoungGen      total 8192K, used 480K [0x00000000d5580000, 0x00000000d6100000, 0x0000000100000000)
  eden space 7680K, 0% used [0x00000000d5580000,0x00000000d5580000,0x00000000d5d00000)
  from space 512K, 93% used [0x00000000d6080000,0x00000000d60f8150,0x00000000d6100000)
  to   space 1536K, 0% used [0x00000000d5e00000,0x00000000d5e00000,0x00000000d5f80000)
 ParOldGen       total 152064K, used 151726K [0x0000000080000000, 0x0000000089480000, 0x00000000d5580000)
  object space 152064K, 99% used [0x0000000080000000,0x000000008942bb38,0x0000000089480000)
 Metaspace       used 79958K, committed 81728K, reserved 1179648K
  class space    used 9759K, committed 10496K, reserved 1048576K
}
Event: 17.693 GC heap before
{Heap before GC invocations=156 (full 3):
 PSYoungGen      total 8192K, used 8160K [0x00000000d5580000, 0x00000000d6100000, 0x0000000100000000)
  eden space 7680K, 100% used [0x00000000d5580000,0x00000000d5d00000,0x00000000d5d00000)
  from space 512K, 93% used [0x00000000d6080000,0x00000000d60f8150,0x00000000d6100000)
  to   space 1536K, 0% used [0x00000000d5e00000,0x00000000d5e00000,0x00000000d5f80000)
 ParOldGen       total 152064K, used 151726K [0x0000000080000000, 0x0000000089480000, 0x00000000d5580000)
  object space 152064K, 99% used [0x0000000080000000,0x000000008942bb38,0x0000000089480000)
 Metaspace       used 80045K, committed 81856K, reserved 1179648K
  class space    used 9762K, committed 10560K, reserved 1048576K
}
Event: 17.697 GC heap after
{Heap after GC invocations=156 (full 3):
 PSYoungGen      total 9216K, used 1520K [0x00000000d5580000, 0x00000000d6200000, 0x0000000100000000)
  eden space 7680K, 0% used [0x00000000d5580000,0x00000000d5580000,0x00000000d5d00000)
  from space 1536K, 98% used [0x00000000d5e00000,0x00000000d5f7c000,0x00000000d5f80000)
  to   space 2560K, 0% used [0x00000000d5f80000,0x00000000d5f80000,0x00000000d6200000)
 ParOldGen       total 152576K, used 152143K [0x0000000080000000, 0x0000000089500000, 0x00000000d5580000)
  object space 152576K, 99% used [0x0000000080000000,0x0000000089493d00,0x0000000089500000)
 Metaspace       used 80045K, committed 81856K, reserved 1179648K
  class space    used 9762K, committed 10560K, reserved 1048576K
}
Event: 17.718 GC heap before
{Heap before GC invocations=157 (full 3):
 PSYoungGen      total 9216K, used 9200K [0x00000000d5580000, 0x00000000d6200000, 0x0000000100000000)
  eden space 7680K, 100% used [0x00000000d5580000,0x00000000d5d00000,0x00000000d5d00000)
  from space 1536K, 98% used [0x00000000d5e00000,0x00000000d5f7c000,0x00000000d5f80000)
  to   space 2560K, 0% used [0x00000000d5f80000,0x00000000d5f80000,0x00000000d6200000)
 ParOldGen       total 152576K, used 152143K [0x0000000080000000, 0x0000000089500000, 0x00000000d5580000)
  object space 152576K, 99% used [0x0000000080000000,0x0000000089493d00,0x0000000089500000)
 Metaspace       used 80071K, committed 81856K, reserved 1179648K
  class space    used 9765K, committed 10560K, reserved 1048576K
}

Dll operation events (15 events):
Event: 0.010 Loaded shared library c:\Users\HP\.antigravity\extensions\redhat.java-1.54.0-win32-x64\jre\21.0.10-win32-x86_64\bin\java.dll
Event: 0.061 Loaded shared library c:\Users\HP\.antigravity\extensions\redhat.java-1.54.0-win32-x64\jre\21.0.10-win32-x86_64\bin\zip.dll
Event: 0.077 Loaded shared library C:\Users\HP\.antigravity\extensions\redhat.java-1.54.0-win32-x64\jre\21.0.10-win32-x86_64\bin\instrument.dll
Event: 0.082 Loaded shared library C:\Users\HP\.antigravity\extensions\redhat.java-1.54.0-win32-x64\jre\21.0.10-win32-x86_64\bin\net.dll
Event: 0.084 Loaded shared library C:\Users\HP\.antigravity\extensions\redhat.java-1.54.0-win32-x64\jre\21.0.10-win32-x86_64\bin\nio.dll
Event: 0.087 Loaded shared library C:\Users\HP\.antigravity\extensions\redhat.java-1.54.0-win32-x64\jre\21.0.10-win32-x86_64\bin\zip.dll
Event: 0.101 Loaded shared library C:\Users\HP\.antigravity\extensions\redhat.java-1.54.0-win32-x64\jre\21.0.10-win32-x86_64\bin\jimage.dll
Event: 0.157 Loaded shared library c:\Users\HP\.antigravity\extensions\redhat.java-1.54.0-win32-x64\jre\21.0.10-win32-x86_64\bin\verify.dll
Event: 1.115 Loaded shared library C:\Users\HP\AppData\Roaming\Antigravity\User\globalStorage\redhat.java\1.54.0\config_win\org.eclipse.equinox.launcher\org.eclipse.equinox.launcher.win32.win32.x86_64_1.3.0.v20260203-2149\eclipse_11919.dll
Event: 2.273 Loaded shared library C:\Users\HP\AppData\Local\Temp\jna-2312\jna3403975242929661407.dll
Event: 6.441 Loaded shared library C:\Users\HP\.gradle\native\1def1411415f61bf3af743bc5b6707747c0891f09f0c88961ee8f79bc544acac\windows-amd64\native-platform.dll
Event: 9.945 Loaded shared library C:\Users\HP\.antigravity\extensions\redhat.java-1.54.0-win32-x64\jre\21.0.10-win32-x86_64\bin\management.dll
Event: 9.953 Loaded shared library C:\Users\HP\.antigravity\extensions\redhat.java-1.54.0-win32-x64\jre\21.0.10-win32-x86_64\bin\management_ext.dll
Event: 13.199 Loaded shared library C:\Users\HP\.antigravity\extensions\redhat.java-1.54.0-win32-x64\jre\21.0.10-win32-x86_64\bin\extnet.dll
Event: 13.482 Loaded shared library C:\Users\HP\.antigravity\extensions\redhat.java-1.54.0-win32-x64\jre\21.0.10-win32-x86_64\bin\sunmscapi.dll

Deoptimization events (20 events):
Event: 17.647 Thread 0x0000017ce70efb70 DEOPT PACKING pc=0x0000017c8adde3c8 sp=0x000000203f3fd360
Event: 17.647 Thread 0x0000017ce70efb70 DEOPT UNPACKING pc=0x0000017c8a6c3aa2 sp=0x000000203f3fd290 mode 2
Event: 17.647 Thread 0x0000017ce70efb70 Uncommon trap: trap_request=0xffffffde fr.pc=0x0000017c8adde3c8 relative=0x00000000000000a8
Event: 17.647 Thread 0x0000017ce70efb70 Uncommon trap: reason=class_check action=maybe_recompile pc=0x0000017c8adde3c8 method=java.util.regex.Pattern.lambda$negate$7(Ljava/util/regex/Pattern$CharPredicate;I)Z @ 2 c2
Event: 17.647 Thread 0x0000017ce70efb70 DEOPT PACKING pc=0x0000017c8adde3c8 sp=0x000000203f3fd360
Event: 17.647 Thread 0x0000017ce70efb70 DEOPT UNPACKING pc=0x0000017c8a6c3aa2 sp=0x000000203f3fd290 mode 2
Event: 17.648 Thread 0x0000017ce70efb70 Uncommon trap: trap_request=0xffffffde fr.pc=0x0000017c8adde3c8 relative=0x00000000000000a8
Event: 17.648 Thread 0x0000017ce70efb70 Uncommon trap: reason=class_check action=maybe_recompile pc=0x0000017c8adde3c8 method=java.util.regex.Pattern.lambda$negate$7(Ljava/util/regex/Pattern$CharPredicate;I)Z @ 2 c2
Event: 17.648 Thread 0x0000017ce70efb70 DEOPT PACKING pc=0x0000017c8adde3c8 sp=0x000000203f3fd360
Event: 17.648 Thread 0x0000017ce70efb70 DEOPT UNPACKING pc=0x0000017c8a6c3aa2 sp=0x000000203f3fd290 mode 2
Event: 17.657 Thread 0x0000017ce70efb70 DEOPT PACKING pc=0x0000017c833bdc26 sp=0x000000203f3fcdd0
Event: 17.657 Thread 0x0000017ce70efb70 DEOPT UNPACKING pc=0x0000017c8a6c4242 sp=0x000000203f3fc328 mode 0
Event: 17.689 Thread 0x0000017ce70efb70 Uncommon trap: trap_request=0xffffff45 fr.pc=0x0000017c8b002888 relative=0x0000000000000068
Event: 17.689 Thread 0x0000017ce70efb70 Uncommon trap: reason=unstable_if action=reinterpret pc=0x0000017c8b002888 method=java.util.stream.StreamOpFlag.fromCharacteristics(Ljava/util/Spliterator;)I @ 10 c2
Event: 17.689 Thread 0x0000017ce70efb70 DEOPT PACKING pc=0x0000017c8b002888 sp=0x000000203f3fd6a0
Event: 17.689 Thread 0x0000017ce70efb70 DEOPT UNPACKING pc=0x0000017c8a6c3aa2 sp=0x000000203f3fd638 mode 2
Event: 17.715 Thread 0x0000017ce70efb70 Uncommon trap: trap_request=0xffffff45 fr.pc=0x0000017c8b2d2dc4 relative=0x0000000000000cc4
Event: 17.715 Thread 0x0000017ce70efb70 Uncommon trap: reason=unstable_if action=reinterpret pc=0x0000017c8b2d2dc4 method=org.codehaus.plexus.util.xml.pull.MXParser.nextImpl()I @ 884 c2
Event: 17.715 Thread 0x0000017ce70efb70 DEOPT PACKING pc=0x0000017c8b2d2dc4 sp=0x000000203f3fd110
Event: 17.715 Thread 0x0000017ce70efb70 DEOPT UNPACKING pc=0x0000017c8a6c3aa2 sp=0x000000203f3fd088 mode 2

Classes loaded (20 events):
Event: 15.498 Loading class java/util/Hashtable$KeySet
Event: 15.499 Loading class java/util/Hashtable$KeySet done
Event: 15.863 Loading class jdk/internal/module/IllegalAccessLogger
Event: 15.863 Loading class jdk/internal/module/IllegalAccessLogger done
Event: 15.933 Loading class java/util/concurrent/ConcurrentHashMap$KeySpliterator
Event: 15.933 Loading class java/util/concurrent/ConcurrentHashMap$KeySpliterator done
Event: 15.946 Loading class sun/nio/ch/ChannelOutputStream
Event: 15.946 Loading class sun/nio/ch/ChannelOutputStream done
Event: 16.140 Loading class java/util/stream/ReferencePipeline$4
Event: 16.140 Loading class java/util/stream/ReferencePipeline$4 done
Event: 16.141 Loading class java/util/stream/Nodes$IntFixedNodeBuilder
Event: 16.141 Loading class java/util/stream/Node$Builder$OfInt
Event: 16.141 Loading class java/util/stream/Node$Builder$OfInt done
Event: 16.141 Loading class java/util/stream/Nodes$IntArrayNode
Event: 16.142 Loading class java/util/stream/Nodes$IntArrayNode done
Event: 16.142 Loading class java/util/stream/Nodes$IntFixedNodeBuilder done
Event: 16.142 Loading class java/util/stream/ReferencePipeline$4$1
Event: 16.143 Loading class java/util/stream/ReferencePipeline$4$1 done
Event: 16.933 Loading class jdk/internal/module/IllegalAccessLogger
Event: 16.933 Loading class jdk/internal/module/IllegalAccessLogger done

Classes unloaded (7 events):
Event: 2.803 Thread 0x0000017c96de2d00 Unloading class 0x0000017c981a4c00 'java/lang/invoke/LambdaForm$MH+0x0000017c981a4c00'
Event: 2.803 Thread 0x0000017c96de2d00 Unloading class 0x0000017c981a4800 'java/lang/invoke/LambdaForm$MH+0x0000017c981a4800'
Event: 2.803 Thread 0x0000017c96de2d00 Unloading class 0x0000017c981a4400 'java/lang/invoke/LambdaForm$MH+0x0000017c981a4400'
Event: 2.803 Thread 0x0000017c96de2d00 Unloading class 0x0000017c981a4000 'java/lang/invoke/LambdaForm$MH+0x0000017c981a4000'
Event: 2.803 Thread 0x0000017c96de2d00 Unloading class 0x0000017c981a3c00 'java/lang/invoke/LambdaForm$BMH+0x0000017c981a3c00'
Event: 2.803 Thread 0x0000017c96de2d00 Unloading class 0x0000017c981a3800 'java/lang/invoke/LambdaForm$DMH+0x0000017c981a3800'
Event: 2.803 Thread 0x0000017c96de2d00 Unloading class 0x0000017c981a2400 'java/lang/invoke/LambdaForm$DMH+0x0000017c981a2400'

Classes redefined (0 events):
No events

Internal exceptions (20 events):
Event: 16.235 Thread 0x0000017ce705f1a0 Exception <a 'java/lang/NoSuchMethodError'{0x00000000d55ea7b0}: 'java.lang.Object java.lang.invoke.Invokers$Holder.linkToTargetMethod(java.lang.Object, java.lang.Object, java.lang.Object, int, java.lang.Object)'> (0x00000000d55ea7b0) 
thrown [s\src\hotspot\share\interpreter\linkResolver.cpp, line 773]
Event: 16.377 Thread 0x0000017cdfa38760 Implicit null exception at 0x0000017c8b2345c8 to 0x0000017c8b234fd4
Event: 16.725 Thread 0x0000017cdfa39b10 Exception <a 'sun/nio/fs/WindowsException'{0x00000000d566da88}> (0x00000000d566da88) 
thrown [s\src\hotspot\share\prims\jni.cpp, line 520]
Event: 16.730 Thread 0x0000017cdf462ef0 Exception <a 'sun/nio/fs/WindowsException'{0x00000000d5688980}> (0x00000000d5688980) 
thrown [s\src\hotspot\share\prims\jni.cpp, line 520]
Event: 16.736 Thread 0x0000017cdf4621d0 Exception <a 'sun/nio/fs/WindowsException'{0x00000000d568a590}> (0x00000000d568a590) 
thrown [s\src\hotspot\share\prims\jni.cpp, line 520]
Event: 16.843 Thread 0x0000017cdfa38760 Implicit null exception at 0x0000017c8b254ba6 to 0x0000017c8b255144
Event: 16.953 Thread 0x0000017cdfa39b10 Exception <a 'sun/nio/fs/WindowsException'{0x00000000d5871d90}> (0x00000000d5871d90) 
thrown [s\src\hotspot\share\prims\jni.cpp, line 520]
Event: 16.954 Thread 0x0000017cdfa39b10 Exception <a 'sun/nio/fs/WindowsException'{0x00000000d5872610}> (0x00000000d5872610) 
thrown [s\src\hotspot\share\prims\jni.cpp, line 520]
Event: 16.978 Thread 0x0000017ce70efb70 Exception <a 'sun/nio/fs/WindowsException'{0x00000000d56a4520}> (0x00000000d56a4520) 
thrown [s\src\hotspot\share\prims\jni.cpp, line 520]
Event: 16.979 Thread 0x0000017ce70efb70 Exception <a 'sun/nio/fs/WindowsException'{0x00000000d570ff10}> (0x00000000d570ff10) 
thrown [s\src\hotspot\share\prims\jni.cpp, line 520]
Event: 16.980 Thread 0x0000017ce70efb70 Exception <a 'sun/nio/fs/WindowsException'{0x00000000d5711610}> (0x00000000d5711610) 
thrown [s\src\hotspot\share\prims\jni.cpp, line 520]
Event: 16.980 Thread 0x0000017ce70efb70 Exception <a 'sun/nio/fs/WindowsException'{0x00000000d57d92f0}> (0x00000000d57d92f0) 
thrown [s\src\hotspot\share\prims\jni.cpp, line 520]
Event: 16.994 Thread 0x0000017cdfa36d20 Exception <a 'sun/nio/fs/WindowsException'{0x00000000d55ffd68}> (0x00000000d55ffd68) 
thrown [s\src\hotspot\share\prims\jni.cpp, line 520]
Event: 16.994 Thread 0x0000017ce70efb70 Exception <a 'java/io/FileNotFoundException'{0x00000000d55e5790}> (0x00000000d55e5790) 
thrown [s\src\hotspot\share\prims\jni.cpp, line 520]
Event: 16.996 Thread 0x0000017ce70efb70 Exception <a 'java/io/FileNotFoundException'{0x00000000d56b0820}> (0x00000000d56b0820) 
thrown [s\src\hotspot\share\prims\jni.cpp, line 520]
Event: 17.010 Thread 0x0000017ce70efb70 Exception <a 'sun/nio/fs/WindowsException'{0x00000000d5733060}> (0x00000000d5733060) 
thrown [s\src\hotspot\share\prims\jni.cpp, line 520]
Event: 17.011 Thread 0x0000017ce70efb70 Exception <a 'sun/nio/fs/WindowsException'{0x00000000d5733b90}> (0x00000000d5733b90) 
thrown [s\src\hotspot\share\prims\jni.cpp, line 520]
Event: 17.533 Thread 0x0000017ce70efb70 Exception <a 'java/lang/NoSuchMethodError'{0x00000000d5970538}: 'void java.lang.invoke.DirectMethodHandle$Holder.invokeStatic(java.lang.Object, java.lang.Object, java.lang.Object, int)'> (0x00000000d5970538) 
thrown [s\src\hotspot\share\interpreter\linkResolver.cpp, line 773]
Event: 17.563 Thread 0x0000017ce70efb70 Exception <a 'java/lang/NoSuchMethodError'{0x00000000d5b89458}: 'void java.lang.invoke.DirectMethodHandle$Holder.invokeVirtual(java.lang.Object, java.lang.Object, int)'> (0x00000000d5b89458) 
thrown [s\src\hotspot\share\interpreter\linkResolver.cpp, line 773]
Event: 17.589 Thread 0x0000017cdfa36d20 Exception <a 'sun/nio/fs/WindowsException'{0x00000000d55a40a0}> (0x00000000d55a40a0) 
thrown [s\src\hotspot\share\prims\jni.cpp, line 520]

ZGC Phase Switch (0 events):
No events

VM Operations (20 events):
Event: 17.338 Executing safepoint VM operation: ParallelGCFailedAllocation (Allocation Failure) done
Event: 17.346 Executing safepoint VM operation: ParallelGCFailedAllocation (Allocation Failure)
Event: 17.350 Executing safepoint VM operation: ParallelGCFailedAllocation (Allocation Failure) done
Event: 17.360 Executing safepoint VM operation: ParallelGCFailedAllocation (Allocation Failure)
Event: 17.366 Executing safepoint VM operation: ParallelGCFailedAllocation (Allocation Failure) done
Event: 17.379 Executing safepoint VM operation: ParallelGCFailedAllocation (Allocation Failure)
Event: 17.383 Executing safepoint VM operation: ParallelGCFailedAllocation (Allocation Failure) done
Event: 17.396 Executing safepoint VM operation: ParallelGCFailedAllocation (Allocation Failure)
Event: 17.402 Executing safepoint VM operation: ParallelGCFailedAllocation (Allocation Failure) done
Event: 17.429 Executing safepoint VM operation: ParallelGCFailedAllocation (Allocation Failure)
Event: 17.432 Executing safepoint VM operation: ParallelGCFailedAllocation (Allocation Failure) done
Event: 17.498 Executing safepoint VM operation: ParallelGCFailedAllocation (Allocation Failure)
Event: 17.502 Executing safepoint VM operation: ParallelGCFailedAllocation (Allocation Failure) done
Event: 17.573 Executing safepoint VM operation: ParallelGCFailedAllocation (Allocation Failure)
Event: 17.577 Executing safepoint VM operation: ParallelGCFailedAllocation (Allocation Failure) done
Event: 17.633 Executing safepoint VM operation: ParallelGCFailedAllocation (Allocation Failure)
Event: 17.637 Executing safepoint VM operation: ParallelGCFailedAllocation (Allocation Failure) done
Event: 17.692 Executing safepoint VM operation: ParallelGCFailedAllocation (Allocation Failure)
Event: 17.697 Executing safepoint VM operation: ParallelGCFailedAllocation (Allocation Failure) done
Event: 17.718 Executing safepoint VM operation: ParallelGCFailedAllocation (Allocation Failure)

Memory protections (0 events):
No events

Nmethod flushes (20 events):
Event: 9.021 Thread 0x0000017c96de2d00 flushing  nmethod 0x0000017c838c6c90
Event: 9.021 Thread 0x0000017c96de2d00 flushing  nmethod 0x0000017c838c7510
Event: 9.021 Thread 0x0000017c96de2d00 flushing  nmethod 0x0000017c838c7d10
Event: 9.021 Thread 0x0000017c96de2d00 flushing  nmethod 0x0000017c838daa90
Event: 9.021 Thread 0x0000017c96de2d00 flushing osr nmethod 0x0000017c83947610
Event: 9.021 Thread 0x0000017c96de2d00 flushing  nmethod 0x0000017c8394fc90
Event: 9.021 Thread 0x0000017c96de2d00 flushing  nmethod 0x0000017c83959f90
Event: 9.021 Thread 0x0000017c96de2d00 flushing  nmethod 0x0000017c83965a10
Event: 9.021 Thread 0x0000017c96de2d00 flushing  nmethod 0x0000017c83970e90
Event: 9.021 Thread 0x0000017c96de2d00 flushing  nmethod 0x0000017c83971210
Event: 9.021 Thread 0x0000017c96de2d00 flushing  nmethod 0x0000017c83972290
Event: 9.021 Thread 0x0000017c96de2d00 flushing  nmethod 0x0000017c83973510
Event: 9.021 Thread 0x0000017c96de2d00 flushing  nmethod 0x0000017c8397cc10
Event: 9.021 Thread 0x0000017c96de2d00 flushing  nmethod 0x0000017c83980890
Event: 9.021 Thread 0x0000017c96de2d00 flushing  nmethod 0x0000017c839a2290
Event: 9.021 Thread 0x0000017c96de2d00 flushing  nmethod 0x0000017c839aee10
Event: 9.021 Thread 0x0000017c96de2d00 flushing  nmethod 0x0000017c839b2b10
Event: 9.021 Thread 0x0000017c96de2d00 flushing  nmethod 0x0000017c839b3210
Event: 9.021 Thread 0x0000017c96de2d00 flushing  nmethod 0x0000017c839b4590
Event: 9.021 Thread 0x0000017c96de2d00 flushing  nmethod 0x0000017c839b7510

Events (20 events):
Event: 14.734 Thread 0x0000017ce70ecd80 Thread added: 0x0000017ce70ee130
Event: 14.924 Thread 0x0000017ce70ee130 Thread exited: 0x0000017ce70ee130
Event: 14.928 Thread 0x0000017ce70ecd80 Thread exited: 0x0000017ce70ecd80
Event: 15.072 Thread 0x0000017cdf464930 Thread added: 0x0000017ce70efb70
Event: 15.075 Thread 0x0000017cdf464930 Thread added: 0x0000017ce70ee130
Event: 15.109 Thread 0x0000017cdfa38760 Thread added: 0x0000017ce70ef4e0
Event: 15.114 Thread 0x0000017cdfa38760 Thread added: 0x0000017ce70ec6f0
Event: 15.250 Thread 0x0000017ce70ec6f0 Thread added: 0x0000017ce70f0200
Event: 15.566 Thread 0x0000017ce70f0200 Thread exited: 0x0000017ce70f0200
Event: 15.574 Thread 0x0000017ce70ec6f0 Thread exited: 0x0000017ce70ec6f0
Event: 15.939 Thread 0x0000017cdfa39b10 Thread added: 0x0000017ce70ecd80
Event: 15.988 Thread 0x0000017cdfa39b10 Thread added: 0x0000017ce70f15b0
Event: 16.014 Thread 0x0000017cdfa39b10 Thread added: 0x0000017ce70f0890
Event: 16.014 Thread 0x0000017cdfa39b10 Thread added: 0x0000017ce70f1c40
Event: 16.036 Thread 0x0000017cdfa39b10 Thread added: 0x0000017ce70f22d0
Event: 16.083 Thread 0x0000017cdfa39b10 Thread added: 0x0000017ce70f2960
Event: 16.130 Thread 0x0000017cdfa39b10 Thread added: 0x0000017ce70f2ff0
Event: 16.140 Thread 0x0000017cdfa39b10 Thread added: 0x0000017ce705eb10
Event: 16.187 Thread 0x0000017cdfa39b10 Thread added: 0x0000017ce7045b40
Event: 16.203 Thread 0x0000017cdfa39b10 Thread added: 0x0000017ce7046860


Dynamic libraries:
0x00007ff759420000 - 0x00007ff75942e000 	c:\Users\HP\.antigravity\extensions\redhat.java-1.54.0-win32-x64\jre\21.0.10-win32-x86_64\bin\java.exe
0x00007fff50f80000 - 0x00007fff511e7000 	C:\WINDOWS\SYSTEM32\ntdll.dll
0x00007fff0d4c0000 - 0x00007fff0d4e1000 	C:\Program Files\Avast Software\Avast\aswhook.dll
0x00007fff4f770000 - 0x00007fff4f839000 	C:\WINDOWS\System32\KERNEL32.DLL
0x00007fff4df00000 - 0x00007fff4e2f4000 	C:\WINDOWS\System32\KERNELBASE.dll
0x00007fff4da90000 - 0x00007fff4dbdb000 	C:\WINDOWS\System32\ucrtbase.dll
0x00007fff484d0000 - 0x00007fff484e8000 	c:\Users\HP\.antigravity\extensions\redhat.java-1.54.0-win32-x64\jre\21.0.10-win32-x86_64\bin\jli.dll
0x00007fff484b0000 - 0x00007fff484ce000 	c:\Users\HP\.antigravity\extensions\redhat.java-1.54.0-win32-x64\jre\21.0.10-win32-x86_64\bin\VCRUNTIME140.dll
0x00007fff504a0000 - 0x00007fff50665000 	C:\WINDOWS\System32\USER32.dll
0x00007fff20240000 - 0x00007fff204d3000 	C:\WINDOWS\WinSxS\amd64_microsoft.windows.common-controls_6595b64144ccf1df_6.0.26100.8115_none_3e075c82e3354f9c\COMCTL32.dll
0x00007fff50a90000 - 0x00007fff50b39000 	C:\WINDOWS\System32\msvcrt.dll
0x00007fff4dd50000 - 0x00007fff4dd77000 	C:\WINDOWS\System32\win32u.dll
0x00007fff50c00000 - 0x00007fff50c2b000 	C:\WINDOWS\System32\GDI32.dll
0x00007fff4d8b0000 - 0x00007fff4d9db000 	C:\WINDOWS\System32\gdi32full.dll
0x00007fff4d9e0000 - 0x00007fff4da83000 	C:\WINDOWS\System32\msvcp_win.dll
0x00007fff50ed0000 - 0x00007fff50f02000 	C:\WINDOWS\System32\IMM32.DLL
0x00007fff48d00000 - 0x00007fff48d0c000 	c:\Users\HP\.antigravity\extensions\redhat.java-1.54.0-win32-x64\jre\21.0.10-win32-x86_64\bin\vcruntime140_1.dll
0x00007fff2a890000 - 0x00007fff2a91d000 	c:\Users\HP\.antigravity\extensions\redhat.java-1.54.0-win32-x64\jre\21.0.10-win32-x86_64\bin\msvcp140.dll
0x00007ffea5110000 - 0x00007ffea5eb1000 	c:\Users\HP\.antigravity\extensions\redhat.java-1.54.0-win32-x64\jre\21.0.10-win32-x86_64\bin\server\jvm.dll
0x00007fff500d0000 - 0x00007fff50186000 	C:\WINDOWS\System32\ADVAPI32.dll
0x00007fff4fec0000 - 0x00007fff4ff67000 	C:\WINDOWS\System32\sechost.dll
0x00007fff4f4e0000 - 0x00007fff4f5f8000 	C:\WINDOWS\System32\RPCRT4.dll
0x00007fff50b70000 - 0x00007fff50bf0000 	C:\WINDOWS\System32\WS2_32.dll
0x00007fff3b8c0000 - 0x00007fff3b8cb000 	C:\WINDOWS\SYSTEM32\VERSION.dll
0x00007fff4d680000 - 0x00007fff4d6de000 	C:\WINDOWS\SYSTEM32\POWRPROF.dll
0x00007fff485a0000 - 0x00007fff485d6000 	C:\WINDOWS\SYSTEM32\WINMM.dll
0x00007fff4d660000 - 0x00007fff4d674000 	C:\WINDOWS\SYSTEM32\UMPDC.dll
0x00007fff4c5b0000 - 0x00007fff4c5cb000 	C:\WINDOWS\SYSTEM32\kernel.appcore.dll
0x00007fff484a0000 - 0x00007fff484aa000 	c:\Users\HP\.antigravity\extensions\redhat.java-1.54.0-win32-x64\jre\21.0.10-win32-x86_64\bin\jimage.dll
0x00007fff4b7c0000 - 0x00007fff4ba02000 	C:\WINDOWS\SYSTEM32\DBGHELP.DLL
0x00007fff50700000 - 0x00007fff50a82000 	C:\WINDOWS\System32\combase.dll
0x00007fff50350000 - 0x00007fff50428000 	C:\WINDOWS\System32\OLEAUT32.dll
0x00007fff38e80000 - 0x00007fff38ebb000 	C:\WINDOWS\SYSTEM32\dbgcore.DLL
0x00007fff4e300000 - 0x00007fff4e3a5000 	C:\WINDOWS\System32\bcryptPrimitives.dll
0x00007fff48490000 - 0x00007fff4849f000 	c:\Users\HP\.antigravity\extensions\redhat.java-1.54.0-win32-x64\jre\21.0.10-win32-x86_64\bin\instrument.dll
0x00007fff2a870000 - 0x00007fff2a890000 	c:\Users\HP\.antigravity\extensions\redhat.java-1.54.0-win32-x64\jre\21.0.10-win32-x86_64\bin\java.dll
0x00007fff4ecf0000 - 0x00007fff4f457000 	C:\WINDOWS\System32\SHELL32.dll
0x00007fff4dbe0000 - 0x00007fff4dd4a000 	C:\WINDOWS\System32\wintypes.dll
0x00007fff4e470000 - 0x00007fff4ecd8000 	C:\WINDOWS\System32\windows.storage.dll
0x00007fff50190000 - 0x00007fff50288000 	C:\WINDOWS\System32\SHCORE.dll
0x00007fff50430000 - 0x00007fff50496000 	C:\WINDOWS\System32\shlwapi.dll
0x00007fff4d740000 - 0x00007fff4d769000 	C:\WINDOWS\SYSTEM32\profapi.dll
0x00007fff2a850000 - 0x00007fff2a868000 	c:\Users\HP\.antigravity\extensions\redhat.java-1.54.0-win32-x64\jre\21.0.10-win32-x86_64\bin\zip.dll
0x00007fff3ada0000 - 0x00007fff3adb0000 	C:\Users\HP\.antigravity\extensions\redhat.java-1.54.0-win32-x64\jre\21.0.10-win32-x86_64\bin\net.dll
0x00007fff45110000 - 0x00007fff4523d000 	C:\WINDOWS\SYSTEM32\WINHTTP.dll
0x00007fff4cb20000 - 0x00007fff4cb8c000 	C:\WINDOWS\system32\mswsock.dll
0x00007fff2a830000 - 0x00007fff2a846000 	C:\Users\HP\.antigravity\extensions\redhat.java-1.54.0-win32-x64\jre\21.0.10-win32-x86_64\bin\nio.dll
0x00007fff2c320000 - 0x00007fff2c330000 	c:\Users\HP\.antigravity\extensions\redhat.java-1.54.0-win32-x64\jre\21.0.10-win32-x86_64\bin\verify.dll
0x00007fff483c0000 - 0x00007fff48405000 	C:\Users\HP\AppData\Roaming\Antigravity\User\globalStorage\redhat.java\1.54.0\config_win\org.eclipse.equinox.launcher\org.eclipse.equinox.launcher.win32.win32.x86_64_1.3.0.v20260203-2149\eclipse_11919.dll
0x00007fff4f840000 - 0x00007fff4f9d7000 	C:\WINDOWS\System32\ole32.dll
0x00007fff4ce00000 - 0x00007fff4ce1b000 	C:\WINDOWS\SYSTEM32\CRYPTSP.dll
0x00007fff4c510000 - 0x00007fff4c549000 	C:\WINDOWS\system32\rsaenh.dll
0x00007fff4cbd0000 - 0x00007fff4cc03000 	C:\WINDOWS\SYSTEM32\USERENV.dll
0x00007fff4d710000 - 0x00007fff4d73a000 	C:\WINDOWS\SYSTEM32\bcrypt.dll
0x00007fff4ce20000 - 0x00007fff4ce2c000 	C:\WINDOWS\SYSTEM32\CRYPTBASE.dll
0x00007fff4bf60000 - 0x00007fff4bf92000 	C:\WINDOWS\SYSTEM32\IPHLPAPI.DLL
0x00007fff4f760000 - 0x00007fff4f76a000 	C:\WINDOWS\System32\NSI.dll
0x00007fff2a7e0000 - 0x00007fff2a829000 	C:\Users\HP\AppData\Local\Temp\jna-2312\jna3403975242929661407.dll
0x00007fff50b40000 - 0x00007fff50b48000 	C:\WINDOWS\System32\PSAPI.DLL
0x00007fff46a50000 - 0x00007fff46a6d000 	C:\WINDOWS\SYSTEM32\dhcpcsvc6.DLL
0x00007fff46930000 - 0x00007fff46955000 	C:\WINDOWS\SYSTEM32\dhcpcsvc.DLL
0x00007fff2a760000 - 0x00007fff2a787000 	C:\Users\HP\.gradle\native\1def1411415f61bf3af743bc5b6707747c0891f09f0c88961ee8f79bc544acac\windows-amd64\native-platform.dll
0x00007fff2a750000 - 0x00007fff2a75a000 	C:\Users\HP\.antigravity\extensions\redhat.java-1.54.0-win32-x64\jre\21.0.10-win32-x86_64\bin\management.dll
0x00007fff2a300000 - 0x00007fff2a30c000 	C:\Users\HP\.antigravity\extensions\redhat.java-1.54.0-win32-x64\jre\21.0.10-win32-x86_64\bin\management_ext.dll
0x00007fff2a2f0000 - 0x00007fff2a2f9000 	C:\Users\HP\.antigravity\extensions\redhat.java-1.54.0-win32-x64\jre\21.0.10-win32-x86_64\bin\extnet.dll
0x00007fff2a2e0000 - 0x00007fff2a2ee000 	C:\Users\HP\.antigravity\extensions\redhat.java-1.54.0-win32-x64\jre\21.0.10-win32-x86_64\bin\sunmscapi.dll
0x00007fff4dd80000 - 0x00007fff4def7000 	C:\WINDOWS\System32\CRYPT32.dll
0x00007fff4d020000 - 0x00007fff4d050000 	C:\WINDOWS\SYSTEM32\ncrypt.dll
0x00007fff4cfd0000 - 0x00007fff4d00f000 	C:\WINDOWS\SYSTEM32\NTASN1.dll
0x00007fff0ef00000 - 0x00007fff0ef08000 	C:\WINDOWS\system32\wshunix.dll

JVMTI agents:
c:\Users\HP\.antigravity\extensions\redhat.java-1.54.0-win32-x64\lombok\lombok-1.18.39-4050.jar path:c:\Users\HP\.antigravity\extensions\redhat.java-1.54.0-win32-x64\jre\21.0.10-win32-x86_64\bin\instrument.dll, loaded, initialized, instrumentlib options:none

dbghelp: loaded successfully - version: 4.0.5 - missing functions: none
symbol engine: initialized successfully - sym options: 0x614 - pdb path: .;c:\Users\HP\.antigravity\extensions\redhat.java-1.54.0-win32-x64\jre\21.0.10-win32-x86_64\bin;C:\WINDOWS\SYSTEM32;C:\Program Files\Avast Software\Avast;C:\WINDOWS\WinSxS\amd64_microsoft.windows.common-controls_6595b64144ccf1df_6.0.26100.8115_none_3e075c82e3354f9c;c:\Users\HP\.antigravity\extensions\redhat.java-1.54.0-win32-x64\jre\21.0.10-win32-x86_64\bin\server;C:\Users\HP\AppData\Roaming\Antigravity\User\globalStorage\redhat.java\1.54.0\config_win\org.eclipse.equinox.launcher\org.eclipse.equinox.launcher.win32.win32.x86_64_1.3.0.v20260203-2149;C:\Users\HP\AppData\Local\Temp\jna-2312;C:\Users\HP\.gradle\native\1def1411415f61bf3af743bc5b6707747c0891f09f0c88961ee8f79bc544acac\windows-amd64

VM Arguments:
jvm_args: --add-modules=ALL-SYSTEM --add-opens=java.base/java.util=ALL-UNNAMED --add-opens=java.base/java.lang=ALL-UNNAMED --add-opens=java.base/sun.nio.fs=ALL-UNNAMED -Declipse.application=org.eclipse.jdt.ls.core.id1 -Dosgi.bundles.defaultStartLevel=4 -Declipse.product=org.eclipse.jdt.ls.core.product -Djava.import.generatesMetadataFilesAtProjectRoot=false -DDetectVMInstallationsJob.disabled=true -Dfile.encoding=utf8 -XX:+UseParallelGC -XX:GCTimeRatio=4 -XX:AdaptiveSizePolicyWeight=90 -Dsun.zip.disableMemoryMapping=true -Xmx2G -Xms100m -Xlog:disable -javaagent:c:\Users\HP\.antigravity\extensions\redhat.java-1.54.0-win32-x64\lombok\lombok-1.18.39-4050.jar -XX:+HeapDumpOnOutOfMemoryError -XX:HeapDumpPath=c:\Users\HP\AppData\Roaming\Antigravity\User\workspaceStorage\bb6f58697517b49f76eb8e851445a514\redhat.java -Daether.dependencyCollector.impl=bf 
java_command: c:\Users\HP\.antigravity\extensions\redhat.java-1.54.0-win32-x64\server\plugins\org.eclipse.equinox.launcher_1.7.100.v20251111-0406.jar -configuration c:\Users\HP\AppData\Roaming\Antigravity\User\globalStorage\redhat.java\1.54.0\config_win -data c:\Users\HP\AppData\Roaming\Antigravity\User\workspaceStorage\bb6f58697517b49f76eb8e851445a514\redhat.java\jdt_ws --pipe=\\.\pipe\lsp-a3df84732bbd61cede64e09db5765789-sock
java_class_path (initial): c:\Users\HP\.antigravity\extensions\redhat.java-1.54.0-win32-x64\server\plugins\org.eclipse.equinox.launcher_1.7.100.v20251111-0406.jar
Launcher Type: SUN_STANDARD

[Global flags]
    uintx AdaptiveSizePolicyWeight                 = 90                                        {product} {command line}
     intx CICompilerCount                          = 4                                         {product} {ergonomic}
    uintx GCTimeRatio                              = 4                                         {product} {command line}
     bool HeapDumpOnOutOfMemoryError               = true                                   {manageable} {command line}
    ccstr HeapDumpPath                             = c:\Users\HP\AppData\Roaming\Antigravity\User\workspaceStorage\bb6f58697517b49f76eb8e851445a514\redhat.java         {manageable} {command line}
   size_t InitialHeapSize                          = 104857600                                 {product} {command line}
   size_t MaxHeapSize                              = 2147483648                                {product} {command line}
   size_t MaxNewSize                               = 715653120                                 {product} {ergonomic}
   size_t MinHeapDeltaBytes                        = 524288                                    {product} {ergonomic}
   size_t MinHeapSize                              = 104857600                                 {product} {command line}
   size_t NewSize                                  = 34603008                                  {product} {ergonomic}
    uintx NonNMethodCodeHeapSize                   = 5839372                                {pd product} {ergonomic}
    uintx NonProfiledCodeHeapSize                  = 122909434                              {pd product} {ergonomic}
   size_t OldSize                                  = 70254592                                  {product} {ergonomic}
    uintx ProfiledCodeHeapSize                     = 122909434                              {pd product} {ergonomic}
    uintx ReservedCodeCacheSize                    = 251658240                              {pd product} {ergonomic}
     bool SegmentedCodeCache                       = true                                      {product} {ergonomic}
   size_t SoftMaxHeapSize                          = 2147483648                             {manageable} {ergonomic}
     bool UseCompressedOops                        = true                           {product lp64_product} {ergonomic}
     bool UseLargePagesIndividualAllocation        = false                                  {pd product} {ergonomic}
     bool UseParallelGC                            = true                                      {product} {command line}

Logging:
Log output configuration:
 #0: stdout all=off uptime,level,tags foldmultilines=false
 #1: stderr all=off uptime,level,tags foldmultilines=false

Release file:
JAVA_VERSION="21.0.10" 
MODULES="java.base java.compiler java.datatransfer java.xml java.prefs java.desktop java.instrument java.logging java.management java.security.sasl java.naming java.rmi java.management.rmi java.net.http java.scripting java.security.jgss java.transaction.xa java.sql java.sql.rowset java.xml.crypto java.se java.smartcardio jdk.accessibility jdk.internal.jvmstat jdk.attach jdk.charsets jdk.internal.opt jdk.zipfs jdk.compiler jdk.crypto.ec jdk.crypto.cryptoki jdk.crypto.mscapi jdk.dynalink jdk.internal.ed jdk.editpad jdk.hotspot.agent jdk.httpserver jdk.internal.le jdk.internal.vm.ci jdk.internal.vm.compiler jdk.internal.vm.compiler.management jdk.jartool jdk.javadoc jdk.jcmd jdk.management jdk.management.agent jdk.jconsole jdk.jdeps jdk.jdwp.agent jdk.jdi jdk.jfr jdk.jshell jdk.jsobject jdk.jstatd jdk.localedata jdk.management.jfr jdk.naming.dns jdk.naming.rmi jdk.net jdk.nio.mapmode jdk.random jdk.sctp jdk.security.auth jdk.security.jgss jdk.unsupported jdk.unsupported.desktop jdk.xml.dom" 

Environment Variables:
JAVA_HOME=C:\Program Files\Java\jdk-25
PATH=C:\Program Files\Common Files\Oracle\Java\javapath;C:\Program Files (x86)\Common Files\Oracle\Java\java8path;C:\Program Files (x86)\Common Files\Oracle\Java\javapath;C:\ORC\ORACLEE\bin;C:\app\HP\product\21c\dbhomeXE\bin;E:\oracle21\ORACL\bin;C:\Dossier_Oracle21c\Oracle21c\bin;C:\WINDOWS\system32;C:\WINDOWS;C:\WINDOWS\System32\Wbem;C:\WINDOWS\System32\WindowsPowerShell\v1.0\;C:\WINDOWS\System32\OpenSSH\;C:\appliiiiiii\flutter_windows_3.35.7-stable.zip\flutter\bin;C:\Program Files\Docker\Docker\resources\bin;C:\Program Files\Git\cmd;C:\Program Files\nodejs\;C:\Program Files\Apache\maven\bin;C:\Program Files\MySQL\MySQL Shell 8.0\bin\;C:\Users\HP\AppData\Local\Programs\Python\Python313\Scripts\;C:\Users\HP\AppData\Local\Programs\Python\Python313\;C:\Users\HP\AppData\Local\Programs\Python\Launcher\;C:\Users\HP\AppData\Local\Microsoft\WindowsApps;C:\Users\HP\AppData\Local\Programs\Microsoft VS Code\bin;C:\Users\HP\AppData\Local\Python\bin;C:\Users\HP\AppData\Roaming\npm;C:\Program Files\Java\jdk-25\bin;C:\Maven\apache-maven-3.9.15\bin;D:\Nouveau dossier\Antigravity\bin
USERNAME=HP
OS=Windows_NT
PROCESSOR_IDENTIFIER=Intel64 Family 6 Model 186 Stepping 3, GenuineIntel
TMP=C:\Users\HP\AppData\Local\Temp
TEMP=C:\Users\HP\AppData\Local\Temp




Periodic native trim disabled

---------------  S Y S T E M  ---------------

OS:
 Windows 11 , 64 bit Build 26100 (10.0.26100.8246)
OS uptime: 0 days 0:44 hours
Hyper-V role detected

CPU: total 12 (initial active 12) (6 cores per cpu, 2 threads per core) family 6 model 186 stepping 3 microcode 0x4121, cx8, cmov, fxsr, ht, mmx, 3dnowpref, sse, sse2, sse3, ssse3, sse4.1, sse4.2, popcnt, lzcnt, tsc, tscinvbit, avx, avx2, aes, erms, clmul, bmi1, bmi2, adx, sha, fma, vzeroupper, clflush, clflushopt, clwb, hv, serialize, rdtscp, rdpid, fsrm, f16c, cet_ibt, cet_ss
Processor Information for processor 0
  Max Mhz: 1300, Current Mhz: 1300, Mhz Limit: 1300
Processor Information for processor 1
  Max Mhz: 1300, Current Mhz: 1300, Mhz Limit: 1300
Processor Information for processor 2
  Max Mhz: 1300, Current Mhz: 1300, Mhz Limit: 1300
Processor Information for processor 3
  Max Mhz: 1300, Current Mhz: 1300, Mhz Limit: 1300
Processor Information for processor 4
  Max Mhz: 1300, Current Mhz: 900, Mhz Limit: 897
Processor Information for processor 5
  Max Mhz: 1300, Current Mhz: 900, Mhz Limit: 897
Processor Information for processor 6
  Max Mhz: 1300, Current Mhz: 900, Mhz Limit: 897
Processor Information for processor 7
  Max Mhz: 1300, Current Mhz: 900, Mhz Limit: 897
Processor Information for processor 8
  Max Mhz: 1300, Current Mhz: 900, Mhz Limit: 897
Processor Information for processor 9
  Max Mhz: 1300, Current Mhz: 900, Mhz Limit: 897
Processor Information for processor 10
  Max Mhz: 1300, Current Mhz: 900, Mhz Limit: 897
Processor Information for processor 11
  Max Mhz: 1300, Current Mhz: 900, Mhz Limit: 897

Memory: 4k page, system-wide physical 7835M (852M free)
TotalPageFile size 13835M (AvailPageFile size 11M)
current process WorkingSet (physical memory assigned to process): 454M, peak: 454M
current process commit charge ("private bytes"): 533M, peak: 533M

vm_info: OpenJDK 64-Bit Server VM (21.0.10+7-LTS) for windows-amd64 JRE (21.0.10+7-LTS), built on 2026-01-20T00:00:00Z by "admin" with MS VC++ 17.12 (VS2022)

END.
