#
# There is insufficient memory for the Java Runtime Environment to continue.
# Native memory allocation (malloc) failed to allocate 2690528 bytes. Error detail: Chunk::new
# Possible reasons:
#   The system is out of physical RAM or swap space
#   This process is running with CompressedOops enabled, and the Java Heap may be blocking the growth of the native heap
# Possible solutions:
#   Reduce memory load on the system
#   Increase physical memory or swap space
#   Check if swap backing store is full
#   Decrease Java heap size (-Xmx/-Xms)
#   Decrease number of Java threads
#   Decrease Java thread stack sizes (-Xss)
#   Set larger code cache with -XX:ReservedCodeCacheSize=
#   JVM is running with Zero Based Compressed Oops mode in which the Java heap is
#     placed in the first 32GB address space. The Java Heap base address is the
#     maximum limit for the native heap growth. Please use -XX:HeapBaseMinAddress
#     to set the Java Heap base and to place the Java Heap above 32GB virtual address.
# This output file may be truncated or incomplete.
#
#  Out of Memory Error (arena.cpp:168), pid=17496, tid=5608
#
# JRE version: OpenJDK Runtime Environment Temurin-21.0.10+7 (21.0.10+7) (build 21.0.10+7-LTS)
# Java VM: OpenJDK 64-Bit Server VM Temurin-21.0.10+7 (21.0.10+7-LTS, mixed mode, sharing, tiered, compressed oops, compressed class ptrs, g1 gc, windows-amd64)
# No core dump will be written. Minidumps are not enabled by default on client versions of Windows
#

---------------  S U M M A R Y ------------

Command Line: --add-opens=java.base/java.lang=ALL-UNNAMED --add-opens=java.base/java.lang.invoke=ALL-UNNAMED --add-opens=java.base/java.util=ALL-UNNAMED --add-opens=java.prefs/java.util.prefs=ALL-UNNAMED --add-exports=jdk.compiler/com.sun.tools.javac.api=ALL-UNNAMED --add-exports=jdk.compiler/com.sun.tools.javac.util=ALL-UNNAMED --add-opens=java.base/java.util=ALL-UNNAMED --add-opens=java.prefs/java.util.prefs=ALL-UNNAMED --add-opens=java.base/java.nio.charset=ALL-UNNAMED --add-opens=java.base/java.net=ALL-UNNAMED --add-opens=java.base/java.util.concurrent.atomic=ALL-UNNAMED --add-opens=java.xml/javax.xml.namespace=ALL-UNNAMED -XX:MaxMetaspaceSize=4G -XX:ReservedCodeCacheSize=512m -XX:+HeapDumpOnOutOfMemoryError -Xmx8G -Dfile.encoding=UTF-8 -Duser.country=FR -Duser.language=fr -Duser.variant -javaagent:C:\Users\HP\.gradle\wrapper\dists\gradle-8.14-all\c2qonpi39x1mddn7hk5gh9iqj\gradle-8.14\lib\agents\gradle-instrumentation-agent-8.14.jar org.gradle.launcher.daemon.bootstrap.GradleDaemon 8.14

Host: 13th Gen Intel(R) Core(TM) i5-1335U, 12 cores, 7G,  Windows 11 , 64 bit Build 26100 (10.0.26100.8246)
Time: Sat Apr 25 17:02:38 2026 Greenwich elapsed time: 17.346424 seconds (0d 0h 0m 17s)

---------------  T H R E A D  ---------------

Current thread (0x000001733a690990):  JavaThread "C2 CompilerThread1" daemon [_thread_in_native, id=5608, stack(0x0000000b29600000,0x0000000b29700000) (1024K)]


Current CompileTask:
C2:17346 6698       4       org.objectweb.asm.ClassReader::readCode (5117 bytes)

Stack: [0x0000000b29600000,0x0000000b29700000]
Native frames: (J=compiled Java code, j=interpreted, Vv=VM code, C=native code)
V  [jvm.dll+0x6d7a39]
V  [jvm.dll+0x8b4b26]
V  [jvm.dll+0x8b70de]
V  [jvm.dll+0x8b77c3]
V  [jvm.dll+0x284346]
V  [jvm.dll+0xc66ed]
V  [jvm.dll+0xc6c31]
V  [jvm.dll+0x3bec3b]
V  [jvm.dll+0x1e3d62]
V  [jvm.dll+0x24c6b3]
V  [jvm.dll+0x24bb40]
V  [jvm.dll+0x1cb34e]
V  [jvm.dll+0x25b85d]
V  [jvm.dll+0x259dea]
V  [jvm.dll+0x3f857e]
V  [jvm.dll+0x85f59d]
V  [jvm.dll+0x6d626d]
C  [ucrtbase.dll+0x37b0]
C  [KERNEL32.DLL+0x2e8d7]
C  [ntdll.dll+0x8c3fc]


---------------  P R O C E S S  ---------------

Threads class SMR info:
_java_thread_list=0x0000017339719410, length=34, elements={
0x00000172df178780, 0x00000172ef1f3830, 0x00000172ef1f62a0, 0x00000172ef1fad20,
0x00000172ef1fb780, 0x00000172ef1fc1e0, 0x00000172ef1fcd70, 0x00000172ef2043f0,
0x00000172ef227120, 0x00000173371c8fe0, 0x0000017337227660, 0x0000017338bce860,
0x0000017338c51950, 0x0000017338b80f00, 0x0000017338c0ad20, 0x0000017338c0c530,
0x0000017338e83550, 0x0000017338e02470, 0x0000017338e010c0, 0x0000017338e01de0,
0x0000017338e01750, 0x0000017338dfeff0, 0x0000017338dff680, 0x0000017338dffd10,
0x0000017338e003a0, 0x000001733969f2d0, 0x000001733969ec40, 0x000001733969df20,
0x000001733a690990, 0x000001733a68ee50, 0x000001733969f960, 0x000001733969fff0,
0x000001733969d890, 0x000001733969e5b0
}

Java Threads: ( => current thread )
  0x00000172df178780 JavaThread "main"                              [_thread_blocked, id=15648, stack(0x0000000b26f00000,0x0000000b27000000) (1024K)]
  0x00000172ef1f3830 JavaThread "Reference Handler"          daemon [_thread_blocked, id=20788, stack(0x0000000b27700000,0x0000000b27800000) (1024K)]
  0x00000172ef1f62a0 JavaThread "Finalizer"                  daemon [_thread_blocked, id=17560, stack(0x0000000b27800000,0x0000000b27900000) (1024K)]
  0x00000172ef1fad20 JavaThread "Signal Dispatcher"          daemon [_thread_blocked, id=20712, stack(0x0000000b27900000,0x0000000b27a00000) (1024K)]
  0x00000172ef1fb780 JavaThread "Attach Listener"            daemon [_thread_blocked, id=16124, stack(0x0000000b27a00000,0x0000000b27b00000) (1024K)]
  0x00000172ef1fc1e0 JavaThread "Service Thread"             daemon [_thread_blocked, id=20228, stack(0x0000000b27b00000,0x0000000b27c00000) (1024K)]
  0x00000172ef1fcd70 JavaThread "Monitor Deflation Thread"   daemon [_thread_blocked, id=16504, stack(0x0000000b27c00000,0x0000000b27d00000) (1024K)]
  0x00000172ef2043f0 JavaThread "C2 CompilerThread0"         daemon [_thread_in_native, id=20068, stack(0x0000000b27d00000,0x0000000b27e00000) (1024K)]
  0x00000172ef227120 JavaThread "C1 CompilerThread0"         daemon [_thread_blocked, id=3544, stack(0x0000000b27e00000,0x0000000b27f00000) (1024K)]
  0x00000173371c8fe0 JavaThread "Common-Cleaner"             daemon [_thread_blocked, id=2868, stack(0x0000000b27f00000,0x0000000b28000000) (1024K)]
  0x0000017337227660 JavaThread "Notification Thread"        daemon [_thread_blocked, id=21016, stack(0x0000000b28000000,0x0000000b28100000) (1024K)]
  0x0000017338bce860 JavaThread "Daemon health stats"               [_thread_blocked, id=4488, stack(0x0000000b28700000,0x0000000b28800000) (1024K)]
  0x0000017338c51950 JavaThread "Incoming local TCP Connector on port 49318"        [_thread_in_native, id=4648, stack(0x0000000b28800000,0x0000000b28900000) (1024K)]
  0x0000017338b80f00 JavaThread "Daemon periodic checks"            [_thread_blocked, id=17236, stack(0x0000000b28e00000,0x0000000b28f00000) (1024K)]
  0x0000017338c0ad20 JavaThread "Daemon"                            [_thread_blocked, id=11148, stack(0x0000000b28f00000,0x0000000b29000000) (1024K)]
  0x0000017338c0c530 JavaThread "Handler for socket connection from /127.0.0.1:49318 to /127.0.0.1:49319"        [_thread_in_native, id=19280, stack(0x0000000b29000000,0x0000000b29100000) (1024K)]
  0x0000017338e83550 JavaThread "Cancel handler"                    [_thread_blocked, id=18848, stack(0x0000000b29100000,0x0000000b29200000) (1024K)]
  0x0000017338e02470 JavaThread "Daemon worker"                     [_thread_in_Java, id=10684, stack(0x0000000b28400000,0x0000000b28500000) (1024K)]
  0x0000017338e010c0 JavaThread "Asynchronous log dispatcher for DefaultDaemonConnection: socket connection from /127.0.0.1:49318 to /127.0.0.1:49319"        [_thread_blocked, id=19540, stack(0x0000000b29200000,0x0000000b29300000) (1024K)]
  0x0000017338e01de0 JavaThread "Stdin handler"                     [_thread_blocked, id=20256, stack(0x0000000b29300000,0x0000000b29400000) (1024K)]
  0x0000017338e01750 JavaThread "Daemon client event forwarder"        [_thread_blocked, id=11000, stack(0x0000000b29400000,0x0000000b29500000) (1024K)]
  0x0000017338dfeff0 JavaThread "Cache worker for journal cache (C:\Users\HP\.gradle\caches\journal-1)"        [_thread_blocked, id=6764, stack(0x0000000b28100000,0x0000000b28200000) (1024K)]
  0x0000017338dff680 JavaThread "File lock request listener"        [_thread_in_native, id=8132, stack(0x0000000b29500000,0x0000000b29600000) (1024K)]
  0x0000017338dffd10 JavaThread "Cache worker for file hash cache (C:\Users\HP\.gradle\caches\8.14\fileHashes)"        [_thread_blocked, id=21236, stack(0x0000000b29700000,0x0000000b29800000) (1024K)]
  0x0000017338e003a0 JavaThread "Cache worker for file hash cache (C:\Users\HP\Downloads\INTER\android\android\.gradle\8.14\fileHashes)"        [_thread_blocked, id=13196, stack(0x0000000b29b00000,0x0000000b29c00000) (1024K)]
  0x000001733969f2d0 JavaThread "Cache worker for Build Output Cleanup Cache (C:\Users\HP\Downloads\INTER\android\android\.gradle\buildOutputCleanup)"        [_thread_blocked, id=12484, stack(0x0000000b29c00000,0x0000000b29d00000) (1024K)]
  0x000001733969ec40 JavaThread "File watcher server"        daemon [_thread_in_native, id=11068, stack(0x0000000b29800000,0x0000000b29900000) (1024K)]
  0x000001733969df20 JavaThread "File watcher consumer"      daemon [_thread_blocked, id=5936, stack(0x0000000b29d00000,0x0000000b29e00000) (1024K)]
=>0x000001733a690990 JavaThread "C2 CompilerThread1"         daemon [_thread_in_native, id=5608, stack(0x0000000b29600000,0x0000000b29700000) (1024K)]
  0x000001733a68ee50 JavaThread "C2 CompilerThread2"         daemon [_thread_in_native, id=15192, stack(0x0000000b29e00000,0x0000000b29f00000) (1024K)]
  0x000001733969f960 JavaThread "jar transforms"                    [_thread_blocked, id=5784, stack(0x0000000b29f00000,0x0000000b2a000000) (1024K)]
  0x000001733969fff0 JavaThread "jar transforms Thread 2"           [_thread_blocked, id=1436, stack(0x0000000b2a000000,0x0000000b2a100000) (1024K)]
  0x000001733969d890 JavaThread "Cache worker for checksums cache (C:\Users\HP\Downloads\INTER\android\android\.gradle\8.14\checksums)"        [_thread_blocked, id=11524, stack(0x0000000b2a100000,0x0000000b2a200000) (1024K)]
  0x000001733969e5b0 JavaThread "Cache worker for file content cache (C:\Users\HP\.gradle\caches\8.14\fileContent)"        [_thread_blocked, id=3524, stack(0x0000000b2a200000,0x0000000b2a300000) (1024K)]
Total: 34

Other Threads:
  0x00000172ef1d7d70 VMThread "VM Thread"                           [id=18280, stack(0x0000000b27600000,0x0000000b27700000) (1024K)]
  0x00000172ef1c7fd0 WatcherThread "VM Periodic Task Thread"        [id=20324, stack(0x0000000b27500000,0x0000000b27600000) (1024K)]
  0x00000172e1765820 WorkerThread "GC Thread#0"                     [id=18952, stack(0x0000000b27000000,0x0000000b27100000) (1024K)]
  0x00000173373321c0 WorkerThread "GC Thread#1"                     [id=15516, stack(0x0000000b28200000,0x0000000b28300000) (1024K)]
  0x000001733731d3d0 WorkerThread "GC Thread#2"                     [id=8684, stack(0x0000000b28300000,0x0000000b28400000) (1024K)]
  0x000001733767c140 WorkerThread "GC Thread#3"                     [id=15860, stack(0x0000000b28500000,0x0000000b28600000) (1024K)]
  0x000001733767c4f0 WorkerThread "GC Thread#4"                     [id=20904, stack(0x0000000b28600000,0x0000000b28700000) (1024K)]
  0x0000017338c58590 WorkerThread "GC Thread#5"                     [id=12968, stack(0x0000000b28900000,0x0000000b28a00000) (1024K)]
  0x0000017338b681c0 WorkerThread "GC Thread#6"                     [id=21116, stack(0x0000000b28a00000,0x0000000b28b00000) (1024K)]
  0x0000017338b68570 WorkerThread "GC Thread#7"                     [id=13192, stack(0x0000000b28b00000,0x0000000b28c00000) (1024K)]
  0x0000017338b6b9e0 WorkerThread "GC Thread#8"                     [id=19048, stack(0x0000000b28c00000,0x0000000b28d00000) (1024K)]
  0x0000017338b6c190 WorkerThread "GC Thread#9"                     [id=3476, stack(0x0000000b28d00000,0x0000000b28e00000) (1024K)]
  0x00000172ef039150 ConcurrentGCThread "G1 Main Marker"            [id=6316, stack(0x0000000b27100000,0x0000000b27200000) (1024K)]
  0x00000172ef039b70 WorkerThread "G1 Conc#0"                       [id=5556, stack(0x0000000b27200000,0x0000000b27300000) (1024K)]
  0x000001733c1fa960 WorkerThread "G1 Conc#1"                       [id=19624, stack(0x0000000b29900000,0x0000000b29a00000) (1024K)]
  0x000001733c1f8480 WorkerThread "G1 Conc#2"                       [id=13604, stack(0x0000000b29a00000,0x0000000b29b00000) (1024K)]
  0x00000172ef093910 ConcurrentGCThread "G1 Refine#0"               [id=20764, stack(0x0000000b27300000,0x0000000b27400000) (1024K)]
  0x00000172ef094240 ConcurrentGCThread "G1 Service"                [id=16904, stack(0x0000000b27400000,0x0000000b27500000) (1024K)]
Total: 18

Threads with active compile tasks:
C2 CompilerThread0  17391 6783       4       org.objectweb.asm.AnnotationWriter::putAnnotations (110 bytes)
C2 CompilerThread1  17391 6698       4       org.objectweb.asm.ClassReader::readCode (5117 bytes)
C2 CompilerThread2  17391 6778       4       org.gradle.internal.classpath.InPlaceClasspathBuilder$ZipEntryBuilder::maybeAddParent (50 bytes)
Total: 3

VM state: not at safepoint (normal execution)

VM Mutex/Monitor currently owned by a thread: None

Heap address: 0x0000000600000000, size: 8192 MB, Compressed Oops mode: Zero based, Oop shift amount: 3

CDS archive(s) mapped at: [0x00000172f2000000-0x00000172f2ba0000-0x00000172f2ba0000), size 12189696, SharedBaseAddress: 0x00000172f2000000, ArchiveRelocationMode: 1.
Compressed class space mapped at: 0x00000172f3000000-0x0000017333000000, reserved size: 1073741824
Narrow klass base: 0x00000172f2000000, Narrow klass shift: 0, Narrow klass range: 0x100000000

GC Precious Log:
 CardTable entry size: 512
 Card Set container configuration: InlinePtr #cards 4 size 8 Array Of Cards #cards 32 size 80 Howl #buckets 8 coarsen threshold 7372 Howl Bitmap #cards 1024 size 144 coarsen threshold 921 Card regions per heap region 1 cards per card region 8192
 CPUs: 12 total, 12 available
 Memory: 7835M
 Large Page Support: Disabled
 NUMA Support: Disabled
 Compressed Oops: Enabled (Zero based)
 Heap Region Size: 4M
 Heap Min Capacity: 8M
 Heap Initial Capacity: 124M
 Heap Max Capacity: 8G
 Pre-touch: Disabled
 Parallel Workers: 10
 Concurrent Workers: 3
 Concurrent Refinement Workers: 10
 Periodic GC: Disabled

Heap:
 garbage-first heap   total 233472K, used 99650K [0x0000000600000000, 0x0000000800000000)
  region size 4096K, 16 young (65536K), 2 survivors (8192K)
 Metaspace       used 46345K, committed 47488K, reserved 1114112K
  class space    used 6432K, committed 6976K, reserved 1048576K

Heap Regions: E=young(eden), S=young(survivor), O=old, HS=humongous(starts), HC=humongous(continues), CS=collection set, F=free, TAMS=top-at-mark-start, PB=parsable bottom
|   0|0x0000000600000000, 0x0000000600400000, 0x0000000600400000|100%|HS|  |TAMS 0x0000000600000000| PB 0x0000000600000000| Complete 
|   1|0x0000000600400000, 0x0000000600800000, 0x0000000600800000|100%| O|  |TAMS 0x0000000600400000| PB 0x0000000600400000| Untracked 
|   2|0x0000000600800000, 0x0000000600c00000, 0x0000000600c00000|100%| O|  |TAMS 0x0000000600800000| PB 0x0000000600800000| Untracked 
|   3|0x0000000600c00000, 0x0000000601000000, 0x0000000601000000|100%| O|  |TAMS 0x0000000600c00000| PB 0x0000000600c00000| Untracked 
|   4|0x0000000601000000, 0x0000000601400000, 0x0000000601400000|100%| O|  |TAMS 0x0000000601000000| PB 0x0000000601000000| Untracked 
|   5|0x0000000601400000, 0x0000000601800000, 0x0000000601800000|100%| O|  |TAMS 0x0000000601400000| PB 0x0000000601400000| Untracked 
|   6|0x0000000601800000, 0x0000000601c00000, 0x0000000601c00000|100%| O|  |TAMS 0x0000000601800000| PB 0x0000000601800000| Untracked 
|   7|0x0000000601c00000, 0x0000000602000000, 0x0000000602000000|100%| O|  |TAMS 0x0000000601c00000| PB 0x0000000601c00000| Untracked 
|   8|0x0000000602000000, 0x0000000602400000, 0x0000000602400000|100%| O|  |TAMS 0x0000000602000000| PB 0x0000000602000000| Untracked 
|   9|0x0000000602400000, 0x0000000602400000, 0x0000000602800000|  0%| F|  |TAMS 0x0000000602400000| PB 0x0000000602400000| Untracked 
|  10|0x0000000602800000, 0x0000000602800000, 0x0000000602c00000|  0%| F|  |TAMS 0x0000000602800000| PB 0x0000000602800000| Untracked 
|  11|0x0000000602c00000, 0x0000000602e0cfe8, 0x0000000603000000| 51%| O|  |TAMS 0x0000000602c00000| PB 0x0000000602c00000| Untracked 
|  12|0x0000000603000000, 0x0000000603000000, 0x0000000603400000|  0%| F|  |TAMS 0x0000000603000000| PB 0x0000000603000000| Untracked 
|  13|0x0000000603400000, 0x0000000603400000, 0x0000000603800000|  0%| F|  |TAMS 0x0000000603400000| PB 0x0000000603400000| Untracked 
|  14|0x0000000603800000, 0x0000000603800000, 0x0000000603c00000|  0%| F|  |TAMS 0x0000000603800000| PB 0x0000000603800000| Untracked 
|  15|0x0000000603c00000, 0x0000000603c00000, 0x0000000604000000|  0%| F|  |TAMS 0x0000000603c00000| PB 0x0000000603c00000| Untracked 
|  16|0x0000000604000000, 0x0000000604000000, 0x0000000604400000|  0%| F|  |TAMS 0x0000000604000000| PB 0x0000000604000000| Untracked 
|  17|0x0000000604400000, 0x0000000604743a30, 0x0000000604800000| 81%| S|CS|TAMS 0x0000000604400000| PB 0x0000000604400000| Complete 
|  18|0x0000000604800000, 0x0000000604c00000, 0x0000000604c00000|100%| S|CS|TAMS 0x0000000604800000| PB 0x0000000604800000| Complete 
|  19|0x0000000604c00000, 0x0000000604c00000, 0x0000000605000000|  0%| F|  |TAMS 0x0000000604c00000| PB 0x0000000604c00000| Untracked 
|  20|0x0000000605000000, 0x0000000605000000, 0x0000000605400000|  0%| F|  |TAMS 0x0000000605000000| PB 0x0000000605000000| Untracked 
|  21|0x0000000605400000, 0x0000000605400000, 0x0000000605800000|  0%| F|  |TAMS 0x0000000605400000| PB 0x0000000605400000| Untracked 
|  22|0x0000000605800000, 0x0000000605800000, 0x0000000605c00000|  0%| F|  |TAMS 0x0000000605800000| PB 0x0000000605800000| Untracked 
|  23|0x0000000605c00000, 0x0000000605c00000, 0x0000000606000000|  0%| F|  |TAMS 0x0000000605c00000| PB 0x0000000605c00000| Untracked 
|  24|0x0000000606000000, 0x0000000606000000, 0x0000000606400000|  0%| F|  |TAMS 0x0000000606000000| PB 0x0000000606000000| Untracked 
|  25|0x0000000606400000, 0x0000000606400000, 0x0000000606800000|  0%| F|  |TAMS 0x0000000606400000| PB 0x0000000606400000| Untracked 
|  26|0x0000000606800000, 0x0000000606800000, 0x0000000606c00000|  0%| F|  |TAMS 0x0000000606800000| PB 0x0000000606800000| Untracked 
|  27|0x0000000606c00000, 0x0000000606c00000, 0x0000000607000000|  0%| F|  |TAMS 0x0000000606c00000| PB 0x0000000606c00000| Untracked 
|  28|0x0000000607000000, 0x0000000607000000, 0x0000000607400000|  0%| F|  |TAMS 0x0000000607000000| PB 0x0000000607000000| Untracked 
|  29|0x0000000607400000, 0x0000000607400000, 0x0000000607800000|  0%| F|  |TAMS 0x0000000607400000| PB 0x0000000607400000| Untracked 
|  30|0x0000000607800000, 0x0000000607800000, 0x0000000607c00000|  0%| F|  |TAMS 0x0000000607800000| PB 0x0000000607800000| Untracked 
|  31|0x0000000607c00000, 0x0000000607c00000, 0x0000000608000000|  0%| F|  |TAMS 0x0000000607c00000| PB 0x0000000607c00000| Untracked 
|  32|0x0000000608000000, 0x0000000608000000, 0x0000000608400000|  0%| F|  |TAMS 0x0000000608000000| PB 0x0000000608000000| Untracked 
|  33|0x0000000608400000, 0x0000000608400000, 0x0000000608800000|  0%| F|  |TAMS 0x0000000608400000| PB 0x0000000608400000| Untracked 
|  34|0x0000000608800000, 0x0000000608800000, 0x0000000608c00000|  0%| F|  |TAMS 0x0000000608800000| PB 0x0000000608800000| Untracked 
|  35|0x0000000608c00000, 0x0000000608c00000, 0x0000000609000000|  0%| F|  |TAMS 0x0000000608c00000| PB 0x0000000608c00000| Untracked 
|  36|0x0000000609000000, 0x0000000609000000, 0x0000000609400000|  0%| F|  |TAMS 0x0000000609000000| PB 0x0000000609000000| Untracked 
|  37|0x0000000609400000, 0x0000000609400000, 0x0000000609800000|  0%| F|  |TAMS 0x0000000609400000| PB 0x0000000609400000| Untracked 
|  38|0x0000000609800000, 0x0000000609800000, 0x0000000609c00000|  0%| F|  |TAMS 0x0000000609800000| PB 0x0000000609800000| Untracked 
|  39|0x0000000609c00000, 0x0000000609c00000, 0x000000060a000000|  0%| F|  |TAMS 0x0000000609c00000| PB 0x0000000609c00000| Untracked 
|  40|0x000000060a000000, 0x000000060a000000, 0x000000060a400000|  0%| F|  |TAMS 0x000000060a000000| PB 0x000000060a000000| Untracked 
|  41|0x000000060a400000, 0x000000060a400000, 0x000000060a800000|  0%| F|  |TAMS 0x000000060a400000| PB 0x000000060a400000| Untracked 
|  42|0x000000060a800000, 0x000000060a800000, 0x000000060ac00000|  0%| F|  |TAMS 0x000000060a800000| PB 0x000000060a800000| Untracked 
|  43|0x000000060ac00000, 0x000000060b000000, 0x000000060b000000|100%| E|  |TAMS 0x000000060ac00000| PB 0x000000060ac00000| Complete 
|  44|0x000000060b000000, 0x000000060b400000, 0x000000060b400000|100%| E|CS|TAMS 0x000000060b000000| PB 0x000000060b000000| Complete 
|  45|0x000000060b400000, 0x000000060b800000, 0x000000060b800000|100%| E|CS|TAMS 0x000000060b400000| PB 0x000000060b400000| Complete 
|  46|0x000000060b800000, 0x000000060bc00000, 0x000000060bc00000|100%| E|CS|TAMS 0x000000060b800000| PB 0x000000060b800000| Complete 
|  47|0x000000060bc00000, 0x000000060c000000, 0x000000060c000000|100%| E|CS|TAMS 0x000000060bc00000| PB 0x000000060bc00000| Complete 
|  48|0x000000060c000000, 0x000000060c400000, 0x000000060c400000|100%| E|CS|TAMS 0x000000060c000000| PB 0x000000060c000000| Complete 
|  49|0x000000060c400000, 0x000000060c800000, 0x000000060c800000|100%| E|CS|TAMS 0x000000060c400000| PB 0x000000060c400000| Complete 
|  50|0x000000060c800000, 0x000000060cc00000, 0x000000060cc00000|100%| E|CS|TAMS 0x000000060c800000| PB 0x000000060c800000| Complete 
|  51|0x000000060cc00000, 0x000000060d000000, 0x000000060d000000|100%| E|CS|TAMS 0x000000060cc00000| PB 0x000000060cc00000| Complete 
|  52|0x000000060d000000, 0x000000060d400000, 0x000000060d400000|100%| E|CS|TAMS 0x000000060d000000| PB 0x000000060d000000| Complete 
|  53|0x000000060d400000, 0x000000060d800000, 0x000000060d800000|100%| E|CS|TAMS 0x000000060d400000| PB 0x000000060d400000| Complete 
|  54|0x000000060d800000, 0x000000060dc00000, 0x000000060dc00000|100%| E|CS|TAMS 0x000000060d800000| PB 0x000000060d800000| Complete 
|  55|0x000000060dc00000, 0x000000060e000000, 0x000000060e000000|100%| E|CS|TAMS 0x000000060dc00000| PB 0x000000060dc00000| Complete 
|  56|0x000000060e000000, 0x000000060e400000, 0x000000060e400000|100%| E|CS|TAMS 0x000000060e000000| PB 0x000000060e000000| Complete 

Card table byte_map: [0x00000172e6030000,0x00000172e7030000] _byte_map_base: 0x00000172e3030000

Marking Bits: (CMBitMap*) 0x00000172e1766e50
 Bits: [0x00000172e7030000, 0x00000172ef030000)

Polling page: 0x00000172df4c0000

Metaspace:

Usage:
  Non-class:     38.98 MB used.
      Class:      6.28 MB used.
       Both:     45.26 MB used.

Virtual space:
  Non-class space:       64.00 MB reserved,      39.56 MB ( 62%) committed,  1 nodes.
      Class space:        1.00 GB reserved,       6.81 MB ( <1%) committed,  1 nodes.
             Both:        1.06 GB reserved,      46.38 MB (  4%) committed. 

Chunk freelists:
   Non-Class:  8.45 MB
       Class:  9.02 MB
        Both:  17.47 MB

MaxMetaspaceSize: 4.00 GB
CompressedClassSpaceSize: 1.00 GB
Initial GC threshold: 21.00 MB
Current GC threshold: 58.75 MB
CDS: on
 - commit_granule_bytes: 65536.
 - commit_granule_words: 8192.
 - virtual_space_node_default_size: 8388608.
 - enlarge_chunks_in_place: 1.
 - use_allocation_guard: 0.


Internal statistics:

num_allocs_failed_limit: 6.
num_arena_births: 1956.
num_arena_deaths: 0.
num_vsnodes_births: 2.
num_vsnodes_deaths: 0.
num_space_committed: 742.
num_space_uncommitted: 0.
num_chunks_returned_to_freelist: 6.
num_chunks_taken_from_freelist: 3902.
num_chunk_merges: 6.
num_chunk_splits: 2594.
num_chunks_enlarged: 1701.
num_inconsistent_stats: 0.

CodeHeap 'non-profiled nmethods': size=259264Kb used=5194Kb max_used=5194Kb free=254069Kb
 bounds [0x00000172902d0000, 0x00000172907f0000, 0x00000172a0000000]
CodeHeap 'profiled nmethods': size=259264Kb used=12156Kb max_used=12156Kb free=247107Kb
 bounds [0x0000017280000000, 0x0000017280be0000, 0x000001728fd30000]
CodeHeap 'non-nmethods': size=5760Kb used=2600Kb max_used=2699Kb free=3159Kb
 bounds [0x000001728fd30000, 0x000001728fff0000, 0x00000172902d0000]
CodeCache: size=524288Kb, used=19950Kb, max_used=20049Kb, free=504335Kb
 total_blobs=7115, nmethods=6245, adapters=774, full_count=0
Compilation: enabled, stopped_count=0, restarted_count=0

Compilation events (20 events):
Event: 16.138 Thread 0x000001733a68ee50 nmethod 6773 0x00000172907c3d10 code [0x00000172907c3ea0, 0x00000172907c4108]
Event: 16.138 Thread 0x000001733a68ee50 6774       4       java.lang.StringLatin1::indexOf (25 bytes)
Event: 16.139 Thread 0x000001733a68ee50 nmethod 6774 0x00000172907c4210 code [0x00000172907c43a0, 0x00000172907c45a8]
Event: 16.140 Thread 0x000001733a68ee50 6763       4       org.objectweb.asm.commons.ClassRemapper::visitInnerClass (49 bytes)
Event: 16.245 Thread 0x000001733a68ee50 nmethod 6763 0x00000172907c4690 code [0x00000172907c4a40, 0x00000172907c7c00]
Event: 16.245 Thread 0x000001733a68ee50 6777       4       java.nio.charset.Charset::lookup (44 bytes)
Event: 16.249 Thread 0x000001733a68ee50 nmethod 6777 0x00000172907c9410 code [0x00000172907c95c0, 0x00000172907c98b8]
Event: 16.249 Thread 0x000001733a68ee50 6758       4       org.objectweb.asm.MethodVisitor::visitTryCatchBlock (20 bytes)
Event: 16.300 Thread 0x000001733a68ee50 nmethod 6758 0x00000172907c9a90 code [0x00000172907c9de0, 0x00000172907cc740]
Event: 16.300 Thread 0x000001733a68ee50 6780       4       org.objectweb.asm.SymbolTable::addConstantNameAndType (137 bytes)
Event: 16.322 Thread 0x00000172ef227120 6781       3       java.util.regex.Pattern$Caret::match (124 bytes)
Event: 16.323 Thread 0x00000172ef227120 nmethod 6781 0x0000017280bc2990 code [0x0000017280bc2ba0, 0x0000017280bc32e8]
Event: 16.326 Thread 0x000001733a68ee50 nmethod 6780 0x00000172907cd510 code [0x00000172907cd7a0, 0x00000172907ce760]
Event: 16.327 Thread 0x000001733a68ee50 6765       4       java.nio.MappedByteBuffer::position (6 bytes)
Event: 16.329 Thread 0x000001733a68ee50 nmethod 6765 0x00000172907cef90 code [0x00000172907cf120, 0x00000172907cf230]
Event: 16.329 Thread 0x000001733a68ee50 6756       4       java.util.zip.ZipEntry::isDirectory (10 bytes)
Event: 16.332 Thread 0x000001733a68ee50 nmethod 6756 0x00000172907cf390 code [0x00000172907cf520, 0x00000172907cf640]
Event: 16.332 Thread 0x000001733a68ee50 6757       4       com.google.common.collect.AbstractIterator::next (37 bytes)
Event: 16.334 Thread 0x000001733a68ee50 nmethod 6757 0x00000172907cf790 code [0x00000172907cf940, 0x00000172907cfb60]
Event: 16.335 Thread 0x000001733a68ee50 6778       4       org.gradle.internal.classpath.InPlaceClasspathBuilder$ZipEntryBuilder::maybeAddParent (50 bytes)

GC Heap History (20 events):
Event: 13.660 GC heap before
{Heap before GC invocations=17 (full 0):
 garbage-first heap   total 131072K, used 114525K [0x0000000600000000, 0x0000000800000000)
  region size 4096K, 19 young (77824K), 1 survivors (4096K)
 Metaspace       used 46250K, committed 47424K, reserved 1114112K
  class space    used 6425K, committed 6976K, reserved 1048576K
}
Event: 13.663 GC heap after
{Heap after GC invocations=18 (full 0):
 garbage-first heap   total 131072K, used 41223K [0x0000000600000000, 0x0000000800000000)
  region size 4096K, 1 young (4096K), 1 survivors (4096K)
 Metaspace       used 46250K, committed 47424K, reserved 1114112K
  class space    used 6425K, committed 6976K, reserved 1048576K
}
Event: 13.944 GC heap before
{Heap before GC invocations=18 (full 0):
 garbage-first heap   total 131072K, used 114951K [0x0000000600000000, 0x0000000800000000)
  region size 4096K, 19 young (77824K), 1 survivors (4096K)
 Metaspace       used 46271K, committed 47424K, reserved 1114112K
  class space    used 6425K, committed 6976K, reserved 1048576K
}
Event: 13.948 GC heap after
{Heap after GC invocations=19 (full 0):
 garbage-first heap   total 159744K, used 41622K [0x0000000600000000, 0x0000000800000000)
  region size 4096K, 1 young (4096K), 1 survivors (4096K)
 Metaspace       used 46271K, committed 47424K, reserved 1114112K
  class space    used 6425K, committed 6976K, reserved 1048576K
}
Event: 14.172 GC heap before
{Heap before GC invocations=19 (full 0):
 garbage-first heap   total 159744K, used 131734K [0x0000000600000000, 0x0000000800000000)
  region size 4096K, 23 young (94208K), 1 survivors (4096K)
 Metaspace       used 46271K, committed 47424K, reserved 1114112K
  class space    used 6425K, committed 6976K, reserved 1048576K
}
Event: 14.175 GC heap after
{Heap after GC invocations=20 (full 0):
 garbage-first heap   total 159744K, used 41714K [0x0000000600000000, 0x0000000800000000)
  region size 4096K, 2 young (8192K), 2 survivors (8192K)
 Metaspace       used 46271K, committed 47424K, reserved 1114112K
  class space    used 6425K, committed 6976K, reserved 1048576K
}
Event: 14.443 GC heap before
{Heap before GC invocations=20 (full 0):
 garbage-first heap   total 159744K, used 127730K [0x0000000600000000, 0x0000000800000000)
  region size 4096K, 23 young (94208K), 2 survivors (8192K)
 Metaspace       used 46286K, committed 47424K, reserved 1114112K
  class space    used 6425K, committed 6976K, reserved 1048576K
}
Event: 14.448 GC heap after
{Heap after GC invocations=21 (full 0):
 garbage-first heap   total 159744K, used 42393K [0x0000000600000000, 0x0000000800000000)
  region size 4096K, 2 young (8192K), 2 survivors (8192K)
 Metaspace       used 46286K, committed 47424K, reserved 1114112K
  class space    used 6425K, committed 6976K, reserved 1048576K
}
Event: 14.767 GC heap before
{Heap before GC invocations=21 (full 0):
 garbage-first heap   total 159744K, used 128409K [0x0000000600000000, 0x0000000800000000)
  region size 4096K, 23 young (94208K), 2 survivors (8192K)
 Metaspace       used 46328K, committed 47488K, reserved 1114112K
  class space    used 6432K, committed 6976K, reserved 1048576K
}
Event: 14.772 GC heap after
{Heap after GC invocations=22 (full 0):
 garbage-first heap   total 159744K, used 43157K [0x0000000600000000, 0x0000000800000000)
  region size 4096K, 2 young (8192K), 2 survivors (8192K)
 Metaspace       used 46328K, committed 47488K, reserved 1114112K
  class space    used 6432K, committed 6976K, reserved 1048576K
}
Event: 15.081 GC heap before
{Heap before GC invocations=22 (full 0):
 garbage-first heap   total 159744K, used 129173K [0x0000000600000000, 0x0000000800000000)
  region size 4096K, 23 young (94208K), 2 survivors (8192K)
 Metaspace       used 46340K, committed 47488K, reserved 1114112K
  class space    used 6432K, committed 6976K, reserved 1048576K
}
Event: 15.086 GC heap after
{Heap after GC invocations=23 (full 0):
 garbage-first heap   total 192512K, used 43949K [0x0000000600000000, 0x0000000800000000)
  region size 4096K, 2 young (8192K), 2 survivors (8192K)
 Metaspace       used 46340K, committed 47488K, reserved 1114112K
  class space    used 6432K, committed 6976K, reserved 1048576K
}
Event: 15.413 GC heap before
{Heap before GC invocations=23 (full 0):
 garbage-first heap   total 192512K, used 150445K [0x0000000600000000, 0x0000000800000000)
  region size 4096K, 28 young (114688K), 2 survivors (8192K)
 Metaspace       used 46341K, committed 47488K, reserved 1114112K
  class space    used 6432K, committed 6976K, reserved 1048576K
}
Event: 15.419 GC heap after
{Heap after GC invocations=24 (full 0):
 garbage-first heap   total 192512K, used 44454K [0x0000000600000000, 0x0000000800000000)
  region size 4096K, 2 young (8192K), 2 survivors (8192K)
 Metaspace       used 46341K, committed 47488K, reserved 1114112K
  class space    used 6432K, committed 6976K, reserved 1048576K
}
Event: 15.650 GC heap before
{Heap before GC invocations=24 (full 0):
 garbage-first heap   total 192512K, used 150950K [0x0000000600000000, 0x0000000800000000)
  region size 4096K, 28 young (114688K), 2 survivors (8192K)
 Metaspace       used 46341K, committed 47488K, reserved 1114112K
  class space    used 6432K, committed 6976K, reserved 1048576K
}
Event: 15.655 GC heap after
{Heap after GC invocations=25 (full 0):
 garbage-first heap   total 192512K, used 45063K [0x0000000600000000, 0x0000000800000000)
  region size 4096K, 2 young (8192K), 2 survivors (8192K)
 Metaspace       used 46341K, committed 47488K, reserved 1114112K
  class space    used 6432K, committed 6976K, reserved 1048576K
}
Event: 15.932 GC heap before
{Heap before GC invocations=25 (full 0):
 garbage-first heap   total 192512K, used 151559K [0x0000000600000000, 0x0000000800000000)
  region size 4096K, 28 young (114688K), 2 survivors (8192K)
 Metaspace       used 46341K, committed 47488K, reserved 1114112K
  class space    used 6432K, committed 6976K, reserved 1048576K
}
Event: 15.937 GC heap after
{Heap after GC invocations=26 (full 0):
 garbage-first heap   total 192512K, used 45725K [0x0000000600000000, 0x0000000800000000)
  region size 4096K, 2 young (8192K), 2 survivors (8192K)
 Metaspace       used 46341K, committed 47488K, reserved 1114112K
  class space    used 6432K, committed 6976K, reserved 1048576K
}
Event: 16.192 GC heap before
{Heap before GC invocations=26 (full 0):
 garbage-first heap   total 192512K, used 152221K [0x0000000600000000, 0x0000000800000000)
  region size 4096K, 28 young (114688K), 2 survivors (8192K)
 Metaspace       used 46342K, committed 47488K, reserved 1114112K
  class space    used 6432K, committed 6976K, reserved 1048576K
}
Event: 16.200 GC heap after
{Heap after GC invocations=27 (full 0):
 garbage-first heap   total 233472K, used 46402K [0x0000000600000000, 0x0000000800000000)
  region size 4096K, 2 young (8192K), 2 survivors (8192K)
 Metaspace       used 46342K, committed 47488K, reserved 1114112K
  class space    used 6432K, committed 6976K, reserved 1048576K
}

Dll operation events (14 events):
Event: 0.019 Loaded shared library C:\Users\HP\.antigravity\extensions\redhat.java-1.54.0-win32-x64\jre\21.0.10-win32-x86_64\bin\java.dll
Event: 0.088 Loaded shared library C:\Users\HP\.antigravity\extensions\redhat.java-1.54.0-win32-x64\jre\21.0.10-win32-x86_64\bin\zip.dll
Event: 0.111 Loaded shared library C:\Users\HP\.antigravity\extensions\redhat.java-1.54.0-win32-x64\jre\21.0.10-win32-x86_64\bin\instrument.dll
Event: 0.116 Loaded shared library C:\Users\HP\.antigravity\extensions\redhat.java-1.54.0-win32-x64\jre\21.0.10-win32-x86_64\bin\net.dll
Event: 0.118 Loaded shared library C:\Users\HP\.antigravity\extensions\redhat.java-1.54.0-win32-x64\jre\21.0.10-win32-x86_64\bin\nio.dll
Event: 0.121 Loaded shared library C:\Users\HP\.antigravity\extensions\redhat.java-1.54.0-win32-x64\jre\21.0.10-win32-x86_64\bin\zip.dll
Event: 0.532 Loaded shared library C:\Users\HP\.antigravity\extensions\redhat.java-1.54.0-win32-x64\jre\21.0.10-win32-x86_64\bin\jimage.dll
Event: 0.820 Loaded shared library C:\Users\HP\.antigravity\extensions\redhat.java-1.54.0-win32-x64\jre\21.0.10-win32-x86_64\bin\verify.dll
Event: 0.977 Loaded shared library C:\Users\HP\.gradle\native\1def1411415f61bf3af743bc5b6707747c0891f09f0c88961ee8f79bc544acac\windows-amd64\native-platform.dll
Event: 0.992 Loaded shared library C:\Users\HP\.gradle\native\0.2.7\x86_64-windows-gnu\gradle-fileevents.dll
Event: 2.673 Loaded shared library C:\Users\HP\.antigravity\extensions\redhat.java-1.54.0-win32-x64\jre\21.0.10-win32-x86_64\bin\management.dll
Event: 2.677 Loaded shared library C:\Users\HP\.antigravity\extensions\redhat.java-1.54.0-win32-x64\jre\21.0.10-win32-x86_64\bin\management_ext.dll
Event: 2.871 Loaded shared library C:\Users\HP\.antigravity\extensions\redhat.java-1.54.0-win32-x64\jre\21.0.10-win32-x86_64\bin\extnet.dll
Event: 3.207 Loaded shared library C:\Users\HP\.antigravity\extensions\redhat.java-1.54.0-win32-x64\jre\21.0.10-win32-x86_64\bin\sunmscapi.dll

Deoptimization events (20 events):
Event: 16.181 Thread 0x0000017338e02470 DEOPT PACKING pc=0x000001728091c2b1 sp=0x0000000b284f7c70
Event: 16.181 Thread 0x0000017338e02470 DEOPT UNPACKING pc=0x000001728fd84bc2 sp=0x0000000b284f7380 mode 0
Event: 16.189 Thread 0x0000017338e02470 DEOPT PACKING pc=0x000001728091c2b1 sp=0x0000000b284f7c70
Event: 16.189 Thread 0x0000017338e02470 DEOPT UNPACKING pc=0x000001728fd84bc2 sp=0x0000000b284f7380 mode 0
Event: 16.201 Thread 0x0000017338e02470 DEOPT PACKING pc=0x000001728091c2b1 sp=0x0000000b284f7c70
Event: 16.201 Thread 0x0000017338e02470 DEOPT UNPACKING pc=0x000001728fd84bc2 sp=0x0000000b284f7380 mode 0
Event: 16.232 Thread 0x0000017338e02470 DEOPT PACKING pc=0x000001728091c2b1 sp=0x0000000b284f7c70
Event: 16.232 Thread 0x0000017338e02470 DEOPT UNPACKING pc=0x000001728fd84bc2 sp=0x0000000b284f7380 mode 0
Event: 16.252 Thread 0x0000017338e02470 DEOPT PACKING pc=0x000001728091c2b1 sp=0x0000000b284f7c70
Event: 16.252 Thread 0x0000017338e02470 DEOPT UNPACKING pc=0x000001728fd84bc2 sp=0x0000000b284f7380 mode 0
Event: 16.265 Thread 0x0000017338e02470 DEOPT PACKING pc=0x000001728091c2b1 sp=0x0000000b284f7c70
Event: 16.265 Thread 0x0000017338e02470 DEOPT UNPACKING pc=0x000001728fd84bc2 sp=0x0000000b284f7380 mode 0
Event: 16.277 Thread 0x0000017338e02470 DEOPT PACKING pc=0x000001728091b0ea sp=0x0000000b284f7c70
Event: 16.277 Thread 0x0000017338e02470 DEOPT UNPACKING pc=0x000001728fd84bc2 sp=0x0000000b284f7380 mode 0
Event: 16.300 Thread 0x0000017338e02470 DEOPT PACKING pc=0x000001728091b0ea sp=0x0000000b284f7c70
Event: 16.300 Thread 0x0000017338e02470 DEOPT UNPACKING pc=0x000001728fd84bc2 sp=0x0000000b284f7380 mode 0
Event: 16.328 Thread 0x0000017338e02470 DEOPT PACKING pc=0x000001728091b0ea sp=0x0000000b284f7c70
Event: 16.328 Thread 0x0000017338e02470 DEOPT UNPACKING pc=0x000001728fd84bc2 sp=0x0000000b284f7380 mode 0
Event: 16.338 Thread 0x0000017338e02470 DEOPT PACKING pc=0x000001728091b77f sp=0x0000000b284f7c70
Event: 16.338 Thread 0x0000017338e02470 DEOPT UNPACKING pc=0x000001728fd84bc2 sp=0x0000000b284f7380 mode 0

Classes loaded (20 events):
Event: 12.125 Loading class java/nio/charset/UnsupportedCharsetException
Event: 12.125 Loading class java/nio/charset/UnsupportedCharsetException done
Event: 12.128 Loading class java/util/Collections$UnmodifiableSortedMap
Event: 12.128 Loading class java/util/Collections$UnmodifiableSortedMap done
Event: 12.130 Loading class java/util/zip/Deflater
Event: 12.130 Loading class java/util/zip/Deflater done
Event: 12.135 Loading class java/util/zip/Deflater$DeflaterZStreamRef
Event: 12.135 Loading class java/util/zip/Deflater$DeflaterZStreamRef done
Event: 12.144 Loading class java/util/zip/ZipFile$ZipEntryIterator
Event: 12.144 Loading class java/util/zip/ZipFile$ZipEntryIterator done
Event: 12.186 Loading class java/nio/StringCharBuffer
Event: 12.186 Loading class java/nio/StringCharBuffer done
Event: 13.189 Loading class java/util/concurrent/LinkedBlockingDeque$Itr
Event: 13.189 Loading class java/util/concurrent/LinkedBlockingDeque$AbstractItr
Event: 13.189 Loading class java/util/concurrent/LinkedBlockingDeque$AbstractItr done
Event: 13.189 Loading class java/util/concurrent/LinkedBlockingDeque$Itr done
Event: 13.696 Loading class java/lang/foreign/MemorySegment
Event: 13.697 Loading class java/lang/foreign/MemorySegment done
Event: 14.584 Loading class java/util/regex/Pattern$Caret
Event: 14.585 Loading class java/util/regex/Pattern$Caret done

Classes unloaded (0 events):
No events

Classes redefined (0 events):
No events

Internal exceptions (20 events):
Event: 11.606 Thread 0x0000017338e02470 Exception <a 'java/lang/ClassNotFoundException'{0x0000000606928c98}: org/gradle/invocation/DefaultGradle_DecoratedCustomizer> (0x0000000606928c98) 
thrown [s\src\hotspot\share\classfile\systemDictionary.cpp, line 312]
Event: 11.753 Thread 0x0000017338e02470 Exception <a 'java/lang/NoSuchMethodError'{0x000000060662d950}: 'java.lang.Object java.lang.invoke.DirectMethodHandle$Holder.newInvokeSpecial(java.lang.Object, java.lang.Object, int, int)'> (0x000000060662d950) 
thrown [s\src\hotspot\share\interpreter\linkResolver.cpp, line 773]
Event: 11.760 Thread 0x0000017338e02470 Exception <a 'java/lang/NoSuchMethodError'{0x0000000606668910}: 'void java.lang.invoke.DirectMethodHandle$Holder.invokeSpecial(java.lang.Object, java.lang.Object, int)'> (0x0000000606668910) 
thrown [s\src\hotspot\share\interpreter\linkResolver.cpp, line 773]
Event: 11.761 Thread 0x0000017338e02470 Exception <a 'java/lang/NoSuchMethodError'{0x000000060666cbb8}: 'void java.lang.invoke.Invokers$Holder.invokeExact_MT(java.lang.Object, int, java.lang.Object)'> (0x000000060666cbb8) 
thrown [s\src\hotspot\share\interpreter\linkResolver.cpp, line 773]
Event: 11.766 Thread 0x0000017338e02470 Exception <a 'java/lang/IncompatibleClassChangeError'{0x00000006066826c0}: Found class java.lang.Object, but interface was expected> (0x00000006066826c0) 
thrown [s\src\hotspot\share\interpreter\linkResolver.cpp, line 840]
Event: 11.824 Thread 0x0000017338e02470 Exception <a 'sun/nio/fs/WindowsException'{0x000000060676dec0}> (0x000000060676dec0) 
thrown [s\src\hotspot\share\prims\jni.cpp, line 520]
Event: 11.826 Thread 0x0000017338e02470 Exception <a 'sun/nio/fs/WindowsException'{0x000000060676f3a8}> (0x000000060676f3a8) 
thrown [s\src\hotspot\share\prims\jni.cpp, line 520]
Event: 11.827 Thread 0x0000017338e02470 Exception <a 'sun/nio/fs/WindowsException'{0x0000000606770850}> (0x0000000606770850) 
thrown [s\src\hotspot\share\prims\jni.cpp, line 520]
Event: 11.828 Thread 0x0000017338e02470 Exception <a 'sun/nio/fs/WindowsException'{0x0000000606771918}> (0x0000000606771918) 
thrown [s\src\hotspot\share\prims\jni.cpp, line 520]
Event: 11.858 Thread 0x0000017338e02470 Exception <a 'java/lang/NoSuchMethodError'{0x00000006058a6208}: 'java.lang.Object java.lang.invoke.Invokers$Holder.invoker(java.lang.Object, java.lang.Object, java.lang.Object, java.lang.Object, java.lang.Object, java.lang.Object)'> (0x00000006058a6208) 
thrown [s\src\hotspot\share\interpreter\linkResolver.cpp, line 773]
Event: 11.894 Thread 0x0000017338e02470 Exception <a 'java/lang/NoSuchMethodError'{0x00000006059cab60}: 'java.lang.Object java.lang.invoke.DirectMethodHandle$Holder.invokeSpecial(java.lang.Object, java.lang.Object, java.lang.Object, java.lang.Object, java.lang.Object, java.lang.Object, java.lang.Object, java.lang.Object, java.lang.Object, java.lang.Object, java.lang.Object, java.lang.Object, java.lang.Object, java.lang.Object, java.lang.Object, java.lang.Object, java.lang.Object, java.lang.Object, java.lang.Object, java.lang.Object, java.lang.Ob
Event: 11.894 Thread 0x0000017338e02470 Exception <a 'java/lang/NoSuchMethodError'{0x00000006059d0c38}: 'java.lang.Object java.lang.invoke.DelegatingMethodHandle$Holder.reinvoke_L(java.lang.Object, java.lang.Object, java.lang.Object, java.lang.Object, java.lang.Object, java.lang.Object, java.lang.Object, java.lang.Object, java.lang.Object, java.lang.Object, java.lang.Object, java.lang.Object, java.lang.Object, java.lang.Object, java.lang.Object, java.lang.Object, java.lang.Object, java.lang.Object, java.lang.Object, java.lang.Object, java.lang.O
Event: 11.895 Thread 0x0000017338e02470 Exception <a 'java/lang/NoSuchMethodError'{0x00000006059dc2b0}: 'java.lang.Object java.lang.invoke.Invokers$Holder.invoker(java.lang.Object, java.lang.Object, java.lang.Object, java.lang.Object, java.lang.Object, java.lang.Object, java.lang.Object, java.lang.Object, java.lang.Object, java.lang.Object, java.lang.Object, java.lang.Object, java.lang.Object, java.lang.Object, java.lang.Object, java.lang.Object, java.lang.Object, java.lang.Object, java.lang.Object, java.lang.Object, java.lang.Object, java.lang.
Event: 11.895 Thread 0x0000017338e02470 Exception <a 'java/lang/NoSuchMethodError'{0x00000006059e2c38}: 'java.lang.Object java.lang.invoke.DelegatingMethodHandle$Holder.delegate(java.lang.Object, java.lang.Object, java.lang.Object, java.lang.Object, java.lang.Object, java.lang.Object, java.lang.Object, java.lang.Object, java.lang.Object, java.lang.Object, java.lang.Object, java.lang.Object, java.lang.Object, java.lang.Object, java.lang.Object, java.lang.Object, java.lang.Object, java.lang.Object, java.lang.Object, java.lang.Object, java.lang.Obj
Event: 11.905 Thread 0x0000017338e02470 Exception <a 'java/lang/NoSuchMethodError'{0x0000000605ab71f0}: 'java.lang.Object java.lang.invoke.DirectMethodHandle$Holder.invokeStatic(java.lang.Object, java.lang.Object, java.lang.Object, java.lang.Object, java.lang.Object, java.lang.Object, java.lang.Object, java.lang.Object, java.lang.Object, java.lang.Object, java.lang.Object, java.lang.Object, java.lang.Object, java.lang.Object, java.lang.Object, java.lang.Object, java.lang.Object, java.lang.Object, java.lang.Object, java.lang.Object, java.lang.Obj
Event: 11.911 Thread 0x0000017338e02470 Exception <a 'java/lang/NoSuchMethodError'{0x0000000605aecdf0}: 'java.lang.Object java.lang.invoke.DirectMethodHandle$Holder.invokeStatic(java.lang.Object, java.lang.Object, java.lang.Object, java.lang.Object, java.lang.Object, java.lang.Object, java.lang.Object, java.lang.Object, java.lang.Object, java.lang.Object, java.lang.Object, java.lang.Object, java.lang.Object, java.lang.Object, java.lang.Object, java.lang.Object, java.lang.Object, java.lang.Object, java.lang.Object, java.lang.Object, java.lang.Obj
Event: 12.113 Thread 0x0000017338e02470 Exception <a 'sun/nio/fs/WindowsException'{0x0000000603975428}> (0x0000000603975428) 
thrown [s\src\hotspot\share\prims\jni.cpp, line 520]
Event: 12.114 Thread 0x0000017338e02470 Exception <a 'sun/nio/fs/WindowsException'{0x00000006039769f0}> (0x00000006039769f0) 
thrown [s\src\hotspot\share\prims\jni.cpp, line 520]
Event: 12.146 Thread 0x0000017338e02470 Implicit null exception at 0x00000172904bc6ef to 0x00000172904bd29c
Event: 15.786 Thread 0x0000017338e02470 Implicit null exception at 0x000001729079947f to 0x000001729079b468

ZGC Phase Switch (0 events):
No events

VM Operations (20 events):
Event: 13.944 Executing safepoint VM operation: G1CollectForAllocation (G1 Evacuation Pause)
Event: 13.948 Executing safepoint VM operation: G1CollectForAllocation (G1 Evacuation Pause) done
Event: 14.172 Executing safepoint VM operation: G1CollectForAllocation (G1 Evacuation Pause)
Event: 14.175 Executing safepoint VM operation: G1CollectForAllocation (G1 Evacuation Pause) done
Event: 14.443 Executing safepoint VM operation: G1CollectForAllocation (G1 Evacuation Pause)
Event: 14.448 Executing safepoint VM operation: G1CollectForAllocation (G1 Evacuation Pause) done
Event: 14.767 Executing safepoint VM operation: G1CollectForAllocation (G1 Evacuation Pause)
Event: 14.772 Executing safepoint VM operation: G1CollectForAllocation (G1 Evacuation Pause) done
Event: 15.081 Executing safepoint VM operation: G1CollectForAllocation (G1 Evacuation Pause)
Event: 15.086 Executing safepoint VM operation: G1CollectForAllocation (G1 Evacuation Pause) done
Event: 15.413 Executing safepoint VM operation: G1CollectForAllocation (G1 Evacuation Pause)
Event: 15.419 Executing safepoint VM operation: G1CollectForAllocation (G1 Evacuation Pause) done
Event: 15.650 Executing safepoint VM operation: G1CollectForAllocation (G1 Evacuation Pause)
Event: 15.655 Executing safepoint VM operation: G1CollectForAllocation (G1 Evacuation Pause) done
Event: 15.932 Executing safepoint VM operation: G1CollectForAllocation (G1 Evacuation Pause)
Event: 15.937 Executing safepoint VM operation: G1CollectForAllocation (G1 Evacuation Pause) done
Event: 16.192 Executing safepoint VM operation: G1CollectForAllocation (G1 Evacuation Pause)
Event: 16.200 Executing safepoint VM operation: G1CollectForAllocation (G1 Evacuation Pause) done
Event: 17.201 Executing safepoint VM operation: Cleanup
Event: 17.201 Executing safepoint VM operation: Cleanup done

Memory protections (0 events):
No events

Nmethod flushes (20 events):
Event: 9.673 Thread 0x00000172ef1d7d70 flushing  nmethod 0x0000017280172010
Event: 9.673 Thread 0x00000172ef1d7d70 flushing  nmethod 0x0000017280173a90
Event: 9.673 Thread 0x00000172ef1d7d70 flushing  nmethod 0x0000017280174010
Event: 9.673 Thread 0x00000172ef1d7d70 flushing  nmethod 0x0000017280174710
Event: 9.673 Thread 0x00000172ef1d7d70 flushing  nmethod 0x0000017280197010
Event: 9.673 Thread 0x00000172ef1d7d70 flushing  nmethod 0x0000017280198890
Event: 9.673 Thread 0x00000172ef1d7d70 flushing  nmethod 0x0000017280199190
Event: 9.673 Thread 0x00000172ef1d7d70 flushing  nmethod 0x000001728019a010
Event: 9.673 Thread 0x00000172ef1d7d70 flushing  nmethod 0x000001728019a490
Event: 9.673 Thread 0x00000172ef1d7d70 flushing  nmethod 0x000001728019cb10
Event: 9.673 Thread 0x00000172ef1d7d70 flushing  nmethod 0x000001728019d710
Event: 9.673 Thread 0x00000172ef1d7d70 flushing  nmethod 0x00000172801a6490
Event: 9.673 Thread 0x00000172ef1d7d70 flushing  nmethod 0x00000172801a9510
Event: 9.673 Thread 0x00000172ef1d7d70 flushing  nmethod 0x00000172801aa390
Event: 9.673 Thread 0x00000172ef1d7d70 flushing  nmethod 0x00000172801ac390
Event: 9.673 Thread 0x00000172ef1d7d70 flushing  nmethod 0x00000172801bd110
Event: 9.673 Thread 0x00000172ef1d7d70 flushing  nmethod 0x00000172801bf010
Event: 9.673 Thread 0x00000172ef1d7d70 flushing  nmethod 0x0000017280424a90
Event: 9.673 Thread 0x00000172ef1d7d70 flushing  nmethod 0x000001728056d610
Event: 9.673 Thread 0x00000172ef1d7d70 flushing  nmethod 0x000001728056da90

Events (20 events):
Event: 3.726 Thread 0x000001733731ca50 Thread exited: 0x000001733731ca50
Event: 4.510 Thread 0x0000017338e02470 Thread added: 0x0000017338dfeff0
Event: 4.529 Thread 0x0000017338e02470 Thread added: 0x0000017338dff680
Event: 4.577 Thread 0x00000172ef227120 Thread added: 0x0000017339279030
Event: 4.608 Thread 0x0000017338e02470 Thread added: 0x0000017338dffd10
Event: 5.751 Thread 0x00000172ef227120 Thread added: 0x00000173398a0ec0
Event: 6.786 Thread 0x0000017338e02470 Thread added: 0x0000017338e003a0
Event: 6.813 Thread 0x0000017338e02470 Thread added: 0x000001733969f2d0
Event: 6.965 Thread 0x00000173398a0ec0 Thread exited: 0x00000173398a0ec0
Event: 7.198 Thread 0x0000017338e02470 Thread added: 0x000001733969ec40
Event: 7.209 Thread 0x0000017338e02470 Thread added: 0x000001733969df20
Event: 7.652 Thread 0x0000017339279030 Thread exited: 0x0000017339279030
Event: 7.859 Thread 0x00000172ef227120 Thread added: 0x000001733a68e780
Event: 7.988 Thread 0x000001733a68e780 Thread exited: 0x000001733a68e780
Event: 8.003 Thread 0x00000172ef2043f0 Thread added: 0x000001733a690990
Event: 8.097 Thread 0x00000172ef227120 Thread added: 0x000001733a68ee50
Event: 9.459 Thread 0x0000017338e02470 Thread added: 0x000001733969f960
Event: 11.000 Thread 0x0000017338e02470 Thread added: 0x000001733969fff0
Event: 11.329 Thread 0x0000017338e02470 Thread added: 0x000001733969d890
Event: 11.393 Thread 0x0000017338e02470 Thread added: 0x000001733969e5b0


Dynamic libraries:
0x00007ff624000000 - 0x00007ff62400e000 	C:\Users\HP\.antigravity\extensions\redhat.java-1.54.0-win32-x64\jre\21.0.10-win32-x86_64\bin\java.exe
0x00007ffdec620000 - 0x00007ffdec887000 	C:\WINDOWS\SYSTEM32\ntdll.dll
0x00007ffdab7d0000 - 0x00007ffdab7f1000 	C:\Program Files\Avast Software\Avast\aswhook.dll
0x00007ffdeab90000 - 0x00007ffdeac59000 	C:\WINDOWS\System32\KERNEL32.DLL
0x00007ffde8f70000 - 0x00007ffde9364000 	C:\WINDOWS\System32\KERNELBASE.dll
0x00007ffdea0b0000 - 0x00007ffdea1fb000 	C:\WINDOWS\System32\ucrtbase.dll
0x00007ffdd6790000 - 0x00007ffdd67a8000 	C:\Users\HP\.antigravity\extensions\redhat.java-1.54.0-win32-x64\jre\21.0.10-win32-x86_64\bin\jli.dll
0x00007ffdd2c70000 - 0x00007ffdd2c8e000 	C:\Users\HP\.antigravity\extensions\redhat.java-1.54.0-win32-x64\jre\21.0.10-win32-x86_64\bin\VCRUNTIME140.dll
0x00007ffdebf90000 - 0x00007ffdec155000 	C:\WINDOWS\System32\USER32.dll
0x00007ffdea080000 - 0x00007ffdea0a7000 	C:\WINDOWS\System32\win32u.dll
0x00007ffdea4e0000 - 0x00007ffdea50b000 	C:\WINDOWS\System32\GDI32.dll
0x00007ffde9f50000 - 0x00007ffdea07b000 	C:\WINDOWS\System32\gdi32full.dll
0x00007ffde9370000 - 0x00007ffde9413000 	C:\WINDOWS\System32\msvcp_win.dll
0x00007ffdc4270000 - 0x00007ffdc4503000 	C:\WINDOWS\WinSxS\amd64_microsoft.windows.common-controls_6595b64144ccf1df_6.0.26100.8115_none_3e075c82e3354f9c\COMCTL32.dll
0x00007ffdead60000 - 0x00007ffdeae09000 	C:\WINDOWS\System32\msvcrt.dll
0x00007ffdea380000 - 0x00007ffdea3b2000 	C:\WINDOWS\System32\IMM32.DLL
0x00007ffde5ea0000 - 0x00007ffde5eac000 	C:\Users\HP\.antigravity\extensions\redhat.java-1.54.0-win32-x64\jre\21.0.10-win32-x86_64\bin\vcruntime140_1.dll
0x00007ffdc1750000 - 0x00007ffdc17dd000 	C:\Users\HP\.antigravity\extensions\redhat.java-1.54.0-win32-x64\jre\21.0.10-win32-x86_64\bin\msvcp140.dll
0x00007ffd55450000 - 0x00007ffd561f1000 	C:\Users\HP\.antigravity\extensions\redhat.java-1.54.0-win32-x64\jre\21.0.10-win32-x86_64\bin\server\jvm.dll
0x00007ffdeb440000 - 0x00007ffdeb4f6000 	C:\WINDOWS\System32\ADVAPI32.dll
0x00007ffdea750000 - 0x00007ffdea7f7000 	C:\WINDOWS\System32\sechost.dll
0x00007ffdebc70000 - 0x00007ffdebd88000 	C:\WINDOWS\System32\RPCRT4.dll
0x00007ffdea3c0000 - 0x00007ffdea440000 	C:\WINDOWS\System32\WS2_32.dll
0x00007ffdd4c50000 - 0x00007ffdd4c5b000 	C:\WINDOWS\SYSTEM32\VERSION.dll
0x00007ffde8d20000 - 0x00007ffde8d7e000 	C:\WINDOWS\SYSTEM32\POWRPROF.dll
0x00007ffde26d0000 - 0x00007ffde2706000 	C:\WINDOWS\SYSTEM32\WINMM.dll
0x00007ffde8d00000 - 0x00007ffde8d14000 	C:\WINDOWS\SYSTEM32\UMPDC.dll
0x00007ffde7c50000 - 0x00007ffde7c6b000 	C:\WINDOWS\SYSTEM32\kernel.appcore.dll
0x00007ffdd4630000 - 0x00007ffdd463a000 	C:\Users\HP\.antigravity\extensions\redhat.java-1.54.0-win32-x64\jre\21.0.10-win32-x86_64\bin\jimage.dll
0x00007ffde6e50000 - 0x00007ffde7092000 	C:\WINDOWS\SYSTEM32\DBGHELP.DLL
0x00007ffdec220000 - 0x00007ffdec5a2000 	C:\WINDOWS\System32\combase.dll
0x00007ffdea670000 - 0x00007ffdea748000 	C:\WINDOWS\System32\OLEAUT32.dll
0x00007ffdd4740000 - 0x00007ffdd477b000 	C:\WINDOWS\SYSTEM32\dbgcore.DLL
0x00007ffde8ec0000 - 0x00007ffde8f65000 	C:\WINDOWS\System32\bcryptPrimitives.dll
0x00007ffdcc430000 - 0x00007ffdcc43f000 	C:\Users\HP\.antigravity\extensions\redhat.java-1.54.0-win32-x64\jre\21.0.10-win32-x86_64\bin\instrument.dll
0x00007ffdcc410000 - 0x00007ffdcc430000 	C:\Users\HP\.antigravity\extensions\redhat.java-1.54.0-win32-x64\jre\21.0.10-win32-x86_64\bin\java.dll
0x00007ffdeb500000 - 0x00007ffdebc67000 	C:\WINDOWS\System32\SHELL32.dll
0x00007ffde9de0000 - 0x00007ffde9f4a000 	C:\WINDOWS\System32\wintypes.dll
0x00007ffde9420000 - 0x00007ffde9c88000 	C:\WINDOWS\System32\windows.storage.dll
0x00007ffdea540000 - 0x00007ffdea638000 	C:\WINDOWS\System32\SHCORE.dll
0x00007ffdeab20000 - 0x00007ffdeab86000 	C:\WINDOWS\System32\shlwapi.dll
0x00007ffde8de0000 - 0x00007ffde8e09000 	C:\WINDOWS\SYSTEM32\profapi.dll
0x00007ffdc3e20000 - 0x00007ffdc3e38000 	C:\Users\HP\.antigravity\extensions\redhat.java-1.54.0-win32-x64\jre\21.0.10-win32-x86_64\bin\zip.dll
0x00007ffdc2aa0000 - 0x00007ffdc2ab0000 	C:\Users\HP\.antigravity\extensions\redhat.java-1.54.0-win32-x64\jre\21.0.10-win32-x86_64\bin\net.dll
0x00007ffddfe50000 - 0x00007ffddff7d000 	C:\WINDOWS\SYSTEM32\WINHTTP.dll
0x00007ffde81c0000 - 0x00007ffde822c000 	C:\WINDOWS\system32\mswsock.dll
0x00007ffdc2850000 - 0x00007ffdc2866000 	C:\Users\HP\.antigravity\extensions\redhat.java-1.54.0-win32-x64\jre\21.0.10-win32-x86_64\bin\nio.dll
0x00007ffdc2930000 - 0x00007ffdc2940000 	C:\Users\HP\.antigravity\extensions\redhat.java-1.54.0-win32-x64\jre\21.0.10-win32-x86_64\bin\verify.dll
0x00007ffde3ec0000 - 0x00007ffde3ee7000 	C:\Users\HP\.gradle\native\1def1411415f61bf3af743bc5b6707747c0891f09f0c88961ee8f79bc544acac\windows-amd64\native-platform.dll
0x00007ffdc2630000 - 0x00007ffdc26a8000 	C:\Users\HP\.gradle\native\0.2.7\x86_64-windows-gnu\gradle-fileevents.dll
0x00007ffdc1ab0000 - 0x00007ffdc1aba000 	C:\Users\HP\.antigravity\extensions\redhat.java-1.54.0-win32-x64\jre\21.0.10-win32-x86_64\bin\management.dll
0x00007ffdc1aa0000 - 0x00007ffdc1aac000 	C:\Users\HP\.antigravity\extensions\redhat.java-1.54.0-win32-x64\jre\21.0.10-win32-x86_64\bin\management_ext.dll
0x00007ffdea640000 - 0x00007ffdea648000 	C:\WINDOWS\System32\PSAPI.DLL
0x00007ffde7650000 - 0x00007ffde7682000 	C:\WINDOWS\SYSTEM32\IPHLPAPI.DLL
0x00007ffdea660000 - 0x00007ffdea66a000 	C:\WINDOWS\System32\NSI.dll
0x00007ffdc16e0000 - 0x00007ffdc16e9000 	C:\Users\HP\.antigravity\extensions\redhat.java-1.54.0-win32-x64\jre\21.0.10-win32-x86_64\bin\extnet.dll
0x00007ffde84b0000 - 0x00007ffde84cb000 	C:\WINDOWS\SYSTEM32\CRYPTSP.dll
0x00007ffde7bb0000 - 0x00007ffde7be9000 	C:\WINDOWS\system32\rsaenh.dll
0x00007ffde8270000 - 0x00007ffde82a3000 	C:\WINDOWS\SYSTEM32\USERENV.dll
0x00007ffde8db0000 - 0x00007ffde8dda000 	C:\WINDOWS\SYSTEM32\bcrypt.dll
0x00007ffde84a0000 - 0x00007ffde84ac000 	C:\WINDOWS\SYSTEM32\CRYPTBASE.dll
0x00007ffdc16f0000 - 0x00007ffdc16fe000 	C:\Users\HP\.antigravity\extensions\redhat.java-1.54.0-win32-x64\jre\21.0.10-win32-x86_64\bin\sunmscapi.dll
0x00007ffdea200000 - 0x00007ffdea377000 	C:\WINDOWS\System32\CRYPT32.dll
0x00007ffde86c0000 - 0x00007ffde86f0000 	C:\WINDOWS\SYSTEM32\ncrypt.dll
0x00007ffde8670000 - 0x00007ffde86af000 	C:\WINDOWS\SYSTEM32\NTASN1.dll
0x00007ffd99290000 - 0x00007ffd99298000 	C:\WINDOWS\system32\wshunix.dll

JVMTI agents:
C:\Users\HP\.gradle\wrapper\dists\gradle-8.14-all\c2qonpi39x1mddn7hk5gh9iqj\gradle-8.14\lib\agents\gradle-instrumentation-agent-8.14.jar path:C:\Users\HP\.antigravity\extensions\redhat.java-1.54.0-win32-x64\jre\21.0.10-win32-x86_64\bin\instrument.dll, loaded, initialized, instrumentlib options:none

dbghelp: loaded successfully - version: 4.0.5 - missing functions: none
symbol engine: initialized successfully - sym options: 0x614 - pdb path: .;C:\Users\HP\.antigravity\extensions\redhat.java-1.54.0-win32-x64\jre\21.0.10-win32-x86_64\bin;C:\WINDOWS\SYSTEM32;C:\Program Files\Avast Software\Avast;C:\WINDOWS\WinSxS\amd64_microsoft.windows.common-controls_6595b64144ccf1df_6.0.26100.8115_none_3e075c82e3354f9c;C:\Users\HP\.antigravity\extensions\redhat.java-1.54.0-win32-x64\jre\21.0.10-win32-x86_64\bin\server;C:\Users\HP\.gradle\native\1def1411415f61bf3af743bc5b6707747c0891f09f0c88961ee8f79bc544acac\windows-amd64;C:\Users\HP\.gradle\native\0.2.7\x86_64-windows-gnu

VM Arguments:
jvm_args: --add-opens=java.base/java.lang=ALL-UNNAMED --add-opens=java.base/java.lang.invoke=ALL-UNNAMED --add-opens=java.base/java.util=ALL-UNNAMED --add-opens=java.prefs/java.util.prefs=ALL-UNNAMED --add-exports=jdk.compiler/com.sun.tools.javac.api=ALL-UNNAMED --add-exports=jdk.compiler/com.sun.tools.javac.util=ALL-UNNAMED --add-opens=java.base/java.util=ALL-UNNAMED --add-opens=java.prefs/java.util.prefs=ALL-UNNAMED --add-opens=java.base/java.nio.charset=ALL-UNNAMED --add-opens=java.base/java.net=ALL-UNNAMED --add-opens=java.base/java.util.concurrent.atomic=ALL-UNNAMED --add-opens=java.xml/javax.xml.namespace=ALL-UNNAMED -XX:MaxMetaspaceSize=4G -XX:ReservedCodeCacheSize=512m -XX:+HeapDumpOnOutOfMemoryError -Xmx8G -Dfile.encoding=UTF-8 -Duser.country=FR -Duser.language=fr -Duser.variant -javaagent:C:\Users\HP\.gradle\wrapper\dists\gradle-8.14-all\c2qonpi39x1mddn7hk5gh9iqj\gradle-8.14\lib\agents\gradle-instrumentation-agent-8.14.jar 
java_command: org.gradle.launcher.daemon.bootstrap.GradleDaemon 8.14
java_class_path (initial): C:\Users\HP\.gradle\wrapper\dists\gradle-8.14-all\c2qonpi39x1mddn7hk5gh9iqj\gradle-8.14\lib\gradle-daemon-main-8.14.jar
Launcher Type: SUN_STANDARD

[Global flags]
     intx CICompilerCount                          = 4                                         {product} {ergonomic}
     uint ConcGCThreads                            = 3                                         {product} {ergonomic}
     uint G1ConcRefinementThreads                  = 10                                        {product} {ergonomic}
   size_t G1HeapRegionSize                         = 4194304                                   {product} {ergonomic}
    uintx GCDrainStackTargetSize                   = 64                                        {product} {ergonomic}
     bool HeapDumpOnOutOfMemoryError               = true                                   {manageable} {command line}
   size_t InitialHeapSize                          = 130023424                                 {product} {ergonomic}
   size_t MarkStackSize                            = 4194304                                   {product} {ergonomic}
   size_t MaxHeapSize                              = 8589934592                                {product} {command line}
   size_t MaxMetaspaceSize                         = 4294967296                                {product} {command line}
   size_t MaxNewSize                               = 5150605312                                {product} {ergonomic}
   size_t MinHeapDeltaBytes                        = 4194304                                   {product} {ergonomic}
   size_t MinHeapSize                              = 8388608                                   {product} {ergonomic}
    uintx NonNMethodCodeHeapSize                   = 5839372                                {pd product} {ergonomic}
    uintx NonProfiledCodeHeapSize                  = 265515770                              {pd product} {ergonomic}
    uintx ProfiledCodeHeapSize                     = 265515770                              {pd product} {ergonomic}
    uintx ReservedCodeCacheSize                    = 536870912                              {pd product} {command line}
     bool SegmentedCodeCache                       = true                                      {product} {ergonomic}
   size_t SoftMaxHeapSize                          = 8589934592                             {manageable} {ergonomic}
     bool UseCompressedOops                        = true                           {product lp64_product} {ergonomic}
     bool UseG1GC                                  = true                                      {product} {ergonomic}
     bool UseLargePagesIndividualAllocation        = false                                  {pd product} {ergonomic}

Logging:
Log output configuration:
 #0: stdout all=warning uptime,level,tags foldmultilines=false
 #1: stderr all=off uptime,level,tags foldmultilines=false

Release file:
JAVA_VERSION="21.0.10" 
MODULES="java.base java.compiler java.datatransfer java.xml java.prefs java.desktop java.instrument java.logging java.management java.security.sasl java.naming java.rmi java.management.rmi java.net.http java.scripting java.security.jgss java.transaction.xa java.sql java.sql.rowset java.xml.crypto java.se java.smartcardio jdk.accessibility jdk.internal.jvmstat jdk.attach jdk.charsets jdk.internal.opt jdk.zipfs jdk.compiler jdk.crypto.ec jdk.crypto.cryptoki jdk.crypto.mscapi jdk.dynalink jdk.internal.ed jdk.editpad jdk.hotspot.agent jdk.httpserver jdk.internal.le jdk.internal.vm.ci jdk.internal.vm.compiler jdk.internal.vm.compiler.management jdk.jartool jdk.javadoc jdk.jcmd jdk.management jdk.management.agent jdk.jconsole jdk.jdeps jdk.jdwp.agent jdk.jdi jdk.jfr jdk.jshell jdk.jsobject jdk.jstatd jdk.localedata jdk.management.jfr jdk.naming.dns jdk.naming.rmi jdk.net jdk.nio.mapmode jdk.random jdk.sctp jdk.security.auth jdk.security.jgss jdk.unsupported jdk.unsupported.desktop jdk.xml.dom" 

Environment Variables:
PATH=C:\Program Files\Common Files\Oracle\Java\javapath;C:\Program Files (x86)\Common Files\Oracle\Java\java8path;C:\Program Files (x86)\Common Files\Oracle\Java\javapath;C:\ORC\ORACLEE\bin;C:\app\HP\product\21c\dbhomeXE\bin;E:\oracle21\ORACL\bin;C:\Dossier_Oracle21c\Oracle21c\bin;C:\WINDOWS\system32;C:\WINDOWS;C:\WINDOWS\System32\Wbem;C:\WINDOWS\System32\WindowsPowerShell\v1.0\;C:\WINDOWS\System32\OpenSSH\;c:\Program Files (x86)\Microsoft SQL Server\100\Tools\Binn\;c:\Program Files\Microsoft SQL Server\100\Tools\Binn\;c:\Program Files\Microsoft SQL Server\100\DTS\Binn\;C:\appliiiiiii\flutter_windows_3.35.7-stable.zip\flutter\bin;C:\Program Files\Docker\Docker\resources\bin;C:\Program Files\Git\cmd;C:\Program Files\nodejs\;C:\Users\HP\AppData\Local\Programs\Python\Python313\Scripts\;C:\Users\HP\AppData\Local\Programs\Python\Python313\;C:\Users\HP\AppData\Local\Programs\Python\Launcher\;C:\Users\HP\AppData\Local\Microsoft\WindowsApps;C:\Users\HP\AppData\Local\Programs\Microsoft VS Code\bin;C:\Users\HP\AppData\Local\Python\bin;C:\Users\HP\AppData\Roaming\npm;C:\Users\HP\AppData\Local\Programs\Antigravity\bin
USERNAME=HP
OS=Windows_NT
PROCESSOR_IDENTIFIER=Intel64 Family 6 Model 186 Stepping 3, GenuineIntel
TMP=C:\Users\HP\AppData\Local\Temp
TEMP=C:\Users\HP\AppData\Local\Temp




Periodic native trim disabled

---------------  S Y S T E M  ---------------

OS:
 Windows 11 , 64 bit Build 26100 (10.0.26100.8246)
OS uptime: 0 days 0:11 hours
Hyper-V role detected

CPU: total 12 (initial active 12) (6 cores per cpu, 2 threads per core) family 6 model 186 stepping 3 microcode 0x4121, cx8, cmov, fxsr, ht, mmx, 3dnowpref, sse, sse2, sse3, ssse3, sse4.1, sse4.2, popcnt, lzcnt, tsc, tscinvbit, avx, avx2, aes, erms, clmul, bmi1, bmi2, adx, sha, fma, vzeroupper, clflush, clflushopt, clwb, hv, serialize, rdtscp, rdpid, fsrm, f16c, cet_ibt, cet_ss
Processor Information for processor 0
  Max Mhz: 1300, Current Mhz: 1300, Mhz Limit: 1300
Processor Information for processor 1
  Max Mhz: 1300, Current Mhz: 1300, Mhz Limit: 1300
Processor Information for processor 2
  Max Mhz: 1300, Current Mhz: 1300, Mhz Limit: 1300
Processor Information for processor 3
  Max Mhz: 1300, Current Mhz: 1300, Mhz Limit: 1300
Processor Information for processor 4
  Max Mhz: 1300, Current Mhz: 900, Mhz Limit: 897
Processor Information for processor 5
  Max Mhz: 1300, Current Mhz: 900, Mhz Limit: 897
Processor Information for processor 6
  Max Mhz: 1300, Current Mhz: 900, Mhz Limit: 897
Processor Information for processor 7
  Max Mhz: 1300, Current Mhz: 900, Mhz Limit: 897
Processor Information for processor 8
  Max Mhz: 1300, Current Mhz: 900, Mhz Limit: 897
Processor Information for processor 9
  Max Mhz: 1300, Current Mhz: 900, Mhz Limit: 897
Processor Information for processor 10
  Max Mhz: 1300, Current Mhz: 900, Mhz Limit: 897
Processor Information for processor 11
  Max Mhz: 1300, Current Mhz: 900, Mhz Limit: 897

Memory: 4k page, system-wide physical 7835M (470M free)
TotalPageFile size 11931M (AvailPageFile size 26M)
current process WorkingSet (physical memory assigned to process): 435M, peak: 448M
current process commit charge ("private bytes"): 479M, peak: 494M

vm_info: OpenJDK 64-Bit Server VM (21.0.10+7-LTS) for windows-amd64 JRE (21.0.10+7-LTS), built on 2026-01-20T00:00:00Z by "admin" with MS VC++ 17.12 (VS2022)

END.
