#
# There is insufficient memory for the Java Runtime Environment to continue.
# Native memory allocation (malloc) failed to allocate 1374752 bytes. Error detail: Chunk::new
# Possible reasons:
#   The system is out of physical RAM or swap space
#   This process is running with CompressedOops enabled, and the Java Heap may be blocking the growth of the native heap
# Possible solutions:
#   Reduce memory load on the system
#   Increase physical memory or swap space
#   Check if swap backing store is full
#   Decrease Java heap size (-Xmx/-Xms)
#   Decrease number of Java threads
#   Decrease Java thread stack sizes (-Xss)
#   Set larger code cache with -XX:ReservedCodeCacheSize=
#   JVM is running with Unscaled Compressed Oops mode in which the Java heap is
#     placed in the first 4GB address space. The Java Heap base address is the
#     maximum limit for the native heap growth. Please use -XX:HeapBaseMinAddress
#     to set the Java Heap base and to place the Java Heap above 4GB virtual address.
# This output file may be truncated or incomplete.
#
#  Out of Memory Error (arena.cpp:168), pid=12752, tid=13580
#
# JRE version: OpenJDK Runtime Environment Temurin-21.0.10+7 (21.0.10+7) (build 21.0.10+7-LTS)
# Java VM: OpenJDK 64-Bit Server VM Temurin-21.0.10+7 (21.0.10+7-LTS, mixed mode, sharing, tiered, compressed oops, compressed class ptrs, parallel gc, windows-amd64)
# No core dump will be written. Minidumps are not enabled by default on client versions of Windows
#

---------------  S U M M A R Y ------------

Command Line: --add-modules=ALL-SYSTEM --add-opens=java.base/java.util=ALL-UNNAMED --add-opens=java.base/java.lang=ALL-UNNAMED --add-opens=java.base/sun.nio.fs=ALL-UNNAMED -Declipse.application=org.eclipse.jdt.ls.core.id1 -Dosgi.bundles.defaultStartLevel=4 -Declipse.product=org.eclipse.jdt.ls.core.product -Djava.import.generatesMetadataFilesAtProjectRoot=false -DDetectVMInstallationsJob.disabled=true -Dfile.encoding=utf8 -XX:+UseParallelGC -XX:GCTimeRatio=4 -XX:AdaptiveSizePolicyWeight=90 -Dsun.zip.disableMemoryMapping=true -Xmx2G -Xms100m -Xlog:disable -javaagent:c:\Users\HP\.antigravity\extensions\redhat.java-1.54.0-win32-x64\lombok\lombok-1.18.39-4050.jar -XX:+HeapDumpOnOutOfMemoryError -XX:HeapDumpPath=c:\Users\HP\AppData\Roaming\Antigravity\User\workspaceStorage\bb6f58697517b49f76eb8e851445a514\redhat.java -Daether.dependencyCollector.impl=bf c:\Users\HP\.antigravity\extensions\redhat.java-1.54.0-win32-x64\server\plugins\org.eclipse.equinox.launcher_1.7.100.v20251111-0406.jar -configuration c:\Users\HP\AppData\Roaming\Antigravity\User\globalStorage\redhat.java\1.54.0\config_win -data c:\Users\HP\AppData\Roaming\Antigravity\User\workspaceStorage\bb6f58697517b49f76eb8e851445a514\redhat.java\jdt_ws --pipe=\\.\pipe\lsp-9e578b5e28a4cc6252478025d3ca5f9e-sock

Host: 13th Gen Intel(R) Core(TM) i5-1335U, 12 cores, 7G,  Windows 11 , 64 bit Build 26100 (10.0.26100.8246)
Time: Tue Apr 28 19:23:47 2026 Greenwich elapsed time: 24.296326 seconds (0d 0h 0m 24s)

---------------  T H R E A D  ---------------

Current thread (0x0000029407146d60):  JavaThread "C2 CompilerThread1" daemon [_thread_in_native, id=13580, stack(0x000000e40e700000,0x000000e40e800000) (1024K)]


Current CompileTask:
C2:24296 9995       4       org.eclipse.jdt.internal.compiler.parser.Parser::consumeRule (7843 bytes)

Stack: [0x000000e40e700000,0x000000e40e800000]
Native frames: (J=compiled Java code, j=interpreted, Vv=VM code, C=native code)
V  [jvm.dll+0x6d7a39]
V  [jvm.dll+0x8b4b26]
V  [jvm.dll+0x8b70de]
V  [jvm.dll+0x8b77c3]
V  [jvm.dll+0x284346]
V  [jvm.dll+0xc66ed]
V  [jvm.dll+0xc6c31]
V  [jvm.dll+0x3bec3b]
V  [jvm.dll+0x38b162]
V  [jvm.dll+0x38a5aa]
V  [jvm.dll+0x24c560]
V  [jvm.dll+0x24bb40]
V  [jvm.dll+0x1cb34e]
V  [jvm.dll+0x25b85d]
V  [jvm.dll+0x259dea]
V  [jvm.dll+0x3f857e]
V  [jvm.dll+0x85f59d]
V  [jvm.dll+0x6d626d]
C  [ucrtbase.dll+0x37b0]
C  [KERNEL32.DLL+0x2e8d7]
C  [ntdll.dll+0x8c3fc]


---------------  P R O C E S S  ---------------

Threads class SMR info:
_java_thread_list=0x000002940f0f2ee0, length=89, elements={
0x00000294250a8b10, 0x00000294275043b0, 0x00000294275077a0, 0x000002942750ae30,
0x000002942750bf70, 0x000002942750ff40, 0x0000029427518460, 0x000002942751e8f0,
0x0000029400363a10, 0x00000294005551e0, 0x00000294006b0ae0, 0x000002940150efd0,
0x0000029401b03210, 0x0000029401af56b0, 0x000002940621fc90, 0x000002940616c1e0,
0x0000029406709260, 0x0000029406a43060, 0x0000029406a43d80, 0x0000029406a42340,
0x0000029406a436f0, 0x0000029406a45130, 0x0000029406a44410, 0x0000029406a44aa0,
0x0000029406a457c0, 0x0000029406d3d400, 0x0000029406d3c050, 0x0000029406d3e120,
0x0000029406d3b9c0, 0x0000029406d3e7b0, 0x0000029406d3da90, 0x0000029406d3b330,
0x0000029406d3ee40, 0x0000029406d3fb60, 0x0000029406d3f4d0, 0x0000029406d3c6e0,
0x0000029406d3cd70, 0x0000029406d415a0, 0x0000029406d41c30, 0x0000029406d422c0,
0x0000029406d42950, 0x0000029406d401f0, 0x0000029406d40f10, 0x0000029408dfd590,
0x0000029408dfcf00, 0x0000029408dfbb50, 0x0000029408dff660, 0x0000029408dffcf0,
0x0000029408e00380, 0x0000029408e01730, 0x0000029408e00a10, 0x0000029408dfe2b0,
0x0000029408e010a0, 0x0000029408e02ae0, 0x0000029408e03170, 0x0000029408e01dc0,
0x000002940f540550, 0x000002940f53f1a0, 0x000002940f540be0, 0x000002940f53f830,
0x000002940f53fec0, 0x000002940f544d80, 0x000002940f541900, 0x000002940f542620,
0x000002940f545410, 0x000002940f5439d0, 0x000002940f5446f0, 0x000002940f541f90,
0x000002940f545aa0, 0x000002940f546130, 0x000002940f542cb0, 0x000002940f5467c0,
0x0000029408dfdc20, 0x00000294073e74d0, 0x00000294073e6120, 0x00000294073e7b60,
0x00000294073e8880, 0x00000294073e81f0, 0x00000294073e5a90, 0x00000294073eafe0,
0x00000294073ea950, 0x00000294073ec390, 0x00000294073eb670, 0x00000294073eca20,
0x00000294073e9c30, 0x0000029407146d60, 0x0000029407145fc0, 0x00000294073ebd00,
0x000002940ea11cc0
}

Java Threads: ( => current thread )
  0x00000294250a8b10 JavaThread "main"                              [_thread_blocked, id=18288, stack(0x000000e40c600000,0x000000e40c700000) (1024K)]
  0x00000294275043b0 JavaThread "Reference Handler"          daemon [_thread_blocked, id=18504, stack(0x000000e40ca00000,0x000000e40cb00000) (1024K)]
  0x00000294275077a0 JavaThread "Finalizer"                  daemon [_thread_blocked, id=12236, stack(0x000000e40cb00000,0x000000e40cc00000) (1024K)]
  0x000002942750ae30 JavaThread "Signal Dispatcher"          daemon [_thread_blocked, id=2396, stack(0x000000e40cc00000,0x000000e40cd00000) (1024K)]
  0x000002942750bf70 JavaThread "Attach Listener"            daemon [_thread_blocked, id=9968, stack(0x000000e40cd00000,0x000000e40ce00000) (1024K)]
  0x000002942750ff40 JavaThread "Service Thread"             daemon [_thread_blocked, id=10264, stack(0x000000e40ce00000,0x000000e40cf00000) (1024K)]
  0x0000029427518460 JavaThread "Monitor Deflation Thread"   daemon [_thread_blocked, id=15520, stack(0x000000e40cf00000,0x000000e40d000000) (1024K)]
  0x000002942751e8f0 JavaThread "C2 CompilerThread0"         daemon [_thread_in_native, id=11680, stack(0x000000e40d000000,0x000000e40d100000) (1024K)]
  0x0000029400363a10 JavaThread "C1 CompilerThread0"         daemon [_thread_blocked, id=5260, stack(0x000000e40d100000,0x000000e40d200000) (1024K)]
  0x00000294005551e0 JavaThread "Common-Cleaner"             daemon [_thread_blocked, id=20296, stack(0x000000e40d300000,0x000000e40d400000) (1024K)]
  0x00000294006b0ae0 JavaThread "Notification Thread"        daemon [_thread_blocked, id=20980, stack(0x000000e40d400000,0x000000e40d500000) (1024K)]
  0x000002940150efd0 JavaThread "Active Thread: Equinox Container: 9bcda409-1b2d-4e16-bf5b-e5f504cce877"        [_thread_blocked, id=21780, stack(0x000000e40dc00000,0x000000e40dd00000) (1024K)]
  0x0000029401b03210 JavaThread "Refresh Thread: Equinox Container: 9bcda409-1b2d-4e16-bf5b-e5f504cce877" daemon [_thread_blocked, id=16016, stack(0x000000e40dd00000,0x000000e40de00000) (1024K)]
  0x0000029401af56b0 JavaThread "Framework Event Dispatcher: Equinox Container: 9bcda409-1b2d-4e16-bf5b-e5f504cce877" daemon [_thread_blocked, id=20964, stack(0x000000e40df00000,0x000000e40e000000) (1024K)]
  0x000002940621fc90 JavaThread "Start Level: Equinox Container: 9bcda409-1b2d-4e16-bf5b-e5f504cce877" daemon [_thread_blocked, id=1688, stack(0x000000e40e000000,0x000000e40e100000) (1024K)]
  0x000002940616c1e0 JavaThread "Bundle File Closer"         daemon [_thread_blocked, id=4892, stack(0x000000e40e300000,0x000000e40e400000) (1024K)]
  0x0000029406709260 JavaThread "SCR Component Actor"        daemon [_thread_blocked, id=18904, stack(0x000000e40d500000,0x000000e40d600000) (1024K)]
  0x0000029406a43060 JavaThread "Worker-JM"                         [_thread_blocked, id=22396, stack(0x000000e40e500000,0x000000e40e600000) (1024K)]
  0x0000029406a43d80 JavaThread "JNA Cleaner"                daemon [_thread_blocked, id=13052, stack(0x000000e40d200000,0x000000e40d300000) (1024K)]
  0x0000029406a42340 JavaThread "Worker-0: Initialize workspace"        [_thread_blocked, id=5316, stack(0x000000e40e400000,0x000000e40e500000) (1024K)]
  0x0000029406a436f0 JavaThread "Worker-1"                          [_thread_blocked, id=15488, stack(0x000000e40e600000,0x000000e40e700000) (1024K)]
  0x0000029406a45130 JavaThread "Worker-2: Synchronize Gradle projects with workspace"        [_thread_blocked, id=20728, stack(0x000000e40e800000,0x000000e40e900000) (1024K)]
  0x0000029406a44410 JavaThread "Java indexing"              daemon [_thread_blocked, id=19048, stack(0x000000e40e900000,0x000000e40ea00000) (1024K)]
  0x0000029406a44aa0 JavaThread "Worker-3"                          [_thread_blocked, id=7196, stack(0x000000e40ea00000,0x000000e40eb00000) (1024K)]
  0x0000029406a457c0 JavaThread "Worker-4"                          [_thread_blocked, id=13240, stack(0x000000e40ec00000,0x000000e40ed00000) (1024K)]
  0x0000029406d3d400 JavaThread "Worker-5"                          [_thread_blocked, id=16200, stack(0x000000e40ef00000,0x000000e40f000000) (1024K)]
  0x0000029406d3c050 JavaThread "Thread-1"                   daemon [_thread_in_native, id=5000, stack(0x000000e40f000000,0x000000e40f100000) (1024K)]
  0x0000029406d3e120 JavaThread "Thread-2"                   daemon [_thread_in_native, id=2800, stack(0x000000e40f100000,0x000000e40f200000) (1024K)]
  0x0000029406d3b9c0 JavaThread "Thread-3"                   daemon [_thread_in_native, id=21304, stack(0x000000e40f200000,0x000000e40f300000) (1024K)]
  0x0000029406d3e7b0 JavaThread "Thread-4"                   daemon [_thread_in_native, id=8556, stack(0x000000e40f300000,0x000000e40f400000) (1024K)]
  0x0000029406d3da90 JavaThread "Thread-5"                   daemon [_thread_in_native, id=5796, stack(0x000000e40f400000,0x000000e40f500000) (1024K)]
  0x0000029406d3b330 JavaThread "Thread-6"                   daemon [_thread_in_native, id=5536, stack(0x000000e40f500000,0x000000e40f600000) (1024K)]
  0x0000029406d3ee40 JavaThread "Thread-7"                   daemon [_thread_in_native, id=21448, stack(0x000000e40f600000,0x000000e40f700000) (1024K)]
  0x0000029406d3fb60 JavaThread "Thread-8"                   daemon [_thread_in_native, id=19264, stack(0x000000e40f700000,0x000000e40f800000) (1024K)]
  0x0000029406d3f4d0 JavaThread "Thread-9"                   daemon [_thread_in_native, id=4328, stack(0x000000e40f800000,0x000000e40f900000) (1024K)]
  0x0000029406d3c6e0 JavaThread "Thread-10"                  daemon [_thread_in_native, id=17328, stack(0x000000e40f900000,0x000000e40fa00000) (1024K)]
  0x0000029406d3cd70 JavaThread "Thread-11"                  daemon [_thread_in_native, id=13352, stack(0x000000e40fa00000,0x000000e40fb00000) (1024K)]
  0x0000029406d415a0 JavaThread "Thread-12"                  daemon [_thread_in_native, id=22428, stack(0x000000e40fb00000,0x000000e40fc00000) (1024K)]
  0x0000029406d41c30 JavaThread "Thread-13"                  daemon [_thread_in_native, id=17720, stack(0x000000e40fc00000,0x000000e40fd00000) (1024K)]
  0x0000029406d422c0 JavaThread "pool-2-thread-1"                   [_thread_blocked, id=14712, stack(0x000000e40fd00000,0x000000e40fe00000) (1024K)]
  0x0000029406d42950 JavaThread "Timer-0"                           [_thread_blocked, id=12728, stack(0x000000e40fe00000,0x000000e40ff00000) (1024K)]
  0x0000029406d401f0 JavaThread "Timer-1"                           [_thread_blocked, id=3864, stack(0x000000e40ff00000,0x000000e410000000) (1024K)]
  0x0000029406d40f10 JavaThread "WorkspaceEventsHandler"            [_thread_blocked, id=9972, stack(0x000000e410000000,0x000000e410100000) (1024K)]
  0x0000029408dfd590 JavaThread "pool-1-thread-1"                   [_thread_in_native, id=22336, stack(0x000000e410100000,0x000000e410200000) (1024K)]
  0x0000029408dfcf00 JavaThread "LocalFile Deleter"          daemon [_thread_blocked, id=17120, stack(0x000000e410300000,0x000000e410400000) (1024K)]
  0x0000029408dfbb50 JavaThread "LocalFile Deleter"          daemon [_thread_blocked, id=10212, stack(0x000000e410400000,0x000000e410500000) (1024K)]
  0x0000029408dff660 JavaThread "LocalFile Deleter"          daemon [_thread_blocked, id=7944, stack(0x000000e410500000,0x000000e410600000) (1024K)]
  0x0000029408dffcf0 JavaThread "LocalFile Deleter"          daemon [_thread_blocked, id=14852, stack(0x000000e410600000,0x000000e410700000) (1024K)]
  0x0000029408e00380 JavaThread "LocalFile Deleter"          daemon [_thread_blocked, id=4196, stack(0x000000e410700000,0x000000e410800000) (1024K)]
  0x0000029408e01730 JavaThread "LocalFile Deleter"          daemon [_thread_blocked, id=22008, stack(0x000000e410800000,0x000000e410900000) (1024K)]
  0x0000029408e00a10 JavaThread "LocalFile Deleter"          daemon [_thread_blocked, id=20928, stack(0x000000e410900000,0x000000e410a00000) (1024K)]
  0x0000029408dfe2b0 JavaThread "LocalFile Deleter"          daemon [_thread_blocked, id=9868, stack(0x000000e410a00000,0x000000e410b00000) (1024K)]
  0x0000029408e010a0 JavaThread "LocalFile Deleter"          daemon [_thread_blocked, id=13284, stack(0x000000e410b00000,0x000000e410c00000) (1024K)]
  0x0000029408e02ae0 JavaThread "LocalFile Deleter"          daemon [_thread_blocked, id=8124, stack(0x000000e410c00000,0x000000e410d00000) (1024K)]
  0x0000029408e03170 JavaThread "LocalFile Deleter"          daemon [_thread_blocked, id=15312, stack(0x000000e410d00000,0x000000e410e00000) (1024K)]
  0x0000029408e01dc0 JavaThread "LocalFile Deleter"          daemon [_thread_blocked, id=19284, stack(0x000000e410e00000,0x000000e410f00000) (1024K)]
  0x000002940f540550 JavaThread "Compiler Source File Reader" daemon [_thread_blocked, id=20996, stack(0x000000e410f00000,0x000000e411000000) (1024K)]
  0x000002940f53f1a0 JavaThread "Compiler Source File Reader" daemon [_thread_blocked, id=2964, stack(0x000000e411000000,0x000000e411100000) (1024K)]
  0x000002940f540be0 JavaThread "Compiler Source File Reader" daemon [_thread_blocked, id=8324, stack(0x000000e411100000,0x000000e411200000) (1024K)]
  0x000002940f53f830 JavaThread "Compiler Source File Reader" daemon [_thread_blocked, id=21516, stack(0x000000e411200000,0x000000e411300000) (1024K)]
  0x000002940f53fec0 JavaThread "Compiler Source File Reader" daemon [_thread_blocked, id=20600, stack(0x000000e411300000,0x000000e411400000) (1024K)]
  0x000002940f544d80 JavaThread "Compiler Source File Reader" daemon [_thread_blocked, id=14348, stack(0x000000e411400000,0x000000e411500000) (1024K)]
  0x000002940f541900 JavaThread "Compiler Source File Reader" daemon [_thread_blocked, id=13488, stack(0x000000e411500000,0x000000e411600000) (1024K)]
  0x000002940f542620 JavaThread "Compiler Source File Reader" daemon [_thread_blocked, id=3584, stack(0x000000e411600000,0x000000e411700000) (1024K)]
  0x000002940f545410 JavaThread "Compiler Source File Reader" daemon [_thread_blocked, id=21260, stack(0x000000e411700000,0x000000e411800000) (1024K)]
  0x000002940f5439d0 JavaThread "Compiler Source File Reader" daemon [_thread_blocked, id=13732, stack(0x000000e411800000,0x000000e411900000) (1024K)]
  0x000002940f5446f0 JavaThread "Timer-2"                           [_thread_blocked, id=2736, stack(0x000000e410200000,0x000000e410300000) (1024K)]
  0x000002940f541f90 JavaThread "Compiler Processing Task"   daemon [_thread_blocked, id=14452, stack(0x000000e411900000,0x000000e411a00000) (1024K)]
  0x000002940f545aa0 JavaThread "Compiler Class File Writer" daemon [_thread_blocked, id=4372, stack(0x000000e411a00000,0x000000e411b00000) (1024K)]
  0x000002940f546130 JavaThread "Compiler Class File Writer" daemon [_thread_blocked, id=12148, stack(0x000000e411b00000,0x000000e411c00000) (1024K)]
  0x000002940f542cb0 JavaThread "Compiler Class File Writer" daemon [_thread_blocked, id=18232, stack(0x000000e411c00000,0x000000e411d00000) (1024K)]
  0x000002940f5467c0 JavaThread "Compiler Class File Writer" daemon [_thread_blocked, id=2192, stack(0x000000e411d00000,0x000000e411e00000) (1024K)]
  0x0000029408dfdc20 JavaThread "Compiler Class File Writer" daemon [_thread_blocked, id=5048, stack(0x000000e411e00000,0x000000e411f00000) (1024K)]
  0x00000294073e74d0 JavaThread "Compiler Class File Writer" daemon [_thread_blocked, id=18396, stack(0x000000e411f00000,0x000000e412000000) (1024K)]
  0x00000294073e6120 JavaThread "Compiler Class File Writer" daemon [_thread_blocked, id=13148, stack(0x000000e412000000,0x000000e412100000) (1024K)]
  0x00000294073e7b60 JavaThread "Compiler Class File Writer" daemon [_thread_blocked, id=4044, stack(0x000000e412100000,0x000000e412200000) (1024K)]
  0x00000294073e8880 JavaThread "Compiler Class File Writer" daemon [_thread_blocked, id=11968, stack(0x000000e412200000,0x000000e412300000) (1024K)]
  0x00000294073e81f0 JavaThread "Compiler Class File Writer" daemon [_thread_blocked, id=12900, stack(0x000000e412300000,0x000000e412400000) (1024K)]
  0x00000294073e5a90 JavaThread "Timer-3"                           [_thread_blocked, id=6756, stack(0x000000e412500000,0x000000e412600000) (1024K)]
  0x00000294073eafe0 JavaThread "Timer-4"                           [_thread_blocked, id=4640, stack(0x000000e412600000,0x000000e412700000) (1024K)]
  0x00000294073ea950 JavaThread "Timer-5"                           [_thread_blocked, id=14964, stack(0x000000e412700000,0x000000e412800000) (1024K)]
  0x00000294073ec390 JavaThread "Timer-6"                           [_thread_blocked, id=4632, stack(0x000000e412800000,0x000000e412900000) (1024K)]
  0x00000294073eb670 JavaThread "Timer-7"                           [_thread_blocked, id=16596, stack(0x000000e412900000,0x000000e412a00000) (1024K)]
  0x00000294073eca20 JavaThread "Timer-8"                           [_thread_blocked, id=17892, stack(0x000000e40eb00000,0x000000e40ec00000) (1024K)]
  0x00000294073e9c30 JavaThread "Timer-9"                           [_thread_blocked, id=4272, stack(0x000000e412a00000,0x000000e412b00000) (1024K)]
=>0x0000029407146d60 JavaThread "C2 CompilerThread1"         daemon [_thread_in_native, id=13580, stack(0x000000e40e700000,0x000000e40e800000) (1024K)]
  0x0000029407145fc0 JavaThread "C2 CompilerThread2"         daemon [_thread_in_native, id=21588, stack(0x000000e412b00000,0x000000e412c00000) (1024K)]
  0x00000294073ebd00 JavaThread "Timer-10"                          [_thread_blocked, id=16168, stack(0x000000e412400000,0x000000e412500000) (1024K)]
  0x000002940ea11cc0 JavaThread "Timer-11"                          [_thread_blocked, id=18372, stack(0x000000e412d00000,0x000000e412e00000) (1024K)]
Total: 89

Other Threads:
  0x00000294273f4550 VMThread "VM Thread"                           [id=5480, stack(0x000000e40c900000,0x000000e40ca00000) (1024K)]
  0x00000294272eca10 WatcherThread "VM Periodic Task Thread"        [id=18564, stack(0x000000e40c800000,0x000000e40c900000) (1024K)]
  0x0000029427480190 WorkerThread "GC Thread#0"                     [id=4644, stack(0x000000e40c700000,0x000000e40c800000) (1024K)]
  0x00000294018bd8e0 WorkerThread "GC Thread#1"                     [id=3800, stack(0x000000e40d600000,0x000000e40d700000) (1024K)]
  0x00000294018bdc90 WorkerThread "GC Thread#2"                     [id=22400, stack(0x000000e40d700000,0x000000e40d800000) (1024K)]
  0x0000029406081360 WorkerThread "GC Thread#3"                     [id=15868, stack(0x000000e40d800000,0x000000e40d900000) (1024K)]
  0x0000029401584dc0 WorkerThread "GC Thread#4"                     [id=4212, stack(0x000000e40d900000,0x000000e40da00000) (1024K)]
  0x0000029401910ca0 WorkerThread "GC Thread#5"                     [id=16464, stack(0x000000e40da00000,0x000000e40db00000) (1024K)]
  0x0000029401585170 WorkerThread "GC Thread#6"                     [id=12232, stack(0x000000e40db00000,0x000000e40dc00000) (1024K)]
  0x0000029401b03880 WorkerThread "GC Thread#7"                     [id=20536, stack(0x000000e40de00000,0x000000e40df00000) (1024K)]
  0x00000294062a53a0 WorkerThread "GC Thread#8"                     [id=13544, stack(0x000000e40e100000,0x000000e40e200000) (1024K)]
  0x00000294062a5750 WorkerThread "GC Thread#9"                     [id=7288, stack(0x000000e40e200000,0x000000e40e300000) (1024K)]
Total: 12

Threads with active compile tasks:
C2 CompilerThread0  24335 10052       4       com.google.gson.stream.JsonWriter::string (171 bytes)
C1 CompilerThread0  24335 10057   !   3       org.eclipse.osgi.internal.loader.BundleLoader::findDynamicSource (183 bytes)
C2 CompilerThread1  24335 9995       4       org.eclipse.jdt.internal.compiler.parser.Parser::consumeRule (7843 bytes)
C2 CompilerThread2  24336 10015       4       java.lang.reflect.Field::get (39 bytes)
Total: 4

VM state: not at safepoint (normal execution)

VM Mutex/Monitor currently owned by a thread: None

Heap address: 0x0000000080000000, size: 2048 MB, Compressed Oops mode: 32-bit

CDS archive(s) mapped at: [0x000002943e000000-0x000002943eba0000-0x000002943eba0000), size 12189696, SharedBaseAddress: 0x000002943e000000, ArchiveRelocationMode: 1.
Compressed class space mapped at: 0x000002943f000000-0x000002947f000000, reserved size: 1073741824
Narrow klass base: 0x000002943e000000, Narrow klass shift: 0, Narrow klass range: 0x100000000

GC Precious Log:
 CardTable entry size: 512
 CPUs: 12 total, 12 available
 Memory: 7835M
 Large Page Support: Disabled
 NUMA Support: Disabled
 Compressed Oops: Enabled (32-bit)
 Alignments: Space 512K, Generation 512K, Heap 2M
 Heap Min Capacity: 100M
 Heap Initial Capacity: 100M
 Heap Max Capacity: 2G
 Pre-touch: Disabled
 Parallel Workers: 10

Heap:
 PSYoungGen      total 12800K, used 3260K [0x00000000d5580000, 0x00000000d6300000, 0x0000000100000000)
  eden space 11776K, 23% used [0x00000000d5580000,0x00000000d58390e0,0x00000000d6100000)
  from space 1024K, 46% used [0x00000000d6200000,0x00000000d62761c8,0x00000000d6300000)
  to   space 1024K, 0% used [0x00000000d6100000,0x00000000d6100000,0x00000000d6200000)
 ParOldGen       total 74240K, used 73735K [0x0000000080000000, 0x0000000084880000, 0x00000000d5580000)
  object space 74240K, 99% used [0x0000000080000000,0x0000000084801d80,0x0000000084880000)
 Metaspace       used 77243K, committed 78912K, reserved 1179648K
  class space    used 9521K, committed 10240K, reserved 1048576K

Card table byte_map: [0x0000029426e00000,0x0000029427210000] _byte_map_base: 0x0000029426a00000

Marking Bits: (ParMarkBitMap*) 0x00007ffb390d3450
 Begin Bits: [0x0000029439910000, 0x000002943b910000)
 End Bits:   [0x000002943b910000, 0x000002943d910000)

Polling page: 0x0000029425240000

Metaspace:

Usage:
  Non-class:     66.13 MB used.
      Class:      9.30 MB used.
       Both:     75.43 MB used.

Virtual space:
  Non-class space:      128.00 MB reserved,      67.06 MB ( 52%) committed,  2 nodes.
      Class space:        1.00 GB reserved,      10.00 MB ( <1%) committed,  1 nodes.
             Both:        1.12 GB reserved,      77.06 MB (  7%) committed. 

Chunk freelists:
   Non-Class:  12.66 MB
       Class:  5.83 MB
        Both:  18.48 MB

MaxMetaspaceSize: unlimited
CompressedClassSpaceSize: 1.00 GB
Initial GC threshold: 21.00 MB
Current GC threshold: 98.12 MB
CDS: on
 - commit_granule_bytes: 65536.
 - commit_granule_words: 8192.
 - virtual_space_node_default_size: 8388608.
 - enlarge_chunks_in_place: 1.
 - use_allocation_guard: 0.


Internal statistics:

num_allocs_failed_limit: 17.
num_arena_births: 1636.
num_arena_deaths: 14.
num_vsnodes_births: 3.
num_vsnodes_deaths: 0.
num_space_committed: 1233.
num_space_uncommitted: 0.
num_chunks_returned_to_freelist: 31.
num_chunks_taken_from_freelist: 5515.
num_chunk_merges: 23.
num_chunk_splits: 3278.
num_chunks_enlarged: 1673.
num_inconsistent_stats: 0.

CodeHeap 'non-profiled nmethods': size=120000Kb used=6124Kb max_used=6124Kb free=113875Kb
 bounds [0x0000029432130000, 0x0000029432730000, 0x0000029439660000]
CodeHeap 'profiled nmethods': size=120000Kb used=19146Kb max_used=19146Kb free=100853Kb
 bounds [0x000002942a660000, 0x000002942b920000, 0x0000029431b90000]
CodeHeap 'non-nmethods': size=5760Kb used=1441Kb max_used=1509Kb free=4318Kb
 bounds [0x0000029431b90000, 0x0000029431e00000, 0x0000029432130000]
CodeCache: size=245760Kb, used=26711Kb, max_used=26779Kb, free=219046Kb
 total_blobs=9982, nmethods=9232, adapters=655, full_count=0
Compilation: enabled, stopped_count=0, restarted_count=0

Compilation events (20 events):
Event: 23.272 Thread 0x000002942751e8f0 10013   !   4       jdk.internal.loader.BuiltinClassLoader$2::run (114 bytes)
Event: 23.273 Thread 0x0000029400363a10 10014       3       java.lang.Class::searchFields (43 bytes)
Event: 23.273 Thread 0x0000029400363a10 nmethod 10014 0x000002942b8fea10 code [0x000002942b8febe0, 0x000002942b8fee70]
Event: 23.274 Thread 0x0000029400363a10 10016       1       org.gradle.internal.dispatch.ProxyDispatchAdapter::getSource (5 bytes)
Event: 23.274 Thread 0x0000029400363a10 nmethod 10016 0x0000029432721090 code [0x0000029432721220, 0x00000294327212e8]
Event: 23.274 Thread 0x0000029400363a10 10017       3       java.lang.invoke.DirectMethodHandle$Holder::putReference (29 bytes)
Event: 23.275 Thread 0x0000029400363a10 nmethod 10017 0x000002942b8ff010 code [0x000002942b8ff1e0, 0x000002942b8ff778]
Event: 23.277 Thread 0x0000029400363a10 10019       3       jdk.internal.reflect.MethodHandleAccessorFactory::getDirectMethod (83 bytes)
Event: 23.278 Thread 0x0000029400363a10 nmethod 10019 0x000002942b8ff990 code [0x000002942b8ffbe0, 0x000002942b9002c0]
Event: 23.278 Thread 0x0000029400363a10 10020       3       jdk.internal.reflect.MethodHandleAccessorFactory::makeSpecializedTarget (97 bytes)
Event: 23.278 Thread 0x0000029400363a10 nmethod 10020 0x000002942b900510 code [0x000002942b900780, 0x000002942b901398]
Event: 23.278 Thread 0x0000029400363a10 10021       3       jdk.internal.reflect.MethodHandleAccessorFactory::specializedMethodType (216 bytes)
Event: 23.279 Thread 0x0000029400363a10 nmethod 10021 0x000002942b901710 code [0x000002942b901a80, 0x000002942b9034a8]
Event: 23.288 Thread 0x0000029400363a10 10022       3       java.nio.channels.spi.AbstractSelectableChannel::isBlocking (13 bytes)
Event: 23.289 Thread 0x0000029400363a10 nmethod 10022 0x000002942b903990 code [0x000002942b903b20, 0x000002942b903c80]
Event: 23.290 Thread 0x0000029400363a10 10023       3       org.gradle.internal.operations.OperationIdentifier::hashCode (14 bytes)
Event: 23.290 Thread 0x0000029400363a10 nmethod 10023 0x000002942b903d10 code [0x000002942b903ea0, 0x000002942b903fc0]
Event: 23.291 Thread 0x0000029400363a10 10024       1       org.gradle.internal.serialize.Serializers$StatefulSerializerAdapter::access$000 (5 bytes)
Event: 23.292 Thread 0x0000029400363a10 nmethod 10024 0x0000029432721390 code [0x0000029432721520, 0x00000294327215d0]
Event: 23.301 Thread 0x0000029400363a10 10026       1       org.gradle.internal.logging.slf4j.BuildOperationAwareLogger::isTraceEnabled (2 bytes)

GC Heap History (20 events):
Event: 15.208 GC heap before
{Heap before GC invocations=77 (full 3):
 PSYoungGen      total 12800K, used 12785K [0x00000000d5580000, 0x00000000d6400000, 0x0000000100000000)
  eden space 11776K, 100% used [0x00000000d5580000,0x00000000d6100000,0x00000000d6100000)
  from space 1024K, 98% used [0x00000000d6100000,0x00000000d61fc6d0,0x00000000d6200000)
  to   space 1536K, 0% used [0x00000000d6280000,0x00000000d6280000,0x00000000d6400000)
 ParOldGen       total 70656K, used 70325K [0x0000000080000000, 0x0000000084500000, 0x00000000d5580000)
  object space 70656K, 99% used [0x0000000080000000,0x00000000844ad470,0x0000000084500000)
 Metaspace       used 72357K, committed 73920K, reserved 1114112K
  class space    used 8860K, committed 9536K, reserved 1048576K
}
Event: 15.209 GC heap after
{Heap after GC invocations=77 (full 3):
 PSYoungGen      total 12800K, used 546K [0x00000000d5580000, 0x00000000d6380000, 0x0000000100000000)
  eden space 11776K, 0% used [0x00000000d5580000,0x00000000d5580000,0x00000000d6100000)
  from space 1024K, 53% used [0x00000000d6280000,0x00000000d63088c8,0x00000000d6380000)
  to   space 1024K, 0% used [0x00000000d6100000,0x00000000d6100000,0x00000000d6200000)
 ParOldGen       total 70656K, used 70405K [0x0000000080000000, 0x0000000084500000, 0x00000000d5580000)
  object space 70656K, 99% used [0x0000000080000000,0x00000000844c1470,0x0000000084500000)
 Metaspace       used 72357K, committed 73920K, reserved 1114112K
  class space    used 8860K, committed 9536K, reserved 1048576K
}
Event: 15.315 GC heap before
{Heap before GC invocations=78 (full 3):
 PSYoungGen      total 12800K, used 12322K [0x00000000d5580000, 0x00000000d6380000, 0x0000000100000000)
  eden space 11776K, 100% used [0x00000000d5580000,0x00000000d6100000,0x00000000d6100000)
  from space 1024K, 53% used [0x00000000d6280000,0x00000000d63088c8,0x00000000d6380000)
  to   space 1024K, 0% used [0x00000000d6100000,0x00000000d6100000,0x00000000d6200000)
 ParOldGen       total 70656K, used 70405K [0x0000000080000000, 0x0000000084500000, 0x00000000d5580000)
  object space 70656K, 99% used [0x0000000080000000,0x00000000844c1470,0x0000000084500000)
 Metaspace       used 72357K, committed 73920K, reserved 1114112K
  class space    used 8860K, committed 9536K, reserved 1048576K
}
Event: 15.316 GC heap after
{Heap after GC invocations=78 (full 3):
 PSYoungGen      total 12800K, used 1007K [0x00000000d5580000, 0x00000000d6400000, 0x0000000100000000)
  eden space 11776K, 0% used [0x00000000d5580000,0x00000000d5580000,0x00000000d6100000)
  from space 1024K, 98% used [0x00000000d6100000,0x00000000d61fbe30,0x00000000d6200000)
  to   space 1536K, 0% used [0x00000000d6280000,0x00000000d6280000,0x00000000d6400000)
 ParOldGen       total 71168K, used 70758K [0x0000000080000000, 0x0000000084580000, 0x00000000d5580000)
  object space 71168K, 99% used [0x0000000080000000,0x00000000845199b0,0x0000000084580000)
 Metaspace       used 72357K, committed 73920K, reserved 1114112K
  class space    used 8860K, committed 9536K, reserved 1048576K
}
Event: 15.420 GC heap before
{Heap before GC invocations=79 (full 3):
 PSYoungGen      total 12800K, used 12783K [0x00000000d5580000, 0x00000000d6400000, 0x0000000100000000)
  eden space 11776K, 100% used [0x00000000d5580000,0x00000000d6100000,0x00000000d6100000)
  from space 1024K, 98% used [0x00000000d6100000,0x00000000d61fbe30,0x00000000d6200000)
  to   space 1536K, 0% used [0x00000000d6280000,0x00000000d6280000,0x00000000d6400000)
 ParOldGen       total 71168K, used 70758K [0x0000000080000000, 0x0000000084580000, 0x00000000d5580000)
  object space 71168K, 99% used [0x0000000080000000,0x00000000845199b0,0x0000000084580000)
 Metaspace       used 72357K, committed 73920K, reserved 1114112K
  class space    used 8860K, committed 9536K, reserved 1048576K
}
Event: 15.421 GC heap after
{Heap after GC invocations=79 (full 3):
 PSYoungGen      total 12800K, used 525K [0x00000000d5580000, 0x00000000d6380000, 0x0000000100000000)
  eden space 11776K, 0% used [0x00000000d5580000,0x00000000d5580000,0x00000000d6100000)
  from space 1024K, 51% used [0x00000000d6280000,0x00000000d6303420,0x00000000d6380000)
  to   space 1024K, 0% used [0x00000000d6100000,0x00000000d6100000,0x00000000d6200000)
 ParOldGen       total 71168K, used 70838K [0x0000000080000000, 0x0000000084580000, 0x00000000d5580000)
  object space 71168K, 99% used [0x0000000080000000,0x000000008452d9b0,0x0000000084580000)
 Metaspace       used 72357K, committed 73920K, reserved 1114112K
  class space    used 8860K, committed 9536K, reserved 1048576K
}
Event: 15.497 GC heap before
{Heap before GC invocations=80 (full 3):
 PSYoungGen      total 12800K, used 12301K [0x00000000d5580000, 0x00000000d6380000, 0x0000000100000000)
  eden space 11776K, 100% used [0x00000000d5580000,0x00000000d6100000,0x00000000d6100000)
  from space 1024K, 51% used [0x00000000d6280000,0x00000000d6303420,0x00000000d6380000)
  to   space 1024K, 0% used [0x00000000d6100000,0x00000000d6100000,0x00000000d6200000)
 ParOldGen       total 71168K, used 70838K [0x0000000080000000, 0x0000000084580000, 0x00000000d5580000)
  object space 71168K, 99% used [0x0000000080000000,0x000000008452d9b0,0x0000000084580000)
 Metaspace       used 72357K, committed 73920K, reserved 1114112K
  class space    used 8860K, committed 9536K, reserved 1048576K
}
Event: 15.498 GC heap after
{Heap after GC invocations=80 (full 3):
 PSYoungGen      total 12800K, used 1023K [0x00000000d5580000, 0x00000000d6400000, 0x0000000100000000)
  eden space 11776K, 0% used [0x00000000d5580000,0x00000000d5580000,0x00000000d6100000)
  from space 1024K, 99% used [0x00000000d6100000,0x00000000d61ffdd0,0x00000000d6200000)
  to   space 1536K, 0% used [0x00000000d6280000,0x00000000d6280000,0x00000000d6400000)
 ParOldGen       total 71168K, used 71048K [0x0000000080000000, 0x0000000084580000, 0x00000000d5580000)
  object space 71168K, 99% used [0x0000000080000000,0x00000000845622e8,0x0000000084580000)
 Metaspace       used 72357K, committed 73920K, reserved 1114112K
  class space    used 8860K, committed 9536K, reserved 1048576K
}
Event: 16.630 GC heap before
{Heap before GC invocations=81 (full 3):
 PSYoungGen      total 12800K, used 12799K [0x00000000d5580000, 0x00000000d6400000, 0x0000000100000000)
  eden space 11776K, 100% used [0x00000000d5580000,0x00000000d6100000,0x00000000d6100000)
  from space 1024K, 99% used [0x00000000d6100000,0x00000000d61ffdd0,0x00000000d6200000)
  to   space 1536K, 0% used [0x00000000d6280000,0x00000000d6280000,0x00000000d6400000)
 ParOldGen       total 71168K, used 71048K [0x0000000080000000, 0x0000000084580000, 0x00000000d5580000)
  object space 71168K, 99% used [0x0000000080000000,0x00000000845622e8,0x0000000084580000)
 Metaspace       used 72708K, committed 74304K, reserved 1114112K
  class space    used 8908K, committed 9600K, reserved 1048576K
}
Event: 16.632 GC heap after
{Heap after GC invocations=81 (full 3):
 PSYoungGen      total 12288K, used 416K [0x00000000d5580000, 0x00000000d6300000, 0x0000000100000000)
  eden space 11776K, 0% used [0x00000000d5580000,0x00000000d5580000,0x00000000d6100000)
  from space 512K, 81% used [0x00000000d6280000,0x00000000d62e8000,0x00000000d6300000)
  to   space 1024K, 0% used [0x00000000d6100000,0x00000000d6100000,0x00000000d6200000)
 ParOldGen       total 71168K, used 71128K [0x0000000080000000, 0x0000000084580000, 0x00000000d5580000)
  object space 71168K, 99% used [0x0000000080000000,0x00000000845762e8,0x0000000084580000)
 Metaspace       used 72708K, committed 74304K, reserved 1114112K
  class space    used 8908K, committed 9600K, reserved 1048576K
}
Event: 18.238 GC heap before
{Heap before GC invocations=82 (full 3):
 PSYoungGen      total 12288K, used 12192K [0x00000000d5580000, 0x00000000d6300000, 0x0000000100000000)
  eden space 11776K, 100% used [0x00000000d5580000,0x00000000d6100000,0x00000000d6100000)
  from space 512K, 81% used [0x00000000d6280000,0x00000000d62e8000,0x00000000d6300000)
  to   space 1024K, 0% used [0x00000000d6100000,0x00000000d6100000,0x00000000d6200000)
 ParOldGen       total 71168K, used 71128K [0x0000000080000000, 0x0000000084580000, 0x00000000d5580000)
  object space 71168K, 99% used [0x0000000080000000,0x00000000845762e8,0x0000000084580000)
 Metaspace       used 74077K, committed 75648K, reserved 1179648K
  class space    used 9121K, committed 9792K, reserved 1048576K
}
Event: 18.239 GC heap after
{Heap after GC invocations=82 (full 3):
 PSYoungGen      total 12800K, used 544K [0x00000000d5580000, 0x00000000d6300000, 0x0000000100000000)
  eden space 11776K, 0% used [0x00000000d5580000,0x00000000d5580000,0x00000000d6100000)
  from space 1024K, 53% used [0x00000000d6100000,0x00000000d6188000,0x00000000d6200000)
  to   space 1024K, 0% used [0x00000000d6200000,0x00000000d6200000,0x00000000d6300000)
 ParOldGen       total 71680K, used 71360K [0x0000000080000000, 0x0000000084600000, 0x00000000d5580000)
  object space 71680K, 99% used [0x0000000080000000,0x00000000845b0318,0x0000000084600000)
 Metaspace       used 74077K, committed 75648K, reserved 1179648K
  class space    used 9121K, committed 9792K, reserved 1048576K
}
Event: 21.066 GC heap before
{Heap before GC invocations=83 (full 3):
 PSYoungGen      total 12800K, used 12320K [0x00000000d5580000, 0x00000000d6300000, 0x0000000100000000)
  eden space 11776K, 100% used [0x00000000d5580000,0x00000000d6100000,0x00000000d6100000)
  from space 1024K, 53% used [0x00000000d6100000,0x00000000d6188000,0x00000000d6200000)
  to   space 1024K, 0% used [0x00000000d6200000,0x00000000d6200000,0x00000000d6300000)
 ParOldGen       total 71680K, used 71360K [0x0000000080000000, 0x0000000084600000, 0x00000000d5580000)
  object space 71680K, 99% used [0x0000000080000000,0x00000000845b0318,0x0000000084600000)
 Metaspace       used 75396K, committed 77120K, reserved 1179648K
  class space    used 9320K, committed 10048K, reserved 1048576K
}
Event: 21.068 GC heap after
{Heap after GC invocations=83 (full 3):
 PSYoungGen      total 12800K, used 873K [0x00000000d5580000, 0x00000000d6300000, 0x0000000100000000)
  eden space 11776K, 0% used [0x00000000d5580000,0x00000000d5580000,0x00000000d6100000)
  from space 1024K, 85% used [0x00000000d6200000,0x00000000d62da4f8,0x00000000d6300000)
  to   space 1024K, 0% used [0x00000000d6100000,0x00000000d6100000,0x00000000d6200000)
 ParOldGen       total 72192K, used 71744K [0x0000000080000000, 0x0000000084680000, 0x00000000d5580000)
  object space 72192K, 99% used [0x0000000080000000,0x0000000084610318,0x0000000084680000)
 Metaspace       used 75396K, committed 77120K, reserved 1179648K
  class space    used 9320K, committed 10048K, reserved 1048576K
}
Event: 21.738 GC heap before
{Heap before GC invocations=84 (full 3):
 PSYoungGen      total 12800K, used 12649K [0x00000000d5580000, 0x00000000d6300000, 0x0000000100000000)
  eden space 11776K, 100% used [0x00000000d5580000,0x00000000d6100000,0x00000000d6100000)
  from space 1024K, 85% used [0x00000000d6200000,0x00000000d62da4f8,0x00000000d6300000)
  to   space 1024K, 0% used [0x00000000d6100000,0x00000000d6100000,0x00000000d6200000)
 ParOldGen       total 72192K, used 71744K [0x0000000080000000, 0x0000000084680000, 0x00000000d5580000)
  object space 72192K, 99% used [0x0000000080000000,0x0000000084610318,0x0000000084680000)
 Metaspace       used 75963K, committed 77696K, reserved 1179648K
  class space    used 9374K, committed 10112K, reserved 1048576K
}
Event: 21.740 GC heap after
{Heap after GC invocations=84 (full 3):
 PSYoungGen      total 12800K, used 608K [0x00000000d5580000, 0x00000000d6300000, 0x0000000100000000)
  eden space 11776K, 0% used [0x00000000d5580000,0x00000000d5580000,0x00000000d6100000)
  from space 1024K, 59% used [0x00000000d6100000,0x00000000d6198000,0x00000000d6200000)
  to   space 1024K, 0% used [0x00000000d6200000,0x00000000d6200000,0x00000000d6300000)
 ParOldGen       total 72704K, used 72488K [0x0000000080000000, 0x0000000084700000, 0x00000000d5580000)
  object space 72704K, 99% used [0x0000000080000000,0x00000000846ca328,0x0000000084700000)
 Metaspace       used 75963K, committed 77696K, reserved 1179648K
  class space    used 9374K, committed 10112K, reserved 1048576K
}
Event: 21.976 GC heap before
{Heap before GC invocations=85 (full 3):
 PSYoungGen      total 12800K, used 12374K [0x00000000d5580000, 0x00000000d6300000, 0x0000000100000000)
  eden space 11776K, 99% used [0x00000000d5580000,0x00000000d60fd880,0x00000000d6100000)
  from space 1024K, 59% used [0x00000000d6100000,0x00000000d6198000,0x00000000d6200000)
  to   space 1024K, 0% used [0x00000000d6200000,0x00000000d6200000,0x00000000d6300000)
 ParOldGen       total 72704K, used 72488K [0x0000000080000000, 0x0000000084700000, 0x00000000d5580000)
  object space 72704K, 99% used [0x0000000080000000,0x00000000846ca328,0x0000000084700000)
 Metaspace       used 76036K, committed 77696K, reserved 1179648K
  class space    used 9382K, committed 10112K, reserved 1048576K
}
Event: 21.978 GC heap after
{Heap after GC invocations=85 (full 3):
 PSYoungGen      total 12800K, used 439K [0x00000000d5580000, 0x00000000d6300000, 0x0000000100000000)
  eden space 11776K, 0% used [0x00000000d5580000,0x00000000d5580000,0x00000000d6100000)
  from space 1024K, 42% used [0x00000000d6200000,0x00000000d626dd28,0x00000000d6300000)
  to   space 1024K, 0% used [0x00000000d6100000,0x00000000d6100000,0x00000000d6200000)
 ParOldGen       total 73216K, used 72951K [0x0000000080000000, 0x0000000084780000, 0x00000000d5580000)
  object space 73216K, 99% used [0x0000000080000000,0x000000008473dd70,0x0000000084780000)
 Metaspace       used 76036K, committed 77696K, reserved 1179648K
  class space    used 9382K, committed 10112K, reserved 1048576K
}
Event: 23.176 GC heap before
{Heap before GC invocations=86 (full 3):
 PSYoungGen      total 12800K, used 12215K [0x00000000d5580000, 0x00000000d6300000, 0x0000000100000000)
  eden space 11776K, 99% used [0x00000000d5580000,0x00000000d60fffc0,0x00000000d6100000)
  from space 1024K, 42% used [0x00000000d6200000,0x00000000d626dd28,0x00000000d6300000)
  to   space 1024K, 0% used [0x00000000d6100000,0x00000000d6100000,0x00000000d6200000)
 ParOldGen       total 73216K, used 72951K [0x0000000080000000, 0x0000000084780000, 0x00000000d5580000)
  object space 73216K, 99% used [0x0000000080000000,0x000000008473dd70,0x0000000084780000)
 Metaspace       used 76483K, committed 78144K, reserved 1179648K
  class space    used 9418K, committed 10176K, reserved 1048576K
}
Event: 23.177 GC heap after
{Heap after GC invocations=86 (full 3):
 PSYoungGen      total 12800K, used 768K [0x00000000d5580000, 0x00000000d6300000, 0x0000000100000000)
  eden space 11776K, 0% used [0x00000000d5580000,0x00000000d5580000,0x00000000d6100000)
  from space 1024K, 75% used [0x00000000d6100000,0x00000000d61c0000,0x00000000d6200000)
  to   space 1024K, 0% used [0x00000000d6200000,0x00000000d6200000,0x00000000d6300000)
 ParOldGen       total 73216K, used 73127K [0x0000000080000000, 0x0000000084780000, 0x00000000d5580000)
  object space 73216K, 99% used [0x0000000080000000,0x0000000084769d70,0x0000000084780000)
 Metaspace       used 76483K, committed 78144K, reserved 1179648K
  class space    used 9418K, committed 10176K, reserved 1048576K
}

Dll operation events (15 events):
Event: 0.009 Loaded shared library c:\Users\HP\.antigravity\extensions\redhat.java-1.54.0-win32-x64\jre\21.0.10-win32-x86_64\bin\java.dll
Event: 0.078 Loaded shared library c:\Users\HP\.antigravity\extensions\redhat.java-1.54.0-win32-x64\jre\21.0.10-win32-x86_64\bin\zip.dll
Event: 0.103 Loaded shared library C:\Users\HP\.antigravity\extensions\redhat.java-1.54.0-win32-x64\jre\21.0.10-win32-x86_64\bin\instrument.dll
Event: 0.110 Loaded shared library C:\Users\HP\.antigravity\extensions\redhat.java-1.54.0-win32-x64\jre\21.0.10-win32-x86_64\bin\net.dll
Event: 0.115 Loaded shared library C:\Users\HP\.antigravity\extensions\redhat.java-1.54.0-win32-x64\jre\21.0.10-win32-x86_64\bin\nio.dll
Event: 0.121 Loaded shared library C:\Users\HP\.antigravity\extensions\redhat.java-1.54.0-win32-x64\jre\21.0.10-win32-x86_64\bin\zip.dll
Event: 0.148 Loaded shared library C:\Users\HP\.antigravity\extensions\redhat.java-1.54.0-win32-x64\jre\21.0.10-win32-x86_64\bin\jimage.dll
Event: 0.220 Loaded shared library c:\Users\HP\.antigravity\extensions\redhat.java-1.54.0-win32-x64\jre\21.0.10-win32-x86_64\bin\verify.dll
Event: 1.116 Loaded shared library C:\Users\HP\AppData\Roaming\Antigravity\User\globalStorage\redhat.java\1.54.0\config_win\org.eclipse.equinox.launcher\org.eclipse.equinox.launcher.win32.win32.x86_64_1.3.0.v20260203-2149\eclipse_11919.dll
Event: 2.659 Loaded shared library C:\Users\HP\AppData\Local\Temp\jna-2312\jna18327172287288501789.dll
Event: 7.211 Loaded shared library C:\Users\HP\.gradle\native\1def1411415f61bf3af743bc5b6707747c0891f09f0c88961ee8f79bc544acac\windows-amd64\native-platform.dll
Event: 9.391 Loaded shared library C:\Users\HP\.antigravity\extensions\redhat.java-1.54.0-win32-x64\jre\21.0.10-win32-x86_64\bin\management.dll
Event: 9.400 Loaded shared library C:\Users\HP\.antigravity\extensions\redhat.java-1.54.0-win32-x64\jre\21.0.10-win32-x86_64\bin\management_ext.dll
Event: 18.038 Loaded shared library C:\Users\HP\.antigravity\extensions\redhat.java-1.54.0-win32-x64\jre\21.0.10-win32-x86_64\bin\extnet.dll
Event: 18.373 Loaded shared library C:\Users\HP\.antigravity\extensions\redhat.java-1.54.0-win32-x64\jre\21.0.10-win32-x86_64\bin\sunmscapi.dll

Deoptimization events (20 events):
Event: 23.240 Thread 0x0000029408dfd590 DEOPT PACKING pc=0x00000294326fffe8 sp=0x000000e4101fdbe0
Event: 23.240 Thread 0x0000029408dfd590 DEOPT UNPACKING pc=0x0000029431be3aa2 sp=0x000000e4101fdb60 mode 2
Event: 23.241 Thread 0x0000029408dfd590 Uncommon trap: trap_request=0xffffffd6 fr.pc=0x00000294326fffe8 relative=0x00000000000000c8
Event: 23.241 Thread 0x0000029408dfd590 Uncommon trap: reason=array_check action=maybe_recompile pc=0x00000294326fffe8 method=java.util.stream.Nodes$FixedNodeBuilder.accept(Ljava/lang/Object;)V @ 28 c2
Event: 23.241 Thread 0x0000029408dfd590 DEOPT PACKING pc=0x00000294326fffe8 sp=0x000000e4101fdbe0
Event: 23.241 Thread 0x0000029408dfd590 DEOPT UNPACKING pc=0x0000029431be3aa2 sp=0x000000e4101fdb60 mode 2
Event: 23.241 Thread 0x0000029408dfd590 Uncommon trap: trap_request=0xffffffd6 fr.pc=0x00000294326fffe8 relative=0x00000000000000c8
Event: 23.241 Thread 0x0000029408dfd590 Uncommon trap: reason=array_check action=maybe_recompile pc=0x00000294326fffe8 method=java.util.stream.Nodes$FixedNodeBuilder.accept(Ljava/lang/Object;)V @ 28 c2
Event: 23.241 Thread 0x0000029408dfd590 DEOPT PACKING pc=0x00000294326fffe8 sp=0x000000e4101fdbe0
Event: 23.241 Thread 0x0000029408dfd590 DEOPT UNPACKING pc=0x0000029431be3aa2 sp=0x000000e4101fdb60 mode 2
Event: 23.241 Thread 0x0000029408dfd590 Uncommon trap: trap_request=0xffffffd6 fr.pc=0x00000294326fffe8 relative=0x00000000000000c8
Event: 23.241 Thread 0x0000029408dfd590 Uncommon trap: reason=array_check action=maybe_recompile pc=0x00000294326fffe8 method=java.util.stream.Nodes$FixedNodeBuilder.accept(Ljava/lang/Object;)V @ 28 c2
Event: 23.241 Thread 0x0000029408dfd590 DEOPT PACKING pc=0x00000294326fffe8 sp=0x000000e4101fdbe0
Event: 23.241 Thread 0x0000029408dfd590 DEOPT UNPACKING pc=0x0000029431be3aa2 sp=0x000000e4101fdb60 mode 2
Event: 23.267 Thread 0x0000029408dfd590 Uncommon trap: trap_request=0xffffff45 fr.pc=0x0000029432668d20 relative=0x0000000000002960
Event: 23.267 Thread 0x0000029408dfd590 Uncommon trap: reason=unstable_if action=reinterpret pc=0x0000029432668d20 method=org.eclipse.osgi.internal.loader.BundleLoader.findResource(Ljava/lang/String;)Ljava/net/URL; @ 244 c2
Event: 23.267 Thread 0x0000029408dfd590 DEOPT PACKING pc=0x0000029432668d20 sp=0x000000e4101fb9c0
Event: 23.267 Thread 0x0000029408dfd590 DEOPT UNPACKING pc=0x0000029431be3aa2 sp=0x000000e4101fb990 mode 2
Event: 23.273 Thread 0x0000029408dfd590 DEOPT PACKING pc=0x000002942b110999 sp=0x000000e4101fda50
Event: 23.273 Thread 0x0000029408dfd590 DEOPT UNPACKING pc=0x0000029431be4242 sp=0x000000e4101fcee8 mode 0

Classes loaded (20 events):
Event: 18.493 Loading class java/util/concurrent/Executors$AutoShutdownDelegatedExecutorService
Event: 18.493 Loading class java/util/concurrent/Executors$AutoShutdownDelegatedExecutorService done
Event: 18.564 Loading class java/lang/UnsupportedClassVersionError
Event: 18.564 Loading class java/lang/UnsupportedClassVersionError done
Event: 21.051 Loading class java/net/Proxy
Event: 21.051 Loading class java/net/Proxy done
Event: 21.064 Loading class java/util/concurrent/ConcurrentLinkedQueue$Itr
Event: 21.064 Loading class java/util/concurrent/ConcurrentLinkedQueue$Itr done
Event: 21.083 Loading class java/lang/Throwable$PrintStreamOrWriter
Event: 21.083 Loading class java/lang/Throwable$PrintStreamOrWriter done
Event: 21.261 Loading class sun/misc/SharedSecrets
Event: 21.261 Loading class sun/misc/SharedSecrets done
Event: 21.261 Loading class java/lang/Throwable$WrappedPrintWriter
Event: 21.261 Loading class java/lang/Throwable$WrappedPrintWriter done
Event: 23.198 Loading class java/util/Collections$SynchronizedRandomAccessList
Event: 23.198 Loading class java/util/Collections$SynchronizedList
Event: 23.198 Loading class java/util/Collections$SynchronizedList done
Event: 23.198 Loading class java/util/Collections$SynchronizedRandomAccessList done
Event: 23.215 Loading class java/util/concurrent/CompletableFuture$Signaller
Event: 23.215 Loading class java/util/concurrent/CompletableFuture$Signaller done

Classes unloaded (7 events):
Event: 3.375 Thread 0x00000294273f4550 Unloading class 0x000002943f1b0c00 'java/lang/invoke/LambdaForm$MH+0x000002943f1b0c00'
Event: 3.375 Thread 0x00000294273f4550 Unloading class 0x000002943f1b0800 'java/lang/invoke/LambdaForm$MH+0x000002943f1b0800'
Event: 3.375 Thread 0x00000294273f4550 Unloading class 0x000002943f1b0400 'java/lang/invoke/LambdaForm$MH+0x000002943f1b0400'
Event: 3.375 Thread 0x00000294273f4550 Unloading class 0x000002943f1b0000 'java/lang/invoke/LambdaForm$MH+0x000002943f1b0000'
Event: 3.375 Thread 0x00000294273f4550 Unloading class 0x000002943f1afc00 'java/lang/invoke/LambdaForm$BMH+0x000002943f1afc00'
Event: 3.375 Thread 0x00000294273f4550 Unloading class 0x000002943f1af800 'java/lang/invoke/LambdaForm$DMH+0x000002943f1af800'
Event: 3.375 Thread 0x00000294273f4550 Unloading class 0x000002943f1ae400 'java/lang/invoke/LambdaForm$DMH+0x000002943f1ae400'

Classes redefined (0 events):
No events

Internal exceptions (20 events):
Event: 23.110 Thread 0x0000029406a457c0 Exception <a 'sun/nio/fs/WindowsException'{0x00000000d5dc3838}> (0x00000000d5dc3838) 
thrown [s\src\hotspot\share\prims\jni.cpp, line 520]
Event: 23.110 Thread 0x0000029406a457c0 Exception <a 'sun/nio/fs/WindowsException'{0x00000000d5dcd9d8}> (0x00000000d5dcd9d8) 
thrown [s\src\hotspot\share\prims\jni.cpp, line 520]
Event: 23.111 Thread 0x0000029406a457c0 Exception <a 'sun/nio/fs/WindowsException'{0x00000000d5dd1c68}> (0x00000000d5dd1c68) 
thrown [s\src\hotspot\share\prims\jni.cpp, line 520]
Event: 23.111 Thread 0x0000029406a457c0 Exception <a 'sun/nio/fs/WindowsException'{0x00000000d5dd59f0}> (0x00000000d5dd59f0) 
thrown [s\src\hotspot\share\prims\jni.cpp, line 520]
Event: 23.111 Thread 0x0000029406a457c0 Exception <a 'sun/nio/fs/WindowsException'{0x00000000d5dd9e80}> (0x00000000d5dd9e80) 
thrown [s\src\hotspot\share\prims\jni.cpp, line 520]
Event: 23.112 Thread 0x0000029406a457c0 Exception <a 'sun/nio/fs/WindowsException'{0x00000000d5dde1e8}> (0x00000000d5dde1e8) 
thrown [s\src\hotspot\share\prims\jni.cpp, line 520]
Event: 23.112 Thread 0x0000029406a457c0 Exception <a 'sun/nio/fs/WindowsException'{0x00000000d5de22b8}> (0x00000000d5de22b8) 
thrown [s\src\hotspot\share\prims\jni.cpp, line 520]
Event: 23.131 Thread 0x0000029406a457c0 Exception <a 'sun/nio/fs/WindowsException'{0x00000000d5e70af0}> (0x00000000d5e70af0) 
thrown [s\src\hotspot\share\prims\jni.cpp, line 520]
Event: 23.131 Thread 0x0000029406a457c0 Exception <a 'sun/nio/fs/WindowsException'{0x00000000d5e74b00}> (0x00000000d5e74b00) 
thrown [s\src\hotspot\share\prims\jni.cpp, line 520]
Event: 23.131 Thread 0x0000029406a457c0 Exception <a 'sun/nio/fs/WindowsException'{0x00000000d5e78d58}> (0x00000000d5e78d58) 
thrown [s\src\hotspot\share\prims\jni.cpp, line 520]
Event: 23.132 Thread 0x0000029406a457c0 Exception <a 'sun/nio/fs/WindowsException'{0x00000000d5e7ca60}> (0x00000000d5e7ca60) 
thrown [s\src\hotspot\share\prims\jni.cpp, line 520]
Event: 23.132 Thread 0x0000029406a457c0 Exception <a 'sun/nio/fs/WindowsException'{0x00000000d5e80c58}> (0x00000000d5e80c58) 
thrown [s\src\hotspot\share\prims\jni.cpp, line 520]
Event: 23.133 Thread 0x0000029406a457c0 Exception <a 'sun/nio/fs/WindowsException'{0x00000000d5e85fb8}> (0x00000000d5e85fb8) 
thrown [s\src\hotspot\share\prims\jni.cpp, line 520]
Event: 23.133 Thread 0x0000029406a457c0 Exception <a 'sun/nio/fs/WindowsException'{0x00000000d5e8a0d0}> (0x00000000d5e8a0d0) 
thrown [s\src\hotspot\share\prims\jni.cpp, line 520]
Event: 23.134 Thread 0x0000029406a457c0 Exception <a 'sun/nio/fs/WindowsException'{0x00000000d5e8e488}> (0x00000000d5e8e488) 
thrown [s\src\hotspot\share\prims\jni.cpp, line 520]
Event: 23.134 Thread 0x0000029406a457c0 Exception <a 'sun/nio/fs/WindowsException'{0x00000000d5e932f8}> (0x00000000d5e932f8) 
thrown [s\src\hotspot\share\prims\jni.cpp, line 520]
Event: 23.135 Thread 0x0000029406a457c0 Exception <a 'sun/nio/fs/WindowsException'{0x00000000d5e97300}> (0x00000000d5e97300) 
thrown [s\src\hotspot\share\prims\jni.cpp, line 520]
Event: 23.135 Thread 0x0000029406a457c0 Exception <a 'sun/nio/fs/WindowsException'{0x00000000d5e9b550}> (0x00000000d5e9b550) 
thrown [s\src\hotspot\share\prims\jni.cpp, line 520]
Event: 23.186 Thread 0x0000029408dfd590 Implicit null exception at 0x000002943263edc4 to 0x000002943263fdf8
Event: 23.190 Thread 0x0000029408dfd590 Implicit null exception at 0x000002943261050d to 0x0000029432610858

ZGC Phase Switch (0 events):
No events

VM Operations (20 events):
Event: 21.068 Executing safepoint VM operation: ParallelGCFailedAllocation (Allocation Failure) done
Event: 21.211 Executing non-safepoint VM operation: HandshakeAllThreads (Deoptimize)
Event: 21.211 Executing non-safepoint VM operation: HandshakeAllThreads (Deoptimize) done
Event: 21.738 Executing safepoint VM operation: ParallelGCFailedAllocation (Allocation Failure)
Event: 21.740 Executing safepoint VM operation: ParallelGCFailedAllocation (Allocation Failure) done
Event: 21.976 Executing safepoint VM operation: ParallelGCFailedAllocation (Allocation Failure)
Event: 21.978 Executing safepoint VM operation: ParallelGCFailedAllocation (Allocation Failure) done
Event: 23.082 Executing non-safepoint VM operation: HandshakeAllThreads (Deoptimize)
Event: 23.082 Executing non-safepoint VM operation: HandshakeAllThreads (Deoptimize) done
Event: 23.082 Executing safepoint VM operation: Cleanup
Event: 23.082 Executing safepoint VM operation: Cleanup done
Event: 23.176 Executing safepoint VM operation: ParallelGCFailedAllocation (Allocation Failure)
Event: 23.177 Executing safepoint VM operation: ParallelGCFailedAllocation (Allocation Failure) done
Event: 23.190 Executing non-safepoint VM operation: HandshakeAllThreads (Deoptimize)
Event: 23.191 Executing non-safepoint VM operation: HandshakeAllThreads (Deoptimize) done
Event: 23.192 Executing non-safepoint VM operation: HandshakeAllThreads (Deoptimize)
Event: 23.192 Executing non-safepoint VM operation: HandshakeAllThreads (Deoptimize) done
Event: 23.229 Executing non-safepoint VM operation: HandshakeAllThreads (Deoptimize)
Event: 23.229 Executing non-safepoint VM operation: HandshakeAllThreads (Deoptimize) done
Event: 24.228 Executing safepoint VM operation: Cleanup

Memory protections (0 events):
No events

Nmethod flushes (20 events):
Event: 9.241 Thread 0x00000294273f4550 flushing osr nmethod 0x000002942aecb590
Event: 9.241 Thread 0x00000294273f4550 flushing  nmethod 0x000002942aee4010
Event: 9.241 Thread 0x00000294273f4550 flushing osr nmethod 0x000002942aeee810
Event: 9.241 Thread 0x00000294273f4550 flushing  nmethod 0x000002942aefc810
Event: 9.241 Thread 0x00000294273f4550 flushing  nmethod 0x000002942af09d90
Event: 9.241 Thread 0x00000294273f4550 flushing  nmethod 0x000002942af0a110
Event: 9.241 Thread 0x00000294273f4550 flushing  nmethod 0x000002942af0a690
Event: 9.241 Thread 0x00000294273f4550 flushing  nmethod 0x000002942af0b710
Event: 9.241 Thread 0x00000294273f4550 flushing  nmethod 0x000002942af1ce10
Event: 9.241 Thread 0x00000294273f4550 flushing  nmethod 0x000002942af4e390
Event: 9.241 Thread 0x00000294273f4550 flushing  nmethod 0x000002942af5a710
Event: 9.241 Thread 0x00000294273f4550 flushing  nmethod 0x000002942af5ad10
Event: 9.241 Thread 0x00000294273f4550 flushing  nmethod 0x000002942af5e210
Event: 9.241 Thread 0x00000294273f4550 flushing  nmethod 0x000002942af5e910
Event: 9.241 Thread 0x00000294273f4550 flushing  nmethod 0x000002942af5f690
Event: 9.241 Thread 0x00000294273f4550 flushing  nmethod 0x000002942af60610
Event: 9.241 Thread 0x00000294273f4550 flushing  nmethod 0x000002942af74110
Event: 9.241 Thread 0x00000294273f4550 flushing  nmethod 0x000002942af8ff10
Event: 9.241 Thread 0x00000294273f4550 flushing  nmethod 0x000002942af95690
Event: 9.241 Thread 0x00000294273f4550 flushing osr nmethod 0x000002942afae210

Events (20 events):
Event: 21.077 Thread 0x0000029400363a10 Thread added: 0x0000029407145fc0
Event: 21.209 Thread 0x00000294073eca20 Thread exited: 0x00000294073eca20
Event: 21.288 Thread 0x0000029406a457c0 Thread added: 0x00000294073eca20
Event: 21.294 Thread 0x0000029406a457c0 Thread added: 0x00000294073ebd00
Event: 21.351 Thread 0x00000294073ebd00 Thread exited: 0x00000294073ebd00
Event: 21.377 Thread 0x0000029406a457c0 Thread added: 0x00000294073e9c30
Event: 21.383 Thread 0x0000029406a457c0 Thread added: 0x00000294073ebd00
Event: 21.444 Thread 0x00000294073ebd00 Thread added: 0x000002940efe82b0
Event: 21.453 Thread 0x0000029407145fc0 Thread exited: 0x0000029407145fc0
Event: 21.698 Thread 0x000002940efe82b0 Thread exited: 0x000002940efe82b0
Event: 21.703 Thread 0x00000294073ebd00 Thread exited: 0x00000294073ebd00
Event: 21.705 Thread 0x0000029400363a10 Thread added: 0x0000029407146d60
Event: 21.906 Thread 0x0000029400363a10 Thread added: 0x0000029407145fc0
Event: 23.136 Thread 0x00000294073e8f10 Thread exited: 0x00000294073e8f10
Event: 23.163 Thread 0x0000029406a45130 Thread added: 0x00000294073ebd00
Event: 23.166 Thread 0x0000029406a45130 Thread added: 0x00000294073e8f10
Event: 23.186 Thread 0x00000294073e8f10 Thread exited: 0x00000294073e8f10
Event: 23.188 Thread 0x0000029406a45130 Thread added: 0x000002940ea11cc0
Event: 23.191 Thread 0x0000029406a45130 Thread added: 0x000002940ea12350
Event: 23.223 Thread 0x000002940ea12350 Thread added: 0x000002940ea10fa0


Dynamic libraries:
0x00007ff642790000 - 0x00007ff64279e000 	c:\Users\HP\.antigravity\extensions\redhat.java-1.54.0-win32-x64\jre\21.0.10-win32-x86_64\bin\java.exe
0x00007ffbd5d80000 - 0x00007ffbd5fe7000 	C:\WINDOWS\SYSTEM32\ntdll.dll
0x00007ffb95390000 - 0x00007ffb953b1000 	C:\Program Files\Avast Software\Avast\aswhook.dll
0x00007ffbd4f50000 - 0x00007ffbd5019000 	C:\WINDOWS\System32\KERNEL32.DLL
0x00007ffbd3560000 - 0x00007ffbd3954000 	C:\WINDOWS\System32\KERNELBASE.dll
0x00007ffbd2790000 - 0x00007ffbd28db000 	C:\WINDOWS\System32\ucrtbase.dll
0x00007ffb834d0000 - 0x00007ffb834e8000 	c:\Users\HP\.antigravity\extensions\redhat.java-1.54.0-win32-x64\jre\21.0.10-win32-x86_64\bin\jli.dll
0x00007ffb849c0000 - 0x00007ffb849de000 	c:\Users\HP\.antigravity\extensions\redhat.java-1.54.0-win32-x64\jre\21.0.10-win32-x86_64\bin\VCRUNTIME140.dll
0x00007ffbd5210000 - 0x00007ffbd53d5000 	C:\WINDOWS\System32\USER32.dll
0x00007ffbd2b00000 - 0x00007ffbd2b27000 	C:\WINDOWS\System32\win32u.dll
0x00007ffba59a0000 - 0x00007ffba5c33000 	C:\WINDOWS\WinSxS\amd64_microsoft.windows.common-controls_6595b64144ccf1df_6.0.26100.8115_none_3e075c82e3354f9c\COMCTL32.dll
0x00007ffbd4a60000 - 0x00007ffbd4a8b000 	C:\WINDOWS\System32\GDI32.dll
0x00007ffbd5090000 - 0x00007ffbd5139000 	C:\WINDOWS\System32\msvcrt.dll
0x00007ffbd3430000 - 0x00007ffbd355b000 	C:\WINDOWS\System32\gdi32full.dll
0x00007ffbd2a50000 - 0x00007ffbd2af3000 	C:\WINDOWS\System32\msvcp_win.dll
0x00007ffbd5490000 - 0x00007ffbd54c2000 	C:\WINDOWS\System32\IMM32.DLL
0x00007ffbcd6d0000 - 0x00007ffbcd6dc000 	c:\Users\HP\.antigravity\extensions\redhat.java-1.54.0-win32-x64\jre\21.0.10-win32-x86_64\bin\vcruntime140_1.dll
0x00007ffb45880000 - 0x00007ffb4590d000 	c:\Users\HP\.antigravity\extensions\redhat.java-1.54.0-win32-x64\jre\21.0.10-win32-x86_64\bin\msvcp140.dll
0x00007ffb38410000 - 0x00007ffb391b1000 	c:\Users\HP\.antigravity\extensions\redhat.java-1.54.0-win32-x64\jre\21.0.10-win32-x86_64\bin\server\jvm.dll
0x00007ffbd5b50000 - 0x00007ffbd5c06000 	C:\WINDOWS\System32\ADVAPI32.dll
0x00007ffbd53e0000 - 0x00007ffbd5487000 	C:\WINDOWS\System32\sechost.dll
0x00007ffbd3ae0000 - 0x00007ffbd3bf8000 	C:\WINDOWS\System32\RPCRT4.dll
0x00007ffbd4010000 - 0x00007ffbd4090000 	C:\WINDOWS\System32\WS2_32.dll
0x00007ffbc4450000 - 0x00007ffbc445b000 	C:\WINDOWS\SYSTEM32\VERSION.dll
0x00007ffbca640000 - 0x00007ffbca676000 	C:\WINDOWS\SYSTEM32\WINMM.dll
0x00007ffbd2480000 - 0x00007ffbd24de000 	C:\WINDOWS\SYSTEM32\POWRPROF.dll
0x00007ffbd2460000 - 0x00007ffbd2474000 	C:\WINDOWS\SYSTEM32\UMPDC.dll
0x00007ffbd13b0000 - 0x00007ffbd13cb000 	C:\WINDOWS\SYSTEM32\kernel.appcore.dll
0x00007ffb97d10000 - 0x00007ffb97d1a000 	c:\Users\HP\.antigravity\extensions\redhat.java-1.54.0-win32-x64\jre\21.0.10-win32-x86_64\bin\jimage.dll
0x00007ffbd0430000 - 0x00007ffbd0672000 	C:\WINDOWS\SYSTEM32\DBGHELP.DLL
0x00007ffbd3c80000 - 0x00007ffbd4002000 	C:\WINDOWS\System32\combase.dll
0x00007ffbd5910000 - 0x00007ffbd59e8000 	C:\WINDOWS\System32\OLEAUT32.dll
0x00007ffbbdc50000 - 0x00007ffbbdc8b000 	C:\WINDOWS\SYSTEM32\dbgcore.DLL
0x00007ffbd26e0000 - 0x00007ffbd2785000 	C:\WINDOWS\System32\bcryptPrimitives.dll
0x00007ffb97b70000 - 0x00007ffb97b7f000 	c:\Users\HP\.antigravity\extensions\redhat.java-1.54.0-win32-x64\jre\21.0.10-win32-x86_64\bin\instrument.dll
0x00007ffb818e0000 - 0x00007ffb81900000 	c:\Users\HP\.antigravity\extensions\redhat.java-1.54.0-win32-x64\jre\21.0.10-win32-x86_64\bin\java.dll
0x00007ffbd40a0000 - 0x00007ffbd4807000 	C:\WINDOWS\System32\SHELL32.dll
0x00007ffbd28e0000 - 0x00007ffbd2a4a000 	C:\WINDOWS\System32\wintypes.dll
0x00007ffbd2bc0000 - 0x00007ffbd3428000 	C:\WINDOWS\System32\windows.storage.dll
0x00007ffbd54d0000 - 0x00007ffbd55c8000 	C:\WINDOWS\System32\SHCORE.dll
0x00007ffbd3c10000 - 0x00007ffbd3c76000 	C:\WINDOWS\System32\shlwapi.dll
0x00007ffbd2540000 - 0x00007ffbd2569000 	C:\WINDOWS\SYSTEM32\profapi.dll
0x00007ffb80480000 - 0x00007ffb80498000 	c:\Users\HP\.antigravity\extensions\redhat.java-1.54.0-win32-x64\jre\21.0.10-win32-x86_64\bin\zip.dll
0x00007ffb97a30000 - 0x00007ffb97a40000 	C:\Users\HP\.antigravity\extensions\redhat.java-1.54.0-win32-x64\jre\21.0.10-win32-x86_64\bin\net.dll
0x00007ffbc9a60000 - 0x00007ffbc9b8d000 	C:\WINDOWS\SYSTEM32\WINHTTP.dll
0x00007ffbd1920000 - 0x00007ffbd198c000 	C:\WINDOWS\system32\mswsock.dll
0x00007ffb7a1e0000 - 0x00007ffb7a1f6000 	C:\Users\HP\.antigravity\extensions\redhat.java-1.54.0-win32-x64\jre\21.0.10-win32-x86_64\bin\nio.dll
0x00007ffb964a0000 - 0x00007ffb964b0000 	c:\Users\HP\.antigravity\extensions\redhat.java-1.54.0-win32-x64\jre\21.0.10-win32-x86_64\bin\verify.dll
0x00007ffb6b1f0000 - 0x00007ffb6b235000 	C:\Users\HP\AppData\Roaming\Antigravity\User\globalStorage\redhat.java\1.54.0\config_win\org.eclipse.equinox.launcher\org.eclipse.equinox.launcher.win32.win32.x86_64_1.3.0.v20260203-2149\eclipse_11919.dll
0x00007ffbd48a0000 - 0x00007ffbd4a37000 	C:\WINDOWS\System32\ole32.dll
0x00007ffbd1c00000 - 0x00007ffbd1c1b000 	C:\WINDOWS\SYSTEM32\CRYPTSP.dll
0x00007ffbd1310000 - 0x00007ffbd1349000 	C:\WINDOWS\system32\rsaenh.dll
0x00007ffbd19d0000 - 0x00007ffbd1a03000 	C:\WINDOWS\SYSTEM32\USERENV.dll
0x00007ffbd2510000 - 0x00007ffbd253a000 	C:\WINDOWS\SYSTEM32\bcrypt.dll
0x00007ffbd1c20000 - 0x00007ffbd1c2c000 	C:\WINDOWS\SYSTEM32\CRYPTBASE.dll
0x00007ffbd0db0000 - 0x00007ffbd0de2000 	C:\WINDOWS\SYSTEM32\IPHLPAPI.DLL
0x00007ffbd4810000 - 0x00007ffbd481a000 	C:\WINDOWS\System32\NSI.dll
0x00007ffb6b000000 - 0x00007ffb6b049000 	C:\Users\HP\AppData\Local\Temp\jna-2312\jna18327172287288501789.dll
0x00007ffbd5080000 - 0x00007ffbd5088000 	C:\WINDOWS\System32\PSAPI.DLL
0x00007ffbca170000 - 0x00007ffbca18d000 	C:\WINDOWS\SYSTEM32\dhcpcsvc6.DLL
0x00007ffbca140000 - 0x00007ffbca165000 	C:\WINDOWS\SYSTEM32\dhcpcsvc.DLL
0x00007ffb6fe00000 - 0x00007ffb6fe27000 	C:\Users\HP\.gradle\native\1def1411415f61bf3af743bc5b6707747c0891f09f0c88961ee8f79bc544acac\windows-amd64\native-platform.dll
0x00007ffb8ad30000 - 0x00007ffb8ad3a000 	C:\Users\HP\.antigravity\extensions\redhat.java-1.54.0-win32-x64\jre\21.0.10-win32-x86_64\bin\management.dll
0x00007ffb83a70000 - 0x00007ffb83a7c000 	C:\Users\HP\.antigravity\extensions\redhat.java-1.54.0-win32-x64\jre\21.0.10-win32-x86_64\bin\management_ext.dll
0x00007ffb7a7e0000 - 0x00007ffb7a7e9000 	C:\Users\HP\.antigravity\extensions\redhat.java-1.54.0-win32-x64\jre\21.0.10-win32-x86_64\bin\extnet.dll
0x00007ffb7a3a0000 - 0x00007ffb7a3ae000 	C:\Users\HP\.antigravity\extensions\redhat.java-1.54.0-win32-x64\jre\21.0.10-win32-x86_64\bin\sunmscapi.dll
0x00007ffbd3960000 - 0x00007ffbd3ad7000 	C:\WINDOWS\System32\CRYPT32.dll
0x00007ffbd1e20000 - 0x00007ffbd1e50000 	C:\WINDOWS\SYSTEM32\ncrypt.dll
0x00007ffbd1dd0000 - 0x00007ffbd1e0f000 	C:\WINDOWS\SYSTEM32\NTASN1.dll
0x00007ffb937f0000 - 0x00007ffb937f8000 	C:\WINDOWS\system32\wshunix.dll

JVMTI agents:
c:\Users\HP\.antigravity\extensions\redhat.java-1.54.0-win32-x64\lombok\lombok-1.18.39-4050.jar path:c:\Users\HP\.antigravity\extensions\redhat.java-1.54.0-win32-x64\jre\21.0.10-win32-x86_64\bin\instrument.dll, loaded, initialized, instrumentlib options:none

dbghelp: loaded successfully - version: 4.0.5 - missing functions: none
symbol engine: initialized successfully - sym options: 0x614 - pdb path: .;c:\Users\HP\.antigravity\extensions\redhat.java-1.54.0-win32-x64\jre\21.0.10-win32-x86_64\bin;C:\WINDOWS\SYSTEM32;C:\Program Files\Avast Software\Avast;C:\WINDOWS\WinSxS\amd64_microsoft.windows.common-controls_6595b64144ccf1df_6.0.26100.8115_none_3e075c82e3354f9c;c:\Users\HP\.antigravity\extensions\redhat.java-1.54.0-win32-x64\jre\21.0.10-win32-x86_64\bin\server;C:\Users\HP\AppData\Roaming\Antigravity\User\globalStorage\redhat.java\1.54.0\config_win\org.eclipse.equinox.launcher\org.eclipse.equinox.launcher.win32.win32.x86_64_1.3.0.v20260203-2149;C:\Users\HP\AppData\Local\Temp\jna-2312;C:\Users\HP\.gradle\native\1def1411415f61bf3af743bc5b6707747c0891f09f0c88961ee8f79bc544acac\windows-amd64

VM Arguments:
jvm_args: --add-modules=ALL-SYSTEM --add-opens=java.base/java.util=ALL-UNNAMED --add-opens=java.base/java.lang=ALL-UNNAMED --add-opens=java.base/sun.nio.fs=ALL-UNNAMED -Declipse.application=org.eclipse.jdt.ls.core.id1 -Dosgi.bundles.defaultStartLevel=4 -Declipse.product=org.eclipse.jdt.ls.core.product -Djava.import.generatesMetadataFilesAtProjectRoot=false -DDetectVMInstallationsJob.disabled=true -Dfile.encoding=utf8 -XX:+UseParallelGC -XX:GCTimeRatio=4 -XX:AdaptiveSizePolicyWeight=90 -Dsun.zip.disableMemoryMapping=true -Xmx2G -Xms100m -Xlog:disable -javaagent:c:\Users\HP\.antigravity\extensions\redhat.java-1.54.0-win32-x64\lombok\lombok-1.18.39-4050.jar -XX:+HeapDumpOnOutOfMemoryError -XX:HeapDumpPath=c:\Users\HP\AppData\Roaming\Antigravity\User\workspaceStorage\bb6f58697517b49f76eb8e851445a514\redhat.java -Daether.dependencyCollector.impl=bf 
java_command: c:\Users\HP\.antigravity\extensions\redhat.java-1.54.0-win32-x64\server\plugins\org.eclipse.equinox.launcher_1.7.100.v20251111-0406.jar -configuration c:\Users\HP\AppData\Roaming\Antigravity\User\globalStorage\redhat.java\1.54.0\config_win -data c:\Users\HP\AppData\Roaming\Antigravity\User\workspaceStorage\bb6f58697517b49f76eb8e851445a514\redhat.java\jdt_ws --pipe=\\.\pipe\lsp-9e578b5e28a4cc6252478025d3ca5f9e-sock
java_class_path (initial): c:\Users\HP\.antigravity\extensions\redhat.java-1.54.0-win32-x64\server\plugins\org.eclipse.equinox.launcher_1.7.100.v20251111-0406.jar
Launcher Type: SUN_STANDARD

[Global flags]
    uintx AdaptiveSizePolicyWeight                 = 90                                        {product} {command line}
     intx CICompilerCount                          = 4                                         {product} {ergonomic}
    uintx GCTimeRatio                              = 4                                         {product} {command line}
     bool HeapDumpOnOutOfMemoryError               = true                                   {manageable} {command line}
    ccstr HeapDumpPath                             = c:\Users\HP\AppData\Roaming\Antigravity\User\workspaceStorage\bb6f58697517b49f76eb8e851445a514\redhat.java         {manageable} {command line}
   size_t InitialHeapSize                          = 104857600                                 {product} {command line}
   size_t MaxHeapSize                              = 2147483648                                {product} {command line}
   size_t MaxNewSize                               = 715653120                                 {product} {ergonomic}
   size_t MinHeapDeltaBytes                        = 524288                                    {product} {ergonomic}
   size_t MinHeapSize                              = 104857600                                 {product} {command line}
   size_t NewSize                                  = 34603008                                  {product} {ergonomic}
    uintx NonNMethodCodeHeapSize                   = 5839372                                {pd product} {ergonomic}
    uintx NonProfiledCodeHeapSize                  = 122909434                              {pd product} {ergonomic}
   size_t OldSize                                  = 70254592                                  {product} {ergonomic}
    uintx ProfiledCodeHeapSize                     = 122909434                              {pd product} {ergonomic}
    uintx ReservedCodeCacheSize                    = 251658240                              {pd product} {ergonomic}
     bool SegmentedCodeCache                       = true                                      {product} {ergonomic}
   size_t SoftMaxHeapSize                          = 2147483648                             {manageable} {ergonomic}
     bool UseCompressedOops                        = true                           {product lp64_product} {ergonomic}
     bool UseLargePagesIndividualAllocation        = false                                  {pd product} {ergonomic}
     bool UseParallelGC                            = true                                      {product} {command line}

Logging:
Log output configuration:
 #0: stdout all=off uptime,level,tags foldmultilines=false
 #1: stderr all=off uptime,level,tags foldmultilines=false

Release file:
JAVA_VERSION="21.0.10" 
MODULES="java.base java.compiler java.datatransfer java.xml java.prefs java.desktop java.instrument java.logging java.management java.security.sasl java.naming java.rmi java.management.rmi java.net.http java.scripting java.security.jgss java.transaction.xa java.sql java.sql.rowset java.xml.crypto java.se java.smartcardio jdk.accessibility jdk.internal.jvmstat jdk.attach jdk.charsets jdk.internal.opt jdk.zipfs jdk.compiler jdk.crypto.ec jdk.crypto.cryptoki jdk.crypto.mscapi jdk.dynalink jdk.internal.ed jdk.editpad jdk.hotspot.agent jdk.httpserver jdk.internal.le jdk.internal.vm.ci jdk.internal.vm.compiler jdk.internal.vm.compiler.management jdk.jartool jdk.javadoc jdk.jcmd jdk.management jdk.management.agent jdk.jconsole jdk.jdeps jdk.jdwp.agent jdk.jdi jdk.jfr jdk.jshell jdk.jsobject jdk.jstatd jdk.localedata jdk.management.jfr jdk.naming.dns jdk.naming.rmi jdk.net jdk.nio.mapmode jdk.random jdk.sctp jdk.security.auth jdk.security.jgss jdk.unsupported jdk.unsupported.desktop jdk.xml.dom" 

Environment Variables:
JAVA_HOME=C:\Program Files\Java\jdk-25
PATH=C:\Program Files\Common Files\Oracle\Java\javapath;C:\Program Files (x86)\Common Files\Oracle\Java\java8path;C:\Program Files (x86)\Common Files\Oracle\Java\javapath;C:\ORC\ORACLEE\bin;C:\app\HP\product\21c\dbhomeXE\bin;E:\oracle21\ORACL\bin;C:\Dossier_Oracle21c\Oracle21c\bin;C:\WINDOWS\system32;C:\WINDOWS;C:\WINDOWS\System32\Wbem;C:\WINDOWS\System32\WindowsPowerShell\v1.0\;C:\WINDOWS\System32\OpenSSH\;C:\appliiiiiii\flutter_windows_3.35.7-stable.zip\flutter\bin;C:\Program Files\Docker\Docker\resources\bin;C:\Program Files\Git\cmd;C:\Program Files\nodejs\;C:\Program Files\Apache\maven\bin;C:\Program Files\MySQL\MySQL Shell 8.0\bin\;C:\Users\HP\AppData\Local\Programs\Python\Python313\Scripts\;C:\Users\HP\AppData\Local\Programs\Python\Python313\;C:\Users\HP\AppData\Local\Programs\Python\Launcher\;C:\Users\HP\AppData\Local\Microsoft\WindowsApps;C:\Users\HP\AppData\Local\Programs\Microsoft VS Code\bin;C:\Users\HP\AppData\Local\Python\bin;C:\Users\HP\AppData\Roaming\npm;C:\Program Files\Java\jdk-25\bin;C:\Maven\apache-maven-3.9.15\bin;D:\Nouveau dossier\Antigravity\bin
USERNAME=HP
OS=Windows_NT
PROCESSOR_IDENTIFIER=Intel64 Family 6 Model 186 Stepping 3, GenuineIntel
TMP=C:\Users\HP\AppData\Local\Temp
TEMP=C:\Users\HP\AppData\Local\Temp




Periodic native trim disabled

---------------  S Y S T E M  ---------------

OS:
 Windows 11 , 64 bit Build 26100 (10.0.26100.8246)
OS uptime: 0 days 1:51 hours
Hyper-V role detected

CPU: total 12 (initial active 12) (6 cores per cpu, 2 threads per core) family 6 model 186 stepping 3 microcode 0x4121, cx8, cmov, fxsr, ht, mmx, 3dnowpref, sse, sse2, sse3, ssse3, sse4.1, sse4.2, popcnt, lzcnt, tsc, tscinvbit, avx, avx2, aes, erms, clmul, bmi1, bmi2, adx, sha, fma, vzeroupper, clflush, clflushopt, clwb, hv, serialize, rdtscp, rdpid, fsrm, f16c, cet_ibt, cet_ss
Processor Information for processor 0
  Max Mhz: 1300, Current Mhz: 1300, Mhz Limit: 1300
Processor Information for processor 1
  Max Mhz: 1300, Current Mhz: 1300, Mhz Limit: 1300
Processor Information for processor 2
  Max Mhz: 1300, Current Mhz: 1300, Mhz Limit: 1300
Processor Information for processor 3
  Max Mhz: 1300, Current Mhz: 1300, Mhz Limit: 1300
Processor Information for processor 4
  Max Mhz: 1300, Current Mhz: 900, Mhz Limit: 897
Processor Information for processor 5
  Max Mhz: 1300, Current Mhz: 900, Mhz Limit: 897
Processor Information for processor 6
  Max Mhz: 1300, Current Mhz: 900, Mhz Limit: 897
Processor Information for processor 7
  Max Mhz: 1300, Current Mhz: 900, Mhz Limit: 897
Processor Information for processor 8
  Max Mhz: 1300, Current Mhz: 900, Mhz Limit: 897
Processor Information for processor 9
  Max Mhz: 1300, Current Mhz: 900, Mhz Limit: 897
Processor Information for processor 10
  Max Mhz: 1300, Current Mhz: 900, Mhz Limit: 897
Processor Information for processor 11
  Max Mhz: 1300, Current Mhz: 900, Mhz Limit: 897

Memory: 4k page, system-wide physical 7835M (638M free)
TotalPageFile size 13835M (AvailPageFile size 5M)
current process WorkingSet (physical memory assigned to process): 329M, peak: 330M
current process commit charge ("private bytes"): 411M, peak: 411M

vm_info: OpenJDK 64-Bit Server VM (21.0.10+7-LTS) for windows-amd64 JRE (21.0.10+7-LTS), built on 2026-01-20T00:00:00Z by "admin" with MS VC++ 17.12 (VS2022)

END.
