#
# There is insufficient memory for the Java Runtime Environment to continue.
# Native memory allocation (mmap) failed to map 65536 bytes. Error detail: Failed to commit metaspace.
# Possible reasons:
#   The system is out of physical RAM or swap space
#   This process is running with CompressedOops enabled, and the Java Heap may be blocking the growth of the native heap
# Possible solutions:
#   Reduce memory load on the system
#   Increase physical memory or swap space
#   Check if swap backing store is full
#   Decrease Java heap size (-Xmx/-Xms)
#   Decrease number of Java threads
#   Decrease Java thread stack sizes (-Xss)
#   Set larger code cache with -XX:ReservedCodeCacheSize=
#   JVM is running with Unscaled Compressed Oops mode in which the Java heap is
#     placed in the first 4GB address space. The Java Heap base address is the
#     maximum limit for the native heap growth. Please use -XX:HeapBaseMinAddress
#     to set the Java Heap base and to place the Java Heap above 4GB virtual address.
# This output file may be truncated or incomplete.
#
#  Out of Memory Error (virtualSpaceNode.cpp:113), pid=8336, tid=20328
#
# JRE version: OpenJDK Runtime Environment Temurin-21.0.10+7 (21.0.10+7) (build 21.0.10+7-LTS)
# Java VM: OpenJDK 64-Bit Server VM Temurin-21.0.10+7 (21.0.10+7-LTS, mixed mode, sharing, tiered, compressed oops, compressed class ptrs, parallel gc, windows-amd64)
# No core dump will be written. Minidumps are not enabled by default on client versions of Windows
#

---------------  S U M M A R Y ------------

Command Line: --add-modules=ALL-SYSTEM --add-opens=java.base/java.util=ALL-UNNAMED --add-opens=java.base/java.lang=ALL-UNNAMED --add-opens=java.base/sun.nio.fs=ALL-UNNAMED -Declipse.application=org.eclipse.jdt.ls.core.id1 -Dosgi.bundles.defaultStartLevel=4 -Declipse.product=org.eclipse.jdt.ls.core.product -Djava.import.generatesMetadataFilesAtProjectRoot=false -DDetectVMInstallationsJob.disabled=true -Dfile.encoding=utf8 -XX:+UseParallelGC -XX:GCTimeRatio=4 -XX:AdaptiveSizePolicyWeight=90 -Dsun.zip.disableMemoryMapping=true -Xmx2G -Xms100m -Xlog:disable -javaagent:c:\Users\HP\.antigravity\extensions\redhat.java-1.54.0-win32-x64\lombok\lombok-1.18.39-4050.jar -XX:+HeapDumpOnOutOfMemoryError -XX:HeapDumpPath=c:\Users\HP\AppData\Roaming\Antigravity\User\workspaceStorage\98eb1284933efba20486acdda2b6755c\redhat.java -Daether.dependencyCollector.impl=bf c:\Users\HP\.antigravity\extensions\redhat.java-1.54.0-win32-x64\server\plugins\org.eclipse.equinox.launcher_1.7.100.v20251111-0406.jar -configuration c:\Users\HP\AppData\Roaming\Antigravity\User\globalStorage\redhat.java\1.54.0\config_win -data c:\Users\HP\AppData\Roaming\Antigravity\User\workspaceStorage\98eb1284933efba20486acdda2b6755c\redhat.java\jdt_ws --pipe=\\.\pipe\lsp-098f835158689562a10259f9cae0b20a-sock

Host: 13th Gen Intel(R) Core(TM) i5-1335U, 12 cores, 7G,  Windows 11 , 64 bit Build 26100 (10.0.26100.8246)
Time: Sun Apr 26 02:30:27 2026 Greenwich elapsed time: 4.362699 seconds (0d 0h 0m 4s)

---------------  T H R E A D  ---------------

Current thread (0x00000181e1a33080):  JavaThread "main"             [_thread_in_vm, id=20328, stack(0x00000080e7400000,0x00000080e7500000) (1024K)]

Stack: [0x00000080e7400000,0x00000080e7500000]
Native frames: (J=compiled Java code, j=interpreted, Vv=VM code, C=native code)
V  [jvm.dll+0x6d7a39]
V  [jvm.dll+0x8b4b26]
V  [jvm.dll+0x8b70de]
V  [jvm.dll+0x8b77c3]
V  [jvm.dll+0x284346]
V  [jvm.dll+0x8b086e]
V  [jvm.dll+0x679444]
V  [jvm.dll+0x1e82bb]
V  [jvm.dll+0x1e807e]
V  [jvm.dll+0x67bd42]
V  [jvm.dll+0x67bb72]
V  [jvm.dll+0x679e1e]
V  [jvm.dll+0x26f614]
V  [jvm.dll+0x219f3f]
V  [jvm.dll+0x20f62e]
V  [jvm.dll+0x5b644f]
V  [jvm.dll+0x82ead6]
V  [jvm.dll+0x478db8]
V  [jvm.dll+0x47ebe8]
C  [java.dll+0x17ec]

Java frames: (J=compiled Java code, j=interpreted, Vv=VM code)
j  java.lang.ClassLoader.defineClass1(Ljava/lang/ClassLoader;Ljava/lang/String;[BIILjava/security/ProtectionDomain;Ljava/lang/String;)Ljava/lang/Class;+0 java.base@21.0.10
j  java.lang.ClassLoader.defineClass(Ljava/lang/String;[BIILjava/security/ProtectionDomain;)Ljava/lang/Class;+27 java.base@21.0.10
j  java.lang.ClassLoader.defineClass(Ljava/lang/String;[BII)Ljava/lang/Class;+7 java.base@21.0.10
j  lombok.launch.ShadowClassLoader.urlToDefineClass(Ljava/lang/String;Ljava/net/URL;Z)Ljava/lang/Class;+155
j  lombok.launch.ShadowClassLoader.loadClass(Ljava/lang/String;Z)Ljava/lang/Class;+238
j  java.lang.ClassLoader.loadClass(Ljava/lang/String;)Ljava/lang/Class;+3 java.base@21.0.10
v  ~StubRoutines::call_stub 0x00000181ec16100d
j  java.lang.Class.forName0(Ljava/lang/String;ZLjava/lang/ClassLoader;Ljava/lang/Class;)Ljava/lang/Class;+0 java.base@21.0.10
j  java.lang.Class.forName(Ljava/lang/String;Ljava/lang/Class;)Ljava/lang/Class;+19 java.base@21.0.10
j  java.lang.Class.forName(Ljava/lang/String;)Ljava/lang/Class;+6 java.base@21.0.10
j  lombok.core.AgentLauncher.runAgents(Ljava/lang/String;Ljava/lang/instrument/Instrumentation;ZLjava/lang/Class;)V+30
j  java.lang.invoke.LambdaForm$DMH+0x0000018181004800.invokeStatic(Ljava/lang/Object;Ljava/lang/Object;Ljava/lang/Object;ILjava/lang/Object;)V+16 java.base@21.0.10
j  java.lang.invoke.LambdaForm$MH+0x0000018181008c00.invoke(Ljava/lang/Object;Ljava/lang/Object;Ljava/lang/Object;)Ljava/lang/Object;+124 java.base@21.0.10
j  java.lang.invoke.Invokers$Holder.invokeExact_MT(Ljava/lang/Object;Ljava/lang/Object;Ljava/lang/Object;Ljava/lang/Object;)Ljava/lang/Object;+20 java.base@21.0.10
j  jdk.internal.reflect.DirectMethodHandleAccessor.invokeImpl(Ljava/lang/Object;[Ljava/lang/Object;)Ljava/lang/Object;+104 java.base@21.0.10
j  jdk.internal.reflect.DirectMethodHandleAccessor.invoke(Ljava/lang/Object;[Ljava/lang/Object;)Ljava/lang/Object;+23 java.base@21.0.10
j  java.lang.reflect.Method.invoke(Ljava/lang/Object;[Ljava/lang/Object;)Ljava/lang/Object;+102 java.base@21.0.10
j  lombok.launch.Agent.runLauncher(Ljava/lang/String;Ljava/lang/instrument/Instrumentation;Z)V+73
j  lombok.launch.Agent.premain(Ljava/lang/String;Ljava/lang/instrument/Instrumentation;)V+3
j  java.lang.invoke.LambdaForm$DMH+0x0000018181000c00.invokeStatic(Ljava/lang/Object;Ljava/lang/Object;Ljava/lang/Object;)V+11 java.base@21.0.10
j  java.lang.invoke.LambdaForm$MH+0x0000018181002800.invoke(Ljava/lang/Object;Ljava/lang/Object;Ljava/lang/Object;Ljava/lang/Object;)Ljava/lang/Object;+54 java.base@21.0.10
j  java.lang.invoke.LambdaForm$MH+0x0000018181002c00.invokeExact_MT(Ljava/lang/Object;Ljava/lang/Object;Ljava/lang/Object;Ljava/lang/Object;Ljava/lang/Object;)Ljava/lang/Object;+22 java.base@21.0.10
j  jdk.internal.reflect.DirectMethodHandleAccessor.invokeImpl(Ljava/lang/Object;[Ljava/lang/Object;)Ljava/lang/Object;+72 java.base@21.0.10
j  jdk.internal.reflect.DirectMethodHandleAccessor.invoke(Ljava/lang/Object;[Ljava/lang/Object;)Ljava/lang/Object;+23 java.base@21.0.10
j  java.lang.reflect.Method.invoke(Ljava/lang/Object;[Ljava/lang/Object;)Ljava/lang/Object;+102 java.base@21.0.10
j  sun.instrument.InstrumentationImpl.loadClassAndStartAgent(Ljava/lang/String;Ljava/lang/String;Ljava/lang/String;)V+165 java.instrument@21.0.10
j  sun.instrument.InstrumentationImpl.loadClassAndCallPremain(Ljava/lang/String;Ljava/lang/String;)V+6 java.instrument@21.0.10
v  ~StubRoutines::call_stub 0x00000181ec16100d

---------------  P R O C E S S  ---------------

Threads class SMR info:
_java_thread_list=0x00000181f994aeb0, length=10, elements={
0x00000181e1a33080, 0x00000181e19c9380, 0x00000181e1aee230, 0x00000181e19cc010,
0x00000181e19cfe90, 0x00000181e19d1e50, 0x00000181e19d7f60, 0x00000181f9732030,
0x00000181f9732cb0, 0x00000181f997d920
}

Java Threads: ( => current thread )
=>0x00000181e1a33080 JavaThread "main"                              [_thread_in_vm, id=20328, stack(0x00000080e7400000,0x00000080e7500000) (1024K)]
  0x00000181e19c9380 JavaThread "Reference Handler"          daemon [_thread_blocked, id=12044, stack(0x00000080e7800000,0x00000080e7900000) (1024K)]
  0x00000181e1aee230 JavaThread "Finalizer"                  daemon [_thread_blocked, id=15176, stack(0x00000080e7900000,0x00000080e7a00000) (1024K)]
  0x00000181e19cc010 JavaThread "Signal Dispatcher"          daemon [_thread_blocked, id=14172, stack(0x00000080e7a00000,0x00000080e7b00000) (1024K)]
  0x00000181e19cfe90 JavaThread "Attach Listener"            daemon [_thread_blocked, id=12096, stack(0x00000080e7b00000,0x00000080e7c00000) (1024K)]
  0x00000181e19d1e50 JavaThread "Service Thread"             daemon [_thread_blocked, id=9116, stack(0x00000080e7c00000,0x00000080e7d00000) (1024K)]
  0x00000181e19d7f60 JavaThread "Monitor Deflation Thread"   daemon [_thread_blocked, id=20064, stack(0x00000080e7d00000,0x00000080e7e00000) (1024K)]
  0x00000181f9732030 JavaThread "C2 CompilerThread0"         daemon [_thread_blocked, id=5788, stack(0x00000080e7e00000,0x00000080e7f00000) (1024K)]
  0x00000181f9732cb0 JavaThread "C1 CompilerThread0"         daemon [_thread_blocked, id=22384, stack(0x00000080e7f00000,0x00000080e8000000) (1024K)]
  0x00000181f997d920 JavaThread "Common-Cleaner"             daemon [_thread_blocked, id=19136, stack(0x00000080e8000000,0x00000080e8100000) (1024K)]
Total: 10

Other Threads:
  0x00000181e19c2310 VMThread "VM Thread"                           [id=17532, stack(0x00000080e7700000,0x00000080e7800000) (1024K)]
  0x00000181e18bca00 WatcherThread "VM Periodic Task Thread"        [id=15288, stack(0x00000080e7600000,0x00000080e7700000) (1024K)]
  0x00000181e1a51270 WorkerThread "GC Thread#0"                     [id=20448, stack(0x00000080e7500000,0x00000080e7600000) (1024K)]
Total: 3

Threads with active compile tasks:
Total: 0

VM state: not at safepoint (normal execution)

VM Mutex/Monitor currently owned by a thread:  ([mutex/lock_event])
[0x00007ffe84d8c4e0] Metaspace_lock - owner thread: 0x00000181e1a33080

Heap address: 0x0000000080000000, size: 2048 MB, Compressed Oops mode: 32-bit

CDS archive(s) mapped at: [0x0000018180000000-0x0000018180ba0000-0x0000018180ba0000), size 12189696, SharedBaseAddress: 0x0000018180000000, ArchiveRelocationMode: 1.
Compressed class space mapped at: 0x0000018181000000-0x00000181c1000000, reserved size: 1073741824
Narrow klass base: 0x0000018180000000, Narrow klass shift: 0, Narrow klass range: 0x100000000

GC Precious Log:
 CardTable entry size: 512
 CPUs: 12 total, 12 available
 Memory: 7835M
 Large Page Support: Disabled
 NUMA Support: Disabled
 Compressed Oops: Enabled (32-bit)
 Alignments: Space 512K, Generation 512K, Heap 2M
 Heap Min Capacity: 100M
 Heap Initial Capacity: 100M
 Heap Max Capacity: 2G
 Pre-touch: Disabled
 Parallel Workers: 10

Heap:
 PSYoungGen      total 29696K, used 4682K [0x00000000d5580000, 0x00000000d7680000, 0x0000000100000000)
  eden space 25600K, 18% used [0x00000000d5580000,0x00000000d5a12b00,0x00000000d6e80000)
  from space 4096K, 0% used [0x00000000d7280000,0x00000000d7280000,0x00000000d7680000)
  to   space 4096K, 0% used [0x00000000d6e80000,0x00000000d6e80000,0x00000000d7280000)
 ParOldGen       total 68608K, used 0K [0x0000000080000000, 0x0000000084300000, 0x00000000d5580000)
  object space 68608K, 0% used [0x0000000080000000,0x0000000080000000,0x0000000084300000)
 Metaspace       used 753K, committed 896K, reserved 1114112K
  class space    used 62K, committed 128K, reserved 1048576K

Card table byte_map: [0x00000181e13d0000,0x00000181e17e0000] _byte_map_base: 0x00000181e0fd0000

Marking Bits: (ParMarkBitMap*) 0x00007ffe84d93450
 Begin Bits: [0x00000181f3ee0000, 0x00000181f5ee0000)
 End Bits:   [0x00000181f5ee0000, 0x00000181f7ee0000)

Polling page: 0x00000181df8a0000

Metaspace:

Usage:
  Non-class:    691.10 KB used.
      Class:     62.64 KB used.
       Both:    753.74 KB used.

Virtual space:
  Non-class space:       64.00 MB reserved,     768.00 KB (  1%) committed,  1 nodes.
      Class space:        1.00 GB reserved,     128.00 KB ( <1%) committed,  1 nodes.
             Both:        1.06 GB reserved,     896.00 KB ( <1%) committed. 

Chunk freelists:
   Non-Class:  11.86 MB
       Class:  15.71 MB
        Both:  27.58 MB

MaxMetaspaceSize: unlimited
CompressedClassSpaceSize: 1.00 GB
Initial GC threshold: 21.00 MB
Current GC threshold: 21.00 MB
CDS: on
 - commit_granule_bytes: 65536.
 - commit_granule_words: 8192.
 - virtual_space_node_default_size: 8388608.
 - enlarge_chunks_in_place: 1.
 - use_allocation_guard: 0.


Internal statistics:

num_allocs_failed_limit: 0.
num_arena_births: 60.
num_arena_deaths: 0.
num_vsnodes_births: 2.
num_vsnodes_deaths: 0.
num_space_committed: 14.
num_space_uncommitted: 0.
num_chunks_returned_to_freelist: 0.
num_chunks_taken_from_freelist: 67.
num_chunk_merges: 0.
num_chunk_splits: 49.
num_chunks_enlarged: 30.
num_inconsistent_stats: 0.

CodeHeap 'non-profiled nmethods': size=120000Kb used=125Kb max_used=125Kb free=119874Kb
 bounds [0x00000181ec700000, 0x00000181ec970000, 0x00000181f3c30000]
CodeHeap 'profiled nmethods': size=120000Kb used=542Kb max_used=542Kb free=119457Kb
 bounds [0x00000181e4c30000, 0x00000181e4ea0000, 0x00000181ec160000]
CodeHeap 'non-nmethods': size=5760Kb used=1147Kb max_used=1162Kb free=4612Kb
 bounds [0x00000181ec160000, 0x00000181ec3d0000, 0x00000181ec700000]
CodeCache: size=245760Kb, used=1814Kb, max_used=1829Kb, free=243943Kb
 total_blobs=806, nmethods=412, adapters=301, full_count=0
Compilation: enabled, stopped_count=0, restarted_count=0

Compilation events (20 events):
Event: 2.292 Thread 0x00000181f9732cb0 nmethod 403 0x00000181e4cb4090 code [0x00000181e4cb4240, 0x00000181e4cb4448]
Event: 2.294 Thread 0x00000181f9732030 nmethod 394 0x00000181ec71ea90 code [0x00000181ec71ec40, 0x00000181ec71f070]
Event: 2.294 Thread 0x00000181f9732030  402       4       jdk.internal.org.objectweb.asm.SymbolTable::get (13 bytes)
Event: 2.294 Thread 0x00000181f9732030 nmethod 402 0x00000181ec71f310 code [0x00000181ec71f4a0, 0x00000181ec71f5a0]
Event: 2.304 Thread 0x00000181f9732cb0  405       3       jdk.internal.misc.Unsafe::allocateUninitializedArray0 (90 bytes)
Event: 2.304 Thread 0x00000181f9732cb0 nmethod 405 0x00000181e4cb4510 code [0x00000181e4cb4740, 0x00000181e4cb5018]
Event: 2.307 Thread 0x00000181f9732cb0  408       3       lombok.launch.ClassFileMetaData::readValue (27 bytes)
Event: 2.307 Thread 0x00000181f9732cb0 nmethod 408 0x00000181e4cb5190 code [0x00000181e4cb5340, 0x00000181e4cb54b0]
Event: 2.307 Thread 0x00000181f9732cb0  411       3       java.lang.StringUTF16::coderFromArrayLen (9 bytes)
Event: 2.307 Thread 0x00000181f9732cb0 nmethod 411 0x00000181e4cb5590 code [0x00000181e4cb5720, 0x00000181e4cb5828]
Event: 2.307 Thread 0x00000181f9732cb0  410       3       java.lang.String::<init> (14 bytes)
Event: 2.307 Thread 0x00000181f9732cb0 nmethod 410 0x00000181e4cb5910 code [0x00000181e4cb5ae0, 0x00000181e4cb5e28]
Event: 2.307 Thread 0x00000181f9732cb0  409       3       java.lang.String::rangeCheck (10 bytes)
Event: 2.307 Thread 0x00000181f9732cb0 nmethod 409 0x00000181e4cb6010 code [0x00000181e4cb61e0, 0x00000181e4cb6450]
Event: 2.307 Thread 0x00000181f9732cb0  406       3       java.lang.String::<init> (74 bytes)
Event: 2.308 Thread 0x00000181f9732cb0 nmethod 406 0x00000181e4cb6590 code [0x00000181e4cb6780, 0x00000181e4cb6cb8]
Event: 2.308 Thread 0x00000181f9732cb0  407       3       java.lang.StringUTF16::compress (59 bytes)
Event: 2.308 Thread 0x00000181f9732cb0 nmethod 407 0x00000181e4cb6f10 code [0x00000181e4cb7100, 0x00000181e4cb7470]
Event: 2.308 Thread 0x00000181f9732cb0  412       3       lombok.launch.PackageShader::readValue (21 bytes)
Event: 2.308 Thread 0x00000181f9732cb0 nmethod 412 0x00000181e4cb7610 code [0x00000181e4cb77c0, 0x00000181e4cb7908]

GC Heap History (0 events):
No events

Dll operation events (7 events):
Event: 0.021 Loaded shared library c:\Users\HP\.antigravity\extensions\redhat.java-1.54.0-win32-x64\jre\21.0.10-win32-x86_64\bin\java.dll
Event: 1.099 Loaded shared library c:\Users\HP\.antigravity\extensions\redhat.java-1.54.0-win32-x64\jre\21.0.10-win32-x86_64\bin\zip.dll
Event: 1.171 Loaded shared library C:\Users\HP\.antigravity\extensions\redhat.java-1.54.0-win32-x64\jre\21.0.10-win32-x86_64\bin\instrument.dll
Event: 1.180 Loaded shared library C:\Users\HP\.antigravity\extensions\redhat.java-1.54.0-win32-x64\jre\21.0.10-win32-x86_64\bin\net.dll
Event: 1.185 Loaded shared library C:\Users\HP\.antigravity\extensions\redhat.java-1.54.0-win32-x64\jre\21.0.10-win32-x86_64\bin\nio.dll
Event: 1.190 Loaded shared library C:\Users\HP\.antigravity\extensions\redhat.java-1.54.0-win32-x64\jre\21.0.10-win32-x86_64\bin\zip.dll
Event: 1.232 Loaded shared library C:\Users\HP\.antigravity\extensions\redhat.java-1.54.0-win32-x64\jre\21.0.10-win32-x86_64\bin\jimage.dll

Deoptimization events (14 events):
Event: 1.202 Thread 0x00000181e1a33080 Uncommon trap: trap_request=0xffffffde fr.pc=0x00000181ec70d0d4 relative=0x00000000000005b4
Event: 1.202 Thread 0x00000181e1a33080 Uncommon trap: reason=class_check action=maybe_recompile pc=0x00000181ec70d0d4 method=java.util.HashMap.putVal(ILjava/lang/Object;Ljava/lang/Object;ZZ)Ljava/lang/Object; @ 152 c2
Event: 1.202 Thread 0x00000181e1a33080 DEOPT PACKING pc=0x00000181ec70d0d4 sp=0x00000080e74fe3d0
Event: 1.202 Thread 0x00000181e1a33080 DEOPT UNPACKING pc=0x00000181ec1b3aa2 sp=0x00000080e74fe320 mode 2
Event: 1.202 Thread 0x00000181e1a33080 Uncommon trap: trap_request=0xffffffde fr.pc=0x00000181ec70d0d4 relative=0x00000000000005b4
Event: 1.202 Thread 0x00000181e1a33080 Uncommon trap: reason=class_check action=maybe_recompile pc=0x00000181ec70d0d4 method=java.util.HashMap.putVal(ILjava/lang/Object;Ljava/lang/Object;ZZ)Ljava/lang/Object; @ 152 c2
Event: 1.202 Thread 0x00000181e1a33080 DEOPT PACKING pc=0x00000181ec70d0d4 sp=0x00000080e74fe3d0
Event: 1.202 Thread 0x00000181e1a33080 DEOPT UNPACKING pc=0x00000181ec1b3aa2 sp=0x00000080e74fe320 mode 2
Event: 1.239 Thread 0x00000181e1a33080 DEOPT PACKING pc=0x00000181e4c65e49 sp=0x00000080e74fe1a0
Event: 1.239 Thread 0x00000181e1a33080 DEOPT UNPACKING pc=0x00000181ec1b4242 sp=0x00000080e74fd628 mode 0
Event: 1.239 Thread 0x00000181e1a33080 DEOPT PACKING pc=0x00000181e4c65e49 sp=0x00000080e74fe1a0
Event: 1.239 Thread 0x00000181e1a33080 DEOPT UNPACKING pc=0x00000181ec1b4242 sp=0x00000080e74fd628 mode 0
Event: 1.240 Thread 0x00000181e1a33080 DEOPT PACKING pc=0x00000181e4c65e49 sp=0x00000080e74fe1a0
Event: 1.241 Thread 0x00000181e1a33080 DEOPT UNPACKING pc=0x00000181ec1b4242 sp=0x00000080e74fd628 mode 0

Classes loaded (20 events):
Event: 1.248 Loading class sun/net/www/MessageHeader
Event: 1.248 Loading class sun/net/www/MessageHeader done
Event: 1.249 Loading class sun/net/www/protocol/jar/URLJarFile
Event: 1.249 Loading class sun/net/www/protocol/jar/URLJarFile done
Event: 1.250 Loading class sun/net/www/protocol/jar/URLJarFile$URLJarFileEntry
Event: 1.251 Loading class sun/net/www/protocol/jar/URLJarFile$URLJarFileEntry done
Event: 1.251 Loading class sun/net/www/protocol/jar/JarURLConnection$JarURLInputStream
Event: 1.251 Loading class sun/net/www/protocol/jar/JarURLConnection$JarURLInputStream done
Event: 1.253 Loading class java/lang/AssertionError
Event: 1.253 Loading class java/lang/AssertionError done
Event: 1.254 Loading class sun/net/www/protocol/jrt/Handler
Event: 1.254 Loading class sun/net/www/protocol/jrt/Handler done
Event: 1.270 Loading class jdk/internal/foreign/MemorySessionImpl
Event: 1.270 Loading class java/lang/foreign/MemorySegment$Scope
Event: 1.270 Loading class java/lang/foreign/MemorySegment$Scope done
Event: 1.270 Loading class jdk/internal/foreign/MemorySessionImpl done
Event: 1.271 Loading class sun/invoke/util/ValueConversions$1
Event: 1.272 Loading class sun/invoke/util/ValueConversions$1 done
Event: 1.273 Loading class java/lang/invoke/BoundMethodHandle$Species_LI
Event: 1.273 Loading class java/lang/invoke/BoundMethodHandle$Species_LI done

Classes unloaded (0 events):
No events

Classes redefined (0 events):
No events

Internal exceptions (10 events):
Event: 1.091 Thread 0x00000181e1a33080 Exception <a 'java/lang/NoSuchMethodError'{0x00000000d5729320}: 'void java.lang.invoke.DirectMethodHandle$Holder.invokeStatic(java.lang.Object, java.lang.Object, java.lang.Object)'> (0x00000000d5729320) 
thrown [s\src\hotspot\share\interpreter\linkResolver.cpp, line 773]
Event: 1.219 Thread 0x00000181e1a33080 Exception <a 'java/lang/NoSuchMethodError'{0x00000000d5891e90}: 'java.lang.Object java.lang.invoke.Invokers$Holder.invokeExact_MT(java.lang.Object, java.lang.Object, java.lang.Object, java.lang.Object, java.lang.Object)'> (0x00000000d5891e90) 
thrown [s\src\hotspot\share\interpreter\linkResolver.cpp, line 773]
Event: 1.273 Thread 0x00000181e1a33080 Exception <a 'java/lang/NoSuchMethodError'{0x00000000d594a1b8}: 'int java.lang.invoke.DirectMethodHandle$Holder.invokeSpecial(java.lang.Object, java.lang.Object, java.lang.Object, int)'> (0x00000000d594a1b8) 
thrown [s\src\hotspot\share\interpreter\linkResolver.cpp, line 773]
Event: 1.274 Thread 0x00000181e1a33080 Exception <a 'java/lang/NoSuchMethodError'{0x00000000d595cba0}: 'java.lang.Object java.lang.invoke.DirectMethodHandle$Holder.invokeStatic(java.lang.Object, java.lang.Object, java.lang.Object, java.lang.Object, int)'> (0x00000000d595cba0) 
thrown [s\src\hotspot\share\interpreter\linkResolver.cpp, line 773]
Event: 1.275 Thread 0x00000181e1a33080 Exception <a 'java/lang/NoSuchMethodError'{0x00000000d5967fe0}: 'void java.lang.invoke.DelegatingMethodHandle$Holder.reinvoke_L(java.lang.Object, java.lang.Object, java.lang.Object, int, java.lang.Object)'> (0x00000000d5967fe0) 
thrown [s\src\hotspot\share\interpreter\linkResolver.cpp, line 773]
Event: 1.278 Thread 0x00000181e1a33080 Exception <a 'java/lang/NoSuchMethodError'{0x00000000d5978930}: 'int java.lang.invoke.DirectMethodHandle$Holder.invokeSpecial(java.lang.Object, java.lang.Object, java.lang.Object)'> (0x00000000d5978930) 
thrown [s\src\hotspot\share\interpreter\linkResolver.cpp, line 773]
Event: 1.278 Thread 0x00000181e1a33080 Exception <a 'java/lang/NoSuchMethodError'{0x00000000d59845f0}: 'java.lang.Object java.lang.invoke.DirectMethodHandle$Holder.invokeStatic(java.lang.Object, java.lang.Object, int)'> (0x00000000d59845f0) 
thrown [s\src\hotspot\share\interpreter\linkResolver.cpp, line 773]
Event: 1.279 Thread 0x00000181e1a33080 Exception <a 'java/lang/NoSuchMethodError'{0x00000000d5988f40}: 'void java.lang.invoke.DirectMethodHandle$Holder.invokeStatic(java.lang.Object, java.lang.Object, int, java.lang.Object)'> (0x00000000d5988f40) 
thrown [s\src\hotspot\share\interpreter\linkResolver.cpp, line 773]
Event: 1.279 Thread 0x00000181e1a33080 Exception <a 'java/lang/NoSuchMethodError'{0x00000000d598cad0}: 'void java.lang.invoke.DirectMethodHandle$Holder.invokeSpecial(java.lang.Object, java.lang.Object, java.lang.Object, int, java.lang.Object)'> (0x00000000d598cad0) 
thrown [s\src\hotspot\share\interpreter\linkResolver.cpp, line 773]
Event: 1.279 Thread 0x00000181e1a33080 Exception <a 'java/lang/NoSuchMethodError'{0x00000000d598ff40}: 'void java.lang.invoke.DelegatingMethodHandle$Holder.delegate(java.lang.Object, java.lang.Object, int, java.lang.Object)'> (0x00000000d598ff40) 
thrown [s\src\hotspot\share\interpreter\linkResolver.cpp, line 773]

ZGC Phase Switch (0 events):
No events

VM Operations (8 events):
Event: 1.098 Executing non-safepoint VM operation: HandshakeAllThreads (Deoptimize)
Event: 1.098 Executing non-safepoint VM operation: HandshakeAllThreads (Deoptimize) done
Event: 1.098 Executing safepoint VM operation: Cleanup
Event: 1.098 Executing safepoint VM operation: Cleanup done
Event: 1.249 Executing non-safepoint VM operation: HandshakeAllThreads (Deoptimize)
Event: 1.249 Executing non-safepoint VM operation: HandshakeAllThreads (Deoptimize) done
Event: 2.252 Executing safepoint VM operation: Cleanup
Event: 2.284 Executing safepoint VM operation: Cleanup done

Memory protections (0 events):
No events

Nmethod flushes (0 events):
No events

Events (10 events):
Event: 0.045 Thread 0x00000181e1a33080 Thread added: 0x00000181e1a33080
Event: 0.060 Thread 0x00000181e1a33080 Thread added: 0x00000181e19c9380
Event: 0.060 Thread 0x00000181e1a33080 Thread added: 0x00000181e1aee230
Event: 0.060 Thread 0x00000181e1a33080 Thread added: 0x00000181e19cc010
Event: 0.060 Thread 0x00000181e1a33080 Thread added: 0x00000181e19cfe90
Event: 0.060 Thread 0x00000181e1a33080 Thread added: 0x00000181e19d1e50
Event: 0.060 Thread 0x00000181e1a33080 Thread added: 0x00000181e19d7f60
Event: 0.060 Thread 0x00000181e1a33080 Thread added: 0x00000181f9732030
Event: 0.060 Thread 0x00000181e1a33080 Thread added: 0x00000181f9732cb0
Event: 1.174 Thread 0x00000181e1a33080 Thread added: 0x00000181f997d920


Dynamic libraries:
0x00007ff6b8080000 - 0x00007ff6b808e000 	c:\Users\HP\.antigravity\extensions\redhat.java-1.54.0-win32-x64\jre\21.0.10-win32-x86_64\bin\java.exe
0x00007fff3c2a0000 - 0x00007fff3c507000 	C:\WINDOWS\SYSTEM32\ntdll.dll
0x00007fff00bb0000 - 0x00007fff00bd1000 	C:\Program Files\Avast Software\Avast\aswhook.dll
0x00007fff3adb0000 - 0x00007fff3ae79000 	C:\WINDOWS\System32\KERNEL32.DLL
0x00007fff397d0000 - 0x00007fff39bc4000 	C:\WINDOWS\System32\KERNELBASE.dll
0x00007fff39d40000 - 0x00007fff39e8b000 	C:\WINDOWS\System32\ucrtbase.dll
0x00007ffee6be0000 - 0x00007ffee6bf8000 	c:\Users\HP\.antigravity\extensions\redhat.java-1.54.0-win32-x64\jre\21.0.10-win32-x86_64\bin\jli.dll
0x00007fff3a6a0000 - 0x00007fff3a865000 	C:\WINDOWS\System32\USER32.dll
0x00007ffee98a0000 - 0x00007ffee98be000 	c:\Users\HP\.antigravity\extensions\redhat.java-1.54.0-win32-x64\jre\21.0.10-win32-x86_64\bin\VCRUNTIME140.dll
0x00007fff38c80000 - 0x00007fff38ca7000 	C:\WINDOWS\System32\win32u.dll
0x00007fff0af80000 - 0x00007fff0b213000 	C:\WINDOWS\WinSxS\amd64_microsoft.windows.common-controls_6595b64144ccf1df_6.0.26100.8115_none_3e075c82e3354f9c\COMCTL32.dll
0x00007fff3b030000 - 0x00007fff3b0d9000 	C:\WINDOWS\System32\msvcrt.dll
0x00007fff3a870000 - 0x00007fff3a89b000 	C:\WINDOWS\System32\GDI32.dll
0x00007fff39520000 - 0x00007fff3964b000 	C:\WINDOWS\System32\gdi32full.dll
0x00007fff39bd0000 - 0x00007fff39c73000 	C:\WINDOWS\System32\msvcp_win.dll
0x00007fff3ae80000 - 0x00007fff3aeb2000 	C:\WINDOWS\System32\IMM32.DLL
0x00007fff35b60000 - 0x00007fff35b6c000 	c:\Users\HP\.antigravity\extensions\redhat.java-1.54.0-win32-x64\jre\21.0.10-win32-x86_64\bin\vcruntime140_1.dll
0x00007ffea9b20000 - 0x00007ffea9bad000 	c:\Users\HP\.antigravity\extensions\redhat.java-1.54.0-win32-x64\jre\21.0.10-win32-x86_64\bin\msvcp140.dll
0x00007ffe840d0000 - 0x00007ffe84e71000 	c:\Users\HP\.antigravity\extensions\redhat.java-1.54.0-win32-x64\jre\21.0.10-win32-x86_64\bin\server\jvm.dll
0x00007fff3a5e0000 - 0x00007fff3a696000 	C:\WINDOWS\System32\ADVAPI32.dll
0x00007fff3a8a0000 - 0x00007fff3a947000 	C:\WINDOWS\System32\sechost.dll
0x00007fff3c110000 - 0x00007fff3c228000 	C:\WINDOWS\System32\RPCRT4.dll
0x00007fff3a000000 - 0x00007fff3a080000 	C:\WINDOWS\System32\WS2_32.dll
0x00007fff389c0000 - 0x00007fff38a1e000 	C:\WINDOWS\SYSTEM32\POWRPROF.dll
0x00007fff30a60000 - 0x00007fff30a96000 	C:\WINDOWS\SYSTEM32\WINMM.dll
0x00007fff305b0000 - 0x00007fff305bb000 	C:\WINDOWS\SYSTEM32\VERSION.dll
0x00007fff389a0000 - 0x00007fff389b4000 	C:\WINDOWS\SYSTEM32\UMPDC.dll
0x00007fff378d0000 - 0x00007fff378eb000 	C:\WINDOWS\SYSTEM32\kernel.appcore.dll
0x00007fff33b10000 - 0x00007fff33b1a000 	c:\Users\HP\.antigravity\extensions\redhat.java-1.54.0-win32-x64\jre\21.0.10-win32-x86_64\bin\jimage.dll
0x00007fff36900000 - 0x00007fff36b42000 	C:\WINDOWS\SYSTEM32\DBGHELP.DLL
0x00007fff3bbe0000 - 0x00007fff3bf62000 	C:\WINDOWS\System32\combase.dll
0x00007fff3aa10000 - 0x00007fff3aae8000 	C:\WINDOWS\System32\OLEAUT32.dll
0x00007fff240f0000 - 0x00007fff2412b000 	C:\WINDOWS\SYSTEM32\dbgcore.DLL
0x00007fff38b40000 - 0x00007fff38be5000 	C:\WINDOWS\System32\bcryptPrimitives.dll
0x00007fff17300000 - 0x00007fff1730f000 	c:\Users\HP\.antigravity\extensions\redhat.java-1.54.0-win32-x64\jre\21.0.10-win32-x86_64\bin\instrument.dll
0x00007ffee33a0000 - 0x00007ffee33c0000 	c:\Users\HP\.antigravity\extensions\redhat.java-1.54.0-win32-x64\jre\21.0.10-win32-x86_64\bin\java.dll
0x00007fff3b280000 - 0x00007fff3b9e7000 	C:\WINDOWS\System32\SHELL32.dll
0x00007fff39e90000 - 0x00007fff39ffa000 	C:\WINDOWS\System32\wintypes.dll
0x00007fff38cb0000 - 0x00007fff39518000 	C:\WINDOWS\System32\windows.storage.dll
0x00007fff3aec0000 - 0x00007fff3afb8000 	C:\WINDOWS\System32\SHCORE.dll
0x00007fff3aaf0000 - 0x00007fff3ab56000 	C:\WINDOWS\System32\shlwapi.dll
0x00007fff38a60000 - 0x00007fff38a89000 	C:\WINDOWS\SYSTEM32\profapi.dll
0x00007fff00950000 - 0x00007fff00968000 	c:\Users\HP\.antigravity\extensions\redhat.java-1.54.0-win32-x64\jre\21.0.10-win32-x86_64\bin\zip.dll
0x00007fff172e0000 - 0x00007fff172f0000 	C:\Users\HP\.antigravity\extensions\redhat.java-1.54.0-win32-x64\jre\21.0.10-win32-x86_64\bin\net.dll
0x00007fff306a0000 - 0x00007fff307cd000 	C:\WINDOWS\SYSTEM32\WINHTTP.dll
0x00007fff37e40000 - 0x00007fff37eac000 	C:\WINDOWS\system32\mswsock.dll
0x00007ffee49a0000 - 0x00007ffee49b6000 	C:\Users\HP\.antigravity\extensions\redhat.java-1.54.0-win32-x64\jre\21.0.10-win32-x86_64\bin\nio.dll

JVMTI agents:
c:\Users\HP\.antigravity\extensions\redhat.java-1.54.0-win32-x64\lombok\lombok-1.18.39-4050.jar path:c:\Users\HP\.antigravity\extensions\redhat.java-1.54.0-win32-x64\jre\21.0.10-win32-x86_64\bin\instrument.dll, loaded, initialized, instrumentlib options:none

dbghelp: loaded successfully - version: 4.0.5 - missing functions: none
symbol engine: initialized successfully - sym options: 0x614 - pdb path: .;c:\Users\HP\.antigravity\extensions\redhat.java-1.54.0-win32-x64\jre\21.0.10-win32-x86_64\bin;C:\WINDOWS\SYSTEM32;C:\Program Files\Avast Software\Avast;C:\WINDOWS\WinSxS\amd64_microsoft.windows.common-controls_6595b64144ccf1df_6.0.26100.8115_none_3e075c82e3354f9c;c:\Users\HP\.antigravity\extensions\redhat.java-1.54.0-win32-x64\jre\21.0.10-win32-x86_64\bin\server

VM Arguments:
jvm_args: --add-modules=ALL-SYSTEM --add-opens=java.base/java.util=ALL-UNNAMED --add-opens=java.base/java.lang=ALL-UNNAMED --add-opens=java.base/sun.nio.fs=ALL-UNNAMED -Declipse.application=org.eclipse.jdt.ls.core.id1 -Dosgi.bundles.defaultStartLevel=4 -Declipse.product=org.eclipse.jdt.ls.core.product -Djava.import.generatesMetadataFilesAtProjectRoot=false -DDetectVMInstallationsJob.disabled=true -Dfile.encoding=utf8 -XX:+UseParallelGC -XX:GCTimeRatio=4 -XX:AdaptiveSizePolicyWeight=90 -Dsun.zip.disableMemoryMapping=true -Xmx2G -Xms100m -Xlog:disable -javaagent:c:\Users\HP\.antigravity\extensions\redhat.java-1.54.0-win32-x64\lombok\lombok-1.18.39-4050.jar -XX:+HeapDumpOnOutOfMemoryError -XX:HeapDumpPath=c:\Users\HP\AppData\Roaming\Antigravity\User\workspaceStorage\98eb1284933efba20486acdda2b6755c\redhat.java -Daether.dependencyCollector.impl=bf 
java_command: c:\Users\HP\.antigravity\extensions\redhat.java-1.54.0-win32-x64\server\plugins\org.eclipse.equinox.launcher_1.7.100.v20251111-0406.jar -configuration c:\Users\HP\AppData\Roaming\Antigravity\User\globalStorage\redhat.java\1.54.0\config_win -data c:\Users\HP\AppData\Roaming\Antigravity\User\workspaceStorage\98eb1284933efba20486acdda2b6755c\redhat.java\jdt_ws --pipe=\\.\pipe\lsp-098f835158689562a10259f9cae0b20a-sock
java_class_path (initial): c:\Users\HP\.antigravity\extensions\redhat.java-1.54.0-win32-x64\server\plugins\org.eclipse.equinox.launcher_1.7.100.v20251111-0406.jar
Launcher Type: SUN_STANDARD

[Global flags]
    uintx AdaptiveSizePolicyWeight                 = 90                                        {product} {command line}
     intx CICompilerCount                          = 4                                         {product} {ergonomic}
    uintx GCTimeRatio                              = 4                                         {product} {command line}
     bool HeapDumpOnOutOfMemoryError               = true                                   {manageable} {command line}
    ccstr HeapDumpPath                             = c:\Users\HP\AppData\Roaming\Antigravity\User\workspaceStorage\98eb1284933efba20486acdda2b6755c\redhat.java         {manageable} {command line}
   size_t InitialHeapSize                          = 104857600                                 {product} {command line}
   size_t MaxHeapSize                              = 2147483648                                {product} {command line}
   size_t MaxNewSize                               = 715653120                                 {product} {ergonomic}
   size_t MinHeapDeltaBytes                        = 524288                                    {product} {ergonomic}
   size_t MinHeapSize                              = 104857600                                 {product} {command line}
   size_t NewSize                                  = 34603008                                  {product} {ergonomic}
    uintx NonNMethodCodeHeapSize                   = 5839372                                {pd product} {ergonomic}
    uintx NonProfiledCodeHeapSize                  = 122909434                              {pd product} {ergonomic}
   size_t OldSize                                  = 70254592                                  {product} {ergonomic}
    uintx ProfiledCodeHeapSize                     = 122909434                              {pd product} {ergonomic}
    uintx ReservedCodeCacheSize                    = 251658240                              {pd product} {ergonomic}
     bool SegmentedCodeCache                       = true                                      {product} {ergonomic}
   size_t SoftMaxHeapSize                          = 2147483648                             {manageable} {ergonomic}
     bool UseCompressedOops                        = true                           {product lp64_product} {ergonomic}
     bool UseLargePagesIndividualAllocation        = false                                  {pd product} {ergonomic}
     bool UseParallelGC                            = true                                      {product} {command line}

Logging:
Log output configuration:
 #0: stdout all=off uptime,level,tags foldmultilines=false
 #1: stderr all=off uptime,level,tags foldmultilines=false

Release file:
<release file has not been read>
Environment Variables:
PATH=C:\Program Files\Common Files\Oracle\Java\javapath;C:\Program Files (x86)\Common Files\Oracle\Java\java8path;C:\Program Files (x86)\Common Files\Oracle\Java\javapath;C:\ORC\ORACLEE\bin;C:\app\HP\product\21c\dbhomeXE\bin;E:\oracle21\ORACL\bin;C:\Dossier_Oracle21c\Oracle21c\bin;C:\WINDOWS\system32;C:\WINDOWS;C:\WINDOWS\System32\Wbem;C:\WINDOWS\System32\WindowsPowerShell\v1.0\;C:\WINDOWS\System32\OpenSSH\;c:\Program Files (x86)\Microsoft SQL Server\100\Tools\Binn\;c:\Program Files\Microsoft SQL Server\100\Tools\Binn\;c:\Program Files\Microsoft SQL Server\100\DTS\Binn\;C:\appliiiiiii\flutter_windows_3.35.7-stable.zip\flutter\bin;C:\Program Files\Docker\Docker\resources\bin;C:\Program Files\Git\cmd;C:\Program Files\nodejs\;C:\Program Files\Apache\maven\bin;C:\Users\HP\AppData\Local\Programs\Python\Python313\Scripts\;C:\Users\HP\AppData\Local\Programs\Python\Python313\;C:\Users\HP\AppData\Local\Programs\Python\Launcher\;C:\Users\HP\AppData\Local\Microsoft\WindowsApps;C:\Users\HP\AppData\Local\Programs\Microsoft VS Code\bin;C:\Users\HP\AppData\Local\Python\bin;C:\Users\HP\AppData\Roaming\npm;C:\Users\HP\AppData\Local\Programs\Antigravity\bin
USERNAME=HP
OS=Windows_NT
PROCESSOR_IDENTIFIER=Intel64 Family 6 Model 186 Stepping 3, GenuineIntel
TMP=C:\Users\HP\AppData\Local\Temp
TEMP=C:\Users\HP\AppData\Local\Temp




Periodic native trim disabled

---------------  S Y S T E M  ---------------

OS:
 Windows 11 , 64 bit Build 26100 (10.0.26100.8246)
OS uptime: 0 days 2:40 hours
Hyper-V role detected

CPU: total 12 (initial active 12) (6 cores per cpu, 2 threads per core) family 6 model 186 stepping 3 microcode 0x4121, cx8, cmov, fxsr, ht, mmx, 3dnowpref, sse, sse2, sse3, ssse3, sse4.1, sse4.2, popcnt, lzcnt, tsc, tscinvbit, avx, avx2, aes, erms, clmul, bmi1, bmi2, adx, sha, fma, vzeroupper, clflush, clflushopt, clwb, hv, serialize, rdtscp, rdpid, fsrm, f16c, cet_ibt, cet_ss
Processor Information for processor 0
  Max Mhz: 1300, Current Mhz: 1300, Mhz Limit: 1300
Processor Information for processor 1
  Max Mhz: 1300, Current Mhz: 1300, Mhz Limit: 1300
Processor Information for processor 2
  Max Mhz: 1300, Current Mhz: 1300, Mhz Limit: 1300
Processor Information for processor 3
  Max Mhz: 1300, Current Mhz: 1300, Mhz Limit: 1300
Processor Information for processor 4
  Max Mhz: 1300, Current Mhz: 900, Mhz Limit: 897
Processor Information for processor 5
  Max Mhz: 1300, Current Mhz: 900, Mhz Limit: 897
Processor Information for processor 6
  Max Mhz: 1300, Current Mhz: 900, Mhz Limit: 897
Processor Information for processor 7
  Max Mhz: 1300, Current Mhz: 900, Mhz Limit: 897
Processor Information for processor 8
  Max Mhz: 1300, Current Mhz: 900, Mhz Limit: 897
Processor Information for processor 9
  Max Mhz: 1300, Current Mhz: 900, Mhz Limit: 897
Processor Information for processor 10
  Max Mhz: 1300, Current Mhz: 900, Mhz Limit: 897
Processor Information for processor 11
  Max Mhz: 1300, Current Mhz: 900, Mhz Limit: 897

Memory: 4k page, system-wide physical 7835M (688M free)
TotalPageFile size 11931M (AvailPageFile size 3M)
current process WorkingSet (physical memory assigned to process): 42M, peak: 42M
current process commit charge ("private bytes"): 230M, peak: 230M

vm_info: OpenJDK 64-Bit Server VM (21.0.10+7-LTS) for windows-amd64 JRE (21.0.10+7-LTS), built on 2026-01-20T00:00:00Z by "admin" with MS VC++ 17.12 (VS2022)

END.
