#
# There is insufficient memory for the Java Runtime Environment to continue.
# Native memory allocation (malloc) failed to allocate 1357616 bytes. Error detail: Chunk::new
# Possible reasons:
#   The system is out of physical RAM or swap space
#   This process is running with CompressedOops enabled, and the Java Heap may be blocking the growth of the native heap
# Possible solutions:
#   Reduce memory load on the system
#   Increase physical memory or swap space
#   Check if swap backing store is full
#   Decrease Java heap size (-Xmx/-Xms)
#   Decrease number of Java threads
#   Decrease Java thread stack sizes (-Xss)
#   Set larger code cache with -XX:ReservedCodeCacheSize=
#   JVM is running with Unscaled Compressed Oops mode in which the Java heap is
#     placed in the first 4GB address space. The Java Heap base address is the
#     maximum limit for the native heap growth. Please use -XX:HeapBaseMinAddress
#     to set the Java Heap base and to place the Java Heap above 4GB virtual address.
# This output file may be truncated or incomplete.
#
#  Out of Memory Error (arena.cpp:168), pid=22068, tid=13812
#
# JRE version: OpenJDK Runtime Environment Temurin-21.0.10+7 (21.0.10+7) (build 21.0.10+7-LTS)
# Java VM: OpenJDK 64-Bit Server VM Temurin-21.0.10+7 (21.0.10+7-LTS, mixed mode, sharing, tiered, compressed oops, compressed class ptrs, parallel gc, windows-amd64)
# No core dump will be written. Minidumps are not enabled by default on client versions of Windows
#

---------------  S U M M A R Y ------------

Command Line: --add-modules=ALL-SYSTEM --add-opens=java.base/java.util=ALL-UNNAMED --add-opens=java.base/java.lang=ALL-UNNAMED --add-opens=java.base/sun.nio.fs=ALL-UNNAMED -Declipse.application=org.eclipse.jdt.ls.core.id1 -Dosgi.bundles.defaultStartLevel=4 -Declipse.product=org.eclipse.jdt.ls.core.product -Djava.import.generatesMetadataFilesAtProjectRoot=false -DDetectVMInstallationsJob.disabled=true -Dfile.encoding=utf8 -XX:+UseParallelGC -XX:GCTimeRatio=4 -XX:AdaptiveSizePolicyWeight=90 -Dsun.zip.disableMemoryMapping=true -Xmx2G -Xms100m -Xlog:disable -javaagent:c:\Users\HP\.antigravity\extensions\redhat.java-1.54.0-win32-x64\lombok\lombok-1.18.39-4050.jar -XX:+HeapDumpOnOutOfMemoryError -XX:HeapDumpPath=c:\Users\HP\AppData\Roaming\Antigravity\User\workspaceStorage\bb6f58697517b49f76eb8e851445a514\redhat.java -Daether.dependencyCollector.impl=bf c:\Users\HP\.antigravity\extensions\redhat.java-1.54.0-win32-x64\server\plugins\org.eclipse.equinox.launcher_1.7.100.v20251111-0406.jar -configuration c:\Users\HP\AppData\Roaming\Antigravity\User\globalStorage\redhat.java\1.54.0\config_win -data c:\Users\HP\AppData\Roaming\Antigravity\User\workspaceStorage\bb6f58697517b49f76eb8e851445a514\redhat.java\jdt_ws --pipe=\\.\pipe\lsp-18df5fb956ceae830392f517e0fa7a23-sock

Host: 13th Gen Intel(R) Core(TM) i5-1335U, 12 cores, 7G,  Windows 11 , 64 bit Build 26100 (10.0.26100.8246)
Time: Wed Apr 29 13:03:50 2026 Greenwich elapsed time: 7.743708 seconds (0d 0h 0m 7s)

---------------  T H R E A D  ---------------

Current thread (0x00000178fce4a840):  JavaThread "C2 CompilerThread1" daemon [_thread_in_native, id=13812, stack(0x00000051c1200000,0x00000051c1300000) (1024K)]


Current CompileTask:
C2:7743 6487       4       java.lang.invoke.MethodType::makeImpl (109 bytes)

Stack: [0x00000051c1200000,0x00000051c1300000]
Native frames: (J=compiled Java code, j=interpreted, Vv=VM code, C=native code)
V  [jvm.dll+0x6d7a39]
V  [jvm.dll+0x8b4b26]
V  [jvm.dll+0x8b70de]
V  [jvm.dll+0x8b77c3]
V  [jvm.dll+0x284346]
V  [jvm.dll+0xc66ed]
V  [jvm.dll+0xc6c31]
V  [jvm.dll+0x3bec01]
V  [jvm.dll+0x38b162]
V  [jvm.dll+0x38a5aa]
V  [jvm.dll+0x24c560]
V  [jvm.dll+0x24bb40]
V  [jvm.dll+0x1cb34e]
V  [jvm.dll+0x25b85d]
V  [jvm.dll+0x259dea]
V  [jvm.dll+0x3f857e]
V  [jvm.dll+0x85f59d]
V  [jvm.dll+0x6d626d]
C  [ucrtbase.dll+0x37b0]
C  [KERNEL32.DLL+0x2e8d7]
C  [ntdll.dll+0x8c3fc]


---------------  P R O C E S S  ---------------

Threads class SMR info:
_java_thread_list=0x00000178d71f0c00, length=61, elements={
0x00000178f3ea4070, 0x00000178f3e3c490, 0x00000178f3e3ed10, 0x00000178f3e408b0,
0x00000178f3e437d0, 0x00000178f3e461a0, 0x00000178f3e4b970, 0x00000178fcba2e90,
0x00000178fcba9540, 0x00000178fcd942d0, 0x00000178fce4a840, 0x00000178fce4b1c0,
0x00000178fcf2b680, 0x00000178fe2708c0, 0x00000178fe271c70, 0x00000178fe270230,
0x00000178fe272990, 0x00000178fe26fba0, 0x00000178fe270f50, 0x00000178fe26f510,
0x00000178fedb22a0, 0x00000178fedb3ce0, 0x00000178fedb3650, 0x00000178fedb4370,
0x00000178fedb0ef0, 0x00000178fedb1c10, 0x00000178fedb4a00, 0x00000178fedb1580,
0x00000178fedb5090, 0x00000178fedb2fc0, 0x00000178fedb5720, 0x00000178fedb5db0,
0x00000178fedb2930, 0x00000178fedb7160, 0x00000178fedb6440, 0x00000178fedb6ad0,
0x00000178fedb77f0, 0x00000178fedb7e80, 0x00000178fedb8510, 0x00000178d54b35b0,
0x00000178d54b14e0, 0x00000178d54b2f20, 0x00000178d54b3c40, 0x00000178d54b42d0,
0x00000178d54b0e50, 0x00000178d54b2200, 0x00000178d54b2890, 0x00000178d6249f60,
0x00000178d624a5f0, 0x00000178d62498d0, 0x00000178d624ac80, 0x00000178d6247800,
0x00000178d6247e90, 0x00000178d6248520, 0x00000178d624b310, 0x00000178d624b9a0,
0x00000178d6249240, 0x00000178d624cd50, 0x00000178d624e790, 0x00000178d624d3e0,
0x00000178d624da70
}

Java Threads: ( => current thread )
  0x00000178f3ea4070 JavaThread "main"                              [_thread_blocked, id=10072, stack(0x00000051c0500000,0x00000051c0600000) (1024K)]
  0x00000178f3e3c490 JavaThread "Reference Handler"          daemon [_thread_blocked, id=14188, stack(0x00000051c0900000,0x00000051c0a00000) (1024K)]
  0x00000178f3e3ed10 JavaThread "Finalizer"                  daemon [_thread_blocked, id=8604, stack(0x00000051c0a00000,0x00000051c0b00000) (1024K)]
  0x00000178f3e408b0 JavaThread "Signal Dispatcher"          daemon [_thread_blocked, id=20860, stack(0x00000051c0b00000,0x00000051c0c00000) (1024K)]
  0x00000178f3e437d0 JavaThread "Attach Listener"            daemon [_thread_blocked, id=19872, stack(0x00000051c0c00000,0x00000051c0d00000) (1024K)]
  0x00000178f3e461a0 JavaThread "Service Thread"             daemon [_thread_blocked, id=3500, stack(0x00000051c0d00000,0x00000051c0e00000) (1024K)]
  0x00000178f3e4b970 JavaThread "Monitor Deflation Thread"   daemon [_thread_blocked, id=18660, stack(0x00000051c0e00000,0x00000051c0f00000) (1024K)]
  0x00000178fcba2e90 JavaThread "C2 CompilerThread0"         daemon [_thread_in_native, id=20212, stack(0x00000051c0f00000,0x00000051c1000000) (1024K)]
  0x00000178fcba9540 JavaThread "C1 CompilerThread0"         daemon [_thread_in_native, id=4380, stack(0x00000051c1000000,0x00000051c1100000) (1024K)]
  0x00000178fcd942d0 JavaThread "Common-Cleaner"             daemon [_thread_blocked, id=23204, stack(0x00000051c1100000,0x00000051c1200000) (1024K)]
=>0x00000178fce4a840 JavaThread "C2 CompilerThread1"         daemon [_thread_in_native, id=13812, stack(0x00000051c1200000,0x00000051c1300000) (1024K)]
  0x00000178fce4b1c0 JavaThread "Notification Thread"        daemon [_thread_blocked, id=3480, stack(0x00000051c1300000,0x00000051c1400000) (1024K)]
  0x00000178fcf2b680 JavaThread "C2 CompilerThread2"         daemon [_thread_in_native, id=19204, stack(0x00000051c1400000,0x00000051c1500000) (1024K)]
  0x00000178fe2708c0 JavaThread "Active Thread: Equinox Container: ef08dd39-3dd2-4a5c-b175-a1ade45ef7ba"        [_thread_blocked, id=12720, stack(0x00000051c1b00000,0x00000051c1c00000) (1024K)]
  0x00000178fe271c70 JavaThread "Refresh Thread: Equinox Container: ef08dd39-3dd2-4a5c-b175-a1ade45ef7ba" daemon [_thread_blocked, id=20900, stack(0x00000051c1c00000,0x00000051c1d00000) (1024K)]
  0x00000178fe270230 JavaThread "Framework Event Dispatcher: Equinox Container: ef08dd39-3dd2-4a5c-b175-a1ade45ef7ba" daemon [_thread_blocked, id=24016, stack(0x00000051c1e00000,0x00000051c1f00000) (1024K)]
  0x00000178fe272990 JavaThread "Start Level: Equinox Container: ef08dd39-3dd2-4a5c-b175-a1ade45ef7ba" daemon [_thread_blocked, id=21324, stack(0x00000051c1f00000,0x00000051c2000000) (1024K)]
  0x00000178fe26fba0 JavaThread "Bundle File Closer"         daemon [_thread_blocked, id=24392, stack(0x00000051c2200000,0x00000051c2300000) (1024K)]
  0x00000178fe270f50 JavaThread "SCR Component Actor"        daemon [_thread_blocked, id=23332, stack(0x00000051c2300000,0x00000051c2400000) (1024K)]
  0x00000178fe26f510 JavaThread "Worker-JM"                         [_thread_blocked, id=14076, stack(0x00000051c2400000,0x00000051c2500000) (1024K)]
  0x00000178fedb22a0 JavaThread "JNA Cleaner"                daemon [_thread_blocked, id=12768, stack(0x00000051c2500000,0x00000051c2600000) (1024K)]
  0x00000178fedb3ce0 JavaThread "Worker-0"                          [_thread_blocked, id=948, stack(0x00000051c2600000,0x00000051c2700000) (1024K)]
  0x00000178fedb3650 JavaThread "Worker-1"                          [_thread_blocked, id=12064, stack(0x00000051c2700000,0x00000051c2800000) (1024K)]
  0x00000178fedb4370 JavaThread "Worker-2"                          [_thread_blocked, id=10500, stack(0x00000051c2800000,0x00000051c2900000) (1024K)]
  0x00000178fedb0ef0 JavaThread "Java indexing"              daemon [_thread_blocked, id=21944, stack(0x00000051c2900000,0x00000051c2a00000) (1024K)]
  0x00000178fedb1c10 JavaThread "Worker-3: Synchronize Gradle projects with workspace"        [_thread_blocked, id=18464, stack(0x00000051c2c00000,0x00000051c2d00000) (1024K)]
  0x00000178fedb4a00 JavaThread "Thread-1"                   daemon [_thread_in_native, id=12096, stack(0x00000051c2d00000,0x00000051c2e00000) (1024K)]
  0x00000178fedb1580 JavaThread "Thread-2"                   daemon [_thread_in_native, id=22308, stack(0x00000051c2e00000,0x00000051c2f00000) (1024K)]
  0x00000178fedb5090 JavaThread "Thread-3"                   daemon [_thread_in_native, id=22576, stack(0x00000051c2f00000,0x00000051c3000000) (1024K)]
  0x00000178fedb2fc0 JavaThread "Thread-4"                   daemon [_thread_in_native, id=17204, stack(0x00000051c3000000,0x00000051c3100000) (1024K)]
  0x00000178fedb5720 JavaThread "Thread-5"                   daemon [_thread_in_native, id=17288, stack(0x00000051c3100000,0x00000051c3200000) (1024K)]
  0x00000178fedb5db0 JavaThread "Thread-6"                   daemon [_thread_in_native, id=19648, stack(0x00000051c3200000,0x00000051c3300000) (1024K)]
  0x00000178fedb2930 JavaThread "Thread-7"                   daemon [_thread_in_native, id=24528, stack(0x00000051c3300000,0x00000051c3400000) (1024K)]
  0x00000178fedb7160 JavaThread "Thread-8"                   daemon [_thread_in_native, id=23856, stack(0x00000051c3400000,0x00000051c3500000) (1024K)]
  0x00000178fedb6440 JavaThread "Thread-9"                   daemon [_thread_in_native, id=6596, stack(0x00000051c3500000,0x00000051c3600000) (1024K)]
  0x00000178fedb6ad0 JavaThread "Thread-10"                  daemon [_thread_in_native, id=2848, stack(0x00000051c3600000,0x00000051c3700000) (1024K)]
  0x00000178fedb77f0 JavaThread "Thread-11"                  daemon [_thread_in_native, id=10516, stack(0x00000051c3700000,0x00000051c3800000) (1024K)]
  0x00000178fedb7e80 JavaThread "Thread-12"                  daemon [_thread_in_native, id=15724, stack(0x00000051c3800000,0x00000051c3900000) (1024K)]
  0x00000178fedb8510 JavaThread "Thread-13"                  daemon [_thread_in_native, id=12628, stack(0x00000051c3900000,0x00000051c3a00000) (1024K)]
  0x00000178d54b35b0 JavaThread "pool-2-thread-1"                   [_thread_blocked, id=22380, stack(0x00000051c3a00000,0x00000051c3b00000) (1024K)]
  0x00000178d54b14e0 JavaThread "Timer-0"                           [_thread_blocked, id=5556, stack(0x00000051c3b00000,0x00000051c3c00000) (1024K)]
  0x00000178d54b2f20 JavaThread "Timer-1"                           [_thread_blocked, id=12652, stack(0x00000051c3c00000,0x00000051c3d00000) (1024K)]
  0x00000178d54b3c40 JavaThread "Worker-4: Initialize Workspace"        [_thread_in_native, id=20040, stack(0x00000051c3d00000,0x00000051c3e00000) (1024K)]
  0x00000178d54b42d0 JavaThread "WorkspaceEventsHandler"            [_thread_blocked, id=20248, stack(0x00000051c3e00000,0x00000051c3f00000) (1024K)]
  0x00000178d54b0e50 JavaThread "pool-1-thread-1"                   [_thread_blocked, id=17456, stack(0x00000051c4000000,0x00000051c4100000) (1024K)]
  0x00000178d54b2200 JavaThread "ForkJoinPool.commonPool-worker-1" daemon [_thread_blocked, id=19368, stack(0x00000051c4100000,0x00000051c4200000) (1024K)]
  0x00000178d54b2890 JavaThread "ForkJoinPool.commonPool-worker-2" daemon [_thread_blocked, id=10032, stack(0x00000051c4200000,0x00000051c4300000) (1024K)]
  0x00000178d6249f60 JavaThread "ForkJoinPool.commonPool-worker-3" daemon [_thread_blocked, id=23228, stack(0x00000051c4300000,0x00000051c4400000) (1024K)]
  0x00000178d624a5f0 JavaThread "ForkJoinPool.commonPool-worker-4" daemon [_thread_blocked, id=16616, stack(0x00000051c4400000,0x00000051c4500000) (1024K)]
  0x00000178d62498d0 JavaThread "ForkJoinPool.commonPool-worker-5" daemon [_thread_blocked, id=16200, stack(0x00000051c4500000,0x00000051c4600000) (1024K)]
  0x00000178d624ac80 JavaThread "ForkJoinPool.commonPool-worker-6" daemon [_thread_blocked, id=11420, stack(0x00000051c4600000,0x00000051c4700000) (1024K)]
  0x00000178d6247800 JavaThread "ForkJoinPool.commonPool-worker-7" daemon [_thread_blocked, id=4468, stack(0x00000051c4700000,0x00000051c4800000) (1024K)]
  0x00000178d6247e90 JavaThread "ForkJoinPool.commonPool-worker-8" daemon [_thread_blocked, id=23276, stack(0x00000051c4800000,0x00000051c4900000) (1024K)]
  0x00000178d6248520 JavaThread "ForkJoinPool.commonPool-worker-9" daemon [_thread_blocked, id=10152, stack(0x00000051c4900000,0x00000051c4a00000) (1024K)]
  0x00000178d624b310 JavaThread "ForkJoinPool.commonPool-worker-10" daemon [_thread_blocked, id=13748, stack(0x00000051c4a00000,0x00000051c4b00000) (1024K)]
  0x00000178d624b9a0 JavaThread "ForkJoinPool.commonPool-worker-11" daemon [_thread_blocked, id=22084, stack(0x00000051c4b00000,0x00000051c4c00000) (1024K)]
  0x00000178d6249240 JavaThread "ProjectImportProgressReporter" daemon [_thread_blocked, id=5780, stack(0x00000051c4c00000,0x00000051c4d00000) (1024K)]
  0x00000178d624cd50 JavaThread "Timer-2"                           [_thread_blocked, id=21292, stack(0x00000051c4d00000,0x00000051c4e00000) (1024K)]
  0x00000178d624e790 JavaThread "Timer-3"                           [_thread_blocked, id=18872, stack(0x00000051c3f00000,0x00000051c4000000) (1024K)]
  0x00000178d624d3e0 JavaThread "Timer-4"                           [_thread_blocked, id=11992, stack(0x00000051c4e00000,0x00000051c4f00000) (1024K)]
  0x00000178d624da70 JavaThread "Timer-5"                           [_thread_blocked, id=14440, stack(0x00000051c4f00000,0x00000051c5000000) (1024K)]
Total: 61

Other Threads:
  0x00000178f3e32d00 VMThread "VM Thread"                           [id=23096, stack(0x00000051c0800000,0x00000051c0900000) (1024K)]
  0x00000178f3d2ca10 WatcherThread "VM Periodic Task Thread"        [id=18544, stack(0x00000051c0700000,0x00000051c0800000) (1024K)]
  0x00000178f3ec2160 WorkerThread "GC Thread#0"                     [id=3340, stack(0x00000051c0600000,0x00000051c0700000) (1024K)]
  0x00000178fe0e8500 WorkerThread "GC Thread#1"                     [id=13656, stack(0x00000051c1500000,0x00000051c1600000) (1024K)]
  0x00000178fe40ae90 WorkerThread "GC Thread#2"                     [id=13604, stack(0x00000051c1600000,0x00000051c1700000) (1024K)]
  0x00000178fe40b240 WorkerThread "GC Thread#3"                     [id=15492, stack(0x00000051c1700000,0x00000051c1800000) (1024K)]
  0x00000178fe0e88b0 WorkerThread "GC Thread#4"                     [id=3236, stack(0x00000051c1800000,0x00000051c1900000) (1024K)]
  0x00000178fe0e8c60 WorkerThread "GC Thread#5"                     [id=23764, stack(0x00000051c1900000,0x00000051c1a00000) (1024K)]
  0x00000178fe061ab0 WorkerThread "GC Thread#6"                     [id=4912, stack(0x00000051c1a00000,0x00000051c1b00000) (1024K)]
  0x00000178fe2fac20 WorkerThread "GC Thread#7"                     [id=4136, stack(0x00000051c1d00000,0x00000051c1e00000) (1024K)]
  0x00000178fe855bf0 WorkerThread "GC Thread#8"                     [id=4236, stack(0x00000051c2000000,0x00000051c2100000) (1024K)]
  0x00000178fe4fed00 WorkerThread "GC Thread#9"                     [id=15752, stack(0x00000051c2100000,0x00000051c2200000) (1024K)]
Total: 12

Threads with active compile tasks:
C2 CompilerThread0  7781 6489       4       java.lang.invoke.MethodType::methodType (69 bytes)
C1 CompilerThread0  7781 6566       3       java.util.LinkedList$ListItr::next (56 bytes)
C2 CompilerThread1  7781 6487       4       java.lang.invoke.MethodType::makeImpl (109 bytes)
C2 CompilerThread2  7781 6486   !   4       java.util.concurrent.ConcurrentHashMap::replaceNode (437 bytes)
Total: 4

VM state: not at safepoint (normal execution)

VM Mutex/Monitor currently owned by a thread:  ([mutex/lock_event])
[0x00007fface95d060] MethodCompileQueue_lock - owner thread: 0x0000000000000000

Heap address: 0x0000000080000000, size: 2048 MB, Compressed Oops mode: 32-bit

CDS archive(s) mapped at: [0x000001788f000000-0x000001788fba0000-0x000001788fba0000), size 12189696, SharedBaseAddress: 0x000001788f000000, ArchiveRelocationMode: 1.
Compressed class space mapped at: 0x0000017890000000-0x00000178d0000000, reserved size: 1073741824
Narrow klass base: 0x000001788f000000, Narrow klass shift: 0, Narrow klass range: 0x100000000

GC Precious Log:
 CardTable entry size: 512
 CPUs: 12 total, 12 available
 Memory: 7835M
 Large Page Support: Disabled
 NUMA Support: Disabled
 Compressed Oops: Enabled (32-bit)
 Alignments: Space 512K, Generation 512K, Heap 2M
 Heap Min Capacity: 100M
 Heap Initial Capacity: 100M
 Heap Max Capacity: 2G
 Pre-touch: Disabled
 Parallel Workers: 10

Heap:
 PSYoungGen      total 13312K, used 7725K [0x00000000d5580000, 0x00000000d6480000, 0x0000000100000000)
  eden space 12288K, 58% used [0x00000000d5580000,0x00000000d5c934b0,0x00000000d6180000)
  from space 1024K, 46% used [0x00000000d6280000,0x00000000d62f8000,0x00000000d6380000)
  to   space 512K, 0% used [0x00000000d6400000,0x00000000d6400000,0x00000000d6480000)
 ParOldGen       total 68608K, used 47819K [0x0000000080000000, 0x0000000084300000, 0x00000000d5580000)
  object space 68608K, 69% used [0x0000000080000000,0x0000000082eb2d18,0x0000000084300000)
 Metaspace       used 54681K, committed 56064K, reserved 1114112K
  class space    used 6534K, committed 7168K, reserved 1048576K

Card table byte_map: [0x00000178f3840000,0x00000178f3c50000] _byte_map_base: 0x00000178f3440000

Marking Bits: (ParMarkBitMap*) 0x00007fface963450
 Begin Bits: [0x00000178f7350000, 0x00000178f9350000)
 End Bits:   [0x00000178f9350000, 0x00000178fb350000)

Polling page: 0x00000178f1c50000

Metaspace:

Usage:
  Non-class:     47.02 MB used.
      Class:      6.38 MB used.
       Both:     53.40 MB used.

Virtual space:
  Non-class space:       64.00 MB reserved,      47.75 MB ( 75%) committed,  1 nodes.
      Class space:        1.00 GB reserved,       7.00 MB ( <1%) committed,  1 nodes.
             Both:        1.06 GB reserved,      54.75 MB (  5%) committed. 

Chunk freelists:
   Non-Class:  64.00 KB
       Class:  8.95 MB
        Both:  9.01 MB

MaxMetaspaceSize: unlimited
CompressedClassSpaceSize: 1.00 GB
Initial GC threshold: 21.00 MB
Current GC threshold: 58.38 MB
CDS: on
 - commit_granule_bytes: 65536.
 - commit_granule_words: 8192.
 - virtual_space_node_default_size: 8388608.
 - enlarge_chunks_in_place: 1.
 - use_allocation_guard: 0.


Internal statistics:

num_allocs_failed_limit: 8.
num_arena_births: 1130.
num_arena_deaths: 14.
num_vsnodes_births: 2.
num_vsnodes_deaths: 0.
num_space_committed: 876.
num_space_uncommitted: 0.
num_chunks_returned_to_freelist: 22.
num_chunks_taken_from_freelist: 3717.
num_chunk_merges: 14.
num_chunk_splits: 2273.
num_chunks_enlarged: 1224.
num_inconsistent_stats: 0.

CodeHeap 'non-profiled nmethods': size=120000Kb used=3499Kb max_used=3499Kb free=116500Kb
 bounds [0x0000017887ad0000, 0x0000017887e40000, 0x000001788f000000]
CodeHeap 'profiled nmethods': size=120000Kb used=11865Kb max_used=11865Kb free=108134Kb
 bounds [0x0000017880000000, 0x0000017880ba0000, 0x0000017887530000]
CodeHeap 'non-nmethods': size=5760Kb used=1378Kb max_used=1444Kb free=4381Kb
 bounds [0x0000017887530000, 0x00000178877a0000, 0x0000017887ad0000]
CodeCache: size=245760Kb, used=16742Kb, max_used=16808Kb, free=229015Kb
 total_blobs=6671, nmethods=5994, adapters=582, full_count=0
Compilation: enabled, stopped_count=0, restarted_count=0

Compilation events (20 events):
Event: 6.707 Thread 0x00000178fcba9540 6519       3       java.util.concurrent.ScheduledThreadPoolExecutor$DelayedWorkQueue::setIndex (16 bytes)
Event: 6.707 Thread 0x00000178fcba9540 nmethod 6519 0x0000017880b85110 code [0x0000017880b852c0, 0x0000017880b855c8]
Event: 6.708 Thread 0x00000178fcba9540 6520       3       java.util.concurrent.ThreadPoolExecutor::isShutdown (12 bytes)
Event: 6.708 Thread 0x00000178fcba9540 nmethod 6520 0x0000017880b85690 code [0x0000017880b85840, 0x0000017880b85a20]
Event: 6.710 Thread 0x00000178fcba9540 6521       3       java.lang.reflect.Method::equals (65 bytes)
Event: 6.710 Thread 0x00000178fcba9540 nmethod 6521 0x0000017880b85b10 code [0x0000017880b85d00, 0x0000017880b86390]
Event: 6.711 Thread 0x00000178fcba9540 6522       3       org.apache.felix.scr.impl.logger.ScrLogManager$ScrLoggerFacade::log (16 bytes)
Event: 6.712 Thread 0x00000178fcba9540 nmethod 6522 0x0000017880b86510 code [0x0000017880b866e0, 0x0000017880b868e0]
Event: 6.712 Thread 0x00000178fcba9540 6523       3       org.eclipse.core.internal.resources.ResourceInfo::getMarkers (31 bytes)
Event: 6.712 Thread 0x00000178fcba9540 nmethod 6523 0x0000017880b86a10 code [0x0000017880b86c20, 0x0000017880b872d0]
Event: 6.712 Thread 0x00000178fcba9540 6524       3       org.eclipse.core.internal.resources.MarkerManager$$Lambda/0x000001789036c498::visitElement (23 bytes)
Event: 6.713 Thread 0x00000178fcba9540 nmethod 6524 0x0000017880b87510 code [0x0000017880b876c0, 0x0000017880b87828]
Event: 6.713 Thread 0x00000178fcba9540 6525       3       org.eclipse.core.internal.resources.MarkerManager::lambda$1 (72 bytes)
Event: 6.714 Thread 0x00000178fcba9540 nmethod 6525 0x0000017880b87910 code [0x0000017880b87b40, 0x0000017880b88320]
Event: 7.411 Thread 0x00000178fcba9540 6528       2       java.util.concurrent.locks.AbstractQueuedSynchronizer$ConditionObject::signal (34 bytes)
Event: 7.411 Thread 0x00000178fcba9540 nmethod 6528 0x0000017880b88610 code [0x0000017880b887e0, 0x0000017880b88a20]
Event: 7.411 Thread 0x00000178fcba9540 6529       3       java.util.concurrent.ThreadPoolExecutor::workerCountOf (5 bytes)
Event: 7.411 Thread 0x00000178fcba9540 nmethod 6529 0x0000017880b88b10 code [0x0000017880b88ca0, 0x0000017880b88d98]
Event: 7.510 Thread 0x00000178fcba9540 6530   !   3       org.eclipse.core.internal.jobs.JobManager::withWriteLock (70 bytes)
Event: 7.511 Thread 0x00000178fcba9540 nmethod 6530 0x0000017880b88e10 code [0x0000017880b89020, 0x0000017880b89638]

GC Heap History (20 events):
Event: 4.773 GC heap before
{Heap before GC invocations=24 (full 2):
 PSYoungGen      total 16896K, used 16727K [0x00000000d5580000, 0x00000000d6980000, 0x0000000100000000)
  eden space 15872K, 100% used [0x00000000d5580000,0x00000000d6500000,0x00000000d6500000)
  from space 1024K, 83% used [0x00000000d6500000,0x00000000d65d5ef8,0x00000000d6600000)
  to   space 1024K, 0% used [0x00000000d6880000,0x00000000d6880000,0x00000000d6980000)
 ParOldGen       total 68608K, used 38079K [0x0000000080000000, 0x0000000084300000, 0x00000000d5580000)
  object space 68608K, 55% used [0x0000000080000000,0x000000008252fea8,0x0000000084300000)
 Metaspace       used 46273K, committed 47552K, reserved 1114112K
  class space    used 5273K, committed 5888K, reserved 1048576K
}
Event: 4.774 GC heap after
{Heap after GC invocations=24 (full 2):
 PSYoungGen      total 16896K, used 640K [0x00000000d5580000, 0x00000000d6980000, 0x0000000100000000)
  eden space 15872K, 0% used [0x00000000d5580000,0x00000000d5580000,0x00000000d6500000)
  from space 1024K, 62% used [0x00000000d6880000,0x00000000d6920000,0x00000000d6980000)
  to   space 1024K, 0% used [0x00000000d6500000,0x00000000d6500000,0x00000000d6600000)
 ParOldGen       total 68608K, used 38695K [0x0000000080000000, 0x0000000084300000, 0x00000000d5580000)
  object space 68608K, 56% used [0x0000000080000000,0x00000000825c9eb8,0x0000000084300000)
 Metaspace       used 46273K, committed 47552K, reserved 1114112K
  class space    used 5273K, committed 5888K, reserved 1048576K
}
Event: 4.876 GC heap before
{Heap before GC invocations=25 (full 2):
 PSYoungGen      total 16896K, used 16512K [0x00000000d5580000, 0x00000000d6980000, 0x0000000100000000)
  eden space 15872K, 100% used [0x00000000d5580000,0x00000000d6500000,0x00000000d6500000)
  from space 1024K, 62% used [0x00000000d6880000,0x00000000d6920000,0x00000000d6980000)
  to   space 1024K, 0% used [0x00000000d6500000,0x00000000d6500000,0x00000000d6600000)
 ParOldGen       total 68608K, used 38695K [0x0000000080000000, 0x0000000084300000, 0x00000000d5580000)
  object space 68608K, 56% used [0x0000000080000000,0x00000000825c9eb8,0x0000000084300000)
 Metaspace       used 46888K, committed 48192K, reserved 1114112K
  class space    used 5350K, committed 5952K, reserved 1048576K
}
Event: 4.877 GC heap after
{Heap after GC invocations=25 (full 2):
 PSYoungGen      total 16896K, used 1019K [0x00000000d5580000, 0x00000000d6900000, 0x0000000100000000)
  eden space 15872K, 0% used [0x00000000d5580000,0x00000000d5580000,0x00000000d6500000)
  from space 1024K, 99% used [0x00000000d6500000,0x00000000d65fec78,0x00000000d6600000)
  to   space 2048K, 0% used [0x00000000d6700000,0x00000000d6700000,0x00000000d6900000)
 ParOldGen       total 68608K, used 39223K [0x0000000080000000, 0x0000000084300000, 0x00000000d5580000)
  object space 68608K, 57% used [0x0000000080000000,0x000000008264df58,0x0000000084300000)
 Metaspace       used 46888K, committed 48192K, reserved 1114112K
  class space    used 5350K, committed 5952K, reserved 1048576K
}
Event: 5.006 GC heap before
{Heap before GC invocations=26 (full 2):
 PSYoungGen      total 16896K, used 16891K [0x00000000d5580000, 0x00000000d6900000, 0x0000000100000000)
  eden space 15872K, 100% used [0x00000000d5580000,0x00000000d6500000,0x00000000d6500000)
  from space 1024K, 99% used [0x00000000d6500000,0x00000000d65fec78,0x00000000d6600000)
  to   space 2048K, 0% used [0x00000000d6700000,0x00000000d6700000,0x00000000d6900000)
 ParOldGen       total 68608K, used 39223K [0x0000000080000000, 0x0000000084300000, 0x00000000d5580000)
  object space 68608K, 57% used [0x0000000080000000,0x000000008264df58,0x0000000084300000)
 Metaspace       used 47552K, committed 48960K, reserved 1114112K
  class space    used 5434K, committed 6080K, reserved 1048576K
}
Event: 5.007 GC heap after
{Heap after GC invocations=26 (full 2):
 PSYoungGen      total 16896K, used 896K [0x00000000d5580000, 0x00000000d6800000, 0x0000000100000000)
  eden space 15872K, 0% used [0x00000000d5580000,0x00000000d5580000,0x00000000d6500000)
  from space 1024K, 87% used [0x00000000d6700000,0x00000000d67e0000,0x00000000d6800000)
  to   space 1536K, 0% used [0x00000000d6500000,0x00000000d6500000,0x00000000d6680000)
 ParOldGen       total 68608K, used 40037K [0x0000000080000000, 0x0000000084300000, 0x00000000d5580000)
  object space 68608K, 58% used [0x0000000080000000,0x0000000082719770,0x0000000084300000)
 Metaspace       used 47552K, committed 48960K, reserved 1114112K
  class space    used 5434K, committed 6080K, reserved 1048576K
}
Event: 5.135 GC heap before
{Heap before GC invocations=27 (full 2):
 PSYoungGen      total 16896K, used 16768K [0x00000000d5580000, 0x00000000d6800000, 0x0000000100000000)
  eden space 15872K, 100% used [0x00000000d5580000,0x00000000d6500000,0x00000000d6500000)
  from space 1024K, 87% used [0x00000000d6700000,0x00000000d67e0000,0x00000000d6800000)
  to   space 1536K, 0% used [0x00000000d6500000,0x00000000d6500000,0x00000000d6680000)
 ParOldGen       total 68608K, used 40037K [0x0000000080000000, 0x0000000084300000, 0x00000000d5580000)
  object space 68608K, 58% used [0x0000000080000000,0x0000000082719770,0x0000000084300000)
 Metaspace       used 47983K, committed 49344K, reserved 1114112K
  class space    used 5504K, committed 6144K, reserved 1048576K
}
Event: 5.137 GC heap after
{Heap after GC invocations=27 (full 2):
 PSYoungGen      total 17408K, used 704K [0x00000000d5580000, 0x00000000d6780000, 0x0000000100000000)
  eden space 15872K, 0% used [0x00000000d5580000,0x00000000d5580000,0x00000000d6500000)
  from space 1536K, 45% used [0x00000000d6500000,0x00000000d65b0000,0x00000000d6680000)
  to   space 1024K, 0% used [0x00000000d6680000,0x00000000d6680000,0x00000000d6780000)
 ParOldGen       total 68608K, used 40769K [0x0000000080000000, 0x0000000084300000, 0x00000000d5580000)
  object space 68608K, 59% used [0x0000000080000000,0x00000000827d0780,0x0000000084300000)
 Metaspace       used 47983K, committed 49344K, reserved 1114112K
  class space    used 5504K, committed 6144K, reserved 1048576K
}
Event: 5.313 GC heap before
{Heap before GC invocations=28 (full 2):
 PSYoungGen      total 17408K, used 16576K [0x00000000d5580000, 0x00000000d6780000, 0x0000000100000000)
  eden space 15872K, 100% used [0x00000000d5580000,0x00000000d6500000,0x00000000d6500000)
  from space 1536K, 45% used [0x00000000d6500000,0x00000000d65b0000,0x00000000d6680000)
  to   space 1024K, 0% used [0x00000000d6680000,0x00000000d6680000,0x00000000d6780000)
 ParOldGen       total 68608K, used 40769K [0x0000000080000000, 0x0000000084300000, 0x00000000d5580000)
  object space 68608K, 59% used [0x0000000080000000,0x00000000827d0780,0x0000000084300000)
 Metaspace       used 48608K, committed 49920K, reserved 1114112K
  class space    used 5604K, committed 6208K, reserved 1048576K
}
Event: 5.316 GC heap after
{Heap after GC invocations=28 (full 2):
 PSYoungGen      total 13312K, used 1008K [0x00000000d5580000, 0x00000000d6f00000, 0x0000000100000000)
  eden space 12288K, 0% used [0x00000000d5580000,0x00000000d5580000,0x00000000d6180000)
  from space 1024K, 98% used [0x00000000d6680000,0x00000000d677c1a0,0x00000000d6780000)
  to   space 5120K, 0% used [0x00000000d6180000,0x00000000d6180000,0x00000000d6680000)
 ParOldGen       total 68608K, used 44211K [0x0000000080000000, 0x0000000084300000, 0x00000000d5580000)
  object space 68608K, 64% used [0x0000000080000000,0x0000000082b2cd98,0x0000000084300000)
 Metaspace       used 48608K, committed 49920K, reserved 1114112K
  class space    used 5604K, committed 6208K, reserved 1048576K
}
Event: 5.454 GC heap before
{Heap before GC invocations=29 (full 2):
 PSYoungGen      total 13312K, used 13296K [0x00000000d5580000, 0x00000000d6f00000, 0x0000000100000000)
  eden space 12288K, 100% used [0x00000000d5580000,0x00000000d6180000,0x00000000d6180000)
  from space 1024K, 98% used [0x00000000d6680000,0x00000000d677c1a0,0x00000000d6780000)
  to   space 5120K, 0% used [0x00000000d6180000,0x00000000d6180000,0x00000000d6680000)
 ParOldGen       total 68608K, used 44211K [0x0000000080000000, 0x0000000084300000, 0x00000000d5580000)
  object space 68608K, 64% used [0x0000000080000000,0x0000000082b2cd98,0x0000000084300000)
 Metaspace       used 49425K, committed 50752K, reserved 1114112K
  class space    used 5704K, committed 6336K, reserved 1048576K
}
Event: 5.457 GC heap after
{Heap after GC invocations=29 (full 2):
 PSYoungGen      total 13824K, used 1125K [0x00000000d5580000, 0x00000000d6700000, 0x0000000100000000)
  eden space 12288K, 0% used [0x00000000d5580000,0x00000000d5580000,0x00000000d6180000)
  from space 1536K, 73% used [0x00000000d6180000,0x00000000d6299678,0x00000000d6300000)
  to   space 2560K, 0% used [0x00000000d6480000,0x00000000d6480000,0x00000000d6700000)
 ParOldGen       total 68608K, used 45206K [0x0000000080000000, 0x0000000084300000, 0x00000000d5580000)
  object space 68608K, 65% used [0x0000000080000000,0x0000000082c25870,0x0000000084300000)
 Metaspace       used 49425K, committed 50752K, reserved 1114112K
  class space    used 5704K, committed 6336K, reserved 1048576K
}
Event: 5.674 GC heap before
{Heap before GC invocations=30 (full 2):
 PSYoungGen      total 13824K, used 13413K [0x00000000d5580000, 0x00000000d6700000, 0x0000000100000000)
  eden space 12288K, 100% used [0x00000000d5580000,0x00000000d6180000,0x00000000d6180000)
  from space 1536K, 73% used [0x00000000d6180000,0x00000000d6299678,0x00000000d6300000)
  to   space 2560K, 0% used [0x00000000d6480000,0x00000000d6480000,0x00000000d6700000)
 ParOldGen       total 68608K, used 45206K [0x0000000080000000, 0x0000000084300000, 0x00000000d5580000)
  object space 68608K, 65% used [0x0000000080000000,0x0000000082c25870,0x0000000084300000)
 Metaspace       used 50369K, committed 51712K, reserved 1114112K
  class space    used 5854K, committed 6464K, reserved 1048576K
}
Event: 5.675 GC heap after
{Heap after GC invocations=30 (full 2):
 PSYoungGen      total 13824K, used 1041K [0x00000000d5580000, 0x00000000d6600000, 0x0000000100000000)
  eden space 12288K, 0% used [0x00000000d5580000,0x00000000d5580000,0x00000000d6180000)
  from space 1536K, 67% used [0x00000000d6480000,0x00000000d6584688,0x00000000d6600000)
  to   space 1536K, 0% used [0x00000000d6180000,0x00000000d6180000,0x00000000d6300000)
 ParOldGen       total 68608K, used 46109K [0x0000000080000000, 0x0000000084300000, 0x00000000d5580000)
  object space 68608K, 67% used [0x0000000080000000,0x0000000082d07660,0x0000000084300000)
 Metaspace       used 50369K, committed 51712K, reserved 1114112K
  class space    used 5854K, committed 6464K, reserved 1048576K
}
Event: 5.922 GC heap before
{Heap before GC invocations=31 (full 2):
 PSYoungGen      total 13824K, used 13329K [0x00000000d5580000, 0x00000000d6600000, 0x0000000100000000)
  eden space 12288K, 100% used [0x00000000d5580000,0x00000000d6180000,0x00000000d6180000)
  from space 1536K, 67% used [0x00000000d6480000,0x00000000d6584688,0x00000000d6600000)
  to   space 1536K, 0% used [0x00000000d6180000,0x00000000d6180000,0x00000000d6300000)
 ParOldGen       total 68608K, used 46109K [0x0000000080000000, 0x0000000084300000, 0x00000000d5580000)
  object space 68608K, 67% used [0x0000000080000000,0x0000000082d07660,0x0000000084300000)
 Metaspace       used 51509K, committed 52928K, reserved 1114112K
  class space    used 6039K, committed 6656K, reserved 1048576K
}
Event: 5.924 GC heap after
{Heap after GC invocations=31 (full 2):
 PSYoungGen      total 13824K, used 664K [0x00000000d5580000, 0x00000000d6500000, 0x0000000100000000)
  eden space 12288K, 0% used [0x00000000d5580000,0x00000000d5580000,0x00000000d6180000)
  from space 1536K, 43% used [0x00000000d6180000,0x00000000d62263a8,0x00000000d6300000)
  to   space 1024K, 0% used [0x00000000d6400000,0x00000000d6400000,0x00000000d6500000)
 ParOldGen       total 68608K, used 46954K [0x0000000080000000, 0x0000000084300000, 0x00000000d5580000)
  object space 68608K, 68% used [0x0000000080000000,0x0000000082dda8a0,0x0000000084300000)
 Metaspace       used 51509K, committed 52928K, reserved 1114112K
  class space    used 6039K, committed 6656K, reserved 1048576K
}
Event: 6.297 GC heap before
{Heap before GC invocations=32 (full 2):
 PSYoungGen      total 13824K, used 12952K [0x00000000d5580000, 0x00000000d6500000, 0x0000000100000000)
  eden space 12288K, 100% used [0x00000000d5580000,0x00000000d6180000,0x00000000d6180000)
  from space 1536K, 43% used [0x00000000d6180000,0x00000000d62263a8,0x00000000d6300000)
  to   space 1024K, 0% used [0x00000000d6400000,0x00000000d6400000,0x00000000d6500000)
 ParOldGen       total 68608K, used 46954K [0x0000000080000000, 0x0000000084300000, 0x00000000d5580000)
  object space 68608K, 68% used [0x0000000080000000,0x0000000082dda8a0,0x0000000084300000)
 Metaspace       used 52799K, committed 54272K, reserved 1114112K
  class space    used 6216K, committed 6848K, reserved 1048576K
}
Event: 6.298 GC heap after
{Heap after GC invocations=32 (full 2):
 PSYoungGen      total 12800K, used 502K [0x00000000d5580000, 0x00000000d6480000, 0x0000000100000000)
  eden space 12288K, 0% used [0x00000000d5580000,0x00000000d5580000,0x00000000d6180000)
  from space 512K, 98% used [0x00000000d6400000,0x00000000d647d858,0x00000000d6480000)
  to   space 1024K, 0% used [0x00000000d6280000,0x00000000d6280000,0x00000000d6380000)
 ParOldGen       total 68608K, used 47543K [0x0000000080000000, 0x0000000084300000, 0x00000000d5580000)
  object space 68608K, 69% used [0x0000000080000000,0x0000000082e6deb0,0x0000000084300000)
 Metaspace       used 52799K, committed 54272K, reserved 1114112K
  class space    used 6216K, committed 6848K, reserved 1048576K
}
Event: 6.524 GC heap before
{Heap before GC invocations=33 (full 2):
 PSYoungGen      total 12800K, used 12790K [0x00000000d5580000, 0x00000000d6480000, 0x0000000100000000)
  eden space 12288K, 100% used [0x00000000d5580000,0x00000000d6180000,0x00000000d6180000)
  from space 512K, 98% used [0x00000000d6400000,0x00000000d647d858,0x00000000d6480000)
  to   space 1024K, 0% used [0x00000000d6280000,0x00000000d6280000,0x00000000d6380000)
 ParOldGen       total 68608K, used 47543K [0x0000000080000000, 0x0000000084300000, 0x00000000d5580000)
  object space 68608K, 69% used [0x0000000080000000,0x0000000082e6deb0,0x0000000084300000)
 Metaspace       used 54149K, committed 55616K, reserved 1114112K
  class space    used 6461K, committed 7104K, reserved 1048576K
}
Event: 6.525 GC heap after
{Heap after GC invocations=33 (full 2):
 PSYoungGen      total 13312K, used 480K [0x00000000d5580000, 0x00000000d6480000, 0x0000000100000000)
  eden space 12288K, 0% used [0x00000000d5580000,0x00000000d5580000,0x00000000d6180000)
  from space 1024K, 46% used [0x00000000d6280000,0x00000000d62f8000,0x00000000d6380000)
  to   space 512K, 0% used [0x00000000d6400000,0x00000000d6400000,0x00000000d6480000)
 ParOldGen       total 68608K, used 47819K [0x0000000080000000, 0x0000000084300000, 0x00000000d5580000)
  object space 68608K, 69% used [0x0000000080000000,0x0000000082eb2d18,0x0000000084300000)
 Metaspace       used 54149K, committed 55616K, reserved 1114112K
  class space    used 6461K, committed 7104K, reserved 1048576K
}

Dll operation events (13 events):
Event: 0.016 Loaded shared library c:\Users\HP\.antigravity\extensions\redhat.java-1.54.0-win32-x64\jre\21.0.10-win32-x86_64\bin\java.dll
Event: 0.075 Loaded shared library c:\Users\HP\.antigravity\extensions\redhat.java-1.54.0-win32-x64\jre\21.0.10-win32-x86_64\bin\zip.dll
Event: 0.089 Loaded shared library C:\Users\HP\.antigravity\extensions\redhat.java-1.54.0-win32-x64\jre\21.0.10-win32-x86_64\bin\instrument.dll
Event: 0.093 Loaded shared library C:\Users\HP\.antigravity\extensions\redhat.java-1.54.0-win32-x64\jre\21.0.10-win32-x86_64\bin\net.dll
Event: 0.095 Loaded shared library C:\Users\HP\.antigravity\extensions\redhat.java-1.54.0-win32-x64\jre\21.0.10-win32-x86_64\bin\nio.dll
Event: 0.098 Loaded shared library C:\Users\HP\.antigravity\extensions\redhat.java-1.54.0-win32-x64\jre\21.0.10-win32-x86_64\bin\zip.dll
Event: 0.110 Loaded shared library C:\Users\HP\.antigravity\extensions\redhat.java-1.54.0-win32-x64\jre\21.0.10-win32-x86_64\bin\jimage.dll
Event: 0.167 Loaded shared library c:\Users\HP\.antigravity\extensions\redhat.java-1.54.0-win32-x64\jre\21.0.10-win32-x86_64\bin\verify.dll
Event: 1.091 Loaded shared library C:\Users\HP\AppData\Roaming\Antigravity\User\globalStorage\redhat.java\1.54.0\config_win\org.eclipse.equinox.launcher\org.eclipse.equinox.launcher.win32.win32.x86_64_1.3.0.v20260203-2149\eclipse_11919.dll
Event: 2.115 Loaded shared library C:\Users\HP\AppData\Local\Temp\jna-2312\jna5221874134525978047.dll
Event: 4.402 Loaded shared library C:\Users\HP\.gradle\native\1def1411415f61bf3af743bc5b6707747c0891f09f0c88961ee8f79bc544acac\windows-amd64\native-platform.dll
Event: 6.444 Loaded shared library C:\Users\HP\.antigravity\extensions\redhat.java-1.54.0-win32-x64\jre\21.0.10-win32-x86_64\bin\management.dll
Event: 6.450 Loaded shared library C:\Users\HP\.antigravity\extensions\redhat.java-1.54.0-win32-x64\jre\21.0.10-win32-x86_64\bin\management_ext.dll

Deoptimization events (20 events):
Event: 6.573 Thread 0x00000178d54b1b70 Uncommon trap: trap_request=0xffffffc6 fr.pc=0x0000017887df6b04 relative=0x0000000000000924
Event: 6.573 Thread 0x00000178d54b1b70 Uncommon trap: reason=bimorphic_or_optimized_type_check action=maybe_recompile pc=0x0000017887df6b04 method=java.util.regex.Pattern$CharPropertyGreedy.match(Ljava/util/regex/Matcher;ILjava/lang/CharSequence;)Z @ 64 c2
Event: 6.573 Thread 0x00000178d54b1b70 DEOPT PACKING pc=0x0000017887df6b04 sp=0x00000051c3ffea10
Event: 6.573 Thread 0x00000178d54b1b70 DEOPT UNPACKING pc=0x0000017887583aa2 sp=0x00000051c3ffe990 mode 2
Event: 6.574 Thread 0x00000178d624d3e0 Uncommon trap: trap_request=0xffffffc6 fr.pc=0x0000017887df6b04 relative=0x0000000000000924
Event: 6.574 Thread 0x00000178d624d3e0 Uncommon trap: reason=bimorphic_or_optimized_type_check action=maybe_recompile pc=0x0000017887df6b04 method=java.util.regex.Pattern$CharPropertyGreedy.match(Ljava/util/regex/Matcher;ILjava/lang/CharSequence;)Z @ 64 c2
Event: 6.574 Thread 0x00000178d624d3e0 DEOPT PACKING pc=0x0000017887df6b04 sp=0x00000051c4efe630
Event: 6.574 Thread 0x00000178d624d3e0 DEOPT UNPACKING pc=0x0000017887583aa2 sp=0x00000051c4efe5b0 mode 2
Event: 6.575 Thread 0x00000178d54b1b70 Uncommon trap: trap_request=0xffffffc6 fr.pc=0x0000017887df6b04 relative=0x0000000000000924
Event: 6.575 Thread 0x00000178d624d3e0 Uncommon trap: trap_request=0xffffffc6 fr.pc=0x0000017887df6b04 relative=0x0000000000000924
Event: 6.575 Thread 0x00000178d54b1b70 Uncommon trap: reason=bimorphic_or_optimized_type_check action=maybe_recompile pc=0x0000017887df6b04 method=java.util.regex.Pattern$CharPropertyGreedy.match(Ljava/util/regex/Matcher;ILjava/lang/CharSequence;)Z @ 64 c2
Event: 6.575 Thread 0x00000178d624d3e0 Uncommon trap: reason=bimorphic_or_optimized_type_check action=maybe_recompile pc=0x0000017887df6b04 method=java.util.regex.Pattern$CharPropertyGreedy.match(Ljava/util/regex/Matcher;ILjava/lang/CharSequence;)Z @ 64 c2
Event: 6.575 Thread 0x00000178d54b1b70 DEOPT PACKING pc=0x0000017887df6b04 sp=0x00000051c3ffea10
Event: 6.575 Thread 0x00000178d624d3e0 DEOPT PACKING pc=0x0000017887df6b04 sp=0x00000051c4efe630
Event: 6.575 Thread 0x00000178d54b1b70 DEOPT UNPACKING pc=0x0000017887583aa2 sp=0x00000051c3ffe990 mode 2
Event: 6.575 Thread 0x00000178d624d3e0 DEOPT UNPACKING pc=0x0000017887583aa2 sp=0x00000051c4efe5b0 mode 2
Event: 6.607 Thread 0x00000178d624d3e0 Uncommon trap: trap_request=0xffffffde fr.pc=0x0000017887c7a0cc relative=0x00000000000000ac
Event: 6.607 Thread 0x00000178d624d3e0 Uncommon trap: reason=class_check action=maybe_recompile pc=0x0000017887c7a0cc method=jdk.internal.util.StrongReferenceKey.equals(Ljava/lang/Object;)Z @ 1 c2
Event: 6.607 Thread 0x00000178d624d3e0 DEOPT PACKING pc=0x0000017887c7a0cc sp=0x00000051c4efe0d0
Event: 6.607 Thread 0x00000178d624d3e0 DEOPT UNPACKING pc=0x0000017887583aa2 sp=0x00000051c4efe058 mode 2

Classes loaded (20 events):
Event: 6.457 Loading class java/lang/management/DefaultPlatformMBeanProvider$9 done
Event: 6.458 Loading class java/lang/management/DefaultPlatformMBeanProvider$10
Event: 6.458 Loading class java/lang/management/DefaultPlatformMBeanProvider$10 done
Event: 6.458 Loading class java/lang/management/DefaultPlatformMBeanProvider$11
Event: 6.458 Loading class java/lang/management/DefaultPlatformMBeanProvider$11 done
Event: 6.458 Loading class jdk/management/jfr/FlightRecorderMXBean
Event: 6.458 Loading class jdk/management/jfr/FlightRecorderMXBean done
Event: 6.458 Loading class jdk/management/jfr/internal/FlightRecorderMXBeanProvider$SingleMBeanComponent
Event: 6.458 Loading class jdk/management/jfr/internal/FlightRecorderMXBeanProvider$SingleMBeanComponent done
Event: 6.459 Loading class sun/management/RuntimeImpl
Event: 6.459 Loading class sun/management/RuntimeImpl done
Event: 6.459 Loading class java/util/Collections$2
Event: 6.460 Loading class java/util/Collections$2 done
Event: 6.461 Loading class sun/management/Util
Event: 6.461 Loading class sun/management/Util done
Event: 6.461 Loading class java/lang/management/ManagementPermission
Event: 6.461 Loading class java/lang/management/ManagementPermission done
Event: 6.629 Loading class java/lang/Runtime$VersionPattern
Event: 6.629 Loading class java/lang/Runtime$VersionPattern done
Event: 6.734 Loading class java/util/regex/PatternSyntaxException

Classes unloaded (7 events):
Event: 2.480 Thread 0x00000178f3e32d00 Unloading class 0x00000178901aac00 'java/lang/invoke/LambdaForm$MH+0x00000178901aac00'
Event: 2.480 Thread 0x00000178f3e32d00 Unloading class 0x00000178901aa800 'java/lang/invoke/LambdaForm$MH+0x00000178901aa800'
Event: 2.480 Thread 0x00000178f3e32d00 Unloading class 0x00000178901aa400 'java/lang/invoke/LambdaForm$MH+0x00000178901aa400'
Event: 2.480 Thread 0x00000178f3e32d00 Unloading class 0x00000178901aa000 'java/lang/invoke/LambdaForm$MH+0x00000178901aa000'
Event: 2.480 Thread 0x00000178f3e32d00 Unloading class 0x00000178901a9c00 'java/lang/invoke/LambdaForm$BMH+0x00000178901a9c00'
Event: 2.480 Thread 0x00000178f3e32d00 Unloading class 0x00000178901a9800 'java/lang/invoke/LambdaForm$DMH+0x00000178901a9800'
Event: 2.480 Thread 0x00000178f3e32d00 Unloading class 0x00000178901a8400 'java/lang/invoke/LambdaForm$DMH+0x00000178901a8400'

Classes redefined (0 events):
No events

Internal exceptions (20 events):
Event: 6.178 Thread 0x00000178d54b3c40 Exception <a 'sun/nio/fs/WindowsException'{0x00000000d5ccc270}> (0x00000000d5ccc270) 
thrown [s\src\hotspot\share\prims\jni.cpp, line 520]
Event: 6.179 Thread 0x00000178d54b3c40 Exception <a 'sun/nio/fs/WindowsException'{0x00000000d5cccb38}> (0x00000000d5cccb38) 
thrown [s\src\hotspot\share\prims\jni.cpp, line 520]
Event: 6.180 Thread 0x00000178d54b3c40 Exception <a 'sun/nio/fs/WindowsException'{0x00000000d5cd0858}> (0x00000000d5cd0858) 
thrown [s\src\hotspot\share\prims\jni.cpp, line 520]
Event: 6.180 Thread 0x00000178d54b3c40 Exception <a 'sun/nio/fs/WindowsException'{0x00000000d5cd0e48}> (0x00000000d5cd0e48) 
thrown [s\src\hotspot\share\prims\jni.cpp, line 520]
Event: 6.180 Thread 0x00000178d54b3c40 Exception <a 'sun/nio/fs/WindowsException'{0x00000000d5cd1438}> (0x00000000d5cd1438) 
thrown [s\src\hotspot\share\prims\jni.cpp, line 520]
Event: 6.180 Thread 0x00000178d54b3c40 Exception <a 'sun/nio/fs/WindowsException'{0x00000000d5cd1a40}> (0x00000000d5cd1a40) 
thrown [s\src\hotspot\share\prims\jni.cpp, line 520]
Event: 6.181 Thread 0x00000178d54b3c40 Exception <a 'sun/nio/fs/WindowsException'{0x00000000d5cfb728}> (0x00000000d5cfb728) 
thrown [s\src\hotspot\share\prims\jni.cpp, line 520]
Event: 6.181 Thread 0x00000178d54b3c40 Exception <a 'sun/nio/fs/WindowsException'{0x00000000d5cfbd18}> (0x00000000d5cfbd18) 
thrown [s\src\hotspot\share\prims\jni.cpp, line 520]
Event: 6.181 Thread 0x00000178d54b3c40 Exception <a 'sun/nio/fs/WindowsException'{0x00000000d5cfc308}> (0x00000000d5cfc308) 
thrown [s\src\hotspot\share\prims\jni.cpp, line 520]
Event: 6.181 Thread 0x00000178d54b3c40 Exception <a 'sun/nio/fs/WindowsException'{0x00000000d5cfc910}> (0x00000000d5cfc910) 
thrown [s\src\hotspot\share\prims\jni.cpp, line 520]
Event: 6.276 Thread 0x00000178d54b1b70 Exception <a 'java/lang/NoSuchMethodError'{0x00000000d60c68d0}: 'java.lang.Object java.lang.invoke.DirectMethodHandle$Holder.invokeVirtual(java.lang.Object, java.lang.Object, java.lang.Object, java.lang.Object, java.lang.Object, java.lang.Object, java.lang.Object, java.lang.Object)'> (0x00000000d60c68d0) 
thrown [s\src\hotspot\share\interpreter\linkResolver.cpp, line 773]
Event: 6.354 Thread 0x00000178d54b1b70 Exception <a 'java/lang/NoSuchMethodError'{0x00000000d5834aa0}: 'java.lang.Object java.lang.invoke.DirectMethodHandle$Holder.invokeVirtual(java.lang.Object, java.lang.Object, java.lang.Object, java.lang.Object, java.lang.Object, java.lang.Object, java.lang.Object, java.lang.Object, java.lang.Object, java.lang.Object, java.lang.Object, java.lang.Object)'> (0x00000000d5834aa0) 
thrown [s\src\hotspot\share\interpreter\linkResolver.cpp, line 773]
Event: 6.357 Thread 0x00000178d54b1b70 Exception <a 'java/lang/NoSuchMethodError'{0x00000000d587d3b8}: 'java.lang.Object java.lang.invoke.DirectMethodHandle$Holder.invokeStatic(java.lang.Object, java.lang.Object, java.lang.Object, java.lang.Object, java.lang.Object, java.lang.Object, java.lang.Object, java.lang.Object, java.lang.Object, java.lang.Object, java.lang.Object, java.lang.Object, java.lang.Object)'> (0x00000000d587d3b8) 
thrown [s\src\hotspot\share\interpreter\linkResolver.cpp, line 773]
Event: 6.360 Thread 0x00000178d54b1b70 Exception <a 'java/lang/NoSuchMethodError'{0x00000000d589fab8}: 'java.lang.Object java.lang.invoke.DirectMethodHandle$Holder.invokeStatic(java.lang.Object, java.lang.Object, java.lang.Object, java.lang.Object, java.lang.Object, java.lang.Object, java.lang.Object, java.lang.Object, java.lang.Object, java.lang.Object, java.lang.Object, java.lang.Object, java.lang.Object, java.lang.Object)'> (0x00000000d589fab8) 
thrown [s\src\hotspot\share\interpreter\linkResolver.cpp, line 773]
Event: 6.624 Thread 0x00000178d54b3c40 Exception <a 'sun/nio/fs/WindowsException'{0x00000000d5967df8}> (0x00000000d5967df8) 
thrown [s\src\hotspot\share\prims\jni.cpp, line 520]
Event: 6.624 Thread 0x00000178d54b3c40 Exception <a 'sun/nio/fs/WindowsException'{0x00000000d5968678}> (0x00000000d5968678) 
thrown [s\src\hotspot\share\prims\jni.cpp, line 520]
Event: 6.626 Thread 0x00000178d54b3c40 Exception <a 'sun/nio/fs/WindowsException'{0x00000000d5983d18}> (0x00000000d5983d18) 
thrown [s\src\hotspot\share\prims\jni.cpp, line 520]
Event: 6.627 Thread 0x00000178d54b3c40 Exception <a 'sun/nio/fs/WindowsException'{0x00000000d5984368}> (0x00000000d5984368) 
thrown [s\src\hotspot\share\prims\jni.cpp, line 520]
Event: 6.628 Thread 0x00000178d54b3c40 Exception <a 'sun/nio/fs/WindowsException'{0x00000000d5984da8}> (0x00000000d5984da8) 
thrown [s\src\hotspot\share\prims\jni.cpp, line 520]
Event: 6.628 Thread 0x00000178d54b3c40 Exception <a 'sun/nio/fs/WindowsException'{0x00000000d59853d8}> (0x00000000d59853d8) 
thrown [s\src\hotspot\share\prims\jni.cpp, line 520]

ZGC Phase Switch (0 events):
No events

VM Operations (20 events):
Event: 5.007 Executing safepoint VM operation: ParallelGCFailedAllocation (Allocation Failure) done
Event: 5.135 Executing safepoint VM operation: ParallelGCFailedAllocation (Allocation Failure)
Event: 5.137 Executing safepoint VM operation: ParallelGCFailedAllocation (Allocation Failure) done
Event: 5.313 Executing safepoint VM operation: ParallelGCFailedAllocation (Allocation Failure)
Event: 5.316 Executing safepoint VM operation: ParallelGCFailedAllocation (Allocation Failure) done
Event: 5.452 Executing safepoint VM operation: ParallelGCFailedAllocation (Allocation Failure)
Event: 5.457 Executing safepoint VM operation: ParallelGCFailedAllocation (Allocation Failure) done
Event: 5.673 Executing safepoint VM operation: ParallelGCFailedAllocation (Allocation Failure)
Event: 5.676 Executing safepoint VM operation: ParallelGCFailedAllocation (Allocation Failure) done
Event: 5.851 Executing non-safepoint VM operation: HandshakeAllThreads (Deoptimize)
Event: 5.851 Executing non-safepoint VM operation: HandshakeAllThreads (Deoptimize) done
Event: 5.922 Executing safepoint VM operation: ParallelGCFailedAllocation (Allocation Failure)
Event: 5.924 Executing safepoint VM operation: ParallelGCFailedAllocation (Allocation Failure) done
Event: 6.297 Executing safepoint VM operation: ParallelGCFailedAllocation (Allocation Failure)
Event: 6.298 Executing safepoint VM operation: ParallelGCFailedAllocation (Allocation Failure) done
Event: 6.412 Executing non-safepoint VM operation: HandshakeAllThreads (Deoptimize)
Event: 6.412 Executing non-safepoint VM operation: HandshakeAllThreads (Deoptimize) done
Event: 6.524 Executing safepoint VM operation: ParallelGCFailedAllocation (Allocation Failure)
Event: 6.525 Executing safepoint VM operation: ParallelGCFailedAllocation (Allocation Failure) done
Event: 7.526 Executing safepoint VM operation: Cleanup

Memory protections (0 events):
No events

Nmethod flushes (20 events):
Event: 3.546 Thread 0x00000178f3e32d00 flushing  nmethod 0x00000178805c3910
Event: 3.546 Thread 0x00000178f3e32d00 flushing  nmethod 0x00000178805c3d10
Event: 3.546 Thread 0x00000178f3e32d00 flushing  nmethod 0x00000178805c4610
Event: 3.546 Thread 0x00000178f3e32d00 flushing  nmethod 0x00000178805c5810
Event: 3.546 Thread 0x00000178f3e32d00 flushing  nmethod 0x00000178805c6010
Event: 3.546 Thread 0x00000178f3e32d00 flushing  nmethod 0x00000178805c6790
Event: 3.546 Thread 0x00000178f3e32d00 flushing  nmethod 0x00000178805c6c90
Event: 3.546 Thread 0x00000178f3e32d00 flushing  nmethod 0x00000178805c8110
Event: 3.546 Thread 0x00000178f3e32d00 flushing  nmethod 0x00000178805c8b10
Event: 3.546 Thread 0x00000178f3e32d00 flushing  nmethod 0x00000178805c9810
Event: 3.546 Thread 0x00000178f3e32d00 flushing  nmethod 0x00000178805cb010
Event: 3.546 Thread 0x00000178f3e32d00 flushing  nmethod 0x00000178805cca10
Event: 3.546 Thread 0x00000178f3e32d00 flushing  nmethod 0x00000178805e7490
Event: 3.546 Thread 0x00000178f3e32d00 flushing  nmethod 0x00000178805fad10
Event: 3.546 Thread 0x00000178f3e32d00 flushing  nmethod 0x0000017880612190
Event: 3.546 Thread 0x00000178f3e32d00 flushing  nmethod 0x000001788066e090
Event: 3.546 Thread 0x00000178f3e32d00 flushing  nmethod 0x0000017880688a90
Event: 3.546 Thread 0x00000178f3e32d00 flushing  nmethod 0x0000017880688f10
Event: 3.546 Thread 0x00000178f3e32d00 flushing  nmethod 0x000001788068b910
Event: 3.546 Thread 0x00000178f3e32d00 flushing  nmethod 0x00000178806a6c90

Events (20 events):
Event: 3.933 Thread 0x00000178fedb4370 Thread added: 0x00000178d54b2890
Event: 3.933 Thread 0x00000178d54b2200 Thread added: 0x00000178d6249f60
Event: 3.933 Thread 0x00000178d54b2890 Thread added: 0x00000178d624a5f0
Event: 3.934 Thread 0x00000178d6249f60 Thread added: 0x00000178d62498d0
Event: 3.934 Thread 0x00000178d624a5f0 Thread added: 0x00000178d624ac80
Event: 3.935 Thread 0x00000178d62498d0 Thread added: 0x00000178d6247800
Event: 3.935 Thread 0x00000178d624ac80 Thread added: 0x00000178d6247e90
Event: 3.935 Thread 0x00000178d6247800 Thread added: 0x00000178d6248520
Event: 3.935 Thread 0x00000178d6247e90 Thread added: 0x00000178d624b310
Event: 3.936 Thread 0x00000178d6248520 Thread added: 0x00000178d624b9a0
Event: 5.788 Thread 0x00000178d54b3c40 Thread added: 0x00000178d6249240
Event: 6.227 Thread 0x00000178d54b3c40 Thread added: 0x00000178d624cd50
Event: 6.230 Thread 0x00000178d54b3c40 Thread added: 0x00000178d624d3e0
Event: 6.607 Thread 0x00000178d54b1b70 Thread exited: 0x00000178d54b1b70
Event: 6.607 Thread 0x00000178d624d3e0 Thread exited: 0x00000178d624d3e0
Event: 6.633 Thread 0x00000178fedb1c10 Thread added: 0x00000178d624e790
Event: 6.656 Thread 0x00000178d54b3c40 Thread added: 0x00000178d624d3e0
Event: 6.665 Thread 0x00000178d54b3c40 Thread added: 0x00000178d624ee20
Event: 6.711 Thread 0x00000178d624ee20 Thread exited: 0x00000178d624ee20
Event: 6.712 Thread 0x00000178d54b3c40 Thread added: 0x00000178d624da70


Dynamic libraries:
0x00007ff746af0000 - 0x00007ff746afe000 	c:\Users\HP\.antigravity\extensions\redhat.java-1.54.0-win32-x64\jre\21.0.10-win32-x86_64\bin\java.exe
0x00007ffb927a0000 - 0x00007ffb92a07000 	C:\WINDOWS\SYSTEM32\ntdll.dll
0x00007ffb51a00000 - 0x00007ffb51a21000 	C:\Program Files\Avast Software\Avast\aswhook.dll
0x00007ffb90f10000 - 0x00007ffb90fd9000 	C:\WINDOWS\System32\KERNEL32.DLL
0x00007ffb8f220000 - 0x00007ffb8f614000 	C:\WINDOWS\System32\KERNELBASE.dll
0x00007ffb8f0d0000 - 0x00007ffb8f21b000 	C:\WINDOWS\System32\ucrtbase.dll
0x00007ffb0e8e0000 - 0x00007ffb0e8f8000 	c:\Users\HP\.antigravity\extensions\redhat.java-1.54.0-win32-x64\jre\21.0.10-win32-x86_64\bin\jli.dll
0x00007ffb3c6e0000 - 0x00007ffb3c6fe000 	c:\Users\HP\.antigravity\extensions\redhat.java-1.54.0-win32-x64\jre\21.0.10-win32-x86_64\bin\VCRUNTIME140.dll
0x00007ffb90d00000 - 0x00007ffb90ec5000 	C:\WINDOWS\System32\USER32.dll
0x00007ffb8f750000 - 0x00007ffb8f777000 	C:\WINDOWS\System32\win32u.dll
0x00007ffb61a60000 - 0x00007ffb61cf3000 	C:\WINDOWS\WinSxS\amd64_microsoft.windows.common-controls_6595b64144ccf1df_6.0.26100.8115_none_3e075c82e3354f9c\COMCTL32.dll
0x00007ffb92540000 - 0x00007ffb9256b000 	C:\WINDOWS\System32\GDI32.dll
0x00007ffb8f620000 - 0x00007ffb8f74b000 	C:\WINDOWS\System32\gdi32full.dll
0x00007ffb91c90000 - 0x00007ffb91d39000 	C:\WINDOWS\System32\msvcrt.dll
0x00007ffb90170000 - 0x00007ffb90213000 	C:\WINDOWS\System32\msvcp_win.dll
0x00007ffb90ed0000 - 0x00007ffb90f02000 	C:\WINDOWS\System32\IMM32.DLL
0x00007ffb47890000 - 0x00007ffb4789c000 	c:\Users\HP\.antigravity\extensions\redhat.java-1.54.0-win32-x64\jre\21.0.10-win32-x86_64\bin\vcruntime140_1.dll
0x00007ffb47800000 - 0x00007ffb4788d000 	c:\Users\HP\.antigravity\extensions\redhat.java-1.54.0-win32-x64\jre\21.0.10-win32-x86_64\bin\msvcp140.dll
0x00007ffacdca0000 - 0x00007ffacea41000 	c:\Users\HP\.antigravity\extensions\redhat.java-1.54.0-win32-x64\jre\21.0.10-win32-x86_64\bin\server\jvm.dll
0x00007ffb91840000 - 0x00007ffb918f6000 	C:\WINDOWS\System32\ADVAPI32.dll
0x00007ffb91be0000 - 0x00007ffb91c87000 	C:\WINDOWS\System32\sechost.dll
0x00007ffb91d40000 - 0x00007ffb91e58000 	C:\WINDOWS\System32\RPCRT4.dll
0x00007ffb91600000 - 0x00007ffb91680000 	C:\WINDOWS\System32\WS2_32.dll
0x00007ffb8eea0000 - 0x00007ffb8eefe000 	C:\WINDOWS\SYSTEM32\POWRPROF.dll
0x00007ffb88bc0000 - 0x00007ffb88bf6000 	C:\WINDOWS\SYSTEM32\WINMM.dll
0x00007ffb7a820000 - 0x00007ffb7a82b000 	C:\WINDOWS\SYSTEM32\VERSION.dll
0x00007ffb8ee80000 - 0x00007ffb8ee94000 	C:\WINDOWS\SYSTEM32\UMPDC.dll
0x00007ffb8ddd0000 - 0x00007ffb8ddeb000 	C:\WINDOWS\SYSTEM32\kernel.appcore.dll
0x00007ffb477f0000 - 0x00007ffb477fa000 	c:\Users\HP\.antigravity\extensions\redhat.java-1.54.0-win32-x64\jre\21.0.10-win32-x86_64\bin\jimage.dll
0x00007ffb8ce50000 - 0x00007ffb8d092000 	C:\WINDOWS\SYSTEM32\DBGHELP.DLL
0x00007ffb91f90000 - 0x00007ffb92312000 	C:\WINDOWS\System32\combase.dll
0x00007ffb91900000 - 0x00007ffb919d8000 	C:\WINDOWS\System32\OLEAUT32.dll
0x00007ffb7a610000 - 0x00007ffb7a64b000 	C:\WINDOWS\SYSTEM32\dbgcore.DLL
0x00007ffb90220000 - 0x00007ffb902c5000 	C:\WINDOWS\System32\bcryptPrimitives.dll
0x00007ffb477e0000 - 0x00007ffb477ef000 	c:\Users\HP\.antigravity\extensions\redhat.java-1.54.0-win32-x64\jre\21.0.10-win32-x86_64\bin\instrument.dll
0x00007ffb477c0000 - 0x00007ffb477e0000 	c:\Users\HP\.antigravity\extensions\redhat.java-1.54.0-win32-x64\jre\21.0.10-win32-x86_64\bin\java.dll
0x00007ffb90590000 - 0x00007ffb90cf7000 	C:\WINDOWS\System32\SHELL32.dll
0x00007ffb90390000 - 0x00007ffb904fa000 	C:\WINDOWS\System32\wintypes.dll
0x00007ffb8f900000 - 0x00007ffb90168000 	C:\WINDOWS\System32\windows.storage.dll
0x00007ffb91e60000 - 0x00007ffb91f58000 	C:\WINDOWS\System32\SHCORE.dll
0x00007ffb924d0000 - 0x00007ffb92536000 	C:\WINDOWS\System32\shlwapi.dll
0x00007ffb8ef60000 - 0x00007ffb8ef89000 	C:\WINDOWS\SYSTEM32\profapi.dll
0x00007ffb477a0000 - 0x00007ffb477b8000 	c:\Users\HP\.antigravity\extensions\redhat.java-1.54.0-win32-x64\jre\21.0.10-win32-x86_64\bin\zip.dll
0x00007ffb47790000 - 0x00007ffb477a0000 	C:\Users\HP\.antigravity\extensions\redhat.java-1.54.0-win32-x64\jre\21.0.10-win32-x86_64\bin\net.dll
0x00007ffb860a0000 - 0x00007ffb861cd000 	C:\WINDOWS\SYSTEM32\WINHTTP.dll
0x00007ffb8e340000 - 0x00007ffb8e3ac000 	C:\WINDOWS\system32\mswsock.dll
0x00007ffb47770000 - 0x00007ffb47786000 	C:\Users\HP\.antigravity\extensions\redhat.java-1.54.0-win32-x64\jre\21.0.10-win32-x86_64\bin\nio.dll
0x00007ffb47760000 - 0x00007ffb47770000 	c:\Users\HP\.antigravity\extensions\redhat.java-1.54.0-win32-x64\jre\21.0.10-win32-x86_64\bin\verify.dll
0x00007ffb304c0000 - 0x00007ffb30505000 	C:\Users\HP\AppData\Roaming\Antigravity\User\globalStorage\redhat.java\1.54.0\config_win\org.eclipse.equinox.launcher\org.eclipse.equinox.launcher.win32.win32.x86_64_1.3.0.v20260203-2149\eclipse_11919.dll
0x00007ffb916a0000 - 0x00007ffb91837000 	C:\WINDOWS\System32\ole32.dll
0x00007ffb8e630000 - 0x00007ffb8e64b000 	C:\WINDOWS\SYSTEM32\CRYPTSP.dll
0x00007ffb8dd30000 - 0x00007ffb8dd69000 	C:\WINDOWS\system32\rsaenh.dll
0x00007ffb8e3f0000 - 0x00007ffb8e423000 	C:\WINDOWS\SYSTEM32\USERENV.dll
0x00007ffb8ef30000 - 0x00007ffb8ef5a000 	C:\WINDOWS\SYSTEM32\bcrypt.dll
0x00007ffb8e620000 - 0x00007ffb8e62c000 	C:\WINDOWS\SYSTEM32\CRYPTBASE.dll
0x00007ffb8d780000 - 0x00007ffb8d7b2000 	C:\WINDOWS\SYSTEM32\IPHLPAPI.DLL
0x00007ffb91f70000 - 0x00007ffb91f7a000 	C:\WINDOWS\System32\NSI.dll
0x00007ffb30470000 - 0x00007ffb304b9000 	C:\Users\HP\AppData\Local\Temp\jna-2312\jna5221874134525978047.dll
0x00007ffb91690000 - 0x00007ffb91698000 	C:\WINDOWS\System32\PSAPI.DLL
0x00007ffb86910000 - 0x00007ffb8692d000 	C:\WINDOWS\SYSTEM32\dhcpcsvc6.DLL
0x00007ffb868e0000 - 0x00007ffb86905000 	C:\WINDOWS\SYSTEM32\dhcpcsvc.DLL
0x00007ffaf31b0000 - 0x00007ffaf31d7000 	C:\Users\HP\.gradle\native\1def1411415f61bf3af743bc5b6707747c0891f09f0c88961ee8f79bc544acac\windows-amd64\native-platform.dll
0x00007ffb11480000 - 0x00007ffb1148a000 	C:\Users\HP\.antigravity\extensions\redhat.java-1.54.0-win32-x64\jre\21.0.10-win32-x86_64\bin\management.dll
0x00007ffb0ff30000 - 0x00007ffb0ff3c000 	C:\Users\HP\.antigravity\extensions\redhat.java-1.54.0-win32-x64\jre\21.0.10-win32-x86_64\bin\management_ext.dll

JVMTI agents:
c:\Users\HP\.antigravity\extensions\redhat.java-1.54.0-win32-x64\lombok\lombok-1.18.39-4050.jar path:c:\Users\HP\.antigravity\extensions\redhat.java-1.54.0-win32-x64\jre\21.0.10-win32-x86_64\bin\instrument.dll, loaded, initialized, instrumentlib options:none

dbghelp: loaded successfully - version: 4.0.5 - missing functions: none
symbol engine: initialized successfully - sym options: 0x614 - pdb path: .;c:\Users\HP\.antigravity\extensions\redhat.java-1.54.0-win32-x64\jre\21.0.10-win32-x86_64\bin;C:\WINDOWS\SYSTEM32;C:\Program Files\Avast Software\Avast;C:\WINDOWS\WinSxS\amd64_microsoft.windows.common-controls_6595b64144ccf1df_6.0.26100.8115_none_3e075c82e3354f9c;c:\Users\HP\.antigravity\extensions\redhat.java-1.54.0-win32-x64\jre\21.0.10-win32-x86_64\bin\server;C:\Users\HP\AppData\Roaming\Antigravity\User\globalStorage\redhat.java\1.54.0\config_win\org.eclipse.equinox.launcher\org.eclipse.equinox.launcher.win32.win32.x86_64_1.3.0.v20260203-2149;C:\Users\HP\AppData\Local\Temp\jna-2312;C:\Users\HP\.gradle\native\1def1411415f61bf3af743bc5b6707747c0891f09f0c88961ee8f79bc544acac\windows-amd64

VM Arguments:
jvm_args: --add-modules=ALL-SYSTEM --add-opens=java.base/java.util=ALL-UNNAMED --add-opens=java.base/java.lang=ALL-UNNAMED --add-opens=java.base/sun.nio.fs=ALL-UNNAMED -Declipse.application=org.eclipse.jdt.ls.core.id1 -Dosgi.bundles.defaultStartLevel=4 -Declipse.product=org.eclipse.jdt.ls.core.product -Djava.import.generatesMetadataFilesAtProjectRoot=false -DDetectVMInstallationsJob.disabled=true -Dfile.encoding=utf8 -XX:+UseParallelGC -XX:GCTimeRatio=4 -XX:AdaptiveSizePolicyWeight=90 -Dsun.zip.disableMemoryMapping=true -Xmx2G -Xms100m -Xlog:disable -javaagent:c:\Users\HP\.antigravity\extensions\redhat.java-1.54.0-win32-x64\lombok\lombok-1.18.39-4050.jar -XX:+HeapDumpOnOutOfMemoryError -XX:HeapDumpPath=c:\Users\HP\AppData\Roaming\Antigravity\User\workspaceStorage\bb6f58697517b49f76eb8e851445a514\redhat.java -Daether.dependencyCollector.impl=bf 
java_command: c:\Users\HP\.antigravity\extensions\redhat.java-1.54.0-win32-x64\server\plugins\org.eclipse.equinox.launcher_1.7.100.v20251111-0406.jar -configuration c:\Users\HP\AppData\Roaming\Antigravity\User\globalStorage\redhat.java\1.54.0\config_win -data c:\Users\HP\AppData\Roaming\Antigravity\User\workspaceStorage\bb6f58697517b49f76eb8e851445a514\redhat.java\jdt_ws --pipe=\\.\pipe\lsp-18df5fb956ceae830392f517e0fa7a23-sock
java_class_path (initial): c:\Users\HP\.antigravity\extensions\redhat.java-1.54.0-win32-x64\server\plugins\org.eclipse.equinox.launcher_1.7.100.v20251111-0406.jar
Launcher Type: SUN_STANDARD

[Global flags]
    uintx AdaptiveSizePolicyWeight                 = 90                                        {product} {command line}
     intx CICompilerCount                          = 4                                         {product} {ergonomic}
    uintx GCTimeRatio                              = 4                                         {product} {command line}
     bool HeapDumpOnOutOfMemoryError               = true                                   {manageable} {command line}
    ccstr HeapDumpPath                             = c:\Users\HP\AppData\Roaming\Antigravity\User\workspaceStorage\bb6f58697517b49f76eb8e851445a514\redhat.java         {manageable} {command line}
   size_t InitialHeapSize                          = 104857600                                 {product} {command line}
   size_t MaxHeapSize                              = 2147483648                                {product} {command line}
   size_t MaxNewSize                               = 715653120                                 {product} {ergonomic}
   size_t MinHeapDeltaBytes                        = 524288                                    {product} {ergonomic}
   size_t MinHeapSize                              = 104857600                                 {product} {command line}
   size_t NewSize                                  = 34603008                                  {product} {ergonomic}
    uintx NonNMethodCodeHeapSize                   = 5839372                                {pd product} {ergonomic}
    uintx NonProfiledCodeHeapSize                  = 122909434                              {pd product} {ergonomic}
   size_t OldSize                                  = 70254592                                  {product} {ergonomic}
    uintx ProfiledCodeHeapSize                     = 122909434                              {pd product} {ergonomic}
    uintx ReservedCodeCacheSize                    = 251658240                              {pd product} {ergonomic}
     bool SegmentedCodeCache                       = true                                      {product} {ergonomic}
   size_t SoftMaxHeapSize                          = 2147483648                             {manageable} {ergonomic}
     bool UseCompressedOops                        = true                           {product lp64_product} {ergonomic}
     bool UseLargePagesIndividualAllocation        = false                                  {pd product} {ergonomic}
     bool UseParallelGC                            = true                                      {product} {command line}

Logging:
Log output configuration:
 #0: stdout all=off uptime,level,tags foldmultilines=false
 #1: stderr all=off uptime,level,tags foldmultilines=false

Release file:
JAVA_VERSION="21.0.10" 
MODULES="java.base java.compiler java.datatransfer java.xml java.prefs java.desktop java.instrument java.logging java.management java.security.sasl java.naming java.rmi java.management.rmi java.net.http java.scripting java.security.jgss java.transaction.xa java.sql java.sql.rowset java.xml.crypto java.se java.smartcardio jdk.accessibility jdk.internal.jvmstat jdk.attach jdk.charsets jdk.internal.opt jdk.zipfs jdk.compiler jdk.crypto.ec jdk.crypto.cryptoki jdk.crypto.mscapi jdk.dynalink jdk.internal.ed jdk.editpad jdk.hotspot.agent jdk.httpserver jdk.internal.le jdk.internal.vm.ci jdk.internal.vm.compiler jdk.internal.vm.compiler.management jdk.jartool jdk.javadoc jdk.jcmd jdk.management jdk.management.agent jdk.jconsole jdk.jdeps jdk.jdwp.agent jdk.jdi jdk.jfr jdk.jshell jdk.jsobject jdk.jstatd jdk.localedata jdk.management.jfr jdk.naming.dns jdk.naming.rmi jdk.net jdk.nio.mapmode jdk.random jdk.sctp jdk.security.auth jdk.security.jgss jdk.unsupported jdk.unsupported.desktop jdk.xml.dom" 

Environment Variables:
JAVA_HOME=C:\Program Files\Java\jdk-25
PATH=C:\Program Files\Common Files\Oracle\Java\javapath;C:\Program Files (x86)\Common Files\Oracle\Java\java8path;C:\Program Files (x86)\Common Files\Oracle\Java\javapath;C:\ORC\ORACLEE\bin;C:\app\HP\product\21c\dbhomeXE\bin;E:\oracle21\ORACL\bin;C:\Dossier_Oracle21c\Oracle21c\bin;C:\WINDOWS\system32;C:\WINDOWS;C:\WINDOWS\System32\Wbem;C:\WINDOWS\System32\WindowsPowerShell\v1.0\;C:\WINDOWS\System32\OpenSSH\;C:\appliiiiiii\flutter_windows_3.35.7-stable.zip\flutter\bin;C:\Program Files\Docker\Docker\resources\bin;C:\Program Files\Git\cmd;C:\Program Files\nodejs\;C:\Program Files\Apache\maven\bin;C:\Program Files\MySQL\MySQL Shell 8.0\bin\;C:\Users\HP\AppData\Local\Programs\Python\Python313\Scripts\;C:\Users\HP\AppData\Local\Programs\Python\Python313\;C:\Users\HP\AppData\Local\Programs\Python\Launcher\;C:\Users\HP\AppData\Local\Microsoft\WindowsApps;C:\Users\HP\AppData\Local\Programs\Microsoft VS Code\bin;C:\Users\HP\AppData\Local\Python\bin;C:\Users\HP\AppData\Roaming\npm;C:\Program Files\Java\jdk-25\bin;C:\Maven\apache-maven-3.9.15\bin;D:\Nouveau dossier\Antigravity\bin
USERNAME=HP
OS=Windows_NT
PROCESSOR_IDENTIFIER=Intel64 Family 6 Model 186 Stepping 3, GenuineIntel
TMP=C:\Users\HP\AppData\Local\Temp
TEMP=C:\Users\HP\AppData\Local\Temp




Periodic native trim disabled

---------------  S Y S T E M  ---------------

OS:
 Windows 11 , 64 bit Build 26100 (10.0.26100.8246)
OS uptime: 0 days 0:13 hours
Hyper-V role detected

CPU: total 12 (initial active 12) (6 cores per cpu, 2 threads per core) family 6 model 186 stepping 3 microcode 0x4121, cx8, cmov, fxsr, ht, mmx, 3dnowpref, sse, sse2, sse3, ssse3, sse4.1, sse4.2, popcnt, lzcnt, tsc, tscinvbit, avx, avx2, aes, erms, clmul, bmi1, bmi2, adx, sha, fma, vzeroupper, clflush, clflushopt, clwb, hv, serialize, rdtscp, rdpid, fsrm, f16c, cet_ibt, cet_ss
Processor Information for processor 0
  Max Mhz: 1300, Current Mhz: 1300, Mhz Limit: 1300
Processor Information for processor 1
  Max Mhz: 1300, Current Mhz: 1300, Mhz Limit: 1300
Processor Information for processor 2
  Max Mhz: 1300, Current Mhz: 1300, Mhz Limit: 1300
Processor Information for processor 3
  Max Mhz: 1300, Current Mhz: 1300, Mhz Limit: 1300
Processor Information for processor 4
  Max Mhz: 1300, Current Mhz: 900, Mhz Limit: 897
Processor Information for processor 5
  Max Mhz: 1300, Current Mhz: 900, Mhz Limit: 897
Processor Information for processor 6
  Max Mhz: 1300, Current Mhz: 900, Mhz Limit: 897
Processor Information for processor 7
  Max Mhz: 1300, Current Mhz: 900, Mhz Limit: 897
Processor Information for processor 8
  Max Mhz: 1300, Current Mhz: 900, Mhz Limit: 897
Processor Information for processor 9
  Max Mhz: 1300, Current Mhz: 900, Mhz Limit: 897
Processor Information for processor 10
  Max Mhz: 1300, Current Mhz: 900, Mhz Limit: 897
Processor Information for processor 11
  Max Mhz: 1300, Current Mhz: 900, Mhz Limit: 897

Memory: 4k page, system-wide physical 7835M (557M free)
TotalPageFile size 13835M (AvailPageFile size 9M)
current process WorkingSet (physical memory assigned to process): 267M, peak: 267M
current process commit charge ("private bytes"): 368M, peak: 369M

vm_info: OpenJDK 64-Bit Server VM (21.0.10+7-LTS) for windows-amd64 JRE (21.0.10+7-LTS), built on 2026-01-20T00:00:00Z by "admin" with MS VC++ 17.12 (VS2022)

END.
