#
# There is insufficient memory for the Java Runtime Environment to continue.
# Native memory allocation (malloc) failed to allocate 1216496 bytes. Error detail: Chunk::new
# Possible reasons:
#   The system is out of physical RAM or swap space
#   This process is running with CompressedOops enabled, and the Java Heap may be blocking the growth of the native heap
# Possible solutions:
#   Reduce memory load on the system
#   Increase physical memory or swap space
#   Check if swap backing store is full
#   Decrease Java heap size (-Xmx/-Xms)
#   Decrease number of Java threads
#   Decrease Java thread stack sizes (-Xss)
#   Set larger code cache with -XX:ReservedCodeCacheSize=
#   JVM is running with Unscaled Compressed Oops mode in which the Java heap is
#     placed in the first 4GB address space. The Java Heap base address is the
#     maximum limit for the native heap growth. Please use -XX:HeapBaseMinAddress
#     to set the Java Heap base and to place the Java Heap above 4GB virtual address.
# This output file may be truncated or incomplete.
#
#  Out of Memory Error (arena.cpp:168), pid=9232, tid=20808
#
# JRE version: OpenJDK Runtime Environment Temurin-21.0.10+7 (21.0.10+7) (build 21.0.10+7-LTS)
# Java VM: OpenJDK 64-Bit Server VM Temurin-21.0.10+7 (21.0.10+7-LTS, mixed mode, sharing, tiered, compressed oops, compressed class ptrs, parallel gc, windows-amd64)
# No core dump will be written. Minidumps are not enabled by default on client versions of Windows
#

---------------  S U M M A R Y ------------

Command Line: --add-modules=ALL-SYSTEM --add-opens=java.base/java.util=ALL-UNNAMED --add-opens=java.base/java.lang=ALL-UNNAMED --add-opens=java.base/sun.nio.fs=ALL-UNNAMED -Declipse.application=org.eclipse.jdt.ls.core.id1 -Dosgi.bundles.defaultStartLevel=4 -Declipse.product=org.eclipse.jdt.ls.core.product -Djava.import.generatesMetadataFilesAtProjectRoot=false -DDetectVMInstallationsJob.disabled=true -Dfile.encoding=utf8 -XX:+UseParallelGC -XX:GCTimeRatio=4 -XX:AdaptiveSizePolicyWeight=90 -Dsun.zip.disableMemoryMapping=true -Xmx2G -Xms100m -Xlog:disable -javaagent:c:\Users\HP\.antigravity\extensions\redhat.java-1.54.0-win32-x64\lombok\lombok-1.18.39-4050.jar -XX:+HeapDumpOnOutOfMemoryError -XX:HeapDumpPath=c:\Users\HP\AppData\Roaming\Antigravity\User\workspaceStorage\bb6f58697517b49f76eb8e851445a514\redhat.java -Daether.dependencyCollector.impl=bf c:\Users\HP\.antigravity\extensions\redhat.java-1.54.0-win32-x64\server\plugins\org.eclipse.equinox.launcher_1.7.100.v20251111-0406.jar -configuration c:\Users\HP\AppData\Roaming\Antigravity\User\globalStorage\redhat.java\1.54.0\config_win -data c:\Users\HP\AppData\Roaming\Antigravity\User\workspaceStorage\bb6f58697517b49f76eb8e851445a514\redhat.java\jdt_ws --pipe=\\.\pipe\lsp-5778bd718add02e1db39b2d9863e7c61-sock

Host: 13th Gen Intel(R) Core(TM) i5-1335U, 12 cores, 7G,  Windows 11 , 64 bit Build 26100 (10.0.26100.8246)
Time: Tue Apr 28 22:49:16 2026 Greenwich elapsed time: 16.286390 seconds (0d 0h 0m 16s)

---------------  T H R E A D  ---------------

Current thread (0x0000023478dffa40):  JavaThread "C2 CompilerThread1" daemon [_thread_in_native, id=20808, stack(0x000000abdb900000,0x000000abdba00000) (1024K)]


Current CompileTask:
C2:16286 9206       4       java.lang.invoke.MethodType::insertParameterTypes (121 bytes)

Stack: [0x000000abdb900000,0x000000abdba00000]
Native frames: (J=compiled Java code, j=interpreted, Vv=VM code, C=native code)
V  [jvm.dll+0x6d7a39]
V  [jvm.dll+0x8b4b26]
V  [jvm.dll+0x8b70de]
V  [jvm.dll+0x8b77c3]
V  [jvm.dll+0x284346]
V  [jvm.dll+0xc66ed]
V  [jvm.dll+0xc6c31]
V  [jvm.dll+0x3bec01]
V  [jvm.dll+0x1e3d62]
V  [jvm.dll+0x24c6b3]
V  [jvm.dll+0x24bb40]
V  [jvm.dll+0x1cb34e]
V  [jvm.dll+0x25b85d]
V  [jvm.dll+0x259dea]
V  [jvm.dll+0x3f857e]
V  [jvm.dll+0x85f59d]
V  [jvm.dll+0x6d626d]
C  [ucrtbase.dll+0x37b0]
C  [KERNEL32.DLL+0x2e8d7]
C  [ntdll.dll+0x8c3fc]


---------------  P R O C E S S  ---------------

Threads class SMR info:
_java_thread_list=0x0000023477f378b0, length=83, elements={
0x0000023415f04100, 0x000002342e959320, 0x0000023415fbe340, 0x000002342e95bde0,
0x000002342e95d050, 0x000002342e965f80, 0x000002342e967d10, 0x000002342e96e530,
0x0000023470dfeb20, 0x0000023471016090, 0x000002347118fc20, 0x0000023476648e20,
0x000002347688f490, 0x00000234768aae50, 0x00000234768ab890, 0x0000023476e228a0,
0x0000023476b316e0, 0x0000023477197b50, 0x0000023477198870, 0x00000234771974c0,
0x0000023477196e30, 0x0000023477199590, 0x0000023477199c20, 0x000002347719a2b0,
0x000002347905afd0, 0x000002347905c380, 0x000002347905a940, 0x000002347905d730,
0x000002347905ca10, 0x000002347905b660, 0x000002347905bcf0, 0x000002347905d0a0,
0x000002347905a2b0, 0x0000023479060bb0, 0x000002347905e450, 0x000002347905f800,
0x0000023479060520, 0x000002347905fe90, 0x0000023479061240, 0x000002347905ddc0,
0x000002347905eae0, 0x00000234790618d0, 0x000002347905f170, 0x0000023476b07780,
0x0000023476b056b0, 0x0000023476b07e10, 0x0000023476b084a0, 0x0000023476b08b30,
0x0000023476b09ee0, 0x0000023476b091c0, 0x0000023476b070f0, 0x0000023476b0ccd0,
0x0000023476b0a570, 0x0000023476b0ac00, 0x0000023476b0b920, 0x0000023476b0b290,
0x0000023476b0bfb0, 0x0000023476b0c640, 0x0000023476b09850, 0x000002347e8a58f0,
0x000002347e8a5260, 0x000002347e8a4bd0, 0x000002347e8a5f80, 0x000002347e8a6ca0,
0x000002347e8a9400, 0x000002347e8a8050, 0x000002347e8a7330, 0x000002347e8a86e0,
0x000002347e8a9a90, 0x000002347e8a6610, 0x000002347e8aa120, 0x000002347e8aa7b0,
0x000002347e8aae40, 0x000002347e8a79c0, 0x000002347e8ab4d0, 0x000002347e8abb60,
0x000002347e8ac1f0, 0x0000023476b05d40, 0x000002347a2c2790, 0x000002347a2c2e20,
0x000002347a2c34b0, 0x0000023478dffa40, 0x000002347a2c06c0
}

Java Threads: ( => current thread )
  0x0000023415f04100 JavaThread "main"                              [_thread_blocked, id=15424, stack(0x000000abdad00000,0x000000abdae00000) (1024K)]
  0x000002342e959320 JavaThread "Reference Handler"          daemon [_thread_blocked, id=13728, stack(0x000000abdb100000,0x000000abdb200000) (1024K)]
  0x0000023415fbe340 JavaThread "Finalizer"                  daemon [_thread_blocked, id=6808, stack(0x000000abdb200000,0x000000abdb300000) (1024K)]
  0x000002342e95bde0 JavaThread "Signal Dispatcher"          daemon [_thread_blocked, id=2608, stack(0x000000abdb300000,0x000000abdb400000) (1024K)]
  0x000002342e95d050 JavaThread "Attach Listener"            daemon [_thread_blocked, id=20884, stack(0x000000abdb400000,0x000000abdb500000) (1024K)]
  0x000002342e965f80 JavaThread "Service Thread"             daemon [_thread_blocked, id=22356, stack(0x000000abdb500000,0x000000abdb600000) (1024K)]
  0x000002342e967d10 JavaThread "Monitor Deflation Thread"   daemon [_thread_blocked, id=2204, stack(0x000000abdb600000,0x000000abdb700000) (1024K)]
  0x000002342e96e530 JavaThread "C2 CompilerThread0"         daemon [_thread_in_native, id=15244, stack(0x000000abdb700000,0x000000abdb800000) (1024K)]
  0x0000023470dfeb20 JavaThread "C1 CompilerThread0"         daemon [_thread_blocked, id=18944, stack(0x000000abdb800000,0x000000abdb900000) (1024K)]
  0x0000023471016090 JavaThread "Common-Cleaner"             daemon [_thread_blocked, id=16592, stack(0x000000abdba00000,0x000000abdbb00000) (1024K)]
  0x000002347118fc20 JavaThread "Notification Thread"        daemon [_thread_blocked, id=4680, stack(0x000000abdbb00000,0x000000abdbc00000) (1024K)]
  0x0000023476648e20 JavaThread "Active Thread: Equinox Container: f1b9476f-8375-439e-b7ff-43f36d1eed52"        [_thread_blocked, id=21996, stack(0x000000abdc300000,0x000000abdc400000) (1024K)]
  0x000002347688f490 JavaThread "Refresh Thread: Equinox Container: f1b9476f-8375-439e-b7ff-43f36d1eed52" daemon [_thread_blocked, id=22324, stack(0x000000abdc400000,0x000000abdc500000) (1024K)]
  0x00000234768aae50 JavaThread "Framework Event Dispatcher: Equinox Container: f1b9476f-8375-439e-b7ff-43f36d1eed52" daemon [_thread_blocked, id=22660, stack(0x000000abdc600000,0x000000abdc700000) (1024K)]
  0x00000234768ab890 JavaThread "Start Level: Equinox Container: f1b9476f-8375-439e-b7ff-43f36d1eed52" daemon [_thread_blocked, id=13344, stack(0x000000abdc700000,0x000000abdc800000) (1024K)]
  0x0000023476e228a0 JavaThread "Bundle File Closer"         daemon [_thread_blocked, id=16760, stack(0x000000abdca00000,0x000000abdcb00000) (1024K)]
  0x0000023476b316e0 JavaThread "SCR Component Actor"        daemon [_thread_blocked, id=21652, stack(0x000000abdcb00000,0x000000abdcc00000) (1024K)]
  0x0000023477197b50 JavaThread "Worker-JM"                         [_thread_blocked, id=8180, stack(0x000000abdcc00000,0x000000abdcd00000) (1024K)]
  0x0000023477198870 JavaThread "JNA Cleaner"                daemon [_thread_blocked, id=19972, stack(0x000000abdcd00000,0x000000abdce00000) (1024K)]
  0x00000234771974c0 JavaThread "Worker-0"                          [_thread_blocked, id=4020, stack(0x000000abdce00000,0x000000abdcf00000) (1024K)]
  0x0000023477196e30 JavaThread "Worker-1"                          [_thread_blocked, id=14228, stack(0x000000abdcf00000,0x000000abdd000000) (1024K)]
  0x0000023477199590 JavaThread "Worker-2"                          [_thread_blocked, id=9428, stack(0x000000abdd000000,0x000000abdd100000) (1024K)]
  0x0000023477199c20 JavaThread "Java indexing"              daemon [_thread_blocked, id=1716, stack(0x000000abdd100000,0x000000abdd200000) (1024K)]
  0x000002347719a2b0 JavaThread "Worker-3"                          [_thread_blocked, id=14804, stack(0x000000abdd200000,0x000000abdd300000) (1024K)]
  0x000002347905afd0 JavaThread "Worker-4: Initialize Workspace"        [_thread_blocked, id=3140, stack(0x000000abdd500000,0x000000abdd600000) (1024K)]
  0x000002347905c380 JavaThread "Thread-1"                   daemon [_thread_in_native, id=18004, stack(0x000000abdd600000,0x000000abdd700000) (1024K)]
  0x000002347905a940 JavaThread "Thread-2"                   daemon [_thread_in_native, id=14232, stack(0x000000abdd700000,0x000000abdd800000) (1024K)]
  0x000002347905d730 JavaThread "Thread-3"                   daemon [_thread_in_native, id=4396, stack(0x000000abdd800000,0x000000abdd900000) (1024K)]
  0x000002347905ca10 JavaThread "Thread-4"                   daemon [_thread_in_native, id=14696, stack(0x000000abdd900000,0x000000abdda00000) (1024K)]
  0x000002347905b660 JavaThread "Thread-5"                   daemon [_thread_in_native, id=2952, stack(0x000000abdda00000,0x000000abddb00000) (1024K)]
  0x000002347905bcf0 JavaThread "Thread-6"                   daemon [_thread_in_native, id=22920, stack(0x000000abddb00000,0x000000abddc00000) (1024K)]
  0x000002347905d0a0 JavaThread "Thread-7"                   daemon [_thread_in_native, id=10904, stack(0x000000abddc00000,0x000000abddd00000) (1024K)]
  0x000002347905a2b0 JavaThread "Thread-8"                   daemon [_thread_in_native, id=17160, stack(0x000000abddd00000,0x000000abdde00000) (1024K)]
  0x0000023479060bb0 JavaThread "Thread-9"                   daemon [_thread_in_native, id=10244, stack(0x000000abdde00000,0x000000abddf00000) (1024K)]
  0x000002347905e450 JavaThread "Thread-10"                  daemon [_thread_in_native, id=23460, stack(0x000000abddf00000,0x000000abde000000) (1024K)]
  0x000002347905f800 JavaThread "Thread-11"                  daemon [_thread_in_native, id=16804, stack(0x000000abde000000,0x000000abde100000) (1024K)]
  0x0000023479060520 JavaThread "Thread-12"                  daemon [_thread_in_native, id=4256, stack(0x000000abde100000,0x000000abde200000) (1024K)]
  0x000002347905fe90 JavaThread "Thread-13"                  daemon [_thread_in_native, id=14316, stack(0x000000abde200000,0x000000abde300000) (1024K)]
  0x0000023479061240 JavaThread "Worker-5: Synchronize Gradle projects with workspace"        [_thread_blocked, id=22364, stack(0x000000abde300000,0x000000abde400000) (1024K)]
  0x000002347905ddc0 JavaThread "pool-2-thread-1"                   [_thread_blocked, id=19692, stack(0x000000abde400000,0x000000abde500000) (1024K)]
  0x000002347905eae0 JavaThread "Timer-0"                           [_thread_blocked, id=14664, stack(0x000000abde500000,0x000000abde600000) (1024K)]
  0x00000234790618d0 JavaThread "Timer-1"                           [_thread_blocked, id=6028, stack(0x000000abde600000,0x000000abde700000) (1024K)]
  0x000002347905f170 JavaThread "WorkspaceEventsHandler"            [_thread_blocked, id=13608, stack(0x000000abde700000,0x000000abde800000) (1024K)]
  0x0000023476b07780 JavaThread "pool-1-thread-1"                   [_thread_blocked, id=19168, stack(0x000000abde800000,0x000000abde900000) (1024K)]
  0x0000023476b056b0 JavaThread "LocalFile Deleter"          daemon [_thread_blocked, id=4444, stack(0x000000abdea00000,0x000000abdeb00000) (1024K)]
  0x0000023476b07e10 JavaThread "LocalFile Deleter"          daemon [_thread_blocked, id=22276, stack(0x000000abdeb00000,0x000000abdec00000) (1024K)]
  0x0000023476b084a0 JavaThread "LocalFile Deleter"          daemon [_thread_blocked, id=23348, stack(0x000000abdec00000,0x000000abded00000) (1024K)]
  0x0000023476b08b30 JavaThread "LocalFile Deleter"          daemon [_thread_blocked, id=10020, stack(0x000000abded00000,0x000000abdee00000) (1024K)]
  0x0000023476b09ee0 JavaThread "LocalFile Deleter"          daemon [_thread_blocked, id=6868, stack(0x000000abdee00000,0x000000abdef00000) (1024K)]
  0x0000023476b091c0 JavaThread "LocalFile Deleter"          daemon [_thread_blocked, id=4840, stack(0x000000abdef00000,0x000000abdf000000) (1024K)]
  0x0000023476b070f0 JavaThread "LocalFile Deleter"          daemon [_thread_blocked, id=20004, stack(0x000000abdf000000,0x000000abdf100000) (1024K)]
  0x0000023476b0ccd0 JavaThread "LocalFile Deleter"          daemon [_thread_blocked, id=22124, stack(0x000000abdf100000,0x000000abdf200000) (1024K)]
  0x0000023476b0a570 JavaThread "LocalFile Deleter"          daemon [_thread_blocked, id=4380, stack(0x000000abdf200000,0x000000abdf300000) (1024K)]
  0x0000023476b0ac00 JavaThread "LocalFile Deleter"          daemon [_thread_blocked, id=17004, stack(0x000000abdf300000,0x000000abdf400000) (1024K)]
  0x0000023476b0b920 JavaThread "LocalFile Deleter"          daemon [_thread_blocked, id=22040, stack(0x000000abdf400000,0x000000abdf500000) (1024K)]
  0x0000023476b0b290 JavaThread "LocalFile Deleter"          daemon [_thread_blocked, id=7900, stack(0x000000abdf500000,0x000000abdf600000) (1024K)]
  0x0000023476b0bfb0 JavaThread "Compiler Source File Reader" daemon [_thread_blocked, id=23320, stack(0x000000abdf600000,0x000000abdf700000) (1024K)]
  0x0000023476b0c640 JavaThread "Compiler Source File Reader" daemon [_thread_blocked, id=20496, stack(0x000000abdf700000,0x000000abdf800000) (1024K)]
  0x0000023476b09850 JavaThread "Compiler Source File Reader" daemon [_thread_blocked, id=21332, stack(0x000000abdf800000,0x000000abdf900000) (1024K)]
  0x000002347e8a58f0 JavaThread "Compiler Source File Reader" daemon [_thread_blocked, id=8128, stack(0x000000abdf900000,0x000000abdfa00000) (1024K)]
  0x000002347e8a5260 JavaThread "Compiler Source File Reader" daemon [_thread_blocked, id=15808, stack(0x000000abdfa00000,0x000000abdfb00000) (1024K)]
  0x000002347e8a4bd0 JavaThread "Compiler Source File Reader" daemon [_thread_blocked, id=22188, stack(0x000000abdfb00000,0x000000abdfc00000) (1024K)]
  0x000002347e8a5f80 JavaThread "Compiler Source File Reader" daemon [_thread_blocked, id=12452, stack(0x000000abdfc00000,0x000000abdfd00000) (1024K)]
  0x000002347e8a6ca0 JavaThread "Compiler Source File Reader" daemon [_thread_blocked, id=22980, stack(0x000000abdfd00000,0x000000abdfe00000) (1024K)]
  0x000002347e8a9400 JavaThread "Compiler Source File Reader" daemon [_thread_blocked, id=15796, stack(0x000000abdfe00000,0x000000abdff00000) (1024K)]
  0x000002347e8a8050 JavaThread "Compiler Source File Reader" daemon [_thread_blocked, id=7696, stack(0x000000abdff00000,0x000000abe0000000) (1024K)]
  0x000002347e8a7330 JavaThread "ForkJoinPool.commonPool-worker-1" daemon [_thread_blocked, id=19648, stack(0x000000abe0000000,0x000000abe0100000) (1024K)]
  0x000002347e8a86e0 JavaThread "Compiler Processing Task"   daemon [_thread_blocked, id=5176, stack(0x000000abe0100000,0x000000abe0200000) (1024K)]
  0x000002347e8a9a90 JavaThread "Compiler Class File Writer" daemon [_thread_blocked, id=12396, stack(0x000000abe0200000,0x000000abe0300000) (1024K)]
  0x000002347e8a6610 JavaThread "Compiler Class File Writer" daemon [_thread_blocked, id=2592, stack(0x000000abe0300000,0x000000abe0400000) (1024K)]
  0x000002347e8aa120 JavaThread "Compiler Class File Writer" daemon [_thread_blocked, id=10916, stack(0x000000abe0400000,0x000000abe0500000) (1024K)]
  0x000002347e8aa7b0 JavaThread "Compiler Class File Writer" daemon [_thread_blocked, id=20236, stack(0x000000abe0500000,0x000000abe0600000) (1024K)]
  0x000002347e8aae40 JavaThread "Compiler Class File Writer" daemon [_thread_blocked, id=14360, stack(0x000000abe0600000,0x000000abe0700000) (1024K)]
  0x000002347e8a79c0 JavaThread "Compiler Class File Writer" daemon [_thread_blocked, id=192, stack(0x000000abde900000,0x000000abdea00000) (1024K)]
  0x000002347e8ab4d0 JavaThread "Timer-2"                           [_thread_blocked, id=23168, stack(0x000000abe0700000,0x000000abe0800000) (1024K)]
  0x000002347e8abb60 JavaThread "ProjectImportProgressReporter" daemon [_thread_blocked, id=14776, stack(0x000000abe0800000,0x000000abe0900000) (1024K)]
  0x000002347e8ac1f0 JavaThread "Timer-3"                           [_thread_blocked, id=14236, stack(0x000000abe0900000,0x000000abe0a00000) (1024K)]
  0x0000023476b05d40 JavaThread "Timer-4"                           [_thread_blocked, id=16596, stack(0x000000abe0a00000,0x000000abe0b00000) (1024K)]
  0x000002347a2c2790 JavaThread "Timer-5"                           [_thread_blocked, id=15380, stack(0x000000abe0b00000,0x000000abe0c00000) (1024K)]
  0x000002347a2c2e20 JavaThread "Timer-6"                           [_thread_blocked, id=6892, stack(0x000000abe0c00000,0x000000abe0d00000) (1024K)]
  0x000002347a2c34b0 JavaThread "Timer-7"                           [_thread_blocked, id=22316, stack(0x000000abe0d00000,0x000000abe0e00000) (1024K)]
=>0x0000023478dffa40 JavaThread "C2 CompilerThread1"         daemon [_thread_in_native, id=20808, stack(0x000000abdb900000,0x000000abdba00000) (1024K)]
  0x000002347a2c06c0 JavaThread "Timer-8"                           [_thread_blocked, id=22924, stack(0x000000abdbc00000,0x000000abdbd00000) (1024K)]
Total: 83

Other Threads:
  0x0000023415fa5be0 VMThread "VM Thread"                           [id=16124, stack(0x000000abdb000000,0x000000abdb100000) (1024K)]
  0x000002342e84ca10 WatcherThread "VM Periodic Task Thread"        [id=21240, stack(0x000000abdaf00000,0x000000abdb000000) (1024K)]
  0x0000023415f220f0 WorkerThread "GC Thread#0"                     [id=16792, stack(0x000000abdae00000,0x000000abdaf00000) (1024K)]
  0x0000023476607fc0 WorkerThread "GC Thread#1"                     [id=14060, stack(0x000000abdbd00000,0x000000abdbe00000) (1024K)]
  0x00000234765fa5b0 WorkerThread "GC Thread#2"                     [id=16452, stack(0x000000abdbe00000,0x000000abdbf00000) (1024K)]
  0x000002347606ac30 WorkerThread "GC Thread#3"                     [id=5404, stack(0x000000abdbf00000,0x000000abdc000000) (1024K)]
  0x000002347640b850 WorkerThread "GC Thread#4"                     [id=11324, stack(0x000000abdc000000,0x000000abdc100000) (1024K)]
  0x000002347640bc00 WorkerThread "GC Thread#5"                     [id=4668, stack(0x000000abdc100000,0x000000abdc200000) (1024K)]
  0x000002347640bfb0 WorkerThread "GC Thread#6"                     [id=17028, stack(0x000000abdc200000,0x000000abdc300000) (1024K)]
  0x00000234767ca7c0 WorkerThread "GC Thread#7"                     [id=14420, stack(0x000000abdc500000,0x000000abdc600000) (1024K)]
  0x0000023476ad5070 WorkerThread "GC Thread#8"                     [id=12896, stack(0x000000abdc800000,0x000000abdc900000) (1024K)]
  0x0000023476aac640 WorkerThread "GC Thread#9"                     [id=22400, stack(0x000000abdc900000,0x000000abdca00000) (1024K)]
Total: 12

Threads with active compile tasks:
C2 CompilerThread0  16321 9281       4       java.lang.invoke.MethodType::makeImpl (109 bytes)
C2 CompilerThread1  16321 9206       4       java.lang.invoke.MethodType::insertParameterTypes (121 bytes)
Total: 2

VM state: not at safepoint (normal execution)

VM Mutex/Monitor currently owned by a thread: None

Heap address: 0x0000000080000000, size: 2048 MB, Compressed Oops mode: 32-bit

CDS archive(s) mapped at: [0x000002342f000000-0x000002342fba0000-0x000002342fba0000), size 12189696, SharedBaseAddress: 0x000002342f000000, ArchiveRelocationMode: 1.
Compressed class space mapped at: 0x0000023430000000-0x0000023470000000, reserved size: 1073741824
Narrow klass base: 0x000002342f000000, Narrow klass shift: 0, Narrow klass range: 0x100000000

GC Precious Log:
 CardTable entry size: 512
 CPUs: 12 total, 12 available
 Memory: 7835M
 Large Page Support: Disabled
 NUMA Support: Disabled
 Compressed Oops: Enabled (32-bit)
 Alignments: Space 512K, Generation 512K, Heap 2M
 Heap Min Capacity: 100M
 Heap Initial Capacity: 100M
 Heap Max Capacity: 2G
 Pre-touch: Disabled
 Parallel Workers: 10

Heap:
 PSYoungGen      total 12800K, used 8060K [0x00000000d5580000, 0x00000000d6500000, 0x0000000100000000)
  eden space 11776K, 59% used [0x00000000d5580000,0x00000000d5c64e90,0x00000000d6100000)
  from space 1024K, 97% used [0x00000000d6100000,0x00000000d61fa4f8,0x00000000d6200000)
  to   space 2048K, 0% used [0x00000000d6300000,0x00000000d6300000,0x00000000d6500000)
 ParOldGen       total 78848K, used 78668K [0x0000000080000000, 0x0000000084d00000, 0x00000000d5580000)
  object space 78848K, 99% used [0x0000000080000000,0x0000000084cd3090,0x0000000084d00000)
 Metaspace       used 75545K, committed 77120K, reserved 1179648K
  class space    used 9381K, committed 10112K, reserved 1048576K

Card table byte_map: [0x0000023429cb0000,0x000002342a0c0000] _byte_map_base: 0x00000234298b0000

Marking Bits: (ParMarkBitMap*) 0x00007ffea5dd3450
 Begin Bits: [0x000002342a370000, 0x000002342c370000)
 End Bits:   [0x000002342c370000, 0x000002342e370000)

Polling page: 0x0000023415fd0000

Metaspace:

Usage:
  Non-class:     64.61 MB used.
      Class:      9.16 MB used.
       Both:     73.78 MB used.

Virtual space:
  Non-class space:      128.00 MB reserved,      65.44 MB ( 51%) committed,  2 nodes.
      Class space:        1.00 GB reserved,       9.88 MB ( <1%) committed,  1 nodes.
             Both:        1.12 GB reserved,      75.31 MB (  7%) committed. 

Chunk freelists:
   Non-Class:  14.26 MB
       Class:  5.97 MB
        Both:  20.22 MB

MaxMetaspaceSize: unlimited
CompressedClassSpaceSize: 1.00 GB
Initial GC threshold: 21.00 MB
Current GC threshold: 97.31 MB
CDS: on
 - commit_granule_bytes: 65536.
 - commit_granule_words: 8192.
 - virtual_space_node_default_size: 8388608.
 - enlarge_chunks_in_place: 1.
 - use_allocation_guard: 0.


Internal statistics:

num_allocs_failed_limit: 9.
num_arena_births: 1614.
num_arena_deaths: 14.
num_vsnodes_births: 3.
num_vsnodes_deaths: 0.
num_space_committed: 1205.
num_space_uncommitted: 0.
num_chunks_returned_to_freelist: 23.
num_chunks_taken_from_freelist: 5450.
num_chunk_merges: 9.
num_chunk_splits: 3225.
num_chunks_enlarged: 1553.
num_inconsistent_stats: 0.

CodeHeap 'non-profiled nmethods': size=120000Kb used=5543Kb max_used=5543Kb free=114456Kb
 bounds [0x00000234225a0000, 0x0000023422b10000, 0x0000023429ad0000]
CodeHeap 'profiled nmethods': size=120000Kb used=16674Kb max_used=16674Kb free=103325Kb
 bounds [0x000002341aad0000, 0x000002341bb20000, 0x0000023422000000]
CodeHeap 'non-nmethods': size=5760Kb used=1437Kb max_used=1488Kb free=4322Kb
 bounds [0x0000023422000000, 0x0000023422270000, 0x00000234225a0000]
CodeCache: size=245760Kb, used=23654Kb, max_used=23705Kb, free=222103Kb
 total_blobs=9171, nmethods=8418, adapters=659, full_count=0
Compilation: enabled, stopped_count=0, restarted_count=0

Compilation events (20 events):
Event: 15.269 Thread 0x0000023470dfeb20 nmethod 9276 0x000002341bb0af10 code [0x000002341bb0b0c0, 0x000002341bb0b310]
Event: 15.269 Thread 0x0000023470dfeb20 9277       3       java.lang.StackTraceElement::toString (298 bytes)
Event: 15.271 Thread 0x0000023470dfeb20 nmethod 9277 0x000002341bb0b410 code [0x000002341bb0b8c0, 0x000002341bb0d7f8]
Event: 15.271 Thread 0x0000023470dfeb20 9278       3       java.lang.StackTraceElement::dropClassLoaderName (16 bytes)
Event: 15.271 Thread 0x0000023470dfeb20 nmethod 9278 0x000002341bb0e390 code [0x000002341bb0e520, 0x000002341bb0e688]
Event: 15.271 Thread 0x0000023470dfeb20 9279       3       java.lang.Throwable$WrappedPrintWriter::println (9 bytes)
Event: 15.272 Thread 0x0000023470dfeb20 nmethod 9279 0x000002341bb0e710 code [0x000002341bb0e8c0, 0x000002341bb0ea18]
Event: 15.273 Thread 0x0000023470dfeb20 9282       1       org.eclipse.core.internal.resources.Rules::buildRule (5 bytes)
Event: 15.273 Thread 0x0000023470dfeb20 nmethod 9282 0x0000023422b05f90 code [0x0000023422b06120, 0x0000023422b061e8]
Event: 15.274 Thread 0x0000023470dfeb20 9283  s    1       org.eclipse.core.internal.resources.WorkManager::getPreparedOperationDepth (5 bytes)
Event: 15.274 Thread 0x0000023470dfeb20 nmethod 9283 0x0000023422b06290 code [0x0000023422b06420, 0x0000023422b065a8]
Event: 15.275 Thread 0x0000023470dfeb20 9284       1       java.util.Collections$SingletonSet::size (2 bytes)
Event: 15.275 Thread 0x0000023470dfeb20 nmethod 9284 0x0000023422b06610 code [0x0000023422b067a0, 0x0000023422b06868]
Event: 15.276 Thread 0x0000023470dfeb20 9285       3       java.io.Writer::write (11 bytes)
Event: 15.277 Thread 0x0000023470dfeb20 nmethod 9285 0x000002341bb0eb10 code [0x000002341bb0ece0, 0x000002341bb0efc0]
Event: 15.277 Thread 0x0000023470dfeb20 9286   !   3       java.io.PrintWriter::println (87 bytes)
Event: 15.279 Thread 0x0000023470dfeb20 nmethod 9286 0x000002341bb0f110 code [0x000002341bb0f4a0, 0x000002341bb10cc0]
Event: 15.279 Thread 0x0000023470dfeb20 9287       3       java.lang.StackTraceElement::equals (120 bytes)
Event: 15.280 Thread 0x0000023470dfeb20 nmethod 9287 0x000002341bb11610 code [0x000002341bb11880, 0x000002341bb12440]
Event: 15.282 Thread 0x0000023470dfeb20 9289       3       com.google.gson.stream.JsonWriter::replaceTop (13 bytes)

GC Heap History (20 events):
Event: 13.957 GC heap before
{Heap before GC invocations=79 (full 3):
 PSYoungGen      total 14336K, used 14177K [0x00000000d5580000, 0x00000000d6480000, 0x0000000100000000)
  eden space 13312K, 100% used [0x00000000d5580000,0x00000000d6280000,0x00000000d6280000)
  from space 1024K, 84% used [0x00000000d6280000,0x00000000d63586e8,0x00000000d6380000)
  to   space 1024K, 0% used [0x00000000d6380000,0x00000000d6380000,0x00000000d6480000)
 ParOldGen       total 76800K, used 76785K [0x0000000080000000, 0x0000000084b00000, 0x00000000d5580000)
  object space 76800K, 99% used [0x0000000080000000,0x0000000084afc5b8,0x0000000084b00000)
 Metaspace       used 72030K, committed 73472K, reserved 1114112K
  class space    used 8871K, committed 9536K, reserved 1048576K
}
Event: 13.958 GC heap after
{Heap after GC invocations=79 (full 3):
 PSYoungGen      total 14336K, used 952K [0x00000000d5580000, 0x00000000d6480000, 0x0000000100000000)
  eden space 13312K, 0% used [0x00000000d5580000,0x00000000d5580000,0x00000000d6280000)
  from space 1024K, 93% used [0x00000000d6380000,0x00000000d646e280,0x00000000d6480000)
  to   space 1024K, 0% used [0x00000000d6280000,0x00000000d6280000,0x00000000d6380000)
 ParOldGen       total 77312K, used 76865K [0x0000000080000000, 0x0000000084b80000, 0x00000000d5580000)
  object space 77312K, 99% used [0x0000000080000000,0x0000000084b105c8,0x0000000084b80000)
 Metaspace       used 72030K, committed 73472K, reserved 1114112K
  class space    used 8871K, committed 9536K, reserved 1048576K
}
Event: 14.019 GC heap before
{Heap before GC invocations=80 (full 3):
 PSYoungGen      total 14336K, used 14264K [0x00000000d5580000, 0x00000000d6480000, 0x0000000100000000)
  eden space 13312K, 100% used [0x00000000d5580000,0x00000000d6280000,0x00000000d6280000)
  from space 1024K, 93% used [0x00000000d6380000,0x00000000d646e280,0x00000000d6480000)
  to   space 1024K, 0% used [0x00000000d6280000,0x00000000d6280000,0x00000000d6380000)
 ParOldGen       total 77312K, used 76865K [0x0000000080000000, 0x0000000084b80000, 0x00000000d5580000)
  object space 77312K, 99% used [0x0000000080000000,0x0000000084b105c8,0x0000000084b80000)
 Metaspace       used 72030K, committed 73472K, reserved 1114112K
  class space    used 8871K, committed 9536K, reserved 1048576K
}
Event: 14.020 GC heap after
{Heap after GC invocations=80 (full 3):
 PSYoungGen      total 14336K, used 320K [0x00000000d5580000, 0x00000000d6480000, 0x0000000100000000)
  eden space 13312K, 0% used [0x00000000d5580000,0x00000000d5580000,0x00000000d6280000)
  from space 1024K, 31% used [0x00000000d6280000,0x00000000d62d0000,0x00000000d6380000)
  to   space 1024K, 0% used [0x00000000d6380000,0x00000000d6380000,0x00000000d6480000)
 ParOldGen       total 77312K, used 77047K [0x0000000080000000, 0x0000000084b80000, 0x00000000d5580000)
  object space 77312K, 99% used [0x0000000080000000,0x0000000084b3dfe8,0x0000000084b80000)
 Metaspace       used 72030K, committed 73472K, reserved 1114112K
  class space    used 8871K, committed 9536K, reserved 1048576K
}
Event: 14.085 GC heap before
{Heap before GC invocations=81 (full 3):
 PSYoungGen      total 14336K, used 13632K [0x00000000d5580000, 0x00000000d6480000, 0x0000000100000000)
  eden space 13312K, 100% used [0x00000000d5580000,0x00000000d6280000,0x00000000d6280000)
  from space 1024K, 31% used [0x00000000d6280000,0x00000000d62d0000,0x00000000d6380000)
  to   space 1024K, 0% used [0x00000000d6380000,0x00000000d6380000,0x00000000d6480000)
 ParOldGen       total 77312K, used 77047K [0x0000000080000000, 0x0000000084b80000, 0x00000000d5580000)
  object space 77312K, 99% used [0x0000000080000000,0x0000000084b3dfe8,0x0000000084b80000)
 Metaspace       used 72030K, committed 73472K, reserved 1114112K
  class space    used 8871K, committed 9536K, reserved 1048576K
}
Event: 14.086 GC heap after
{Heap after GC invocations=81 (full 3):
 PSYoungGen      total 13824K, used 1010K [0x00000000d5580000, 0x00000000d6580000, 0x0000000100000000)
  eden space 12800K, 0% used [0x00000000d5580000,0x00000000d5580000,0x00000000d6200000)
  from space 1024K, 98% used [0x00000000d6380000,0x00000000d647c848,0x00000000d6480000)
  to   space 1536K, 0% used [0x00000000d6200000,0x00000000d6200000,0x00000000d6380000)
 ParOldGen       total 77824K, used 77380K [0x0000000080000000, 0x0000000084c00000, 0x00000000d5580000)
  object space 77824K, 99% used [0x0000000080000000,0x0000000084b91078,0x0000000084c00000)
 Metaspace       used 72030K, committed 73472K, reserved 1114112K
  class space    used 8871K, committed 9536K, reserved 1048576K
}
Event: 14.150 GC heap before
{Heap before GC invocations=82 (full 3):
 PSYoungGen      total 13824K, used 13810K [0x00000000d5580000, 0x00000000d6580000, 0x0000000100000000)
  eden space 12800K, 100% used [0x00000000d5580000,0x00000000d6200000,0x00000000d6200000)
  from space 1024K, 98% used [0x00000000d6380000,0x00000000d647c848,0x00000000d6480000)
  to   space 1536K, 0% used [0x00000000d6200000,0x00000000d6200000,0x00000000d6380000)
 ParOldGen       total 77824K, used 77380K [0x0000000080000000, 0x0000000084c00000, 0x00000000d5580000)
  object space 77824K, 99% used [0x0000000080000000,0x0000000084b91078,0x0000000084c00000)
 Metaspace       used 72031K, committed 73472K, reserved 1114112K
  class space    used 8871K, committed 9536K, reserved 1048576K
}
Event: 14.151 GC heap after
{Heap after GC invocations=82 (full 3):
 PSYoungGen      total 13312K, used 288K [0x00000000d5580000, 0x00000000d6400000, 0x0000000100000000)
  eden space 12800K, 0% used [0x00000000d5580000,0x00000000d5580000,0x00000000d6200000)
  from space 512K, 56% used [0x00000000d6200000,0x00000000d6248000,0x00000000d6280000)
  to   space 1024K, 0% used [0x00000000d6300000,0x00000000d6300000,0x00000000d6400000)
 ParOldGen       total 77824K, used 77460K [0x0000000080000000, 0x0000000084c00000, 0x00000000d5580000)
  object space 77824K, 99% used [0x0000000080000000,0x0000000084ba5078,0x0000000084c00000)
 Metaspace       used 72031K, committed 73472K, reserved 1114112K
  class space    used 8871K, committed 9536K, reserved 1048576K
}
Event: 14.200 GC heap before
{Heap before GC invocations=83 (full 3):
 PSYoungGen      total 13312K, used 13088K [0x00000000d5580000, 0x00000000d6400000, 0x0000000100000000)
  eden space 12800K, 100% used [0x00000000d5580000,0x00000000d6200000,0x00000000d6200000)
  from space 512K, 56% used [0x00000000d6200000,0x00000000d6248000,0x00000000d6280000)
  to   space 1024K, 0% used [0x00000000d6300000,0x00000000d6300000,0x00000000d6400000)
 ParOldGen       total 77824K, used 77460K [0x0000000080000000, 0x0000000084c00000, 0x00000000d5580000)
  object space 77824K, 99% used [0x0000000080000000,0x0000000084ba5078,0x0000000084c00000)
 Metaspace       used 72031K, committed 73472K, reserved 1114112K
  class space    used 8871K, committed 9536K, reserved 1048576K
}
Event: 14.201 GC heap after
{Heap after GC invocations=83 (full 3):
 PSYoungGen      total 13312K, used 1023K [0x00000000d5580000, 0x00000000d6500000, 0x0000000100000000)
  eden space 12288K, 0% used [0x00000000d5580000,0x00000000d5580000,0x00000000d6180000)
  from space 1024K, 99% used [0x00000000d6300000,0x00000000d63ffca0,0x00000000d6400000)
  to   space 1536K, 0% used [0x00000000d6180000,0x00000000d6180000,0x00000000d6300000)
 ParOldGen       total 77824K, used 77717K [0x0000000080000000, 0x0000000084c00000, 0x00000000d5580000)
  object space 77824K, 99% used [0x0000000080000000,0x0000000084be5770,0x0000000084c00000)
 Metaspace       used 72031K, committed 73472K, reserved 1114112K
  class space    used 8871K, committed 9536K, reserved 1048576K
}
Event: 14.256 GC heap before
{Heap before GC invocations=84 (full 3):
 PSYoungGen      total 13312K, used 13311K [0x00000000d5580000, 0x00000000d6500000, 0x0000000100000000)
  eden space 12288K, 100% used [0x00000000d5580000,0x00000000d6180000,0x00000000d6180000)
  from space 1024K, 99% used [0x00000000d6300000,0x00000000d63ffca0,0x00000000d6400000)
  to   space 1536K, 0% used [0x00000000d6180000,0x00000000d6180000,0x00000000d6300000)
 ParOldGen       total 77824K, used 77717K [0x0000000080000000, 0x0000000084c00000, 0x00000000d5580000)
  object space 77824K, 99% used [0x0000000080000000,0x0000000084be5770,0x0000000084c00000)
 Metaspace       used 72031K, committed 73472K, reserved 1114112K
  class space    used 8871K, committed 9536K, reserved 1048576K
}
Event: 14.256 GC heap after
{Heap after GC invocations=84 (full 3):
 PSYoungGen      total 12800K, used 320K [0x00000000d5580000, 0x00000000d6380000, 0x0000000100000000)
  eden space 12288K, 0% used [0x00000000d5580000,0x00000000d5580000,0x00000000d6180000)
  from space 512K, 62% used [0x00000000d6180000,0x00000000d61d0000,0x00000000d6200000)
  to   space 1024K, 0% used [0x00000000d6280000,0x00000000d6280000,0x00000000d6380000)
 ParOldGen       total 77824K, used 77797K [0x0000000080000000, 0x0000000084c00000, 0x00000000d5580000)
  object space 77824K, 99% used [0x0000000080000000,0x0000000084bf9770,0x0000000084c00000)
 Metaspace       used 72031K, committed 73472K, reserved 1114112K
  class space    used 8871K, committed 9536K, reserved 1048576K
}
Event: 14.303 GC heap before
{Heap before GC invocations=85 (full 3):
 PSYoungGen      total 12800K, used 12608K [0x00000000d5580000, 0x00000000d6380000, 0x0000000100000000)
  eden space 12288K, 100% used [0x00000000d5580000,0x00000000d6180000,0x00000000d6180000)
  from space 512K, 62% used [0x00000000d6180000,0x00000000d61d0000,0x00000000d6200000)
  to   space 1024K, 0% used [0x00000000d6280000,0x00000000d6280000,0x00000000d6380000)
 ParOldGen       total 77824K, used 77797K [0x0000000080000000, 0x0000000084c00000, 0x00000000d5580000)
  object space 77824K, 99% used [0x0000000080000000,0x0000000084bf9770,0x0000000084c00000)
 Metaspace       used 72031K, committed 73472K, reserved 1114112K
  class space    used 8871K, committed 9536K, reserved 1048576K
}
Event: 14.304 GC heap after
{Heap after GC invocations=85 (full 3):
 PSYoungGen      total 12800K, used 999K [0x00000000d5580000, 0x00000000d6480000, 0x0000000100000000)
  eden space 11776K, 0% used [0x00000000d5580000,0x00000000d5580000,0x00000000d6100000)
  from space 1024K, 97% used [0x00000000d6280000,0x00000000d6379e58,0x00000000d6380000)
  to   space 1536K, 0% used [0x00000000d6100000,0x00000000d6100000,0x00000000d6280000)
 ParOldGen       total 78336K, used 77925K [0x0000000080000000, 0x0000000084c80000, 0x00000000d5580000)
  object space 78336K, 99% used [0x0000000080000000,0x0000000084c194e0,0x0000000084c80000)
 Metaspace       used 72031K, committed 73472K, reserved 1114112K
  class space    used 8871K, committed 9536K, reserved 1048576K
}
Event: 14.416 GC heap before
{Heap before GC invocations=86 (full 3):
 PSYoungGen      total 12800K, used 12775K [0x00000000d5580000, 0x00000000d6480000, 0x0000000100000000)
  eden space 11776K, 100% used [0x00000000d5580000,0x00000000d6100000,0x00000000d6100000)
  from space 1024K, 97% used [0x00000000d6280000,0x00000000d6379e58,0x00000000d6380000)
  to   space 1536K, 0% used [0x00000000d6100000,0x00000000d6100000,0x00000000d6280000)
 ParOldGen       total 78336K, used 77925K [0x0000000080000000, 0x0000000084c80000, 0x00000000d5580000)
  object space 78336K, 99% used [0x0000000080000000,0x0000000084c194e0,0x0000000084c80000)
 Metaspace       used 72714K, committed 74176K, reserved 1114112K
  class space    used 8957K, committed 9600K, reserved 1048576K
}
Event: 14.417 GC heap after
{Heap after GC invocations=86 (full 3):
 PSYoungGen      total 12288K, used 368K [0x00000000d5580000, 0x00000000d6300000, 0x0000000100000000)
  eden space 11776K, 0% used [0x00000000d5580000,0x00000000d5580000,0x00000000d6100000)
  from space 512K, 71% used [0x00000000d6100000,0x00000000d615c010,0x00000000d6180000)
  to   space 1024K, 0% used [0x00000000d6200000,0x00000000d6200000,0x00000000d6300000)
 ParOldGen       total 78336K, used 77997K [0x0000000080000000, 0x0000000084c80000, 0x00000000d5580000)
  object space 78336K, 99% used [0x0000000080000000,0x0000000084c2b4e0,0x0000000084c80000)
 Metaspace       used 72714K, committed 74176K, reserved 1114112K
  class space    used 8957K, committed 9600K, reserved 1048576K
}
Event: 14.612 GC heap before
{Heap before GC invocations=87 (full 3):
 PSYoungGen      total 12288K, used 12144K [0x00000000d5580000, 0x00000000d6300000, 0x0000000100000000)
  eden space 11776K, 100% used [0x00000000d5580000,0x00000000d6100000,0x00000000d6100000)
  from space 512K, 71% used [0x00000000d6100000,0x00000000d615c010,0x00000000d6180000)
  to   space 1024K, 0% used [0x00000000d6200000,0x00000000d6200000,0x00000000d6300000)
 ParOldGen       total 78336K, used 77997K [0x0000000080000000, 0x0000000084c80000, 0x00000000d5580000)
  object space 78336K, 99% used [0x0000000080000000,0x0000000084c2b4e0,0x0000000084c80000)
 Metaspace       used 73885K, committed 75392K, reserved 1179648K
  class space    used 9156K, committed 9856K, reserved 1048576K
}
Event: 14.613 GC heap after
{Heap after GC invocations=87 (full 3):
 PSYoungGen      total 12800K, used 512K [0x00000000d5580000, 0x00000000d6300000, 0x0000000100000000)
  eden space 11776K, 0% used [0x00000000d5580000,0x00000000d5580000,0x00000000d6100000)
  from space 1024K, 50% used [0x00000000d6200000,0x00000000d6280000,0x00000000d6300000)
  to   space 1024K, 0% used [0x00000000d6100000,0x00000000d6100000,0x00000000d6200000)
 ParOldGen       total 78336K, used 78269K [0x0000000080000000, 0x0000000084c80000, 0x00000000d5580000)
  object space 78336K, 99% used [0x0000000080000000,0x0000000084c6f510,0x0000000084c80000)
 Metaspace       used 73885K, committed 75392K, reserved 1179648K
  class space    used 9156K, committed 9856K, reserved 1048576K
}
Event: 15.128 GC heap before
{Heap before GC invocations=88 (full 3):
 PSYoungGen      total 12800K, used 12288K [0x00000000d5580000, 0x00000000d6300000, 0x0000000100000000)
  eden space 11776K, 100% used [0x00000000d5580000,0x00000000d6100000,0x00000000d6100000)
  from space 1024K, 50% used [0x00000000d6200000,0x00000000d6280000,0x00000000d6300000)
  to   space 1024K, 0% used [0x00000000d6100000,0x00000000d6100000,0x00000000d6200000)
 ParOldGen       total 78336K, used 78269K [0x0000000080000000, 0x0000000084c80000, 0x00000000d5580000)
  object space 78336K, 99% used [0x0000000080000000,0x0000000084c6f510,0x0000000084c80000)
 Metaspace       used 75152K, committed 76736K, reserved 1179648K
  class space    used 9343K, committed 10048K, reserved 1048576K
}
Event: 15.130 GC heap after
{Heap after GC invocations=88 (full 3):
 PSYoungGen      total 12800K, used 1001K [0x00000000d5580000, 0x00000000d6500000, 0x0000000100000000)
  eden space 11776K, 0% used [0x00000000d5580000,0x00000000d5580000,0x00000000d6100000)
  from space 1024K, 97% used [0x00000000d6100000,0x00000000d61fa4f8,0x00000000d6200000)
  to   space 2048K, 0% used [0x00000000d6300000,0x00000000d6300000,0x00000000d6500000)
 ParOldGen       total 78848K, used 78668K [0x0000000080000000, 0x0000000084d00000, 0x00000000d5580000)
  object space 78848K, 99% used [0x0000000080000000,0x0000000084cd3090,0x0000000084d00000)
 Metaspace       used 75152K, committed 76736K, reserved 1179648K
  class space    used 9343K, committed 10048K, reserved 1048576K
}

Dll operation events (15 events):
Event: 0.015 Loaded shared library c:\Users\HP\.antigravity\extensions\redhat.java-1.54.0-win32-x64\jre\21.0.10-win32-x86_64\bin\java.dll
Event: 0.084 Loaded shared library c:\Users\HP\.antigravity\extensions\redhat.java-1.54.0-win32-x64\jre\21.0.10-win32-x86_64\bin\zip.dll
Event: 0.104 Loaded shared library C:\Users\HP\.antigravity\extensions\redhat.java-1.54.0-win32-x64\jre\21.0.10-win32-x86_64\bin\instrument.dll
Event: 0.109 Loaded shared library C:\Users\HP\.antigravity\extensions\redhat.java-1.54.0-win32-x64\jre\21.0.10-win32-x86_64\bin\net.dll
Event: 0.112 Loaded shared library C:\Users\HP\.antigravity\extensions\redhat.java-1.54.0-win32-x64\jre\21.0.10-win32-x86_64\bin\nio.dll
Event: 0.117 Loaded shared library C:\Users\HP\.antigravity\extensions\redhat.java-1.54.0-win32-x64\jre\21.0.10-win32-x86_64\bin\zip.dll
Event: 0.141 Loaded shared library C:\Users\HP\.antigravity\extensions\redhat.java-1.54.0-win32-x64\jre\21.0.10-win32-x86_64\bin\jimage.dll
Event: 0.241 Loaded shared library c:\Users\HP\.antigravity\extensions\redhat.java-1.54.0-win32-x64\jre\21.0.10-win32-x86_64\bin\verify.dll
Event: 1.368 Loaded shared library C:\Users\HP\AppData\Roaming\Antigravity\User\globalStorage\redhat.java\1.54.0\config_win\org.eclipse.equinox.launcher\org.eclipse.equinox.launcher.win32.win32.x86_64_1.3.0.v20260203-2149\eclipse_11919.dll
Event: 2.573 Loaded shared library C:\Users\HP\AppData\Local\Temp\jna-2312\jna9760532018445706947.dll
Event: 7.048 Loaded shared library C:\Users\HP\.gradle\native\1def1411415f61bf3af743bc5b6707747c0891f09f0c88961ee8f79bc544acac\windows-amd64\native-platform.dll
Event: 11.152 Loaded shared library C:\Users\HP\.antigravity\extensions\redhat.java-1.54.0-win32-x64\jre\21.0.10-win32-x86_64\bin\management.dll
Event: 11.161 Loaded shared library C:\Users\HP\.antigravity\extensions\redhat.java-1.54.0-win32-x64\jre\21.0.10-win32-x86_64\bin\management_ext.dll
Event: 14.406 Loaded shared library C:\Users\HP\.antigravity\extensions\redhat.java-1.54.0-win32-x64\jre\21.0.10-win32-x86_64\bin\extnet.dll
Event: 14.731 Loaded shared library C:\Users\HP\.antigravity\extensions\redhat.java-1.54.0-win32-x64\jre\21.0.10-win32-x86_64\bin\sunmscapi.dll

Deoptimization events (20 events):
Event: 15.215 Thread 0x000002347a2c06c0 DEOPT PACKING pc=0x0000023422880038 sp=0x000000abe0efcc10
Event: 15.215 Thread 0x000002347a2c06c0 DEOPT UNPACKING pc=0x0000023422053aa2 sp=0x000000abe0efcbe0 mode 2
Event: 15.215 Thread 0x000002347a2c06c0 Uncommon trap: trap_request=0xffffffde fr.pc=0x0000023422880038 relative=0x0000000000000738
Event: 15.215 Thread 0x000002347a2c06c0 Uncommon trap: reason=class_check action=maybe_recompile pc=0x0000023422880038 method=java.lang.ClassLoader.getPackage(Ljava/lang/String;)Ljava/lang/Package; @ 22 c2
Event: 15.215 Thread 0x000002347a2c06c0 DEOPT PACKING pc=0x0000023422880038 sp=0x000000abe0efcb30
Event: 15.215 Thread 0x000002347a2c06c0 DEOPT UNPACKING pc=0x0000023422053aa2 sp=0x000000abe0efcb00 mode 2
Event: 15.216 Thread 0x000002347a2c06c0 Uncommon trap: trap_request=0xffffff45 fr.pc=0x0000023422a9b4e4 relative=0x0000000000000764
Event: 15.216 Thread 0x000002347a2c06c0 Uncommon trap: reason=unstable_if action=reinterpret pc=0x0000023422a9b4e4 method=java.net.URL.toURI()Ljava/net/URI; @ 16 c2
Event: 15.216 Thread 0x000002347a2c06c0 DEOPT PACKING pc=0x0000023422a9b4e4 sp=0x000000abe0efb2e0
Event: 15.216 Thread 0x000002347a2c06c0 DEOPT UNPACKING pc=0x0000023422053aa2 sp=0x000000abe0efb2c0 mode 2
Event: 15.219 Thread 0x000002347a2c06c0 Uncommon trap: trap_request=0xffffffde fr.pc=0x0000023422880038 relative=0x0000000000000738
Event: 15.219 Thread 0x000002347a2c06c0 Uncommon trap: reason=class_check action=maybe_recompile pc=0x0000023422880038 method=java.lang.ClassLoader.getPackage(Ljava/lang/String;)Ljava/lang/Package; @ 22 c2
Event: 15.219 Thread 0x000002347a2c06c0 DEOPT PACKING pc=0x0000023422880038 sp=0x000000abe0ef9fe0
Event: 15.219 Thread 0x000002347a2c06c0 DEOPT UNPACKING pc=0x0000023422053aa2 sp=0x000000abe0ef9fb0 mode 2
Event: 15.225 Thread 0x000002347a2c06c0 DEOPT PACKING pc=0x000002341b9afbb9 sp=0x000000abe0efc9d0
Event: 15.225 Thread 0x000002347a2c06c0 DEOPT UNPACKING pc=0x0000023422054242 sp=0x000000abe0efbed0 mode 0
Event: 15.228 Thread 0x000002347a2c06c0 Uncommon trap: trap_request=0xffffff45 fr.pc=0x0000023422afeea0 relative=0x0000000000001c40
Event: 15.228 Thread 0x000002347a2c06c0 Uncommon trap: reason=unstable_if action=reinterpret pc=0x0000023422afeea0 method=java.io.ObjectInputStream.readObject0(Ljava/lang/Class;Z)Ljava/lang/Object; @ 113 c2
Event: 15.228 Thread 0x000002347a2c06c0 DEOPT PACKING pc=0x0000023422afeea0 sp=0x000000abe0efd110
Event: 15.228 Thread 0x000002347a2c06c0 DEOPT UNPACKING pc=0x0000023422053aa2 sp=0x000000abe0efd148 mode 2

Classes loaded (20 events):
Event: 14.767 Loading class sun/nio/ch/SelectionKeyImpl
Event: 14.767 Loading class java/nio/channels/spi/AbstractSelectionKey
Event: 14.767 Loading class java/nio/channels/SelectionKey
Event: 14.767 Loading class java/nio/channels/SelectionKey done
Event: 14.767 Loading class java/nio/channels/spi/AbstractSelectionKey done
Event: 14.767 Loading class sun/nio/ch/SelectionKeyImpl done
Event: 14.768 Loading class java/lang/invoke/ConstantBootstraps
Event: 14.768 Loading class java/lang/invoke/ConstantBootstraps done
Event: 14.816 Loading class java/nio/channels/spi/AbstractSelector$1
Event: 14.816 Loading class java/nio/channels/spi/AbstractSelector$1 done
Event: 14.837 Loading class java/util/concurrent/Executors$AutoShutdownDelegatedExecutorService
Event: 14.837 Loading class java/util/concurrent/Executors$AutoShutdownDelegatedExecutorService done
Event: 14.842 Loading class java/lang/UnsupportedClassVersionError
Event: 14.843 Loading class java/lang/UnsupportedClassVersionError done
Event: 15.090 Loading class java/net/Proxy
Event: 15.090 Loading class java/net/Proxy done
Event: 15.106 Loading class java/util/concurrent/ConcurrentLinkedQueue$Itr
Event: 15.107 Loading class java/util/concurrent/ConcurrentLinkedQueue$Itr done
Event: 15.268 Loading class sun/misc/SharedSecrets
Event: 15.268 Loading class sun/misc/SharedSecrets done

Classes unloaded (7 events):
Event: 3.020 Thread 0x0000023415fa5be0 Unloading class 0x00000234301a4c00 'java/lang/invoke/LambdaForm$MH+0x00000234301a4c00'
Event: 3.020 Thread 0x0000023415fa5be0 Unloading class 0x00000234301a4800 'java/lang/invoke/LambdaForm$MH+0x00000234301a4800'
Event: 3.020 Thread 0x0000023415fa5be0 Unloading class 0x00000234301a4400 'java/lang/invoke/LambdaForm$MH+0x00000234301a4400'
Event: 3.020 Thread 0x0000023415fa5be0 Unloading class 0x00000234301a4000 'java/lang/invoke/LambdaForm$MH+0x00000234301a4000'
Event: 3.020 Thread 0x0000023415fa5be0 Unloading class 0x00000234301a3c00 'java/lang/invoke/LambdaForm$BMH+0x00000234301a3c00'
Event: 3.020 Thread 0x0000023415fa5be0 Unloading class 0x00000234301a3800 'java/lang/invoke/LambdaForm$DMH+0x00000234301a3800'
Event: 3.020 Thread 0x0000023415fa5be0 Unloading class 0x00000234301a2400 'java/lang/invoke/LambdaForm$DMH+0x00000234301a2400'

Classes redefined (0 events):
No events

Internal exceptions (20 events):
Event: 14.850 Thread 0x000002347a2c06c0 Exception <a 'java/lang/NoSuchMethodError'{0x00000000d5cee2e0}: static Lorg/gradle/internal/build/event/types/DefaultOperationStartedProgressEvent;.<clinit>()V> (0x00000000d5cee2e0) 
thrown [s\src\hotspot\share\prims\jni.cpp, line 1111]
Event: 14.854 Thread 0x000002347a2c06c0 Exception <a 'java/lang/NoSuchMethodError'{0x00000000d5d042d8}: static Lorg/gradle/internal/build/event/types/DefaultOperationDescriptor;.<clinit>()V> (0x00000000d5d042d8) 
thrown [s\src\hotspot\share\prims\jni.cpp, line 1111]
Event: 14.855 Thread 0x000002347a2c06c0 Exception <a 'java/lang/NoSuchMethodError'{0x00000000d5d12db0}: static Lorg/gradle/internal/operations/OperationIdentifier;.<clinit>()V> (0x00000000d5d12db0) 
thrown [s\src\hotspot\share\prims\jni.cpp, line 1111]
Event: 14.875 Thread 0x000002347a2c06c0 Exception <a 'java/lang/NoSuchMethodError'{0x00000000d5d5e500}: static Lorg/gradle/internal/build/event/types/DefaultOperationFinishedProgressEvent;.<clinit>()V> (0x00000000d5d5e500) 
thrown [s\src\hotspot\share\prims\jni.cpp, line 1111]
Event: 14.878 Thread 0x000002347a2c06c0 Exception <a 'java/lang/NoSuchMethodError'{0x00000000d5d74ea8}: static Lorg/gradle/internal/build/event/types/AbstractResult;.<clinit>()V> (0x00000000d5d74ea8) 
thrown [s\src\hotspot\share\prims\jni.cpp, line 1111]
Event: 14.878 Thread 0x000002347a2c06c0 Exception <a 'java/lang/NoSuchMethodError'{0x00000000d5d82ba8}: static Lorg/gradle/internal/build/event/types/AbstractOperationResult;.<clinit>()V> (0x00000000d5d82ba8) 
thrown [s\src\hotspot\share\prims\jni.cpp, line 1111]
Event: 14.879 Thread 0x000002347a2c06c0 Exception <a 'java/lang/NoSuchMethodError'{0x00000000d5d90bd8}: static Lorg/gradle/internal/build/event/types/DefaultSuccessResult;.<clinit>()V> (0x00000000d5d90bd8) 
thrown [s\src\hotspot\share\prims\jni.cpp, line 1111]
Event: 15.027 Thread 0x000002347a2c06c0 Exception <a 'java/lang/NoSuchMethodError'{0x00000000d5dde998}: static Lorg/gradle/internal/build/event/types/DefaultFailureResult;.<clinit>()V> (0x00000000d5dde998) 
thrown [s\src\hotspot\share\prims\jni.cpp, line 1111]
Event: 15.032 Thread 0x000002347a2c06c0 Exception <a 'java/lang/NoSuchMethodError'{0x00000000d5e18790}: static Lorg/gradle/internal/build/event/types/DefaultFailure;.<clinit>()V> (0x00000000d5e18790) 
thrown [s\src\hotspot\share\prims\jni.cpp, line 1111]
Event: 15.050 Thread 0x000002347a2c06c0 Exception <a 'java/lang/NoSuchMethodError'{0x00000000d5ed40c8}: static Lorg/gradle/internal/build/event/types/DefaultRootOperationDescriptor;.<clinit>()V> (0x00000000d5ed40c8) 
thrown [s\src\hotspot\share\prims\jni.cpp, line 1111]
Event: 15.089 Thread 0x000002347a2c06c0 Exception <a 'java/lang/NoSuchMethodError'{0x00000000d5f00c40}: static Lorg/gradle/internal/classloader/ClassLoaderSpec;.<clinit>()V> (0x00000000d5f00c40) 
thrown [s\src\hotspot\share\prims\jni.cpp, line 1111]
Event: 15.090 Thread 0x000002347a2c06c0 Exception <a 'java/lang/NoSuchMethodError'{0x00000000d5f12560}: static Lorg/gradle/internal/classloader/VisitableURLClassLoader$Spec;.<clinit>()V> (0x00000000d5f12560) 
thrown [s\src\hotspot\share\prims\jni.cpp, line 1111]
Event: 15.117 Thread 0x000002347a2c06c0 Exception <a 'java/lang/NoSuchMethodError'{0x00000000d600ef18}: static [B.<clinit>()V> (0x00000000d600ef18) 
thrown [s\src\hotspot\share\prims\jni.cpp, line 1111]
Event: 15.125 Thread 0x000002347a2c06c0 Exception <a 'java/lang/NoSuchMethodError'{0x00000000d60c6168}: static [Ljava/lang/StackTraceElement;.<clinit>()V> (0x00000000d60c6168) 
thrown [s\src\hotspot\share\prims\jni.cpp, line 1111]
Event: 15.224 Thread 0x000002347a2c06c0 Exception <a 'java/lang/NoSuchMethodError'{0x00000000d5806ed8}: static Lorg/gradle/api/GradleException;.<clinit>()V> (0x00000000d5806ed8) 
thrown [s\src\hotspot\share\prims\jni.cpp, line 1111]
Event: 15.224 Thread 0x000002347a2c06c0 Exception <a 'java/lang/NoSuchMethodError'{0x00000000d5808458}: static Lorg/gradle/internal/exceptions/ContextAwareException;.<clinit>()V> (0x00000000d5808458) 
thrown [s\src\hotspot\share\prims\jni.cpp, line 1111]
Event: 15.225 Thread 0x000002347a2c06c0 Exception <a 'java/lang/NoSuchMethodError'{0x00000000d580a828}: static Lorg/gradle/internal/exceptions/LocationAwareException;.<clinit>()V> (0x00000000d580a828) 
thrown [s\src\hotspot\share\prims\jni.cpp, line 1111]
Event: 15.233 Thread 0x000002347a2c06c0 Exception <a 'java/lang/NoSuchMethodError'{0x00000000d5866340}: static Lorg/gradle/tooling/internal/protocol/InternalBuildActionFailureException;.<clinit>()V> (0x00000000d5866340) 
thrown [s\src\hotspot\share\prims\jni.cpp, line 1111]
Event: 15.268 Thread 0x000002347905afd0 Exception <a 'java/lang/ClassNotFoundException'{0x00000000d5998070}: sun/misc/SharedSecrets> (0x00000000d5998070) 
thrown [s\src\hotspot\share\classfile\systemDictionary.cpp, line 312]
Event: 15.271 Thread 0x000002347905afd0 Exception <a 'java/lang/NoSuchMethodError'{0x00000000d5a02480}: 'void java.lang.invoke.DirectMethodHandle$Holder.invokeSpecialIFC(java.lang.Object, java.lang.Object, java.lang.Object, java.lang.Object)'> (0x00000000d5a02480) 
thrown [s\src\hotspot\share\interpreter\linkResolver.cpp, line 773]

ZGC Phase Switch (0 events):
No events

VM Operations (20 events):
Event: 14.086 Executing safepoint VM operation: ParallelGCFailedAllocation (Allocation Failure) done
Event: 14.150 Executing safepoint VM operation: ParallelGCFailedAllocation (Allocation Failure)
Event: 14.151 Executing safepoint VM operation: ParallelGCFailedAllocation (Allocation Failure) done
Event: 14.200 Executing safepoint VM operation: ParallelGCFailedAllocation (Allocation Failure)
Event: 14.201 Executing safepoint VM operation: ParallelGCFailedAllocation (Allocation Failure) done
Event: 14.256 Executing safepoint VM operation: ParallelGCFailedAllocation (Allocation Failure)
Event: 14.256 Executing safepoint VM operation: ParallelGCFailedAllocation (Allocation Failure) done
Event: 14.303 Executing safepoint VM operation: ParallelGCFailedAllocation (Allocation Failure)
Event: 14.304 Executing safepoint VM operation: ParallelGCFailedAllocation (Allocation Failure) done
Event: 14.416 Executing safepoint VM operation: ParallelGCFailedAllocation (Allocation Failure)
Event: 14.417 Executing safepoint VM operation: ParallelGCFailedAllocation (Allocation Failure) done
Event: 14.551 Executing non-safepoint VM operation: HandshakeAllThreads (Deoptimize)
Event: 14.551 Executing non-safepoint VM operation: HandshakeAllThreads (Deoptimize) done
Event: 14.612 Executing safepoint VM operation: ParallelGCFailedAllocation (Allocation Failure)
Event: 14.613 Executing safepoint VM operation: ParallelGCFailedAllocation (Allocation Failure) done
Event: 14.706 Executing non-safepoint VM operation: HandshakeAllThreads (Deoptimize)
Event: 14.706 Executing non-safepoint VM operation: HandshakeAllThreads (Deoptimize) done
Event: 15.128 Executing safepoint VM operation: ParallelGCFailedAllocation (Allocation Failure)
Event: 15.130 Executing safepoint VM operation: ParallelGCFailedAllocation (Allocation Failure) done
Event: 16.131 Executing safepoint VM operation: Cleanup

Memory protections (0 events):
No events

Nmethod flushes (20 events):
Event: 9.950 Thread 0x0000023415fa5be0 flushing  nmethod 0x000002341b272310
Event: 9.950 Thread 0x0000023415fa5be0 flushing  nmethod 0x000002341b273110
Event: 9.950 Thread 0x0000023415fa5be0 flushing  nmethod 0x000002341b273a10
Event: 9.950 Thread 0x0000023415fa5be0 flushing  nmethod 0x000002341b275610
Event: 9.950 Thread 0x0000023415fa5be0 flushing  nmethod 0x000002341b282a10
Event: 9.950 Thread 0x0000023415fa5be0 flushing  nmethod 0x000002341b2fa990
Event: 9.950 Thread 0x0000023415fa5be0 flushing  nmethod 0x000002341b2ffd10
Event: 9.950 Thread 0x0000023415fa5be0 flushing  nmethod 0x000002341b30f510
Event: 9.950 Thread 0x0000023415fa5be0 flushing  nmethod 0x000002341b318490
Event: 9.950 Thread 0x0000023415fa5be0 flushing  nmethod 0x000002341b319990
Event: 9.950 Thread 0x0000023415fa5be0 flushing  nmethod 0x000002341b323290
Event: 9.950 Thread 0x0000023415fa5be0 flushing  nmethod 0x000002341b326c10
Event: 9.950 Thread 0x0000023415fa5be0 flushing  nmethod 0x000002341b328090
Event: 9.950 Thread 0x0000023415fa5be0 flushing osr nmethod 0x000002341b337890
Event: 9.950 Thread 0x0000023415fa5be0 flushing  nmethod 0x000002341b356810
Event: 9.950 Thread 0x0000023415fa5be0 flushing  nmethod 0x000002341b35a510
Event: 9.950 Thread 0x0000023415fa5be0 flushing  nmethod 0x000002341b35ac10
Event: 9.950 Thread 0x0000023415fa5be0 flushing  nmethod 0x000002341b35b990
Event: 9.950 Thread 0x0000023415fa5be0 flushing  nmethod 0x000002341b35be10
Event: 9.950 Thread 0x0000023415fa5be0 flushing  nmethod 0x000002341b360710

Events (20 events):
Event: 11.609 Thread 0x0000023479061240 Thread added: 0x000002347e8ab4d0
Event: 11.729 Thread 0x000002347905afd0 Thread added: 0x000002347e8abb60
Event: 12.111 Thread 0x000002347905afd0 Thread added: 0x000002347e8ac1f0
Event: 12.128 Thread 0x000002347905afd0 Thread added: 0x0000023476b05d40
Event: 12.191 Thread 0x0000023476b05d40 Thread exited: 0x0000023476b05d40
Event: 12.227 Thread 0x000002347905afd0 Thread added: 0x0000023476b05d40
Event: 12.229 Thread 0x000002347905afd0 Thread added: 0x0000023479fd26d0
Event: 12.272 Thread 0x0000023479fd26d0 Thread exited: 0x0000023479fd26d0
Event: 12.273 Thread 0x000002347905afd0 Thread added: 0x000002347a2c2790
Event: 12.317 Thread 0x000002347905afd0 Thread added: 0x000002347a2c2e20
Event: 12.323 Thread 0x000002347905afd0 Thread added: 0x000002347a2c34b0
Event: 12.349 Thread 0x000002347a2c34b0 Thread exited: 0x000002347a2c34b0
Event: 12.353 Thread 0x000002347905afd0 Thread added: 0x000002347a2c34b0
Event: 12.362 Thread 0x000002347905afd0 Thread added: 0x000002347a2c06c0
Event: 12.821 Thread 0x000002347117bca0 Thread exited: 0x000002347117bca0
Event: 12.829 Thread 0x0000023470ebe330 Thread exited: 0x0000023470ebe330
Event: 12.864 Thread 0x000002342e96e530 Thread added: 0x0000023478dffa40
Event: 14.626 Thread 0x000002347a2c06c0 Thread added: 0x000002347a2c2100
Event: 15.107 Thread 0x000002347a2c2100 Thread exited: 0x000002347a2c2100
Event: 15.236 Thread 0x000002347a2c06c0 Thread exited: 0x000002347a2c06c0


Dynamic libraries:
0x00007ff759420000 - 0x00007ff75942e000 	c:\Users\HP\.antigravity\extensions\redhat.java-1.54.0-win32-x64\jre\21.0.10-win32-x86_64\bin\java.exe
0x00007fff50f80000 - 0x00007fff511e7000 	C:\WINDOWS\SYSTEM32\ntdll.dll
0x00007fff0d4c0000 - 0x00007fff0d4e1000 	C:\Program Files\Avast Software\Avast\aswhook.dll
0x00007fff4f770000 - 0x00007fff4f839000 	C:\WINDOWS\System32\KERNEL32.DLL
0x00007fff4df00000 - 0x00007fff4e2f4000 	C:\WINDOWS\System32\KERNELBASE.dll
0x00007fff4da90000 - 0x00007fff4dbdb000 	C:\WINDOWS\System32\ucrtbase.dll
0x00007fff484d0000 - 0x00007fff484e8000 	c:\Users\HP\.antigravity\extensions\redhat.java-1.54.0-win32-x64\jre\21.0.10-win32-x86_64\bin\jli.dll
0x00007fff484b0000 - 0x00007fff484ce000 	c:\Users\HP\.antigravity\extensions\redhat.java-1.54.0-win32-x64\jre\21.0.10-win32-x86_64\bin\VCRUNTIME140.dll
0x00007fff504a0000 - 0x00007fff50665000 	C:\WINDOWS\System32\USER32.dll
0x00007fff4dd50000 - 0x00007fff4dd77000 	C:\WINDOWS\System32\win32u.dll
0x00007fff20240000 - 0x00007fff204d3000 	C:\WINDOWS\WinSxS\amd64_microsoft.windows.common-controls_6595b64144ccf1df_6.0.26100.8115_none_3e075c82e3354f9c\COMCTL32.dll
0x00007fff50a90000 - 0x00007fff50b39000 	C:\WINDOWS\System32\msvcrt.dll
0x00007fff50c00000 - 0x00007fff50c2b000 	C:\WINDOWS\System32\GDI32.dll
0x00007fff4d8b0000 - 0x00007fff4d9db000 	C:\WINDOWS\System32\gdi32full.dll
0x00007fff4d9e0000 - 0x00007fff4da83000 	C:\WINDOWS\System32\msvcp_win.dll
0x00007fff50ed0000 - 0x00007fff50f02000 	C:\WINDOWS\System32\IMM32.DLL
0x00007fff48d00000 - 0x00007fff48d0c000 	c:\Users\HP\.antigravity\extensions\redhat.java-1.54.0-win32-x64\jre\21.0.10-win32-x86_64\bin\vcruntime140_1.dll
0x00007fff2a890000 - 0x00007fff2a91d000 	c:\Users\HP\.antigravity\extensions\redhat.java-1.54.0-win32-x64\jre\21.0.10-win32-x86_64\bin\msvcp140.dll
0x00007ffea5110000 - 0x00007ffea5eb1000 	c:\Users\HP\.antigravity\extensions\redhat.java-1.54.0-win32-x64\jre\21.0.10-win32-x86_64\bin\server\jvm.dll
0x00007fff500d0000 - 0x00007fff50186000 	C:\WINDOWS\System32\ADVAPI32.dll
0x00007fff4fec0000 - 0x00007fff4ff67000 	C:\WINDOWS\System32\sechost.dll
0x00007fff4f4e0000 - 0x00007fff4f5f8000 	C:\WINDOWS\System32\RPCRT4.dll
0x00007fff50b70000 - 0x00007fff50bf0000 	C:\WINDOWS\System32\WS2_32.dll
0x00007fff485a0000 - 0x00007fff485d6000 	C:\WINDOWS\SYSTEM32\WINMM.dll
0x00007fff3b8c0000 - 0x00007fff3b8cb000 	C:\WINDOWS\SYSTEM32\VERSION.dll
0x00007fff4d680000 - 0x00007fff4d6de000 	C:\WINDOWS\SYSTEM32\POWRPROF.dll
0x00007fff4d660000 - 0x00007fff4d674000 	C:\WINDOWS\SYSTEM32\UMPDC.dll
0x00007fff4c5b0000 - 0x00007fff4c5cb000 	C:\WINDOWS\SYSTEM32\kernel.appcore.dll
0x00007fff484a0000 - 0x00007fff484aa000 	c:\Users\HP\.antigravity\extensions\redhat.java-1.54.0-win32-x64\jre\21.0.10-win32-x86_64\bin\jimage.dll
0x00007fff4b7c0000 - 0x00007fff4ba02000 	C:\WINDOWS\SYSTEM32\DBGHELP.DLL
0x00007fff50700000 - 0x00007fff50a82000 	C:\WINDOWS\System32\combase.dll
0x00007fff50350000 - 0x00007fff50428000 	C:\WINDOWS\System32\OLEAUT32.dll
0x00007fff38e80000 - 0x00007fff38ebb000 	C:\WINDOWS\SYSTEM32\dbgcore.DLL
0x00007fff4e300000 - 0x00007fff4e3a5000 	C:\WINDOWS\System32\bcryptPrimitives.dll
0x00007fff48490000 - 0x00007fff4849f000 	c:\Users\HP\.antigravity\extensions\redhat.java-1.54.0-win32-x64\jre\21.0.10-win32-x86_64\bin\instrument.dll
0x00007fff2a870000 - 0x00007fff2a890000 	c:\Users\HP\.antigravity\extensions\redhat.java-1.54.0-win32-x64\jre\21.0.10-win32-x86_64\bin\java.dll
0x00007fff4ecf0000 - 0x00007fff4f457000 	C:\WINDOWS\System32\SHELL32.dll
0x00007fff4dbe0000 - 0x00007fff4dd4a000 	C:\WINDOWS\System32\wintypes.dll
0x00007fff4e470000 - 0x00007fff4ecd8000 	C:\WINDOWS\System32\windows.storage.dll
0x00007fff50190000 - 0x00007fff50288000 	C:\WINDOWS\System32\SHCORE.dll
0x00007fff50430000 - 0x00007fff50496000 	C:\WINDOWS\System32\shlwapi.dll
0x00007fff4d740000 - 0x00007fff4d769000 	C:\WINDOWS\SYSTEM32\profapi.dll
0x00007fff2a850000 - 0x00007fff2a868000 	c:\Users\HP\.antigravity\extensions\redhat.java-1.54.0-win32-x64\jre\21.0.10-win32-x86_64\bin\zip.dll
0x00007fff3ada0000 - 0x00007fff3adb0000 	C:\Users\HP\.antigravity\extensions\redhat.java-1.54.0-win32-x64\jre\21.0.10-win32-x86_64\bin\net.dll
0x00007fff45110000 - 0x00007fff4523d000 	C:\WINDOWS\SYSTEM32\WINHTTP.dll
0x00007fff4cb20000 - 0x00007fff4cb8c000 	C:\WINDOWS\system32\mswsock.dll
0x00007fff2a830000 - 0x00007fff2a846000 	C:\Users\HP\.antigravity\extensions\redhat.java-1.54.0-win32-x64\jre\21.0.10-win32-x86_64\bin\nio.dll
0x00007fff2c320000 - 0x00007fff2c330000 	c:\Users\HP\.antigravity\extensions\redhat.java-1.54.0-win32-x64\jre\21.0.10-win32-x86_64\bin\verify.dll
0x00007fff483c0000 - 0x00007fff48405000 	C:\Users\HP\AppData\Roaming\Antigravity\User\globalStorage\redhat.java\1.54.0\config_win\org.eclipse.equinox.launcher\org.eclipse.equinox.launcher.win32.win32.x86_64_1.3.0.v20260203-2149\eclipse_11919.dll
0x00007fff4f840000 - 0x00007fff4f9d7000 	C:\WINDOWS\System32\ole32.dll
0x00007fff4ce00000 - 0x00007fff4ce1b000 	C:\WINDOWS\SYSTEM32\CRYPTSP.dll
0x00007fff4c510000 - 0x00007fff4c549000 	C:\WINDOWS\system32\rsaenh.dll
0x00007fff4cbd0000 - 0x00007fff4cc03000 	C:\WINDOWS\SYSTEM32\USERENV.dll
0x00007fff4d710000 - 0x00007fff4d73a000 	C:\WINDOWS\SYSTEM32\bcrypt.dll
0x00007fff4ce20000 - 0x00007fff4ce2c000 	C:\WINDOWS\SYSTEM32\CRYPTBASE.dll
0x00007fff4bf60000 - 0x00007fff4bf92000 	C:\WINDOWS\SYSTEM32\IPHLPAPI.DLL
0x00007fff4f760000 - 0x00007fff4f76a000 	C:\WINDOWS\System32\NSI.dll
0x00007ffeed950000 - 0x00007ffeed999000 	C:\Users\HP\AppData\Local\Temp\jna-2312\jna9760532018445706947.dll
0x00007fff50b40000 - 0x00007fff50b48000 	C:\WINDOWS\System32\PSAPI.DLL
0x00007fff46a50000 - 0x00007fff46a6d000 	C:\WINDOWS\SYSTEM32\dhcpcsvc6.DLL
0x00007fff46930000 - 0x00007fff46955000 	C:\WINDOWS\SYSTEM32\dhcpcsvc.DLL
0x00007fff2a760000 - 0x00007fff2a787000 	C:\Users\HP\.gradle\native\1def1411415f61bf3af743bc5b6707747c0891f09f0c88961ee8f79bc544acac\windows-amd64\native-platform.dll
0x00007fff2a750000 - 0x00007fff2a75a000 	C:\Users\HP\.antigravity\extensions\redhat.java-1.54.0-win32-x64\jre\21.0.10-win32-x86_64\bin\management.dll
0x00007fff2a300000 - 0x00007fff2a30c000 	C:\Users\HP\.antigravity\extensions\redhat.java-1.54.0-win32-x64\jre\21.0.10-win32-x86_64\bin\management_ext.dll
0x00007fff2a2f0000 - 0x00007fff2a2f9000 	C:\Users\HP\.antigravity\extensions\redhat.java-1.54.0-win32-x64\jre\21.0.10-win32-x86_64\bin\extnet.dll
0x00007fff2a2e0000 - 0x00007fff2a2ee000 	C:\Users\HP\.antigravity\extensions\redhat.java-1.54.0-win32-x64\jre\21.0.10-win32-x86_64\bin\sunmscapi.dll
0x00007fff4dd80000 - 0x00007fff4def7000 	C:\WINDOWS\System32\CRYPT32.dll
0x00007fff4d020000 - 0x00007fff4d050000 	C:\WINDOWS\SYSTEM32\ncrypt.dll
0x00007fff4cfd0000 - 0x00007fff4d00f000 	C:\WINDOWS\SYSTEM32\NTASN1.dll
0x00007fff0ef00000 - 0x00007fff0ef08000 	C:\WINDOWS\system32\wshunix.dll

JVMTI agents:
c:\Users\HP\.antigravity\extensions\redhat.java-1.54.0-win32-x64\lombok\lombok-1.18.39-4050.jar path:c:\Users\HP\.antigravity\extensions\redhat.java-1.54.0-win32-x64\jre\21.0.10-win32-x86_64\bin\instrument.dll, loaded, initialized, instrumentlib options:none

dbghelp: loaded successfully - version: 4.0.5 - missing functions: none
symbol engine: initialized successfully - sym options: 0x614 - pdb path: .;c:\Users\HP\.antigravity\extensions\redhat.java-1.54.0-win32-x64\jre\21.0.10-win32-x86_64\bin;C:\WINDOWS\SYSTEM32;C:\Program Files\Avast Software\Avast;C:\WINDOWS\WinSxS\amd64_microsoft.windows.common-controls_6595b64144ccf1df_6.0.26100.8115_none_3e075c82e3354f9c;c:\Users\HP\.antigravity\extensions\redhat.java-1.54.0-win32-x64\jre\21.0.10-win32-x86_64\bin\server;C:\Users\HP\AppData\Roaming\Antigravity\User\globalStorage\redhat.java\1.54.0\config_win\org.eclipse.equinox.launcher\org.eclipse.equinox.launcher.win32.win32.x86_64_1.3.0.v20260203-2149;C:\Users\HP\AppData\Local\Temp\jna-2312;C:\Users\HP\.gradle\native\1def1411415f61bf3af743bc5b6707747c0891f09f0c88961ee8f79bc544acac\windows-amd64

VM Arguments:
jvm_args: --add-modules=ALL-SYSTEM --add-opens=java.base/java.util=ALL-UNNAMED --add-opens=java.base/java.lang=ALL-UNNAMED --add-opens=java.base/sun.nio.fs=ALL-UNNAMED -Declipse.application=org.eclipse.jdt.ls.core.id1 -Dosgi.bundles.defaultStartLevel=4 -Declipse.product=org.eclipse.jdt.ls.core.product -Djava.import.generatesMetadataFilesAtProjectRoot=false -DDetectVMInstallationsJob.disabled=true -Dfile.encoding=utf8 -XX:+UseParallelGC -XX:GCTimeRatio=4 -XX:AdaptiveSizePolicyWeight=90 -Dsun.zip.disableMemoryMapping=true -Xmx2G -Xms100m -Xlog:disable -javaagent:c:\Users\HP\.antigravity\extensions\redhat.java-1.54.0-win32-x64\lombok\lombok-1.18.39-4050.jar -XX:+HeapDumpOnOutOfMemoryError -XX:HeapDumpPath=c:\Users\HP\AppData\Roaming\Antigravity\User\workspaceStorage\bb6f58697517b49f76eb8e851445a514\redhat.java -Daether.dependencyCollector.impl=bf 
java_command: c:\Users\HP\.antigravity\extensions\redhat.java-1.54.0-win32-x64\server\plugins\org.eclipse.equinox.launcher_1.7.100.v20251111-0406.jar -configuration c:\Users\HP\AppData\Roaming\Antigravity\User\globalStorage\redhat.java\1.54.0\config_win -data c:\Users\HP\AppData\Roaming\Antigravity\User\workspaceStorage\bb6f58697517b49f76eb8e851445a514\redhat.java\jdt_ws --pipe=\\.\pipe\lsp-5778bd718add02e1db39b2d9863e7c61-sock
java_class_path (initial): c:\Users\HP\.antigravity\extensions\redhat.java-1.54.0-win32-x64\server\plugins\org.eclipse.equinox.launcher_1.7.100.v20251111-0406.jar
Launcher Type: SUN_STANDARD

[Global flags]
    uintx AdaptiveSizePolicyWeight                 = 90                                        {product} {command line}
     intx CICompilerCount                          = 4                                         {product} {ergonomic}
    uintx GCTimeRatio                              = 4                                         {product} {command line}
     bool HeapDumpOnOutOfMemoryError               = true                                   {manageable} {command line}
    ccstr HeapDumpPath                             = c:\Users\HP\AppData\Roaming\Antigravity\User\workspaceStorage\bb6f58697517b49f76eb8e851445a514\redhat.java         {manageable} {command line}
   size_t InitialHeapSize                          = 104857600                                 {product} {command line}
   size_t MaxHeapSize                              = 2147483648                                {product} {command line}
   size_t MaxNewSize                               = 715653120                                 {product} {ergonomic}
   size_t MinHeapDeltaBytes                        = 524288                                    {product} {ergonomic}
   size_t MinHeapSize                              = 104857600                                 {product} {command line}
   size_t NewSize                                  = 34603008                                  {product} {ergonomic}
    uintx NonNMethodCodeHeapSize                   = 5839372                                {pd product} {ergonomic}
    uintx NonProfiledCodeHeapSize                  = 122909434                              {pd product} {ergonomic}
   size_t OldSize                                  = 70254592                                  {product} {ergonomic}
    uintx ProfiledCodeHeapSize                     = 122909434                              {pd product} {ergonomic}
    uintx ReservedCodeCacheSize                    = 251658240                              {pd product} {ergonomic}
     bool SegmentedCodeCache                       = true                                      {product} {ergonomic}
   size_t SoftMaxHeapSize                          = 2147483648                             {manageable} {ergonomic}
     bool UseCompressedOops                        = true                           {product lp64_product} {ergonomic}
     bool UseLargePagesIndividualAllocation        = false                                  {pd product} {ergonomic}
     bool UseParallelGC                            = true                                      {product} {command line}

Logging:
Log output configuration:
 #0: stdout all=off uptime,level,tags foldmultilines=false
 #1: stderr all=off uptime,level,tags foldmultilines=false

Release file:
JAVA_VERSION="21.0.10" 
MODULES="java.base java.compiler java.datatransfer java.xml java.prefs java.desktop java.instrument java.logging java.management java.security.sasl java.naming java.rmi java.management.rmi java.net.http java.scripting java.security.jgss java.transaction.xa java.sql java.sql.rowset java.xml.crypto java.se java.smartcardio jdk.accessibility jdk.internal.jvmstat jdk.attach jdk.charsets jdk.internal.opt jdk.zipfs jdk.compiler jdk.crypto.ec jdk.crypto.cryptoki jdk.crypto.mscapi jdk.dynalink jdk.internal.ed jdk.editpad jdk.hotspot.agent jdk.httpserver jdk.internal.le jdk.internal.vm.ci jdk.internal.vm.compiler jdk.internal.vm.compiler.management jdk.jartool jdk.javadoc jdk.jcmd jdk.management jdk.management.agent jdk.jconsole jdk.jdeps jdk.jdwp.agent jdk.jdi jdk.jfr jdk.jshell jdk.jsobject jdk.jstatd jdk.localedata jdk.management.jfr jdk.naming.dns jdk.naming.rmi jdk.net jdk.nio.mapmode jdk.random jdk.sctp jdk.security.auth jdk.security.jgss jdk.unsupported jdk.unsupported.desktop jdk.xml.dom" 

Environment Variables:
JAVA_HOME=C:\Program Files\Java\jdk-25
PATH=C:\Program Files\Common Files\Oracle\Java\javapath;C:\Program Files (x86)\Common Files\Oracle\Java\java8path;C:\Program Files (x86)\Common Files\Oracle\Java\javapath;C:\ORC\ORACLEE\bin;C:\app\HP\product\21c\dbhomeXE\bin;E:\oracle21\ORACL\bin;C:\Dossier_Oracle21c\Oracle21c\bin;C:\WINDOWS\system32;C:\WINDOWS;C:\WINDOWS\System32\Wbem;C:\WINDOWS\System32\WindowsPowerShell\v1.0\;C:\WINDOWS\System32\OpenSSH\;C:\appliiiiiii\flutter_windows_3.35.7-stable.zip\flutter\bin;C:\Program Files\Docker\Docker\resources\bin;C:\Program Files\Git\cmd;C:\Program Files\nodejs\;C:\Program Files\Apache\maven\bin;C:\Program Files\MySQL\MySQL Shell 8.0\bin\;C:\Users\HP\AppData\Local\Programs\Python\Python313\Scripts\;C:\Users\HP\AppData\Local\Programs\Python\Python313\;C:\Users\HP\AppData\Local\Programs\Python\Launcher\;C:\Users\HP\AppData\Local\Microsoft\WindowsApps;C:\Users\HP\AppData\Local\Programs\Microsoft VS Code\bin;C:\Users\HP\AppData\Local\Python\bin;C:\Users\HP\AppData\Roaming\npm;C:\Program Files\Java\jdk-25\bin;C:\Maven\apache-maven-3.9.15\bin;D:\Nouveau dossier\Antigravity\bin
USERNAME=HP
OS=Windows_NT
PROCESSOR_IDENTIFIER=Intel64 Family 6 Model 186 Stepping 3, GenuineIntel
TMP=C:\Users\HP\AppData\Local\Temp
TEMP=C:\Users\HP\AppData\Local\Temp




Periodic native trim disabled

---------------  S Y S T E M  ---------------

OS:
 Windows 11 , 64 bit Build 26100 (10.0.26100.8246)
OS uptime: 0 days 0:45 hours
Hyper-V role detected

CPU: total 12 (initial active 12) (6 cores per cpu, 2 threads per core) family 6 model 186 stepping 3 microcode 0x4121, cx8, cmov, fxsr, ht, mmx, 3dnowpref, sse, sse2, sse3, ssse3, sse4.1, sse4.2, popcnt, lzcnt, tsc, tscinvbit, avx, avx2, aes, erms, clmul, bmi1, bmi2, adx, sha, fma, vzeroupper, clflush, clflushopt, clwb, hv, serialize, rdtscp, rdpid, fsrm, f16c, cet_ibt, cet_ss
Processor Information for processor 0
  Max Mhz: 1300, Current Mhz: 1300, Mhz Limit: 1300
Processor Information for processor 1
  Max Mhz: 1300, Current Mhz: 1300, Mhz Limit: 1300
Processor Information for processor 2
  Max Mhz: 1300, Current Mhz: 1300, Mhz Limit: 1300
Processor Information for processor 3
  Max Mhz: 1300, Current Mhz: 1300, Mhz Limit: 1300
Processor Information for processor 4
  Max Mhz: 1300, Current Mhz: 900, Mhz Limit: 897
Processor Information for processor 5
  Max Mhz: 1300, Current Mhz: 900, Mhz Limit: 897
Processor Information for processor 6
  Max Mhz: 1300, Current Mhz: 900, Mhz Limit: 897
Processor Information for processor 7
  Max Mhz: 1300, Current Mhz: 900, Mhz Limit: 897
Processor Information for processor 8
  Max Mhz: 1300, Current Mhz: 900, Mhz Limit: 897
Processor Information for processor 9
  Max Mhz: 1300, Current Mhz: 900, Mhz Limit: 897
Processor Information for processor 10
  Max Mhz: 1300, Current Mhz: 900, Mhz Limit: 897
Processor Information for processor 11
  Max Mhz: 1300, Current Mhz: 900, Mhz Limit: 897

Memory: 4k page, system-wide physical 7835M (678M free)
TotalPageFile size 13835M (AvailPageFile size 392M)
current process WorkingSet (physical memory assigned to process): 327M, peak: 336M
current process commit charge ("private bytes"): 408M, peak: 415M

vm_info: OpenJDK 64-Bit Server VM (21.0.10+7-LTS) for windows-amd64 JRE (21.0.10+7-LTS), built on 2026-01-20T00:00:00Z by "admin" with MS VC++ 17.12 (VS2022)

END.
