#
# There is insufficient memory for the Java Runtime Environment to continue.
# Native memory allocation (malloc) failed to allocate 65552 bytes. Error detail: Chunk::new
# Possible reasons:
#   The system is out of physical RAM or swap space
#   This process is running with CompressedOops enabled, and the Java Heap may be blocking the growth of the native heap
# Possible solutions:
#   Reduce memory load on the system
#   Increase physical memory or swap space
#   Check if swap backing store is full
#   Decrease Java heap size (-Xmx/-Xms)
#   Decrease number of Java threads
#   Decrease Java thread stack sizes (-Xss)
#   Set larger code cache with -XX:ReservedCodeCacheSize=
#   JVM is running with Unscaled Compressed Oops mode in which the Java heap is
#     placed in the first 4GB address space. The Java Heap base address is the
#     maximum limit for the native heap growth. Please use -XX:HeapBaseMinAddress
#     to set the Java Heap base and to place the Java Heap above 4GB virtual address.
# This output file may be truncated or incomplete.
#
#  Out of Memory Error (arena.cpp:168), pid=23488, tid=18452
#
# JRE version: OpenJDK Runtime Environment Temurin-21.0.10+7 (21.0.10+7) (build 21.0.10+7-LTS)
# Java VM: OpenJDK 64-Bit Server VM Temurin-21.0.10+7 (21.0.10+7-LTS, mixed mode, sharing, tiered, compressed oops, compressed class ptrs, parallel gc, windows-amd64)
# No core dump will be written. Minidumps are not enabled by default on client versions of Windows
#

---------------  S U M M A R Y ------------

Command Line: --add-modules=ALL-SYSTEM --add-opens=java.base/java.util=ALL-UNNAMED --add-opens=java.base/java.lang=ALL-UNNAMED --add-opens=java.base/sun.nio.fs=ALL-UNNAMED -Declipse.application=org.eclipse.jdt.ls.core.id1 -Dosgi.bundles.defaultStartLevel=4 -Declipse.product=org.eclipse.jdt.ls.core.product -Djava.import.generatesMetadataFilesAtProjectRoot=false -DDetectVMInstallationsJob.disabled=true -Dfile.encoding=utf8 -XX:+UseParallelGC -XX:GCTimeRatio=4 -XX:AdaptiveSizePolicyWeight=90 -Dsun.zip.disableMemoryMapping=true -Xmx2G -Xms100m -Xlog:disable -javaagent:c:\Users\HP\.antigravity\extensions\redhat.java-1.54.0-win32-x64\lombok\lombok-1.18.39-4050.jar -XX:+HeapDumpOnOutOfMemoryError -XX:HeapDumpPath=c:\Users\HP\AppData\Roaming\Antigravity\User\workspaceStorage\4dfc41c91c2c781069e695ab18a74c91\redhat.java -Daether.dependencyCollector.impl=bf c:\Users\HP\.antigravity\extensions\redhat.java-1.54.0-win32-x64\server\plugins\org.eclipse.equinox.launcher_1.7.100.v20251111-0406.jar -configuration c:\Users\HP\AppData\Roaming\Antigravity\User\globalStorage\redhat.java\1.54.0\config_win -data c:\Users\HP\AppData\Roaming\Antigravity\User\workspaceStorage\4dfc41c91c2c781069e695ab18a74c91\redhat.java\jdt_ws --pipe=\\.\pipe\lsp-6360a6cf06d5faff9b6a5561e7480d53-sock

Host: 13th Gen Intel(R) Core(TM) i5-1335U, 12 cores, 7G,  Windows 11 , 64 bit Build 26100 (10.0.26100.8246)
Time: Thu Apr 30 08:51:58 2026 Greenwich elapsed time: 183.562230 seconds (0d 0h 3m 3s)

---------------  T H R E A D  ---------------

Current thread (0x0000017b7917dd80):  JavaThread "C2 CompilerThread0" daemon [_thread_in_native, id=18452, stack(0x00000074bc000000,0x00000074bc100000) (1024K)]


Current CompileTask:
C2:183562 12301       4       com.google.gson.stream.JsonReader::nextQuotedValue (296 bytes)

Stack: [0x00000074bc000000,0x00000074bc100000]
Native frames: (J=compiled Java code, j=interpreted, Vv=VM code, C=native code)
V  [jvm.dll+0x6d7a39]
V  [jvm.dll+0x8b4b26]
V  [jvm.dll+0x8b70de]
V  [jvm.dll+0x8b77c3]
V  [jvm.dll+0x284346]
V  [jvm.dll+0xc66ed]
V  [jvm.dll+0xc6c31]
V  [jvm.dll+0xc6815]
V  [jvm.dll+0x6b2b0c]
V  [jvm.dll+0x61154c]
V  [jvm.dll+0x60ce2d]
V  [jvm.dll+0x5f4253]
V  [jvm.dll+0x5f852b]
V  [jvm.dll+0x5f7c5d]
V  [jvm.dll+0x5f7b40]
V  [jvm.dll+0x5f7cc0]
V  [jvm.dll+0x5f7b40]
V  [jvm.dll+0x5f7b40]
V  [jvm.dll+0x5ff042]
V  [jvm.dll+0x255b17]
V  [jvm.dll+0x255edd]
V  [jvm.dll+0x24e500]
V  [jvm.dll+0x24ba42]
V  [jvm.dll+0x1cb34e]
V  [jvm.dll+0x25b85d]
V  [jvm.dll+0x259dea]
V  [jvm.dll+0x3f857e]
V  [jvm.dll+0x85f59d]
V  [jvm.dll+0x6d626d]
C  [ucrtbase.dll+0x37b0]
C  [KERNEL32.DLL+0x2e8d7]
C  [ntdll.dll+0x8c3fc]


---------------  P R O C E S S  ---------------

Threads class SMR info:
_java_thread_list=0x0000017b5d5aea90, length=60, elements={
0x0000017b791d3e90, 0x0000017b79165100, 0x0000017b79166020, 0x0000017b79171340,
0x0000017b79173d70, 0x0000017b79175080, 0x0000017b791756f0, 0x0000017b7917dd80,
0x0000017b7dee0ab0, 0x0000017b7e0f4710, 0x0000017b7ee80210, 0x0000017b7f3dd150,
0x0000017b58310b90, 0x0000017b582e7fb0, 0x0000017b7f565400, 0x0000017b5884d690,
0x0000017b5852dd90, 0x0000017b58b6e030, 0x0000017b58b70100, 0x0000017b58b70e20,
0x0000017b58b70790, 0x0000017b58b6ed50, 0x0000017b5a02f380, 0x0000017b5a02fa10,
0x0000017b5a02ecf0, 0x0000017b5a02c590, 0x0000017b5a0300a0, 0x0000017b5a02e660,
0x0000017b5a02cc20, 0x0000017b5a02d940, 0x0000017b5a02dfd0, 0x0000017b5a030730,
0x0000017b5a02d2b0, 0x0000017b5a033bb0, 0x0000017b5a033520, 0x0000017b5a030dc0,
0x0000017b5a031450, 0x0000017b5a031ae0, 0x0000017b5a032170, 0x0000017b5a032e90,
0x0000017b5a528650, 0x0000017b5a527930, 0x0000017b5a526c10, 0x0000017b5a528ce0,
0x0000017b5a529370, 0x0000017b5a2a13f0, 0x0000017b5a2a1a80, 0x0000017b5a29f320,
0x0000017b5a2a06d0, 0x0000017b5a29ec90, 0x0000017b5a2a2e30, 0x0000017b5a2a27a0,
0x0000017b5a2a0040, 0x0000017b5a2a3b50, 0x0000017b5a2a34c0, 0x0000017b5a2a5c20,
0x0000017b5a2a41e0, 0x0000017b5a2a5590, 0x0000017b5a529a00, 0x0000017b5a6fae60
}

Java Threads: ( => current thread )
  0x0000017b791d3e90 JavaThread "main"                              [_thread_blocked, id=10944, stack(0x00000074bb600000,0x00000074bb700000) (1024K)]
  0x0000017b79165100 JavaThread "Reference Handler"          daemon [_thread_blocked, id=4600, stack(0x00000074bba00000,0x00000074bbb00000) (1024K)]
  0x0000017b79166020 JavaThread "Finalizer"                  daemon [_thread_blocked, id=13620, stack(0x00000074bbb00000,0x00000074bbc00000) (1024K)]
  0x0000017b79171340 JavaThread "Signal Dispatcher"          daemon [_thread_blocked, id=16756, stack(0x00000074bbc00000,0x00000074bbd00000) (1024K)]
  0x0000017b79173d70 JavaThread "Attach Listener"            daemon [_thread_blocked, id=13980, stack(0x00000074bbd00000,0x00000074bbe00000) (1024K)]
  0x0000017b79175080 JavaThread "Service Thread"             daemon [_thread_blocked, id=14164, stack(0x00000074bbe00000,0x00000074bbf00000) (1024K)]
  0x0000017b791756f0 JavaThread "Monitor Deflation Thread"   daemon [_thread_blocked, id=12892, stack(0x00000074bbf00000,0x00000074bc000000) (1024K)]
=>0x0000017b7917dd80 JavaThread "C2 CompilerThread0"         daemon [_thread_in_native, id=18452, stack(0x00000074bc000000,0x00000074bc100000) (1024K)]
  0x0000017b7dee0ab0 JavaThread "C1 CompilerThread0"         daemon [_thread_blocked, id=22552, stack(0x00000074bc100000,0x00000074bc200000) (1024K)]
  0x0000017b7e0f4710 JavaThread "Common-Cleaner"             daemon [_thread_blocked, id=7868, stack(0x00000074bc300000,0x00000074bc400000) (1024K)]
  0x0000017b7ee80210 JavaThread "Notification Thread"        daemon [_thread_blocked, id=14668, stack(0x00000074bc500000,0x00000074bc600000) (1024K)]
  0x0000017b7f3dd150 JavaThread "Active Thread: Equinox Container: 0dab631e-e19a-41c5-a123-18dfce73ae74"        [_thread_blocked, id=22660, stack(0x00000074bcc00000,0x00000074bcd00000) (1024K)]
  0x0000017b58310b90 JavaThread "Refresh Thread: Equinox Container: 0dab631e-e19a-41c5-a123-18dfce73ae74" daemon [_thread_blocked, id=14240, stack(0x00000074bcd00000,0x00000074bce00000) (1024K)]
  0x0000017b582e7fb0 JavaThread "Framework Event Dispatcher: Equinox Container: 0dab631e-e19a-41c5-a123-18dfce73ae74" daemon [_thread_blocked, id=19712, stack(0x00000074bcf00000,0x00000074bd000000) (1024K)]
  0x0000017b7f565400 JavaThread "Start Level: Equinox Container: 0dab631e-e19a-41c5-a123-18dfce73ae74" daemon [_thread_blocked, id=14068, stack(0x00000074bd000000,0x00000074bd100000) (1024K)]
  0x0000017b5884d690 JavaThread "Bundle File Closer"         daemon [_thread_blocked, id=22800, stack(0x00000074bd300000,0x00000074bd400000) (1024K)]
  0x0000017b5852dd90 JavaThread "SCR Component Actor"        daemon [_thread_blocked, id=19404, stack(0x00000074bd400000,0x00000074bd500000) (1024K)]
  0x0000017b58b6e030 JavaThread "Worker-JM"                         [_thread_blocked, id=13220, stack(0x00000074bd500000,0x00000074bd600000) (1024K)]
  0x0000017b58b70100 JavaThread "JNA Cleaner"                daemon [_thread_blocked, id=20388, stack(0x00000074bd600000,0x00000074bd700000) (1024K)]
  0x0000017b58b70e20 JavaThread "Worker-0"                          [_thread_blocked, id=13184, stack(0x00000074bd700000,0x00000074bd800000) (1024K)]
  0x0000017b58b70790 JavaThread "Java indexing"              daemon [_thread_blocked, id=19588, stack(0x00000074bda00000,0x00000074bdb00000) (1024K)]
  0x0000017b58b6ed50 JavaThread "Worker-3"                          [_thread_blocked, id=18120, stack(0x00000074bdd00000,0x00000074bde00000) (1024K)]
  0x0000017b5a02f380 JavaThread "Thread-1"                   daemon [_thread_in_native, id=5768, stack(0x00000074bdf00000,0x00000074be000000) (1024K)]
  0x0000017b5a02fa10 JavaThread "Thread-2"                   daemon [_thread_in_native, id=23592, stack(0x00000074be000000,0x00000074be100000) (1024K)]
  0x0000017b5a02ecf0 JavaThread "Thread-3"                   daemon [_thread_in_native, id=20392, stack(0x00000074be100000,0x00000074be200000) (1024K)]
  0x0000017b5a02c590 JavaThread "Thread-4"                   daemon [_thread_in_native, id=11056, stack(0x00000074be200000,0x00000074be300000) (1024K)]
  0x0000017b5a0300a0 JavaThread "Thread-5"                   daemon [_thread_in_native, id=17348, stack(0x00000074be300000,0x00000074be400000) (1024K)]
  0x0000017b5a02e660 JavaThread "Thread-6"                   daemon [_thread_in_native, id=21892, stack(0x00000074be400000,0x00000074be500000) (1024K)]
  0x0000017b5a02cc20 JavaThread "Thread-7"                   daemon [_thread_in_native, id=12212, stack(0x00000074be500000,0x00000074be600000) (1024K)]
  0x0000017b5a02d940 JavaThread "Thread-8"                   daemon [_thread_in_native, id=14532, stack(0x00000074be600000,0x00000074be700000) (1024K)]
  0x0000017b5a02dfd0 JavaThread "Thread-9"                   daemon [_thread_in_native, id=22608, stack(0x00000074be700000,0x00000074be800000) (1024K)]
  0x0000017b5a030730 JavaThread "Thread-10"                  daemon [_thread_in_native, id=10464, stack(0x00000074be800000,0x00000074be900000) (1024K)]
  0x0000017b5a02d2b0 JavaThread "Thread-11"                  daemon [_thread_in_native, id=23392, stack(0x00000074be900000,0x00000074bea00000) (1024K)]
  0x0000017b5a033bb0 JavaThread "Thread-12"                  daemon [_thread_in_native, id=23836, stack(0x00000074bea00000,0x00000074beb00000) (1024K)]
  0x0000017b5a033520 JavaThread "Thread-13"                  daemon [_thread_in_native, id=20296, stack(0x00000074beb00000,0x00000074bec00000) (1024K)]
  0x0000017b5a030dc0 JavaThread "pool-2-thread-1"                   [_thread_blocked, id=23136, stack(0x00000074bec00000,0x00000074bed00000) (1024K)]
  0x0000017b5a031450 JavaThread "Timer-0"                           [_thread_blocked, id=18800, stack(0x00000074bed00000,0x00000074bee00000) (1024K)]
  0x0000017b5a031ae0 JavaThread "Timer-1"                           [_thread_blocked, id=11488, stack(0x00000074bee00000,0x00000074bef00000) (1024K)]
  0x0000017b5a032170 JavaThread "WorkspaceEventsHandler"            [_thread_blocked, id=17528, stack(0x00000074bef00000,0x00000074bf000000) (1024K)]
  0x0000017b5a032e90 JavaThread "pool-1-thread-1"                   [_thread_blocked, id=22148, stack(0x00000074bf000000,0x00000074bf100000) (1024K)]
  0x0000017b5a528650 JavaThread "ForkJoinPool.commonPool-worker-1" daemon [_thread_blocked, id=17732, stack(0x00000074bf200000,0x00000074bf300000) (1024K)]
  0x0000017b5a527930 JavaThread "ForkJoinPool.commonPool-worker-4" daemon [_thread_blocked, id=8552, stack(0x00000074bf400000,0x00000074bf500000) (1024K)]
  0x0000017b5a526c10 JavaThread "ForkJoinPool.commonPool-worker-3" daemon [_thread_blocked, id=17592, stack(0x00000074bf500000,0x00000074bf600000) (1024K)]
  0x0000017b5a528ce0 JavaThread "ForkJoinPool.commonPool-worker-5" daemon [_thread_blocked, id=13700, stack(0x00000074bf700000,0x00000074bf800000) (1024K)]
  0x0000017b5a529370 JavaThread "ForkJoinPool.commonPool-worker-7" daemon [_thread_blocked, id=2896, stack(0x00000074bf800000,0x00000074bf900000) (1024K)]
  0x0000017b5a2a13f0 JavaThread "ForkJoinPool.commonPool-worker-8" daemon [_thread_blocked, id=14432, stack(0x00000074bf900000,0x00000074bfa00000) (1024K)]
  0x0000017b5a2a1a80 JavaThread "ForkJoinPool.commonPool-worker-9" daemon [_thread_blocked, id=23764, stack(0x00000074bfa00000,0x00000074bfb00000) (1024K)]
  0x0000017b5a29f320 JavaThread "ForkJoinPool.commonPool-worker-10" daemon [_thread_blocked, id=11184, stack(0x00000074bfb00000,0x00000074bfc00000) (1024K)]
  0x0000017b5a2a06d0 JavaThread "ForkJoinPool.commonPool-worker-11" daemon [_thread_blocked, id=3704, stack(0x00000074bfc00000,0x00000074bfd00000) (1024K)]
  0x0000017b5a29ec90 JavaThread "Timer-2"                           [_thread_blocked, id=16116, stack(0x00000074bfe00000,0x00000074bff00000) (1024K)]
  0x0000017b5a2a2e30 JavaThread "Timer-3"                           [_thread_blocked, id=10136, stack(0x00000074bf100000,0x00000074bf200000) (1024K)]
  0x0000017b5a2a27a0 JavaThread "Timer-4"                           [_thread_blocked, id=4512, stack(0x00000074bff00000,0x00000074c0000000) (1024K)]
  0x0000017b5a2a0040 JavaThread "Timer-5"                           [_thread_blocked, id=16616, stack(0x00000074c0000000,0x00000074c0100000) (1024K)]
  0x0000017b5a2a3b50 JavaThread "Timer-6"                           [_thread_blocked, id=8168, stack(0x00000074c0100000,0x00000074c0200000) (1024K)]
  0x0000017b5a2a34c0 JavaThread "Timer-7"                           [_thread_blocked, id=11484, stack(0x00000074c0200000,0x00000074c0300000) (1024K)]
  0x0000017b5a2a5c20 JavaThread "Timer-8"                           [_thread_blocked, id=14228, stack(0x00000074bc200000,0x00000074bc300000) (1024K)]
  0x0000017b5a2a41e0 JavaThread "Timer-9"                           [_thread_blocked, id=17212, stack(0x00000074c0300000,0x00000074c0400000) (1024K)]
  0x0000017b5a2a5590 JavaThread "Timer-10"                          [_thread_blocked, id=16236, stack(0x00000074bfd00000,0x00000074bfe00000) (1024K)]
  0x0000017b5a529a00 JavaThread "Timer-11"                          [_thread_blocked, id=9608, stack(0x00000074c0500000,0x00000074c0600000) (1024K)]
  0x0000017b5a6fae60 JavaThread "Timer-12"                          [_thread_blocked, id=12696, stack(0x00000074c0600000,0x00000074c0700000) (1024K)]
Total: 60

Other Threads:
  0x0000017b79275b40 VMThread "VM Thread"                           [id=21696, stack(0x00000074bb900000,0x00000074bba00000) (1024K)]
  0x0000017b7905cb20 WatcherThread "VM Periodic Task Thread"        [id=13948, stack(0x00000074bb800000,0x00000074bb900000) (1024K)]
  0x0000017b791f1f80 WorkerThread "GC Thread#0"                     [id=7676, stack(0x00000074bb700000,0x00000074bb800000) (1024K)]
  0x0000017b7f544d70 WorkerThread "GC Thread#1"                     [id=22160, stack(0x00000074bc600000,0x00000074bc700000) (1024K)]
  0x0000017b7f0f4590 WorkerThread "GC Thread#2"                     [id=18672, stack(0x00000074bc700000,0x00000074bc800000) (1024K)]
  0x0000017b7f0f4de0 WorkerThread "GC Thread#3"                     [id=15772, stack(0x00000074bc800000,0x00000074bc900000) (1024K)]
  0x0000017b580f0150 WorkerThread "GC Thread#4"                     [id=18584, stack(0x00000074bc900000,0x00000074bca00000) (1024K)]
  0x0000017b7f40ffc0 WorkerThread "GC Thread#5"                     [id=20028, stack(0x00000074bca00000,0x00000074bcb00000) (1024K)]
  0x0000017b7f410780 WorkerThread "GC Thread#6"                     [id=10244, stack(0x00000074bcb00000,0x00000074bcc00000) (1024K)]
  0x0000017b5812d400 WorkerThread "GC Thread#7"                     [id=22956, stack(0x00000074bce00000,0x00000074bcf00000) (1024K)]
  0x0000017b5812d7b0 WorkerThread "GC Thread#8"                     [id=3396, stack(0x00000074bd100000,0x00000074bd200000) (1024K)]
  0x0000017b5812db60 WorkerThread "GC Thread#9"                     [id=8144, stack(0x00000074bd200000,0x00000074bd300000) (1024K)]
Total: 12

Threads with active compile tasks:
C2 CompilerThread0  183665 12301       4       com.google.gson.stream.JsonReader::nextQuotedValue (296 bytes)
Total: 1

VM state: not at safepoint (normal execution)

VM Mutex/Monitor currently owned by a thread: None

Heap address: 0x0000000080000000, size: 2048 MB, Compressed Oops mode: 32-bit

CDS archive(s) mapped at: [0x0000017b13000000-0x0000017b13ba0000-0x0000017b13ba0000), size 12189696, SharedBaseAddress: 0x0000017b13000000, ArchiveRelocationMode: 1.
Compressed class space mapped at: 0x0000017b14000000-0x0000017b54000000, reserved size: 1073741824
Narrow klass base: 0x0000017b13000000, Narrow klass shift: 0, Narrow klass range: 0x100000000

GC Precious Log:
 CardTable entry size: 512
 CPUs: 12 total, 12 available
 Memory: 7835M
 Large Page Support: Disabled
 NUMA Support: Disabled
 Compressed Oops: Enabled (32-bit)
 Alignments: Space 512K, Generation 512K, Heap 2M
 Heap Min Capacity: 100M
 Heap Initial Capacity: 100M
 Heap Max Capacity: 2G
 Pre-touch: Disabled
 Parallel Workers: 10

Heap:
 PSYoungGen      total 13824K, used 11175K [0x00000000d5580000, 0x00000000d6800000, 0x0000000100000000)
  eden space 11776K, 77% used [0x00000000d5580000,0x00000000d5e711f8,0x00000000d6100000)
  from space 2048K, 98% used [0x00000000d6100000,0x00000000d62f8ac0,0x00000000d6300000)
  to   space 3584K, 0% used [0x00000000d6480000,0x00000000d6480000,0x00000000d6800000)
 ParOldGen       total 103424K, used 103156K [0x0000000080000000, 0x0000000086500000, 0x00000000d5580000)
  object space 103424K, 99% used [0x0000000080000000,0x00000000864bd360,0x0000000086500000)
 Metaspace       used 80524K, committed 82368K, reserved 1179648K
  class space    used 9772K, committed 10560K, reserved 1048576K

Card table byte_map: [0x0000017b78b70000,0x0000017b78f80000] _byte_map_base: 0x0000017b78770000

Marking Bits: (ParMarkBitMap*) 0x00007ffedf153450
 Begin Bits: [0x0000017b0f000000, 0x0000017b11000000)
 End Bits:   [0x0000017b11000000, 0x0000017b13000000)

Polling page: 0x0000017b76f20000

Metaspace:

Usage:
  Non-class:     69.09 MB used.
      Class:      9.54 MB used.
       Both:     78.64 MB used.

Virtual space:
  Non-class space:      128.00 MB reserved,      70.12 MB ( 55%) committed,  2 nodes.
      Class space:        1.00 GB reserved,      10.31 MB (  1%) committed,  1 nodes.
             Both:        1.12 GB reserved,      80.44 MB (  7%) committed. 

Chunk freelists:
   Non-Class:  9.42 MB
       Class:  5.56 MB
        Both:  14.98 MB

MaxMetaspaceSize: unlimited
CompressedClassSpaceSize: 1.00 GB
Initial GC threshold: 21.00 MB
Current GC threshold: 97.31 MB
CDS: on
 - commit_granule_bytes: 65536.
 - commit_granule_words: 8192.
 - virtual_space_node_default_size: 8388608.
 - enlarge_chunks_in_place: 1.
 - use_allocation_guard: 0.


Internal statistics:

num_allocs_failed_limit: 9.
num_arena_births: 1684.
num_arena_deaths: 14.
num_vsnodes_births: 3.
num_vsnodes_deaths: 0.
num_space_committed: 1287.
num_space_uncommitted: 0.
num_chunks_returned_to_freelist: 23.
num_chunks_taken_from_freelist: 5633.
num_chunk_merges: 15.
num_chunk_splits: 3430.
num_chunks_enlarged: 1868.
num_inconsistent_stats: 0.

CodeHeap 'non-profiled nmethods': size=120000Kb used=7920Kb max_used=7920Kb free=112079Kb
 bounds [0x0000017b07ad0000, 0x0000017b08290000, 0x0000017b0f000000]
CodeHeap 'profiled nmethods': size=120000Kb used=24240Kb max_used=24240Kb free=95759Kb
 bounds [0x0000017b00000000, 0x0000017b017b0000, 0x0000017b07530000]
CodeHeap 'non-nmethods': size=5760Kb used=1447Kb max_used=1532Kb free=4312Kb
 bounds [0x0000017b07530000, 0x0000017b077a0000, 0x0000017b07ad0000]
CodeCache: size=245760Kb, used=33607Kb, max_used=33692Kb, free=212150Kb
 total_blobs=12259, nmethods=11500, adapters=663, full_count=0
Compilation: enabled, stopped_count=0, restarted_count=0

Compilation events (20 events):
Event: 177.517 Thread 0x0000017b7dee0ab0 12292       3       org.eclipse.jdt.ls.core.internal.filesystem.JLSFileSystem::getStore (76 bytes)
Event: 177.518 Thread 0x0000017b7dee0ab0 nmethod 12292 0x0000017b017a4d90 code [0x0000017b017a5160, 0x0000017b017a6750]
Event: 177.518 Thread 0x0000017b7dee0ab0 12293       3       org.eclipse.core.filesystem.EFS::getStore (8 bytes)
Event: 177.518 Thread 0x0000017b7dee0ab0 nmethod 12293 0x0000017b017a7010 code [0x0000017b017a71c0, 0x0000017b017a7350]
Event: 177.518 Thread 0x0000017b7dee0ab0 12294       3       org.eclipse.core.internal.filesystem.InternalFileSystemCore::getStore (39 bytes)
Event: 177.518 Thread 0x0000017b7dee0ab0 nmethod 12294 0x0000017b017a7410 code [0x0000017b017a7620, 0x0000017b017a7b78]
Event: 177.518 Thread 0x0000017b7dee0ab0 12295       3       org.eclipse.jdt.ls.core.internal.filesystem.JLSFileSystem::getStore (26 bytes)
Event: 177.518 Thread 0x0000017b7dee0ab0 nmethod 12295 0x0000017b017a7e10 code [0x0000017b017a8080, 0x0000017b017a87e8]
Event: 177.518 Thread 0x0000017b7dee0ab0 12296       3       org.eclipse.jdt.ls.core.internal.filesystem.JLSFileSystem::filePathFromURI (34 bytes)
Event: 177.519 Thread 0x0000017b7dee0ab0 nmethod 12296 0x0000017b017a8b10 code [0x0000017b017a8d40, 0x0000017b017a9260]
Event: 177.519 Thread 0x0000017b7dee0ab0 12285       3       org.eclipse.jdt.ls.core.internal.filesystem.JLSFile::getFileStore (102 bytes)
Event: 178.518 Thread 0x0000017b7dee0ab0 nmethod 12285 0x0000017b017a9490 code [0x0000017b017a98a0, 0x0000017b017ab040]
Event: 178.520 Thread 0x0000017b7dee0ab0 12303       1       org.eclipse.jdt.internal.core.SourceField::getElementType (3 bytes)
Event: 178.520 Thread 0x0000017b7dee0ab0 nmethod 12303 0x0000017b0828a390 code [0x0000017b0828a520, 0x0000017b0828a5e8]
Event: 178.520 Thread 0x0000017b7dee0ab0 12304       3       org.eclipse.jdt.internal.core.JavaElement::close (9 bytes)
Event: 178.520 Thread 0x0000017b7dee0ab0 nmethod 12304 0x0000017b017aba10 code [0x0000017b017abbc0, 0x0000017b017abd80]
Event: 178.520 Thread 0x0000017b7dee0ab0 12305       3       org.eclipse.jdt.internal.core.SourceRefElement::closing (1 bytes)
Event: 178.520 Thread 0x0000017b7dee0ab0 nmethod 12305 0x0000017b017abe90 code [0x0000017b017ac020, 0x0000017b017ac128]
Event: 179.531 Thread 0x0000017b7917dd80 nmethod 12297 0x0000017b0828a690 code [0x0000017b0828a960, 0x0000017b0828b7a8]
Event: 179.531 Thread 0x0000017b7917dd80 12301       4       com.google.gson.stream.JsonReader::nextQuotedValue (296 bytes)

GC Heap History (20 events):
Event: 25.380 GC heap before
{Heap before GC invocations=93 (full 3):
 PSYoungGen      total 16384K, used 16291K [0x00000000d5580000, 0x00000000d6700000, 0x0000000100000000)
  eden space 14848K, 100% used [0x00000000d5580000,0x00000000d6400000,0x00000000d6400000)
  from space 1536K, 93% used [0x00000000d6400000,0x00000000d6568ca0,0x00000000d6580000)
  to   space 1536K, 0% used [0x00000000d6580000,0x00000000d6580000,0x00000000d6700000)
 ParOldGen       total 92672K, used 92491K [0x0000000080000000, 0x0000000085a80000, 0x00000000d5580000)
  object space 92672K, 99% used [0x0000000080000000,0x0000000085a52ea0,0x0000000085a80000)
 Metaspace       used 78876K, committed 80704K, reserved 1179648K
  class space    used 9714K, committed 10496K, reserved 1048576K
}
Event: 25.382 GC heap after
{Heap after GC invocations=93 (full 3):
 PSYoungGen      total 16384K, used 1202K [0x00000000d5580000, 0x00000000d6700000, 0x0000000100000000)
  eden space 14848K, 0% used [0x00000000d5580000,0x00000000d5580000,0x00000000d6400000)
  from space 1536K, 78% used [0x00000000d6580000,0x00000000d66acbb0,0x00000000d6700000)
  to   space 1536K, 0% used [0x00000000d6400000,0x00000000d6400000,0x00000000d6580000)
 ParOldGen       total 94208K, used 93756K [0x0000000080000000, 0x0000000085c00000, 0x00000000d5580000)
  object space 94208K, 99% used [0x0000000080000000,0x0000000085b8f1c8,0x0000000085c00000)
 Metaspace       used 78876K, committed 80704K, reserved 1179648K
  class space    used 9714K, committed 10496K, reserved 1048576K
}
Event: 25.541 GC heap before
{Heap before GC invocations=94 (full 3):
 PSYoungGen      total 16384K, used 16050K [0x00000000d5580000, 0x00000000d6700000, 0x0000000100000000)
  eden space 14848K, 100% used [0x00000000d5580000,0x00000000d6400000,0x00000000d6400000)
  from space 1536K, 78% used [0x00000000d6580000,0x00000000d66acbb0,0x00000000d6700000)
  to   space 1536K, 0% used [0x00000000d6400000,0x00000000d6400000,0x00000000d6580000)
 ParOldGen       total 94208K, used 93756K [0x0000000080000000, 0x0000000085c00000, 0x00000000d5580000)
  object space 94208K, 99% used [0x0000000080000000,0x0000000085b8f1c8,0x0000000085c00000)
 Metaspace       used 79074K, committed 80896K, reserved 1179648K
  class space    used 9719K, committed 10496K, reserved 1048576K
}
Event: 25.542 GC heap after
{Heap after GC invocations=94 (full 3):
 PSYoungGen      total 16384K, used 1195K [0x00000000d5580000, 0x00000000d6700000, 0x0000000100000000)
  eden space 14848K, 0% used [0x00000000d5580000,0x00000000d5580000,0x00000000d6400000)
  from space 1536K, 77% used [0x00000000d6400000,0x00000000d652ad58,0x00000000d6580000)
  to   space 1536K, 0% used [0x00000000d6580000,0x00000000d6580000,0x00000000d6700000)
 ParOldGen       total 94720K, used 94485K [0x0000000080000000, 0x0000000085c80000, 0x00000000d5580000)
  object space 94720K, 99% used [0x0000000080000000,0x0000000085c456d8,0x0000000085c80000)
 Metaspace       used 79074K, committed 80896K, reserved 1179648K
  class space    used 9719K, committed 10496K, reserved 1048576K
}
Event: 25.794 GC heap before
{Heap before GC invocations=95 (full 3):
 PSYoungGen      total 16384K, used 16043K [0x00000000d5580000, 0x00000000d6700000, 0x0000000100000000)
  eden space 14848K, 100% used [0x00000000d5580000,0x00000000d6400000,0x00000000d6400000)
  from space 1536K, 77% used [0x00000000d6400000,0x00000000d652ad58,0x00000000d6580000)
  to   space 1536K, 0% used [0x00000000d6580000,0x00000000d6580000,0x00000000d6700000)
 ParOldGen       total 94720K, used 94485K [0x0000000080000000, 0x0000000085c80000, 0x00000000d5580000)
  object space 94720K, 99% used [0x0000000080000000,0x0000000085c456d8,0x0000000085c80000)
 Metaspace       used 79401K, committed 81152K, reserved 1179648K
  class space    used 9747K, committed 10496K, reserved 1048576K
}
Event: 25.797 GC heap after
{Heap after GC invocations=95 (full 3):
 PSYoungGen      total 14336K, used 1525K [0x00000000d5580000, 0x00000000d6b00000, 0x0000000100000000)
  eden space 12800K, 0% used [0x00000000d5580000,0x00000000d5580000,0x00000000d6200000)
  from space 1536K, 99% used [0x00000000d6580000,0x00000000d66fd7d0,0x00000000d6700000)
  to   space 3584K, 0% used [0x00000000d6200000,0x00000000d6200000,0x00000000d6580000)
 ParOldGen       total 96256K, used 96078K [0x0000000080000000, 0x0000000085e00000, 0x00000000d5580000)
  object space 96256K, 99% used [0x0000000080000000,0x0000000085dd3978,0x0000000085e00000)
 Metaspace       used 79401K, committed 81152K, reserved 1179648K
  class space    used 9747K, committed 10496K, reserved 1048576K
}
Event: 25.950 GC heap before
{Heap before GC invocations=96 (full 3):
 PSYoungGen      total 14336K, used 14325K [0x00000000d5580000, 0x00000000d6b00000, 0x0000000100000000)
  eden space 12800K, 100% used [0x00000000d5580000,0x00000000d6200000,0x00000000d6200000)
  from space 1536K, 99% used [0x00000000d6580000,0x00000000d66fd7d0,0x00000000d6700000)
  to   space 3584K, 0% used [0x00000000d6200000,0x00000000d6200000,0x00000000d6580000)
 ParOldGen       total 96256K, used 96078K [0x0000000080000000, 0x0000000085e00000, 0x00000000d5580000)
  object space 96256K, 99% used [0x0000000080000000,0x0000000085dd3978,0x0000000085e00000)
 Metaspace       used 79492K, committed 81216K, reserved 1179648K
  class space    used 9750K, committed 10496K, reserved 1048576K
}
Event: 25.953 GC heap after
{Heap after GC invocations=96 (full 3):
 PSYoungGen      total 14848K, used 1882K [0x00000000d5580000, 0x00000000d6700000, 0x0000000100000000)
  eden space 12800K, 0% used [0x00000000d5580000,0x00000000d5580000,0x00000000d6200000)
  from space 2048K, 91% used [0x00000000d6200000,0x00000000d63d6920,0x00000000d6400000)
  to   space 2560K, 0% used [0x00000000d6480000,0x00000000d6480000,0x00000000d6700000)
 ParOldGen       total 97792K, used 97375K [0x0000000080000000, 0x0000000085f80000, 0x00000000d5580000)
  object space 97792K, 99% used [0x0000000080000000,0x0000000085f17d30,0x0000000085f80000)
 Metaspace       used 79492K, committed 81216K, reserved 1179648K
  class space    used 9750K, committed 10496K, reserved 1048576K
}
Event: 26.144 GC heap before
{Heap before GC invocations=97 (full 3):
 PSYoungGen      total 14848K, used 14682K [0x00000000d5580000, 0x00000000d6700000, 0x0000000100000000)
  eden space 12800K, 100% used [0x00000000d5580000,0x00000000d6200000,0x00000000d6200000)
  from space 2048K, 91% used [0x00000000d6200000,0x00000000d63d6920,0x00000000d6400000)
  to   space 2560K, 0% used [0x00000000d6480000,0x00000000d6480000,0x00000000d6700000)
 ParOldGen       total 97792K, used 97375K [0x0000000080000000, 0x0000000085f80000, 0x00000000d5580000)
  object space 97792K, 99% used [0x0000000080000000,0x0000000085f17d30,0x0000000085f80000)
 Metaspace       used 79615K, committed 81344K, reserved 1179648K
  class space    used 9756K, committed 10496K, reserved 1048576K
}
Event: 26.146 GC heap after
{Heap after GC invocations=97 (full 3):
 PSYoungGen      total 14848K, used 1608K [0x00000000d5580000, 0x00000000d6680000, 0x0000000100000000)
  eden space 12800K, 0% used [0x00000000d5580000,0x00000000d5580000,0x00000000d6200000)
  from space 2048K, 78% used [0x00000000d6480000,0x00000000d6612290,0x00000000d6680000)
  to   space 2048K, 0% used [0x00000000d6200000,0x00000000d6200000,0x00000000d6400000)
 ParOldGen       total 99328K, used 98989K [0x0000000080000000, 0x0000000086100000, 0x00000000d5580000)
  object space 99328K, 99% used [0x0000000080000000,0x00000000860ab678,0x0000000086100000)
 Metaspace       used 79615K, committed 81344K, reserved 1179648K
  class space    used 9756K, committed 10496K, reserved 1048576K
}
Event: 26.265 GC heap before
{Heap before GC invocations=98 (full 3):
 PSYoungGen      total 14848K, used 14408K [0x00000000d5580000, 0x00000000d6680000, 0x0000000100000000)
  eden space 12800K, 100% used [0x00000000d5580000,0x00000000d6200000,0x00000000d6200000)
  from space 2048K, 78% used [0x00000000d6480000,0x00000000d6612290,0x00000000d6680000)
  to   space 2048K, 0% used [0x00000000d6200000,0x00000000d6200000,0x00000000d6400000)
 ParOldGen       total 99328K, used 98989K [0x0000000080000000, 0x0000000086100000, 0x00000000d5580000)
  object space 99328K, 99% used [0x0000000080000000,0x00000000860ab678,0x0000000086100000)
 Metaspace       used 79725K, committed 81472K, reserved 1179648K
  class space    used 9756K, committed 10496K, reserved 1048576K
}
Event: 26.268 GC heap after
{Heap after GC invocations=98 (full 3):
 PSYoungGen      total 13824K, used 756K [0x00000000d5580000, 0x00000000d6500000, 0x0000000100000000)
  eden space 12800K, 0% used [0x00000000d5580000,0x00000000d5580000,0x00000000d6200000)
  from space 1024K, 73% used [0x00000000d6200000,0x00000000d62bd200,0x00000000d6300000)
  to   space 1536K, 0% used [0x00000000d6380000,0x00000000d6380000,0x00000000d6500000)
 ParOldGen       total 100352K, used 100262K [0x0000000080000000, 0x0000000086200000, 0x00000000d5580000)
  object space 100352K, 99% used [0x0000000080000000,0x00000000861e9990,0x0000000086200000)
 Metaspace       used 79725K, committed 81472K, reserved 1179648K
  class space    used 9756K, committed 10496K, reserved 1048576K
}
Event: 26.382 GC heap before
{Heap before GC invocations=99 (full 3):
 PSYoungGen      total 13824K, used 13556K [0x00000000d5580000, 0x00000000d6500000, 0x0000000100000000)
  eden space 12800K, 100% used [0x00000000d5580000,0x00000000d6200000,0x00000000d6200000)
  from space 1024K, 73% used [0x00000000d6200000,0x00000000d62bd200,0x00000000d6300000)
  to   space 1536K, 0% used [0x00000000d6380000,0x00000000d6380000,0x00000000d6500000)
 ParOldGen       total 100352K, used 100262K [0x0000000080000000, 0x0000000086200000, 0x00000000d5580000)
  object space 100352K, 99% used [0x0000000080000000,0x00000000861e9990,0x0000000086200000)
 Metaspace       used 79856K, committed 81664K, reserved 1179648K
  class space    used 9759K, committed 10560K, reserved 1048576K
}
Event: 26.384 GC heap after
{Heap after GC invocations=99 (full 3):
 PSYoungGen      total 13312K, used 506K [0x00000000d5580000, 0x00000000d6400000, 0x0000000100000000)
  eden space 12800K, 0% used [0x00000000d5580000,0x00000000d5580000,0x00000000d6200000)
  from space 512K, 98% used [0x00000000d6380000,0x00000000d63fe900,0x00000000d6400000)
  to   space 1024K, 0% used [0x00000000d6200000,0x00000000d6200000,0x00000000d6300000)
 ParOldGen       total 101376K, used 100864K [0x0000000080000000, 0x0000000086300000, 0x00000000d5580000)
  object space 101376K, 99% used [0x0000000080000000,0x0000000086280160,0x0000000086300000)
 Metaspace       used 79856K, committed 81664K, reserved 1179648K
  class space    used 9759K, committed 10560K, reserved 1048576K
}
Event: 26.478 GC heap before
{Heap before GC invocations=100 (full 3):
 PSYoungGen      total 13312K, used 13306K [0x00000000d5580000, 0x00000000d6400000, 0x0000000100000000)
  eden space 12800K, 100% used [0x00000000d5580000,0x00000000d6200000,0x00000000d6200000)
  from space 512K, 98% used [0x00000000d6380000,0x00000000d63fe900,0x00000000d6400000)
  to   space 1024K, 0% used [0x00000000d6200000,0x00000000d6200000,0x00000000d6300000)
 ParOldGen       total 101376K, used 100864K [0x0000000080000000, 0x0000000086300000, 0x00000000d5580000)
  object space 101376K, 99% used [0x0000000080000000,0x0000000086280160,0x0000000086300000)
 Metaspace       used 79959K, committed 81728K, reserved 1179648K
  class space    used 9759K, committed 10560K, reserved 1048576K
}
Event: 26.480 GC heap after
{Heap after GC invocations=100 (full 3):
 PSYoungGen      total 13824K, used 906K [0x00000000d5580000, 0x00000000d6400000, 0x0000000100000000)
  eden space 12800K, 0% used [0x00000000d5580000,0x00000000d5580000,0x00000000d6200000)
  from space 1024K, 88% used [0x00000000d6200000,0x00000000d62e2910,0x00000000d6300000)
  to   space 1024K, 0% used [0x00000000d6300000,0x00000000d6300000,0x00000000d6400000)
 ParOldGen       total 101376K, used 101248K [0x0000000080000000, 0x0000000086300000, 0x00000000d5580000)
  object space 101376K, 99% used [0x0000000080000000,0x00000000862e0380,0x0000000086300000)
 Metaspace       used 79959K, committed 81728K, reserved 1179648K
  class space    used 9759K, committed 10560K, reserved 1048576K
}
Event: 26.569 GC heap before
{Heap before GC invocations=101 (full 3):
 PSYoungGen      total 13824K, used 13706K [0x00000000d5580000, 0x00000000d6400000, 0x0000000100000000)
  eden space 12800K, 100% used [0x00000000d5580000,0x00000000d6200000,0x00000000d6200000)
  from space 1024K, 88% used [0x00000000d6200000,0x00000000d62e2910,0x00000000d6300000)
  to   space 1024K, 0% used [0x00000000d6300000,0x00000000d6300000,0x00000000d6400000)
 ParOldGen       total 101376K, used 101248K [0x0000000080000000, 0x0000000086300000, 0x00000000d5580000)
  object space 101376K, 99% used [0x0000000080000000,0x00000000862e0380,0x0000000086300000)
 Metaspace       used 80043K, committed 81856K, reserved 1179648K
  class space    used 9759K, committed 10560K, reserved 1048576K
}
Event: 26.571 GC heap after
{Heap after GC invocations=101 (full 3):
 PSYoungGen      total 12800K, used 1012K [0x00000000d5580000, 0x00000000d6600000, 0x0000000100000000)
  eden space 11776K, 0% used [0x00000000d5580000,0x00000000d5580000,0x00000000d6100000)
  from space 1024K, 98% used [0x00000000d6300000,0x00000000d63fd200,0x00000000d6400000)
  to   space 2048K, 0% used [0x00000000d6100000,0x00000000d6100000,0x00000000d6300000)
 ParOldGen       total 102400K, used 102003K [0x0000000080000000, 0x0000000086400000, 0x00000000d5580000)
  object space 102400K, 99% used [0x0000000080000000,0x000000008639cd48,0x0000000086400000)
 Metaspace       used 80043K, committed 81856K, reserved 1179648K
  class space    used 9759K, committed 10560K, reserved 1048576K
}
Event: 26.703 GC heap before
{Heap before GC invocations=102 (full 3):
 PSYoungGen      total 12800K, used 12788K [0x00000000d5580000, 0x00000000d6600000, 0x0000000100000000)
  eden space 11776K, 100% used [0x00000000d5580000,0x00000000d6100000,0x00000000d6100000)
  from space 1024K, 98% used [0x00000000d6300000,0x00000000d63fd200,0x00000000d6400000)
  to   space 2048K, 0% used [0x00000000d6100000,0x00000000d6100000,0x00000000d6300000)
 ParOldGen       total 102400K, used 102003K [0x0000000080000000, 0x0000000086400000, 0x00000000d5580000)
  object space 102400K, 99% used [0x0000000080000000,0x000000008639cd48,0x0000000086400000)
 Metaspace       used 80163K, committed 81920K, reserved 1179648K
  class space    used 9759K, committed 10560K, reserved 1048576K
}
Event: 26.705 GC heap after
{Heap after GC invocations=102 (full 3):
 PSYoungGen      total 13824K, used 2018K [0x00000000d5580000, 0x00000000d6800000, 0x0000000100000000)
  eden space 11776K, 0% used [0x00000000d5580000,0x00000000d5580000,0x00000000d6100000)
  from space 2048K, 98% used [0x00000000d6100000,0x00000000d62f8ac0,0x00000000d6300000)
  to   space 3584K, 0% used [0x00000000d6480000,0x00000000d6480000,0x00000000d6800000)
 ParOldGen       total 103424K, used 103156K [0x0000000080000000, 0x0000000086500000, 0x00000000d5580000)
  object space 103424K, 99% used [0x0000000080000000,0x00000000864bd360,0x0000000086500000)
 Metaspace       used 80163K, committed 81920K, reserved 1179648K
  class space    used 9759K, committed 10560K, reserved 1048576K
}

Dll operation events (15 events):
Event: 0.017 Loaded shared library c:\Users\HP\.antigravity\extensions\redhat.java-1.54.0-win32-x64\jre\21.0.10-win32-x86_64\bin\java.dll
Event: 0.087 Loaded shared library c:\Users\HP\.antigravity\extensions\redhat.java-1.54.0-win32-x64\jre\21.0.10-win32-x86_64\bin\zip.dll
Event: 0.114 Loaded shared library C:\Users\HP\.antigravity\extensions\redhat.java-1.54.0-win32-x64\jre\21.0.10-win32-x86_64\bin\instrument.dll
Event: 0.123 Loaded shared library C:\Users\HP\.antigravity\extensions\redhat.java-1.54.0-win32-x64\jre\21.0.10-win32-x86_64\bin\net.dll
Event: 0.126 Loaded shared library C:\Users\HP\.antigravity\extensions\redhat.java-1.54.0-win32-x64\jre\21.0.10-win32-x86_64\bin\nio.dll
Event: 0.129 Loaded shared library C:\Users\HP\.antigravity\extensions\redhat.java-1.54.0-win32-x64\jre\21.0.10-win32-x86_64\bin\zip.dll
Event: 0.163 Loaded shared library C:\Users\HP\.antigravity\extensions\redhat.java-1.54.0-win32-x64\jre\21.0.10-win32-x86_64\bin\jimage.dll
Event: 0.289 Loaded shared library c:\Users\HP\.antigravity\extensions\redhat.java-1.54.0-win32-x64\jre\21.0.10-win32-x86_64\bin\verify.dll
Event: 1.931 Loaded shared library C:\Users\HP\AppData\Roaming\Antigravity\User\globalStorage\redhat.java\1.54.0\config_win\org.eclipse.equinox.launcher\org.eclipse.equinox.launcher.win32.win32.x86_64_1.3.0.v20260203-2149\eclipse_11919.dll
Event: 3.246 Loaded shared library C:\Users\HP\AppData\Local\Temp\jna-2312\jna17474372671652454413.dll
Event: 7.877 Loaded shared library C:\Users\HP\.gradle\native\1def1411415f61bf3af743bc5b6707747c0891f09f0c88961ee8f79bc544acac\windows-amd64\native-platform.dll
Event: 11.578 Loaded shared library C:\Users\HP\.antigravity\extensions\redhat.java-1.54.0-win32-x64\jre\21.0.10-win32-x86_64\bin\management.dll
Event: 11.587 Loaded shared library C:\Users\HP\.antigravity\extensions\redhat.java-1.54.0-win32-x64\jre\21.0.10-win32-x86_64\bin\management_ext.dll
Event: 15.215 Loaded shared library C:\Users\HP\.antigravity\extensions\redhat.java-1.54.0-win32-x64\jre\21.0.10-win32-x86_64\bin\extnet.dll
Event: 15.484 Loaded shared library C:\Users\HP\.antigravity\extensions\redhat.java-1.54.0-win32-x64\jre\21.0.10-win32-x86_64\bin\sunmscapi.dll

Deoptimization events (20 events):
Event: 31.639 Thread 0x0000017b7f3dd150 DEOPT PACKING pc=0x0000017b00bec05e sp=0x00000074bccfed00
Event: 31.639 Thread 0x0000017b7f3dd150 DEOPT UNPACKING pc=0x0000017b07584242 sp=0x00000074bccfe258 mode 0
Event: 31.639 Thread 0x0000017b7f3dd150 DEOPT PACKING pc=0x0000017b00bec05e sp=0x00000074bccfed00
Event: 31.639 Thread 0x0000017b7f3dd150 DEOPT UNPACKING pc=0x0000017b07584242 sp=0x00000074bccfe258 mode 0
Event: 31.640 Thread 0x0000017b7f3dd150 DEOPT PACKING pc=0x0000017b00bec05e sp=0x00000074bccfed00
Event: 31.640 Thread 0x0000017b7f3dd150 DEOPT UNPACKING pc=0x0000017b07584242 sp=0x00000074bccfe258 mode 0
Event: 31.640 Thread 0x0000017b7f3dd150 DEOPT PACKING pc=0x0000017b00bec05e sp=0x00000074bccfed00
Event: 31.640 Thread 0x0000017b7f3dd150 DEOPT UNPACKING pc=0x0000017b07584242 sp=0x00000074bccfe258 mode 0
Event: 31.640 Thread 0x0000017b7f3dd150 DEOPT PACKING pc=0x0000017b00bec05e sp=0x00000074bccfed00
Event: 31.640 Thread 0x0000017b7f3dd150 DEOPT UNPACKING pc=0x0000017b07584242 sp=0x00000074bccfe258 mode 0
Event: 31.640 Thread 0x0000017b7f3dd150 DEOPT PACKING pc=0x0000017b00bec05e sp=0x00000074bccfed00
Event: 31.640 Thread 0x0000017b7f3dd150 DEOPT UNPACKING pc=0x0000017b07584242 sp=0x00000074bccfe258 mode 0
Event: 31.641 Thread 0x0000017b7f3dd150 DEOPT PACKING pc=0x0000017b00bec05e sp=0x00000074bccfed00
Event: 31.641 Thread 0x0000017b7f3dd150 DEOPT UNPACKING pc=0x0000017b07584242 sp=0x00000074bccfe258 mode 0
Event: 31.641 Thread 0x0000017b7f3dd150 DEOPT PACKING pc=0x0000017b00bec05e sp=0x00000074bccfed00
Event: 31.641 Thread 0x0000017b7f3dd150 DEOPT UNPACKING pc=0x0000017b07584242 sp=0x00000074bccfe258 mode 0
Event: 177.496 Thread 0x0000017b5a032e90 Uncommon trap: trap_request=0xffffff45 fr.pc=0x0000017b082544b0 relative=0x0000000000000270
Event: 177.496 Thread 0x0000017b5a032e90 Uncommon trap: reason=unstable_if action=reinterpret pc=0x0000017b082544b0 method=org.eclipse.jdt.internal.core.PackageFragment.equals(Ljava/lang/Object;)Z @ 11 c2
Event: 177.496 Thread 0x0000017b5a032e90 DEOPT PACKING pc=0x0000017b082544b0 sp=0x00000074bf0fe630
Event: 177.496 Thread 0x0000017b5a032e90 DEOPT UNPACKING pc=0x0000017b07583aa2 sp=0x00000074bf0fe5d8 mode 2

Classes loaded (20 events):
Event: 31.679 Loading class sun/util/locale/provider/TimeZoneNameProviderImpl done
Event: 31.679 Loading class sun/util/cldr/CLDRTimeZoneNameProviderImpl done
Event: 31.679 Loading class sun/util/locale/provider/BaseLocaleDataMetaInfo
Event: 31.679 Loading class sun/util/locale/provider/BaseLocaleDataMetaInfo done
Event: 31.682 Loading class sun/util/resources/cldr/TimeZoneNames
Event: 31.683 Loading class sun/util/resources/TimeZoneNamesBundle
Event: 31.683 Loading class sun/util/resources/OpenListResourceBundle
Event: 31.683 Loading class sun/util/resources/OpenListResourceBundle done
Event: 31.683 Loading class sun/util/resources/TimeZoneNamesBundle done
Event: 31.683 Loading class sun/util/resources/cldr/TimeZoneNames done
Event: 31.684 Loading class sun/util/resources/cldr/TimeZoneNames_en
Event: 31.686 Loading class sun/util/resources/cldr/TimeZoneNames_en done
Event: 31.687 Loading class sun/util/resources/cldr/TimeZoneNames_en_US
Event: 31.687 Loading class sun/util/resources/cldr/TimeZoneNames_en_US done
Event: 31.688 Loading class sun/util/cldr/CLDRBaseLocaleDataMetaInfo$TZCanonicalIDMapHolder
Event: 31.689 Loading class sun/util/cldr/CLDRBaseLocaleDataMetaInfo$TZCanonicalIDMapHolder done
Event: 31.690 Loading class sun/util/resources/TimeZoneNames
Event: 31.691 Loading class sun/util/resources/TimeZoneNames done
Event: 31.692 Loading class sun/util/resources/TimeZoneNames_en
Event: 31.692 Loading class sun/util/resources/TimeZoneNames_en done

Classes unloaded (7 events):
Event: 4.035 Thread 0x0000017b79275b40 Unloading class 0x0000017b141acc00 'java/lang/invoke/LambdaForm$MH+0x0000017b141acc00'
Event: 4.035 Thread 0x0000017b79275b40 Unloading class 0x0000017b141ac800 'java/lang/invoke/LambdaForm$MH+0x0000017b141ac800'
Event: 4.035 Thread 0x0000017b79275b40 Unloading class 0x0000017b141ac400 'java/lang/invoke/LambdaForm$MH+0x0000017b141ac400'
Event: 4.035 Thread 0x0000017b79275b40 Unloading class 0x0000017b141ac000 'java/lang/invoke/LambdaForm$MH+0x0000017b141ac000'
Event: 4.035 Thread 0x0000017b79275b40 Unloading class 0x0000017b141abc00 'java/lang/invoke/LambdaForm$BMH+0x0000017b141abc00'
Event: 4.035 Thread 0x0000017b79275b40 Unloading class 0x0000017b141ab800 'java/lang/invoke/LambdaForm$DMH+0x0000017b141ab800'
Event: 4.035 Thread 0x0000017b79275b40 Unloading class 0x0000017b141aa400 'java/lang/invoke/LambdaForm$DMH+0x0000017b141aa400'

Classes redefined (0 events):
No events

Internal exceptions (20 events):
Event: 22.638 Thread 0x0000017b58b70e20 Exception <a 'java/lang/NoSuchMethodError'{0x00000000d5c8f4e0}: 'java.lang.Object java.lang.invoke.DirectMethodHandle$Holder.invokeSpecial(java.lang.Object, java.lang.Object, int, long)'> (0x00000000d5c8f4e0) 
thrown [s\src\hotspot\share\interpreter\linkResolver.cpp, line 773]
Event: 22.647 Thread 0x0000017b5a52a090 Exception <a 'java/lang/NoSuchMethodError'{0x00000000d5cd9610}: 'void java.lang.invoke.DirectMethodHandle$Holder.invokeVirtual(java.lang.Object, java.lang.Object, int)'> (0x00000000d5cd9610) 
thrown [s\src\hotspot\share\interpreter\linkResolver.cpp, line 773]
Event: 23.508 Thread 0x0000017b58b6ed50 Implicit null exception at 0x0000017b07f7cba6 to 0x0000017b07f7d144
Event: 23.565 Thread 0x0000017b5a52a090 Exception <a 'java/lang/NoSuchMethodError'{0x00000000d5e450e8}: 'void java.lang.invoke.DirectMethodHandle$Holder.invokeInterface(java.lang.Object, java.lang.Object)'> (0x00000000d5e450e8) 
thrown [s\src\hotspot\share\interpreter\linkResolver.cpp, line 773]
Event: 23.658 Thread 0x0000017b5a700a40 Exception <a 'java/lang/NoSuchMethodError'{0x00000000d55c87b0}: 'void java.lang.invoke.DirectMethodHandle$Holder.invokeSpecial(java.lang.Object, java.lang.Object, java.lang.Object, java.lang.Object, java.lang.Object, java.lang.Object, java.lang.Object, java.lang.Object)'> (0x00000000d55c87b0) 
thrown [s\src\hotspot\share\interpreter\linkResolver.cpp, line 773]
Event: 24.045 Thread 0x0000017b5a52a090 Exception <a 'sun/nio/fs/WindowsException'{0x00000000d5bf9208}> (0x00000000d5bf9208) 
thrown [s\src\hotspot\share\prims\jni.cpp, line 520]
Event: 24.045 Thread 0x0000017b5a52a090 Exception <a 'sun/nio/fs/WindowsException'{0x00000000d5bf9d38}> (0x00000000d5bf9d38) 
thrown [s\src\hotspot\share\prims\jni.cpp, line 520]
Event: 24.671 Thread 0x0000017b58b6ed50 Exception <a 'java/lang/NoSuchMethodError'{0x00000000d5a27d98}: 'int java.lang.invoke.DirectMethodHandle$Holder.invokeSpecialIFC(java.lang.Object, java.lang.Object, java.lang.Object)'> (0x00000000d5a27d98) 
thrown [s\src\hotspot\share\interpreter\linkResolver.cpp, line 773]
Event: 24.747 Thread 0x0000017b58b6d9a0 Exception <a 'sun/nio/fs/WindowsException'{0x00000000d5d33f68}> (0x00000000d5d33f68) 
thrown [s\src\hotspot\share\prims\jni.cpp, line 520]
Event: 24.747 Thread 0x0000017b58b6d9a0 Exception <a 'sun/nio/fs/WindowsException'{0x00000000d5d347e8}> (0x00000000d5d347e8) 
thrown [s\src\hotspot\share\prims\jni.cpp, line 520]
Event: 24.748 Thread 0x0000017b58b6d9a0 Exception <a 'sun/nio/fs/WindowsException'{0x00000000d5d35a10}> (0x00000000d5d35a10) 
thrown [s\src\hotspot\share\prims\jni.cpp, line 520]
Event: 24.748 Thread 0x0000017b58b6d9a0 Exception <a 'sun/nio/fs/WindowsException'{0x00000000d5d36290}> (0x00000000d5d36290) 
thrown [s\src\hotspot\share\prims\jni.cpp, line 520]
Event: 24.749 Thread 0x0000017b58b6d9a0 Exception <a 'sun/nio/fs/WindowsException'{0x00000000d5d3fff0}> (0x00000000d5d3fff0) 
thrown [s\src\hotspot\share\prims\jni.cpp, line 520]
Event: 24.749 Thread 0x0000017b58b6d9a0 Exception <a 'sun/nio/fs/WindowsException'{0x00000000d5d40870}> (0x00000000d5d40870) 
thrown [s\src\hotspot\share\prims\jni.cpp, line 520]
Event: 24.755 Thread 0x0000017b58b6d9a0 Exception <a 'sun/nio/fs/WindowsException'{0x00000000d5dbd290}> (0x00000000d5dbd290) 
thrown [s\src\hotspot\share\prims\jni.cpp, line 520]
Event: 24.755 Thread 0x0000017b58b6d9a0 Exception <a 'sun/nio/fs/WindowsException'{0x00000000d5dbddc0}> (0x00000000d5dbddc0) 
thrown [s\src\hotspot\share\prims\jni.cpp, line 520]
Event: 25.080 Thread 0x0000017b58b6ed50 Exception <a 'java/io/FileNotFoundException'{0x00000000d5c9fcf8}> (0x00000000d5c9fcf8) 
thrown [s\src\hotspot\share\prims\jni.cpp, line 520]
Event: 25.081 Thread 0x0000017b58b6ed50 Exception <a 'java/io/FileNotFoundException'{0x00000000d5ca0e08}> (0x00000000d5ca0e08) 
thrown [s\src\hotspot\share\prims\jni.cpp, line 520]
Event: 25.082 Thread 0x0000017b58b6ed50 Exception <a 'java/io/FileNotFoundException'{0x00000000d5ca1f78}> (0x00000000d5ca1f78) 
thrown [s\src\hotspot\share\prims\jni.cpp, line 520]
Event: 25.661 Thread 0x0000017b58b6ed50 Exception <a 'java/lang/NoSuchMethodError'{0x00000000d5eeb1e8}: 'java.lang.Object java.lang.invoke.DirectMethodHandle$Holder.invokeStatic(java.lang.Object, java.lang.Object, int, java.lang.Object, java.lang.Object)'> (0x00000000d5eeb1e8) 
thrown [s\src\hotspot\share\interpreter\linkResolver.cpp, line 773]

ZGC Phase Switch (0 events):
No events

VM Operations (20 events):
Event: 26.478 Executing safepoint VM operation: ParallelGCFailedAllocation (Allocation Failure)
Event: 26.480 Executing safepoint VM operation: ParallelGCFailedAllocation (Allocation Failure) done
Event: 26.569 Executing safepoint VM operation: ParallelGCFailedAllocation (Allocation Failure)
Event: 26.571 Executing safepoint VM operation: ParallelGCFailedAllocation (Allocation Failure) done
Event: 26.703 Executing safepoint VM operation: ParallelGCFailedAllocation (Allocation Failure)
Event: 26.705 Executing safepoint VM operation: ParallelGCFailedAllocation (Allocation Failure) done
Event: 27.706 Executing safepoint VM operation: Cleanup
Event: 27.706 Executing safepoint VM operation: Cleanup done
Event: 31.707 Executing safepoint VM operation: Cleanup
Event: 31.708 Executing safepoint VM operation: Cleanup done
Event: 35.710 Executing safepoint VM operation: Cleanup
Event: 35.710 Executing safepoint VM operation: Cleanup done
Event: 60.100 Executing non-safepoint VM operation: HandshakeAllThreads (HandshakeForDeflation)
Event: 60.100 Executing non-safepoint VM operation: HandshakeAllThreads (HandshakeForDeflation) done
Event: 60.100 Executing non-safepoint VM operation: RendezvousGCThreads
Event: 60.100 Executing non-safepoint VM operation: RendezvousGCThreads done
Event: 178.164 Executing safepoint VM operation: Cleanup
Event: 178.520 Executing safepoint VM operation: Cleanup done
Event: 182.521 Executing safepoint VM operation: Cleanup
Event: 182.521 Executing safepoint VM operation: Cleanup done

Memory protections (0 events):
No events

Nmethod flushes (20 events):
Event: 13.170 Thread 0x0000017b79275b40 flushing  nmethod 0x0000017b00694890
Event: 13.170 Thread 0x0000017b79275b40 flushing  nmethod 0x0000017b0069b810
Event: 13.170 Thread 0x0000017b79275b40 flushing  nmethod 0x0000017b006a0b10
Event: 13.170 Thread 0x0000017b79275b40 flushing  nmethod 0x0000017b006af990
Event: 13.170 Thread 0x0000017b79275b40 flushing  nmethod 0x0000017b006b3110
Event: 13.170 Thread 0x0000017b79275b40 flushing  nmethod 0x0000017b006bbe10
Event: 13.170 Thread 0x0000017b79275b40 flushing  nmethod 0x0000017b0073bf10
Event: 13.170 Thread 0x0000017b79275b40 flushing  nmethod 0x0000017b00766e10
Event: 13.170 Thread 0x0000017b79275b40 flushing  nmethod 0x0000017b00767d10
Event: 13.170 Thread 0x0000017b79275b40 flushing  nmethod 0x0000017b00768d90
Event: 13.170 Thread 0x0000017b79275b40 flushing  nmethod 0x0000017b00769390
Event: 13.170 Thread 0x0000017b79275b40 flushing  nmethod 0x0000017b00769c10
Event: 13.170 Thread 0x0000017b79275b40 flushing  nmethod 0x0000017b0076d110
Event: 13.170 Thread 0x0000017b79275b40 flushing  nmethod 0x0000017b0076ee90
Event: 13.170 Thread 0x0000017b79275b40 flushing  nmethod 0x0000017b0076f910
Event: 13.170 Thread 0x0000017b79275b40 flushing  nmethod 0x0000017b0076fe90
Event: 13.170 Thread 0x0000017b79275b40 flushing  nmethod 0x0000017b0078bd90
Event: 13.170 Thread 0x0000017b79275b40 flushing  nmethod 0x0000017b0078c990
Event: 13.170 Thread 0x0000017b79275b40 flushing osr nmethod 0x0000017b0079d810
Event: 13.170 Thread 0x0000017b79275b40 flushing  nmethod 0x0000017b0080b890

Events (20 events):
Event: 23.653 Thread 0x0000017b5a52a090 Thread added: 0x0000017b5a6fdc50
Event: 23.654 Thread 0x0000017b5a52a090 Thread added: 0x0000017b5a700a40
Event: 23.908 Thread 0x0000017b5a6fb4f0 Thread exited: 0x0000017b5a6fb4f0
Event: 23.908 Thread 0x0000017b5a6fc210 Thread exited: 0x0000017b5a6fc210
Event: 23.908 Thread 0x0000017b5a6fdc50 Thread exited: 0x0000017b5a6fdc50
Event: 23.908 Thread 0x0000017b5a6fbb80 Thread exited: 0x0000017b5a6fbb80
Event: 23.908 Thread 0x0000017b5a700a40 Thread exited: 0x0000017b5a700a40
Event: 25.286 Thread 0x0000017b58b6d9a0 Thread added: 0x0000017b5a6fb4f0
Event: 25.520 Thread 0x0000017b5a6fb4f0 Thread exited: 0x0000017b5a6fb4f0
Event: 31.616 Thread 0x0000017b5b76ffc0 Thread exited: 0x0000017b5b76ffc0
Event: 31.616 Thread 0x0000017b5b76f8f0 Thread exited: 0x0000017b5b76f8f0
Event: 31.648 Thread 0x0000017b7dee0ab0 Thread added: 0x0000017b7eff62f0
Event: 31.648 Thread 0x0000017b7dee0ab0 Thread added: 0x0000017b7eff4e80
Event: 36.699 Thread 0x0000017b7eff4e80 Thread exited: 0x0000017b7eff4e80
Event: 36.720 Thread 0x0000017b7eff62f0 Thread exited: 0x0000017b7eff62f0
Event: 84.753 Thread 0x0000017b5a52a090 Thread exited: 0x0000017b5a52a090
Event: 85.195 Thread 0x0000017b58b6f3e0 Thread exited: 0x0000017b58b6f3e0
Event: 85.535 Thread 0x0000017b58b6d9a0 Thread exited: 0x0000017b58b6d9a0
Event: 86.614 Thread 0x0000017b58b6fa70 Thread exited: 0x0000017b58b6fa70
Event: 144.753 Thread 0x0000017b5a527fc0 Thread exited: 0x0000017b5a527fc0


Dynamic libraries:
0x00007ff7532b0000 - 0x00007ff7532be000 	c:\Users\HP\.antigravity\extensions\redhat.java-1.54.0-win32-x64\jre\21.0.10-win32-x86_64\bin\java.exe
0x00007fff74500000 - 0x00007fff74767000 	C:\WINDOWS\SYSTEM32\ntdll.dll
0x00007fff338d0000 - 0x00007fff338f1000 	C:\Program Files\Avast Software\Avast\aswhook.dll
0x00007fff73070000 - 0x00007fff73139000 	C:\WINDOWS\System32\KERNEL32.DLL
0x00007fff71490000 - 0x00007fff71884000 	C:\WINDOWS\System32\KERNELBASE.dll
0x00007fff71340000 - 0x00007fff7148b000 	C:\WINDOWS\System32\ucrtbase.dll
0x00007fff6a840000 - 0x00007fff6a858000 	c:\Users\HP\.antigravity\extensions\redhat.java-1.54.0-win32-x64\jre\21.0.10-win32-x86_64\bin\jli.dll
0x00007fff06bb0000 - 0x00007fff06bce000 	c:\Users\HP\.antigravity\extensions\redhat.java-1.54.0-win32-x64\jre\21.0.10-win32-x86_64\bin\VCRUNTIME140.dll
0x00007fff72930000 - 0x00007fff72af5000 	C:\WINDOWS\System32\USER32.dll
0x00007fff70fd0000 - 0x00007fff70ff7000 	C:\WINDOWS\System32\win32u.dll
0x00007fff42c50000 - 0x00007fff42ee3000 	C:\WINDOWS\WinSxS\amd64_microsoft.windows.common-controls_6595b64144ccf1df_6.0.26100.8115_none_3e075c82e3354f9c\COMCTL32.dll
0x00007fff737c0000 - 0x00007fff737eb000 	C:\WINDOWS\System32\GDI32.dll
0x00007fff725f0000 - 0x00007fff72699000 	C:\WINDOWS\System32\msvcrt.dll
0x00007fff71210000 - 0x00007fff7133b000 	C:\WINDOWS\System32\gdi32full.dll
0x00007fff71890000 - 0x00007fff71933000 	C:\WINDOWS\System32\msvcp_win.dll
0x00007fff743f0000 - 0x00007fff74422000 	C:\WINDOWS\System32\IMM32.DLL
0x00007fff1c9c0000 - 0x00007fff1c9cc000 	c:\Users\HP\.antigravity\extensions\redhat.java-1.54.0-win32-x64\jre\21.0.10-win32-x86_64\bin\vcruntime140_1.dll
0x00007fff06880000 - 0x00007fff0690d000 	c:\Users\HP\.antigravity\extensions\redhat.java-1.54.0-win32-x64\jre\21.0.10-win32-x86_64\bin\msvcp140.dll
0x00007ffede490000 - 0x00007ffedf231000 	c:\Users\HP\.antigravity\extensions\redhat.java-1.54.0-win32-x64\jre\21.0.10-win32-x86_64\bin\server\jvm.dll
0x00007fff73150000 - 0x00007fff73206000 	C:\WINDOWS\System32\ADVAPI32.dll
0x00007fff72260000 - 0x00007fff72307000 	C:\WINDOWS\System32\sechost.dll
0x00007fff736a0000 - 0x00007fff737b8000 	C:\WINDOWS\System32\RPCRT4.dll
0x00007fff72380000 - 0x00007fff72400000 	C:\WINDOWS\System32\WS2_32.dll
0x00007fff68b60000 - 0x00007fff68b96000 	C:\WINDOWS\SYSTEM32\WINMM.dll
0x00007fff688e0000 - 0x00007fff688eb000 	C:\WINDOWS\SYSTEM32\VERSION.dll
0x00007fff70c00000 - 0x00007fff70c5e000 	C:\WINDOWS\SYSTEM32\POWRPROF.dll
0x00007fff70be0000 - 0x00007fff70bf4000 	C:\WINDOWS\SYSTEM32\UMPDC.dll
0x00007fff6fb30000 - 0x00007fff6fb4b000 	C:\WINDOWS\SYSTEM32\kernel.appcore.dll
0x00007fff10bf0000 - 0x00007fff10bfa000 	c:\Users\HP\.antigravity\extensions\redhat.java-1.54.0-win32-x64\jre\21.0.10-win32-x86_64\bin\jimage.dll
0x00007fff6eb70000 - 0x00007fff6edb2000 	C:\WINDOWS\SYSTEM32\DBGHELP.DLL
0x00007fff73f60000 - 0x00007fff742e2000 	C:\WINDOWS\System32\combase.dll
0x00007fff726b0000 - 0x00007fff72788000 	C:\WINDOWS\System32\OLEAUT32.dll
0x00007fff5c2c0000 - 0x00007fff5c2fb000 	C:\WINDOWS\SYSTEM32\dbgcore.DLL
0x00007fff71940000 - 0x00007fff719e5000 	C:\WINDOWS\System32\bcryptPrimitives.dll
0x00007fff10a50000 - 0x00007fff10a5f000 	c:\Users\HP\.antigravity\extensions\redhat.java-1.54.0-win32-x64\jre\21.0.10-win32-x86_64\bin\instrument.dll
0x00007fff06b90000 - 0x00007fff06bb0000 	c:\Users\HP\.antigravity\extensions\redhat.java-1.54.0-win32-x64\jre\21.0.10-win32-x86_64\bin\java.dll
0x00007fff737f0000 - 0x00007fff73f57000 	C:\WINDOWS\System32\SHELL32.dll
0x00007fff70da0000 - 0x00007fff70f0a000 	C:\WINDOWS\System32\wintypes.dll
0x00007fff719f0000 - 0x00007fff72258000 	C:\WINDOWS\System32\windows.storage.dll
0x00007fff742f0000 - 0x00007fff743e8000 	C:\WINDOWS\System32\SHCORE.dll
0x00007fff72310000 - 0x00007fff72376000 	C:\WINDOWS\System32\shlwapi.dll
0x00007fff70cc0000 - 0x00007fff70ce9000 	C:\WINDOWS\SYSTEM32\profapi.dll
0x00007fff06b70000 - 0x00007fff06b88000 	c:\Users\HP\.antigravity\extensions\redhat.java-1.54.0-win32-x64\jre\21.0.10-win32-x86_64\bin\zip.dll
0x00007fff0d120000 - 0x00007fff0d130000 	C:\Users\HP\.antigravity\extensions\redhat.java-1.54.0-win32-x64\jre\21.0.10-win32-x86_64\bin\net.dll
0x00007fff68a30000 - 0x00007fff68b5d000 	C:\WINDOWS\SYSTEM32\WINHTTP.dll
0x00007fff700a0000 - 0x00007fff7010c000 	C:\WINDOWS\system32\mswsock.dll
0x00007fff06b50000 - 0x00007fff06b66000 	C:\Users\HP\.antigravity\extensions\redhat.java-1.54.0-win32-x64\jre\21.0.10-win32-x86_64\bin\nio.dll
0x00007fff0cd60000 - 0x00007fff0cd70000 	c:\Users\HP\.antigravity\extensions\redhat.java-1.54.0-win32-x64\jre\21.0.10-win32-x86_64\bin\verify.dll
0x00007fff10250000 - 0x00007fff10295000 	C:\Users\HP\AppData\Roaming\Antigravity\User\globalStorage\redhat.java\1.54.0\config_win\org.eclipse.equinox.launcher\org.eclipse.equinox.launcher.win32.win32.x86_64_1.3.0.v20260203-2149\eclipse_11919.dll
0x00007fff72ba0000 - 0x00007fff72d37000 	C:\WINDOWS\System32\ole32.dll
0x00007fff70390000 - 0x00007fff703ab000 	C:\WINDOWS\SYSTEM32\CRYPTSP.dll
0x00007fff6fa90000 - 0x00007fff6fac9000 	C:\WINDOWS\system32\rsaenh.dll
0x00007fff70150000 - 0x00007fff70183000 	C:\WINDOWS\SYSTEM32\USERENV.dll
0x00007fff70c90000 - 0x00007fff70cba000 	C:\WINDOWS\SYSTEM32\bcrypt.dll
0x00007fff70380000 - 0x00007fff7038c000 	C:\WINDOWS\SYSTEM32\CRYPTBASE.dll
0x00007fff6f530000 - 0x00007fff6f562000 	C:\WINDOWS\SYSTEM32\IPHLPAPI.DLL
0x00007fff727c0000 - 0x00007fff727ca000 	C:\WINDOWS\System32\NSI.dll
0x00007fff0a330000 - 0x00007fff0a379000 	C:\Users\HP\AppData\Local\Temp\jna-2312\jna17474372671652454413.dll
0x00007fff73140000 - 0x00007fff73148000 	C:\WINDOWS\System32\PSAPI.DLL
0x00007fff6a280000 - 0x00007fff6a29d000 	C:\WINDOWS\SYSTEM32\dhcpcsvc6.DLL
0x00007fff69d20000 - 0x00007fff69d45000 	C:\WINDOWS\SYSTEM32\dhcpcsvc.DLL
0x00007fff4c8a0000 - 0x00007fff4c8c7000 	C:\Users\HP\.gradle\native\1def1411415f61bf3af743bc5b6707747c0891f09f0c88961ee8f79bc544acac\windows-amd64\native-platform.dll
0x00007fff4c890000 - 0x00007fff4c89a000 	C:\Users\HP\.antigravity\extensions\redhat.java-1.54.0-win32-x64\jre\21.0.10-win32-x86_64\bin\management.dll
0x00007fff4c880000 - 0x00007fff4c88c000 	C:\Users\HP\.antigravity\extensions\redhat.java-1.54.0-win32-x64\jre\21.0.10-win32-x86_64\bin\management_ext.dll
0x00007fff4c870000 - 0x00007fff4c879000 	C:\Users\HP\.antigravity\extensions\redhat.java-1.54.0-win32-x64\jre\21.0.10-win32-x86_64\bin\extnet.dll
0x00007fff4c7e0000 - 0x00007fff4c7ee000 	C:\Users\HP\.antigravity\extensions\redhat.java-1.54.0-win32-x64\jre\21.0.10-win32-x86_64\bin\sunmscapi.dll
0x00007fff71000000 - 0x00007fff71177000 	C:\WINDOWS\System32\CRYPT32.dll
0x00007fff705a0000 - 0x00007fff705d0000 	C:\WINDOWS\SYSTEM32\ncrypt.dll
0x00007fff70550000 - 0x00007fff7058f000 	C:\WINDOWS\SYSTEM32\NTASN1.dll
0x00007fff32490000 - 0x00007fff32498000 	C:\WINDOWS\system32\wshunix.dll

JVMTI agents:
c:\Users\HP\.antigravity\extensions\redhat.java-1.54.0-win32-x64\lombok\lombok-1.18.39-4050.jar path:c:\Users\HP\.antigravity\extensions\redhat.java-1.54.0-win32-x64\jre\21.0.10-win32-x86_64\bin\instrument.dll, loaded, initialized, instrumentlib options:none

dbghelp: loaded successfully - version: 4.0.5 - missing functions: none
symbol engine: initialized successfully - sym options: 0x614 - pdb path: .;c:\Users\HP\.antigravity\extensions\redhat.java-1.54.0-win32-x64\jre\21.0.10-win32-x86_64\bin;C:\WINDOWS\SYSTEM32;C:\Program Files\Avast Software\Avast;C:\WINDOWS\WinSxS\amd64_microsoft.windows.common-controls_6595b64144ccf1df_6.0.26100.8115_none_3e075c82e3354f9c;c:\Users\HP\.antigravity\extensions\redhat.java-1.54.0-win32-x64\jre\21.0.10-win32-x86_64\bin\server;C:\Users\HP\AppData\Roaming\Antigravity\User\globalStorage\redhat.java\1.54.0\config_win\org.eclipse.equinox.launcher\org.eclipse.equinox.launcher.win32.win32.x86_64_1.3.0.v20260203-2149;C:\Users\HP\AppData\Local\Temp\jna-2312;C:\Users\HP\.gradle\native\1def1411415f61bf3af743bc5b6707747c0891f09f0c88961ee8f79bc544acac\windows-amd64

VM Arguments:
jvm_args: --add-modules=ALL-SYSTEM --add-opens=java.base/java.util=ALL-UNNAMED --add-opens=java.base/java.lang=ALL-UNNAMED --add-opens=java.base/sun.nio.fs=ALL-UNNAMED -Declipse.application=org.eclipse.jdt.ls.core.id1 -Dosgi.bundles.defaultStartLevel=4 -Declipse.product=org.eclipse.jdt.ls.core.product -Djava.import.generatesMetadataFilesAtProjectRoot=false -DDetectVMInstallationsJob.disabled=true -Dfile.encoding=utf8 -XX:+UseParallelGC -XX:GCTimeRatio=4 -XX:AdaptiveSizePolicyWeight=90 -Dsun.zip.disableMemoryMapping=true -Xmx2G -Xms100m -Xlog:disable -javaagent:c:\Users\HP\.antigravity\extensions\redhat.java-1.54.0-win32-x64\lombok\lombok-1.18.39-4050.jar -XX:+HeapDumpOnOutOfMemoryError -XX:HeapDumpPath=c:\Users\HP\AppData\Roaming\Antigravity\User\workspaceStorage\4dfc41c91c2c781069e695ab18a74c91\redhat.java -Daether.dependencyCollector.impl=bf 
java_command: c:\Users\HP\.antigravity\extensions\redhat.java-1.54.0-win32-x64\server\plugins\org.eclipse.equinox.launcher_1.7.100.v20251111-0406.jar -configuration c:\Users\HP\AppData\Roaming\Antigravity\User\globalStorage\redhat.java\1.54.0\config_win -data c:\Users\HP\AppData\Roaming\Antigravity\User\workspaceStorage\4dfc41c91c2c781069e695ab18a74c91\redhat.java\jdt_ws --pipe=\\.\pipe\lsp-6360a6cf06d5faff9b6a5561e7480d53-sock
java_class_path (initial): c:\Users\HP\.antigravity\extensions\redhat.java-1.54.0-win32-x64\server\plugins\org.eclipse.equinox.launcher_1.7.100.v20251111-0406.jar
Launcher Type: SUN_STANDARD

[Global flags]
    uintx AdaptiveSizePolicyWeight                 = 90                                        {product} {command line}
     intx CICompilerCount                          = 4                                         {product} {ergonomic}
    uintx GCTimeRatio                              = 4                                         {product} {command line}
     bool HeapDumpOnOutOfMemoryError               = true                                   {manageable} {command line}
    ccstr HeapDumpPath                             = c:\Users\HP\AppData\Roaming\Antigravity\User\workspaceStorage\4dfc41c91c2c781069e695ab18a74c91\redhat.java         {manageable} {command line}
   size_t InitialHeapSize                          = 104857600                                 {product} {command line}
   size_t MaxHeapSize                              = 2147483648                                {product} {command line}
   size_t MaxNewSize                               = 715653120                                 {product} {ergonomic}
   size_t MinHeapDeltaBytes                        = 524288                                    {product} {ergonomic}
   size_t MinHeapSize                              = 104857600                                 {product} {command line}
   size_t NewSize                                  = 34603008                                  {product} {ergonomic}
    uintx NonNMethodCodeHeapSize                   = 5839372                                {pd product} {ergonomic}
    uintx NonProfiledCodeHeapSize                  = 122909434                              {pd product} {ergonomic}
   size_t OldSize                                  = 70254592                                  {product} {ergonomic}
    uintx ProfiledCodeHeapSize                     = 122909434                              {pd product} {ergonomic}
    uintx ReservedCodeCacheSize                    = 251658240                              {pd product} {ergonomic}
     bool SegmentedCodeCache                       = true                                      {product} {ergonomic}
   size_t SoftMaxHeapSize                          = 2147483648                             {manageable} {ergonomic}
     bool UseCompressedOops                        = true                           {product lp64_product} {ergonomic}
     bool UseLargePagesIndividualAllocation        = false                                  {pd product} {ergonomic}
     bool UseParallelGC                            = true                                      {product} {command line}

Logging:
Log output configuration:
 #0: stdout all=off uptime,level,tags foldmultilines=false
 #1: stderr all=off uptime,level,tags foldmultilines=false

Release file:
JAVA_VERSION="21.0.10" 
MODULES="java.base java.compiler java.datatransfer java.xml java.prefs java.desktop java.instrument java.logging java.management java.security.sasl java.naming java.rmi java.management.rmi java.net.http java.scripting java.security.jgss java.transaction.xa java.sql java.sql.rowset java.xml.crypto java.se java.smartcardio jdk.accessibility jdk.internal.jvmstat jdk.attach jdk.charsets jdk.internal.opt jdk.zipfs jdk.compiler jdk.crypto.ec jdk.crypto.cryptoki jdk.crypto.mscapi jdk.dynalink jdk.internal.ed jdk.editpad jdk.hotspot.agent jdk.httpserver jdk.internal.le jdk.internal.vm.ci jdk.internal.vm.compiler jdk.internal.vm.compiler.management jdk.jartool jdk.javadoc jdk.jcmd jdk.management jdk.management.agent jdk.jconsole jdk.jdeps jdk.jdwp.agent jdk.jdi jdk.jfr jdk.jshell jdk.jsobject jdk.jstatd jdk.localedata jdk.management.jfr jdk.naming.dns jdk.naming.rmi jdk.net jdk.nio.mapmode jdk.random jdk.sctp jdk.security.auth jdk.security.jgss jdk.unsupported jdk.unsupported.desktop jdk.xml.dom" 

Environment Variables:
JAVA_HOME=C:\Program Files\Java\jdk-25
PATH=C:\Program Files\Common Files\Oracle\Java\javapath;C:\Program Files (x86)\Common Files\Oracle\Java\java8path;C:\Program Files (x86)\Common Files\Oracle\Java\javapath;C:\ORC\ORACLEE\bin;C:\app\HP\product\21c\dbhomeXE\bin;E:\oracle21\ORACL\bin;C:\Dossier_Oracle21c\Oracle21c\bin;C:\WINDOWS\system32;C:\WINDOWS;C:\WINDOWS\System32\Wbem;C:\WINDOWS\System32\WindowsPowerShell\v1.0\;C:\WINDOWS\System32\OpenSSH\;C:\appliiiiiii\flutter_windows_3.35.7-stable.zip\flutter\bin;C:\Program Files\Docker\Docker\resources\bin;C:\Program Files\Git\cmd;C:\Program Files\nodejs\;C:\Program Files\Apache\maven\bin;C:\Program Files\MySQL\MySQL Shell 8.0\bin\;C:\Users\HP\AppData\Local\Programs\Python\Python313\Scripts\;C:\Users\HP\AppData\Local\Programs\Python\Python313\;C:\Users\HP\AppData\Local\Programs\Python\Launcher\;C:\Users\HP\AppData\Local\Microsoft\WindowsApps;C:\Users\HP\AppData\Local\Programs\Microsoft VS Code\bin;C:\Users\HP\AppData\Local\Python\bin;C:\Users\HP\AppData\Roaming\npm;C:\Program Files\Java\jdk-25\bin;C:\Maven\apache-maven-3.9.15\bin;D:\Nouveau dossier\Antigravity\bin
USERNAME=HP
OS=Windows_NT
PROCESSOR_IDENTIFIER=Intel64 Family 6 Model 186 Stepping 3, GenuineIntel
TMP=C:\Users\HP\AppData\Local\Temp
TEMP=C:\Users\HP\AppData\Local\Temp




Periodic native trim disabled

---------------  S Y S T E M  ---------------

OS:
 Windows 11 , 64 bit Build 26100 (10.0.26100.8246)
OS uptime: 0 days 9:10 hours
Hyper-V role detected

CPU: total 12 (initial active 12) (6 cores per cpu, 2 threads per core) family 6 model 186 stepping 3 microcode 0x4121, cx8, cmov, fxsr, ht, mmx, 3dnowpref, sse, sse2, sse3, ssse3, sse4.1, sse4.2, popcnt, lzcnt, tsc, tscinvbit, avx, avx2, aes, erms, clmul, bmi1, bmi2, adx, sha, fma, vzeroupper, clflush, clflushopt, clwb, hv, serialize, rdtscp, rdpid, fsrm, f16c, cet_ibt, cet_ss
Processor Information for processor 0
  Max Mhz: 1300, Current Mhz: 1300, Mhz Limit: 1300
Processor Information for processor 1
  Max Mhz: 1300, Current Mhz: 1300, Mhz Limit: 1300
Processor Information for processor 2
  Max Mhz: 1300, Current Mhz: 81, Mhz Limit: 1300
Processor Information for processor 3
  Max Mhz: 1300, Current Mhz: 81, Mhz Limit: 1300
Processor Information for processor 4
  Max Mhz: 1300, Current Mhz: 500, Mhz Limit: 897
Processor Information for processor 5
  Max Mhz: 1300, Current Mhz: 500, Mhz Limit: 897
Processor Information for processor 6
  Max Mhz: 1300, Current Mhz: 500, Mhz Limit: 897
Processor Information for processor 7
  Max Mhz: 1300, Current Mhz: 500, Mhz Limit: 897
Processor Information for processor 8
  Max Mhz: 1300, Current Mhz: 500, Mhz Limit: 897
Processor Information for processor 9
  Max Mhz: 1300, Current Mhz: 500, Mhz Limit: 897
Processor Information for processor 10
  Max Mhz: 1300, Current Mhz: 500, Mhz Limit: 897
Processor Information for processor 11
  Max Mhz: 1300, Current Mhz: 500, Mhz Limit: 897

Memory: 4k page, system-wide physical 7835M (693M free)
TotalPageFile size 13835M (AvailPageFile size 0M)
current process WorkingSet (physical memory assigned to process): 258M, peak: 434M
current process commit charge ("private bytes"): 432M, peak: 518M

vm_info: OpenJDK 64-Bit Server VM (21.0.10+7-LTS) for windows-amd64 JRE (21.0.10+7-LTS), built on 2026-01-20T00:00:00Z by "admin" with MS VC++ 17.12 (VS2022)

END.
