#
# There is insufficient memory for the Java Runtime Environment to continue.
# Native memory allocation (malloc) failed to allocate 1524880 bytes. Error detail: Chunk::new
# Possible reasons:
#   The system is out of physical RAM or swap space
#   This process is running with CompressedOops enabled, and the Java Heap may be blocking the growth of the native heap
# Possible solutions:
#   Reduce memory load on the system
#   Increase physical memory or swap space
#   Check if swap backing store is full
#   Decrease Java heap size (-Xmx/-Xms)
#   Decrease number of Java threads
#   Decrease Java thread stack sizes (-Xss)
#   Set larger code cache with -XX:ReservedCodeCacheSize=
#   JVM is running with Unscaled Compressed Oops mode in which the Java heap is
#     placed in the first 4GB address space. The Java Heap base address is the
#     maximum limit for the native heap growth. Please use -XX:HeapBaseMinAddress
#     to set the Java Heap base and to place the Java Heap above 4GB virtual address.
# This output file may be truncated or incomplete.
#
#  Out of Memory Error (arena.cpp:168), pid=13228, tid=20400
#
# JRE version: OpenJDK Runtime Environment Temurin-21.0.10+7 (21.0.10+7) (build 21.0.10+7-LTS)
# Java VM: OpenJDK 64-Bit Server VM Temurin-21.0.10+7 (21.0.10+7-LTS, mixed mode, sharing, tiered, compressed oops, compressed class ptrs, parallel gc, windows-amd64)
# No core dump will be written. Minidumps are not enabled by default on client versions of Windows
#

---------------  S U M M A R Y ------------

Command Line: --add-modules=ALL-SYSTEM --add-opens=java.base/java.util=ALL-UNNAMED --add-opens=java.base/java.lang=ALL-UNNAMED --add-opens=java.base/sun.nio.fs=ALL-UNNAMED -Declipse.application=org.eclipse.jdt.ls.core.id1 -Dosgi.bundles.defaultStartLevel=4 -Declipse.product=org.eclipse.jdt.ls.core.product -Djava.import.generatesMetadataFilesAtProjectRoot=false -DDetectVMInstallationsJob.disabled=true -Dfile.encoding=utf8 -XX:+UseParallelGC -XX:GCTimeRatio=4 -XX:AdaptiveSizePolicyWeight=90 -Dsun.zip.disableMemoryMapping=true -Xmx2G -Xms100m -Xlog:disable -javaagent:c:\Users\HP\.antigravity\extensions\redhat.java-1.54.0-win32-x64\lombok\lombok-1.18.39-4050.jar -XX:+HeapDumpOnOutOfMemoryError -XX:HeapDumpPath=c:\Users\HP\AppData\Roaming\Antigravity\User\workspaceStorage\bb6f58697517b49f76eb8e851445a514\redhat.java -Daether.dependencyCollector.impl=bf c:\Users\HP\.antigravity\extensions\redhat.java-1.54.0-win32-x64\server\plugins\org.eclipse.equinox.launcher_1.7.100.v20251111-0406.jar -configuration c:\Users\HP\AppData\Roaming\Antigravity\User\globalStorage\redhat.java\1.54.0\config_win -data c:\Users\HP\AppData\Roaming\Antigravity\User\workspaceStorage\bb6f58697517b49f76eb8e851445a514\redhat.java\jdt_ws --pipe=\\.\pipe\lsp-c994ad5cf9f0f709e7924e18c9eaf1d5-sock

Host: 13th Gen Intel(R) Core(TM) i5-1335U, 12 cores, 7G,  Windows 11 , 64 bit Build 26100 (10.0.26100.8246)
Time: Tue Apr 28 19:23:22 2026 Greenwich elapsed time: 727.814985 seconds (0d 0h 12m 7s)

---------------  T H R E A D  ---------------

Current thread (0x0000026c888909b0):  JavaThread "C2 CompilerThread1" daemon [_thread_in_native, id=20400, stack(0x000000b9bc700000,0x000000b9bc800000) (1024K)]


Current CompileTask:
C2:727815 16275   !   4       java.io.ObjectOutputStream::writeObject0 (620 bytes)

Stack: [0x000000b9bc700000,0x000000b9bc800000]
Native frames: (J=compiled Java code, j=interpreted, Vv=VM code, C=native code)
V  [jvm.dll+0x6d7a39]
V  [jvm.dll+0x8b4b26]
V  [jvm.dll+0x8b70de]
V  [jvm.dll+0x8b77c3]
V  [jvm.dll+0x284346]
V  [jvm.dll+0xc66ed]
V  [jvm.dll+0xc6c31]
V  [jvm.dll+0x3bec3b]
V  [jvm.dll+0x38b162]
V  [jvm.dll+0x38a5aa]
V  [jvm.dll+0x24c560]
V  [jvm.dll+0x24bb40]
V  [jvm.dll+0x1cb34e]
V  [jvm.dll+0x25b85d]
V  [jvm.dll+0x259dea]
V  [jvm.dll+0x3f857e]
V  [jvm.dll+0x85f59d]
V  [jvm.dll+0x6d626d]
C  [ucrtbase.dll+0x37b0]
C  [KERNEL32.DLL+0x2e8d7]
C  [ntdll.dll+0x8c3fc]


---------------  P R O C E S S  ---------------

Threads class SMR info:
_java_thread_list=0x0000026c8da2c650, length=66, elements={
0x0000026c26897c40, 0x0000026c3f4a4fd0, 0x0000026c3f4a7350, 0x0000026c3f4ab7c0,
0x0000026c3f4ae330, 0x0000026c3f4aed90, 0x0000026c3f4af7f0, 0x0000026c3f4b0630,
0x0000026c3f4baf90, 0x0000026c81c1f9d0, 0x0000026c81cf5470, 0x0000026c876eead0,
0x0000026c870c54b0, 0x0000026c877408d0, 0x0000026c876cf7f0, 0x0000026c87eab280,
0x0000026c87c9a3a0, 0x0000026c883243c0, 0x0000026c88322980, 0x0000026c88324a50,
0x0000026c88321c60, 0x0000026c8a250350, 0x0000026c8a24f630, 0x0000026c8a251070,
0x0000026c8a252420, 0x0000026c8a24fcc0, 0x0000026c8a2509e0, 0x0000026c8a251700,
0x0000026c8a251d90, 0x0000026c8a24efa0, 0x0000026c8a2537d0, 0x0000026c8a253e60,
0x0000026c8a2544f0, 0x0000026c8a254b80, 0x0000026c8a2558a0, 0x0000026c8a255210,
0x0000026c8a2565c0, 0x0000026c8a253140, 0x0000026c87bddec0, 0x0000026c87bde550,
0x0000026c87bdf900, 0x0000026c8a76b090, 0x0000026c8a769650, 0x0000026c8a76a370,
0x0000026c8a252ab0, 0x0000026c8812d7d0, 0x0000026c8812e4f0, 0x0000026c8812eb80,
0x0000026c8812ff30, 0x0000026c8812de60, 0x0000026c881305c0, 0x0000026c8812d140,
0x0000026c8812f8a0, 0x0000026c881333b0, 0x0000026c88132d20, 0x0000026c88133a40,
0x0000026c88132000, 0x0000026c87bdf270, 0x0000026c87bdd1a0, 0x0000026c8a76aa00,
0x0000026c88323d30, 0x0000026c883250e0, 0x0000026c8cb28e00, 0x0000026c8cb280e0,
0x0000026c8cb27a50, 0x0000026c888909b0
}

Java Threads: ( => current thread )
  0x0000026c26897c40 JavaThread "main"                              [_thread_blocked, id=20668, stack(0x000000b9b9100000,0x000000b9b9200000) (1024K)]
  0x0000026c3f4a4fd0 JavaThread "Reference Handler"          daemon [_thread_blocked, id=16100, stack(0x000000b9b9500000,0x000000b9b9600000) (1024K)]
  0x0000026c3f4a7350 JavaThread "Finalizer"                  daemon [_thread_blocked, id=22512, stack(0x000000b9b9600000,0x000000b9b9700000) (1024K)]
  0x0000026c3f4ab7c0 JavaThread "Signal Dispatcher"          daemon [_thread_blocked, id=21608, stack(0x000000b9b9700000,0x000000b9b9800000) (1024K)]
  0x0000026c3f4ae330 JavaThread "Attach Listener"            daemon [_thread_blocked, id=21288, stack(0x000000b9b9800000,0x000000b9b9900000) (1024K)]
  0x0000026c3f4aed90 JavaThread "Service Thread"             daemon [_thread_blocked, id=8972, stack(0x000000b9b9900000,0x000000b9b9a00000) (1024K)]
  0x0000026c3f4af7f0 JavaThread "Monitor Deflation Thread"   daemon [_thread_blocked, id=1512, stack(0x000000b9b9a00000,0x000000b9b9b00000) (1024K)]
  0x0000026c3f4b0630 JavaThread "C2 CompilerThread0"         daemon [_thread_blocked, id=20336, stack(0x000000b9b9b00000,0x000000b9b9c00000) (1024K)]
  0x0000026c3f4baf90 JavaThread "C1 CompilerThread0"         daemon [_thread_blocked, id=5292, stack(0x000000b9b9c00000,0x000000b9b9d00000) (1024K)]
  0x0000026c81c1f9d0 JavaThread "Common-Cleaner"             daemon [_thread_blocked, id=12632, stack(0x000000b9b9e00000,0x000000b9b9f00000) (1024K)]
  0x0000026c81cf5470 JavaThread "Notification Thread"        daemon [_thread_blocked, id=22424, stack(0x000000b9b9f00000,0x000000b9ba000000) (1024K)]
  0x0000026c876eead0 JavaThread "Active Thread: Equinox Container: ec556be2-596d-4703-a3cb-b0ac343c9168"        [_thread_blocked, id=1604, stack(0x000000b9ba700000,0x000000b9ba800000) (1024K)]
  0x0000026c870c54b0 JavaThread "Refresh Thread: Equinox Container: ec556be2-596d-4703-a3cb-b0ac343c9168" daemon [_thread_blocked, id=20240, stack(0x000000b9ba000000,0x000000b9ba100000) (1024K)]
  0x0000026c877408d0 JavaThread "Framework Event Dispatcher: Equinox Container: ec556be2-596d-4703-a3cb-b0ac343c9168" daemon [_thread_blocked, id=21248, stack(0x000000b9ba900000,0x000000b9baa00000) (1024K)]
  0x0000026c876cf7f0 JavaThread "Start Level: Equinox Container: ec556be2-596d-4703-a3cb-b0ac343c9168" daemon [_thread_blocked, id=18300, stack(0x000000b9baa00000,0x000000b9bab00000) (1024K)]
  0x0000026c87eab280 JavaThread "Bundle File Closer"         daemon [_thread_blocked, id=17972, stack(0x000000b9bae00000,0x000000b9baf00000) (1024K)]
  0x0000026c87c9a3a0 JavaThread "SCR Component Actor"        daemon [_thread_blocked, id=9024, stack(0x000000b9bab00000,0x000000b9bac00000) (1024K)]
  0x0000026c883243c0 JavaThread "Worker-JM"                         [_thread_blocked, id=16568, stack(0x000000b9baf00000,0x000000b9bb000000) (1024K)]
  0x0000026c88322980 JavaThread "JNA Cleaner"                daemon [_thread_blocked, id=18392, stack(0x000000b9bb000000,0x000000b9bb100000) (1024K)]
  0x0000026c88324a50 JavaThread "Java indexing"              daemon [_thread_blocked, id=19968, stack(0x000000b9bb400000,0x000000b9bb500000) (1024K)]
  0x0000026c88321c60 JavaThread "Thread-1"                   daemon [_thread_in_native, id=14552, stack(0x000000b9bb900000,0x000000b9bba00000) (1024K)]
  0x0000026c8a250350 JavaThread "Thread-2"                   daemon [_thread_in_native, id=2740, stack(0x000000b9bba00000,0x000000b9bbb00000) (1024K)]
  0x0000026c8a24f630 JavaThread "Thread-3"                   daemon [_thread_in_native, id=3152, stack(0x000000b9bbb00000,0x000000b9bbc00000) (1024K)]
  0x0000026c8a251070 JavaThread "Thread-4"                   daemon [_thread_in_native, id=21416, stack(0x000000b9bbc00000,0x000000b9bbd00000) (1024K)]
  0x0000026c8a252420 JavaThread "Thread-5"                   daemon [_thread_in_native, id=18088, stack(0x000000b9bbd00000,0x000000b9bbe00000) (1024K)]
  0x0000026c8a24fcc0 JavaThread "Thread-6"                   daemon [_thread_in_native, id=16476, stack(0x000000b9bbe00000,0x000000b9bbf00000) (1024K)]
  0x0000026c8a2509e0 JavaThread "Thread-7"                   daemon [_thread_in_native, id=7624, stack(0x000000b9bbf00000,0x000000b9bc000000) (1024K)]
  0x0000026c8a251700 JavaThread "Thread-8"                   daemon [_thread_in_native, id=7732, stack(0x000000b9bc000000,0x000000b9bc100000) (1024K)]
  0x0000026c8a251d90 JavaThread "Thread-9"                   daemon [_thread_in_native, id=1944, stack(0x000000b9bc100000,0x000000b9bc200000) (1024K)]
  0x0000026c8a24efa0 JavaThread "Thread-10"                  daemon [_thread_in_native, id=8272, stack(0x000000b9bc200000,0x000000b9bc300000) (1024K)]
  0x0000026c8a2537d0 JavaThread "Thread-11"                  daemon [_thread_in_native, id=6352, stack(0x000000b9bc300000,0x000000b9bc400000) (1024K)]
  0x0000026c8a253e60 JavaThread "Thread-12"                  daemon [_thread_in_native, id=19156, stack(0x000000b9bc400000,0x000000b9bc500000) (1024K)]
  0x0000026c8a2544f0 JavaThread "Thread-13"                  daemon [_thread_in_native, id=16636, stack(0x000000b9bc500000,0x000000b9bc600000) (1024K)]
  0x0000026c8a254b80 JavaThread "pool-2-thread-1"                   [_thread_blocked, id=15456, stack(0x000000b9bc600000,0x000000b9bc700000) (1024K)]
  0x0000026c8a2558a0 JavaThread "Timer-0"                           [_thread_blocked, id=2448, stack(0x000000b9bc800000,0x000000b9bc900000) (1024K)]
  0x0000026c8a255210 JavaThread "Timer-1"                           [_thread_blocked, id=16172, stack(0x000000b9bc900000,0x000000b9bca00000) (1024K)]
  0x0000026c8a2565c0 JavaThread "WorkspaceEventsHandler"            [_thread_blocked, id=14180, stack(0x000000b9bcb00000,0x000000b9bcc00000) (1024K)]
  0x0000026c8a253140 JavaThread "pool-1-thread-1"                   [_thread_blocked, id=18840, stack(0x000000b9bcc00000,0x000000b9bcd00000) (1024K)]
  0x0000026c87bddec0 JavaThread "ForkJoinPool.commonPool-worker-1" daemon [_thread_blocked, id=11456, stack(0x000000b9bcd00000,0x000000b9bce00000) (1024K)]
  0x0000026c87bde550 JavaThread "ForkJoinPool.commonPool-worker-5" daemon [_thread_blocked, id=2876, stack(0x000000b9bd100000,0x000000b9bd200000) (1024K)]
  0x0000026c87bdf900 JavaThread "ForkJoinPool.commonPool-worker-7" daemon [_thread_blocked, id=14880, stack(0x000000b9bd300000,0x000000b9bd400000) (1024K)]
  0x0000026c8a76b090 JavaThread "Timer-2"                           [_thread_blocked, id=21320, stack(0x000000b9bd900000,0x000000b9bda00000) (1024K)]
  0x0000026c8a769650 JavaThread "Timer-3"                           [_thread_blocked, id=6208, stack(0x000000b9bca00000,0x000000b9bcb00000) (1024K)]
  0x0000026c8a76a370 JavaThread "Timer-4"                           [_thread_blocked, id=19352, stack(0x000000b9bda00000,0x000000b9bdb00000) (1024K)]
  0x0000026c8a252ab0 JavaThread "Timer-5"                           [_thread_blocked, id=15052, stack(0x000000b9bdb00000,0x000000b9bdc00000) (1024K)]
  0x0000026c8812d7d0 JavaThread "Timer-6"                           [_thread_blocked, id=2432, stack(0x000000b9bdc00000,0x000000b9bdd00000) (1024K)]
  0x0000026c8812e4f0 JavaThread "Timer-7"                           [_thread_blocked, id=2156, stack(0x000000b9bdd00000,0x000000b9bde00000) (1024K)]
  0x0000026c8812eb80 JavaThread "Timer-8"                           [_thread_blocked, id=18892, stack(0x000000b9bb300000,0x000000b9bb400000) (1024K)]
  0x0000026c8812ff30 JavaThread "Timer-9"                           [_thread_blocked, id=10732, stack(0x000000b9bde00000,0x000000b9bdf00000) (1024K)]
  0x0000026c8812de60 JavaThread "Timer-10"                          [_thread_blocked, id=13804, stack(0x000000b9bd800000,0x000000b9bd900000) (1024K)]
  0x0000026c881305c0 JavaThread "Timer-11"                          [_thread_blocked, id=11568, stack(0x000000b9be100000,0x000000b9be200000) (1024K)]
  0x0000026c8812d140 JavaThread "Timer-12"                          [_thread_blocked, id=7628, stack(0x000000b9be000000,0x000000b9be100000) (1024K)]
  0x0000026c8812f8a0 JavaThread "Cleaner-0"                  daemon [_thread_blocked, id=18388, stack(0x000000b9b8f00000,0x000000b9b9000000) (1024K)]
  0x0000026c881333b0 JavaThread "Worker-5"                          [_thread_blocked, id=7444, stack(0x000000b9b8e00000,0x000000b9b8f00000) (1024K)]
  0x0000026c88132d20 JavaThread "ForkJoinPool.commonPool-worker-12" daemon [_thread_blocked, id=6768, stack(0x000000b9b9d00000,0x000000b9b9e00000) (1024K)]
  0x0000026c88133a40 JavaThread "ForkJoinPool.commonPool-worker-13" daemon [_thread_blocked, id=19136, stack(0x000000b9bb200000,0x000000b9bb300000) (1024K)]
  0x0000026c88132000 JavaThread "ForkJoinPool.commonPool-worker-15" daemon [_thread_blocked, id=22324, stack(0x000000b9bb500000,0x000000b9bb600000) (1024K)]
  0x0000026c87bdf270 JavaThread "Worker-6"                          [_thread_blocked, id=8828, stack(0x000000b9bb700000,0x000000b9bb800000) (1024K)]
  0x0000026c87bdd1a0 JavaThread "Compiler Source File Reader" daemon [_thread_blocked, id=4316, stack(0x000000b9bb600000,0x000000b9bb700000) (1024K)]
  0x0000026c8a76aa00 JavaThread "Compiler Source File Reader" daemon [_thread_blocked, id=4420, stack(0x000000b9bd200000,0x000000b9bd300000) (1024K)]
  0x0000026c88323d30 JavaThread "Compiler Source File Reader" daemon [_thread_blocked, id=8824, stack(0x000000b9bd600000,0x000000b9bd700000) (1024K)]
  0x0000026c883250e0 JavaThread "Compiler Source File Reader" daemon [_thread_blocked, id=20432, stack(0x000000b9bd700000,0x000000b9bd800000) (1024K)]
  0x0000026c8cb28e00 JavaThread "Compiler Source File Reader" daemon [_thread_blocked, id=18956, stack(0x000000b9be500000,0x000000b9be600000) (1024K)]
  0x0000026c8cb280e0 JavaThread "ForkJoinPool.commonPool-worker-16" daemon [_thread_blocked, id=15308, stack(0x000000b9b9000000,0x000000b9b9100000) (1024K)]
  0x0000026c8cb27a50 JavaThread "Worker-8"                          [_thread_blocked, id=7784, stack(0x000000b9bb100000,0x000000b9bb200000) (1024K)]
=>0x0000026c888909b0 JavaThread "C2 CompilerThread1"         daemon [_thread_in_native, id=20400, stack(0x000000b9bc700000,0x000000b9bc800000) (1024K)]
Total: 66

Other Threads:
  0x0000026c3f4a3cf0 VMThread "VM Thread"                           [id=9408, stack(0x000000b9b9400000,0x000000b9b9500000) (1024K)]
  0x0000026c3f39cb20 WatcherThread "VM Periodic Task Thread"        [id=7388, stack(0x000000b9b9300000,0x000000b9b9400000) (1024K)]
  0x0000026c26e21180 WorkerThread "GC Thread#0"                     [id=2472, stack(0x000000b9b9200000,0x000000b9b9300000) (1024K)]
  0x0000026c870b40e0 WorkerThread "GC Thread#1"                     [id=19948, stack(0x000000b9ba100000,0x000000b9ba200000) (1024K)]
  0x0000026c870b35d0 WorkerThread "GC Thread#2"                     [id=22432, stack(0x000000b9ba200000,0x000000b9ba300000) (1024K)]
  0x0000026c870b3d30 WorkerThread "GC Thread#3"                     [id=16800, stack(0x000000b9ba300000,0x000000b9ba400000) (1024K)]
  0x0000026c870b4bf0 WorkerThread "GC Thread#4"                     [id=14952, stack(0x000000b9ba400000,0x000000b9ba500000) (1024K)]
  0x0000026c870b3220 WorkerThread "GC Thread#5"                     [id=8048, stack(0x000000b9ba500000,0x000000b9ba600000) (1024K)]
  0x0000026c870b3980 WorkerThread "GC Thread#6"                     [id=9584, stack(0x000000b9ba600000,0x000000b9ba700000) (1024K)]
  0x0000026c870b4490 WorkerThread "GC Thread#7"                     [id=1560, stack(0x000000b9ba800000,0x000000b9ba900000) (1024K)]
  0x0000026c87a75db0 WorkerThread "GC Thread#8"                     [id=12336, stack(0x000000b9bac00000,0x000000b9bad00000) (1024K)]
  0x0000026c87a752a0 WorkerThread "GC Thread#9"                     [id=2112, stack(0x000000b9bad00000,0x000000b9bae00000) (1024K)]
Total: 12

Threads with active compile tasks:
C2 CompilerThread1  727876 16275   !   4       java.io.ObjectOutputStream::writeObject0 (620 bytes)
Total: 1

VM state: not at safepoint (normal execution)

VM Mutex/Monitor currently owned by a thread: None

Heap address: 0x0000000080000000, size: 2048 MB, Compressed Oops mode: 32-bit

CDS archive(s) mapped at: [0x0000026c40000000-0x0000026c40ba0000-0x0000026c40ba0000), size 12189696, SharedBaseAddress: 0x0000026c40000000, ArchiveRelocationMode: 1.
Compressed class space mapped at: 0x0000026c41000000-0x0000026c81000000, reserved size: 1073741824
Narrow klass base: 0x0000026c40000000, Narrow klass shift: 0, Narrow klass range: 0x100000000

GC Precious Log:
 CardTable entry size: 512
 CPUs: 12 total, 12 available
 Memory: 7835M
 Large Page Support: Disabled
 NUMA Support: Disabled
 Compressed Oops: Enabled (32-bit)
 Alignments: Space 512K, Generation 512K, Heap 2M
 Heap Min Capacity: 100M
 Heap Initial Capacity: 100M
 Heap Max Capacity: 2G
 Pre-touch: Disabled
 Parallel Workers: 10

Heap:
 PSYoungGen      total 11264K, used 1656K [0x00000000d5580000, 0x00000000d6380000, 0x0000000100000000)
  eden space 8704K, 8% used [0x00000000d5580000,0x00000000d563e248,0x00000000d5e00000)
  from space 2560K, 35% used [0x00000000d5f00000,0x00000000d5fe0000,0x00000000d6180000)
  to   space 1536K, 0% used [0x00000000d6200000,0x00000000d6200000,0x00000000d6380000)
 ParOldGen       total 331264K, used 330888K [0x0000000080000000, 0x0000000094380000, 0x00000000d5580000)
  object space 331264K, 99% used [0x0000000080000000,0x0000000094322060,0x0000000094380000)
 Metaspace       used 101220K, committed 103232K, reserved 1179648K
  class space    used 12008K, committed 12928K, reserved 1048576K

Card table byte_map: [0x0000026c3a800000,0x0000026c3ac10000] _byte_map_base: 0x0000026c3a400000

Marking Bits: (ParMarkBitMap*) 0x00007ffb390d3450
 Begin Bits: [0x0000026c3aec0000, 0x0000026c3cec0000)
 End Bits:   [0x0000026c3cec0000, 0x0000026c3eec0000)

Polling page: 0x0000026c26b90000

Metaspace:

Usage:
  Non-class:     87.12 MB used.
      Class:     11.73 MB used.
       Both:     98.85 MB used.

Virtual space:
  Non-class space:      128.00 MB reserved,      88.19 MB ( 69%) committed,  2 nodes.
      Class space:        1.00 GB reserved,      12.62 MB (  1%) committed,  1 nodes.
             Both:        1.12 GB reserved,     100.81 MB (  9%) committed. 

Chunk freelists:
   Non-Class:  7.38 MB
       Class:  3.41 MB
        Both:  10.78 MB

MaxMetaspaceSize: unlimited
CompressedClassSpaceSize: 1.00 GB
Initial GC threshold: 21.00 MB
Current GC threshold: 162.19 MB
CDS: on
 - commit_granule_bytes: 65536.
 - commit_granule_words: 8192.
 - virtual_space_node_default_size: 8388608.
 - enlarge_chunks_in_place: 1.
 - use_allocation_guard: 0.


Internal statistics:

num_allocs_failed_limit: 12.
num_arena_births: 1968.
num_arena_deaths: 20.
num_vsnodes_births: 3.
num_vsnodes_deaths: 0.
num_space_committed: 1613.
num_space_uncommitted: 0.
num_chunks_returned_to_freelist: 35.
num_chunks_taken_from_freelist: 6730.
num_chunk_merges: 20.
num_chunk_splits: 4176.
num_chunks_enlarged: 2388.
num_inconsistent_stats: 0.

CodeHeap 'non-profiled nmethods': size=120000Kb used=13535Kb max_used=13535Kb free=106464Kb
 bounds [0x0000026c330f0000, 0x0000026c33e30000, 0x0000026c3a620000]
CodeHeap 'profiled nmethods': size=120000Kb used=34352Kb max_used=34352Kb free=85647Kb
 bounds [0x0000026c2b620000, 0x0000026c2d7b0000, 0x0000026c32b50000]
CodeHeap 'non-nmethods': size=5760Kb used=1535Kb max_used=1624Kb free=4224Kb
 bounds [0x0000026c32b50000, 0x0000026c32dc0000, 0x0000026c330f0000]
CodeCache: size=245760Kb, used=49422Kb, max_used=49511Kb, free=196335Kb
 total_blobs=15873, nmethods=15013, adapters=762, full_count=0
Compilation: enabled, stopped_count=0, restarted_count=0

Compilation events (20 events):
Event: 726.712 Thread 0x0000026c3f4baf90 16284       3       org.eclipse.core.internal.resources.MarkerAttributeMap::getMap (11 bytes)
Event: 726.712 Thread 0x0000026c3f4baf90 nmethod 16284 0x0000026c2d799010 code [0x0000026c2d7991c0, 0x0000026c2d799400]
Event: 726.715 Thread 0x0000026c3f4b0630 nmethod 16279 0x0000026c33e22690 code [0x0000026c33e22920, 0x0000026c33e232e8]
Event: 726.715 Thread 0x0000026c3f4b0630 16274       4       java.io.ObjectOutputStream$BlockDataOutputStream::drain (45 bytes)
Event: 726.716 Thread 0x0000026c3f4b0630 nmethod 16274 0x0000026c33e23d90 code [0x0000026c33e23f20, 0x0000026c33e24020]
Event: 726.716 Thread 0x0000026c3f4b0630 16264       4       java.lang.ClassValue::get (31 bytes)
Event: 726.718 Thread 0x0000026c3f4b0630 nmethod 16264 0x0000026c33e24110 code [0x0000026c33e242c0, 0x0000026c33e244a8]
Event: 726.718 Thread 0x0000026c3f4b0630 16266       4       java.io.ClassCache::get (56 bytes)
Event: 726.727 Thread 0x0000026c3f4b0630 nmethod 16266 0x0000026c33e24710 code [0x0000026c33e24960, 0x0000026c33e24fc0]
Event: 726.860 Thread 0x0000026c3f4baf90 16288       3       org.eclipse.core.internal.jobs.JobQueue::canOvertake (69 bytes)
Event: 726.861 Thread 0x0000026c3f4baf90 nmethod 16288 0x0000026c2d799510 code [0x0000026c2d799700, 0x0000026c2d799d00]
Event: 726.861 Thread 0x0000026c3f4baf90 16289       3       java.util.UUID::randomUUID (63 bytes)
Event: 726.861 Thread 0x0000026c3f4baf90 nmethod 16289 0x0000026c2d799e90 code [0x0000026c2d79a060, 0x0000026c2d79a318]
Event: 726.862 Thread 0x0000026c3f4baf90 16290   !   3       org.eclipse.lsp4j.jsonrpc.services.EndpointProxy::invoke (208 bytes)
Event: 726.863 Thread 0x0000026c3f4baf90 nmethod 16290 0x0000026c2d79a410 code [0x0000026c2d79a8e0, 0x0000026c2d79cdd0]
Event: 726.863 Thread 0x0000026c3f4baf90 16291       3       org.eclipse.lsp4j.jsonrpc.services.EndpointProxy::getParams (22 bytes)
Event: 726.864 Thread 0x0000026c3f4baf90 nmethod 16291 0x0000026c2d79d910 code [0x0000026c2d79db20, 0x0000026c2d79e0c0]
Event: 726.864 Thread 0x0000026c3f4baf90 16292       3       org.eclipse.lsp4j.jsonrpc.json.adapters.MessageTypeAdapter::handleParameter (111 bytes)
Event: 726.865 Thread 0x0000026c3f4baf90 nmethod 16292 0x0000026c2d79e310 code [0x0000026c2d79e5e0, 0x0000026c2d79f510]
Event: 726.867 Thread 0x0000026c3f4b0630 16293       4       java.util.ImmutableCollections$MapN::get (35 bytes)

GC Heap History (20 events):
Event: 642.418 GC heap after
{Heap after GC invocations=221 (full 4):
 PSYoungGen      total 9728K, used 4065K [0x00000000d5580000, 0x00000000d7080000, 0x0000000100000000)
  eden space 5632K, 0% used [0x00000000d5580000,0x00000000d5580000,0x00000000d5b00000)
  from space 4096K, 99% used [0x00000000d5b00000,0x00000000d5ef8450,0x00000000d5f00000)
  to   space 10240K, 0% used [0x00000000d6680000,0x00000000d6680000,0x00000000d7080000)
 ParOldGen       total 283136K, used 283125K [0x0000000080000000, 0x0000000091480000, 0x00000000d5580000)
  object space 283136K, 99% used [0x0000000080000000,0x000000009147d648,0x0000000091480000)
 Metaspace       used 100803K, committed 102784K, reserved 1179648K
  class space    used 12002K, committed 12928K, reserved 1048576K
}
Event: 642.428 GC heap before
{Heap before GC invocations=222 (full 4):
 PSYoungGen      total 9728K, used 9697K [0x00000000d5580000, 0x00000000d7080000, 0x0000000100000000)
  eden space 5632K, 100% used [0x00000000d5580000,0x00000000d5b00000,0x00000000d5b00000)
  from space 4096K, 99% used [0x00000000d5b00000,0x00000000d5ef8450,0x00000000d5f00000)
  to   space 10240K, 0% used [0x00000000d6680000,0x00000000d6680000,0x00000000d7080000)
 ParOldGen       total 283136K, used 283125K [0x0000000080000000, 0x0000000091480000, 0x00000000d5580000)
  object space 283136K, 99% used [0x0000000080000000,0x000000009147d648,0x0000000091480000)
 Metaspace       used 100803K, committed 102784K, reserved 1179648K
  class space    used 12002K, committed 12928K, reserved 1048576K
}
Event: 642.432 GC heap after
{Heap after GC invocations=222 (full 4):
 PSYoungGen      total 12800K, used 5232K [0x00000000d5580000, 0x00000000d6c00000, 0x0000000100000000)
  eden space 7168K, 0% used [0x00000000d5580000,0x00000000d5580000,0x00000000d5c80000)
  from space 5632K, 92% used [0x00000000d6680000,0x00000000d6b9c000,0x00000000d6c00000)
  to   space 6656K, 0% used [0x00000000d5f00000,0x00000000d5f00000,0x00000000d6580000)
 ParOldGen       total 287744K, used 287583K [0x0000000080000000, 0x0000000091900000, 0x00000000d5580000)
  object space 287744K, 99% used [0x0000000080000000,0x00000000918d7c08,0x0000000091900000)
 Metaspace       used 100803K, committed 102784K, reserved 1179648K
  class space    used 12002K, committed 12928K, reserved 1048576K
}
Event: 642.466 GC heap before
{Heap before GC invocations=223 (full 4):
 PSYoungGen      total 12800K, used 12386K [0x00000000d5580000, 0x00000000d6c00000, 0x0000000100000000)
  eden space 7168K, 99% used [0x00000000d5580000,0x00000000d5c7ca50,0x00000000d5c80000)
  from space 5632K, 92% used [0x00000000d6680000,0x00000000d6b9c000,0x00000000d6c00000)
  to   space 6656K, 0% used [0x00000000d5f00000,0x00000000d5f00000,0x00000000d6580000)
 ParOldGen       total 287744K, used 287583K [0x0000000080000000, 0x0000000091900000, 0x00000000d5580000)
  object space 287744K, 99% used [0x0000000080000000,0x00000000918d7c08,0x0000000091900000)
 Metaspace       used 100825K, committed 102848K, reserved 1179648K
  class space    used 12002K, committed 12928K, reserved 1048576K
}
Event: 642.471 GC heap after
{Heap after GC invocations=223 (full 4):
 PSYoungGen      total 14848K, used 5897K [0x00000000d5580000, 0x00000000d6a00000, 0x0000000100000000)
  eden space 8704K, 0% used [0x00000000d5580000,0x00000000d5580000,0x00000000d5e00000)
  from space 6144K, 95% used [0x00000000d5f00000,0x00000000d64c2688,0x00000000d6500000)
  to   space 5120K, 0% used [0x00000000d6500000,0x00000000d6500000,0x00000000d6a00000)
 ParOldGen       total 292352K, used 292143K [0x0000000080000000, 0x0000000091d80000, 0x00000000d5580000)
  object space 292352K, 99% used [0x0000000080000000,0x0000000091d4bc08,0x0000000091d80000)
 Metaspace       used 100825K, committed 102848K, reserved 1179648K
  class space    used 12002K, committed 12928K, reserved 1048576K
}
Event: 642.740 GC heap before
{Heap before GC invocations=224 (full 4):
 PSYoungGen      total 14848K, used 14601K [0x00000000d5580000, 0x00000000d6a00000, 0x0000000100000000)
  eden space 8704K, 100% used [0x00000000d5580000,0x00000000d5e00000,0x00000000d5e00000)
  from space 6144K, 95% used [0x00000000d5f00000,0x00000000d64c2688,0x00000000d6500000)
  to   space 5120K, 0% used [0x00000000d6500000,0x00000000d6500000,0x00000000d6a00000)
 ParOldGen       total 324096K, used 322863K [0x0000000080000000, 0x0000000093c80000, 0x00000000d5580000)
  object space 324096K, 99% used [0x0000000080000000,0x0000000093b4bc38,0x0000000093c80000)
 Metaspace       used 100884K, committed 102912K, reserved 1179648K
  class space    used 12003K, committed 12928K, reserved 1048576K
}
Event: 642.744 GC heap after
{Heap after GC invocations=224 (full 4):
 PSYoungGen      total 10240K, used 1425K [0x00000000d5580000, 0x00000000d6680000, 0x0000000100000000)
  eden space 8704K, 0% used [0x00000000d5580000,0x00000000d5580000,0x00000000d5e00000)
  from space 1536K, 92% used [0x00000000d6500000,0x00000000d66645e8,0x00000000d6680000)
  to   space 3584K, 0% used [0x00000000d5f80000,0x00000000d5f80000,0x00000000d6300000)
 ParOldGen       total 325120K, used 325063K [0x0000000080000000, 0x0000000093d80000, 0x00000000d5580000)
  object space 325120K, 99% used [0x0000000080000000,0x0000000093d71c78,0x0000000093d80000)
 Metaspace       used 100884K, committed 102912K, reserved 1179648K
  class space    used 12003K, committed 12928K, reserved 1048576K
}
Event: 642.956 GC heap before
{Heap before GC invocations=225 (full 4):
 PSYoungGen      total 10240K, used 10129K [0x00000000d5580000, 0x00000000d6680000, 0x0000000100000000)
  eden space 8704K, 100% used [0x00000000d5580000,0x00000000d5e00000,0x00000000d5e00000)
  from space 1536K, 92% used [0x00000000d6500000,0x00000000d66645e8,0x00000000d6680000)
  to   space 3584K, 0% used [0x00000000d5f80000,0x00000000d5f80000,0x00000000d6300000)
 ParOldGen       total 325120K, used 325063K [0x0000000080000000, 0x0000000093d80000, 0x00000000d5580000)
  object space 325120K, 99% used [0x0000000080000000,0x0000000093d71c78,0x0000000093d80000)
 Metaspace       used 100925K, committed 102912K, reserved 1179648K
  class space    used 12003K, committed 12928K, reserved 1048576K
}
Event: 642.958 GC heap after
{Heap after GC invocations=225 (full 4):
 PSYoungGen      total 12288K, used 704K [0x00000000d5580000, 0x00000000d6580000, 0x0000000100000000)
  eden space 8704K, 0% used [0x00000000d5580000,0x00000000d5580000,0x00000000d5e00000)
  from space 3584K, 19% used [0x00000000d5f80000,0x00000000d6030000,0x00000000d6300000)
  to   space 1536K, 0% used [0x00000000d6400000,0x00000000d6400000,0x00000000d6580000)
 ParOldGen       total 326144K, used 325947K [0x0000000080000000, 0x0000000093e80000, 0x00000000d5580000)
  object space 326144K, 99% used [0x0000000080000000,0x0000000093e4eea8,0x0000000093e80000)
 Metaspace       used 100925K, committed 102912K, reserved 1179648K
  class space    used 12003K, committed 12928K, reserved 1048576K
}
Event: 675.804 GC heap before
{Heap before GC invocations=226 (full 4):
 PSYoungGen      total 12288K, used 9408K [0x00000000d5580000, 0x00000000d6580000, 0x0000000100000000)
  eden space 8704K, 100% used [0x00000000d5580000,0x00000000d5e00000,0x00000000d5e00000)
  from space 3584K, 19% used [0x00000000d5f80000,0x00000000d6030000,0x00000000d6300000)
  to   space 1536K, 0% used [0x00000000d6400000,0x00000000d6400000,0x00000000d6580000)
 ParOldGen       total 326144K, used 325947K [0x0000000080000000, 0x0000000093e80000, 0x00000000d5580000)
  object space 326144K, 99% used [0x0000000080000000,0x0000000093e4eea8,0x0000000093e80000)
 Metaspace       used 100968K, committed 103040K, reserved 1179648K
  class space    used 12006K, committed 12928K, reserved 1048576K
}
Event: 675.805 GC heap after
{Heap after GC invocations=226 (full 4):
 PSYoungGen      total 9216K, used 468K [0x00000000d5580000, 0x00000000d6480000, 0x0000000100000000)
  eden space 8704K, 0% used [0x00000000d5580000,0x00000000d5580000,0x00000000d5e00000)
  from space 512K, 91% used [0x00000000d6400000,0x00000000d6475200,0x00000000d6480000)
  to   space 1024K, 0% used [0x00000000d6280000,0x00000000d6280000,0x00000000d6380000)
 ParOldGen       total 326656K, used 326491K [0x0000000080000000, 0x0000000093f00000, 0x00000000d5580000)
  object space 326656K, 99% used [0x0000000080000000,0x0000000093ed6ec8,0x0000000093f00000)
 Metaspace       used 100968K, committed 103040K, reserved 1179648K
  class space    used 12006K, committed 12928K, reserved 1048576K
}
Event: 675.821 GC heap before
{Heap before GC invocations=227 (full 4):
 PSYoungGen      total 9216K, used 9172K [0x00000000d5580000, 0x00000000d6480000, 0x0000000100000000)
  eden space 8704K, 100% used [0x00000000d5580000,0x00000000d5e00000,0x00000000d5e00000)
  from space 512K, 91% used [0x00000000d6400000,0x00000000d6475200,0x00000000d6480000)
  to   space 1024K, 0% used [0x00000000d6280000,0x00000000d6280000,0x00000000d6380000)
 ParOldGen       total 326656K, used 326491K [0x0000000080000000, 0x0000000093f00000, 0x00000000d5580000)
  object space 326656K, 99% used [0x0000000080000000,0x0000000093ed6ec8,0x0000000093f00000)
 Metaspace       used 101021K, committed 103040K, reserved 1179648K
  class space    used 12007K, committed 12928K, reserved 1048576K
}
Event: 675.822 GC heap after
{Heap after GC invocations=227 (full 4):
 PSYoungGen      total 9728K, used 1018K [0x00000000d5580000, 0x00000000d6480000, 0x0000000100000000)
  eden space 8704K, 0% used [0x00000000d5580000,0x00000000d5580000,0x00000000d5e00000)
  from space 1024K, 99% used [0x00000000d6280000,0x00000000d637e900,0x00000000d6380000)
  to   space 1024K, 0% used [0x00000000d6380000,0x00000000d6380000,0x00000000d6480000)
 ParOldGen       total 327168K, used 326976K [0x0000000080000000, 0x0000000093f80000, 0x00000000d5580000)
  object space 327168K, 99% used [0x0000000080000000,0x0000000093f50108,0x0000000093f80000)
 Metaspace       used 101021K, committed 103040K, reserved 1179648K
  class space    used 12007K, committed 12928K, reserved 1048576K
}
Event: 675.850 GC heap before
{Heap before GC invocations=228 (full 4):
 PSYoungGen      total 9728K, used 9722K [0x00000000d5580000, 0x00000000d6480000, 0x0000000100000000)
  eden space 8704K, 100% used [0x00000000d5580000,0x00000000d5e00000,0x00000000d5e00000)
  from space 1024K, 99% used [0x00000000d6280000,0x00000000d637e900,0x00000000d6380000)
  to   space 1024K, 0% used [0x00000000d6380000,0x00000000d6380000,0x00000000d6480000)
 ParOldGen       total 327168K, used 326976K [0x0000000080000000, 0x0000000093f80000, 0x00000000d5580000)
  object space 327168K, 99% used [0x0000000080000000,0x0000000093f50108,0x0000000093f80000)
 Metaspace       used 101113K, committed 103168K, reserved 1179648K
  class space    used 12007K, committed 12928K, reserved 1048576K
}
Event: 675.852 GC heap after
{Heap after GC invocations=228 (full 4):
 PSYoungGen      total 9728K, used 788K [0x00000000d5580000, 0x00000000d6480000, 0x0000000100000000)
  eden space 8704K, 0% used [0x00000000d5580000,0x00000000d5580000,0x00000000d5e00000)
  from space 1024K, 77% used [0x00000000d6380000,0x00000000d6445200,0x00000000d6480000)
  to   space 1536K, 0% used [0x00000000d6180000,0x00000000d6180000,0x00000000d6300000)
 ParOldGen       total 328192K, used 328020K [0x0000000080000000, 0x0000000094080000, 0x00000000d5580000)
  object space 328192K, 99% used [0x0000000080000000,0x0000000094055308,0x0000000094080000)
 Metaspace       used 101113K, committed 103168K, reserved 1179648K
  class space    used 12007K, committed 12928K, reserved 1048576K
}
Event: 675.869 GC heap before
{Heap before GC invocations=229 (full 4):
 PSYoungGen      total 9728K, used 9492K [0x00000000d5580000, 0x00000000d6480000, 0x0000000100000000)
  eden space 8704K, 100% used [0x00000000d5580000,0x00000000d5e00000,0x00000000d5e00000)
  from space 1024K, 77% used [0x00000000d6380000,0x00000000d6445200,0x00000000d6480000)
  to   space 1536K, 0% used [0x00000000d6180000,0x00000000d6180000,0x00000000d6300000)
 ParOldGen       total 328192K, used 328020K [0x0000000080000000, 0x0000000094080000, 0x00000000d5580000)
  object space 328192K, 99% used [0x0000000080000000,0x0000000094055308,0x0000000094080000)
 Metaspace       used 101150K, committed 103168K, reserved 1179648K
  class space    used 12007K, committed 12928K, reserved 1048576K
}
Event: 675.871 GC heap after
{Heap after GC invocations=229 (full 4):
 PSYoungGen      total 10240K, used 1412K [0x00000000d5580000, 0x00000000d6400000, 0x0000000100000000)
  eden space 8704K, 0% used [0x00000000d5580000,0x00000000d5580000,0x00000000d5e00000)
  from space 1536K, 91% used [0x00000000d6180000,0x00000000d62e1210,0x00000000d6300000)
  to   space 1024K, 0% used [0x00000000d6300000,0x00000000d6300000,0x00000000d6400000)
 ParOldGen       total 328704K, used 328585K [0x0000000080000000, 0x0000000094100000, 0x00000000d5580000)
  object space 328704K, 99% used [0x0000000080000000,0x00000000940e2518,0x0000000094100000)
 Metaspace       used 101150K, committed 103168K, reserved 1179648K
  class space    used 12007K, committed 12928K, reserved 1048576K
}
Event: 675.890 GC heap before
{Heap before GC invocations=230 (full 4):
 PSYoungGen      total 10240K, used 10116K [0x00000000d5580000, 0x00000000d6400000, 0x0000000100000000)
  eden space 8704K, 100% used [0x00000000d5580000,0x00000000d5e00000,0x00000000d5e00000)
  from space 1536K, 91% used [0x00000000d6180000,0x00000000d62e1210,0x00000000d6300000)
  to   space 1024K, 0% used [0x00000000d6300000,0x00000000d6300000,0x00000000d6400000)
 ParOldGen       total 328704K, used 328585K [0x0000000080000000, 0x0000000094100000, 0x00000000d5580000)
  object space 328704K, 99% used [0x0000000080000000,0x00000000940e2518,0x0000000094100000)
 Metaspace       used 101162K, committed 103168K, reserved 1179648K
  class space    used 12008K, committed 12928K, reserved 1048576K
}
Event: 675.892 GC heap after
{Heap after GC invocations=230 (full 4):
 PSYoungGen      total 9728K, used 1012K [0x00000000d5580000, 0x00000000d6400000, 0x0000000100000000)
  eden space 8704K, 0% used [0x00000000d5580000,0x00000000d5580000,0x00000000d5e00000)
  from space 1024K, 98% used [0x00000000d6300000,0x00000000d63fd200,0x00000000d6400000)
  to   space 2560K, 0% used [0x00000000d5f00000,0x00000000d5f00000,0x00000000d6180000)
 ParOldGen       total 330240K, used 329875K [0x0000000080000000, 0x0000000094280000, 0x00000000d5580000)
  object space 330240K, 99% used [0x0000000080000000,0x0000000094224e30,0x0000000094280000)
 Metaspace       used 101162K, committed 103168K, reserved 1179648K
  class space    used 12008K, committed 12928K, reserved 1048576K
}
Event: 726.898 GC heap before
{Heap before GC invocations=231 (full 4):
 PSYoungGen      total 9728K, used 9716K [0x00000000d5580000, 0x00000000d6400000, 0x0000000100000000)
  eden space 8704K, 100% used [0x00000000d5580000,0x00000000d5e00000,0x00000000d5e00000)
  from space 1024K, 98% used [0x00000000d6300000,0x00000000d63fd200,0x00000000d6400000)
  to   space 2560K, 0% used [0x00000000d5f00000,0x00000000d5f00000,0x00000000d6180000)
 ParOldGen       total 330240K, used 329875K [0x0000000080000000, 0x0000000094280000, 0x00000000d5580000)
  object space 330240K, 99% used [0x0000000080000000,0x0000000094224e30,0x0000000094280000)
 Metaspace       used 101207K, committed 103232K, reserved 1179648K
  class space    used 12008K, committed 12928K, reserved 1048576K
}

Dll operation events (15 events):
Event: 0.015 Loaded shared library c:\Users\HP\.antigravity\extensions\redhat.java-1.54.0-win32-x64\jre\21.0.10-win32-x86_64\bin\java.dll
Event: 0.099 Loaded shared library c:\Users\HP\.antigravity\extensions\redhat.java-1.54.0-win32-x64\jre\21.0.10-win32-x86_64\bin\zip.dll
Event: 0.124 Loaded shared library C:\Users\HP\.antigravity\extensions\redhat.java-1.54.0-win32-x64\jre\21.0.10-win32-x86_64\bin\instrument.dll
Event: 0.130 Loaded shared library C:\Users\HP\.antigravity\extensions\redhat.java-1.54.0-win32-x64\jre\21.0.10-win32-x86_64\bin\net.dll
Event: 0.133 Loaded shared library C:\Users\HP\.antigravity\extensions\redhat.java-1.54.0-win32-x64\jre\21.0.10-win32-x86_64\bin\nio.dll
Event: 0.136 Loaded shared library C:\Users\HP\.antigravity\extensions\redhat.java-1.54.0-win32-x64\jre\21.0.10-win32-x86_64\bin\zip.dll
Event: 0.151 Loaded shared library C:\Users\HP\.antigravity\extensions\redhat.java-1.54.0-win32-x64\jre\21.0.10-win32-x86_64\bin\jimage.dll
Event: 0.228 Loaded shared library c:\Users\HP\.antigravity\extensions\redhat.java-1.54.0-win32-x64\jre\21.0.10-win32-x86_64\bin\verify.dll
Event: 1.779 Loaded shared library C:\Users\HP\AppData\Roaming\Antigravity\User\globalStorage\redhat.java\1.54.0\config_win\org.eclipse.equinox.launcher\org.eclipse.equinox.launcher.win32.win32.x86_64_1.3.0.v20260203-2149\eclipse_11919.dll
Event: 3.470 Loaded shared library C:\Users\HP\AppData\Local\Temp\jna-2312\jna509868940473564873.dll
Event: 7.064 Loaded shared library C:\Users\HP\.gradle\native\1def1411415f61bf3af743bc5b6707747c0891f09f0c88961ee8f79bc544acac\windows-amd64\native-platform.dll
Event: 9.085 Loaded shared library C:\Users\HP\.antigravity\extensions\redhat.java-1.54.0-win32-x64\jre\21.0.10-win32-x86_64\bin\management.dll
Event: 9.091 Loaded shared library C:\Users\HP\.antigravity\extensions\redhat.java-1.54.0-win32-x64\jre\21.0.10-win32-x86_64\bin\management_ext.dll
Event: 11.460 Loaded shared library C:\Users\HP\.antigravity\extensions\redhat.java-1.54.0-win32-x64\jre\21.0.10-win32-x86_64\bin\extnet.dll
Event: 11.616 Loaded shared library C:\Users\HP\.antigravity\extensions\redhat.java-1.54.0-win32-x64\jre\21.0.10-win32-x86_64\bin\sunmscapi.dll

Deoptimization events (20 events):
Event: 642.745 Thread 0x0000026c881333b0 DEOPT PACKING pc=0x0000026c33dc2b7c sp=0x000000b9b8efbff0
Event: 642.745 Thread 0x0000026c881333b0 DEOPT UNPACKING pc=0x0000026c32ba3aa2 sp=0x000000b9b8efbfa0 mode 2
Event: 642.745 Thread 0x0000026c881333b0 Uncommon trap: trap_request=0xffffffd6 fr.pc=0x0000026c33dc2b7c relative=0x000000000000049c
Event: 642.745 Thread 0x0000026c881333b0 Uncommon trap: reason=array_check action=maybe_recompile pc=0x0000026c33dc2b7c method=org.eclipse.jdt.internal.compiler.lookup.UnresolvedReferenceBinding.addWrapper(Lorg/eclipse/jdt/internal/compiler/lookup/HotSwappable;Lorg/eclipse/jdt/internal/compiler/
Event: 642.745 Thread 0x0000026c881333b0 DEOPT PACKING pc=0x0000026c33dc2b7c sp=0x000000b9b8efc080
Event: 642.745 Thread 0x0000026c881333b0 DEOPT UNPACKING pc=0x0000026c32ba3aa2 sp=0x000000b9b8efc030 mode 2
Event: 642.770 Thread 0x0000026c881333b0 Uncommon trap: trap_request=0xffffffde fr.pc=0x0000026c33c3f81c relative=0x0000000000000cbc
Event: 642.771 Thread 0x0000026c881333b0 Uncommon trap: reason=class_check action=maybe_recompile pc=0x0000026c33c3f81c method=lombok.eclipse.EclipseNode.traverse(Llombok/eclipse/EclipseASTVisitor;)V @ 588 c2
Event: 642.771 Thread 0x0000026c881333b0 DEOPT PACKING pc=0x0000026c33c3f81c sp=0x000000b9b8efce40
Event: 642.771 Thread 0x0000026c881333b0 DEOPT UNPACKING pc=0x0000026c32ba3aa2 sp=0x000000b9b8efcdc8 mode 2
Event: 642.771 Thread 0x0000026c881333b0 Uncommon trap: trap_request=0xffffffde fr.pc=0x0000026c33c3f81c relative=0x0000000000000cbc
Event: 642.771 Thread 0x0000026c881333b0 Uncommon trap: reason=class_check action=maybe_recompile pc=0x0000026c33c3f81c method=lombok.eclipse.EclipseNode.traverse(Llombok/eclipse/EclipseASTVisitor;)V @ 588 c2
Event: 642.771 Thread 0x0000026c881333b0 DEOPT PACKING pc=0x0000026c33c3f81c sp=0x000000b9b8efce40
Event: 642.771 Thread 0x0000026c881333b0 DEOPT UNPACKING pc=0x0000026c32ba3aa2 sp=0x000000b9b8efcdc8 mode 2
Event: 642.780 Thread 0x0000026c881333b0 DEOPT PACKING pc=0x0000026c2d29262a sp=0x000000b9b8efc0f0
Event: 642.780 Thread 0x0000026c881333b0 DEOPT UNPACKING pc=0x0000026c32ba4242 sp=0x000000b9b8efb550 mode 0
Event: 642.959 Thread 0x0000026c88324a50 Uncommon trap: trap_request=0xffffffc6 fr.pc=0x0000026c33d5ef34 relative=0x0000000000000cb4
Event: 642.959 Thread 0x0000026c88324a50 Uncommon trap: reason=bimorphic_or_optimized_type_check action=maybe_recompile pc=0x0000026c33d5ef34 method=org.eclipse.jdt.internal.compiler.parser.Parser.consumeRule(I)V @ 4228 c2
Event: 642.959 Thread 0x0000026c88324a50 DEOPT PACKING pc=0x0000026c33d5ef34 sp=0x000000b9bb4fec80
Event: 642.959 Thread 0x0000026c88324a50 DEOPT UNPACKING pc=0x0000026c32ba3aa2 sp=0x000000b9bb4fec00 mode 2

Classes loaded (20 events):
Event: 310.758 Loading class java/util/stream/Nodes$CollectorTask done
Event: 310.758 Loading class java/util/stream/Nodes$CollectorTask$OfRef done
Event: 310.758 Loading class java/util/function/LongFunction
Event: 310.758 Loading class java/util/function/LongFunction done
Event: 310.758 Loading class java/util/stream/Nodes$ConcNode
Event: 310.758 Loading class java/util/stream/Nodes$AbstractConcNode
Event: 310.758 Loading class java/util/stream/Nodes$AbstractConcNode done
Event: 310.758 Loading class java/util/stream/Nodes$ConcNode done
Event: 426.850 Loading class jdk/internal/module/IllegalAccessLogger
Event: 426.850 Loading class jdk/internal/module/IllegalAccessLogger done
Event: 427.329 Loading class java/nio/file/attribute/PosixFileAttributes
Event: 427.329 Loading class java/nio/file/attribute/PosixFileAttributes done
Event: 431.881 Loading class sun/nio/fs/WindowsFileCopy
Event: 431.882 Loading class sun/nio/fs/WindowsFileCopy done
Event: 432.035 Loading class jdk/internal/module/IllegalAccessLogger
Event: 432.035 Loading class jdk/internal/module/IllegalAccessLogger done
Event: 437.625 Loading class jdk/internal/module/IllegalAccessLogger
Event: 437.625 Loading class jdk/internal/module/IllegalAccessLogger done
Event: 642.475 Loading class jdk/internal/module/IllegalAccessLogger
Event: 642.475 Loading class jdk/internal/module/IllegalAccessLogger done

Classes unloaded (10 events):
Event: 3.965 Thread 0x0000026c3f4a3cf0 Unloading class 0x0000026c411a5000 'java/lang/invoke/LambdaForm$MH+0x0000026c411a5000'
Event: 3.965 Thread 0x0000026c3f4a3cf0 Unloading class 0x0000026c411a4c00 'java/lang/invoke/LambdaForm$MH+0x0000026c411a4c00'
Event: 3.965 Thread 0x0000026c3f4a3cf0 Unloading class 0x0000026c411a4800 'java/lang/invoke/LambdaForm$MH+0x0000026c411a4800'
Event: 3.965 Thread 0x0000026c3f4a3cf0 Unloading class 0x0000026c411a4400 'java/lang/invoke/LambdaForm$MH+0x0000026c411a4400'
Event: 3.965 Thread 0x0000026c3f4a3cf0 Unloading class 0x0000026c411a4000 'java/lang/invoke/LambdaForm$BMH+0x0000026c411a4000'
Event: 3.965 Thread 0x0000026c3f4a3cf0 Unloading class 0x0000026c411a3c00 'java/lang/invoke/LambdaForm$DMH+0x0000026c411a3c00'
Event: 3.965 Thread 0x0000026c3f4a3cf0 Unloading class 0x0000026c411a2800 'java/lang/invoke/LambdaForm$DMH+0x0000026c411a2800'
Event: 289.980 Thread 0x0000026c3f4a3cf0 Unloading class 0x0000026c41a0cc00 'java/lang/invoke/LambdaForm$DMH+0x0000026c41a0cc00'
Event: 289.980 Thread 0x0000026c3f4a3cf0 Unloading class 0x0000026c41a0c800 'java/lang/invoke/LambdaForm$DMH+0x0000026c41a0c800'
Event: 289.980 Thread 0x0000026c3f4a3cf0 Unloading class 0x0000026c41a0c400 'java/lang/invoke/LambdaForm$DMH+0x0000026c41a0c400'

Classes redefined (0 events):
No events

Internal exceptions (20 events):
Event: 426.669 Thread 0x0000026c88324a50 Implicit null exception at 0x0000026c33b2e062 to 0x0000026c33b2e4a4
Event: 426.670 Thread 0x0000026c88324a50 Implicit null exception at 0x0000026c33aefe7d to 0x0000026c33af0288
Event: 426.981 Thread 0x0000026c87bdf270 Implicit null exception at 0x0000026c333ce5e9 to 0x0000026c333ce6cc
Event: 427.003 Thread 0x0000026c8a769ce0 Exception <a 'java/lang/NoSuchMethodError'{0x00000000d5cb8b40}: 'void java.lang.invoke.DirectMethodHandle$Holder.invokeVirtual(java.lang.Object, java.lang.Object, java.lang.Object, java.lang.Object, java.lang.Object)'> (0x00000000d5cb8b40) 
thrown [s\src\hotspot\share\interpreter\linkResolver.cpp, line 773]
Event: 427.035 Thread 0x0000026c8a769ce0 Exception <a 'java/lang/NoSuchMethodError'{0x00000000d5df80b0}: 'java.lang.Object java.lang.invoke.DirectMethodHandle$Holder.newInvokeSpecial(java.lang.Object, java.lang.Object, java.lang.Object, java.lang.Object, int)'> (0x00000000d5df80b0) 
thrown [s\src\hotspot\share\interpreter\linkResolver.cpp, line 773]
Event: 427.036 Thread 0x0000026c8a769ce0 Exception <a 'java/lang/NoSuchMethodError'{0x00000000d5dfc3e8}: 'java.lang.Object java.lang.invoke.DirectMethodHandle$Holder.invokeSpecial(java.lang.Object, java.lang.Object, java.lang.Object, java.lang.Object, java.lang.Object, int)'> (0x00000000d5dfc3e8) 
thrown [s\src\hotspot\share\interpreter\linkResolver.cpp, line 773]
Event: 427.036 Thread 0x0000026c8a769ce0 Exception <a 'java/lang/NoSuchMethodError'{0x00000000d5e00078}: 'java.lang.Object java.lang.invoke.Invokers$Holder.linkToTargetMethod(java.lang.Object, java.lang.Object, java.lang.Object, int, java.lang.Object)'> (0x00000000d5e00078) 
thrown [s\src\hotspot\share\interpreter\linkResolver.cpp, line 773]
Event: 427.063 Thread 0x0000026c8a769ce0 Implicit null exception at 0x0000026c33ba44fc to 0x0000026c33ba4a3c
Event: 427.063 Thread 0x0000026c8a769ce0 Implicit null exception at 0x0000026c33623347 to 0x0000026c33623a04
Event: 427.398 Thread 0x0000026c87bdf270 Exception <a 'java/lang/NoSuchMethodError'{0x00000000d57354d0}: 'void java.lang.invoke.DirectMethodHandle$Holder.invokeSpecial(java.lang.Object, java.lang.Object, java.lang.Object, java.lang.Object, java.lang.Object, java.lang.Object, java.lang.Object)'> (0x00000000d57354d0) 
thrown [s\src\hotspot\share\interpreter\linkResolver.cpp, line 773]
Event: 431.652 Thread 0x0000026c8a253140 Exception <a 'java/lang/NoSuchMethodError'{0x00000000d59a9650}: 'java.lang.Object java.lang.invoke.DirectMethodHandle$Holder.invokeStatic(java.lang.Object, java.lang.Object, int, int)'> (0x00000000d59a9650) 
thrown [s\src\hotspot\share\interpreter\linkResolver.cpp, line 773]
Event: 431.652 Thread 0x0000026c8a253140 Exception <a 'java/lang/NoSuchMethodError'{0x00000000d59adb60}: 'java.lang.Object java.lang.invoke.DirectMethodHandle$Holder.invokeSpecial(java.lang.Object, java.lang.Object, java.lang.Object, int, int)'> (0x00000000d59adb60) 
thrown [s\src\hotspot\share\interpreter\linkResolver.cpp, line 773]
Event: 431.882 Thread 0x0000026c88324a50 Exception <a 'sun/nio/fs/WindowsException'{0x00000000d5d0f4e0}> (0x00000000d5d0f4e0) 
thrown [s\src\hotspot\share\prims\jni.cpp, line 520]
Event: 432.166 Thread 0x0000026c88324a50 Exception <a 'sun/nio/fs/WindowsException'{0x00000000d55c3068}> (0x00000000d55c3068) 
thrown [s\src\hotspot\share\prims\jni.cpp, line 520]
Event: 437.455 Thread 0x0000026c88324a50 Exception <a 'sun/nio/fs/WindowsException'{0x00000000d572ad10}> (0x00000000d572ad10) 
thrown [s\src\hotspot\share\prims\jni.cpp, line 520]
Event: 437.590 Thread 0x0000026c88324a50 Exception <a 'sun/nio/fs/WindowsException'{0x00000000d56caef0}> (0x00000000d56caef0) 
thrown [s\src\hotspot\share\prims\jni.cpp, line 520]
Event: 642.346 Thread 0x0000026c88324a50 Exception <a 'sun/nio/fs/WindowsException'{0x00000000d595c2d8}> (0x00000000d595c2d8) 
thrown [s\src\hotspot\share\prims\jni.cpp, line 520]
Event: 642.452 Thread 0x0000026c88324a50 Exception <a 'sun/nio/fs/WindowsException'{0x00000000d5723130}> (0x00000000d5723130) 
thrown [s\src\hotspot\share\prims\jni.cpp, line 520]
Event: 726.676 Thread 0x0000026c8cb27a50 Exception <a 'sun/nio/fs/WindowsException'{0x00000000d5d376d0}> (0x00000000d5d376d0) 
thrown [s\src\hotspot\share\prims\jni.cpp, line 520]
Event: 726.677 Thread 0x0000026c8cb27a50 Exception <a 'sun/nio/fs/WindowsException'{0x00000000d5d38220}> (0x00000000d5d38220) 
thrown [s\src\hotspot\share\prims\jni.cpp, line 520]

ZGC Phase Switch (0 events):
No events

VM Operations (20 events):
Event: 644.959 Executing safepoint VM operation: Cleanup done
Event: 661.380 Executing non-safepoint VM operation: HandshakeAllThreads (HandshakeForDeflation)
Event: 661.380 Executing non-safepoint VM operation: HandshakeAllThreads (HandshakeForDeflation) done
Event: 661.380 Executing non-safepoint VM operation: RendezvousGCThreads
Event: 661.380 Executing non-safepoint VM operation: RendezvousGCThreads done
Event: 675.385 Executing safepoint VM operation: Cleanup
Event: 675.385 Executing safepoint VM operation: Cleanup done
Event: 675.804 Executing safepoint VM operation: ParallelGCFailedAllocation (Allocation Failure)
Event: 675.805 Executing safepoint VM operation: ParallelGCFailedAllocation (Allocation Failure) done
Event: 675.821 Executing safepoint VM operation: ParallelGCFailedAllocation (Allocation Failure)
Event: 675.822 Executing safepoint VM operation: ParallelGCFailedAllocation (Allocation Failure) done
Event: 675.850 Executing safepoint VM operation: ParallelGCFailedAllocation (Allocation Failure)
Event: 675.852 Executing safepoint VM operation: ParallelGCFailedAllocation (Allocation Failure) done
Event: 675.869 Executing safepoint VM operation: ParallelGCFailedAllocation (Allocation Failure)
Event: 675.871 Executing safepoint VM operation: ParallelGCFailedAllocation (Allocation Failure) done
Event: 675.890 Executing safepoint VM operation: ParallelGCFailedAllocation (Allocation Failure)
Event: 675.892 Executing safepoint VM operation: ParallelGCFailedAllocation (Allocation Failure) done
Event: 676.893 Executing safepoint VM operation: Cleanup
Event: 676.893 Executing safepoint VM operation: Cleanup done
Event: 726.898 Executing safepoint VM operation: ParallelGCFailedAllocation (Allocation Failure)

Memory protections (0 events):
No events

Nmethod flushes (20 events):
Event: 290.039 Thread 0x0000026c3f4a3cf0 flushing  nmethod 0x0000026c2c0f3710
Event: 290.039 Thread 0x0000026c3f4a3cf0 flushing  nmethod 0x0000026c2c135290
Event: 290.039 Thread 0x0000026c3f4a3cf0 flushing  nmethod 0x0000026c2c147810
Event: 290.039 Thread 0x0000026c3f4a3cf0 flushing  nmethod 0x0000026c2c16b110
Event: 290.039 Thread 0x0000026c3f4a3cf0 flushing  nmethod 0x0000026c2c16e310
Event: 290.039 Thread 0x0000026c3f4a3cf0 flushing  nmethod 0x0000026c2c199d90
Event: 290.039 Thread 0x0000026c3f4a3cf0 flushing  nmethod 0x0000026c2c19fd90
Event: 290.039 Thread 0x0000026c3f4a3cf0 flushing  nmethod 0x0000026c2c1ada90
Event: 290.039 Thread 0x0000026c3f4a3cf0 flushing  nmethod 0x0000026c2c1bc410
Event: 290.039 Thread 0x0000026c3f4a3cf0 flushing  nmethod 0x0000026c2c1c4190
Event: 290.039 Thread 0x0000026c3f4a3cf0 flushing  nmethod 0x0000026c2c1e9f90
Event: 290.039 Thread 0x0000026c3f4a3cf0 flushing  nmethod 0x0000026c2c1ff510
Event: 290.039 Thread 0x0000026c3f4a3cf0 flushing  nmethod 0x0000026c2c216b90
Event: 290.039 Thread 0x0000026c3f4a3cf0 flushing  nmethod 0x0000026c2c24ef10
Event: 290.039 Thread 0x0000026c3f4a3cf0 flushing  nmethod 0x0000026c2c24f310
Event: 290.039 Thread 0x0000026c3f4a3cf0 flushing  nmethod 0x0000026c2c24f690
Event: 290.039 Thread 0x0000026c3f4a3cf0 flushing  nmethod 0x0000026c2c24fa90
Event: 290.039 Thread 0x0000026c3f4a3cf0 flushing  nmethod 0x0000026c2c250410
Event: 290.039 Thread 0x0000026c3f4a3cf0 flushing  nmethod 0x0000026c2c270190
Event: 290.039 Thread 0x0000026c3f4a3cf0 flushing  nmethod 0x0000026c2c275c90

Events (20 events):
Event: 453.541 Thread 0x0000026c8888f540 Thread exited: 0x0000026c8888f540
Event: 497.640 Thread 0x0000026c8a769ce0 Thread exited: 0x0000026c8a769ce0
Event: 497.851 Thread 0x0000026c8a255f30 Thread exited: 0x0000026c8a255f30
Event: 498.096 Thread 0x0000026c87bdcb10 Thread exited: 0x0000026c87bdcb10
Event: 503.428 Thread 0x0000026c8cb27a50 Thread exited: 0x0000026c8cb27a50
Event: 563.429 Thread 0x0000026c87bdd830 Thread exited: 0x0000026c87bdd830
Event: 623.429 Thread 0x0000026c88132690 Thread exited: 0x0000026c88132690
Event: 642.335 Thread 0x0000026c87bdf270 Thread added: 0x0000026c8cb27a50
Event: 642.476 Thread 0x0000026c881333b0 Thread added: 0x0000026c87bdcb10
Event: 642.485 Thread 0x0000026c3f4b0630 Thread added: 0x0000026c8888da00
Event: 642.759 Thread 0x0000026c3f4baf90 Thread added: 0x0000026c888902e0
Event: 647.960 Thread 0x0000026c888902e0 Thread exited: 0x0000026c888902e0
Event: 652.960 Thread 0x0000026c8888da00 Thread exited: 0x0000026c8888da00
Event: 675.244 Thread 0x0000026c3f4baf90 Thread added: 0x0000026c8888da00
Event: 675.799 Thread 0x0000026c8888da00 Thread exited: 0x0000026c8888da00
Event: 683.429 Thread 0x0000026c87bdebe0 Thread exited: 0x0000026c87bdebe0
Event: 702.486 Thread 0x0000026c87bdcb10 Thread exited: 0x0000026c87bdcb10
Event: 726.680 Thread 0x0000026c8cb27a50 Thread added: 0x0000026c87bdcb10
Event: 726.680 Thread 0x0000026c87bdcb10 Thread exited: 0x0000026c87bdcb10
Event: 726.691 Thread 0x0000026c3f4baf90 Thread added: 0x0000026c888909b0


Dynamic libraries:
0x00007ff642790000 - 0x00007ff64279e000 	c:\Users\HP\.antigravity\extensions\redhat.java-1.54.0-win32-x64\jre\21.0.10-win32-x86_64\bin\java.exe
0x00007ffbd5d80000 - 0x00007ffbd5fe7000 	C:\WINDOWS\SYSTEM32\ntdll.dll
0x00007ffb95390000 - 0x00007ffb953b1000 	C:\Program Files\Avast Software\Avast\aswhook.dll
0x00007ffbd4f50000 - 0x00007ffbd5019000 	C:\WINDOWS\System32\KERNEL32.DLL
0x00007ffbd3560000 - 0x00007ffbd3954000 	C:\WINDOWS\System32\KERNELBASE.dll
0x00007ffbd2790000 - 0x00007ffbd28db000 	C:\WINDOWS\System32\ucrtbase.dll
0x00007ffb834d0000 - 0x00007ffb834e8000 	c:\Users\HP\.antigravity\extensions\redhat.java-1.54.0-win32-x64\jre\21.0.10-win32-x86_64\bin\jli.dll
0x00007ffb849c0000 - 0x00007ffb849de000 	c:\Users\HP\.antigravity\extensions\redhat.java-1.54.0-win32-x64\jre\21.0.10-win32-x86_64\bin\VCRUNTIME140.dll
0x00007ffbd5210000 - 0x00007ffbd53d5000 	C:\WINDOWS\System32\USER32.dll
0x00007ffba59a0000 - 0x00007ffba5c33000 	C:\WINDOWS\WinSxS\amd64_microsoft.windows.common-controls_6595b64144ccf1df_6.0.26100.8115_none_3e075c82e3354f9c\COMCTL32.dll
0x00007ffbd2b00000 - 0x00007ffbd2b27000 	C:\WINDOWS\System32\win32u.dll
0x00007ffbd4a60000 - 0x00007ffbd4a8b000 	C:\WINDOWS\System32\GDI32.dll
0x00007ffbd5090000 - 0x00007ffbd5139000 	C:\WINDOWS\System32\msvcrt.dll
0x00007ffbd3430000 - 0x00007ffbd355b000 	C:\WINDOWS\System32\gdi32full.dll
0x00007ffbd2a50000 - 0x00007ffbd2af3000 	C:\WINDOWS\System32\msvcp_win.dll
0x00007ffbd5490000 - 0x00007ffbd54c2000 	C:\WINDOWS\System32\IMM32.DLL
0x00007ffbcd6d0000 - 0x00007ffbcd6dc000 	c:\Users\HP\.antigravity\extensions\redhat.java-1.54.0-win32-x64\jre\21.0.10-win32-x86_64\bin\vcruntime140_1.dll
0x00007ffb45880000 - 0x00007ffb4590d000 	c:\Users\HP\.antigravity\extensions\redhat.java-1.54.0-win32-x64\jre\21.0.10-win32-x86_64\bin\msvcp140.dll
0x00007ffb38410000 - 0x00007ffb391b1000 	c:\Users\HP\.antigravity\extensions\redhat.java-1.54.0-win32-x64\jre\21.0.10-win32-x86_64\bin\server\jvm.dll
0x00007ffbd5b50000 - 0x00007ffbd5c06000 	C:\WINDOWS\System32\ADVAPI32.dll
0x00007ffbd53e0000 - 0x00007ffbd5487000 	C:\WINDOWS\System32\sechost.dll
0x00007ffbd3ae0000 - 0x00007ffbd3bf8000 	C:\WINDOWS\System32\RPCRT4.dll
0x00007ffbd4010000 - 0x00007ffbd4090000 	C:\WINDOWS\System32\WS2_32.dll
0x00007ffbc4450000 - 0x00007ffbc445b000 	C:\WINDOWS\SYSTEM32\VERSION.dll
0x00007ffbd2480000 - 0x00007ffbd24de000 	C:\WINDOWS\SYSTEM32\POWRPROF.dll
0x00007ffbca640000 - 0x00007ffbca676000 	C:\WINDOWS\SYSTEM32\WINMM.dll
0x00007ffbd2460000 - 0x00007ffbd2474000 	C:\WINDOWS\SYSTEM32\UMPDC.dll
0x00007ffbd13b0000 - 0x00007ffbd13cb000 	C:\WINDOWS\SYSTEM32\kernel.appcore.dll
0x00007ffb97d10000 - 0x00007ffb97d1a000 	c:\Users\HP\.antigravity\extensions\redhat.java-1.54.0-win32-x64\jre\21.0.10-win32-x86_64\bin\jimage.dll
0x00007ffbd0430000 - 0x00007ffbd0672000 	C:\WINDOWS\SYSTEM32\DBGHELP.DLL
0x00007ffbd3c80000 - 0x00007ffbd4002000 	C:\WINDOWS\System32\combase.dll
0x00007ffbd5910000 - 0x00007ffbd59e8000 	C:\WINDOWS\System32\OLEAUT32.dll
0x00007ffbbdc50000 - 0x00007ffbbdc8b000 	C:\WINDOWS\SYSTEM32\dbgcore.DLL
0x00007ffbd26e0000 - 0x00007ffbd2785000 	C:\WINDOWS\System32\bcryptPrimitives.dll
0x00007ffb97b70000 - 0x00007ffb97b7f000 	c:\Users\HP\.antigravity\extensions\redhat.java-1.54.0-win32-x64\jre\21.0.10-win32-x86_64\bin\instrument.dll
0x00007ffb818e0000 - 0x00007ffb81900000 	c:\Users\HP\.antigravity\extensions\redhat.java-1.54.0-win32-x64\jre\21.0.10-win32-x86_64\bin\java.dll
0x00007ffbd40a0000 - 0x00007ffbd4807000 	C:\WINDOWS\System32\SHELL32.dll
0x00007ffbd28e0000 - 0x00007ffbd2a4a000 	C:\WINDOWS\System32\wintypes.dll
0x00007ffbd2bc0000 - 0x00007ffbd3428000 	C:\WINDOWS\System32\windows.storage.dll
0x00007ffbd54d0000 - 0x00007ffbd55c8000 	C:\WINDOWS\System32\SHCORE.dll
0x00007ffbd3c10000 - 0x00007ffbd3c76000 	C:\WINDOWS\System32\shlwapi.dll
0x00007ffbd2540000 - 0x00007ffbd2569000 	C:\WINDOWS\SYSTEM32\profapi.dll
0x00007ffb80480000 - 0x00007ffb80498000 	c:\Users\HP\.antigravity\extensions\redhat.java-1.54.0-win32-x64\jre\21.0.10-win32-x86_64\bin\zip.dll
0x00007ffb97a30000 - 0x00007ffb97a40000 	C:\Users\HP\.antigravity\extensions\redhat.java-1.54.0-win32-x64\jre\21.0.10-win32-x86_64\bin\net.dll
0x00007ffbc9a60000 - 0x00007ffbc9b8d000 	C:\WINDOWS\SYSTEM32\WINHTTP.dll
0x00007ffbd1920000 - 0x00007ffbd198c000 	C:\WINDOWS\system32\mswsock.dll
0x00007ffb7a1e0000 - 0x00007ffb7a1f6000 	C:\Users\HP\.antigravity\extensions\redhat.java-1.54.0-win32-x64\jre\21.0.10-win32-x86_64\bin\nio.dll
0x00007ffb964a0000 - 0x00007ffb964b0000 	c:\Users\HP\.antigravity\extensions\redhat.java-1.54.0-win32-x64\jre\21.0.10-win32-x86_64\bin\verify.dll
0x00007ffb6b000000 - 0x00007ffb6b045000 	C:\Users\HP\AppData\Roaming\Antigravity\User\globalStorage\redhat.java\1.54.0\config_win\org.eclipse.equinox.launcher\org.eclipse.equinox.launcher.win32.win32.x86_64_1.3.0.v20260203-2149\eclipse_11919.dll
0x00007ffbd48a0000 - 0x00007ffbd4a37000 	C:\WINDOWS\System32\ole32.dll
0x00007ffbd1c00000 - 0x00007ffbd1c1b000 	C:\WINDOWS\SYSTEM32\CRYPTSP.dll
0x00007ffbd1310000 - 0x00007ffbd1349000 	C:\WINDOWS\system32\rsaenh.dll
0x00007ffbd19d0000 - 0x00007ffbd1a03000 	C:\WINDOWS\SYSTEM32\USERENV.dll
0x00007ffbd2510000 - 0x00007ffbd253a000 	C:\WINDOWS\SYSTEM32\bcrypt.dll
0x00007ffbd1c20000 - 0x00007ffbd1c2c000 	C:\WINDOWS\SYSTEM32\CRYPTBASE.dll
0x00007ffbd0db0000 - 0x00007ffbd0de2000 	C:\WINDOWS\SYSTEM32\IPHLPAPI.DLL
0x00007ffbd4810000 - 0x00007ffbd481a000 	C:\WINDOWS\System32\NSI.dll
0x00007ffb49bb0000 - 0x00007ffb49bf9000 	C:\Users\HP\AppData\Local\Temp\jna-2312\jna509868940473564873.dll
0x00007ffbd5080000 - 0x00007ffbd5088000 	C:\WINDOWS\System32\PSAPI.DLL
0x00007ffbca170000 - 0x00007ffbca18d000 	C:\WINDOWS\SYSTEM32\dhcpcsvc6.DLL
0x00007ffbca140000 - 0x00007ffbca165000 	C:\WINDOWS\SYSTEM32\dhcpcsvc.DLL
0x00007ffb6fe00000 - 0x00007ffb6fe27000 	C:\Users\HP\.gradle\native\1def1411415f61bf3af743bc5b6707747c0891f09f0c88961ee8f79bc544acac\windows-amd64\native-platform.dll
0x00007ffb8ad30000 - 0x00007ffb8ad3a000 	C:\Users\HP\.antigravity\extensions\redhat.java-1.54.0-win32-x64\jre\21.0.10-win32-x86_64\bin\management.dll
0x00007ffb83a70000 - 0x00007ffb83a7c000 	C:\Users\HP\.antigravity\extensions\redhat.java-1.54.0-win32-x64\jre\21.0.10-win32-x86_64\bin\management_ext.dll
0x00007ffb7a7e0000 - 0x00007ffb7a7e9000 	C:\Users\HP\.antigravity\extensions\redhat.java-1.54.0-win32-x64\jre\21.0.10-win32-x86_64\bin\extnet.dll
0x00007ffb7a3a0000 - 0x00007ffb7a3ae000 	C:\Users\HP\.antigravity\extensions\redhat.java-1.54.0-win32-x64\jre\21.0.10-win32-x86_64\bin\sunmscapi.dll
0x00007ffbd3960000 - 0x00007ffbd3ad7000 	C:\WINDOWS\System32\CRYPT32.dll
0x00007ffbd1e20000 - 0x00007ffbd1e50000 	C:\WINDOWS\SYSTEM32\ncrypt.dll
0x00007ffbd1dd0000 - 0x00007ffbd1e0f000 	C:\WINDOWS\SYSTEM32\NTASN1.dll
0x00007ffb937f0000 - 0x00007ffb937f8000 	C:\WINDOWS\system32\wshunix.dll
0x00007ffbd0e60000 - 0x00007ffbd0f92000 	C:\WINDOWS\SYSTEM32\DNSAPI.dll
0x00007ffbca1b0000 - 0x00007ffbca1bb000 	C:\Windows\System32\rasadhlp.dll
0x00007ffbcc030000 - 0x00007ffbcc0b6000 	C:\WINDOWS\System32\fwpuclnt.dll

JVMTI agents:
c:\Users\HP\.antigravity\extensions\redhat.java-1.54.0-win32-x64\lombok\lombok-1.18.39-4050.jar path:c:\Users\HP\.antigravity\extensions\redhat.java-1.54.0-win32-x64\jre\21.0.10-win32-x86_64\bin\instrument.dll, loaded, initialized, instrumentlib options:none

dbghelp: loaded successfully - version: 4.0.5 - missing functions: none
symbol engine: initialized successfully - sym options: 0x614 - pdb path: .;c:\Users\HP\.antigravity\extensions\redhat.java-1.54.0-win32-x64\jre\21.0.10-win32-x86_64\bin;C:\WINDOWS\SYSTEM32;C:\Program Files\Avast Software\Avast;C:\WINDOWS\WinSxS\amd64_microsoft.windows.common-controls_6595b64144ccf1df_6.0.26100.8115_none_3e075c82e3354f9c;c:\Users\HP\.antigravity\extensions\redhat.java-1.54.0-win32-x64\jre\21.0.10-win32-x86_64\bin\server;C:\Users\HP\AppData\Roaming\Antigravity\User\globalStorage\redhat.java\1.54.0\config_win\org.eclipse.equinox.launcher\org.eclipse.equinox.launcher.win32.win32.x86_64_1.3.0.v20260203-2149;C:\Users\HP\AppData\Local\Temp\jna-2312;C:\Users\HP\.gradle\native\1def1411415f61bf3af743bc5b6707747c0891f09f0c88961ee8f79bc544acac\windows-amd64

VM Arguments:
jvm_args: --add-modules=ALL-SYSTEM --add-opens=java.base/java.util=ALL-UNNAMED --add-opens=java.base/java.lang=ALL-UNNAMED --add-opens=java.base/sun.nio.fs=ALL-UNNAMED -Declipse.application=org.eclipse.jdt.ls.core.id1 -Dosgi.bundles.defaultStartLevel=4 -Declipse.product=org.eclipse.jdt.ls.core.product -Djava.import.generatesMetadataFilesAtProjectRoot=false -DDetectVMInstallationsJob.disabled=true -Dfile.encoding=utf8 -XX:+UseParallelGC -XX:GCTimeRatio=4 -XX:AdaptiveSizePolicyWeight=90 -Dsun.zip.disableMemoryMapping=true -Xmx2G -Xms100m -Xlog:disable -javaagent:c:\Users\HP\.antigravity\extensions\redhat.java-1.54.0-win32-x64\lombok\lombok-1.18.39-4050.jar -XX:+HeapDumpOnOutOfMemoryError -XX:HeapDumpPath=c:\Users\HP\AppData\Roaming\Antigravity\User\workspaceStorage\bb6f58697517b49f76eb8e851445a514\redhat.java -Daether.dependencyCollector.impl=bf 
java_command: c:\Users\HP\.antigravity\extensions\redhat.java-1.54.0-win32-x64\server\plugins\org.eclipse.equinox.launcher_1.7.100.v20251111-0406.jar -configuration c:\Users\HP\AppData\Roaming\Antigravity\User\globalStorage\redhat.java\1.54.0\config_win -data c:\Users\HP\AppData\Roaming\Antigravity\User\workspaceStorage\bb6f58697517b49f76eb8e851445a514\redhat.java\jdt_ws --pipe=\\.\pipe\lsp-c994ad5cf9f0f709e7924e18c9eaf1d5-sock
java_class_path (initial): c:\Users\HP\.antigravity\extensions\redhat.java-1.54.0-win32-x64\server\plugins\org.eclipse.equinox.launcher_1.7.100.v20251111-0406.jar
Launcher Type: SUN_STANDARD

[Global flags]
    uintx AdaptiveSizePolicyWeight                 = 90                                        {product} {command line}
     intx CICompilerCount                          = 4                                         {product} {ergonomic}
    uintx GCTimeRatio                              = 4                                         {product} {command line}
     bool HeapDumpOnOutOfMemoryError               = true                                   {manageable} {command line}
    ccstr HeapDumpPath                             = c:\Users\HP\AppData\Roaming\Antigravity\User\workspaceStorage\bb6f58697517b49f76eb8e851445a514\redhat.java         {manageable} {command line}
   size_t InitialHeapSize                          = 104857600                                 {product} {command line}
   size_t MaxHeapSize                              = 2147483648                                {product} {command line}
   size_t MaxNewSize                               = 715653120                                 {product} {ergonomic}
   size_t MinHeapDeltaBytes                        = 524288                                    {product} {ergonomic}
   size_t MinHeapSize                              = 104857600                                 {product} {command line}
   size_t NewSize                                  = 34603008                                  {product} {ergonomic}
    uintx NonNMethodCodeHeapSize                   = 5839372                                {pd product} {ergonomic}
    uintx NonProfiledCodeHeapSize                  = 122909434                              {pd product} {ergonomic}
   size_t OldSize                                  = 70254592                                  {product} {ergonomic}
    uintx ProfiledCodeHeapSize                     = 122909434                              {pd product} {ergonomic}
    uintx ReservedCodeCacheSize                    = 251658240                              {pd product} {ergonomic}
     bool SegmentedCodeCache                       = true                                      {product} {ergonomic}
   size_t SoftMaxHeapSize                          = 2147483648                             {manageable} {ergonomic}
     bool UseCompressedOops                        = true                           {product lp64_product} {ergonomic}
     bool UseLargePagesIndividualAllocation        = false                                  {pd product} {ergonomic}
     bool UseParallelGC                            = true                                      {product} {command line}

Logging:
Log output configuration:
 #0: stdout all=off uptime,level,tags foldmultilines=false
 #1: stderr all=off uptime,level,tags foldmultilines=false

Release file:
JAVA_VERSION="21.0.10" 
MODULES="java.base java.compiler java.datatransfer java.xml java.prefs java.desktop java.instrument java.logging java.management java.security.sasl java.naming java.rmi java.management.rmi java.net.http java.scripting java.security.jgss java.transaction.xa java.sql java.sql.rowset java.xml.crypto java.se java.smartcardio jdk.accessibility jdk.internal.jvmstat jdk.attach jdk.charsets jdk.internal.opt jdk.zipfs jdk.compiler jdk.crypto.ec jdk.crypto.cryptoki jdk.crypto.mscapi jdk.dynalink jdk.internal.ed jdk.editpad jdk.hotspot.agent jdk.httpserver jdk.internal.le jdk.internal.vm.ci jdk.internal.vm.compiler jdk.internal.vm.compiler.management jdk.jartool jdk.javadoc jdk.jcmd jdk.management jdk.management.agent jdk.jconsole jdk.jdeps jdk.jdwp.agent jdk.jdi jdk.jfr jdk.jshell jdk.jsobject jdk.jstatd jdk.localedata jdk.management.jfr jdk.naming.dns jdk.naming.rmi jdk.net jdk.nio.mapmode jdk.random jdk.sctp jdk.security.auth jdk.security.jgss jdk.unsupported jdk.unsupported.desktop jdk.xml.dom" 

Environment Variables:
JAVA_HOME=C:\Program Files\Java\jdk-25
PATH=C:\Program Files\Common Files\Oracle\Java\javapath;C:\Program Files (x86)\Common Files\Oracle\Java\java8path;C:\Program Files (x86)\Common Files\Oracle\Java\javapath;C:\ORC\ORACLEE\bin;C:\app\HP\product\21c\dbhomeXE\bin;E:\oracle21\ORACL\bin;C:\Dossier_Oracle21c\Oracle21c\bin;C:\WINDOWS\system32;C:\WINDOWS;C:\WINDOWS\System32\Wbem;C:\WINDOWS\System32\WindowsPowerShell\v1.0\;C:\WINDOWS\System32\OpenSSH\;C:\appliiiiiii\flutter_windows_3.35.7-stable.zip\flutter\bin;C:\Program Files\Docker\Docker\resources\bin;C:\Program Files\Git\cmd;C:\Program Files\nodejs\;C:\Program Files\Apache\maven\bin;C:\Program Files\MySQL\MySQL Shell 8.0\bin\;C:\Users\HP\AppData\Local\Programs\Python\Python313\Scripts\;C:\Users\HP\AppData\Local\Programs\Python\Python313\;C:\Users\HP\AppData\Local\Programs\Python\Launcher\;C:\Users\HP\AppData\Local\Microsoft\WindowsApps;C:\Users\HP\AppData\Local\Programs\Microsoft VS Code\bin;C:\Users\HP\AppData\Local\Python\bin;C:\Users\HP\AppData\Roaming\npm;C:\Program Files\Java\jdk-25\bin;C:\Maven\apache-maven-3.9.15\bin;D:\Nouveau dossier\Antigravity\bin
USERNAME=HP
OS=Windows_NT
PROCESSOR_IDENTIFIER=Intel64 Family 6 Model 186 Stepping 3, GenuineIntel
TMP=C:\Users\HP\AppData\Local\Temp
TEMP=C:\Users\HP\AppData\Local\Temp




Periodic native trim disabled

---------------  S Y S T E M  ---------------

OS:
 Windows 11 , 64 bit Build 26100 (10.0.26100.8246)
OS uptime: 0 days 1:51 hours
Hyper-V role detected

CPU: total 12 (initial active 12) (6 cores per cpu, 2 threads per core) family 6 model 186 stepping 3 microcode 0x4121, cx8, cmov, fxsr, ht, mmx, 3dnowpref, sse, sse2, sse3, ssse3, sse4.1, sse4.2, popcnt, lzcnt, tsc, tscinvbit, avx, avx2, aes, erms, clmul, bmi1, bmi2, adx, sha, fma, vzeroupper, clflush, clflushopt, clwb, hv, serialize, rdtscp, rdpid, fsrm, f16c, cet_ibt, cet_ss
Processor Information for processor 0
  Max Mhz: 1300, Current Mhz: 1300, Mhz Limit: 1300
Processor Information for processor 1
  Max Mhz: 1300, Current Mhz: 1300, Mhz Limit: 1300
Processor Information for processor 2
  Max Mhz: 1300, Current Mhz: 1300, Mhz Limit: 1300
Processor Information for processor 3
  Max Mhz: 1300, Current Mhz: 1300, Mhz Limit: 1300
Processor Information for processor 4
  Max Mhz: 1300, Current Mhz: 900, Mhz Limit: 897
Processor Information for processor 5
  Max Mhz: 1300, Current Mhz: 900, Mhz Limit: 897
Processor Information for processor 6
  Max Mhz: 1300, Current Mhz: 900, Mhz Limit: 897
Processor Information for processor 7
  Max Mhz: 1300, Current Mhz: 900, Mhz Limit: 897
Processor Information for processor 8
  Max Mhz: 1300, Current Mhz: 900, Mhz Limit: 897
Processor Information for processor 9
  Max Mhz: 1300, Current Mhz: 900, Mhz Limit: 897
Processor Information for processor 10
  Max Mhz: 1300, Current Mhz: 900, Mhz Limit: 897
Processor Information for processor 11
  Max Mhz: 1300, Current Mhz: 900, Mhz Limit: 897

Memory: 4k page, system-wide physical 7835M (778M free)
TotalPageFile size 13835M (AvailPageFile size 4M)
current process WorkingSet (physical memory assigned to process): 352M, peak: 610M
current process commit charge ("private bytes"): 720M, peak: 737M

vm_info: OpenJDK 64-Bit Server VM (21.0.10+7-LTS) for windows-amd64 JRE (21.0.10+7-LTS), built on 2026-01-20T00:00:00Z by "admin" with MS VC++ 17.12 (VS2022)

END.
