#
# There is insufficient memory for the Java Runtime Environment to continue.
# Native memory allocation (malloc) failed to allocate 2541984 bytes. Error detail: Chunk::new
# Possible reasons:
#   The system is out of physical RAM or swap space
#   This process is running with CompressedOops enabled, and the Java Heap may be blocking the growth of the native heap
# Possible solutions:
#   Reduce memory load on the system
#   Increase physical memory or swap space
#   Check if swap backing store is full
#   Decrease Java heap size (-Xmx/-Xms)
#   Decrease number of Java threads
#   Decrease Java thread stack sizes (-Xss)
#   Set larger code cache with -XX:ReservedCodeCacheSize=
#   JVM is running with Unscaled Compressed Oops mode in which the Java heap is
#     placed in the first 4GB address space. The Java Heap base address is the
#     maximum limit for the native heap growth. Please use -XX:HeapBaseMinAddress
#     to set the Java Heap base and to place the Java Heap above 4GB virtual address.
# This output file may be truncated or incomplete.
#
#  Out of Memory Error (arena.cpp:168), pid=18496, tid=2856
#
# JRE version: OpenJDK Runtime Environment Temurin-21.0.10+7 (21.0.10+7) (build 21.0.10+7-LTS)
# Java VM: OpenJDK 64-Bit Server VM Temurin-21.0.10+7 (21.0.10+7-LTS, mixed mode, sharing, tiered, compressed oops, compressed class ptrs, parallel gc, windows-amd64)
# No core dump will be written. Minidumps are not enabled by default on client versions of Windows
#

---------------  S U M M A R Y ------------

Command Line: --add-modules=ALL-SYSTEM --add-opens=java.base/java.util=ALL-UNNAMED --add-opens=java.base/java.lang=ALL-UNNAMED --add-opens=java.base/sun.nio.fs=ALL-UNNAMED -Declipse.application=org.eclipse.jdt.ls.core.id1 -Dosgi.bundles.defaultStartLevel=4 -Declipse.product=org.eclipse.jdt.ls.core.product -Djava.import.generatesMetadataFilesAtProjectRoot=false -DDetectVMInstallationsJob.disabled=true -Dfile.encoding=utf8 -XX:+UseParallelGC -XX:GCTimeRatio=4 -XX:AdaptiveSizePolicyWeight=90 -Dsun.zip.disableMemoryMapping=true -Xmx2G -Xms100m -Xlog:disable -javaagent:c:\Users\HP\.antigravity\extensions\redhat.java-1.54.0-win32-x64\lombok\lombok-1.18.39-4050.jar -XX:+HeapDumpOnOutOfMemoryError -XX:HeapDumpPath=c:\Users\HP\AppData\Roaming\Antigravity\User\workspaceStorage\bb6f58697517b49f76eb8e851445a514\redhat.java -Daether.dependencyCollector.impl=bf c:\Users\HP\.antigravity\extensions\redhat.java-1.54.0-win32-x64\server\plugins\org.eclipse.equinox.launcher_1.7.100.v20251111-0406.jar -configuration c:\Users\HP\AppData\Roaming\Antigravity\User\globalStorage\redhat.java\1.54.0\config_win -data c:\Users\HP\AppData\Roaming\Antigravity\User\workspaceStorage\bb6f58697517b49f76eb8e851445a514\redhat.java\jdt_ws --pipe=\\.\pipe\lsp-89318a7b2a7c4e194c7d856daa968f1f-sock

Host: 13th Gen Intel(R) Core(TM) i5-1335U, 12 cores, 7G,  Windows 11 , 64 bit Build 26100 (10.0.26100.8246)
Time: Tue Apr 28 19:24:08 2026 Greenwich elapsed time: 19.874227 seconds (0d 0h 0m 19s)

---------------  T H R E A D  ---------------

Current thread (0x0000025a1b7e2c50):  JavaThread "C2 CompilerThread2" daemon [_thread_in_native, id=2856, stack(0x000000e72bb00000,0x000000e72bc00000) (1024K)]


Current CompileTask:
C2:19874 8376       4       org.eclipse.jdt.internal.compiler.lookup.BinaryTypeBinding::createMethod (1666 bytes)

Stack: [0x000000e72bb00000,0x000000e72bc00000]
Native frames: (J=compiled Java code, j=interpreted, Vv=VM code, C=native code)
V  [jvm.dll+0x6d7a39]
V  [jvm.dll+0x8b4b26]
V  [jvm.dll+0x8b70de]
V  [jvm.dll+0x8b77c3]
V  [jvm.dll+0x284346]
V  [jvm.dll+0xc66ed]
V  [jvm.dll+0xc6c31]
V  [jvm.dll+0x3bec3b]
V  [jvm.dll+0x1e3d62]
V  [jvm.dll+0x24c6b3]
V  [jvm.dll+0x24bb40]
V  [jvm.dll+0x1cb34e]
V  [jvm.dll+0x25b85d]
V  [jvm.dll+0x259dea]
V  [jvm.dll+0x3f857e]
V  [jvm.dll+0x85f59d]
V  [jvm.dll+0x6d626d]
C  [ucrtbase.dll+0x37b0]
C  [KERNEL32.DLL+0x2e8d7]
C  [ntdll.dll+0x8c3fc]


---------------  P R O C E S S  ---------------

Threads class SMR info:
_java_thread_list=0x0000025a1c2c4600, length=91, elements={
0x00000259bb670c30, 0x0000025a131e97b0, 0x0000025a131e9fd0, 0x0000025a131ed790,
0x0000025a131ee7a0, 0x0000025a131f26d0, 0x0000025a131f3300, 0x0000025a131fd130,
0x0000025a14569430, 0x0000025a1473d8e0, 0x0000025a15530e90, 0x0000025a1a4d5b80,
0x0000025a159ffe90, 0x0000025a1a1fbd60, 0x0000025a15bae750, 0x0000025a159a1600,
0x0000025a1a7026b0, 0x0000025a1abcdee0, 0x0000025a1abce570, 0x0000025a1abd0640,
0x0000025a1abcec00, 0x0000025a1abd1360, 0x0000025a1abd0cd0, 0x0000025a1abcf290,
0x0000025a1b444370, 0x0000025a1b443650, 0x0000025a1b445db0, 0x0000025a1b442fc0,
0x0000025a1b445090, 0x0000025a1b446ad0, 0x0000025a1b444a00, 0x0000025a1b443ce0,
0x0000025a1b4477f0, 0x0000025a1b446440, 0x0000025a1b445720, 0x0000025a1b448510,
0x0000025a1b448ba0, 0x0000025a1b44a5e0, 0x0000025a1b449f50, 0x0000025a1b449230,
0x0000025a1b447160, 0x0000025a1b4498c0, 0x0000025a1b447e80, 0x0000025a1be17830,
0x0000025a1be17ec0, 0x0000025a1be16b10, 0x0000025a1be19270, 0x0000025a1be18550,
0x0000025a1be18be0, 0x0000025a1be15df0, 0x0000025a1be19900, 0x0000025a1be16480,
0x0000025a1be1a620, 0x0000025a1be1cd80, 0x0000025a1be1acb0, 0x0000025a1be1b340,
0x0000025a1be1b9d0, 0x0000025a1be1c060, 0x0000025a1be1c6f0, 0x0000025a1be1d410,
0x0000025a1c7732e0, 0x0000025a1c774000, 0x0000025a1c776df0, 0x0000025a1c776760,
0x0000025a1c7753b0, 0x0000025a1c774690, 0x0000025a1c7760d0, 0x0000025a1c773970,
0x0000025a1c775a40, 0x0000025a1c777b10, 0x0000025a1c7781a0, 0x0000025a1c777480,
0x0000025a1c774d20, 0x0000025a1c779550, 0x0000025a1c778830, 0x0000025a1c778ec0,
0x0000025a1c779be0, 0x0000025a1a6a7990, 0x0000025a1b7e2c50, 0x0000025a1c77a900,
0x0000025a221f9ac0, 0x0000025a221f6640, 0x0000025a221f9430, 0x0000025a221fa150,
0x0000025a221f8da0, 0x0000025a221f8080, 0x0000025a221f6cd0, 0x0000025a221fa7e0,
0x0000025a221fae70, 0x0000025a221fbb90, 0x0000025a221fb500
}

Java Threads: ( => current thread )
  0x00000259bb670c30 JavaThread "main"                              [_thread_blocked, id=5968, stack(0x000000e729800000,0x000000e729900000) (1024K)]
  0x0000025a131e97b0 JavaThread "Reference Handler"          daemon [_thread_blocked, id=1700, stack(0x000000e729c00000,0x000000e729d00000) (1024K)]
  0x0000025a131e9fd0 JavaThread "Finalizer"                  daemon [_thread_blocked, id=19684, stack(0x000000e729d00000,0x000000e729e00000) (1024K)]
  0x0000025a131ed790 JavaThread "Signal Dispatcher"          daemon [_thread_blocked, id=21616, stack(0x000000e729e00000,0x000000e729f00000) (1024K)]
  0x0000025a131ee7a0 JavaThread "Attach Listener"            daemon [_thread_blocked, id=18628, stack(0x000000e729f00000,0x000000e72a000000) (1024K)]
  0x0000025a131f26d0 JavaThread "Service Thread"             daemon [_thread_blocked, id=19276, stack(0x000000e72a000000,0x000000e72a100000) (1024K)]
  0x0000025a131f3300 JavaThread "Monitor Deflation Thread"   daemon [_thread_blocked, id=15056, stack(0x000000e72a100000,0x000000e72a200000) (1024K)]
  0x0000025a131fd130 JavaThread "C2 CompilerThread0"         daemon [_thread_in_native, id=14264, stack(0x000000e72a200000,0x000000e72a300000) (1024K)]
  0x0000025a14569430 JavaThread "C1 CompilerThread0"         daemon [_thread_in_native, id=21296, stack(0x000000e72a300000,0x000000e72a400000) (1024K)]
  0x0000025a1473d8e0 JavaThread "Common-Cleaner"             daemon [_thread_blocked, id=15220, stack(0x000000e72a500000,0x000000e72a600000) (1024K)]
  0x0000025a15530e90 JavaThread "Notification Thread"        daemon [_thread_blocked, id=13652, stack(0x000000e72a600000,0x000000e72a700000) (1024K)]
  0x0000025a1a4d5b80 JavaThread "Active Thread: Equinox Container: 5813ceb0-10ae-4a65-bc2e-da998314a5bd"        [_thread_blocked, id=18220, stack(0x000000e72ae00000,0x000000e72af00000) (1024K)]
  0x0000025a159ffe90 JavaThread "Refresh Thread: Equinox Container: 5813ceb0-10ae-4a65-bc2e-da998314a5bd" daemon [_thread_blocked, id=5124, stack(0x000000e72af00000,0x000000e72b000000) (1024K)]
  0x0000025a1a1fbd60 JavaThread "Framework Event Dispatcher: Equinox Container: 5813ceb0-10ae-4a65-bc2e-da998314a5bd" daemon [_thread_blocked, id=14616, stack(0x000000e72b100000,0x000000e72b200000) (1024K)]
  0x0000025a15bae750 JavaThread "Start Level: Equinox Container: 5813ceb0-10ae-4a65-bc2e-da998314a5bd" daemon [_thread_blocked, id=16548, stack(0x000000e72b200000,0x000000e72b300000) (1024K)]
  0x0000025a159a1600 JavaThread "Bundle File Closer"         daemon [_thread_blocked, id=14028, stack(0x000000e72b500000,0x000000e72b600000) (1024K)]
  0x0000025a1a7026b0 JavaThread "SCR Component Actor"        daemon [_thread_blocked, id=5972, stack(0x000000e72a700000,0x000000e72a800000) (1024K)]
  0x0000025a1abcdee0 JavaThread "Worker-JM"                         [_thread_blocked, id=19012, stack(0x000000e72b600000,0x000000e72b700000) (1024K)]
  0x0000025a1abce570 JavaThread "JNA Cleaner"                daemon [_thread_blocked, id=14072, stack(0x000000e72b700000,0x000000e72b800000) (1024K)]
  0x0000025a1abd0640 JavaThread "Worker-0"                          [_thread_blocked, id=14436, stack(0x000000e72b800000,0x000000e72b900000) (1024K)]
  0x0000025a1abcec00 JavaThread "Worker-1"                          [_thread_blocked, id=8196, stack(0x000000e72b900000,0x000000e72ba00000) (1024K)]
  0x0000025a1abd1360 JavaThread "Worker-2"                          [_thread_blocked, id=2000, stack(0x000000e72ba00000,0x000000e72bb00000) (1024K)]
  0x0000025a1abd0cd0 JavaThread "Java indexing"              daemon [_thread_blocked, id=14576, stack(0x000000e72bc00000,0x000000e72bd00000) (1024K)]
  0x0000025a1abcf290 JavaThread "Worker-3: Building"                [_thread_blocked, id=19060, stack(0x000000e72bd00000,0x000000e72be00000) (1024K)]
  0x0000025a1b444370 JavaThread "Worker-4: Synchronize Gradle projects with workspace"        [_thread_blocked, id=16636, stack(0x000000e72be00000,0x000000e72bf00000) (1024K)]
  0x0000025a1b443650 JavaThread "Worker-5"                          [_thread_blocked, id=6940, stack(0x000000e72c100000,0x000000e72c200000) (1024K)]
  0x0000025a1b445db0 JavaThread "Thread-1"                   daemon [_thread_in_native, id=20916, stack(0x000000e72c200000,0x000000e72c300000) (1024K)]
  0x0000025a1b442fc0 JavaThread "Thread-2"                   daemon [_thread_in_native, id=18888, stack(0x000000e72c300000,0x000000e72c400000) (1024K)]
  0x0000025a1b445090 JavaThread "Thread-3"                   daemon [_thread_in_native, id=12308, stack(0x000000e72c400000,0x000000e72c500000) (1024K)]
  0x0000025a1b446ad0 JavaThread "Thread-4"                   daemon [_thread_in_native, id=22464, stack(0x000000e72c500000,0x000000e72c600000) (1024K)]
  0x0000025a1b444a00 JavaThread "Thread-5"                   daemon [_thread_in_native, id=12064, stack(0x000000e72c600000,0x000000e72c700000) (1024K)]
  0x0000025a1b443ce0 JavaThread "Thread-6"                   daemon [_thread_in_native, id=8100, stack(0x000000e72c700000,0x000000e72c800000) (1024K)]
  0x0000025a1b4477f0 JavaThread "Thread-7"                   daemon [_thread_in_native, id=3236, stack(0x000000e72c800000,0x000000e72c900000) (1024K)]
  0x0000025a1b446440 JavaThread "Thread-8"                   daemon [_thread_in_native, id=20040, stack(0x000000e72c900000,0x000000e72ca00000) (1024K)]
  0x0000025a1b445720 JavaThread "Thread-9"                   daemon [_thread_in_native, id=19520, stack(0x000000e72ca00000,0x000000e72cb00000) (1024K)]
  0x0000025a1b448510 JavaThread "Thread-10"                  daemon [_thread_in_native, id=20400, stack(0x000000e72cb00000,0x000000e72cc00000) (1024K)]
  0x0000025a1b448ba0 JavaThread "Thread-11"                  daemon [_thread_in_native, id=7340, stack(0x000000e72cc00000,0x000000e72cd00000) (1024K)]
  0x0000025a1b44a5e0 JavaThread "Thread-12"                  daemon [_thread_in_native, id=15968, stack(0x000000e72cd00000,0x000000e72ce00000) (1024K)]
  0x0000025a1b449f50 JavaThread "Thread-13"                  daemon [_thread_in_native, id=7624, stack(0x000000e72ce00000,0x000000e72cf00000) (1024K)]
  0x0000025a1b449230 JavaThread "pool-2-thread-1"                   [_thread_blocked, id=6768, stack(0x000000e72cf00000,0x000000e72d000000) (1024K)]
  0x0000025a1b447160 JavaThread "Timer-0"                           [_thread_blocked, id=18388, stack(0x000000e72d000000,0x000000e72d100000) (1024K)]
  0x0000025a1b4498c0 JavaThread "Timer-1"                           [_thread_blocked, id=13196, stack(0x000000e72d100000,0x000000e72d200000) (1024K)]
  0x0000025a1b447e80 JavaThread "WorkspaceEventsHandler"            [_thread_blocked, id=9796, stack(0x000000e72d200000,0x000000e72d300000) (1024K)]
  0x0000025a1be17830 JavaThread "pool-1-thread-1"                   [_thread_blocked, id=19988, stack(0x000000e72d300000,0x000000e72d400000) (1024K)]
  0x0000025a1be17ec0 JavaThread "ForkJoinPool.commonPool-worker-1" daemon [_thread_blocked, id=5052, stack(0x000000e72d500000,0x000000e72d600000) (1024K)]
  0x0000025a1be16b10 JavaThread "ForkJoinPool.commonPool-worker-2" daemon [_thread_blocked, id=7540, stack(0x000000e72d600000,0x000000e72d700000) (1024K)]
  0x0000025a1be19270 JavaThread "ForkJoinPool.commonPool-worker-3" daemon [_thread_blocked, id=21560, stack(0x000000e72d700000,0x000000e72d800000) (1024K)]
  0x0000025a1be18550 JavaThread "ForkJoinPool.commonPool-worker-4" daemon [_thread_blocked, id=5448, stack(0x000000e72d800000,0x000000e72d900000) (1024K)]
  0x0000025a1be18be0 JavaThread "ForkJoinPool.commonPool-worker-5" daemon [_thread_blocked, id=15072, stack(0x000000e72d900000,0x000000e72da00000) (1024K)]
  0x0000025a1be15df0 JavaThread "ForkJoinPool.commonPool-worker-6" daemon [_thread_blocked, id=6552, stack(0x000000e72da00000,0x000000e72db00000) (1024K)]
  0x0000025a1be19900 JavaThread "ForkJoinPool.commonPool-worker-7" daemon [_thread_blocked, id=5548, stack(0x000000e72db00000,0x000000e72dc00000) (1024K)]
  0x0000025a1be16480 JavaThread "ForkJoinPool.commonPool-worker-8" daemon [_thread_blocked, id=14804, stack(0x000000e72dc00000,0x000000e72dd00000) (1024K)]
  0x0000025a1be1a620 JavaThread "ForkJoinPool.commonPool-worker-9" daemon [_thread_blocked, id=18592, stack(0x000000e72dd00000,0x000000e72de00000) (1024K)]
  0x0000025a1be1cd80 JavaThread "ForkJoinPool.commonPool-worker-10" daemon [_thread_blocked, id=16576, stack(0x000000e72de00000,0x000000e72df00000) (1024K)]
  0x0000025a1be1acb0 JavaThread "ForkJoinPool.commonPool-worker-11" daemon [_thread_blocked, id=18380, stack(0x000000e72df00000,0x000000e72e000000) (1024K)]
  0x0000025a1be1b340 JavaThread "LocalFile Deleter"          daemon [_thread_blocked, id=12908, stack(0x000000e72e000000,0x000000e72e100000) (1024K)]
  0x0000025a1be1b9d0 JavaThread "LocalFile Deleter"          daemon [_thread_blocked, id=16568, stack(0x000000e72e100000,0x000000e72e200000) (1024K)]
  0x0000025a1be1c060 JavaThread "LocalFile Deleter"          daemon [_thread_blocked, id=11020, stack(0x000000e72e200000,0x000000e72e300000) (1024K)]
  0x0000025a1be1c6f0 JavaThread "LocalFile Deleter"          daemon [_thread_blocked, id=17972, stack(0x000000e72e300000,0x000000e72e400000) (1024K)]
  0x0000025a1be1d410 JavaThread "LocalFile Deleter"          daemon [_thread_blocked, id=11456, stack(0x000000e72e400000,0x000000e72e500000) (1024K)]
  0x0000025a1c7732e0 JavaThread "LocalFile Deleter"          daemon [_thread_blocked, id=9024, stack(0x000000e72e500000,0x000000e72e600000) (1024K)]
  0x0000025a1c774000 JavaThread "LocalFile Deleter"          daemon [_thread_blocked, id=4468, stack(0x000000e72e600000,0x000000e72e700000) (1024K)]
  0x0000025a1c776df0 JavaThread "LocalFile Deleter"          daemon [_thread_blocked, id=10036, stack(0x000000e72e700000,0x000000e72e800000) (1024K)]
  0x0000025a1c776760 JavaThread "LocalFile Deleter"          daemon [_thread_blocked, id=10232, stack(0x000000e72e800000,0x000000e72e900000) (1024K)]
  0x0000025a1c7753b0 JavaThread "LocalFile Deleter"          daemon [_thread_blocked, id=16332, stack(0x000000e72e900000,0x000000e72ea00000) (1024K)]
  0x0000025a1c774690 JavaThread "LocalFile Deleter"          daemon [_thread_blocked, id=13888, stack(0x000000e72ea00000,0x000000e72eb00000) (1024K)]
  0x0000025a1c7760d0 JavaThread "LocalFile Deleter"          daemon [_thread_blocked, id=2584, stack(0x000000e72eb00000,0x000000e72ec00000) (1024K)]
  0x0000025a1c773970 JavaThread "Compiler Source File Reader" daemon [_thread_blocked, id=7388, stack(0x000000e72ec00000,0x000000e72ed00000) (1024K)]
  0x0000025a1c775a40 JavaThread "Compiler Source File Reader" daemon [_thread_blocked, id=16100, stack(0x000000e72ed00000,0x000000e72ee00000) (1024K)]
  0x0000025a1c777b10 JavaThread "Compiler Source File Reader" daemon [_thread_blocked, id=21608, stack(0x000000e72ee00000,0x000000e72ef00000) (1024K)]
  0x0000025a1c7781a0 JavaThread "Compiler Source File Reader" daemon [_thread_blocked, id=1512, stack(0x000000e72ef00000,0x000000e72f000000) (1024K)]
  0x0000025a1c777480 JavaThread "Compiler Source File Reader" daemon [_thread_blocked, id=16800, stack(0x000000e72f000000,0x000000e72f100000) (1024K)]
  0x0000025a1c774d20 JavaThread "Compiler Source File Reader" daemon [_thread_blocked, id=8972, stack(0x000000e72f100000,0x000000e72f200000) (1024K)]
  0x0000025a1c779550 JavaThread "Compiler Source File Reader" daemon [_thread_blocked, id=2112, stack(0x000000e72f200000,0x000000e72f300000) (1024K)]
  0x0000025a1c778830 JavaThread "Compiler Source File Reader" daemon [_thread_blocked, id=20668, stack(0x000000e72f300000,0x000000e72f400000) (1024K)]
  0x0000025a1c778ec0 JavaThread "Compiler Source File Reader" daemon [_thread_blocked, id=18392, stack(0x000000e72f400000,0x000000e72f500000) (1024K)]
  0x0000025a1c779be0 JavaThread "Compiler Source File Reader" daemon [_thread_blocked, id=19968, stack(0x000000e72f500000,0x000000e72f600000) (1024K)]
  0x0000025a1a6a7990 JavaThread "C2 CompilerThread1"         daemon [_thread_in_native, id=19208, stack(0x000000e72a400000,0x000000e72a500000) (1024K)]
=>0x0000025a1b7e2c50 JavaThread "C2 CompilerThread2"         daemon [_thread_in_native, id=2856, stack(0x000000e72bb00000,0x000000e72bc00000) (1024K)]
  0x0000025a1c77a900 JavaThread "Timer-2"                           [_thread_blocked, id=4248, stack(0x000000e72d400000,0x000000e72d500000) (1024K)]
  0x0000025a221f9ac0 JavaThread "Compiler Processing Task"   daemon [_thread_in_Java, id=3628, stack(0x000000e72f600000,0x000000e72f700000) (1024K)]
  0x0000025a221f6640 JavaThread "Compiler Class File Writer" daemon [_thread_blocked, id=11784, stack(0x000000e72f700000,0x000000e72f800000) (1024K)]
  0x0000025a221f9430 JavaThread "Compiler Class File Writer" daemon [_thread_blocked, id=13904, stack(0x000000e72f800000,0x000000e72f900000) (1024K)]
  0x0000025a221fa150 JavaThread "Compiler Class File Writer" daemon [_thread_blocked, id=3792, stack(0x000000e72f900000,0x000000e72fa00000) (1024K)]
  0x0000025a221f8da0 JavaThread "Compiler Class File Writer" daemon [_thread_blocked, id=8832, stack(0x000000e72fa00000,0x000000e72fb00000) (1024K)]
  0x0000025a221f8080 JavaThread "Compiler Class File Writer" daemon [_thread_blocked, id=14812, stack(0x000000e72fb00000,0x000000e72fc00000) (1024K)]
  0x0000025a221f6cd0 JavaThread "Compiler Class File Writer" daemon [_thread_blocked, id=15852, stack(0x000000e72fc00000,0x000000e72fd00000) (1024K)]
  0x0000025a221fa7e0 JavaThread "Compiler Class File Writer" daemon [_thread_blocked, id=17488, stack(0x000000e72fd00000,0x000000e72fe00000) (1024K)]
  0x0000025a221fae70 JavaThread "Compiler Class File Writer" daemon [_thread_blocked, id=15732, stack(0x000000e72fe00000,0x000000e72ff00000) (1024K)]
  0x0000025a221fbb90 JavaThread "Compiler Class File Writer" daemon [_thread_blocked, id=4060, stack(0x000000e72ff00000,0x000000e730000000) (1024K)]
  0x0000025a221fb500 JavaThread "Compiler Class File Writer" daemon [_thread_blocked, id=2108, stack(0x000000e730000000,0x000000e730100000) (1024K)]
Total: 91

Other Threads:
  0x0000025a131e33e0 VMThread "VM Thread"                           [id=11176, stack(0x000000e729b00000,0x000000e729c00000) (1024K)]
  0x0000025a130dc210 WatcherThread "VM Periodic Task Thread"        [id=16852, stack(0x000000e729a00000,0x000000e729b00000) (1024K)]
  0x00000259bb6915d0 WorkerThread "GC Thread#0"                     [id=7332, stack(0x000000e729900000,0x000000e729a00000) (1024K)]
  0x0000025a1591e160 WorkerThread "GC Thread#1"                     [id=21080, stack(0x000000e72a800000,0x000000e72a900000) (1024K)]
  0x0000025a1591e910 WorkerThread "GC Thread#2"                     [id=4856, stack(0x000000e72a900000,0x000000e72aa00000) (1024K)]
  0x0000025a1591b380 WorkerThread "GC Thread#3"                     [id=22436, stack(0x000000e72aa00000,0x000000e72ab00000) (1024K)]
  0x0000025a1591b730 WorkerThread "GC Thread#4"                     [id=17160, stack(0x000000e72ab00000,0x000000e72ac00000) (1024K)]
  0x0000025a1591bae0 WorkerThread "GC Thread#5"                     [id=12276, stack(0x000000e72ac00000,0x000000e72ad00000) (1024K)]
  0x0000025a15973150 WorkerThread "GC Thread#6"                     [id=5808, stack(0x000000e72ad00000,0x000000e72ae00000) (1024K)]
  0x0000025a15a00500 WorkerThread "GC Thread#7"                     [id=19744, stack(0x000000e72b000000,0x000000e72b100000) (1024K)]
  0x0000025a1a4625c0 WorkerThread "GC Thread#8"                     [id=19708, stack(0x000000e72b300000,0x000000e72b400000) (1024K)]
  0x0000025a1a48b480 WorkerThread "GC Thread#9"                     [id=6760, stack(0x000000e72b400000,0x000000e72b500000) (1024K)]
Total: 12

Threads with active compile tasks:
C2 CompilerThread0  19954 8857       4       org.eclipse.jdt.internal.compiler.lookup.LookupEnvironment::getCachedType0 (112 bytes)
C1 CompilerThread0  19955 8918       3       org.eclipse.jdt.internal.compiler.lookup.LocalVariableBinding::merge (66 bytes)
C2 CompilerThread1  19955 8861       4       org.eclipse.jdt.internal.compiler.lookup.LookupEnvironment::getTypeFromSignature (376 bytes)
C2 CompilerThread2  19955 8376       4       org.eclipse.jdt.internal.compiler.lookup.BinaryTypeBinding::createMethod (1666 bytes)
Total: 4

VM state: not at safepoint (normal execution)

VM Mutex/Monitor currently owned by a thread:  ([mutex/lock_event])
[0x00007ffb390ce460] CodeCache_lock - owner thread: 0x0000025a221f9ac0

Heap address: 0x0000000080000000, size: 2048 MB, Compressed Oops mode: 32-bit

CDS archive(s) mapped at: [0x00000259d2000000-0x00000259d2ba0000-0x00000259d2ba0000), size 12189696, SharedBaseAddress: 0x00000259d2000000, ArchiveRelocationMode: 1.
Compressed class space mapped at: 0x00000259d3000000-0x0000025a13000000, reserved size: 1073741824
Narrow klass base: 0x00000259d2000000, Narrow klass shift: 0, Narrow klass range: 0x100000000

GC Precious Log:
 CardTable entry size: 512
 CPUs: 12 total, 12 available
 Memory: 7835M
 Large Page Support: Disabled
 NUMA Support: Disabled
 Compressed Oops: Enabled (32-bit)
 Alignments: Space 512K, Generation 512K, Heap 2M
 Heap Min Capacity: 100M
 Heap Initial Capacity: 100M
 Heap Max Capacity: 2G
 Pre-touch: Disabled
 Parallel Workers: 10

Heap:
 PSYoungGen      total 23552K, used 15020K [0x00000000d5580000, 0x00000000d6e80000, 0x0000000100000000)
  eden space 21504K, 61% used [0x00000000d5580000,0x00000000d6263070,0x00000000d6a80000)
  from space 2048K, 89% used [0x00000000d6a80000,0x00000000d6c48020,0x00000000d6c80000)
  to   space 2048K, 0% used [0x00000000d6c80000,0x00000000d6c80000,0x00000000d6e80000)
 ParOldGen       total 68608K, used 65396K [0x0000000080000000, 0x0000000084300000, 0x00000000d5580000)
  object space 68608K, 95% used [0x0000000080000000,0x0000000083fdd2c8,0x0000000084300000)
 Metaspace       used 65763K, committed 67200K, reserved 1114112K
  class space    used 7618K, committed 8256K, reserved 1048576K

Card table byte_map: [0x00000259bb030000,0x00000259bb440000] _byte_map_base: 0x00000259bac30000

Marking Bits: (ParMarkBitMap*) 0x00007ffb390d3450
 Begin Bits: [0x00000259cdb20000, 0x00000259cfb20000)
 End Bits:   [0x00000259cfb20000, 0x00000259d1b20000)

Polling page: 0x00000259b9730000

Metaspace:

Usage:
  Non-class:     56.78 MB used.
      Class:      7.44 MB used.
       Both:     64.22 MB used.

Virtual space:
  Non-class space:       64.00 MB reserved,      57.56 MB ( 90%) committed,  1 nodes.
      Class space:        1.00 GB reserved,       8.06 MB ( <1%) committed,  1 nodes.
             Both:        1.06 GB reserved,      65.62 MB (  6%) committed. 

Chunk freelists:
   Non-Class:  5.50 MB
       Class:  7.88 MB
        Both:  13.38 MB

MaxMetaspaceSize: unlimited
CompressedClassSpaceSize: 1.00 GB
Initial GC threshold: 21.00 MB
Current GC threshold: 97.31 MB
CDS: on
 - commit_granule_bytes: 65536.
 - commit_granule_words: 8192.
 - virtual_space_node_default_size: 8388608.
 - enlarge_chunks_in_place: 1.
 - use_allocation_guard: 0.


Internal statistics:

num_allocs_failed_limit: 11.
num_arena_births: 1306.
num_arena_deaths: 14.
num_vsnodes_births: 2.
num_vsnodes_deaths: 0.
num_space_committed: 1050.
num_space_uncommitted: 0.
num_chunks_returned_to_freelist: 25.
num_chunks_taken_from_freelist: 4587.
num_chunk_merges: 17.
num_chunk_splits: 2740.
num_chunks_enlarged: 1371.
num_inconsistent_stats: 0.

CodeHeap 'non-profiled nmethods': size=120000Kb used=5014Kb max_used=5014Kb free=114985Kb
 bounds [0x00000259c6340000, 0x00000259c6830000, 0x00000259cd870000]
CodeHeap 'profiled nmethods': size=120000Kb used=17369Kb max_used=17369Kb free=102630Kb
 bounds [0x00000259be870000, 0x00000259bf970000, 0x00000259c5da0000]
CodeHeap 'non-nmethods': size=5760Kb used=1412Kb max_used=1462Kb free=4348Kb
 bounds [0x00000259c5da0000, 0x00000259c6010000, 0x00000259c6340000]
CodeCache: size=245760Kb, used=23795Kb, max_used=23845Kb, free=221963Kb
 total_blobs=8838, nmethods=8116, adapters=628, full_count=0
Compilation: enabled, stopped_count=0, restarted_count=0

Compilation events (20 events):
Event: 18.874 Thread 0x0000025a14569430 nmethod 8811 0x00000259bf916a90 code [0x00000259bf916c40, 0x00000259bf917020]
Event: 18.874 Thread 0x0000025a14569430 8813   !   3       org.eclipse.jdt.internal.compiler.lookup.BinaryTypeBinding::resolveTypesFor (295 bytes)
Event: 18.875 Thread 0x0000025a14569430 nmethod 8813 0x00000259bf917110 code [0x00000259bf9173a0, 0x00000259bf918270]
Event: 18.875 Thread 0x0000025a14569430 8816       1       org.eclipse.jdt.internal.compiler.ast.Expression::localVariableBinding (2 bytes)
Event: 18.875 Thread 0x0000025a14569430 nmethod 8816 0x00000259c680eb10 code [0x00000259c680eca0, 0x00000259c680ed70]
Event: 18.876 Thread 0x0000025a14569430 8810       1       org.eclipse.jdt.internal.compiler.ast.ThisReference::isThis (2 bytes)
Event: 18.876 Thread 0x0000025a14569430 nmethod 8810 0x00000259c680ee10 code [0x00000259c680efa0, 0x00000259c680f068]
Event: 18.876 Thread 0x0000025a14569430 8815       1       org.eclipse.jdt.internal.compiler.ast.ASTNode::isThis (2 bytes)
Event: 18.876 Thread 0x0000025a14569430 nmethod 8815 0x00000259c680f110 code [0x00000259c680f2a0, 0x00000259c680f368]
Event: 18.876 Thread 0x0000025a14569430 8804       3       java.lang.invoke.LambdaForm$MH/0x00000259d37c1800::invoke (42 bytes)
Event: 18.876 Thread 0x0000025a14569430 nmethod 8804 0x00000259bf918b90 code [0x00000259bf918dc0, 0x00000259bf919758]
Event: 18.876 Thread 0x0000025a14569430 8818       3       java.util.stream.Nodes$SpinedNodeBuilder::accept (29 bytes)
Event: 18.877 Thread 0x0000025a14569430 nmethod 8818 0x00000259bf919a10 code [0x00000259bf919bc0, 0x00000259bf919d10]
Event: 18.877 Thread 0x0000025a14569430 8814       1       org.eclipse.jdt.internal.compiler.lookup.VariableBinding::setConstant (6 bytes)
Event: 18.877 Thread 0x0000025a14569430 nmethod 8814 0x00000259c680f410 code [0x00000259c680f5a0, 0x00000259c680f680]
Event: 18.877 Thread 0x0000025a14569430 8817       3       org.eclipse.core.internal.jobs.DeadlockDetector::indexOf (43 bytes)
Event: 18.877 Thread 0x0000025a14569430 nmethod 8817 0x00000259bf919d90 code [0x00000259bf919f80, 0x00000259bf91a738]
Event: 18.877 Thread 0x0000025a14569430 8798       1       org.eclipse.jdt.internal.compiler.lookup.SourceTypeBinding::getNestHost (5 bytes)
Event: 18.878 Thread 0x0000025a14569430 nmethod 8798 0x00000259c680f710 code [0x00000259c680f8a0, 0x00000259c680f970]
Event: 18.878 Thread 0x0000025a14569430 8819   !   3       java.util.concurrent.FutureTask::run (123 bytes)

GC Heap History (20 events):
Event: 13.835 GC heap before
{Heap before GC invocations=35 (full 2):
 PSYoungGen      total 22016K, used 21994K [0x00000000d5580000, 0x00000000d7580000, 0x0000000100000000)
  eden space 21504K, 100% used [0x00000000d5580000,0x00000000d6a80000,0x00000000d6a80000)
  from space 512K, 95% used [0x00000000d7180000,0x00000000d71fab78,0x00000000d7200000)
  to   space 5632K, 0% used [0x00000000d6a80000,0x00000000d6a80000,0x00000000d7000000)
 ParOldGen       total 68608K, used 63628K [0x0000000080000000, 0x0000000084300000, 0x00000000d5580000)
  object space 68608K, 92% used [0x0000000080000000,0x0000000083e23398,0x0000000084300000)
 Metaspace       used 56313K, committed 57728K, reserved 1114112K
  class space    used 6511K, committed 7168K, reserved 1048576K
}
Event: 13.838 GC heap after
{Heap after GC invocations=35 (full 2):
 PSYoungGen      total 22528K, used 832K [0x00000000d5580000, 0x00000000d7200000, 0x0000000100000000)
  eden space 21504K, 0% used [0x00000000d5580000,0x00000000d5580000,0x00000000d6a80000)
  from space 1024K, 81% used [0x00000000d6a80000,0x00000000d6b50000,0x00000000d6b80000)
  to   space 2560K, 0% used [0x00000000d6f80000,0x00000000d6f80000,0x00000000d7200000)
 ParOldGen       total 68608K, used 64066K [0x0000000080000000, 0x0000000084300000, 0x00000000d5580000)
  object space 68608K, 93% used [0x0000000080000000,0x0000000083e90910,0x0000000084300000)
 Metaspace       used 56313K, committed 57728K, reserved 1114112K
  class space    used 6511K, committed 7168K, reserved 1048576K
}
Event: 14.316 GC heap before
{Heap before GC invocations=36 (full 2):
 PSYoungGen      total 22528K, used 22336K [0x00000000d5580000, 0x00000000d7200000, 0x0000000100000000)
  eden space 21504K, 100% used [0x00000000d5580000,0x00000000d6a80000,0x00000000d6a80000)
  from space 1024K, 81% used [0x00000000d6a80000,0x00000000d6b50000,0x00000000d6b80000)
  to   space 2560K, 0% used [0x00000000d6f80000,0x00000000d6f80000,0x00000000d7200000)
 ParOldGen       total 68608K, used 64066K [0x0000000080000000, 0x0000000084300000, 0x00000000d5580000)
  object space 68608K, 93% used [0x0000000080000000,0x0000000083e90910,0x0000000084300000)
 Metaspace       used 58274K, committed 59776K, reserved 1114112K
  class space    used 6796K, committed 7488K, reserved 1048576K
}
Event: 14.318 GC heap after
{Heap after GC invocations=36 (full 2):
 PSYoungGen      total 22528K, used 656K [0x00000000d5580000, 0x00000000d7080000, 0x0000000100000000)
  eden space 21504K, 0% used [0x00000000d5580000,0x00000000d5580000,0x00000000d6a80000)
  from space 1024K, 64% used [0x00000000d6f80000,0x00000000d7024010,0x00000000d7080000)
  to   space 1024K, 0% used [0x00000000d6a80000,0x00000000d6a80000,0x00000000d6b80000)
 ParOldGen       total 68608K, used 64698K [0x0000000080000000, 0x0000000084300000, 0x00000000d5580000)
  object space 68608K, 94% used [0x0000000080000000,0x0000000083f2e920,0x0000000084300000)
 Metaspace       used 58274K, committed 59776K, reserved 1114112K
  class space    used 6796K, committed 7488K, reserved 1048576K
}
Event: 14.321 GC heap before
{Heap before GC invocations=37 (full 2):
 PSYoungGen      total 22528K, used 1066K [0x00000000d5580000, 0x00000000d7080000, 0x0000000100000000)
  eden space 21504K, 1% used [0x00000000d5580000,0x00000000d55e6830,0x00000000d6a80000)
  from space 1024K, 64% used [0x00000000d6f80000,0x00000000d7024010,0x00000000d7080000)
  to   space 1024K, 0% used [0x00000000d6a80000,0x00000000d6a80000,0x00000000d6b80000)
 ParOldGen       total 68608K, used 64698K [0x0000000080000000, 0x0000000084300000, 0x00000000d5580000)
  object space 68608K, 94% used [0x0000000080000000,0x0000000083f2e920,0x0000000084300000)
 Metaspace       used 58279K, committed 59776K, reserved 1114112K
  class space    used 6797K, committed 7488K, reserved 1048576K
}
Event: 14.323 GC heap after
{Heap after GC invocations=37 (full 2):
 PSYoungGen      total 22528K, used 224K [0x00000000d5580000, 0x00000000d7000000, 0x0000000100000000)
  eden space 21504K, 0% used [0x00000000d5580000,0x00000000d5580000,0x00000000d6a80000)
  from space 1024K, 21% used [0x00000000d6a80000,0x00000000d6ab8000,0x00000000d6b80000)
  to   space 512K, 0% used [0x00000000d6f80000,0x00000000d6f80000,0x00000000d7000000)
 ParOldGen       total 68608K, used 65247K [0x0000000080000000, 0x0000000084300000, 0x00000000d5580000)
  object space 68608K, 95% used [0x0000000080000000,0x0000000083fb7c98,0x0000000084300000)
 Metaspace       used 58279K, committed 59776K, reserved 1114112K
  class space    used 6797K, committed 7488K, reserved 1048576K
}
Event: 14.323 GC heap before
{Heap before GC invocations=38 (full 3):
 PSYoungGen      total 22528K, used 224K [0x00000000d5580000, 0x00000000d7000000, 0x0000000100000000)
  eden space 21504K, 0% used [0x00000000d5580000,0x00000000d5580000,0x00000000d6a80000)
  from space 1024K, 21% used [0x00000000d6a80000,0x00000000d6ab8000,0x00000000d6b80000)
  to   space 512K, 0% used [0x00000000d6f80000,0x00000000d6f80000,0x00000000d7000000)
 ParOldGen       total 68608K, used 65247K [0x0000000080000000, 0x0000000084300000, 0x00000000d5580000)
  object space 68608K, 95% used [0x0000000080000000,0x0000000083fb7c98,0x0000000084300000)
 Metaspace       used 58279K, committed 59776K, reserved 1114112K
  class space    used 6797K, committed 7488K, reserved 1048576K
}
Event: 14.441 GC heap after
{Heap after GC invocations=38 (full 3):
 PSYoungGen      total 22528K, used 0K [0x00000000d5580000, 0x00000000d7000000, 0x0000000100000000)
  eden space 21504K, 0% used [0x00000000d5580000,0x00000000d5580000,0x00000000d6a80000)
  from space 1024K, 0% used [0x00000000d6a80000,0x00000000d6a80000,0x00000000d6b80000)
  to   space 512K, 0% used [0x00000000d6f80000,0x00000000d6f80000,0x00000000d7000000)
 ParOldGen       total 68608K, used 58477K [0x0000000080000000, 0x0000000084300000, 0x00000000d5580000)
  object space 68608K, 85% used [0x0000000080000000,0x000000008391b7a8,0x0000000084300000)
 Metaspace       used 58279K, committed 59776K, reserved 1114112K
  class space    used 6797K, committed 7488K, reserved 1048576K
}
Event: 14.756 GC heap before
{Heap before GC invocations=39 (full 3):
 PSYoungGen      total 22528K, used 21504K [0x00000000d5580000, 0x00000000d7000000, 0x0000000100000000)
  eden space 21504K, 100% used [0x00000000d5580000,0x00000000d6a80000,0x00000000d6a80000)
  from space 1024K, 0% used [0x00000000d6a80000,0x00000000d6a80000,0x00000000d6b80000)
  to   space 512K, 0% used [0x00000000d6f80000,0x00000000d6f80000,0x00000000d7000000)
 ParOldGen       total 68608K, used 58477K [0x0000000080000000, 0x0000000084300000, 0x00000000d5580000)
  object space 68608K, 85% used [0x0000000080000000,0x000000008391b7a8,0x0000000084300000)
 Metaspace       used 59973K, committed 61440K, reserved 1114112K
  class space    used 7068K, committed 7680K, reserved 1048576K
}
Event: 14.758 GC heap after
{Heap after GC invocations=39 (full 3):
 PSYoungGen      total 22016K, used 510K [0x00000000d5580000, 0x00000000d7080000, 0x0000000100000000)
  eden space 21504K, 0% used [0x00000000d5580000,0x00000000d5580000,0x00000000d6a80000)
  from space 512K, 99% used [0x00000000d6f80000,0x00000000d6fffb10,0x00000000d7000000)
  to   space 3072K, 0% used [0x00000000d6a80000,0x00000000d6a80000,0x00000000d6d80000)
 ParOldGen       total 68608K, used 60373K [0x0000000080000000, 0x0000000084300000, 0x00000000d5580000)
  object space 68608K, 87% used [0x0000000080000000,0x0000000083af5538,0x0000000084300000)
 Metaspace       used 59973K, committed 61440K, reserved 1114112K
  class space    used 7068K, committed 7680K, reserved 1048576K
}
Event: 15.486 GC heap before
{Heap before GC invocations=40 (full 3):
 PSYoungGen      total 22016K, used 22014K [0x00000000d5580000, 0x00000000d7080000, 0x0000000100000000)
  eden space 21504K, 100% used [0x00000000d5580000,0x00000000d6a80000,0x00000000d6a80000)
  from space 512K, 99% used [0x00000000d6f80000,0x00000000d6fffb10,0x00000000d7000000)
  to   space 3072K, 0% used [0x00000000d6a80000,0x00000000d6a80000,0x00000000d6d80000)
 ParOldGen       total 68608K, used 60373K [0x0000000080000000, 0x0000000084300000, 0x00000000d5580000)
  object space 68608K, 87% used [0x0000000080000000,0x0000000083af5538,0x0000000084300000)
 Metaspace       used 61639K, committed 63104K, reserved 1114112K
  class space    used 7255K, committed 7936K, reserved 1048576K
}
Event: 15.489 GC heap after
{Heap after GC invocations=40 (full 3):
 PSYoungGen      total 24576K, used 2648K [0x00000000d5580000, 0x00000000d7080000, 0x0000000100000000)
  eden space 21504K, 0% used [0x00000000d5580000,0x00000000d5580000,0x00000000d6a80000)
  from space 3072K, 86% used [0x00000000d6a80000,0x00000000d6d16108,0x00000000d6d80000)
  to   space 3072K, 0% used [0x00000000d6d80000,0x00000000d6d80000,0x00000000d7080000)
 ParOldGen       total 68608K, used 60923K [0x0000000080000000, 0x0000000084300000, 0x00000000d5580000)
  object space 68608K, 88% used [0x0000000080000000,0x0000000083b7eed8,0x0000000084300000)
 Metaspace       used 61639K, committed 63104K, reserved 1114112K
  class space    used 7255K, committed 7936K, reserved 1048576K
}
Event: 15.742 GC heap before
{Heap before GC invocations=41 (full 3):
 PSYoungGen      total 24576K, used 24152K [0x00000000d5580000, 0x00000000d7080000, 0x0000000100000000)
  eden space 21504K, 100% used [0x00000000d5580000,0x00000000d6a80000,0x00000000d6a80000)
  from space 3072K, 86% used [0x00000000d6a80000,0x00000000d6d16108,0x00000000d6d80000)
  to   space 3072K, 0% used [0x00000000d6d80000,0x00000000d6d80000,0x00000000d7080000)
 ParOldGen       total 68608K, used 60923K [0x0000000080000000, 0x0000000084300000, 0x00000000d5580000)
  object space 68608K, 88% used [0x0000000080000000,0x0000000083b7eed8,0x0000000084300000)
 Metaspace       used 62018K, committed 63552K, reserved 1114112K
  class space    used 7282K, committed 7936K, reserved 1048576K
}
Event: 15.745 GC heap after
{Heap after GC invocations=41 (full 3):
 PSYoungGen      total 24064K, used 2084K [0x00000000d5580000, 0x00000000d7000000, 0x0000000100000000)
  eden space 21504K, 0% used [0x00000000d5580000,0x00000000d5580000,0x00000000d6a80000)
  from space 2560K, 81% used [0x00000000d6d80000,0x00000000d6f89058,0x00000000d7000000)
  to   space 2560K, 0% used [0x00000000d6b00000,0x00000000d6b00000,0x00000000d6d80000)
 ParOldGen       total 68608K, used 63452K [0x0000000080000000, 0x0000000084300000, 0x00000000d5580000)
  object space 68608K, 92% used [0x0000000080000000,0x0000000083df7000,0x0000000084300000)
 Metaspace       used 62018K, committed 63552K, reserved 1114112K
  class space    used 7282K, committed 7936K, reserved 1048576K
}
Event: 15.838 GC heap before
{Heap before GC invocations=42 (full 3):
 PSYoungGen      total 24064K, used 23588K [0x00000000d5580000, 0x00000000d7000000, 0x0000000100000000)
  eden space 21504K, 100% used [0x00000000d5580000,0x00000000d6a80000,0x00000000d6a80000)
  from space 2560K, 81% used [0x00000000d6d80000,0x00000000d6f89058,0x00000000d7000000)
  to   space 2560K, 0% used [0x00000000d6b00000,0x00000000d6b00000,0x00000000d6d80000)
 ParOldGen       total 68608K, used 63452K [0x0000000080000000, 0x0000000084300000, 0x00000000d5580000)
  object space 68608K, 92% used [0x0000000080000000,0x0000000083df7000,0x0000000084300000)
 Metaspace       used 62250K, committed 63744K, reserved 1114112K
  class space    used 7291K, committed 7936K, reserved 1048576K
}
Event: 15.840 GC heap after
{Heap after GC invocations=42 (full 3):
 PSYoungGen      total 22016K, used 128K [0x00000000d5580000, 0x00000000d6e00000, 0x0000000100000000)
  eden space 21504K, 0% used [0x00000000d5580000,0x00000000d5580000,0x00000000d6a80000)
  from space 512K, 25% used [0x00000000d6b00000,0x00000000d6b20000,0x00000000d6b80000)
  to   space 1024K, 0% used [0x00000000d6d00000,0x00000000d6d00000,0x00000000d6e00000)
 ParOldGen       total 68608K, used 63836K [0x0000000080000000, 0x0000000084300000, 0x00000000d5580000)
  object space 68608K, 93% used [0x0000000080000000,0x0000000083e57060,0x0000000084300000)
 Metaspace       used 62250K, committed 63744K, reserved 1114112K
  class space    used 7291K, committed 7936K, reserved 1048576K
}
Event: 16.571 GC heap before
{Heap before GC invocations=43 (full 3):
 PSYoungGen      total 22016K, used 21632K [0x00000000d5580000, 0x00000000d6e00000, 0x0000000100000000)
  eden space 21504K, 100% used [0x00000000d5580000,0x00000000d6a80000,0x00000000d6a80000)
  from space 512K, 25% used [0x00000000d6b00000,0x00000000d6b20000,0x00000000d6b80000)
  to   space 1024K, 0% used [0x00000000d6d00000,0x00000000d6d00000,0x00000000d6e00000)
 ParOldGen       total 68608K, used 63836K [0x0000000080000000, 0x0000000084300000, 0x00000000d5580000)
  object space 68608K, 93% used [0x0000000080000000,0x0000000083e57060,0x0000000084300000)
 Metaspace       used 63954K, committed 65472K, reserved 1114112K
  class space    used 7462K, committed 8128K, reserved 1048576K
}
Event: 16.575 GC heap after
{Heap after GC invocations=43 (full 3):
 PSYoungGen      total 22528K, used 1002K [0x00000000d5580000, 0x00000000d6e80000, 0x0000000100000000)
  eden space 21504K, 0% used [0x00000000d5580000,0x00000000d5580000,0x00000000d6a80000)
  from space 1024K, 97% used [0x00000000d6d00000,0x00000000d6dfa930,0x00000000d6e00000)
  to   space 2048K, 0% used [0x00000000d6a80000,0x00000000d6a80000,0x00000000d6c80000)
 ParOldGen       total 68608K, used 64407K [0x0000000080000000, 0x0000000084300000, 0x00000000d5580000)
  object space 68608K, 93% used [0x0000000080000000,0x0000000083ee5f18,0x0000000084300000)
 Metaspace       used 63954K, committed 65472K, reserved 1114112K
  class space    used 7462K, committed 8128K, reserved 1048576K
}
Event: 17.411 GC heap before
{Heap before GC invocations=44 (full 3):
 PSYoungGen      total 22528K, used 22506K [0x00000000d5580000, 0x00000000d6e80000, 0x0000000100000000)
  eden space 21504K, 100% used [0x00000000d5580000,0x00000000d6a80000,0x00000000d6a80000)
  from space 1024K, 97% used [0x00000000d6d00000,0x00000000d6dfa930,0x00000000d6e00000)
  to   space 2048K, 0% used [0x00000000d6a80000,0x00000000d6a80000,0x00000000d6c80000)
 ParOldGen       total 68608K, used 64407K [0x0000000080000000, 0x0000000084300000, 0x00000000d5580000)
  object space 68608K, 93% used [0x0000000080000000,0x0000000083ee5f18,0x0000000084300000)
 Metaspace       used 65200K, committed 66752K, reserved 1114112K
  class space    used 7580K, committed 8256K, reserved 1048576K
}
Event: 17.417 GC heap after
{Heap after GC invocations=44 (full 3):
 PSYoungGen      total 23552K, used 1824K [0x00000000d5580000, 0x00000000d6e80000, 0x0000000100000000)
  eden space 21504K, 0% used [0x00000000d5580000,0x00000000d5580000,0x00000000d6a80000)
  from space 2048K, 89% used [0x00000000d6a80000,0x00000000d6c48020,0x00000000d6c80000)
  to   space 2048K, 0% used [0x00000000d6c80000,0x00000000d6c80000,0x00000000d6e80000)
 ParOldGen       total 68608K, used 65396K [0x0000000080000000, 0x0000000084300000, 0x00000000d5580000)
  object space 68608K, 95% used [0x0000000080000000,0x0000000083fdd2c8,0x0000000084300000)
 Metaspace       used 65200K, committed 66752K, reserved 1114112K
  class space    used 7580K, committed 8256K, reserved 1048576K
}

Dll operation events (13 events):
Event: 0.008 Loaded shared library c:\Users\HP\.antigravity\extensions\redhat.java-1.54.0-win32-x64\jre\21.0.10-win32-x86_64\bin\java.dll
Event: 0.058 Loaded shared library c:\Users\HP\.antigravity\extensions\redhat.java-1.54.0-win32-x64\jre\21.0.10-win32-x86_64\bin\zip.dll
Event: 0.074 Loaded shared library C:\Users\HP\.antigravity\extensions\redhat.java-1.54.0-win32-x64\jre\21.0.10-win32-x86_64\bin\instrument.dll
Event: 0.078 Loaded shared library C:\Users\HP\.antigravity\extensions\redhat.java-1.54.0-win32-x64\jre\21.0.10-win32-x86_64\bin\net.dll
Event: 0.080 Loaded shared library C:\Users\HP\.antigravity\extensions\redhat.java-1.54.0-win32-x64\jre\21.0.10-win32-x86_64\bin\nio.dll
Event: 0.083 Loaded shared library C:\Users\HP\.antigravity\extensions\redhat.java-1.54.0-win32-x64\jre\21.0.10-win32-x86_64\bin\zip.dll
Event: 0.094 Loaded shared library C:\Users\HP\.antigravity\extensions\redhat.java-1.54.0-win32-x64\jre\21.0.10-win32-x86_64\bin\jimage.dll
Event: 0.145 Loaded shared library c:\Users\HP\.antigravity\extensions\redhat.java-1.54.0-win32-x64\jre\21.0.10-win32-x86_64\bin\verify.dll
Event: 1.489 Loaded shared library C:\Users\HP\AppData\Roaming\Antigravity\User\globalStorage\redhat.java\1.54.0\config_win\org.eclipse.equinox.launcher\org.eclipse.equinox.launcher.win32.win32.x86_64_1.3.0.v20260203-2149\eclipse_11919.dll
Event: 4.066 Loaded shared library C:\Users\HP\AppData\Local\Temp\jna-2312\jna7786761831712109117.dll
Event: 10.504 Loaded shared library C:\Users\HP\.gradle\native\1def1411415f61bf3af743bc5b6707747c0891f09f0c88961ee8f79bc544acac\windows-amd64\native-platform.dll
Event: 14.685 Loaded shared library C:\Users\HP\.antigravity\extensions\redhat.java-1.54.0-win32-x64\jre\21.0.10-win32-x86_64\bin\management.dll
Event: 14.695 Loaded shared library C:\Users\HP\.antigravity\extensions\redhat.java-1.54.0-win32-x64\jre\21.0.10-win32-x86_64\bin\management_ext.dll

Deoptimization events (20 events):
Event: 17.800 Thread 0x0000025a221f9ac0 Uncommon trap: trap_request=0xffffff45 fr.pc=0x00000259c6464410 relative=0x0000000000000130
Event: 17.800 Thread 0x0000025a221f9ac0 Uncommon trap: reason=unstable_if action=reinterpret pc=0x00000259c6464410 method=java.util.HashMap.getNode(Ljava/lang/Object;)Ljava/util/HashMap$Node; @ 66 c2
Event: 17.800 Thread 0x0000025a221f9ac0 DEOPT PACKING pc=0x00000259c6464410 sp=0x000000e72f6fe6b0
Event: 17.801 Thread 0x0000025a221f9ac0 DEOPT UNPACKING pc=0x00000259c5df3aa2 sp=0x000000e72f6fe5c8 mode 2
Event: 17.820 Thread 0x0000025a221f9ac0 Uncommon trap: trap_request=0xffffffd6 fr.pc=0x00000259c6808940 relative=0x00000000000004e0
Event: 18.818 Thread 0x0000025a221f9ac0 Uncommon trap: reason=array_check action=maybe_recompile pc=0x00000259c6808940 method=java.util.TimSort.binarySort([Ljava/lang/Object;IIILjava/util/Comparator;)V @ 215 c2
Event: 18.819 Thread 0x0000025a221f9ac0 DEOPT PACKING pc=0x00000259c6808940 sp=0x000000e72f6fedb0
Event: 18.819 Thread 0x0000025a221f9ac0 DEOPT UNPACKING pc=0x00000259c5df3aa2 sp=0x000000e72f6fed48 mode 2
Event: 18.820 Thread 0x0000025a221f9ac0 Uncommon trap: trap_request=0xffffffd6 fr.pc=0x00000259c6808940 relative=0x00000000000004e0
Event: 18.820 Thread 0x0000025a221f9ac0 Uncommon trap: reason=array_check action=maybe_recompile pc=0x00000259c6808940 method=java.util.TimSort.binarySort([Ljava/lang/Object;IIILjava/util/Comparator;)V @ 215 c2
Event: 18.820 Thread 0x0000025a221f9ac0 DEOPT PACKING pc=0x00000259c6808940 sp=0x000000e72f6fed30
Event: 18.820 Thread 0x0000025a221f9ac0 DEOPT UNPACKING pc=0x00000259c5df3aa2 sp=0x000000e72f6fecc8 mode 2
Event: 18.867 Thread 0x0000025a221f9ac0 Uncommon trap: trap_request=0xffffffc6 fr.pc=0x00000259c680b6d8 relative=0x0000000000000958
Event: 18.868 Thread 0x0000025a221f9ac0 Uncommon trap: reason=bimorphic_or_optimized_type_check action=maybe_recompile pc=0x00000259c680b6d8 method=lombok.eclipse.EclipseNode.traverse(Llombok/eclipse/EclipseASTVisitor;)V @ 512 c2
Event: 18.868 Thread 0x0000025a221f9ac0 DEOPT PACKING pc=0x00000259c680b6d8 sp=0x000000e72f6fe860
Event: 18.868 Thread 0x0000025a221f9ac0 DEOPT UNPACKING pc=0x00000259c5df3aa2 sp=0x000000e72f6fe7f0 mode 2
Event: 18.868 Thread 0x0000025a221f9ac0 Uncommon trap: trap_request=0xffffffc6 fr.pc=0x00000259c680b6d8 relative=0x0000000000000958
Event: 18.868 Thread 0x0000025a221f9ac0 Uncommon trap: reason=bimorphic_or_optimized_type_check action=maybe_recompile pc=0x00000259c680b6d8 method=lombok.eclipse.EclipseNode.traverse(Llombok/eclipse/EclipseASTVisitor;)V @ 512 c2
Event: 18.868 Thread 0x0000025a221f9ac0 DEOPT PACKING pc=0x00000259c680b6d8 sp=0x000000e72f6fe860
Event: 18.868 Thread 0x0000025a221f9ac0 DEOPT UNPACKING pc=0x00000259c5df3aa2 sp=0x000000e72f6fe7f0 mode 2

Classes loaded (20 events):
Event: 16.090 Loading class java/nio/file/Files$2
Event: 16.090 Loading class java/nio/file/Files$2 done
Event: 17.046 Loading class jdk/internal/module/IllegalAccessLogger
Event: 17.046 Loading class jdk/internal/module/IllegalAccessLogger done
Event: 17.246 Loading class java/util/Hashtable$ValueCollection
Event: 17.246 Loading class java/util/Hashtable$ValueCollection done
Event: 17.255 Loading class java/util/concurrent/ConcurrentHashMap$KeySpliterator
Event: 17.255 Loading class java/util/concurrent/ConcurrentHashMap$KeySpliterator done
Event: 17.278 Loading class sun/nio/ch/ChannelOutputStream
Event: 17.279 Loading class sun/nio/ch/ChannelOutputStream done
Event: 17.595 Loading class java/util/stream/ReferencePipeline$4
Event: 17.595 Loading class java/util/stream/ReferencePipeline$4 done
Event: 17.595 Loading class java/util/stream/Nodes$IntFixedNodeBuilder
Event: 17.596 Loading class java/util/stream/Node$Builder$OfInt
Event: 17.596 Loading class java/util/stream/Node$Builder$OfInt done
Event: 17.596 Loading class java/util/stream/Nodes$IntArrayNode
Event: 17.596 Loading class java/util/stream/Nodes$IntArrayNode done
Event: 17.596 Loading class java/util/stream/Nodes$IntFixedNodeBuilder done
Event: 17.596 Loading class java/util/stream/ReferencePipeline$4$1
Event: 17.597 Loading class java/util/stream/ReferencePipeline$4$1 done

Classes unloaded (7 events):
Event: 5.071 Thread 0x0000025a131e33e0 Unloading class 0x00000259d31acc00 'java/lang/invoke/LambdaForm$MH+0x00000259d31acc00'
Event: 5.071 Thread 0x0000025a131e33e0 Unloading class 0x00000259d31ac800 'java/lang/invoke/LambdaForm$MH+0x00000259d31ac800'
Event: 5.071 Thread 0x0000025a131e33e0 Unloading class 0x00000259d31ac400 'java/lang/invoke/LambdaForm$MH+0x00000259d31ac400'
Event: 5.071 Thread 0x0000025a131e33e0 Unloading class 0x00000259d31ac000 'java/lang/invoke/LambdaForm$MH+0x00000259d31ac000'
Event: 5.071 Thread 0x0000025a131e33e0 Unloading class 0x00000259d31abc00 'java/lang/invoke/LambdaForm$BMH+0x00000259d31abc00'
Event: 5.071 Thread 0x0000025a131e33e0 Unloading class 0x00000259d31ab800 'java/lang/invoke/LambdaForm$DMH+0x00000259d31ab800'
Event: 5.071 Thread 0x0000025a131e33e0 Unloading class 0x00000259d31aa400 'java/lang/invoke/LambdaForm$DMH+0x00000259d31aa400'

Classes redefined (0 events):
No events

Internal exceptions (20 events):
Event: 13.960 Thread 0x0000025a1be171a0 Exception <a 'java/lang/NoSuchMethodError'{0x00000000d5b45ae0}: 'java.lang.Object java.lang.invoke.DirectMethodHandle$Holder.invokeVirtual(java.lang.Object, java.lang.Object, java.lang.Object, java.lang.Object, java.lang.Object, java.lang.Object)'> (0x00000000d5b45ae0) 
thrown [s\src\hotspot\share\interpreter\linkResolver.cpp, line 773]
Event: 14.130 Thread 0x0000025a1be171a0 Exception <a 'java/lang/NoSuchMethodError'{0x00000000d63bd048}: 'java.lang.Object java.lang.invoke.DirectMethodHandle$Holder.invokeVirtual(java.lang.Object, java.lang.Object, java.lang.Object, java.lang.Object, java.lang.Object, java.lang.Object, java.lang.Object)'> (0x00000000d63bd048) 
thrown [s\src\hotspot\share\interpreter\linkResolver.cpp, line 773]
Event: 14.468 Thread 0x0000025a1be171a0 Exception <a 'java/lang/NoSuchMethodError'{0x00000000d56c8bf0}: 'java.lang.Object java.lang.invoke.DirectMethodHandle$Holder.invokeVirtual(java.lang.Object, java.lang.Object, java.lang.Object, java.lang.Object, java.lang.Object, java.lang.Object, java.lang.Object, java.lang.Object)'> (0x00000000d56c8bf0) 
thrown [s\src\hotspot\share\interpreter\linkResolver.cpp, line 773]
Event: 14.564 Thread 0x0000025a1be171a0 Exception <a 'java/lang/NoSuchMethodError'{0x00000000d5be6af0}: 'java.lang.Object java.lang.invoke.DirectMethodHandle$Holder.invokeVirtual(java.lang.Object, java.lang.Object, java.lang.Object, java.lang.Object, java.lang.Object, java.lang.Object, java.lang.Object, java.lang.Object, java.lang.Object, java.lang.Object, java.lang.Object, java.lang.Object)'> (0x00000000d5be6af0) 
thrown [s\src\hotspot\share\interpreter\linkResolver.cpp, line 773]
Event: 14.572 Thread 0x0000025a1be171a0 Exception <a 'java/lang/NoSuchMethodError'{0x00000000d5c2f0f0}: 'java.lang.Object java.lang.invoke.DirectMethodHandle$Holder.invokeStatic(java.lang.Object, java.lang.Object, java.lang.Object, java.lang.Object, java.lang.Object, java.lang.Object, java.lang.Object, java.lang.Object, java.lang.Object, java.lang.Object, java.lang.Object, java.lang.Object, java.lang.Object)'> (0x00000000d5c2f0f0) 
thrown [s\src\hotspot\share\interpreter\linkResolver.cpp, line 773]
Event: 14.575 Thread 0x0000025a1be171a0 Exception <a 'java/lang/NoSuchMethodError'{0x00000000d5c525d0}: 'java.lang.Object java.lang.invoke.DirectMethodHandle$Holder.invokeStatic(java.lang.Object, java.lang.Object, java.lang.Object, java.lang.Object, java.lang.Object, java.lang.Object, java.lang.Object, java.lang.Object, java.lang.Object, java.lang.Object, java.lang.Object, java.lang.Object, java.lang.Object, java.lang.Object)'> (0x00000000d5c525d0) 
thrown [s\src\hotspot\share\interpreter\linkResolver.cpp, line 773]
Event: 14.616 Thread 0x0000025a1be171a0 Exception <a 'java/lang/NoSuchMethodError'{0x00000000d5eca348}: 'int java.lang.invoke.DirectMethodHandle$Holder.invokeInterface(java.lang.Object, java.lang.Object)'> (0x00000000d5eca348) 
thrown [s\src\hotspot\share\interpreter\linkResolver.cpp, line 773]
Event: 15.417 Thread 0x0000025a1abcf290 Exception <a 'java/lang/NoSuchMethodError'{0x00000000d6831010}: 'java.lang.Object java.lang.invoke.DirectMethodHandle$Holder.invokeStatic(java.lang.Object, java.lang.Object, int, int)'> (0x00000000d6831010) 
thrown [s\src\hotspot\share\interpreter\linkResolver.cpp, line 773]
Event: 15.417 Thread 0x0000025a1abcf290 Exception <a 'java/lang/NoSuchMethodError'{0x00000000d6835320}: 'java.lang.Object java.lang.invoke.DirectMethodHandle$Holder.invokeSpecial(java.lang.Object, java.lang.Object, java.lang.Object, int, int)'> (0x00000000d6835320) 
thrown [s\src\hotspot\share\interpreter\linkResolver.cpp, line 773]
Event: 15.949 Thread 0x0000025a1abcf290 Exception <a 'java/lang/NoSuchMethodError'{0x00000000d5a66e08}: 'void java.lang.invoke.DelegatingMethodHandle$Holder.reinvoke_L(java.lang.Object, java.lang.Object, java.lang.Object, int, java.lang.Object, int, int)'> (0x00000000d5a66e08) 
thrown [s\src\hotspot\share\interpreter\linkResolver.cpp, line 773]
Event: 16.001 Thread 0x0000025a1abcf290 Implicit null exception at 0x00000259c6744923 to 0x00000259c6744c8c
Event: 16.094 Thread 0x0000025a1abcf290 Exception <a 'java/lang/NoSuchMethodError'{0x00000000d600a078}: 'int java.lang.invoke.DirectMethodHandle$Holder.invokeSpecialIFC(java.lang.Object, java.lang.Object, java.lang.Object)'> (0x00000000d600a078) 
thrown [s\src\hotspot\share\interpreter\linkResolver.cpp, line 773]
Event: 16.128 Thread 0x0000025a1abcf290 Implicit null exception at 0x00000259c6776c4f to 0x00000259c6776db0
Event: 17.200 Thread 0x0000025a221f9ac0 Exception <a 'java/lang/NoSuchMethodError'{0x00000000d6733138}: 'void java.lang.invoke.DirectMethodHandle$Holder.invokeStatic(java.lang.Object, int, java.lang.Object)'> (0x00000000d6733138) 
thrown [s\src\hotspot\share\interpreter\linkResolver.cpp, line 773]
Event: 17.264 Thread 0x0000025a1abcf290 Exception <a 'java/lang/NoSuchMethodError'{0x00000000d644bfd8}: 'java.lang.Object java.lang.invoke.DirectMethodHandle$Holder.newInvokeSpecial(java.lang.Object, java.lang.Object, int, int, java.lang.Object)'> (0x00000000d644bfd8) 
thrown [s\src\hotspot\share\interpreter\linkResolver.cpp, line 773]
Event: 17.299 Thread 0x0000025a221f9ac0 Implicit null exception at 0x00000259c67dac9e to 0x00000259c67daf0c
Event: 17.758 Thread 0x0000025a221f9ac0 Exception <a 'java/lang/NoSuchMethodError'{0x00000000d5c368c0}: 'java.lang.Object java.lang.invoke.DirectMethodHandle$Holder.invokeStatic(java.lang.Object, java.lang.Object, int, java.lang.Object, java.lang.Object)'> (0x00000000d5c368c0) 
thrown [s\src\hotspot\share\interpreter\linkResolver.cpp, line 773]
Event: 17.777 Thread 0x0000025a221f9ac0 Exception <a 'java/lang/NoSuchMethodError'{0x00000000d5c78ec8}: 'java.lang.Object java.lang.invoke.DirectMethodHandle$Holder.newInvokeSpecial(java.lang.Object, java.lang.Object, java.lang.Object, java.lang.Object, int)'> (0x00000000d5c78ec8) 
thrown [s\src\hotspot\share\interpreter\linkResolver.cpp, line 773]
Event: 17.778 Thread 0x0000025a221f9ac0 Exception <a 'java/lang/NoSuchMethodError'{0x00000000d5c7d220}: 'java.lang.Object java.lang.invoke.DirectMethodHandle$Holder.invokeSpecial(java.lang.Object, java.lang.Object, java.lang.Object, java.lang.Object, java.lang.Object, int)'> (0x00000000d5c7d220) 
thrown [s\src\hotspot\share\interpreter\linkResolver.cpp, line 773]
Event: 17.779 Thread 0x0000025a221f9ac0 Exception <a 'java/lang/NoSuchMethodError'{0x00000000d5c80ca0}: 'java.lang.Object java.lang.invoke.Invokers$Holder.linkToTargetMethod(java.lang.Object, java.lang.Object, java.lang.Object, int, java.lang.Object)'> (0x00000000d5c80ca0) 
thrown [s\src\hotspot\share\interpreter\linkResolver.cpp, line 773]

ZGC Phase Switch (0 events):
No events

VM Operations (20 events):
Event: 16.548 Executing non-safepoint VM operation: HandshakeAllThreads (Deoptimize) done
Event: 16.571 Executing safepoint VM operation: ParallelGCFailedAllocation (Allocation Failure)
Event: 16.575 Executing safepoint VM operation: ParallelGCFailedAllocation (Allocation Failure) done
Event: 16.898 Executing safepoint VM operation: ICBufferFull
Event: 16.899 Executing safepoint VM operation: ICBufferFull done
Event: 17.275 Executing safepoint VM operation: ICBufferFull
Event: 17.275 Executing safepoint VM operation: ICBufferFull done
Event: 17.295 Executing non-safepoint VM operation: HandshakeAllThreads (Deoptimize)
Event: 17.295 Executing non-safepoint VM operation: HandshakeAllThreads (Deoptimize) done
Event: 17.359 Executing non-safepoint VM operation: HandshakeAllThreads (Deoptimize)
Event: 17.360 Executing non-safepoint VM operation: HandshakeAllThreads (Deoptimize) done
Event: 17.411 Executing safepoint VM operation: ParallelGCFailedAllocation (Allocation Failure)
Event: 17.417 Executing safepoint VM operation: ParallelGCFailedAllocation (Allocation Failure) done
Event: 17.529 Executing non-safepoint VM operation: HandshakeAllThreads (Deoptimize)
Event: 17.529 Executing non-safepoint VM operation: HandshakeAllThreads (Deoptimize) done
Event: 17.792 Executing non-safepoint VM operation: HandshakeAllThreads (Deoptimize)
Event: 17.792 Executing non-safepoint VM operation: HandshakeAllThreads (Deoptimize) done
Event: 18.793 Executing safepoint VM operation: Cleanup
Event: 18.819 Executing safepoint VM operation: Cleanup done
Event: 19.820 Executing safepoint VM operation: Cleanup

Memory protections (0 events):
No events

Nmethod flushes (20 events):
Event: 14.374 Thread 0x0000025a131e33e0 flushing osr nmethod 0x00000259bf0dd890
Event: 14.374 Thread 0x0000025a131e33e0 flushing  nmethod 0x00000259bf0e7010
Event: 14.374 Thread 0x0000025a131e33e0 flushing osr nmethod 0x00000259bf0f4610
Event: 14.374 Thread 0x0000025a131e33e0 flushing  nmethod 0x00000259bf0fa890
Event: 14.374 Thread 0x0000025a131e33e0 flushing  nmethod 0x00000259bf104410
Event: 14.374 Thread 0x0000025a131e33e0 flushing  nmethod 0x00000259bf10cb10
Event: 14.374 Thread 0x0000025a131e33e0 flushing  nmethod 0x00000259bf10ce90
Event: 14.374 Thread 0x0000025a131e33e0 flushing  nmethod 0x00000259bf10db90
Event: 14.374 Thread 0x0000025a131e33e0 flushing  nmethod 0x00000259bf10f190
Event: 14.374 Thread 0x0000025a131e33e0 flushing osr nmethod 0x00000259bf11b510
Event: 14.374 Thread 0x0000025a131e33e0 flushing  nmethod 0x00000259bf122210
Event: 14.374 Thread 0x0000025a131e33e0 flushing  nmethod 0x00000259bf14d590
Event: 14.374 Thread 0x0000025a131e33e0 flushing  nmethod 0x00000259bf15ee90
Event: 14.374 Thread 0x0000025a131e33e0 flushing  nmethod 0x00000259bf15f490
Event: 14.374 Thread 0x0000025a131e33e0 flushing  nmethod 0x00000259bf15fd10
Event: 14.374 Thread 0x0000025a131e33e0 flushing  nmethod 0x00000259bf163590
Event: 14.374 Thread 0x0000025a131e33e0 flushing  nmethod 0x00000259bf163c90
Event: 14.374 Thread 0x0000025a131e33e0 flushing  nmethod 0x00000259bf166990
Event: 14.374 Thread 0x0000025a131e33e0 flushing  nmethod 0x00000259bf175090
Event: 14.374 Thread 0x0000025a131e33e0 flushing  nmethod 0x00000259bf179c10

Events (20 events):
Event: 12.365 Thread 0x0000025a1c773970 Thread added: 0x0000025a1c778830
Event: 12.371 Thread 0x0000025a1c779550 Thread added: 0x0000025a1c778ec0
Event: 12.374 Thread 0x0000025a1c774d20 Thread added: 0x0000025a1c779be0
Event: 13.080 Thread 0x0000025a1bdafa30 Thread exited: 0x0000025a1bdafa30
Event: 14.469 Thread 0x0000025a1a6a7990 Thread exited: 0x0000025a1a6a7990
Event: 14.690 Thread 0x0000025a14569430 Thread added: 0x0000025a1a6a7990
Event: 14.798 Thread 0x0000025a1a6a7990 Thread added: 0x0000025a1b7e2c50
Event: 14.993 Thread 0x0000025a1be171a0 Thread exited: 0x0000025a1be171a0
Event: 15.026 Thread 0x0000025a1b444370 Thread added: 0x0000025a1c77a900
Event: 17.081 Thread 0x0000025a1abcf290 Thread added: 0x0000025a221f9ac0
Event: 17.270 Thread 0x0000025a1abcf290 Thread added: 0x0000025a221f6640
Event: 17.354 Thread 0x0000025a1abcf290 Thread added: 0x0000025a221f9430
Event: 17.384 Thread 0x0000025a1abcf290 Thread added: 0x0000025a221fa150
Event: 17.386 Thread 0x0000025a1abcf290 Thread added: 0x0000025a221f8da0
Event: 17.431 Thread 0x0000025a1abcf290 Thread added: 0x0000025a221f8080
Event: 17.502 Thread 0x0000025a1abcf290 Thread added: 0x0000025a221f6cd0
Event: 17.579 Thread 0x0000025a1abcf290 Thread added: 0x0000025a221fa7e0
Event: 17.592 Thread 0x0000025a1abcf290 Thread added: 0x0000025a221fae70
Event: 17.695 Thread 0x0000025a1abcf290 Thread added: 0x0000025a221fbb90
Event: 17.742 Thread 0x0000025a1abcf290 Thread added: 0x0000025a221fb500


Dynamic libraries:
0x00007ff642790000 - 0x00007ff64279e000 	c:\Users\HP\.antigravity\extensions\redhat.java-1.54.0-win32-x64\jre\21.0.10-win32-x86_64\bin\java.exe
0x00007ffbd5d80000 - 0x00007ffbd5fe7000 	C:\WINDOWS\SYSTEM32\ntdll.dll
0x00007ffb95390000 - 0x00007ffb953b1000 	C:\Program Files\Avast Software\Avast\aswhook.dll
0x00007ffbd4f50000 - 0x00007ffbd5019000 	C:\WINDOWS\System32\KERNEL32.DLL
0x00007ffbd3560000 - 0x00007ffbd3954000 	C:\WINDOWS\System32\KERNELBASE.dll
0x00007ffbd2790000 - 0x00007ffbd28db000 	C:\WINDOWS\System32\ucrtbase.dll
0x00007ffb834d0000 - 0x00007ffb834e8000 	c:\Users\HP\.antigravity\extensions\redhat.java-1.54.0-win32-x64\jre\21.0.10-win32-x86_64\bin\jli.dll
0x00007ffb849c0000 - 0x00007ffb849de000 	c:\Users\HP\.antigravity\extensions\redhat.java-1.54.0-win32-x64\jre\21.0.10-win32-x86_64\bin\VCRUNTIME140.dll
0x00007ffbd5210000 - 0x00007ffbd53d5000 	C:\WINDOWS\System32\USER32.dll
0x00007ffbd2b00000 - 0x00007ffbd2b27000 	C:\WINDOWS\System32\win32u.dll
0x00007ffbd4a60000 - 0x00007ffbd4a8b000 	C:\WINDOWS\System32\GDI32.dll
0x00007ffba59a0000 - 0x00007ffba5c33000 	C:\WINDOWS\WinSxS\amd64_microsoft.windows.common-controls_6595b64144ccf1df_6.0.26100.8115_none_3e075c82e3354f9c\COMCTL32.dll
0x00007ffbd3430000 - 0x00007ffbd355b000 	C:\WINDOWS\System32\gdi32full.dll
0x00007ffbd2a50000 - 0x00007ffbd2af3000 	C:\WINDOWS\System32\msvcp_win.dll
0x00007ffbd5090000 - 0x00007ffbd5139000 	C:\WINDOWS\System32\msvcrt.dll
0x00007ffbd5490000 - 0x00007ffbd54c2000 	C:\WINDOWS\System32\IMM32.DLL
0x00007ffbcd6d0000 - 0x00007ffbcd6dc000 	c:\Users\HP\.antigravity\extensions\redhat.java-1.54.0-win32-x64\jre\21.0.10-win32-x86_64\bin\vcruntime140_1.dll
0x00007ffb45880000 - 0x00007ffb4590d000 	c:\Users\HP\.antigravity\extensions\redhat.java-1.54.0-win32-x64\jre\21.0.10-win32-x86_64\bin\msvcp140.dll
0x00007ffb38410000 - 0x00007ffb391b1000 	c:\Users\HP\.antigravity\extensions\redhat.java-1.54.0-win32-x64\jre\21.0.10-win32-x86_64\bin\server\jvm.dll
0x00007ffbd5b50000 - 0x00007ffbd5c06000 	C:\WINDOWS\System32\ADVAPI32.dll
0x00007ffbd53e0000 - 0x00007ffbd5487000 	C:\WINDOWS\System32\sechost.dll
0x00007ffbd3ae0000 - 0x00007ffbd3bf8000 	C:\WINDOWS\System32\RPCRT4.dll
0x00007ffbd4010000 - 0x00007ffbd4090000 	C:\WINDOWS\System32\WS2_32.dll
0x00007ffbca640000 - 0x00007ffbca676000 	C:\WINDOWS\SYSTEM32\WINMM.dll
0x00007ffbd2480000 - 0x00007ffbd24de000 	C:\WINDOWS\SYSTEM32\POWRPROF.dll
0x00007ffbc4450000 - 0x00007ffbc445b000 	C:\WINDOWS\SYSTEM32\VERSION.dll
0x00007ffbd2460000 - 0x00007ffbd2474000 	C:\WINDOWS\SYSTEM32\UMPDC.dll
0x00007ffbd13b0000 - 0x00007ffbd13cb000 	C:\WINDOWS\SYSTEM32\kernel.appcore.dll
0x00007ffb97d10000 - 0x00007ffb97d1a000 	c:\Users\HP\.antigravity\extensions\redhat.java-1.54.0-win32-x64\jre\21.0.10-win32-x86_64\bin\jimage.dll
0x00007ffbd0430000 - 0x00007ffbd0672000 	C:\WINDOWS\SYSTEM32\DBGHELP.DLL
0x00007ffbd3c80000 - 0x00007ffbd4002000 	C:\WINDOWS\System32\combase.dll
0x00007ffbd5910000 - 0x00007ffbd59e8000 	C:\WINDOWS\System32\OLEAUT32.dll
0x00007ffbbdc50000 - 0x00007ffbbdc8b000 	C:\WINDOWS\SYSTEM32\dbgcore.DLL
0x00007ffbd26e0000 - 0x00007ffbd2785000 	C:\WINDOWS\System32\bcryptPrimitives.dll
0x00007ffb97b70000 - 0x00007ffb97b7f000 	c:\Users\HP\.antigravity\extensions\redhat.java-1.54.0-win32-x64\jre\21.0.10-win32-x86_64\bin\instrument.dll
0x00007ffb818e0000 - 0x00007ffb81900000 	c:\Users\HP\.antigravity\extensions\redhat.java-1.54.0-win32-x64\jre\21.0.10-win32-x86_64\bin\java.dll
0x00007ffbd40a0000 - 0x00007ffbd4807000 	C:\WINDOWS\System32\SHELL32.dll
0x00007ffbd28e0000 - 0x00007ffbd2a4a000 	C:\WINDOWS\System32\wintypes.dll
0x00007ffbd2bc0000 - 0x00007ffbd3428000 	C:\WINDOWS\System32\windows.storage.dll
0x00007ffbd54d0000 - 0x00007ffbd55c8000 	C:\WINDOWS\System32\SHCORE.dll
0x00007ffbd3c10000 - 0x00007ffbd3c76000 	C:\WINDOWS\System32\shlwapi.dll
0x00007ffbd2540000 - 0x00007ffbd2569000 	C:\WINDOWS\SYSTEM32\profapi.dll
0x00007ffb80480000 - 0x00007ffb80498000 	c:\Users\HP\.antigravity\extensions\redhat.java-1.54.0-win32-x64\jre\21.0.10-win32-x86_64\bin\zip.dll
0x00007ffb97a30000 - 0x00007ffb97a40000 	C:\Users\HP\.antigravity\extensions\redhat.java-1.54.0-win32-x64\jre\21.0.10-win32-x86_64\bin\net.dll
0x00007ffbc9a60000 - 0x00007ffbc9b8d000 	C:\WINDOWS\SYSTEM32\WINHTTP.dll
0x00007ffbd1920000 - 0x00007ffbd198c000 	C:\WINDOWS\system32\mswsock.dll
0x00007ffb7a1e0000 - 0x00007ffb7a1f6000 	C:\Users\HP\.antigravity\extensions\redhat.java-1.54.0-win32-x64\jre\21.0.10-win32-x86_64\bin\nio.dll
0x00007ffb964a0000 - 0x00007ffb964b0000 	c:\Users\HP\.antigravity\extensions\redhat.java-1.54.0-win32-x64\jre\21.0.10-win32-x86_64\bin\verify.dll
0x00007ffb6b1f0000 - 0x00007ffb6b235000 	C:\Users\HP\AppData\Roaming\Antigravity\User\globalStorage\redhat.java\1.54.0\config_win\org.eclipse.equinox.launcher\org.eclipse.equinox.launcher.win32.win32.x86_64_1.3.0.v20260203-2149\eclipse_11919.dll
0x00007ffbd48a0000 - 0x00007ffbd4a37000 	C:\WINDOWS\System32\ole32.dll
0x00007ffbd1c00000 - 0x00007ffbd1c1b000 	C:\WINDOWS\SYSTEM32\CRYPTSP.dll
0x00007ffbd1310000 - 0x00007ffbd1349000 	C:\WINDOWS\system32\rsaenh.dll
0x00007ffbd19d0000 - 0x00007ffbd1a03000 	C:\WINDOWS\SYSTEM32\USERENV.dll
0x00007ffbd2510000 - 0x00007ffbd253a000 	C:\WINDOWS\SYSTEM32\bcrypt.dll
0x00007ffbd1c20000 - 0x00007ffbd1c2c000 	C:\WINDOWS\SYSTEM32\CRYPTBASE.dll
0x00007ffbd0db0000 - 0x00007ffbd0de2000 	C:\WINDOWS\SYSTEM32\IPHLPAPI.DLL
0x00007ffbd4810000 - 0x00007ffbd481a000 	C:\WINDOWS\System32\NSI.dll
0x00007ffb6b000000 - 0x00007ffb6b049000 	C:\Users\HP\AppData\Local\Temp\jna-2312\jna7786761831712109117.dll
0x00007ffbd5080000 - 0x00007ffbd5088000 	C:\WINDOWS\System32\PSAPI.DLL
0x00007ffbca170000 - 0x00007ffbca18d000 	C:\WINDOWS\SYSTEM32\dhcpcsvc6.DLL
0x00007ffbca140000 - 0x00007ffbca165000 	C:\WINDOWS\SYSTEM32\dhcpcsvc.DLL
0x00007ffb6fe00000 - 0x00007ffb6fe27000 	C:\Users\HP\.gradle\native\1def1411415f61bf3af743bc5b6707747c0891f09f0c88961ee8f79bc544acac\windows-amd64\native-platform.dll
0x00007ffb8ad30000 - 0x00007ffb8ad3a000 	C:\Users\HP\.antigravity\extensions\redhat.java-1.54.0-win32-x64\jre\21.0.10-win32-x86_64\bin\management.dll
0x00007ffb83a70000 - 0x00007ffb83a7c000 	C:\Users\HP\.antigravity\extensions\redhat.java-1.54.0-win32-x64\jre\21.0.10-win32-x86_64\bin\management_ext.dll

JVMTI agents:
c:\Users\HP\.antigravity\extensions\redhat.java-1.54.0-win32-x64\lombok\lombok-1.18.39-4050.jar path:c:\Users\HP\.antigravity\extensions\redhat.java-1.54.0-win32-x64\jre\21.0.10-win32-x86_64\bin\instrument.dll, loaded, initialized, instrumentlib options:none

dbghelp: loaded successfully - version: 4.0.5 - missing functions: none
symbol engine: initialized successfully - sym options: 0x614 - pdb path: .;c:\Users\HP\.antigravity\extensions\redhat.java-1.54.0-win32-x64\jre\21.0.10-win32-x86_64\bin;C:\WINDOWS\SYSTEM32;C:\Program Files\Avast Software\Avast;C:\WINDOWS\WinSxS\amd64_microsoft.windows.common-controls_6595b64144ccf1df_6.0.26100.8115_none_3e075c82e3354f9c;c:\Users\HP\.antigravity\extensions\redhat.java-1.54.0-win32-x64\jre\21.0.10-win32-x86_64\bin\server;C:\Users\HP\AppData\Roaming\Antigravity\User\globalStorage\redhat.java\1.54.0\config_win\org.eclipse.equinox.launcher\org.eclipse.equinox.launcher.win32.win32.x86_64_1.3.0.v20260203-2149;C:\Users\HP\AppData\Local\Temp\jna-2312;C:\Users\HP\.gradle\native\1def1411415f61bf3af743bc5b6707747c0891f09f0c88961ee8f79bc544acac\windows-amd64

VM Arguments:
jvm_args: --add-modules=ALL-SYSTEM --add-opens=java.base/java.util=ALL-UNNAMED --add-opens=java.base/java.lang=ALL-UNNAMED --add-opens=java.base/sun.nio.fs=ALL-UNNAMED -Declipse.application=org.eclipse.jdt.ls.core.id1 -Dosgi.bundles.defaultStartLevel=4 -Declipse.product=org.eclipse.jdt.ls.core.product -Djava.import.generatesMetadataFilesAtProjectRoot=false -DDetectVMInstallationsJob.disabled=true -Dfile.encoding=utf8 -XX:+UseParallelGC -XX:GCTimeRatio=4 -XX:AdaptiveSizePolicyWeight=90 -Dsun.zip.disableMemoryMapping=true -Xmx2G -Xms100m -Xlog:disable -javaagent:c:\Users\HP\.antigravity\extensions\redhat.java-1.54.0-win32-x64\lombok\lombok-1.18.39-4050.jar -XX:+HeapDumpOnOutOfMemoryError -XX:HeapDumpPath=c:\Users\HP\AppData\Roaming\Antigravity\User\workspaceStorage\bb6f58697517b49f76eb8e851445a514\redhat.java -Daether.dependencyCollector.impl=bf 
java_command: c:\Users\HP\.antigravity\extensions\redhat.java-1.54.0-win32-x64\server\plugins\org.eclipse.equinox.launcher_1.7.100.v20251111-0406.jar -configuration c:\Users\HP\AppData\Roaming\Antigravity\User\globalStorage\redhat.java\1.54.0\config_win -data c:\Users\HP\AppData\Roaming\Antigravity\User\workspaceStorage\bb6f58697517b49f76eb8e851445a514\redhat.java\jdt_ws --pipe=\\.\pipe\lsp-89318a7b2a7c4e194c7d856daa968f1f-sock
java_class_path (initial): c:\Users\HP\.antigravity\extensions\redhat.java-1.54.0-win32-x64\server\plugins\org.eclipse.equinox.launcher_1.7.100.v20251111-0406.jar
Launcher Type: SUN_STANDARD

[Global flags]
    uintx AdaptiveSizePolicyWeight                 = 90                                        {product} {command line}
     intx CICompilerCount                          = 4                                         {product} {ergonomic}
    uintx GCTimeRatio                              = 4                                         {product} {command line}
     bool HeapDumpOnOutOfMemoryError               = true                                   {manageable} {command line}
    ccstr HeapDumpPath                             = c:\Users\HP\AppData\Roaming\Antigravity\User\workspaceStorage\bb6f58697517b49f76eb8e851445a514\redhat.java         {manageable} {command line}
   size_t InitialHeapSize                          = 104857600                                 {product} {command line}
   size_t MaxHeapSize                              = 2147483648                                {product} {command line}
   size_t MaxNewSize                               = 715653120                                 {product} {ergonomic}
   size_t MinHeapDeltaBytes                        = 524288                                    {product} {ergonomic}
   size_t MinHeapSize                              = 104857600                                 {product} {command line}
   size_t NewSize                                  = 34603008                                  {product} {ergonomic}
    uintx NonNMethodCodeHeapSize                   = 5839372                                {pd product} {ergonomic}
    uintx NonProfiledCodeHeapSize                  = 122909434                              {pd product} {ergonomic}
   size_t OldSize                                  = 70254592                                  {product} {ergonomic}
    uintx ProfiledCodeHeapSize                     = 122909434                              {pd product} {ergonomic}
    uintx ReservedCodeCacheSize                    = 251658240                              {pd product} {ergonomic}
     bool SegmentedCodeCache                       = true                                      {product} {ergonomic}
   size_t SoftMaxHeapSize                          = 2147483648                             {manageable} {ergonomic}
     bool UseCompressedOops                        = true                           {product lp64_product} {ergonomic}
     bool UseLargePagesIndividualAllocation        = false                                  {pd product} {ergonomic}
     bool UseParallelGC                            = true                                      {product} {command line}

Logging:
Log output configuration:
 #0: stdout all=off uptime,level,tags foldmultilines=false
 #1: stderr all=off uptime,level,tags foldmultilines=false

Release file:
JAVA_VERSION="21.0.10" 
MODULES="java.base java.compiler java.datatransfer java.xml java.prefs java.desktop java.instrument java.logging java.management java.security.sasl java.naming java.rmi java.management.rmi java.net.http java.scripting java.security.jgss java.transaction.xa java.sql java.sql.rowset java.xml.crypto java.se java.smartcardio jdk.accessibility jdk.internal.jvmstat jdk.attach jdk.charsets jdk.internal.opt jdk.zipfs jdk.compiler jdk.crypto.ec jdk.crypto.cryptoki jdk.crypto.mscapi jdk.dynalink jdk.internal.ed jdk.editpad jdk.hotspot.agent jdk.httpserver jdk.internal.le jdk.internal.vm.ci jdk.internal.vm.compiler jdk.internal.vm.compiler.management jdk.jartool jdk.javadoc jdk.jcmd jdk.management jdk.management.agent jdk.jconsole jdk.jdeps jdk.jdwp.agent jdk.jdi jdk.jfr jdk.jshell jdk.jsobject jdk.jstatd jdk.localedata jdk.management.jfr jdk.naming.dns jdk.naming.rmi jdk.net jdk.nio.mapmode jdk.random jdk.sctp jdk.security.auth jdk.security.jgss jdk.unsupported jdk.unsupported.desktop jdk.xml.dom" 

Environment Variables:
JAVA_HOME=C:\Program Files\Java\jdk-25
PATH=C:\Program Files\Common Files\Oracle\Java\javapath;C:\Program Files (x86)\Common Files\Oracle\Java\java8path;C:\Program Files (x86)\Common Files\Oracle\Java\javapath;C:\ORC\ORACLEE\bin;C:\app\HP\product\21c\dbhomeXE\bin;E:\oracle21\ORACL\bin;C:\Dossier_Oracle21c\Oracle21c\bin;C:\WINDOWS\system32;C:\WINDOWS;C:\WINDOWS\System32\Wbem;C:\WINDOWS\System32\WindowsPowerShell\v1.0\;C:\WINDOWS\System32\OpenSSH\;C:\appliiiiiii\flutter_windows_3.35.7-stable.zip\flutter\bin;C:\Program Files\Docker\Docker\resources\bin;C:\Program Files\Git\cmd;C:\Program Files\nodejs\;C:\Program Files\Apache\maven\bin;C:\Program Files\MySQL\MySQL Shell 8.0\bin\;C:\Users\HP\AppData\Local\Programs\Python\Python313\Scripts\;C:\Users\HP\AppData\Local\Programs\Python\Python313\;C:\Users\HP\AppData\Local\Programs\Python\Launcher\;C:\Users\HP\AppData\Local\Microsoft\WindowsApps;C:\Users\HP\AppData\Local\Programs\Microsoft VS Code\bin;C:\Users\HP\AppData\Local\Python\bin;C:\Users\HP\AppData\Roaming\npm;C:\Program Files\Java\jdk-25\bin;C:\Maven\apache-maven-3.9.15\bin;D:\Nouveau dossier\Antigravity\bin
USERNAME=HP
OS=Windows_NT
PROCESSOR_IDENTIFIER=Intel64 Family 6 Model 186 Stepping 3, GenuineIntel
TMP=C:\Users\HP\AppData\Local\Temp
TEMP=C:\Users\HP\AppData\Local\Temp




Periodic native trim disabled

---------------  S Y S T E M  ---------------

OS:
 Windows 11 , 64 bit Build 26100 (10.0.26100.8246)
OS uptime: 0 days 1:52 hours
Hyper-V role detected

CPU: total 12 (initial active 12) (6 cores per cpu, 2 threads per core) family 6 model 186 stepping 3 microcode 0x4121, cx8, cmov, fxsr, ht, mmx, 3dnowpref, sse, sse2, sse3, ssse3, sse4.1, sse4.2, popcnt, lzcnt, tsc, tscinvbit, avx, avx2, aes, erms, clmul, bmi1, bmi2, adx, sha, fma, vzeroupper, clflush, clflushopt, clwb, hv, serialize, rdtscp, rdpid, fsrm, f16c, cet_ibt, cet_ss
Processor Information for processor 0
  Max Mhz: 1300, Current Mhz: 1300, Mhz Limit: 1300
Processor Information for processor 1
  Max Mhz: 1300, Current Mhz: 1300, Mhz Limit: 1300
Processor Information for processor 2
  Max Mhz: 1300, Current Mhz: 1300, Mhz Limit: 1300
Processor Information for processor 3
  Max Mhz: 1300, Current Mhz: 1300, Mhz Limit: 1300
Processor Information for processor 4
  Max Mhz: 1300, Current Mhz: 900, Mhz Limit: 897
Processor Information for processor 5
  Max Mhz: 1300, Current Mhz: 900, Mhz Limit: 897
Processor Information for processor 6
  Max Mhz: 1300, Current Mhz: 900, Mhz Limit: 897
Processor Information for processor 7
  Max Mhz: 1300, Current Mhz: 900, Mhz Limit: 897
Processor Information for processor 8
  Max Mhz: 1300, Current Mhz: 900, Mhz Limit: 897
Processor Information for processor 9
  Max Mhz: 1300, Current Mhz: 900, Mhz Limit: 897
Processor Information for processor 10
  Max Mhz: 1300, Current Mhz: 900, Mhz Limit: 897
Processor Information for processor 11
  Max Mhz: 1300, Current Mhz: 900, Mhz Limit: 897

Memory: 4k page, system-wide physical 7835M (1009M free)
TotalPageFile size 13835M (AvailPageFile size 52M)
current process WorkingSet (physical memory assigned to process): 333M, peak: 337M
current process commit charge ("private bytes"): 417M, peak: 421M

vm_info: OpenJDK 64-Bit Server VM (21.0.10+7-LTS) for windows-amd64 JRE (21.0.10+7-LTS), built on 2026-01-20T00:00:00Z by "admin" with MS VC++ 17.12 (VS2022)

END.
