#
# There is insufficient memory for the Java Runtime Environment to continue.
# Native memory allocation (malloc) failed to allocate 985936 bytes. Error detail: Chunk::new
# Possible reasons:
#   The system is out of physical RAM or swap space
#   This process is running with CompressedOops enabled, and the Java Heap may be blocking the growth of the native heap
# Possible solutions:
#   Reduce memory load on the system
#   Increase physical memory or swap space
#   Check if swap backing store is full
#   Decrease Java heap size (-Xmx/-Xms)
#   Decrease number of Java threads
#   Decrease Java thread stack sizes (-Xss)
#   Set larger code cache with -XX:ReservedCodeCacheSize=
#   JVM is running with Unscaled Compressed Oops mode in which the Java heap is
#     placed in the first 4GB address space. The Java Heap base address is the
#     maximum limit for the native heap growth. Please use -XX:HeapBaseMinAddress
#     to set the Java Heap base and to place the Java Heap above 4GB virtual address.
# This output file may be truncated or incomplete.
#
#  Out of Memory Error (arena.cpp:168), pid=15076, tid=16692
#
# JRE version: OpenJDK Runtime Environment Temurin-21.0.10+7 (21.0.10+7) (build 21.0.10+7-LTS)
# Java VM: OpenJDK 64-Bit Server VM Temurin-21.0.10+7 (21.0.10+7-LTS, mixed mode, sharing, tiered, compressed oops, compressed class ptrs, parallel gc, windows-amd64)
# No core dump will be written. Minidumps are not enabled by default on client versions of Windows
#

---------------  S U M M A R Y ------------

Command Line: --add-modules=ALL-SYSTEM --add-opens=java.base/java.util=ALL-UNNAMED --add-opens=java.base/java.lang=ALL-UNNAMED --add-opens=java.base/sun.nio.fs=ALL-UNNAMED -Declipse.application=org.eclipse.jdt.ls.core.id1 -Dosgi.bundles.defaultStartLevel=4 -Declipse.product=org.eclipse.jdt.ls.core.product -Djava.import.generatesMetadataFilesAtProjectRoot=false -DDetectVMInstallationsJob.disabled=true -Dfile.encoding=utf8 -XX:+UseParallelGC -XX:GCTimeRatio=4 -XX:AdaptiveSizePolicyWeight=90 -Dsun.zip.disableMemoryMapping=true -Xmx2G -Xms100m -Xlog:disable -javaagent:c:\Users\HP\.antigravity\extensions\redhat.java-1.54.0-win32-x64\lombok\lombok-1.18.39-4050.jar -XX:+HeapDumpOnOutOfMemoryError -XX:HeapDumpPath=c:\Users\HP\AppData\Roaming\Antigravity\User\workspaceStorage\bb6f58697517b49f76eb8e851445a514\redhat.java -Daether.dependencyCollector.impl=bf c:\Users\HP\.antigravity\extensions\redhat.java-1.54.0-win32-x64\server\plugins\org.eclipse.equinox.launcher_1.7.100.v20251111-0406.jar -configuration c:\Users\HP\AppData\Roaming\Antigravity\User\globalStorage\redhat.java\1.54.0\config_win -data c:\Users\HP\AppData\Roaming\Antigravity\User\workspaceStorage\bb6f58697517b49f76eb8e851445a514\redhat.java\jdt_ws --pipe=\\.\pipe\lsp-55bc3568f9a4240519c85780ac2018ee-sock

Host: 13th Gen Intel(R) Core(TM) i5-1335U, 12 cores, 7G,  Windows 11 , 64 bit Build 26100 (10.0.26100.8246)
Time: Tue Apr 28 22:47:32 2026 Greenwich elapsed time: 586.767127 seconds (0d 0h 9m 46s)

---------------  T H R E A D  ---------------

Current thread (0x00000175579e7170):  JavaThread "C2 CompilerThread1" daemon [_thread_in_native, id=16692, stack(0x00000062cdc00000,0x00000062cdd00000) (1024K)]


Current CompileTask:
C2:586767 13234   !   4       lombok.core.AST::buildWithField0 (121 bytes)

Stack: [0x00000062cdc00000,0x00000062cdd00000]
Native frames: (J=compiled Java code, j=interpreted, Vv=VM code, C=native code)
V  [jvm.dll+0x6d7a39]
V  [jvm.dll+0x8b4b26]
V  [jvm.dll+0x8b70de]
V  [jvm.dll+0x8b77c3]
V  [jvm.dll+0x284346]
V  [jvm.dll+0xc66ed]
V  [jvm.dll+0xc6c31]
V  [jvm.dll+0x3bec01]
V  [jvm.dll+0x38b162]
V  [jvm.dll+0x38a5aa]
V  [jvm.dll+0x24c560]
V  [jvm.dll+0x24bb40]
V  [jvm.dll+0x1cb34e]
V  [jvm.dll+0x25b85d]
V  [jvm.dll+0x259dea]
V  [jvm.dll+0x3f857e]
V  [jvm.dll+0x85f59d]
V  [jvm.dll+0x6d626d]
C  [ucrtbase.dll+0x37b0]
C  [KERNEL32.DLL+0x2e8d7]
C  [ntdll.dll+0x8c3fc]


---------------  P R O C E S S  ---------------

Threads class SMR info:
_java_thread_list=0x0000017564fea210, length=58, elements={
0x00000175772d5110, 0x000001757ed693d0, 0x000001757738d440, 0x000001757ed6c7d0,
0x000001757ed6db80, 0x000001757ed6e210, 0x000001757ed6e8a0, 0x000001757ed7e900,
0x0000017550166690, 0x000001757ed6ce60, 0x000001757ed6c140, 0x000001757ed6ef30,
0x000001757ed6f5c0, 0x000001755166f0d0, 0x000001755166f760, 0x0000017551670480,
0x00000175516711a0, 0x000001755166fdf0, 0x0000017551671830, 0x00000175516759d0,
0x0000017551674620, 0x0000017551672be0, 0x0000017551673270, 0x0000017551673f90,
0x000001755892cde0, 0x000001755892d470, 0x000001755892e190, 0x000001755892ba30,
0x000001755892db00, 0x000001755892c0c0, 0x000001755892ad10, 0x000001755892e820,
0x000001755892b3a0, 0x000001755892eeb0, 0x000001755892f540, 0x000001755892c750,
0x00000175589308f0, 0x0000017558931ca0, 0x0000017551816220, 0x00000175518175d0,
0x0000017551817c60, 0x000001755ddf8c50, 0x000001755ddf7210, 0x000001755ddf85c0,
0x000001755ddf7f30, 0x000001755ddf78a0, 0x00000175518182f0, 0x000001755d4f4b90,
0x000001755d4f37e0, 0x000001755d4f5220, 0x000001755d4f3e70, 0x00000175647cb580,
0x00000175647ca860, 0x00000175647c9b40, 0x00000175579e7170, 0x00000175579e7840,
0x00000175647c94b0, 0x00000175647caef0
}

Java Threads: ( => current thread )
  0x00000175772d5110 JavaThread "main"                              [_thread_blocked, id=19444, stack(0x00000062cdd00000,0x00000062cde00000) (1024K)]
  0x000001757ed693d0 JavaThread "Reference Handler"          daemon [_thread_blocked, id=8868, stack(0x00000062ce100000,0x00000062ce200000) (1024K)]
  0x000001757738d440 JavaThread "Finalizer"                  daemon [_thread_blocked, id=14040, stack(0x00000062ce200000,0x00000062ce300000) (1024K)]
  0x000001757ed6c7d0 JavaThread "Signal Dispatcher"          daemon [_thread_blocked, id=11992, stack(0x00000062ce300000,0x00000062ce400000) (1024K)]
  0x000001757ed6db80 JavaThread "Attach Listener"            daemon [_thread_blocked, id=7112, stack(0x00000062ce400000,0x00000062ce500000) (1024K)]
  0x000001757ed6e210 JavaThread "Service Thread"             daemon [_thread_blocked, id=21636, stack(0x00000062ce500000,0x00000062ce600000) (1024K)]
  0x000001757ed6e8a0 JavaThread "Monitor Deflation Thread"   daemon [_thread_blocked, id=22248, stack(0x00000062ce600000,0x00000062ce700000) (1024K)]
  0x000001757ed7e900 JavaThread "C2 CompilerThread0"         daemon [_thread_in_native, id=10700, stack(0x00000062ce700000,0x00000062ce800000) (1024K)]
  0x0000017550166690 JavaThread "C1 CompilerThread0"         daemon [_thread_blocked, id=7428, stack(0x00000062ce800000,0x00000062ce900000) (1024K)]
  0x000001757ed6ce60 JavaThread "Common-Cleaner"             daemon [_thread_blocked, id=20260, stack(0x00000062cea00000,0x00000062ceb00000) (1024K)]
  0x000001757ed6c140 JavaThread "Notification Thread"        daemon [_thread_blocked, id=19204, stack(0x00000062ceb00000,0x00000062cec00000) (1024K)]
  0x000001757ed6ef30 JavaThread "Active Thread: Equinox Container: 6f70ed8d-934c-4f4f-80ed-618a22211472"        [_thread_blocked, id=10872, stack(0x00000062cf300000,0x00000062cf400000) (1024K)]
  0x000001757ed6f5c0 JavaThread "Refresh Thread: Equinox Container: 6f70ed8d-934c-4f4f-80ed-618a22211472" daemon [_thread_blocked, id=13756, stack(0x00000062cf400000,0x00000062cf500000) (1024K)]
  0x000001755166f0d0 JavaThread "Framework Event Dispatcher: Equinox Container: 6f70ed8d-934c-4f4f-80ed-618a22211472" daemon [_thread_blocked, id=15788, stack(0x00000062cf600000,0x00000062cf700000) (1024K)]
  0x000001755166f760 JavaThread "Start Level: Equinox Container: 6f70ed8d-934c-4f4f-80ed-618a22211472" daemon [_thread_blocked, id=12560, stack(0x00000062cf700000,0x00000062cf800000) (1024K)]
  0x0000017551670480 JavaThread "Bundle File Closer"         daemon [_thread_blocked, id=4980, stack(0x00000062cfa00000,0x00000062cfb00000) (1024K)]
  0x00000175516711a0 JavaThread "SCR Component Actor"        daemon [_thread_blocked, id=2632, stack(0x00000062cfb00000,0x00000062cfc00000) (1024K)]
  0x000001755166fdf0 JavaThread "Worker-JM"                         [_thread_blocked, id=19276, stack(0x00000062cfc00000,0x00000062cfd00000) (1024K)]
  0x0000017551671830 JavaThread "JNA Cleaner"                daemon [_thread_blocked, id=5032, stack(0x00000062cfd00000,0x00000062cfe00000) (1024K)]
  0x00000175516759d0 JavaThread "Worker-2"                          [_thread_blocked, id=19268, stack(0x00000062d0000000,0x00000062d0100000) (1024K)]
  0x0000017551674620 JavaThread "Java indexing"              daemon [_thread_blocked, id=2488, stack(0x00000062d0100000,0x00000062d0200000) (1024K)]
  0x0000017551672be0 JavaThread "Thread-1"                   daemon [_thread_in_native, id=8404, stack(0x00000062d0700000,0x00000062d0800000) (1024K)]
  0x0000017551673270 JavaThread "Thread-2"                   daemon [_thread_in_native, id=5392, stack(0x00000062d0800000,0x00000062d0900000) (1024K)]
  0x0000017551673f90 JavaThread "Thread-3"                   daemon [_thread_in_native, id=19704, stack(0x00000062d0900000,0x00000062d0a00000) (1024K)]
  0x000001755892cde0 JavaThread "Thread-4"                   daemon [_thread_in_native, id=18556, stack(0x00000062d0a00000,0x00000062d0b00000) (1024K)]
  0x000001755892d470 JavaThread "Thread-5"                   daemon [_thread_in_native, id=20112, stack(0x00000062d0b00000,0x00000062d0c00000) (1024K)]
  0x000001755892e190 JavaThread "Thread-6"                   daemon [_thread_in_native, id=2724, stack(0x00000062d0c00000,0x00000062d0d00000) (1024K)]
  0x000001755892ba30 JavaThread "Thread-7"                   daemon [_thread_in_native, id=12660, stack(0x00000062d0d00000,0x00000062d0e00000) (1024K)]
  0x000001755892db00 JavaThread "Thread-8"                   daemon [_thread_in_native, id=10616, stack(0x00000062d0e00000,0x00000062d0f00000) (1024K)]
  0x000001755892c0c0 JavaThread "Thread-9"                   daemon [_thread_in_native, id=3168, stack(0x00000062d0f00000,0x00000062d1000000) (1024K)]
  0x000001755892ad10 JavaThread "Thread-10"                  daemon [_thread_in_native, id=872, stack(0x00000062d1000000,0x00000062d1100000) (1024K)]
  0x000001755892e820 JavaThread "Thread-11"                  daemon [_thread_in_native, id=14436, stack(0x00000062d1100000,0x00000062d1200000) (1024K)]
  0x000001755892b3a0 JavaThread "Thread-12"                  daemon [_thread_in_native, id=4408, stack(0x00000062d1200000,0x00000062d1300000) (1024K)]
  0x000001755892eeb0 JavaThread "Thread-13"                  daemon [_thread_in_native, id=2188, stack(0x00000062d1300000,0x00000062d1400000) (1024K)]
  0x000001755892f540 JavaThread "pool-2-thread-1"                   [_thread_blocked, id=3284, stack(0x00000062d1400000,0x00000062d1500000) (1024K)]
  0x000001755892c750 JavaThread "Timer-0"                           [_thread_blocked, id=19660, stack(0x00000062d1500000,0x00000062d1600000) (1024K)]
  0x00000175589308f0 JavaThread "Timer-1"                           [_thread_blocked, id=15500, stack(0x00000062d1600000,0x00000062d1700000) (1024K)]
  0x0000017558931ca0 JavaThread "ForkJoinPool.commonPool-worker-4" daemon [_thread_blocked, id=22096, stack(0x00000062d1a00000,0x00000062d1b00000) (1024K)]
  0x0000017551816220 JavaThread "ForkJoinPool.commonPool-worker-10" daemon [_thread_blocked, id=6304, stack(0x00000062d2000000,0x00000062d2100000) (1024K)]
  0x00000175518175d0 JavaThread "WorkspaceEventsHandler"            [_thread_blocked, id=3028, stack(0x00000062d2200000,0x00000062d2300000) (1024K)]
  0x0000017551817c60 JavaThread "pool-1-thread-1"                   [_thread_blocked, id=2916, stack(0x00000062d2300000,0x00000062d2400000) (1024K)]
  0x000001755ddf8c50 JavaThread "Timer-2"                           [_thread_blocked, id=19348, stack(0x00000062d2400000,0x00000062d2500000) (1024K)]
  0x000001755ddf7210 JavaThread "Timer-3"                           [_thread_blocked, id=19100, stack(0x00000062d3900000,0x00000062d3a00000) (1024K)]
  0x000001755ddf85c0 JavaThread "Timer-4"                           [_thread_blocked, id=20088, stack(0x00000062d3a00000,0x00000062d3b00000) (1024K)]
  0x000001755ddf7f30 JavaThread "Timer-5"                           [_thread_blocked, id=15452, stack(0x00000062d3b00000,0x00000062d3c00000) (1024K)]
  0x000001755ddf78a0 JavaThread "Timer-6"                           [_thread_blocked, id=11572, stack(0x00000062d3c00000,0x00000062d3d00000) (1024K)]
  0x00000175518182f0 JavaThread "Timer-7"                           [_thread_blocked, id=18560, stack(0x00000062d3d00000,0x00000062d3e00000) (1024K)]
  0x000001755d4f4b90 JavaThread "Timer-8"                           [_thread_blocked, id=9988, stack(0x00000062cec00000,0x00000062ced00000) (1024K)]
  0x000001755d4f37e0 JavaThread "Timer-9"                           [_thread_blocked, id=23356, stack(0x00000062d3e00000,0x00000062d3f00000) (1024K)]
  0x000001755d4f5220 JavaThread "Timer-10"                          [_thread_blocked, id=22104, stack(0x00000062d3800000,0x00000062d3900000) (1024K)]
  0x000001755d4f3e70 JavaThread "Timer-11"                          [_thread_blocked, id=14720, stack(0x00000062d4100000,0x00000062d4200000) (1024K)]
  0x00000175647cb580 JavaThread "Timer-12"                          [_thread_blocked, id=22068, stack(0x00000062d4d00000,0x00000062d4e00000) (1024K)]
  0x00000175647ca860 JavaThread "Worker-6: Building"                [_thread_blocked, id=22580, stack(0x00000062cdb00000,0x00000062cdc00000) (1024K)]
  0x00000175647c9b40 JavaThread "Worker-7: Publish Diagnostics"        [_thread_in_vm, id=4416, stack(0x00000062cda00000,0x00000062cdb00000) (1024K)]
=>0x00000175579e7170 JavaThread "C2 CompilerThread1"         daemon [_thread_in_native, id=16692, stack(0x00000062cdc00000,0x00000062cdd00000) (1024K)]
  0x00000175579e7840 JavaThread "C2 CompilerThread2"         daemon [_thread_in_native, id=5916, stack(0x00000062ce900000,0x00000062cea00000) (1024K)]
  0x00000175647c94b0 JavaThread "Compiler Source File Reader" daemon [_thread_blocked, id=13640, stack(0x00000062cfe00000,0x00000062cff00000) (1024K)]
  0x00000175647caef0 JavaThread "Worker-8"                          [_thread_blocked, id=12000, stack(0x00000062cff00000,0x00000062d0000000) (1024K)]
Total: 58

Other Threads:
  0x0000017577375970 VMThread "VM Thread"                           [id=3712, stack(0x00000062ce000000,0x00000062ce100000) (1024K)]
  0x000001757ec5ca00 WatcherThread "VM Periodic Task Thread"        [id=10712, stack(0x00000062cdf00000,0x00000062ce000000) (1024K)]
  0x00000175772f3200 WorkerThread "GC Thread#0"                     [id=23248, stack(0x00000062cde00000,0x00000062cdf00000) (1024K)]
  0x0000017551128060 WorkerThread "GC Thread#1"                     [id=21524, stack(0x00000062ced00000,0x00000062cee00000) (1024K)]
  0x0000017551128410 WorkerThread "GC Thread#2"                     [id=15220, stack(0x00000062cee00000,0x00000062cef00000) (1024K)]
  0x00000175511287c0 WorkerThread "GC Thread#3"                     [id=23120, stack(0x00000062cef00000,0x00000062cf000000) (1024K)]
  0x0000017551128b70 WorkerThread "GC Thread#4"                     [id=22976, stack(0x00000062cf000000,0x00000062cf100000) (1024K)]
  0x000001755159ec60 WorkerThread "GC Thread#5"                     [id=21768, stack(0x00000062cf100000,0x00000062cf200000) (1024K)]
  0x000001755159f820 WorkerThread "GC Thread#6"                     [id=16656, stack(0x00000062cf200000,0x00000062cf300000) (1024K)]
  0x000001755154cf50 WorkerThread "GC Thread#7"                     [id=17844, stack(0x00000062cf500000,0x00000062cf600000) (1024K)]
  0x000001755154e1c0 WorkerThread "GC Thread#8"                     [id=11088, stack(0x00000062cf800000,0x00000062cf900000) (1024K)]
  0x000001755154c7f0 WorkerThread "GC Thread#9"                     [id=22072, stack(0x00000062cf900000,0x00000062cfa00000) (1024K)]
Total: 12

Threads with active compile tasks:
C2 CompilerThread0  588815 13233       4       lombok.core.AST::buildWithField (21 bytes)
C2 CompilerThread1  588815 13234   !   4       lombok.core.AST::buildWithField0 (121 bytes)
C2 CompilerThread2  588815 13230   !   4       lombok.core.FieldAugment$ReflectionFieldAugment::getAndSet (80 bytes)
Total: 3

VM state: not at safepoint (normal execution)

VM Mutex/Monitor currently owned by a thread:  ([mutex/lock_event])
[0x00007ffea5dce660] Heap_lock - owner thread: 0x00000175647c9b40
[0x00007ffea5dceae0] PSOldGenExpand_lock - owner thread: 0x00000175647c9b40

Heap address: 0x0000000080000000, size: 2048 MB, Compressed Oops mode: 32-bit

CDS archive(s) mapped at: [0x000001750f000000-0x000001750fba0000-0x000001750fba0000), size 12189696, SharedBaseAddress: 0x000001750f000000, ArchiveRelocationMode: 1.
Compressed class space mapped at: 0x0000017510000000-0x0000017550000000, reserved size: 1073741824
Narrow klass base: 0x000001750f000000, Narrow klass shift: 0, Narrow klass range: 0x100000000

GC Precious Log:
 CardTable entry size: 512
 CPUs: 12 total, 12 available
 Memory: 7835M
 Large Page Support: Disabled
 NUMA Support: Disabled
 Compressed Oops: Enabled (32-bit)
 Alignments: Space 512K, Generation 512K, Heap 2M
 Heap Min Capacity: 100M
 Heap Initial Capacity: 100M
 Heap Max Capacity: 2G
 Pre-touch: Disabled
 Parallel Workers: 10

Heap:
 PSYoungGen      total 3584K, used 3274K [0x00000000d5580000, 0x00000000d5c00000, 0x0000000100000000)
  eden space 1536K, 100% used [0x00000000d5580000,0x00000000d5700000,0x00000000d5700000)
  from space 2048K, 84% used [0x00000000d5a00000,0x00000000d5bb2bb0,0x00000000d5c00000)
  to   space 2048K, 0% used [0x00000000d5800000,0x00000000d5800000,0x00000000d5a00000)
 ParOldGen       total 130560K, used 130559K [0x0000000080000000, 0x0000000087f80000, 0x00000000d5580000)
  object space 130560K, 99% used [0x0000000080000000,0x0000000087f7fff0,0x0000000087f80000)
 Metaspace       used 84221K, committed 86016K, reserved 1179648K
  class space    used 10174K, committed 11008K, reserved 1048576K

Card table byte_map: [0x0000017576c70000,0x0000017577080000] _byte_map_base: 0x0000017576870000

Marking Bits: (ParMarkBitMap*) 0x00007ffea5dd3450
 Begin Bits: [0x000001757a780000, 0x000001757c780000)
 End Bits:   [0x000001757c780000, 0x000001757e780000)

Polling page: 0x0000017575150000

Metaspace:

Usage:
  Non-class:     72.31 MB used.
      Class:      9.94 MB used.
       Both:     82.25 MB used.

Virtual space:
  Non-class space:      128.00 MB reserved,      73.25 MB ( 57%) committed,  2 nodes.
      Class space:        1.00 GB reserved,      10.75 MB (  1%) committed,  1 nodes.
             Both:        1.12 GB reserved,      84.00 MB (  7%) committed. 

Chunk freelists:
   Non-Class:  6.75 MB
       Class:  5.09 MB
        Both:  11.84 MB

MaxMetaspaceSize: unlimited
CompressedClassSpaceSize: 1.00 GB
Initial GC threshold: 21.00 MB
Current GC threshold: 97.31 MB
CDS: on
 - commit_granule_bytes: 65536.
 - commit_granule_words: 8192.
 - virtual_space_node_default_size: 8388608.
 - enlarge_chunks_in_place: 1.
 - use_allocation_guard: 0.


Internal statistics:

num_allocs_failed_limit: 9.
num_arena_births: 1770.
num_arena_deaths: 22.
num_vsnodes_births: 3.
num_vsnodes_deaths: 0.
num_space_committed: 1344.
num_space_uncommitted: 0.
num_chunks_returned_to_freelist: 35.
num_chunks_taken_from_freelist: 6121.
num_chunk_merges: 15.
num_chunk_splits: 3621.
num_chunks_enlarged: 1791.
num_inconsistent_stats: 0.

CodeHeap 'non-profiled nmethods': size=120000Kb used=8800Kb max_used=8800Kb free=111199Kb
 bounds [0x0000017507ad0000, 0x0000017508370000, 0x000001750f000000]
CodeHeap 'profiled nmethods': size=120000Kb used=25770Kb max_used=25770Kb free=94229Kb
 bounds [0x0000017500000000, 0x0000017501930000, 0x0000017507530000]
CodeHeap 'non-nmethods': size=5760Kb used=1466Kb max_used=1553Kb free=4294Kb
 bounds [0x0000017507530000, 0x00000175077a0000, 0x0000017507ad0000]
CodeCache: size=245760Kb, used=36036Kb, max_used=36123Kb, free=209722Kb
 total_blobs=13320, nmethods=12541, adapters=683, full_count=0
Compilation: enabled, stopped_count=0, restarted_count=0

Compilation events (20 events):
Event: 583.766 Thread 0x0000017550166690 13307       3       org.eclipse.jdt.internal.compiler.lookup.BinaryModuleBinding::resolvePackages (231 bytes)
Event: 583.766 Thread 0x0000017550166690 nmethod 13307 0x0000017501922410 code [0x00000175019226a0, 0x0000017501923668]
Event: 583.767 Thread 0x0000017550166690 13309       3       org.eclipse.jdt.internal.compiler.lookup.ModuleBinding::collectTransitiveDependencies (17 bytes)
Event: 583.767 Thread 0x0000017550166690 nmethod 13309 0x0000017501923b90 code [0x0000017501923e00, 0x0000017501924950]
Event: 583.767 Thread 0x0000017550166690 13310       3       org.eclipse.jdt.internal.compiler.lookup.ModuleBinding$$Lambda/0x00000175109e4aa0::<init> (10 bytes)
Event: 583.767 Thread 0x0000017550166690 nmethod 13310 0x0000017501924d10 code [0x0000017501924ec0, 0x0000017501925048]
Event: 583.767 Thread 0x0000017550166690 13308       3       org.eclipse.jdt.internal.compiler.lookup.PlainPackageBinding::<init> (16 bytes)
Event: 583.767 Thread 0x0000017550166690 nmethod 13308 0x0000017501925110 code [0x00000175019252c0, 0x00000175019255f8]
Event: 583.768 Thread 0x0000017550166690 13311       3       org.eclipse.jdt.internal.compiler.lookup.MethodScope::createMethod (483 bytes)
Event: 583.769 Thread 0x0000017550166690 nmethod 13311 0x0000017501925710 code [0x0000017501925b40, 0x0000017501927ee8]
Event: 585.057 Thread 0x0000017550166690 13316       3       com.google.gson.stream.JsonWriter::beginObject (12 bytes)
Event: 585.057 Thread 0x0000017550166690 nmethod 13316 0x0000017501928b90 code [0x0000017501928da0, 0x00000175019291a0]
Event: 585.057 Thread 0x0000017550166690 13317       3       com.google.gson.stream.JsonWriter::endObject (9 bytes)
Event: 585.057 Thread 0x0000017550166690 nmethod 13317 0x0000017501929390 code [0x0000017501929540, 0x0000017501929690]
Event: 585.058 Thread 0x0000017550166690 13318       3       org.eclipse.jdt.internal.core.JavaElement::equals (57 bytes)
Event: 585.059 Thread 0x0000017550166690 nmethod 13318 0x0000017501929710 code [0x0000017501929920, 0x000001750192a070]
Event: 585.059 Thread 0x0000017550166690 13319       3       org.eclipse.jdt.internal.core.CompilationUnit::equals (43 bytes)
Event: 585.059 Thread 0x0000017550166690 nmethod 13319 0x000001750192a210 code [0x000001750192a400, 0x000001750192a968]
Event: 585.059 Thread 0x0000017550166690 13320       1       org.eclipse.jdt.internal.core.SourceField::getElementType (3 bytes)
Event: 585.059 Thread 0x0000017550166690 nmethod 13320 0x0000017508367e10 code [0x0000017508367fa0, 0x0000017508368068]

GC Heap History (20 events):
Event: 303.357 GC heap before
{Heap before GC invocations=228 (full 3):
 PSYoungGen      total 2048K, used 2048K [0x00000000d5580000, 0x00000000d5900000, 0x0000000100000000)
  eden space 1536K, 100% used [0x00000000d5580000,0x00000000d5700000,0x00000000d5700000)
  from space 512K, 100% used [0x00000000d5880000,0x00000000d5900000,0x00000000d5900000)
  to   space 1024K, 0% used [0x00000000d5700000,0x00000000d5700000,0x00000000d5800000)
 ParOldGen       total 126464K, used 126194K [0x0000000080000000, 0x0000000087b80000, 0x00000000d5580000)
  object space 126464K, 99% used [0x0000000080000000,0x0000000087b3c968,0x0000000087b80000)
 Metaspace       used 83821K, committed 85632K, reserved 1179648K
  class space    used 10136K, committed 10944K, reserved 1048576K
}
Event: 303.358 GC heap after
{Heap after GC invocations=228 (full 3):
 PSYoungGen      total 2560K, used 416K [0x00000000d5580000, 0x00000000d5900000, 0x0000000100000000)
  eden space 1536K, 0% used [0x00000000d5580000,0x00000000d5580000,0x00000000d5700000)
  from space 1024K, 40% used [0x00000000d5700000,0x00000000d5768000,0x00000000d5800000)
  to   space 512K, 0% used [0x00000000d5880000,0x00000000d5880000,0x00000000d5900000)
 ParOldGen       total 126976K, used 126498K [0x0000000080000000, 0x0000000087c00000, 0x00000000d5580000)
  object space 126976K, 99% used [0x0000000080000000,0x0000000087b88968,0x0000000087c00000)
 Metaspace       used 83821K, committed 85632K, reserved 1179648K
  class space    used 10136K, committed 10944K, reserved 1048576K
}
Event: 484.620 GC heap before
{Heap before GC invocations=229 (full 3):
 PSYoungGen      total 2560K, used 1951K [0x00000000d5580000, 0x00000000d5900000, 0x0000000100000000)
  eden space 1536K, 99% used [0x00000000d5580000,0x00000000d56ffff8,0x00000000d5700000)
  from space 1024K, 40% used [0x00000000d5700000,0x00000000d5768000,0x00000000d5800000)
  to   space 512K, 0% used [0x00000000d5880000,0x00000000d5880000,0x00000000d5900000)
 ParOldGen       total 126976K, used 126498K [0x0000000080000000, 0x0000000087c00000, 0x00000000d5580000)
  object space 126976K, 99% used [0x0000000080000000,0x0000000087b88968,0x0000000087c00000)
 Metaspace       used 83984K, committed 85824K, reserved 1179648K
  class space    used 10156K, committed 11008K, reserved 1048576K
}
Event: 484.621 GC heap after
{Heap after GC invocations=229 (full 3):
 PSYoungGen      total 2048K, used 288K [0x00000000d5580000, 0x00000000d5900000, 0x0000000100000000)
  eden space 1536K, 0% used [0x00000000d5580000,0x00000000d5580000,0x00000000d5700000)
  from space 512K, 56% used [0x00000000d5880000,0x00000000d58c8000,0x00000000d5900000)
  to   space 512K, 0% used [0x00000000d5800000,0x00000000d5800000,0x00000000d5880000)
 ParOldGen       total 126976K, used 126782K [0x0000000080000000, 0x0000000087c00000, 0x00000000d5580000)
  object space 126976K, 99% used [0x0000000080000000,0x0000000087bcf858,0x0000000087c00000)
 Metaspace       used 83984K, committed 85824K, reserved 1179648K
  class space    used 10156K, committed 11008K, reserved 1048576K
}
Event: 583.538 GC heap before
{Heap before GC invocations=230 (full 3):
 PSYoungGen      total 2048K, used 1823K [0x00000000d5580000, 0x00000000d5900000, 0x0000000100000000)
  eden space 1536K, 99% used [0x00000000d5580000,0x00000000d56fffb8,0x00000000d5700000)
  from space 512K, 56% used [0x00000000d5880000,0x00000000d58c8000,0x00000000d5900000)
  to   space 512K, 0% used [0x00000000d5800000,0x00000000d5800000,0x00000000d5880000)
 ParOldGen       total 126976K, used 126782K [0x0000000080000000, 0x0000000087c00000, 0x00000000d5580000)
  object space 126976K, 99% used [0x0000000080000000,0x0000000087bcf858,0x0000000087c00000)
 Metaspace       used 84093K, committed 85952K, reserved 1179648K
  class space    used 10167K, committed 11008K, reserved 1048576K
}
Event: 583.540 GC heap after
{Heap after GC invocations=230 (full 3):
 PSYoungGen      total 2048K, used 384K [0x00000000d5580000, 0x00000000d5900000, 0x0000000100000000)
  eden space 1536K, 0% used [0x00000000d5580000,0x00000000d5580000,0x00000000d5700000)
  from space 512K, 75% used [0x00000000d5800000,0x00000000d5860000,0x00000000d5880000)
  to   space 512K, 0% used [0x00000000d5880000,0x00000000d5880000,0x00000000d5900000)
 ParOldGen       total 126976K, used 126894K [0x0000000080000000, 0x0000000087c00000, 0x00000000d5580000)
  object space 126976K, 99% used [0x0000000080000000,0x0000000087beb858,0x0000000087c00000)
 Metaspace       used 84093K, committed 85952K, reserved 1179648K
  class space    used 10167K, committed 11008K, reserved 1048576K
}
Event: 583.547 GC heap before
{Heap before GC invocations=231 (full 3):
 PSYoungGen      total 2048K, used 1919K [0x00000000d5580000, 0x00000000d5900000, 0x0000000100000000)
  eden space 1536K, 99% used [0x00000000d5580000,0x00000000d56fffb0,0x00000000d5700000)
  from space 512K, 75% used [0x00000000d5800000,0x00000000d5860000,0x00000000d5880000)
  to   space 512K, 0% used [0x00000000d5880000,0x00000000d5880000,0x00000000d5900000)
 ParOldGen       total 126976K, used 126894K [0x0000000080000000, 0x0000000087c00000, 0x00000000d5580000)
  object space 126976K, 99% used [0x0000000080000000,0x0000000087beb858,0x0000000087c00000)
 Metaspace       used 84105K, committed 85952K, reserved 1179648K
  class space    used 10167K, committed 11008K, reserved 1048576K
}
Event: 583.548 GC heap after
{Heap after GC invocations=231 (full 3):
 PSYoungGen      total 2048K, used 288K [0x00000000d5580000, 0x00000000d5900000, 0x0000000100000000)
  eden space 1536K, 0% used [0x00000000d5580000,0x00000000d5580000,0x00000000d5700000)
  from space 512K, 56% used [0x00000000d5880000,0x00000000d58c8000,0x00000000d5900000)
  to   space 512K, 0% used [0x00000000d5800000,0x00000000d5800000,0x00000000d5880000)
 ParOldGen       total 127488K, used 127030K [0x0000000080000000, 0x0000000087c80000, 0x00000000d5580000)
  object space 127488K, 99% used [0x0000000080000000,0x0000000087c0d868,0x0000000087c80000)
 Metaspace       used 84105K, committed 85952K, reserved 1179648K
  class space    used 10167K, committed 11008K, reserved 1048576K
}
Event: 583.563 GC heap before
{Heap before GC invocations=232 (full 3):
 PSYoungGen      total 2048K, used 1824K [0x00000000d5580000, 0x00000000d5900000, 0x0000000100000000)
  eden space 1536K, 100% used [0x00000000d5580000,0x00000000d5700000,0x00000000d5700000)
  from space 512K, 56% used [0x00000000d5880000,0x00000000d58c8000,0x00000000d5900000)
  to   space 512K, 0% used [0x00000000d5800000,0x00000000d5800000,0x00000000d5880000)
 ParOldGen       total 127488K, used 127030K [0x0000000080000000, 0x0000000087c80000, 0x00000000d5580000)
  object space 127488K, 99% used [0x0000000080000000,0x0000000087c0d868,0x0000000087c80000)
 Metaspace       used 84137K, committed 86016K, reserved 1179648K
  class space    used 10170K, committed 11008K, reserved 1048576K
}
Event: 583.564 GC heap after
{Heap after GC invocations=232 (full 3):
 PSYoungGen      total 2048K, used 480K [0x00000000d5580000, 0x00000000d5900000, 0x0000000100000000)
  eden space 1536K, 0% used [0x00000000d5580000,0x00000000d5580000,0x00000000d5700000)
  from space 512K, 93% used [0x00000000d5800000,0x00000000d5878020,0x00000000d5880000)
  to   space 512K, 0% used [0x00000000d5880000,0x00000000d5880000,0x00000000d5900000)
 ParOldGen       total 127488K, used 127110K [0x0000000080000000, 0x0000000087c80000, 0x00000000d5580000)
  object space 127488K, 99% used [0x0000000080000000,0x0000000087c21868,0x0000000087c80000)
 Metaspace       used 84137K, committed 86016K, reserved 1179648K
  class space    used 10170K, committed 11008K, reserved 1048576K
}
Event: 583.570 GC heap before
{Heap before GC invocations=233 (full 3):
 PSYoungGen      total 2048K, used 2016K [0x00000000d5580000, 0x00000000d5900000, 0x0000000100000000)
  eden space 1536K, 100% used [0x00000000d5580000,0x00000000d5700000,0x00000000d5700000)
  from space 512K, 93% used [0x00000000d5800000,0x00000000d5878020,0x00000000d5880000)
  to   space 512K, 0% used [0x00000000d5880000,0x00000000d5880000,0x00000000d5900000)
 ParOldGen       total 127488K, used 127110K [0x0000000080000000, 0x0000000087c80000, 0x00000000d5580000)
  object space 127488K, 99% used [0x0000000080000000,0x0000000087c21868,0x0000000087c80000)
 Metaspace       used 84155K, committed 86016K, reserved 1179648K
  class space    used 10172K, committed 11008K, reserved 1048576K
}
Event: 583.571 GC heap after
{Heap after GC invocations=233 (full 3):
 PSYoungGen      total 2048K, used 320K [0x00000000d5580000, 0x00000000d5900000, 0x0000000100000000)
  eden space 1536K, 0% used [0x00000000d5580000,0x00000000d5580000,0x00000000d5700000)
  from space 512K, 62% used [0x00000000d5880000,0x00000000d58d0000,0x00000000d5900000)
  to   space 512K, 0% used [0x00000000d5800000,0x00000000d5800000,0x00000000d5880000)
 ParOldGen       total 127488K, used 127434K [0x0000000080000000, 0x0000000087c80000, 0x00000000d5580000)
  object space 127488K, 99% used [0x0000000080000000,0x0000000087c72b38,0x0000000087c80000)
 Metaspace       used 84155K, committed 86016K, reserved 1179648K
  class space    used 10172K, committed 11008K, reserved 1048576K
}
Event: 583.673 GC heap before
{Heap before GC invocations=234 (full 3):
 PSYoungGen      total 2048K, used 1856K [0x00000000d5580000, 0x00000000d5900000, 0x0000000100000000)
  eden space 1536K, 100% used [0x00000000d5580000,0x00000000d5700000,0x00000000d5700000)
  from space 512K, 62% used [0x00000000d5880000,0x00000000d58d0000,0x00000000d5900000)
  to   space 512K, 0% used [0x00000000d5800000,0x00000000d5800000,0x00000000d5880000)
 ParOldGen       total 127488K, used 127434K [0x0000000080000000, 0x0000000087c80000, 0x00000000d5580000)
  object space 127488K, 99% used [0x0000000080000000,0x0000000087c72b38,0x0000000087c80000)
 Metaspace       used 84196K, committed 86016K, reserved 1179648K
  class space    used 10174K, committed 11008K, reserved 1048576K
}
Event: 583.674 GC heap after
{Heap after GC invocations=234 (full 3):
 PSYoungGen      total 2048K, used 464K [0x00000000d5580000, 0x00000000d5900000, 0x0000000100000000)
  eden space 1536K, 0% used [0x00000000d5580000,0x00000000d5580000,0x00000000d5700000)
  from space 512K, 90% used [0x00000000d5800000,0x00000000d5874070,0x00000000d5880000)
  to   space 512K, 0% used [0x00000000d5880000,0x00000000d5880000,0x00000000d5900000)
 ParOldGen       total 128000K, used 127602K [0x0000000080000000, 0x0000000087d00000, 0x00000000d5580000)
  object space 128000K, 99% used [0x0000000080000000,0x0000000087c9cb58,0x0000000087d00000)
 Metaspace       used 84196K, committed 86016K, reserved 1179648K
  class space    used 10174K, committed 11008K, reserved 1048576K
}
Event: 583.680 GC heap before
{Heap before GC invocations=235 (full 3):
 PSYoungGen      total 2048K, used 2000K [0x00000000d5580000, 0x00000000d5900000, 0x0000000100000000)
  eden space 1536K, 100% used [0x00000000d5580000,0x00000000d5700000,0x00000000d5700000)
  from space 512K, 90% used [0x00000000d5800000,0x00000000d5874070,0x00000000d5880000)
  to   space 512K, 0% used [0x00000000d5880000,0x00000000d5880000,0x00000000d5900000)
 ParOldGen       total 128000K, used 127602K [0x0000000080000000, 0x0000000087d00000, 0x00000000d5580000)
  object space 128000K, 99% used [0x0000000080000000,0x0000000087c9cb58,0x0000000087d00000)
 Metaspace       used 84202K, committed 86016K, reserved 1179648K
  class space    used 10174K, committed 11008K, reserved 1048576K
}
Event: 583.681 GC heap after
{Heap after GC invocations=235 (full 3):
 PSYoungGen      total 2048K, used 256K [0x00000000d5580000, 0x00000000d5900000, 0x0000000100000000)
  eden space 1536K, 0% used [0x00000000d5580000,0x00000000d5580000,0x00000000d5700000)
  from space 512K, 50% used [0x00000000d5880000,0x00000000d58c0000,0x00000000d5900000)
  to   space 512K, 0% used [0x00000000d5800000,0x00000000d5800000,0x00000000d5880000)
 ParOldGen       total 128000K, used 127970K [0x0000000080000000, 0x0000000087d00000, 0x00000000d5580000)
  object space 128000K, 99% used [0x0000000080000000,0x0000000087cf8be8,0x0000000087d00000)
 Metaspace       used 84202K, committed 86016K, reserved 1179648K
  class space    used 10174K, committed 11008K, reserved 1048576K
}
Event: 583.707 GC heap before
{Heap before GC invocations=236 (full 3):
 PSYoungGen      total 2048K, used 1782K [0x00000000d5580000, 0x00000000d5900000, 0x0000000100000000)
  eden space 1536K, 99% used [0x00000000d5580000,0x00000000d56fdae8,0x00000000d5700000)
  from space 512K, 50% used [0x00000000d5880000,0x00000000d58c0000,0x00000000d5900000)
  to   space 512K, 0% used [0x00000000d5800000,0x00000000d5800000,0x00000000d5880000)
 ParOldGen       total 128000K, used 127970K [0x0000000080000000, 0x0000000087d00000, 0x00000000d5580000)
  object space 128000K, 99% used [0x0000000080000000,0x0000000087cf8be8,0x0000000087d00000)
 Metaspace       used 84203K, committed 86016K, reserved 1179648K
  class space    used 10174K, committed 11008K, reserved 1048576K
}
Event: 583.709 GC heap after
{Heap after GC invocations=236 (full 3):
 PSYoungGen      total 2048K, used 511K [0x00000000d5580000, 0x00000000d5d00000, 0x0000000100000000)
  eden space 1536K, 0% used [0x00000000d5580000,0x00000000d5580000,0x00000000d5700000)
  from space 512K, 99% used [0x00000000d5800000,0x00000000d587fdc8,0x00000000d5880000)
  to   space 3072K, 0% used [0x00000000d5a00000,0x00000000d5a00000,0x00000000d5d00000)
 ParOldGen       total 130048K, used 129791K [0x0000000080000000, 0x0000000087f00000, 0x00000000d5580000)
  object space 130048K, 99% used [0x0000000080000000,0x0000000087ebfde0,0x0000000087f00000)
 Metaspace       used 84203K, committed 86016K, reserved 1179648K
  class space    used 10174K, committed 11008K, reserved 1048576K
}
Event: 583.749 GC heap before
{Heap before GC invocations=237 (full 3):
 PSYoungGen      total 2048K, used 2039K [0x00000000d5580000, 0x00000000d5d00000, 0x0000000100000000)
  eden space 1536K, 99% used [0x00000000d5580000,0x00000000d56fdfa8,0x00000000d5700000)
  from space 512K, 99% used [0x00000000d5800000,0x00000000d587fdc8,0x00000000d5880000)
  to   space 3072K, 0% used [0x00000000d5a00000,0x00000000d5a00000,0x00000000d5d00000)
 ParOldGen       total 130048K, used 129791K [0x0000000080000000, 0x0000000087f00000, 0x00000000d5580000)
  object space 130048K, 99% used [0x0000000080000000,0x0000000087ebfde0,0x0000000087f00000)
 Metaspace       used 84204K, committed 86016K, reserved 1179648K
  class space    used 10174K, committed 11008K, reserved 1048576K
}
Event: 583.750 GC heap after
{Heap after GC invocations=237 (full 3):
 PSYoungGen      total 3584K, used 1738K [0x00000000d5580000, 0x00000000d5c00000, 0x0000000100000000)
  eden space 1536K, 0% used [0x00000000d5580000,0x00000000d5580000,0x00000000d5700000)
  from space 2048K, 84% used [0x00000000d5a00000,0x00000000d5bb2bb0,0x00000000d5c00000)
  to   space 2048K, 0% used [0x00000000d5800000,0x00000000d5800000,0x00000000d5a00000)
 ParOldGen       total 130560K, used 130255K [0x0000000080000000, 0x0000000087f80000, 0x00000000d5580000)
  object space 130560K, 99% used [0x0000000080000000,0x0000000087f33e10,0x0000000087f80000)
 Metaspace       used 84204K, committed 86016K, reserved 1179648K
  class space    used 10174K, committed 11008K, reserved 1048576K
}

Dll operation events (15 events):
Event: 0.015 Loaded shared library c:\Users\HP\.antigravity\extensions\redhat.java-1.54.0-win32-x64\jre\21.0.10-win32-x86_64\bin\java.dll
Event: 0.094 Loaded shared library c:\Users\HP\.antigravity\extensions\redhat.java-1.54.0-win32-x64\jre\21.0.10-win32-x86_64\bin\zip.dll
Event: 0.124 Loaded shared library C:\Users\HP\.antigravity\extensions\redhat.java-1.54.0-win32-x64\jre\21.0.10-win32-x86_64\bin\instrument.dll
Event: 0.131 Loaded shared library C:\Users\HP\.antigravity\extensions\redhat.java-1.54.0-win32-x64\jre\21.0.10-win32-x86_64\bin\net.dll
Event: 0.135 Loaded shared library C:\Users\HP\.antigravity\extensions\redhat.java-1.54.0-win32-x64\jre\21.0.10-win32-x86_64\bin\nio.dll
Event: 0.138 Loaded shared library C:\Users\HP\.antigravity\extensions\redhat.java-1.54.0-win32-x64\jre\21.0.10-win32-x86_64\bin\zip.dll
Event: 0.160 Loaded shared library C:\Users\HP\.antigravity\extensions\redhat.java-1.54.0-win32-x64\jre\21.0.10-win32-x86_64\bin\jimage.dll
Event: 0.255 Loaded shared library c:\Users\HP\.antigravity\extensions\redhat.java-1.54.0-win32-x64\jre\21.0.10-win32-x86_64\bin\verify.dll
Event: 1.524 Loaded shared library C:\Users\HP\AppData\Roaming\Antigravity\User\globalStorage\redhat.java\1.54.0\config_win\org.eclipse.equinox.launcher\org.eclipse.equinox.launcher.win32.win32.x86_64_1.3.0.v20260203-2149\eclipse_11919.dll
Event: 2.556 Loaded shared library C:\Users\HP\AppData\Local\Temp\jna-2312\jna5006198519574574757.dll
Event: 5.873 Loaded shared library C:\Users\HP\.gradle\native\1def1411415f61bf3af743bc5b6707747c0891f09f0c88961ee8f79bc544acac\windows-amd64\native-platform.dll
Event: 7.669 Loaded shared library C:\Users\HP\.antigravity\extensions\redhat.java-1.54.0-win32-x64\jre\21.0.10-win32-x86_64\bin\management.dll
Event: 7.675 Loaded shared library C:\Users\HP\.antigravity\extensions\redhat.java-1.54.0-win32-x64\jre\21.0.10-win32-x86_64\bin\management_ext.dll
Event: 10.738 Loaded shared library C:\Users\HP\.antigravity\extensions\redhat.java-1.54.0-win32-x64\jre\21.0.10-win32-x86_64\bin\extnet.dll
Event: 12.899 Loaded shared library C:\Users\HP\.antigravity\extensions\redhat.java-1.54.0-win32-x64\jre\21.0.10-win32-x86_64\bin\sunmscapi.dll

Deoptimization events (20 events):
Event: 583.672 Thread 0x00000175647ca860 DEOPT PACKING pc=0x00000175017ff8ef sp=0x00000062cdbfda50
Event: 583.672 Thread 0x00000175647ca860 DEOPT UNPACKING pc=0x0000017507584242 sp=0x00000062cdbfcf68 mode 0
Event: 583.679 Thread 0x00000175647ca860 DEOPT PACKING pc=0x00000175017ff8ef sp=0x00000062cdbfd810
Event: 583.679 Thread 0x00000175647ca860 DEOPT UNPACKING pc=0x0000017507584242 sp=0x00000062cdbfcd28 mode 0
Event: 583.765 Thread 0x00000175647ca860 Uncommon trap: trap_request=0xffffffde fr.pc=0x00000175080a3f30 relative=0x0000000000003390
Event: 583.765 Thread 0x00000175647ca860 Uncommon trap: reason=class_check action=maybe_recompile pc=0x00000175080a3f30 method=org.eclipse.jdt.internal.core.builder.BuildNotifier.checkCancel()V @ 75 c2
Event: 583.765 Thread 0x00000175647ca860 DEOPT PACKING pc=0x00000175080a3f30 sp=0x00000062cdbfe4e0
Event: 583.765 Thread 0x00000175647ca860 DEOPT UNPACKING pc=0x0000017507583aa2 sp=0x00000062cdbfe3b8 mode 2
Event: 583.766 Thread 0x00000175647ca860 Uncommon trap: trap_request=0xffffffde fr.pc=0x00000175080a3f30 relative=0x0000000000003390
Event: 583.766 Thread 0x00000175647ca860 Uncommon trap: reason=class_check action=maybe_recompile pc=0x00000175080a3f30 method=org.eclipse.jdt.internal.core.builder.BuildNotifier.checkCancel()V @ 75 c2
Event: 583.766 Thread 0x00000175647ca860 DEOPT PACKING pc=0x00000175080a3f30 sp=0x00000062cdbfe0a0
Event: 583.766 Thread 0x00000175647ca860 DEOPT UNPACKING pc=0x0000017507583aa2 sp=0x00000062cdbfdf78 mode 2
Event: 583.766 Thread 0x00000175647ca860 Uncommon trap: trap_request=0xffffffde fr.pc=0x00000175080a3f30 relative=0x0000000000003390
Event: 583.766 Thread 0x00000175647ca860 Uncommon trap: reason=class_check action=maybe_recompile pc=0x00000175080a3f30 method=org.eclipse.jdt.internal.core.builder.BuildNotifier.checkCancel()V @ 75 c2
Event: 583.766 Thread 0x00000175647ca860 DEOPT PACKING pc=0x00000175080a3f30 sp=0x00000062cdbfe0a0
Event: 583.766 Thread 0x00000175647ca860 DEOPT UNPACKING pc=0x0000017507583aa2 sp=0x00000062cdbfdf78 mode 2
Event: 583.766 Thread 0x00000175647ca860 Uncommon trap: trap_request=0xffffffde fr.pc=0x00000175080a3f30 relative=0x0000000000003390
Event: 583.766 Thread 0x00000175647ca860 Uncommon trap: reason=class_check action=maybe_recompile pc=0x00000175080a3f30 method=org.eclipse.jdt.internal.core.builder.BuildNotifier.checkCancel()V @ 75 c2
Event: 583.766 Thread 0x00000175647ca860 DEOPT PACKING pc=0x00000175080a3f30 sp=0x00000062cdbfe0a0
Event: 583.766 Thread 0x00000175647ca860 DEOPT UNPACKING pc=0x0000017507583aa2 sp=0x00000062cdbfdf78 mode 2

Classes loaded (20 events):
Event: 23.432 Loading class sun/nio/fs/WindowsFileCopy
Event: 23.432 Loading class sun/nio/fs/WindowsFileCopy done
Event: 23.844 Loading class java/util/HashMap$EntrySpliterator
Event: 23.845 Loading class java/util/HashMap$EntrySpliterator done
Event: 31.328 Loading class sun/nio/cs/ISO_8859_1$Encoder
Event: 31.328 Loading class sun/nio/cs/ISO_8859_1$Encoder done
Event: 31.328 Loading class sun/nio/cs/Surrogate$Parser
Event: 31.328 Loading class sun/nio/cs/Surrogate$Parser done
Event: 31.328 Loading class sun/nio/cs/Surrogate
Event: 31.328 Loading class sun/nio/cs/Surrogate done
Event: 303.379 Loading class java/util/stream/Nodes$CollectorTask$OfRef
Event: 303.380 Loading class java/util/stream/Nodes$CollectorTask
Event: 303.380 Loading class java/util/stream/Nodes$CollectorTask done
Event: 303.380 Loading class java/util/stream/Nodes$CollectorTask$OfRef done
Event: 303.380 Loading class java/util/function/LongFunction
Event: 303.381 Loading class java/util/function/LongFunction done
Event: 303.381 Loading class java/util/stream/Nodes$ConcNode
Event: 303.381 Loading class java/util/stream/Nodes$AbstractConcNode
Event: 303.381 Loading class java/util/stream/Nodes$AbstractConcNode done
Event: 303.381 Loading class java/util/stream/Nodes$ConcNode done

Classes unloaded (11 events):
Event: 3.062 Thread 0x0000017577375970 Unloading class 0x00000175101a4c00 'java/lang/invoke/LambdaForm$MH+0x00000175101a4c00'
Event: 3.062 Thread 0x0000017577375970 Unloading class 0x00000175101a4800 'java/lang/invoke/LambdaForm$MH+0x00000175101a4800'
Event: 3.062 Thread 0x0000017577375970 Unloading class 0x00000175101a4400 'java/lang/invoke/LambdaForm$MH+0x00000175101a4400'
Event: 3.062 Thread 0x0000017577375970 Unloading class 0x00000175101a4000 'java/lang/invoke/LambdaForm$MH+0x00000175101a4000'
Event: 3.062 Thread 0x0000017577375970 Unloading class 0x00000175101a3c00 'java/lang/invoke/LambdaForm$BMH+0x00000175101a3c00'
Event: 3.062 Thread 0x0000017577375970 Unloading class 0x00000175101a3800 'java/lang/invoke/LambdaForm$DMH+0x00000175101a3800'
Event: 3.062 Thread 0x0000017577375970 Unloading class 0x00000175101a2400 'java/lang/invoke/LambdaForm$DMH+0x00000175101a2400'
Event: 7.856 Thread 0x0000017577375970 Unloading class 0x0000017510548000 'java/lang/invoke/LambdaForm$MH+0x0000017510548000'
Event: 7.856 Thread 0x0000017577375970 Unloading class 0x0000017510543400 'java/lang/invoke/LambdaForm$MH+0x0000017510543400'
Event: 7.856 Thread 0x0000017577375970 Unloading class 0x0000017510542c00 'java/lang/invoke/LambdaForm$MH+0x0000017510542c00'
Event: 7.856 Thread 0x0000017577375970 Unloading class 0x0000017510542400 'java/lang/invoke/LambdaForm$MH+0x0000017510542400'

Classes redefined (0 events):
No events

Internal exceptions (20 events):
Event: 23.146 Thread 0x000001755166ea40 Exception <a 'java/io/FileNotFoundException'{0x00000000d58f97f8}> (0x00000000d58f97f8) 
thrown [s\src\hotspot\share\prims\jni.cpp, line 520]
Event: 23.146 Thread 0x000001755166ea40 Exception <a 'java/io/FileNotFoundException'{0x00000000d58faab8}> (0x00000000d58faab8) 
thrown [s\src\hotspot\share\prims\jni.cpp, line 520]
Event: 23.146 Thread 0x000001755166ea40 Exception <a 'java/io/FileNotFoundException'{0x00000000d58fbe90}> (0x00000000d58fbe90) 
thrown [s\src\hotspot\share\prims\jni.cpp, line 520]
Event: 23.245 Thread 0x000001755166ea40 Implicit null exception at 0x0000017507d99ab7 to 0x0000017507d9a8dc
Event: 23.433 Thread 0x000001755166ea40 Exception <a 'sun/nio/fs/WindowsException'{0x00000000d5650170}> (0x00000000d5650170) 
thrown [s\src\hotspot\share\prims\jni.cpp, line 520]
Event: 23.514 Thread 0x000001755166ea40 Exception <a 'java/lang/NoSuchMethodError'{0x00000000d58bcaf8}: 'void java.lang.invoke.DirectMethodHandle$Holder.invokeSpecial(java.lang.Object, java.lang.Object, java.lang.Object, java.lang.Object, java.lang.Object, java.lang.Object, java.lang.Object)'> (0x00000000d58bcaf8) 
thrown [s\src\hotspot\share\interpreter\linkResolver.cpp, line 773]
Event: 23.543 Thread 0x0000017551674cb0 Exception <a 'sun/nio/fs/WindowsException'{0x00000000d596f278}> (0x00000000d596f278) 
thrown [s\src\hotspot\share\prims\jni.cpp, line 520]
Event: 23.544 Thread 0x0000017551674cb0 Exception <a 'sun/nio/fs/WindowsException'{0x00000000d596fd48}> (0x00000000d596fd48) 
thrown [s\src\hotspot\share\prims\jni.cpp, line 520]
Event: 23.546 Thread 0x0000017551674cb0 Exception <a 'sun/nio/fs/WindowsException'{0x00000000d55fe000}> (0x00000000d55fe000) 
thrown [s\src\hotspot\share\prims\jni.cpp, line 520]
Event: 23.546 Thread 0x0000017551674cb0 Exception <a 'sun/nio/fs/WindowsException'{0x00000000d55fe7a0}> (0x00000000d55fe7a0) 
thrown [s\src\hotspot\share\prims\jni.cpp, line 520]
Event: 23.548 Thread 0x0000017551674cb0 Exception <a 'sun/nio/fs/WindowsException'{0x00000000d5621700}> (0x00000000d5621700) 
thrown [s\src\hotspot\share\prims\jni.cpp, line 520]
Event: 23.548 Thread 0x0000017551674cb0 Exception <a 'sun/nio/fs/WindowsException'{0x00000000d5629e38}> (0x00000000d5629e38) 
thrown [s\src\hotspot\share\prims\jni.cpp, line 520]
Event: 23.556 Thread 0x0000017551674cb0 Exception <a 'sun/nio/fs/WindowsException'{0x00000000d57337f8}> (0x00000000d57337f8) 
thrown [s\src\hotspot\share\prims\jni.cpp, line 520]
Event: 23.557 Thread 0x0000017551674cb0 Exception <a 'sun/nio/fs/WindowsException'{0x00000000d573b4a0}> (0x00000000d573b4a0) 
thrown [s\src\hotspot\share\prims\jni.cpp, line 520]
Event: 303.373 Thread 0x00000175516759d0 Exception <a 'sun/nio/fs/WindowsException'{0x00000000d55b09c8}> (0x00000000d55b09c8) 
thrown [s\src\hotspot\share\prims\jni.cpp, line 520]
Event: 303.373 Thread 0x00000175516759d0 Exception <a 'sun/nio/fs/WindowsException'{0x00000000d55b14f8}> (0x00000000d55b14f8) 
thrown [s\src\hotspot\share\prims\jni.cpp, line 520]
Event: 303.374 Thread 0x00000175516759d0 Implicit null exception at 0x000001750826ab0d to 0x000001750826ae8c
Event: 303.401 Thread 0x00000175516759d0 Exception <a 'java/lang/NoSuchMethodError'{0x00000000d5642aa0}: static [J.<clinit>()V> (0x00000000d5642aa0) 
thrown [s\src\hotspot\share\prims\jni.cpp, line 1111]
Event: 303.413 Thread 0x00000175516759d0 Exception <a 'java/lang/NoSuchMethodError'{0x00000000d5675be8}: 'java.lang.Object java.lang.invoke.DirectMethodHandle$Holder.newInvokeSpecial(java.lang.Object, java.lang.Object, java.lang.Object, java.lang.Object, java.lang.Object, java.lang.Object, java.lang.Object, java.lang.Object)'> (0x00000000d5675be8) 
thrown [s\src\hotspot\share\interpreter\linkResolver.cpp, line 773]
Event: 583.552 Thread 0x0000017551674620 Implicit null exception at 0x00000175080c1d62 to 0x00000175080c21a0

ZGC Phase Switch (0 events):
No events

VM Operations (20 events):
Event: 526.640 Executing safepoint VM operation: Cleanup
Event: 526.640 Executing safepoint VM operation: Cleanup done
Event: 583.538 Executing safepoint VM operation: ParallelGCFailedAllocation (Allocation Failure)
Event: 583.540 Executing safepoint VM operation: ParallelGCFailedAllocation (Allocation Failure) done
Event: 583.545 Executing safepoint VM operation: ParallelGCFailedAllocation (Allocation Failure)
Event: 583.548 Executing safepoint VM operation: ParallelGCFailedAllocation (Allocation Failure) done
Event: 583.563 Executing safepoint VM operation: ParallelGCFailedAllocation (Allocation Failure)
Event: 583.564 Executing safepoint VM operation: ParallelGCFailedAllocation (Allocation Failure) done
Event: 583.570 Executing safepoint VM operation: ParallelGCFailedAllocation (Allocation Failure)
Event: 583.572 Executing safepoint VM operation: ParallelGCFailedAllocation (Allocation Failure) done
Event: 583.673 Executing safepoint VM operation: ParallelGCFailedAllocation (Allocation Failure)
Event: 583.674 Executing safepoint VM operation: ParallelGCFailedAllocation (Allocation Failure) done
Event: 583.680 Executing safepoint VM operation: ParallelGCFailedAllocation (Allocation Failure)
Event: 583.681 Executing safepoint VM operation: ParallelGCFailedAllocation (Allocation Failure) done
Event: 583.707 Executing safepoint VM operation: ParallelGCFailedAllocation (Allocation Failure)
Event: 583.709 Executing safepoint VM operation: ParallelGCFailedAllocation (Allocation Failure) done
Event: 583.748 Executing safepoint VM operation: ParallelGCFailedAllocation (Allocation Failure)
Event: 583.750 Executing safepoint VM operation: ParallelGCFailedAllocation (Allocation Failure) done
Event: 585.059 Executing safepoint VM operation: ParallelGCFailedAllocation (Allocation Failure)
Event: 585.059 Executing safepoint VM operation: ParallelGCFailedAllocation (Allocation Failure) done

Memory protections (0 events):
No events

Nmethod flushes (20 events):
Event: 7.864 Thread 0x0000017577375970 flushing  nmethod 0x000001750070d310
Event: 7.864 Thread 0x0000017577375970 flushing  nmethod 0x0000017500712e90
Event: 7.864 Thread 0x0000017577375970 flushing  nmethod 0x000001750071e790
Event: 7.864 Thread 0x0000017577375970 flushing  nmethod 0x000001750078db90
Event: 7.864 Thread 0x0000017577375970 flushing  nmethod 0x000001750079af10
Event: 7.864 Thread 0x0000017577375970 flushing  nmethod 0x00000175007ba010
Event: 7.864 Thread 0x0000017577375970 flushing  nmethod 0x00000175007bb090
Event: 7.864 Thread 0x0000017577375970 flushing  nmethod 0x00000175007bb410
Event: 7.864 Thread 0x0000017577375970 flushing  nmethod 0x00000175007bc310
Event: 7.864 Thread 0x0000017577375970 flushing  nmethod 0x00000175007bd010
Event: 7.864 Thread 0x0000017577375970 flushing osr nmethod 0x00000175007ca810
Event: 7.864 Thread 0x0000017577375970 flushing  nmethod 0x00000175007e7a90
Event: 7.864 Thread 0x0000017577375970 flushing  nmethod 0x00000175007fec10
Event: 7.864 Thread 0x0000017577375970 flushing  nmethod 0x00000175007ff210
Event: 7.864 Thread 0x0000017577375970 flushing  nmethod 0x0000017500802a90
Event: 7.864 Thread 0x0000017577375970 flushing  nmethod 0x0000017500803190
Event: 7.864 Thread 0x0000017577375970 flushing  nmethod 0x0000017500803910
Event: 7.864 Thread 0x0000017577375970 flushing  nmethod 0x0000017500804210
Event: 7.864 Thread 0x0000017577375970 flushing  nmethod 0x0000017500807c10
Event: 7.864 Thread 0x0000017577375970 flushing  nmethod 0x0000017500858f10

Events (20 events):
Event: 320.841 Thread 0x000001755ddf92e0 Thread exited: 0x000001755ddf92e0
Event: 320.870 Thread 0x000001755d4f8d30 Thread exited: 0x000001755d4f8d30
Event: 320.927 Thread 0x000001755ddf5140 Thread exited: 0x000001755ddf5140
Event: 320.936 Thread 0x000001755ddf3070 Thread exited: 0x000001755ddf3070
Event: 321.063 Thread 0x000001755d4f86a0 Thread exited: 0x000001755d4f86a0
Event: 323.619 Thread 0x0000017558932330 Thread exited: 0x0000017558932330
Event: 363.595 Thread 0x0000017551675340 Thread exited: 0x0000017551675340
Event: 380.927 Thread 0x000001755181be00 Thread exited: 0x000001755181be00
Event: 383.619 Thread 0x0000017558930260 Thread exited: 0x0000017558930260
Event: 440.927 Thread 0x00000175518196a0 Thread exited: 0x00000175518196a0
Event: 443.619 Thread 0x0000017551815b90 Thread exited: 0x0000017551815b90
Event: 500.928 Thread 0x000001755181c490 Thread exited: 0x000001755181c490
Event: 503.620 Thread 0x0000017551816f40 Thread exited: 0x0000017551816f40
Event: 560.929 Thread 0x000001755181b770 Thread exited: 0x000001755181b770
Event: 563.620 Thread 0x00000175518168b0 Thread exited: 0x00000175518168b0
Event: 583.531 Thread 0x00000175647ca860 Thread added: 0x00000175647c9b40
Event: 583.541 Thread 0x0000017550166690 Thread added: 0x00000175579e7170
Event: 583.548 Thread 0x0000017550166690 Thread added: 0x00000175579e7840
Event: 583.669 Thread 0x00000175647ca860 Thread added: 0x00000175647c94b0
Event: 585.197 Thread 0x00000175516759d0 Thread added: 0x00000175647caef0


Dynamic libraries:
0x00007ff759420000 - 0x00007ff75942e000 	c:\Users\HP\.antigravity\extensions\redhat.java-1.54.0-win32-x64\jre\21.0.10-win32-x86_64\bin\java.exe
0x00007fff50f80000 - 0x00007fff511e7000 	C:\WINDOWS\SYSTEM32\ntdll.dll
0x00007fff0d4c0000 - 0x00007fff0d4e1000 	C:\Program Files\Avast Software\Avast\aswhook.dll
0x00007fff4f770000 - 0x00007fff4f839000 	C:\WINDOWS\System32\KERNEL32.DLL
0x00007fff4df00000 - 0x00007fff4e2f4000 	C:\WINDOWS\System32\KERNELBASE.dll
0x00007fff4da90000 - 0x00007fff4dbdb000 	C:\WINDOWS\System32\ucrtbase.dll
0x00007fff484d0000 - 0x00007fff484e8000 	c:\Users\HP\.antigravity\extensions\redhat.java-1.54.0-win32-x64\jre\21.0.10-win32-x86_64\bin\jli.dll
0x00007fff504a0000 - 0x00007fff50665000 	C:\WINDOWS\System32\USER32.dll
0x00007fff484b0000 - 0x00007fff484ce000 	c:\Users\HP\.antigravity\extensions\redhat.java-1.54.0-win32-x64\jre\21.0.10-win32-x86_64\bin\VCRUNTIME140.dll
0x00007fff4dd50000 - 0x00007fff4dd77000 	C:\WINDOWS\System32\win32u.dll
0x00007fff50c00000 - 0x00007fff50c2b000 	C:\WINDOWS\System32\GDI32.dll
0x00007fff20240000 - 0x00007fff204d3000 	C:\WINDOWS\WinSxS\amd64_microsoft.windows.common-controls_6595b64144ccf1df_6.0.26100.8115_none_3e075c82e3354f9c\COMCTL32.dll
0x00007fff4d8b0000 - 0x00007fff4d9db000 	C:\WINDOWS\System32\gdi32full.dll
0x00007fff50a90000 - 0x00007fff50b39000 	C:\WINDOWS\System32\msvcrt.dll
0x00007fff4d9e0000 - 0x00007fff4da83000 	C:\WINDOWS\System32\msvcp_win.dll
0x00007fff50ed0000 - 0x00007fff50f02000 	C:\WINDOWS\System32\IMM32.DLL
0x00007fff48d00000 - 0x00007fff48d0c000 	c:\Users\HP\.antigravity\extensions\redhat.java-1.54.0-win32-x64\jre\21.0.10-win32-x86_64\bin\vcruntime140_1.dll
0x00007fff2a890000 - 0x00007fff2a91d000 	c:\Users\HP\.antigravity\extensions\redhat.java-1.54.0-win32-x64\jre\21.0.10-win32-x86_64\bin\msvcp140.dll
0x00007ffea5110000 - 0x00007ffea5eb1000 	c:\Users\HP\.antigravity\extensions\redhat.java-1.54.0-win32-x64\jre\21.0.10-win32-x86_64\bin\server\jvm.dll
0x00007fff500d0000 - 0x00007fff50186000 	C:\WINDOWS\System32\ADVAPI32.dll
0x00007fff4fec0000 - 0x00007fff4ff67000 	C:\WINDOWS\System32\sechost.dll
0x00007fff4f4e0000 - 0x00007fff4f5f8000 	C:\WINDOWS\System32\RPCRT4.dll
0x00007fff50b70000 - 0x00007fff50bf0000 	C:\WINDOWS\System32\WS2_32.dll
0x00007fff4d680000 - 0x00007fff4d6de000 	C:\WINDOWS\SYSTEM32\POWRPROF.dll
0x00007fff485a0000 - 0x00007fff485d6000 	C:\WINDOWS\SYSTEM32\WINMM.dll
0x00007fff3b8c0000 - 0x00007fff3b8cb000 	C:\WINDOWS\SYSTEM32\VERSION.dll
0x00007fff4d660000 - 0x00007fff4d674000 	C:\WINDOWS\SYSTEM32\UMPDC.dll
0x00007fff4c5b0000 - 0x00007fff4c5cb000 	C:\WINDOWS\SYSTEM32\kernel.appcore.dll
0x00007fff484a0000 - 0x00007fff484aa000 	c:\Users\HP\.antigravity\extensions\redhat.java-1.54.0-win32-x64\jre\21.0.10-win32-x86_64\bin\jimage.dll
0x00007fff4b7c0000 - 0x00007fff4ba02000 	C:\WINDOWS\SYSTEM32\DBGHELP.DLL
0x00007fff50700000 - 0x00007fff50a82000 	C:\WINDOWS\System32\combase.dll
0x00007fff50350000 - 0x00007fff50428000 	C:\WINDOWS\System32\OLEAUT32.dll
0x00007fff38e80000 - 0x00007fff38ebb000 	C:\WINDOWS\SYSTEM32\dbgcore.DLL
0x00007fff4e300000 - 0x00007fff4e3a5000 	C:\WINDOWS\System32\bcryptPrimitives.dll
0x00007fff48490000 - 0x00007fff4849f000 	c:\Users\HP\.antigravity\extensions\redhat.java-1.54.0-win32-x64\jre\21.0.10-win32-x86_64\bin\instrument.dll
0x00007fff2a870000 - 0x00007fff2a890000 	c:\Users\HP\.antigravity\extensions\redhat.java-1.54.0-win32-x64\jre\21.0.10-win32-x86_64\bin\java.dll
0x00007fff4ecf0000 - 0x00007fff4f457000 	C:\WINDOWS\System32\SHELL32.dll
0x00007fff4dbe0000 - 0x00007fff4dd4a000 	C:\WINDOWS\System32\wintypes.dll
0x00007fff4e470000 - 0x00007fff4ecd8000 	C:\WINDOWS\System32\windows.storage.dll
0x00007fff50190000 - 0x00007fff50288000 	C:\WINDOWS\System32\SHCORE.dll
0x00007fff50430000 - 0x00007fff50496000 	C:\WINDOWS\System32\shlwapi.dll
0x00007fff4d740000 - 0x00007fff4d769000 	C:\WINDOWS\SYSTEM32\profapi.dll
0x00007fff2a850000 - 0x00007fff2a868000 	c:\Users\HP\.antigravity\extensions\redhat.java-1.54.0-win32-x64\jre\21.0.10-win32-x86_64\bin\zip.dll
0x00007fff3ada0000 - 0x00007fff3adb0000 	C:\Users\HP\.antigravity\extensions\redhat.java-1.54.0-win32-x64\jre\21.0.10-win32-x86_64\bin\net.dll
0x00007fff45110000 - 0x00007fff4523d000 	C:\WINDOWS\SYSTEM32\WINHTTP.dll
0x00007fff4cb20000 - 0x00007fff4cb8c000 	C:\WINDOWS\system32\mswsock.dll
0x00007fff2a830000 - 0x00007fff2a846000 	C:\Users\HP\.antigravity\extensions\redhat.java-1.54.0-win32-x64\jre\21.0.10-win32-x86_64\bin\nio.dll
0x00007fff2c320000 - 0x00007fff2c330000 	c:\Users\HP\.antigravity\extensions\redhat.java-1.54.0-win32-x64\jre\21.0.10-win32-x86_64\bin\verify.dll
0x00007fff2a7e0000 - 0x00007fff2a825000 	C:\Users\HP\AppData\Roaming\Antigravity\User\globalStorage\redhat.java\1.54.0\config_win\org.eclipse.equinox.launcher\org.eclipse.equinox.launcher.win32.win32.x86_64_1.3.0.v20260203-2149\eclipse_11919.dll
0x00007fff4f840000 - 0x00007fff4f9d7000 	C:\WINDOWS\System32\ole32.dll
0x00007fff4ce00000 - 0x00007fff4ce1b000 	C:\WINDOWS\SYSTEM32\CRYPTSP.dll
0x00007fff4c510000 - 0x00007fff4c549000 	C:\WINDOWS\system32\rsaenh.dll
0x00007fff4cbd0000 - 0x00007fff4cc03000 	C:\WINDOWS\SYSTEM32\USERENV.dll
0x00007fff4d710000 - 0x00007fff4d73a000 	C:\WINDOWS\SYSTEM32\bcrypt.dll
0x00007fff4ce20000 - 0x00007fff4ce2c000 	C:\WINDOWS\SYSTEM32\CRYPTBASE.dll
0x00007fff4bf60000 - 0x00007fff4bf92000 	C:\WINDOWS\SYSTEM32\IPHLPAPI.DLL
0x00007fff4f760000 - 0x00007fff4f76a000 	C:\WINDOWS\System32\NSI.dll
0x00007fff2a790000 - 0x00007fff2a7d9000 	C:\Users\HP\AppData\Local\Temp\jna-2312\jna5006198519574574757.dll
0x00007fff50b40000 - 0x00007fff50b48000 	C:\WINDOWS\System32\PSAPI.DLL
0x00007fff46a50000 - 0x00007fff46a6d000 	C:\WINDOWS\SYSTEM32\dhcpcsvc6.DLL
0x00007fff46930000 - 0x00007fff46955000 	C:\WINDOWS\SYSTEM32\dhcpcsvc.DLL
0x00007fff2a760000 - 0x00007fff2a787000 	C:\Users\HP\.gradle\native\1def1411415f61bf3af743bc5b6707747c0891f09f0c88961ee8f79bc544acac\windows-amd64\native-platform.dll
0x00007fff2a750000 - 0x00007fff2a75a000 	C:\Users\HP\.antigravity\extensions\redhat.java-1.54.0-win32-x64\jre\21.0.10-win32-x86_64\bin\management.dll
0x00007fff2a300000 - 0x00007fff2a30c000 	C:\Users\HP\.antigravity\extensions\redhat.java-1.54.0-win32-x64\jre\21.0.10-win32-x86_64\bin\management_ext.dll
0x00007fff2a2f0000 - 0x00007fff2a2f9000 	C:\Users\HP\.antigravity\extensions\redhat.java-1.54.0-win32-x64\jre\21.0.10-win32-x86_64\bin\extnet.dll
0x00007fff2a2e0000 - 0x00007fff2a2ee000 	C:\Users\HP\.antigravity\extensions\redhat.java-1.54.0-win32-x64\jre\21.0.10-win32-x86_64\bin\sunmscapi.dll
0x00007fff4dd80000 - 0x00007fff4def7000 	C:\WINDOWS\System32\CRYPT32.dll
0x00007fff4d020000 - 0x00007fff4d050000 	C:\WINDOWS\SYSTEM32\ncrypt.dll
0x00007fff4cfd0000 - 0x00007fff4d00f000 	C:\WINDOWS\SYSTEM32\NTASN1.dll
0x00007fff0ef00000 - 0x00007fff0ef08000 	C:\WINDOWS\system32\wshunix.dll
0x00007fff4c6d0000 - 0x00007fff4c706000 	C:\WINDOWS\SYSTEM32\ntmarta.dll

JVMTI agents:
c:\Users\HP\.antigravity\extensions\redhat.java-1.54.0-win32-x64\lombok\lombok-1.18.39-4050.jar path:c:\Users\HP\.antigravity\extensions\redhat.java-1.54.0-win32-x64\jre\21.0.10-win32-x86_64\bin\instrument.dll, loaded, initialized, instrumentlib options:none

dbghelp: loaded successfully - version: 4.0.5 - missing functions: none
symbol engine: initialized successfully - sym options: 0x614 - pdb path: .;c:\Users\HP\.antigravity\extensions\redhat.java-1.54.0-win32-x64\jre\21.0.10-win32-x86_64\bin;C:\WINDOWS\SYSTEM32;C:\Program Files\Avast Software\Avast;C:\WINDOWS\WinSxS\amd64_microsoft.windows.common-controls_6595b64144ccf1df_6.0.26100.8115_none_3e075c82e3354f9c;c:\Users\HP\.antigravity\extensions\redhat.java-1.54.0-win32-x64\jre\21.0.10-win32-x86_64\bin\server;C:\Users\HP\AppData\Roaming\Antigravity\User\globalStorage\redhat.java\1.54.0\config_win\org.eclipse.equinox.launcher\org.eclipse.equinox.launcher.win32.win32.x86_64_1.3.0.v20260203-2149;C:\Users\HP\AppData\Local\Temp\jna-2312;C:\Users\HP\.gradle\native\1def1411415f61bf3af743bc5b6707747c0891f09f0c88961ee8f79bc544acac\windows-amd64

VM Arguments:
jvm_args: --add-modules=ALL-SYSTEM --add-opens=java.base/java.util=ALL-UNNAMED --add-opens=java.base/java.lang=ALL-UNNAMED --add-opens=java.base/sun.nio.fs=ALL-UNNAMED -Declipse.application=org.eclipse.jdt.ls.core.id1 -Dosgi.bundles.defaultStartLevel=4 -Declipse.product=org.eclipse.jdt.ls.core.product -Djava.import.generatesMetadataFilesAtProjectRoot=false -DDetectVMInstallationsJob.disabled=true -Dfile.encoding=utf8 -XX:+UseParallelGC -XX:GCTimeRatio=4 -XX:AdaptiveSizePolicyWeight=90 -Dsun.zip.disableMemoryMapping=true -Xmx2G -Xms100m -Xlog:disable -javaagent:c:\Users\HP\.antigravity\extensions\redhat.java-1.54.0-win32-x64\lombok\lombok-1.18.39-4050.jar -XX:+HeapDumpOnOutOfMemoryError -XX:HeapDumpPath=c:\Users\HP\AppData\Roaming\Antigravity\User\workspaceStorage\bb6f58697517b49f76eb8e851445a514\redhat.java -Daether.dependencyCollector.impl=bf 
java_command: c:\Users\HP\.antigravity\extensions\redhat.java-1.54.0-win32-x64\server\plugins\org.eclipse.equinox.launcher_1.7.100.v20251111-0406.jar -configuration c:\Users\HP\AppData\Roaming\Antigravity\User\globalStorage\redhat.java\1.54.0\config_win -data c:\Users\HP\AppData\Roaming\Antigravity\User\workspaceStorage\bb6f58697517b49f76eb8e851445a514\redhat.java\jdt_ws --pipe=\\.\pipe\lsp-55bc3568f9a4240519c85780ac2018ee-sock
java_class_path (initial): c:\Users\HP\.antigravity\extensions\redhat.java-1.54.0-win32-x64\server\plugins\org.eclipse.equinox.launcher_1.7.100.v20251111-0406.jar
Launcher Type: SUN_STANDARD

[Global flags]
    uintx AdaptiveSizePolicyWeight                 = 90                                        {product} {command line}
     intx CICompilerCount                          = 4                                         {product} {ergonomic}
    uintx GCTimeRatio                              = 4                                         {product} {command line}
     bool HeapDumpOnOutOfMemoryError               = true                                   {manageable} {command line}
    ccstr HeapDumpPath                             = c:\Users\HP\AppData\Roaming\Antigravity\User\workspaceStorage\bb6f58697517b49f76eb8e851445a514\redhat.java         {manageable} {command line}
   size_t InitialHeapSize                          = 104857600                                 {product} {command line}
   size_t MaxHeapSize                              = 2147483648                                {product} {command line}
   size_t MaxNewSize                               = 715653120                                 {product} {ergonomic}
   size_t MinHeapDeltaBytes                        = 524288                                    {product} {ergonomic}
   size_t MinHeapSize                              = 104857600                                 {product} {command line}
   size_t NewSize                                  = 34603008                                  {product} {ergonomic}
    uintx NonNMethodCodeHeapSize                   = 5839372                                {pd product} {ergonomic}
    uintx NonProfiledCodeHeapSize                  = 122909434                              {pd product} {ergonomic}
   size_t OldSize                                  = 70254592                                  {product} {ergonomic}
    uintx ProfiledCodeHeapSize                     = 122909434                              {pd product} {ergonomic}
    uintx ReservedCodeCacheSize                    = 251658240                              {pd product} {ergonomic}
     bool SegmentedCodeCache                       = true                                      {product} {ergonomic}
   size_t SoftMaxHeapSize                          = 2147483648                             {manageable} {ergonomic}
     bool UseCompressedOops                        = true                           {product lp64_product} {ergonomic}
     bool UseLargePagesIndividualAllocation        = false                                  {pd product} {ergonomic}
     bool UseParallelGC                            = true                                      {product} {command line}

Logging:
Log output configuration:
 #0: stdout all=off uptime,level,tags foldmultilines=false
 #1: stderr all=off uptime,level,tags foldmultilines=false

Release file:
JAVA_VERSION="21.0.10" 
MODULES="java.base java.compiler java.datatransfer java.xml java.prefs java.desktop java.instrument java.logging java.management java.security.sasl java.naming java.rmi java.management.rmi java.net.http java.scripting java.security.jgss java.transaction.xa java.sql java.sql.rowset java.xml.crypto java.se java.smartcardio jdk.accessibility jdk.internal.jvmstat jdk.attach jdk.charsets jdk.internal.opt jdk.zipfs jdk.compiler jdk.crypto.ec jdk.crypto.cryptoki jdk.crypto.mscapi jdk.dynalink jdk.internal.ed jdk.editpad jdk.hotspot.agent jdk.httpserver jdk.internal.le jdk.internal.vm.ci jdk.internal.vm.compiler jdk.internal.vm.compiler.management jdk.jartool jdk.javadoc jdk.jcmd jdk.management jdk.management.agent jdk.jconsole jdk.jdeps jdk.jdwp.agent jdk.jdi jdk.jfr jdk.jshell jdk.jsobject jdk.jstatd jdk.localedata jdk.management.jfr jdk.naming.dns jdk.naming.rmi jdk.net jdk.nio.mapmode jdk.random jdk.sctp jdk.security.auth jdk.security.jgss jdk.unsupported jdk.unsupported.desktop jdk.xml.dom" 

Environment Variables:
JAVA_HOME=C:\Program Files\Java\jdk-25
PATH=C:\Program Files\Common Files\Oracle\Java\javapath;C:\Program Files (x86)\Common Files\Oracle\Java\java8path;C:\Program Files (x86)\Common Files\Oracle\Java\javapath;C:\ORC\ORACLEE\bin;C:\app\HP\product\21c\dbhomeXE\bin;E:\oracle21\ORACL\bin;C:\Dossier_Oracle21c\Oracle21c\bin;C:\WINDOWS\system32;C:\WINDOWS;C:\WINDOWS\System32\Wbem;C:\WINDOWS\System32\WindowsPowerShell\v1.0\;C:\WINDOWS\System32\OpenSSH\;C:\appliiiiiii\flutter_windows_3.35.7-stable.zip\flutter\bin;C:\Program Files\Docker\Docker\resources\bin;C:\Program Files\Git\cmd;C:\Program Files\nodejs\;C:\Program Files\Apache\maven\bin;C:\Program Files\MySQL\MySQL Shell 8.0\bin\;C:\Users\HP\AppData\Local\Programs\Python\Python313\Scripts\;C:\Users\HP\AppData\Local\Programs\Python\Python313\;C:\Users\HP\AppData\Local\Programs\Python\Launcher\;C:\Users\HP\AppData\Local\Microsoft\WindowsApps;C:\Users\HP\AppData\Local\Programs\Microsoft VS Code\bin;C:\Users\HP\AppData\Local\Python\bin;C:\Users\HP\AppData\Roaming\npm;C:\Program Files\Java\jdk-25\bin;C:\Maven\apache-maven-3.9.15\bin;D:\Nouveau dossier\Antigravity\bin
USERNAME=HP
OS=Windows_NT
PROCESSOR_IDENTIFIER=Intel64 Family 6 Model 186 Stepping 3, GenuineIntel
TMP=C:\Users\HP\AppData\Local\Temp
TEMP=C:\Users\HP\AppData\Local\Temp




Periodic native trim disabled

---------------  S Y S T E M  ---------------

OS:
 Windows 11 , 64 bit Build 26100 (10.0.26100.8246)
OS uptime: 0 days 0:44 hours
Hyper-V role detected

CPU: total 12 (initial active 12) (6 cores per cpu, 2 threads per core) family 6 model 186 stepping 3 microcode 0x4121, cx8, cmov, fxsr, ht, mmx, 3dnowpref, sse, sse2, sse3, ssse3, sse4.1, sse4.2, popcnt, lzcnt, tsc, tscinvbit, avx, avx2, aes, erms, clmul, bmi1, bmi2, adx, sha, fma, vzeroupper, clflush, clflushopt, clwb, hv, serialize, rdtscp, rdpid, fsrm, f16c, cet_ibt, cet_ss
Processor Information for processor 0
  Max Mhz: 1300, Current Mhz: 1300, Mhz Limit: 1300
Processor Information for processor 1
  Max Mhz: 1300, Current Mhz: 1300, Mhz Limit: 1300
Processor Information for processor 2
  Max Mhz: 1300, Current Mhz: 1300, Mhz Limit: 1300
Processor Information for processor 3
  Max Mhz: 1300, Current Mhz: 1300, Mhz Limit: 1300
Processor Information for processor 4
  Max Mhz: 1300, Current Mhz: 900, Mhz Limit: 897
Processor Information for processor 5
  Max Mhz: 1300, Current Mhz: 900, Mhz Limit: 897
Processor Information for processor 6
  Max Mhz: 1300, Current Mhz: 900, Mhz Limit: 897
Processor Information for processor 7
  Max Mhz: 1300, Current Mhz: 900, Mhz Limit: 897
Processor Information for processor 8
  Max Mhz: 1300, Current Mhz: 900, Mhz Limit: 897
Processor Information for processor 9
  Max Mhz: 1300, Current Mhz: 900, Mhz Limit: 897
Processor Information for processor 10
  Max Mhz: 1300, Current Mhz: 900, Mhz Limit: 897
Processor Information for processor 11
  Max Mhz: 1300, Current Mhz: 900, Mhz Limit: 897

Memory: 4k page, system-wide physical 7835M (1158M free)
TotalPageFile size 13835M (AvailPageFile size 84M)
current process WorkingSet (physical memory assigned to process): 179M, peak: 414M
current process commit charge ("private bytes"): 1726M, peak: 1731M

vm_info: OpenJDK 64-Bit Server VM (21.0.10+7-LTS) for windows-amd64 JRE (21.0.10+7-LTS), built on 2026-01-20T00:00:00Z by "admin" with MS VC++ 17.12 (VS2022)

END.
