#
# There is insufficient memory for the Java Runtime Environment to continue.
# Native memory allocation (malloc) failed to allocate 32752 bytes. Error detail: Chunk::new
# Possible reasons:
#   The system is out of physical RAM or swap space
#   This process is running with CompressedOops enabled, and the Java Heap may be blocking the growth of the native heap
# Possible solutions:
#   Reduce memory load on the system
#   Increase physical memory or swap space
#   Check if swap backing store is full
#   Decrease Java heap size (-Xmx/-Xms)
#   Decrease number of Java threads
#   Decrease Java thread stack sizes (-Xss)
#   Set larger code cache with -XX:ReservedCodeCacheSize=
#   JVM is running with Unscaled Compressed Oops mode in which the Java heap is
#     placed in the first 4GB address space. The Java Heap base address is the
#     maximum limit for the native heap growth. Please use -XX:HeapBaseMinAddress
#     to set the Java Heap base and to place the Java Heap above 4GB virtual address.
# This output file may be truncated or incomplete.
#
#  Out of Memory Error (arena.cpp:186), pid=25408, tid=24592
#
# JRE version: Java(TM) SE Runtime Environment (25.0+37) (build 25+37-LTS-3491)
# Java VM: Java HotSpot(TM) 64-Bit Server VM (25+37-LTS-3491, mixed mode, emulated-client, sharing, tiered, compressed oops, compressed class ptrs, g1 gc, windows-amd64)
# No core dump will be written. Minidumps are not enabled by default on client versions of Windows
#

---------------  S U M M A R Y ------------

Command Line: -XX:TieredStopAtLevel=1 com.buslocator.backend.BackendApplication

Host: 13th Gen Intel(R) Core(TM) i5-1335U, 12 cores, 7G,  Windows 11 , 64 bit Build 26100 (10.0.26100.8246)
Time: Wed Apr 29 22:44:16 2026 Greenwich elapsed time: 23.962012 seconds (0d 0h 0m 23s)

---------------  T H R E A D  ---------------

Current thread (0x000002ae6ec7c580):  JavaThread "C1 CompilerThread0" daemon [_thread_in_native, id=24592, stack(0x000000cad6200000,0x000000cad6300000) (1024K)]


Current CompileTask:
C1:23962 7242       1       com.mysql.cj.QueryInfo::<init> (1667 bytes)

Stack: [0x000000cad6200000,0x000000cad6300000]
Native frames: (J=compiled Java code, j=interpreted, Vv=VM code, C=native code)
V  [jvm.dll+0x7a6a39]  (no source info available)
V  [jvm.dll+0x7727ed]  (no source info available)
V  [jvm.dll+0x965f33]  (no source info available)
V  [jvm.dll+0x968531]  (no source info available)
V  [jvm.dll+0x968c33]  (no source info available)
V  [jvm.dll+0x2fc756]  (no source info available)
V  [jvm.dll+0x111b26]  (no source info available)
V  [jvm.dll+0x111e4e]  (no source info available)
V  [jvm.dll+0x2fea2c]  (no source info available)
V  [jvm.dll+0x1d4b29]  (no source info available)
V  [jvm.dll+0x1dab27]  (no source info available)
V  [jvm.dll+0x1bc968]  (no source info available)
V  [jvm.dll+0x1dbc32]  (no source info available)
V  [jvm.dll+0x1bebb5]  (no source info available)
V  [jvm.dll+0x1be629]  (no source info available)
V  [jvm.dll+0x1be84e]  (no source info available)
V  [jvm.dll+0x1bdb91]  (no source info available)
V  [jvm.dll+0x1bfa0d]  (no source info available)
V  [jvm.dll+0x2cfb56]  (no source info available)
V  [jvm.dll+0x2cddd5]  (no source info available)
V  [jvm.dll+0x48e671]  (no source info available)
V  [jvm.dll+0x90681d]  (no source info available)
V  [jvm.dll+0x7a5015]  (no source info available)
C  [ucrtbase.dll+0x37b0]  (no source info available)
C  [KERNEL32.DLL+0x2e8d7]  (no source info available)
C  [ntdll.dll+0x8c3fc]  (no source info available)

Lock stack of current Java thread (top to bottom):


---------------  P R O C E S S  ---------------

Threads class SMR info:
_java_thread_list=0x000002ae0647a050, length=31, elements={
0x000002ae7f8f8820, 0x000002ae7f8fa140, 0x000002ae7f8fb9a0, 0x000002ae7f8fdf90,
0x000002ae7f8ff030, 0x000002ae7f8ffbf0, 0x000002ae6ec7c580, 0x000002ae7f96ddc0,
0x000002ae7fbbce50, 0x000002ae6ec7ad50, 0x000002ae052b22f0, 0x000002ae052b2ab0,
0x000002ae053037a0, 0x000002ae0530cef0, 0x000002ae054096a0, 0x000002ae053d74c0,
0x000002ae053d7c90, 0x000002ae053d6cf0, 0x000002ae053d6520, 0x000002ae053dbb10,
0x000002ae053da3a0, 0x000002ae053dab70, 0x000002ae053db340, 0x000002ae049b4b30,
0x000002ae06628e30, 0x000002ae06637ba0, 0x000002ae066344f0, 0x000002ae06636c00,
0x000002ae06638370, 0x000002ae05de6210, 0x000002ae05de5a00
}

Java Threads: ( => current thread )
  0x000002ae7f8f8820 JavaThread "Reference Handler"          daemon [_thread_blocked, id=13472, stack(0x000000cad5c00000,0x000000cad5d00000) (1024K)]
  0x000002ae7f8fa140 JavaThread "Finalizer"                  daemon [_thread_blocked, id=7916, stack(0x000000cad5d00000,0x000000cad5e00000) (1024K)]
  0x000002ae7f8fb9a0 JavaThread "Signal Dispatcher"          daemon [_thread_blocked, id=9740, stack(0x000000cad5e00000,0x000000cad5f00000) (1024K)]
  0x000002ae7f8fdf90 JavaThread "Attach Listener"            daemon [_thread_blocked, id=3104, stack(0x000000cad5f00000,0x000000cad6000000) (1024K)]
  0x000002ae7f8ff030 JavaThread "Service Thread"             daemon [_thread_blocked, id=25308, stack(0x000000cad6000000,0x000000cad6100000) (1024K)]
  0x000002ae7f8ffbf0 JavaThread "Monitor Deflation Thread"   daemon [_thread_blocked, id=848, stack(0x000000cad6100000,0x000000cad6200000) (1024K)]
=>0x000002ae6ec7c580 JavaThread "C1 CompilerThread0"         daemon [_thread_in_native, id=24592, stack(0x000000cad6200000,0x000000cad6300000) (1024K)]
  0x000002ae7f96ddc0 JavaThread "Notification Thread"        daemon [_thread_blocked, id=1148, stack(0x000000cad6300000,0x000000cad6400000) (1024K)]
  0x000002ae7fbbce50 JavaThread "Common-Cleaner"             daemon [_thread_blocked, id=21816, stack(0x000000cad6400000,0x000000cad6500000) (1024K)]
  0x000002ae6ec7ad50 JavaThread "C1 CompilerThread1"         daemon [_thread_blocked, id=23496, stack(0x000000cad6500000,0x000000cad6600000) (1024K)]
  0x000002ae052b22f0 JavaThread "Catalina-utility-1"                [_thread_blocked, id=12700, stack(0x000000cad7300000,0x000000cad7400000) (1024K)]
  0x000002ae052b2ab0 JavaThread "Catalina-utility-2"                [_thread_blocked, id=16236, stack(0x000000cad7400000,0x000000cad7500000) (1024K)]
  0x000002ae053037a0 JavaThread "container-0"                       [_thread_blocked, id=5932, stack(0x000000cad7500000,0x000000cad7600000) (1024K)]
  0x000002ae0530cef0 JavaThread "mysql-cj-abandoned-connection-cleanup" daemon [_thread_blocked, id=16004, stack(0x000000cad7600000,0x000000cad7700000) (1024K)]
  0x000002ae054096a0 JavaThread "HikariPool-1 housekeeper"   daemon [_thread_blocked, id=16736, stack(0x000000cad7800000,0x000000cad7900000) (1024K)]
  0x000002ae053d74c0 JavaThread "http-nio-8080-exec-1"       daemon [_thread_blocked, id=22632, stack(0x000000cad7a00000,0x000000cad7b00000) (1024K)]
  0x000002ae053d7c90 JavaThread "http-nio-8080-exec-2"       daemon [_thread_blocked, id=5388, stack(0x000000cad7b00000,0x000000cad7c00000) (1024K)]
  0x000002ae053d6cf0 JavaThread "http-nio-8080-exec-3"       daemon [_thread_blocked, id=16324, stack(0x000000cad7c00000,0x000000cad7d00000) (1024K)]
  0x000002ae053d6520 JavaThread "http-nio-8080-exec-4"       daemon [_thread_blocked, id=14456, stack(0x000000cad7d00000,0x000000cad7e00000) (1024K)]
  0x000002ae053dbb10 JavaThread "http-nio-8080-exec-5"       daemon [_thread_blocked, id=13168, stack(0x000000cad7e00000,0x000000cad7f00000) (1024K)]
  0x000002ae053da3a0 JavaThread "http-nio-8080-exec-6"       daemon [_thread_blocked, id=15212, stack(0x000000cad7f00000,0x000000cad8000000) (1024K)]
  0x000002ae053dab70 JavaThread "http-nio-8080-exec-7"       daemon [_thread_blocked, id=15408, stack(0x000000cad8000000,0x000000cad8100000) (1024K)]
  0x000002ae053db340 JavaThread "http-nio-8080-exec-8"       daemon [_thread_blocked, id=20824, stack(0x000000cad8100000,0x000000cad8200000) (1024K)]
  0x000002ae049b4b30 JavaThread "http-nio-8080-exec-9"       daemon [_thread_blocked, id=25516, stack(0x000000cad8200000,0x000000cad8300000) (1024K)]
  0x000002ae06628e30 JavaThread "http-nio-8080-exec-10"      daemon [_thread_blocked, id=21184, stack(0x000000cad8300000,0x000000cad8400000) (1024K)]
  0x000002ae06637ba0 JavaThread "http-nio-8080-Poller"       daemon [_thread_in_native, id=24888, stack(0x000000cad8400000,0x000000cad8500000) (1024K)]
  0x000002ae066344f0 JavaThread "http-nio-8080-Acceptor"     daemon [_thread_in_native, id=22356, stack(0x000000cad8500000,0x000000cad8600000) (1024K)]
  0x000002ae06636c00 JavaThread "scheduling-1"                      [_thread_blocked, id=13200, stack(0x000000cad8600000,0x000000cad8700000) (1024K)]
  0x000002ae06638370 JavaThread "DestroyJavaVM"                     [_thread_blocked, id=1716, stack(0x000000cad5400000,0x000000cad5500000) (1024K)]
  0x000002ae05de6210 JavaThread "C1 CompilerThread2"         daemon [_thread_blocked, id=24816, stack(0x000000cad6600000,0x000000cad6700000) (1024K)]
  0x000002ae05de5a00 JavaThread "C1 CompilerThread3"         daemon [_thread_blocked, id=12628, stack(0x000000cad6700000,0x000000cad6800000) (1024K)]
Total: 31

Other Threads:
  0x000002ae7f8e3a40 VMThread "VM Thread"                           [id=18056, stack(0x000000cad5b00000,0x000000cad5c00000) (1024K)]
  0x000002ae7f8cdae0 WatcherThread "VM Periodic Task Thread"        [id=16436, stack(0x000000cad5a00000,0x000000cad5b00000) (1024K)]
  0x000002ae6ecc85d0 WorkerThread "GC Thread#0"                     [id=17340, stack(0x000000cad5500000,0x000000cad5600000) (1024K)]
  0x000002ae04645db0 WorkerThread "GC Thread#1"                     [id=6524, stack(0x000000cad6900000,0x000000cad6a00000) (1024K)]
  0x000002ae04643290 WorkerThread "GC Thread#2"                     [id=17732, stack(0x000000cad6a00000,0x000000cad6b00000) (1024K)]
  0x000002ae046450c0 WorkerThread "GC Thread#3"                     [id=11920, stack(0x000000cad6b00000,0x000000cad6c00000) (1024K)]
  0x000002ae04645960 WorkerThread "GC Thread#4"                     [id=15128, stack(0x000000cad6c00000,0x000000cad6d00000) (1024K)]
  0x000002ae04645510 WorkerThread "GC Thread#5"                     [id=5692, stack(0x000000cad6d00000,0x000000cad6e00000) (1024K)]
  0x000002ae04643b30 WorkerThread "GC Thread#6"                     [id=13984, stack(0x000000cad6800000,0x000000cad6900000) (1024K)]
  0x000002ae04643f80 WorkerThread "GC Thread#7"                     [id=22380, stack(0x000000cad6e00000,0x000000cad6f00000) (1024K)]
  0x000002ae0500c0a0 WorkerThread "GC Thread#8"                     [id=21636, stack(0x000000cad6f00000,0x000000cad7000000) (1024K)]
  0x000002ae05009580 WorkerThread "GC Thread#9"                     [id=20872, stack(0x000000cad7000000,0x000000cad7100000) (1024K)]
  0x000002ae6ece4a10 ConcurrentGCThread "G1 Main Marker"            [id=6692, stack(0x000000cad5600000,0x000000cad5700000) (1024K)]
  0x000002ae6ece5bc0 WorkerThread "G1 Conc#0"                       [id=25584, stack(0x000000cad5700000,0x000000cad5800000) (1024K)]
  0x000002ae050099d0 WorkerThread "G1 Conc#1"                       [id=13380, stack(0x000000cad7100000,0x000000cad7200000) (1024K)]
  0x000002ae05009e20 WorkerThread "G1 Conc#2"                       [id=24528, stack(0x000000cad7200000,0x000000cad7300000) (1024K)]
  0x000002ae7f7961c0 ConcurrentGCThread "G1 Refine#0"               [id=22064, stack(0x000000cad5800000,0x000000cad5900000) (1024K)]
  0x000002ae7f796a80 ConcurrentGCThread "G1 Service"                [id=24612, stack(0x000000cad5900000,0x000000cad5a00000) (1024K)]
Total: 18

Threads with active compile tasks:
C1 CompilerThread0  30100 7242       1       com.mysql.cj.QueryInfo::<init> (1667 bytes)
Total: 1

VM state: not at safepoint (normal execution)

VM Mutex/Monitor currently owned by a thread: None

Heap address: 0x0000000085800000, size: 1960 MB, Compressed Oops mode: 32-bit

CDS archive(s) mapped at: [0x0000000007000000-0x0000000007dd0000-0x0000000007dd0000), size 14483456, SharedBaseAddress: 0x0000000007000000, ArchiveRelocationMode: 1.
Compressed class space mapped at: 0x0000000008000000-0x0000000048000000, reserved size: 1073741824
UseCompressedClassPointers 1, UseCompactObjectHeaders 0
Narrow klass pointer bits 32, Max shift 3
Narrow klass base: 0x0000000007000000, Narrow klass shift: 0
Encoding Range: [0x0000000007000000 - 0x0000000107000000), (4294967296 bytes)
Klass Range:    [0x0000000007010000 - 0x0000000048000000), (1090453504 bytes)
Klass ID Range:  [65536 - 1090519033) (1090453497)
Protection zone: [0x0000000007000000 - 0x0000000007010000), (65536 bytes)

GC Precious Log:
 CardTable entry size: 512
 Card Set container configuration: InlinePtr #cards 5 size 8 Array Of Cards #cards 10 size 36 Howl #buckets 4 coarsen threshold 1843 Howl Bitmap #cards 512 size 80 coarsen threshold 460 Card regions per heap region 1 cards per card region 2048
 CPUs: 12 total, 12 available
 Memory: 7835M
 Large Page Support: Disabled
 NUMA Support: Disabled
 Compressed Oops: Enabled (32-bit)
 Heap Region Size: 1M
 Heap Min Capacity: 8M
 Heap Initial Capacity: 124M
 Heap Max Capacity: 1960M
 Pre-touch: Disabled
 Parallel Workers: 10
 Concurrent Workers: 3
 Concurrent Refinement Workers: 10
 Periodic GC: Disabled

Heap:
 garbage-first heap   total reserved 2007040K, committed 188416K, used 51105K [0x0000000085800000, 0x0000000100000000)
  region size 1024K, 19 young (19456K), 6 survivors (6144K)

Heap Regions: E=young(eden), S=young(survivor), O=old, HS=humongous(starts), HC=humongous(continues), CS=collection set, F=free, TAMS=top-at-mark-start, PB=parsable bottom
|   0|0x0000000085800000, 0x0000000085900000, 0x0000000085900000|100%|HS|  |TAMS 0x0000000085800000| PB 0x0000000085800000| Complete |  0
|   1|0x0000000085900000, 0x0000000085a00000, 0x0000000085a00000|100%|HS|  |TAMS 0x0000000085900000| PB 0x0000000085900000| Complete |  0
|   2|0x0000000085a00000, 0x0000000085b00000, 0x0000000085b00000|100%| O|  |TAMS 0x0000000085a00000| PB 0x0000000085a00000| Untracked |  0
|   3|0x0000000085b00000, 0x0000000085c00000, 0x0000000085c00000|100%| O|  |TAMS 0x0000000085b00000| PB 0x0000000085b00000| Untracked |  0
|   4|0x0000000085c00000, 0x0000000085d00000, 0x0000000085d00000|100%| O|  |TAMS 0x0000000085c00000| PB 0x0000000085c00000| Untracked |  0
|   5|0x0000000085d00000, 0x0000000085e00000, 0x0000000085e00000|100%| O|  |TAMS 0x0000000085d00000| PB 0x0000000085d00000| Untracked |  0
|   6|0x0000000085e00000, 0x0000000085f00000, 0x0000000085f00000|100%| O|  |TAMS 0x0000000085e00000| PB 0x0000000085e00000| Untracked |  0
|   7|0x0000000085f00000, 0x0000000086000000, 0x0000000086000000|100%| O|  |TAMS 0x0000000085f00000| PB 0x0000000085f00000| Untracked |  0
|   8|0x0000000086000000, 0x0000000086100000, 0x0000000086100000|100%| O|  |TAMS 0x0000000086000000| PB 0x0000000086000000| Untracked |  0
|   9|0x0000000086100000, 0x0000000086200000, 0x0000000086200000|100%| O|  |TAMS 0x0000000086100000| PB 0x0000000086100000| Untracked |  0
|  10|0x0000000086200000, 0x0000000086300000, 0x0000000086300000|100%| O|  |TAMS 0x0000000086200000| PB 0x0000000086200000| Untracked |  0
|  11|0x0000000086300000, 0x0000000086400000, 0x0000000086400000|100%| O|  |TAMS 0x0000000086300000| PB 0x0000000086300000| Untracked |  0
|  12|0x0000000086400000, 0x0000000086500000, 0x0000000086500000|100%| O|  |TAMS 0x0000000086400000| PB 0x0000000086400000| Untracked |  0
|  13|0x0000000086500000, 0x0000000086600000, 0x0000000086600000|100%| O|  |TAMS 0x0000000086500000| PB 0x0000000086500000| Untracked |  0
|  14|0x0000000086600000, 0x0000000086700000, 0x0000000086700000|100%| O|  |TAMS 0x0000000086600000| PB 0x0000000086600000| Untracked |  0
|  15|0x0000000086700000, 0x0000000086800000, 0x0000000086800000|100%| O|  |TAMS 0x0000000086700000| PB 0x0000000086700000| Untracked |  0
|  16|0x0000000086800000, 0x0000000086900000, 0x0000000086900000|100%| O|  |TAMS 0x0000000086800000| PB 0x0000000086800000| Untracked |  0
|  17|0x0000000086900000, 0x0000000086a00000, 0x0000000086a00000|100%| O|  |TAMS 0x0000000086900000| PB 0x0000000086900000| Untracked |  0
|  18|0x0000000086a00000, 0x0000000086b00000, 0x0000000086b00000|100%| O|  |TAMS 0x0000000086a00000| PB 0x0000000086a00000| Untracked |  0
|  19|0x0000000086b00000, 0x0000000086c00000, 0x0000000086c00000|100%| O|  |TAMS 0x0000000086b00000| PB 0x0000000086b00000| Untracked |  0
|  20|0x0000000086c00000, 0x0000000086d00000, 0x0000000086d00000|100%| O|  |TAMS 0x0000000086c00000| PB 0x0000000086c00000| Untracked |  0
|  21|0x0000000086d00000, 0x0000000086e00000, 0x0000000086e00000|100%| O|  |TAMS 0x0000000086d00000| PB 0x0000000086d00000| Untracked |  0
|  22|0x0000000086e00000, 0x0000000086f00000, 0x0000000086f00000|100%| O|  |TAMS 0x0000000086e00000| PB 0x0000000086e00000| Untracked |  0
|  23|0x0000000086f00000, 0x0000000087000000, 0x0000000087000000|100%| O|  |TAMS 0x0000000086f00000| PB 0x0000000086f00000| Untracked |  0
|  24|0x0000000087000000, 0x0000000087100000, 0x0000000087100000|100%| O|  |TAMS 0x0000000087000000| PB 0x0000000087000000| Untracked |  0
|  25|0x0000000087100000, 0x0000000087200000, 0x0000000087200000|100%| O|  |TAMS 0x0000000087100000| PB 0x0000000087100000| Untracked |  0
|  26|0x0000000087200000, 0x0000000087300000, 0x0000000087300000|100%| O|  |TAMS 0x0000000087200000| PB 0x0000000087200000| Untracked |  0
|  27|0x0000000087300000, 0x0000000087400000, 0x0000000087400000|100%| O|  |TAMS 0x0000000087300000| PB 0x0000000087300000| Untracked |  0
|  28|0x0000000087400000, 0x0000000087400000, 0x0000000087500000|  0%| F|  |TAMS 0x0000000087400000| PB 0x0000000087400000| Untracked |  0
|  29|0x0000000087500000, 0x00000000875c9948, 0x0000000087600000| 78%| O|  |TAMS 0x0000000087500000| PB 0x0000000087500000| Untracked |  0
|  30|0x0000000087600000, 0x0000000087600000, 0x0000000087700000|  0%| F|  |TAMS 0x0000000087600000| PB 0x0000000087600000| Untracked |  0
|  31|0x0000000087700000, 0x0000000087800000, 0x0000000087800000|100%| O|  |TAMS 0x0000000087700000| PB 0x0000000087700000| Untracked |  0
|  32|0x0000000087800000, 0x0000000087800000, 0x0000000087900000|  0%| F|  |TAMS 0x0000000087800000| PB 0x0000000087800000| Untracked |  0
|  33|0x0000000087900000, 0x0000000087900000, 0x0000000087a00000|  0%| F|  |TAMS 0x0000000087900000| PB 0x0000000087900000| Untracked |  0
|  34|0x0000000087a00000, 0x0000000087a00000, 0x0000000087b00000|  0%| F|  |TAMS 0x0000000087a00000| PB 0x0000000087a00000| Untracked |  0
|  35|0x0000000087b00000, 0x0000000087b00000, 0x0000000087c00000|  0%| F|  |TAMS 0x0000000087b00000| PB 0x0000000087b00000| Untracked |  0
|  36|0x0000000087c00000, 0x0000000087d00000, 0x0000000087d00000|100%| O|  |TAMS 0x0000000087c00000| PB 0x0000000087c00000| Untracked |  0
|  37|0x0000000087d00000, 0x0000000087d00000, 0x0000000087e00000|  0%| F|  |TAMS 0x0000000087d00000| PB 0x0000000087d00000| Untracked |  0
|  38|0x0000000087e00000, 0x0000000087e00000, 0x0000000087f00000|  0%| F|  |TAMS 0x0000000087e00000| PB 0x0000000087e00000| Untracked |  0
|  39|0x0000000087f00000, 0x0000000087f00000, 0x0000000088000000|  0%| F|  |TAMS 0x0000000087f00000| PB 0x0000000087f00000| Untracked |  0
|  40|0x0000000088000000, 0x000000008801ec20, 0x0000000088100000| 12%| S|CS|TAMS 0x0000000088000000| PB 0x0000000088000000| Complete |  0
|  41|0x0000000088100000, 0x0000000088200000, 0x0000000088200000|100%| S|CS|TAMS 0x0000000088100000| PB 0x0000000088100000| Complete |  0
|  42|0x0000000088200000, 0x0000000088300000, 0x0000000088300000|100%| S|CS|TAMS 0x0000000088200000| PB 0x0000000088200000| Complete |  0
|  43|0x0000000088300000, 0x0000000088400000, 0x0000000088400000|100%| S|CS|TAMS 0x0000000088300000| PB 0x0000000088300000| Complete |  0
|  44|0x0000000088400000, 0x0000000088500000, 0x0000000088500000|100%| S|CS|TAMS 0x0000000088400000| PB 0x0000000088400000| Complete |  0
|  45|0x0000000088500000, 0x0000000088600000, 0x0000000088600000|100%| S|CS|TAMS 0x0000000088500000| PB 0x0000000088500000| Complete |  0
|  46|0x0000000088600000, 0x0000000088600000, 0x0000000088700000|  0%| F|  |TAMS 0x0000000088600000| PB 0x0000000088600000| Untracked |  0
|  47|0x0000000088700000, 0x0000000088700000, 0x0000000088800000|  0%| F|  |TAMS 0x0000000088700000| PB 0x0000000088700000| Untracked |  0
|  48|0x0000000088800000, 0x0000000088800000, 0x0000000088900000|  0%| F|  |TAMS 0x0000000088800000| PB 0x0000000088800000| Untracked |  0
|  49|0x0000000088900000, 0x0000000088900000, 0x0000000088a00000|  0%| F|  |TAMS 0x0000000088900000| PB 0x0000000088900000| Untracked |  0
|  50|0x0000000088a00000, 0x0000000088a00000, 0x0000000088b00000|  0%| F|  |TAMS 0x0000000088a00000| PB 0x0000000088a00000| Untracked |  0
|  51|0x0000000088b00000, 0x0000000088b00000, 0x0000000088c00000|  0%| F|  |TAMS 0x0000000088b00000| PB 0x0000000088b00000| Untracked |  0
|  52|0x0000000088c00000, 0x0000000088c00000, 0x0000000088d00000|  0%| F|  |TAMS 0x0000000088c00000| PB 0x0000000088c00000| Untracked |  0
|  53|0x0000000088d00000, 0x0000000088d00000, 0x0000000088e00000|  0%| F|  |TAMS 0x0000000088d00000| PB 0x0000000088d00000| Untracked |  0
|  54|0x0000000088e00000, 0x0000000088e00000, 0x0000000088f00000|  0%| F|  |TAMS 0x0000000088e00000| PB 0x0000000088e00000| Untracked |  0
|  55|0x0000000088f00000, 0x0000000088f00000, 0x0000000089000000|  0%| F|  |TAMS 0x0000000088f00000| PB 0x0000000088f00000| Untracked |  0
|  56|0x0000000089000000, 0x0000000089000000, 0x0000000089100000|  0%| F|  |TAMS 0x0000000089000000| PB 0x0000000089000000| Untracked |  0
|  57|0x0000000089100000, 0x0000000089100000, 0x0000000089200000|  0%| F|  |TAMS 0x0000000089100000| PB 0x0000000089100000| Untracked |  0
|  58|0x0000000089200000, 0x0000000089200000, 0x0000000089300000|  0%| F|  |TAMS 0x0000000089200000| PB 0x0000000089200000| Untracked |  0
|  59|0x0000000089300000, 0x0000000089300000, 0x0000000089400000|  0%| F|  |TAMS 0x0000000089300000| PB 0x0000000089300000| Untracked |  0
|  60|0x0000000089400000, 0x0000000089400000, 0x0000000089500000|  0%| F|  |TAMS 0x0000000089400000| PB 0x0000000089400000| Untracked |  0
|  61|0x0000000089500000, 0x0000000089500000, 0x0000000089600000|  0%| F|  |TAMS 0x0000000089500000| PB 0x0000000089500000| Untracked |  0
|  62|0x0000000089600000, 0x0000000089600000, 0x0000000089700000|  0%| F|  |TAMS 0x0000000089600000| PB 0x0000000089600000| Untracked |  0
|  63|0x0000000089700000, 0x0000000089700000, 0x0000000089800000|  0%| F|  |TAMS 0x0000000089700000| PB 0x0000000089700000| Untracked |  0
|  64|0x0000000089800000, 0x0000000089800000, 0x0000000089900000|  0%| F|  |TAMS 0x0000000089800000| PB 0x0000000089800000| Untracked |  0
|  65|0x0000000089900000, 0x0000000089900000, 0x0000000089a00000|  0%| F|  |TAMS 0x0000000089900000| PB 0x0000000089900000| Untracked |  0
|  66|0x0000000089a00000, 0x0000000089a00000, 0x0000000089b00000|  0%| F|  |TAMS 0x0000000089a00000| PB 0x0000000089a00000| Untracked |  0
|  67|0x0000000089b00000, 0x0000000089b00000, 0x0000000089c00000|  0%| F|  |TAMS 0x0000000089b00000| PB 0x0000000089b00000| Untracked |  0
|  68|0x0000000089c00000, 0x0000000089c00000, 0x0000000089d00000|  0%| F|  |TAMS 0x0000000089c00000| PB 0x0000000089c00000| Untracked |  0
|  69|0x0000000089d00000, 0x0000000089d00000, 0x0000000089e00000|  0%| F|  |TAMS 0x0000000089d00000| PB 0x0000000089d00000| Untracked |  0
|  70|0x0000000089e00000, 0x0000000089e00000, 0x0000000089f00000|  0%| F|  |TAMS 0x0000000089e00000| PB 0x0000000089e00000| Untracked |  0
|  71|0x0000000089f00000, 0x0000000089f00000, 0x000000008a000000|  0%| F|  |TAMS 0x0000000089f00000| PB 0x0000000089f00000| Untracked |  0
|  72|0x000000008a000000, 0x000000008a000000, 0x000000008a100000|  0%| F|  |TAMS 0x000000008a000000| PB 0x000000008a000000| Untracked |  0
|  73|0x000000008a100000, 0x000000008a100000, 0x000000008a200000|  0%| F|  |TAMS 0x000000008a100000| PB 0x000000008a100000| Untracked |  0
|  74|0x000000008a200000, 0x000000008a200000, 0x000000008a300000|  0%| F|  |TAMS 0x000000008a200000| PB 0x000000008a200000| Untracked |  0
|  75|0x000000008a300000, 0x000000008a300000, 0x000000008a400000|  0%| F|  |TAMS 0x000000008a300000| PB 0x000000008a300000| Untracked |  0
|  76|0x000000008a400000, 0x000000008a400000, 0x000000008a500000|  0%| F|  |TAMS 0x000000008a400000| PB 0x000000008a400000| Untracked |  0
|  77|0x000000008a500000, 0x000000008a500000, 0x000000008a600000|  0%| F|  |TAMS 0x000000008a500000| PB 0x000000008a500000| Untracked |  0
|  78|0x000000008a600000, 0x000000008a600000, 0x000000008a700000|  0%| F|  |TAMS 0x000000008a600000| PB 0x000000008a600000| Untracked |  0
|  79|0x000000008a700000, 0x000000008a700000, 0x000000008a800000|  0%| F|  |TAMS 0x000000008a700000| PB 0x000000008a700000| Untracked |  0
|  80|0x000000008a800000, 0x000000008a800000, 0x000000008a900000|  0%| F|  |TAMS 0x000000008a800000| PB 0x000000008a800000| Untracked |  0
|  81|0x000000008a900000, 0x000000008a900000, 0x000000008aa00000|  0%| F|  |TAMS 0x000000008a900000| PB 0x000000008a900000| Untracked |  0
|  82|0x000000008aa00000, 0x000000008aa00000, 0x000000008ab00000|  0%| F|  |TAMS 0x000000008aa00000| PB 0x000000008aa00000| Untracked |  0
|  83|0x000000008ab00000, 0x000000008ab00000, 0x000000008ac00000|  0%| F|  |TAMS 0x000000008ab00000| PB 0x000000008ab00000| Untracked |  0
|  84|0x000000008ac00000, 0x000000008ac00000, 0x000000008ad00000|  0%| F|  |TAMS 0x000000008ac00000| PB 0x000000008ac00000| Untracked |  0
|  85|0x000000008ad00000, 0x000000008ad00000, 0x000000008ae00000|  0%| F|  |TAMS 0x000000008ad00000| PB 0x000000008ad00000| Untracked |  0
|  86|0x000000008ae00000, 0x000000008ae00000, 0x000000008af00000|  0%| F|  |TAMS 0x000000008ae00000| PB 0x000000008ae00000| Untracked |  0
|  87|0x000000008af00000, 0x000000008af00000, 0x000000008b000000|  0%| F|  |TAMS 0x000000008af00000| PB 0x000000008af00000| Untracked |  0
|  88|0x000000008b000000, 0x000000008b000000, 0x000000008b100000|  0%| F|  |TAMS 0x000000008b000000| PB 0x000000008b000000| Untracked |  0
|  89|0x000000008b100000, 0x000000008b100000, 0x000000008b200000|  0%| F|  |TAMS 0x000000008b100000| PB 0x000000008b100000| Untracked |  0
|  90|0x000000008b200000, 0x000000008b200000, 0x000000008b300000|  0%| F|  |TAMS 0x000000008b200000| PB 0x000000008b200000| Untracked |  0
|  91|0x000000008b300000, 0x000000008b300000, 0x000000008b400000|  0%| F|  |TAMS 0x000000008b300000| PB 0x000000008b300000| Untracked |  0
|  92|0x000000008b400000, 0x000000008b400000, 0x000000008b500000|  0%| F|  |TAMS 0x000000008b400000| PB 0x000000008b400000| Untracked |  0
|  93|0x000000008b500000, 0x000000008b500000, 0x000000008b600000|  0%| F|  |TAMS 0x000000008b500000| PB 0x000000008b500000| Untracked |  0
|  94|0x000000008b600000, 0x000000008b600000, 0x000000008b700000|  0%| F|  |TAMS 0x000000008b600000| PB 0x000000008b600000| Untracked |  0
|  95|0x000000008b700000, 0x000000008b700000, 0x000000008b800000|  0%| F|  |TAMS 0x000000008b700000| PB 0x000000008b700000| Untracked |  0
|  96|0x000000008b800000, 0x000000008b800000, 0x000000008b900000|  0%| F|  |TAMS 0x000000008b800000| PB 0x000000008b800000| Untracked |  0
|  97|0x000000008b900000, 0x000000008b900000, 0x000000008ba00000|  0%| F|  |TAMS 0x000000008b900000| PB 0x000000008b900000| Untracked |  0
|  98|0x000000008ba00000, 0x000000008ba00000, 0x000000008bb00000|  0%| F|  |TAMS 0x000000008ba00000| PB 0x000000008ba00000| Untracked |  0
|  99|0x000000008bb00000, 0x000000008bb00000, 0x000000008bc00000|  0%| F|  |TAMS 0x000000008bb00000| PB 0x000000008bb00000| Untracked |  0
| 100|0x000000008bc00000, 0x000000008bc00000, 0x000000008bd00000|  0%| F|  |TAMS 0x000000008bc00000| PB 0x000000008bc00000| Untracked |  0
| 101|0x000000008bd00000, 0x000000008bd00000, 0x000000008be00000|  0%| F|  |TAMS 0x000000008bd00000| PB 0x000000008bd00000| Untracked |  0
| 102|0x000000008be00000, 0x000000008be00000, 0x000000008bf00000|  0%| F|  |TAMS 0x000000008be00000| PB 0x000000008be00000| Untracked |  0
| 103|0x000000008bf00000, 0x000000008bf00000, 0x000000008c000000|  0%| F|  |TAMS 0x000000008bf00000| PB 0x000000008bf00000| Untracked |  0
| 104|0x000000008c000000, 0x000000008c000000, 0x000000008c100000|  0%| F|  |TAMS 0x000000008c000000| PB 0x000000008c000000| Untracked |  0
| 105|0x000000008c100000, 0x000000008c100000, 0x000000008c200000|  0%| F|  |TAMS 0x000000008c100000| PB 0x000000008c100000| Untracked |  0
| 106|0x000000008c200000, 0x000000008c200000, 0x000000008c300000|  0%| F|  |TAMS 0x000000008c200000| PB 0x000000008c200000| Untracked |  0
| 107|0x000000008c300000, 0x000000008c300000, 0x000000008c400000|  0%| F|  |TAMS 0x000000008c300000| PB 0x000000008c300000| Untracked |  0
| 108|0x000000008c400000, 0x000000008c400000, 0x000000008c500000|  0%| F|  |TAMS 0x000000008c400000| PB 0x000000008c400000| Untracked |  0
| 109|0x000000008c500000, 0x000000008c500000, 0x000000008c600000|  0%| F|  |TAMS 0x000000008c500000| PB 0x000000008c500000| Untracked |  0
| 110|0x000000008c600000, 0x000000008c600000, 0x000000008c700000|  0%| F|  |TAMS 0x000000008c600000| PB 0x000000008c600000| Untracked |  0
| 111|0x000000008c700000, 0x000000008c700000, 0x000000008c800000|  0%| F|  |TAMS 0x000000008c700000| PB 0x000000008c700000| Untracked |  0
| 112|0x000000008c800000, 0x000000008c800000, 0x000000008c900000|  0%| F|  |TAMS 0x000000008c800000| PB 0x000000008c800000| Untracked |  0
| 113|0x000000008c900000, 0x000000008c900000, 0x000000008ca00000|  0%| F|  |TAMS 0x000000008c900000| PB 0x000000008c900000| Untracked |  0
| 114|0x000000008ca00000, 0x000000008ca00000, 0x000000008cb00000|  0%| F|  |TAMS 0x000000008ca00000| PB 0x000000008ca00000| Untracked |  0
| 115|0x000000008cb00000, 0x000000008cb00000, 0x000000008cc00000|  0%| F|  |TAMS 0x000000008cb00000| PB 0x000000008cb00000| Untracked |  0
| 116|0x000000008cc00000, 0x000000008cc00000, 0x000000008cd00000|  0%| F|  |TAMS 0x000000008cc00000| PB 0x000000008cc00000| Untracked |  0
| 117|0x000000008cd00000, 0x000000008cd00000, 0x000000008ce00000|  0%| F|  |TAMS 0x000000008cd00000| PB 0x000000008cd00000| Untracked |  0
| 118|0x000000008ce00000, 0x000000008ce00000, 0x000000008cf00000|  0%| F|  |TAMS 0x000000008ce00000| PB 0x000000008ce00000| Untracked |  0
| 119|0x000000008cf00000, 0x000000008cf00000, 0x000000008d000000|  0%| F|  |TAMS 0x000000008cf00000| PB 0x000000008cf00000| Untracked |  0
| 120|0x000000008d000000, 0x000000008d000000, 0x000000008d100000|  0%| F|  |TAMS 0x000000008d000000| PB 0x000000008d000000| Untracked |  0
| 121|0x000000008d100000, 0x000000008d100000, 0x000000008d200000|  0%| F|  |TAMS 0x000000008d100000| PB 0x000000008d100000| Untracked |  0
| 122|0x000000008d200000, 0x000000008d200000, 0x000000008d300000|  0%| F|  |TAMS 0x000000008d200000| PB 0x000000008d200000| Untracked |  0
| 123|0x000000008d300000, 0x000000008d300000, 0x000000008d400000|  0%| F|  |TAMS 0x000000008d300000| PB 0x000000008d300000| Untracked |  0
| 124|0x000000008d400000, 0x000000008d400000, 0x000000008d500000|  0%| F|  |TAMS 0x000000008d400000| PB 0x000000008d400000| Untracked |  0
| 125|0x000000008d500000, 0x000000008d500000, 0x000000008d600000|  0%| F|  |TAMS 0x000000008d500000| PB 0x000000008d500000| Untracked |  0
| 126|0x000000008d600000, 0x000000008d600000, 0x000000008d700000|  0%| F|  |TAMS 0x000000008d600000| PB 0x000000008d600000| Untracked |  0
| 127|0x000000008d700000, 0x000000008d700000, 0x000000008d800000|  0%| F|  |TAMS 0x000000008d700000| PB 0x000000008d700000| Untracked |  0
| 128|0x000000008d800000, 0x000000008d800000, 0x000000008d900000|  0%| F|  |TAMS 0x000000008d800000| PB 0x000000008d800000| Untracked |  0
| 129|0x000000008d900000, 0x000000008d900000, 0x000000008da00000|  0%| F|  |TAMS 0x000000008d900000| PB 0x000000008d900000| Untracked |  0
| 130|0x000000008da00000, 0x000000008da00000, 0x000000008db00000|  0%| F|  |TAMS 0x000000008da00000| PB 0x000000008da00000| Untracked |  0
| 131|0x000000008db00000, 0x000000008db00000, 0x000000008dc00000|  0%| F|  |TAMS 0x000000008db00000| PB 0x000000008db00000| Untracked |  0
| 132|0x000000008dc00000, 0x000000008dc00000, 0x000000008dd00000|  0%| F|  |TAMS 0x000000008dc00000| PB 0x000000008dc00000| Untracked |  0
| 133|0x000000008dd00000, 0x000000008dd00000, 0x000000008de00000|  0%| F|  |TAMS 0x000000008dd00000| PB 0x000000008dd00000| Untracked |  0
| 134|0x000000008de00000, 0x000000008de00000, 0x000000008df00000|  0%| F|  |TAMS 0x000000008de00000| PB 0x000000008de00000| Untracked |  0
| 135|0x000000008df00000, 0x000000008df00000, 0x000000008e000000|  0%| F|  |TAMS 0x000000008df00000| PB 0x000000008df00000| Untracked |  0
| 136|0x000000008e000000, 0x000000008e000000, 0x000000008e100000|  0%| F|  |TAMS 0x000000008e000000| PB 0x000000008e000000| Untracked |  0
| 137|0x000000008e100000, 0x000000008e100000, 0x000000008e200000|  0%| F|  |TAMS 0x000000008e100000| PB 0x000000008e100000| Untracked |  0
| 138|0x000000008e200000, 0x000000008e200000, 0x000000008e300000|  0%| F|  |TAMS 0x000000008e200000| PB 0x000000008e200000| Untracked |  0
| 139|0x000000008e300000, 0x000000008e300000, 0x000000008e400000|  0%| F|  |TAMS 0x000000008e300000| PB 0x000000008e300000| Untracked |  0
| 140|0x000000008e400000, 0x000000008e400000, 0x000000008e500000|  0%| F|  |TAMS 0x000000008e400000| PB 0x000000008e400000| Untracked |  0
| 141|0x000000008e500000, 0x000000008e500000, 0x000000008e600000|  0%| F|  |TAMS 0x000000008e500000| PB 0x000000008e500000| Untracked |  0
| 142|0x000000008e600000, 0x000000008e600000, 0x000000008e700000|  0%| F|  |TAMS 0x000000008e600000| PB 0x000000008e600000| Untracked |  0
| 143|0x000000008e700000, 0x000000008e700000, 0x000000008e800000|  0%| F|  |TAMS 0x000000008e700000| PB 0x000000008e700000| Untracked |  0
| 144|0x000000008e800000, 0x000000008e800000, 0x000000008e900000|  0%| F|  |TAMS 0x000000008e800000| PB 0x000000008e800000| Untracked |  0
| 145|0x000000008e900000, 0x000000008e900000, 0x000000008ea00000|  0%| F|  |TAMS 0x000000008e900000| PB 0x000000008e900000| Untracked |  0
| 146|0x000000008ea00000, 0x000000008ea00000, 0x000000008eb00000|  0%| F|  |TAMS 0x000000008ea00000| PB 0x000000008ea00000| Untracked |  0
| 147|0x000000008eb00000, 0x000000008eb00000, 0x000000008ec00000|  0%| F|  |TAMS 0x000000008eb00000| PB 0x000000008eb00000| Untracked |  0
| 148|0x000000008ec00000, 0x000000008ec00000, 0x000000008ed00000|  0%| F|  |TAMS 0x000000008ec00000| PB 0x000000008ec00000| Untracked |  0
| 149|0x000000008ed00000, 0x000000008ed00000, 0x000000008ee00000|  0%| F|  |TAMS 0x000000008ed00000| PB 0x000000008ed00000| Untracked |  0
| 150|0x000000008ee00000, 0x000000008ee00000, 0x000000008ef00000|  0%| F|  |TAMS 0x000000008ee00000| PB 0x000000008ee00000| Untracked |  0
| 151|0x000000008ef00000, 0x000000008ef00000, 0x000000008f000000|  0%| F|  |TAMS 0x000000008ef00000| PB 0x000000008ef00000| Untracked |  0
| 152|0x000000008f000000, 0x000000008f000000, 0x000000008f100000|  0%| F|  |TAMS 0x000000008f000000| PB 0x000000008f000000| Untracked |  0
| 153|0x000000008f100000, 0x000000008f100000, 0x000000008f200000|  0%| F|  |TAMS 0x000000008f100000| PB 0x000000008f100000| Untracked |  0
| 154|0x000000008f200000, 0x000000008f200000, 0x000000008f300000|  0%| F|  |TAMS 0x000000008f200000| PB 0x000000008f200000| Untracked |  0
| 155|0x000000008f300000, 0x000000008f300000, 0x000000008f400000|  0%| F|  |TAMS 0x000000008f300000| PB 0x000000008f300000| Untracked |  0
| 156|0x000000008f400000, 0x000000008f400000, 0x000000008f500000|  0%| F|  |TAMS 0x000000008f400000| PB 0x000000008f400000| Untracked |  0
| 157|0x000000008f500000, 0x000000008f500000, 0x000000008f600000|  0%| F|  |TAMS 0x000000008f500000| PB 0x000000008f500000| Untracked |  0
| 158|0x000000008f600000, 0x000000008f600000, 0x000000008f700000|  0%| F|  |TAMS 0x000000008f600000| PB 0x000000008f600000| Untracked |  0
| 159|0x000000008f700000, 0x000000008f700000, 0x000000008f800000|  0%| F|  |TAMS 0x000000008f700000| PB 0x000000008f700000| Untracked |  0
| 160|0x000000008f800000, 0x000000008f800000, 0x000000008f900000|  0%| F|  |TAMS 0x000000008f800000| PB 0x000000008f800000| Untracked |  0
| 161|0x000000008f900000, 0x000000008f900000, 0x000000008fa00000|  0%| F|  |TAMS 0x000000008f900000| PB 0x000000008f900000| Untracked |  0
| 162|0x000000008fa00000, 0x000000008fa00000, 0x000000008fb00000|  0%| F|  |TAMS 0x000000008fa00000| PB 0x000000008fa00000| Untracked |  0
| 163|0x000000008fb00000, 0x000000008fb00000, 0x000000008fc00000|  0%| F|  |TAMS 0x000000008fb00000| PB 0x000000008fb00000| Untracked |  0
| 164|0x000000008fc00000, 0x000000008fc00000, 0x000000008fd00000|  0%| F|  |TAMS 0x000000008fc00000| PB 0x000000008fc00000| Untracked |  0
| 165|0x000000008fd00000, 0x000000008fd00000, 0x000000008fe00000|  0%| F|  |TAMS 0x000000008fd00000| PB 0x000000008fd00000| Untracked |  0
| 166|0x000000008fe00000, 0x000000008fe00000, 0x000000008ff00000|  0%| F|  |TAMS 0x000000008fe00000| PB 0x000000008fe00000| Untracked |  0
| 167|0x000000008ff00000, 0x000000008ff00000, 0x0000000090000000|  0%| F|  |TAMS 0x000000008ff00000| PB 0x000000008ff00000| Untracked |  0
| 168|0x0000000090000000, 0x0000000090000000, 0x0000000090100000|  0%| F|  |TAMS 0x0000000090000000| PB 0x0000000090000000| Untracked |  0
| 169|0x0000000090100000, 0x0000000090146680, 0x0000000090200000| 27%| E|  |TAMS 0x0000000090100000| PB 0x0000000090100000| Complete |  0
| 170|0x0000000090200000, 0x0000000090300000, 0x0000000090300000|100%| E|CS|TAMS 0x0000000090200000| PB 0x0000000090200000| Complete |  0
| 171|0x0000000090300000, 0x0000000090400000, 0x0000000090400000|100%| E|CS|TAMS 0x0000000090300000| PB 0x0000000090300000| Complete |  0
| 172|0x0000000090400000, 0x0000000090500000, 0x0000000090500000|100%| E|CS|TAMS 0x0000000090400000| PB 0x0000000090400000| Complete |  0
| 173|0x0000000090500000, 0x0000000090600000, 0x0000000090600000|100%| E|CS|TAMS 0x0000000090500000| PB 0x0000000090500000| Complete |  0
| 174|0x0000000090600000, 0x0000000090700000, 0x0000000090700000|100%| E|CS|TAMS 0x0000000090600000| PB 0x0000000090600000| Complete |  0
|1951|0x00000000ff700000, 0x00000000ff800000, 0x00000000ff800000|100%| O|  |TAMS 0x00000000ff700000| PB 0x00000000ff700000| Untracked |  0
|1952|0x00000000ff800000, 0x00000000ff900000, 0x00000000ff900000|100%| E|CS|TAMS 0x00000000ff800000| PB 0x00000000ff800000| Complete |  0
|1953|0x00000000ff900000, 0x00000000ffa00000, 0x00000000ffa00000|100%| E|CS|TAMS 0x00000000ff900000| PB 0x00000000ff900000| Complete |  0
|1954|0x00000000ffa00000, 0x00000000ffb00000, 0x00000000ffb00000|100%| E|CS|TAMS 0x00000000ffa00000| PB 0x00000000ffa00000| Complete |  0
|1955|0x00000000ffb00000, 0x00000000ffc00000, 0x00000000ffc00000|100%| E|CS|TAMS 0x00000000ffb00000| PB 0x00000000ffb00000| Complete |  0
|1956|0x00000000ffc00000, 0x00000000ffd00000, 0x00000000ffd00000|100%| E|CS|TAMS 0x00000000ffc00000| PB 0x00000000ffc00000| Complete |  0
|1957|0x00000000ffd00000, 0x00000000ffe00000, 0x00000000ffe00000|100%| E|CS|TAMS 0x00000000ffd00000| PB 0x00000000ffd00000| Complete |  0
|1958|0x00000000ffe00000, 0x00000000fff00000, 0x00000000fff00000|100%| O|  |TAMS 0x00000000ffe00000| PB 0x00000000ffe00000| Untracked |  0
|1959|0x00000000fff00000, 0x0000000100000000, 0x0000000100000000|100%| E|CS|TAMS 0x00000000fff00000| PB 0x00000000fff00000| Complete |  0

Card table byte_map: [0x000002ae7abf0000,0x000002ae7afd0000] _byte_map_base: 0x000002ae7a7c4000

Marking Bits: (CMBitMap*) 0x000002ae6eccab70
 Bits: [0x000002ae7afd0000, 0x000002ae7ce70000)

Polling page: 0x000002ae6cab0000

Metaspace:
Metaspace        used 69232K, committed 69824K, reserved 1114112K
 class space     used 8196K, committed 8448K, reserved 1048576K

Usage:
  Non-class:     59.60 MB used.
      Class:      8.00 MB used.
       Both:     67.61 MB used.

Virtual space:
  Non-class space:       64.00 MB reserved,      59.94 MB ( 94%) committed,  1 nodes.
      Class space:        1.00 GB reserved,       8.25 MB ( <1%) committed,  1 nodes.
             Both:        1.06 GB reserved,      68.19 MB (  6%) committed. 

Chunk freelists:
   Non-Class:  4.08 MB
       Class:  7.69 MB
        Both:  11.77 MB

MaxMetaspaceSize: unlimited
CompressedClassSpaceSize: 1.00 GB
Initial GC threshold: 21.00 MB
Current GC threshold: 99.00 MB
CDS: on
 - commit_granule_bytes: 65536.
 - commit_granule_words: 8192.
 - virtual_space_node_default_size: 8388608.
 - enlarge_chunks_in_place: 1.
UseCompressedClassPointers 1, UseCompactObjectHeaders 0
Narrow klass pointer bits 32, Max shift 3
Narrow klass base: 0x0000000007000000, Narrow klass shift: 0
Encoding Range: [0x0000000007000000 - 0x0000000107000000), (4294967296 bytes)
Klass Range:    [0x0000000007010000 - 0x0000000048000000), (1090453504 bytes)
Klass ID Range:  [65536 - 1090519033) (1090453497)
Protection zone: [0x0000000007000000 - 0x0000000007010000), (65536 bytes)


Internal statistics:

num_allocs_failed_limit: 12.
num_arena_births: 718.
num_arena_deaths: 0.
num_vsnodes_births: 2.
num_vsnodes_deaths: 0.
num_space_committed: 1091.
num_space_uncommitted: 0.
num_chunks_returned_to_freelist: 12.
num_chunks_taken_from_freelist: 3219.
num_chunk_merges: 12.
num_chunk_splits: 2444.
num_chunks_enlarged: 2055.
num_inconsistent_stats: 0.

CodeCache: size=49152Kb used=11014Kb max_used=11014Kb free=38138Kb
 bounds [0x000002ae774e0000, 0x000002ae77fb0000, 0x000002ae7a4e0000]
 total_blobs=8047, nmethods=7324, adapters=644, full_count=0
Compilation: enabled, stopped_count=0, restarted_count=0

Compilation events (20 events):
Event: 19.911 Thread 0x000002ae05de5a00 nmethod 7243 0x000002ae77726988 code [0x000002ae77726a80, 0x000002ae77726bb0]
Event: 19.911 Thread 0x000002ae05de5a00 7245       1       org.hibernate.persister.entity.AbstractEntityPersister::hasUninitializedLazyProperties (14 bytes)
Event: 19.912 Thread 0x000002ae05de5a00 nmethod 7245 0x000002ae77726688 code [0x000002ae77726780, 0x000002ae777268b8]
Event: 19.912 Thread 0x000002ae05de5a00 7246       1       org.hibernate.bytecode.internal.BytecodeEnhancementMetadataPojoImpl::hasUnFetchedAttributes (40 bytes)
Event: 19.912 Thread 0x000002ae6ec7ad50 7247       1       org.hibernate.resource.transaction.backend.jdbc.internal.JdbcResourceLocalTransactionCoordinatorImpl$TransactionDriverControlImpl::getStatus (23 bytes)
Event: 19.912 Thread 0x000002ae05de5a00 nmethod 7246 0x000002ae77726308 code [0x000002ae77726400, 0x000002ae77726660]
Event: 19.912 Thread 0x000002ae6ec7ad50 nmethod 7247 0x000002ae77726008 code [0x000002ae77726100, 0x000002ae77726240]
Event: 19.913 Thread 0x000002ae6ec7ad50 7248       1       org.hibernate.persister.entity.mutation.UpdateCoordinatorStandard$IncludedAttributeAnalysis::markDirty (32 bytes)
Event: 19.913 Thread 0x000002ae6ec7ad50 nmethod 7248 0x000002ae77725d08 code [0x000002ae77725e00, 0x000002ae77725fd8]
Event: 19.914 Thread 0x000002ae05de5a00 7249       1       java.lang.Long::toString (55 bytes)
Event: 19.914 Thread 0x000002ae05de5a00 nmethod 7249 0x000002ae77725988 code [0x000002ae77725a80, 0x000002ae77725cb0]
Event: 19.915 Thread 0x000002ae05de5a00 7250       1       jdk.internal.misc.Blocker::end (16 bytes)
Event: 19.915 Thread 0x000002ae05de5a00 nmethod 7250 0x000002ae77725688 code [0x000002ae77725780, 0x000002ae777258e0]
Event: 22.865 Thread 0x000002ae05de5a00 7251       1       java.util.concurrent.locks.AbstractQueuedSynchronizer::release (19 bytes)
Event: 22.881 Thread 0x000002ae05de6210 7252       1       org.springframework.aop.framework.ReflectiveMethodInvocation::getThis (5 bytes)
Event: 22.882 Thread 0x000002ae6ec7ad50 7253       1       org.hibernate.boot.internal.SessionFactoryOptionsBuilder::getJpaCompliance (5 bytes)
Event: 23.955 Thread 0x000002ae05de6210 nmethod 7252 0x000002ae77725088 code [0x000002ae77725180, 0x000002ae77725248]
Event: 23.955 Thread 0x000002ae05de6210 7266       1       sun.nio.cs.SingleByte$Encoder::encodeArrayLoop (280 bytes)
Event: 23.955 Thread 0x000002ae6ec7ad50 nmethod 7253 0x000002ae77724d88 code [0x000002ae77724e80, 0x000002ae77724f48]
Event: 23.955 Thread 0x000002ae6ec7ad50 7273       1       org.hibernate.engine.jdbc.internal.BasicFormatterImpl$FormatProcess::perform (1619 bytes)

GC Heap Usage History (20 events):
Event: 3.457 {heap Before GC invocations=9 (full 0):
 garbage-first heap   total reserved 2007040K, committed 66560K, used 53919K [0x0000000085800000, 0x0000000100000000)
  region size 1024K, 32 young (32768K), 3 survivors (3072K)
}
Event: 3.461 {heap After GC invocations=10 (full 0):
 garbage-first heap   total reserved 2007040K, committed 66560K, used 25719K [0x0000000085800000, 0x0000000100000000)
  region size 1024K, 3 young (3072K), 3 survivors (3072K)
}
Event: 3.847 {heap Before GC invocations=10 (full 0):
 garbage-first heap   total reserved 2007040K, committed 66560K, used 56439K [0x0000000085800000, 0x0000000100000000)
  region size 1024K, 33 young (33792K), 3 survivors (3072K)
}
Event: 3.851 {heap After GC invocations=11 (full 0):
 garbage-first heap   total reserved 2007040K, committed 66560K, used 28181K [0x0000000085800000, 0x0000000100000000)
  region size 1024K, 4 young (4096K), 4 survivors (4096K)
}
Event: 3.907 {heap Before GC invocations=11 (full 0):
 garbage-first heap   total reserved 2007040K, committed 66560K, used 57877K [0x0000000085800000, 0x0000000100000000)
  region size 1024K, 33 young (33792K), 4 survivors (4096K)
}
Event: 3.911 {heap After GC invocations=12 (full 0):
 garbage-first heap   total reserved 2007040K, committed 66560K, used 29472K [0x0000000085800000, 0x0000000100000000)
  region size 1024K, 4 young (4096K), 4 survivors (4096K)
}
Event: 4.010 {heap Before GC invocations=12 (full 0):
 garbage-first heap   total reserved 2007040K, committed 66560K, used 57120K [0x0000000085800000, 0x0000000100000000)
  region size 1024K, 32 young (32768K), 4 survivors (4096K)
}
Event: 4.014 {heap After GC invocations=13 (full 0):
 garbage-first heap   total reserved 2007040K, committed 66560K, used 30630K [0x0000000085800000, 0x0000000100000000)
  region size 1024K, 3 young (3072K), 3 survivors (3072K)
}
Event: 4.048 {heap Before GC invocations=13 (full 0):
 garbage-first heap   total reserved 2007040K, committed 66560K, used 59302K [0x0000000085800000, 0x0000000100000000)
  region size 1024K, 31 young (31744K), 3 survivors (3072K)
}
Event: 4.056 {heap After GC invocations=14 (full 0):
 garbage-first heap   total reserved 2007040K, committed 94208K, used 41220K [0x0000000085800000, 0x0000000100000000)
  region size 1024K, 4 young (4096K), 4 survivors (4096K)
}
Event: 4.095 {heap Before GC invocations=14 (full 0):
 garbage-first heap   total reserved 2007040K, committed 94208K, used 75012K [0x0000000085800000, 0x0000000100000000)
  region size 1024K, 37 young (37888K), 4 survivors (4096K)
}
Event: 4.100 {heap After GC invocations=15 (full 0):
 garbage-first heap   total reserved 2007040K, committed 94208K, used 42671K [0x0000000085800000, 0x0000000100000000)
  region size 1024K, 1 young (1024K), 1 survivors (1024K)
}
Event: 4.142 {heap Before GC invocations=15 (full 0):
 garbage-first heap   total reserved 2007040K, committed 94208K, used 77487K [0x0000000085800000, 0x0000000100000000)
  region size 1024K, 35 young (35840K), 1 survivors (1024K)
}
Event: 4.146 {heap After GC invocations=16 (full 0):
 garbage-first heap   total reserved 2007040K, committed 94208K, used 46748K [0x0000000085800000, 0x0000000100000000)
  region size 1024K, 5 young (5120K), 5 survivors (5120K)
}
Event: 4.169 {heap Before GC invocations=16 (full 0):
 garbage-first heap   total reserved 2007040K, committed 94208K, used 52892K [0x0000000085800000, 0x0000000100000000)
  region size 1024K, 12 young (12288K), 5 survivors (5120K)
}
Event: 4.172 {heap After GC invocations=17 (full 0):
 garbage-first heap   total reserved 2007040K, committed 94208K, used 43144K [0x0000000085800000, 0x0000000100000000)
  region size 1024K, 1 young (1024K), 1 survivors (1024K)
}
Event: 4.427 {heap Before GC invocations=18 (full 0):
 garbage-first heap   total reserved 2007040K, committed 94208K, used 72840K [0x0000000085800000, 0x0000000100000000)
  region size 1024K, 37 young (37888K), 1 survivors (1024K)
}
Event: 4.429 {heap After GC invocations=19 (full 0):
 garbage-first heap   total reserved 2007040K, committed 94208K, used 37099K [0x0000000085800000, 0x0000000100000000)
  region size 1024K, 2 young (2048K), 2 survivors (2048K)
}
Event: 4.894 {heap Before GC invocations=19 (full 0):
 garbage-first heap   total reserved 2007040K, committed 94208K, used 80107K [0x0000000085800000, 0x0000000100000000)
  region size 1024K, 44 young (45056K), 2 survivors (2048K)
}
Event: 4.898 {heap After GC invocations=20 (full 0):
 garbage-first heap   total reserved 2007040K, committed 188416K, used 38817K [0x0000000085800000, 0x0000000100000000)
  region size 1024K, 6 young (6144K), 6 survivors (6144K)
}

Metaspace Usage History (20 events):
Event: 3.457 {metaspace Before GC invocations=9 (full 0):
 Metaspace       used 51578K, committed 52032K, reserved 1114112K
  class space    used 5652K, committed 5888K, reserved 1048576K
}
Event: 3.461 {metaspace After GC invocations=10 (full 0):
 Metaspace       used 51578K, committed 52032K, reserved 1114112K
  class space    used 5652K, committed 5888K, reserved 1048576K
}
Event: 3.847 {metaspace Before GC invocations=10 (full 0):
 Metaspace       used 57730K, committed 58240K, reserved 1114112K
  class space    used 6494K, committed 6720K, reserved 1048576K
}
Event: 3.851 {metaspace After GC invocations=11 (full 0):
 Metaspace       used 57730K, committed 58240K, reserved 1114112K
  class space    used 6494K, committed 6720K, reserved 1048576K
}
Event: 3.907 {metaspace Before GC invocations=11 (full 0):
 Metaspace       used 57986K, committed 58496K, reserved 1114112K
  class space    used 6551K, committed 6784K, reserved 1048576K
}
Event: 3.911 {metaspace After GC invocations=12 (full 0):
 Metaspace       used 57986K, committed 58496K, reserved 1114112K
  class space    used 6551K, committed 6784K, reserved 1048576K
}
Event: 4.010 {metaspace Before GC invocations=12 (full 0):
 Metaspace       used 59753K, committed 60288K, reserved 1114112K
  class space    used 6927K, committed 7168K, reserved 1048576K
}
Event: 4.014 {metaspace After GC invocations=13 (full 0):
 Metaspace       used 59753K, committed 60288K, reserved 1114112K
  class space    used 6927K, committed 7168K, reserved 1048576K
}
Event: 4.048 {metaspace Before GC invocations=13 (full 0):
 Metaspace       used 59753K, committed 60288K, reserved 1114112K
  class space    used 6927K, committed 7168K, reserved 1048576K
}
Event: 4.056 {metaspace After GC invocations=14 (full 0):
 Metaspace       used 59753K, committed 60288K, reserved 1114112K
  class space    used 6927K, committed 7168K, reserved 1048576K
}
Event: 4.095 {metaspace Before GC invocations=14 (full 0):
 Metaspace       used 59763K, committed 60288K, reserved 1114112K
  class space    used 6927K, committed 7168K, reserved 1048576K
}
Event: 4.100 {metaspace After GC invocations=15 (full 0):
 Metaspace       used 59763K, committed 60288K, reserved 1114112K
  class space    used 6927K, committed 7168K, reserved 1048576K
}
Event: 4.142 {metaspace Before GC invocations=15 (full 0):
 Metaspace       used 59765K, committed 60288K, reserved 1114112K
  class space    used 6927K, committed 7168K, reserved 1048576K
}
Event: 4.146 {metaspace After GC invocations=16 (full 0):
 Metaspace       used 59765K, committed 60288K, reserved 1114112K
  class space    used 6927K, committed 7168K, reserved 1048576K
}
Event: 4.169 {metaspace Before GC invocations=16 (full 0):
 Metaspace       used 60127K, committed 60608K, reserved 1114112K
  class space    used 6939K, committed 7168K, reserved 1048576K
}
Event: 4.172 {metaspace After GC invocations=17 (full 0):
 Metaspace       used 60127K, committed 60608K, reserved 1114112K
  class space    used 6939K, committed 7168K, reserved 1048576K
}
Event: 4.427 {metaspace Before GC invocations=18 (full 0):
 Metaspace       used 62525K, committed 63040K, reserved 1114112K
  class space    used 7336K, committed 7552K, reserved 1048576K
}
Event: 4.429 {metaspace After GC invocations=19 (full 0):
 Metaspace       used 62525K, committed 63040K, reserved 1114112K
  class space    used 7336K, committed 7552K, reserved 1048576K
}
Event: 4.894 {metaspace Before GC invocations=19 (full 0):
 Metaspace       used 67316K, committed 67840K, reserved 1114112K
  class space    used 7960K, committed 8192K, reserved 1048576K
}
Event: 4.898 {metaspace After GC invocations=20 (full 0):
 Metaspace       used 67316K, committed 67840K, reserved 1114112K
  class space    used 7960K, committed 8192K, reserved 1048576K
}

Dll operation events (10 events):
Event: 0.013 Loaded shared library C:\Program Files\Java\jdk-25\bin\java.dll
Event: 0.082 Loaded shared library C:\Program Files\Java\jdk-25\bin\net.dll
Event: 0.084 Loaded shared library C:\Program Files\Java\jdk-25\bin\nio.dll
Event: 0.090 Loaded shared library C:\Program Files\Java\jdk-25\bin\zip.dll
Event: 0.193 Loaded shared library C:\Program Files\Java\jdk-25\bin\jimage.dll
Event: 0.869 Loaded shared library C:\Program Files\Java\jdk-25\bin\sunmscapi.dll
Event: 1.883 Loaded shared library C:\Program Files\Java\jdk-25\bin\management.dll
Event: 1.886 Loaded shared library C:\Program Files\Java\jdk-25\bin\management_ext.dll
Event: 2.124 Loaded shared library C:\Program Files\Java\jdk-25\bin\extnet.dll
Event: 2.523 Loaded shared library C:\Program Files\Java\jdk-25\bin\verify.dll

Deoptimization events (8 events):
Event: 1.479 Thread 0x000002ae6c827560 DEOPT PACKING pc=0x000002ae778cb6ac sp=0x000000cad54fcb40
Event: 1.479 Thread 0x000002ae6c827560 DEOPT UNPACKING pc=0x000002ae77531702 sp=0x000000cad54fc038 mode 0
Event: 1.615 Thread 0x000002ae6c827560 DEOPT PACKING pc=0x000002ae77b297dc sp=0x000000cad54fc3b0
Event: 1.615 Thread 0x000002ae6c827560 DEOPT UNPACKING pc=0x000002ae77531702 sp=0x000000cad54fb870 mode 0
Event: 2.002 Thread 0x000002ae052b22f0 DEOPT PACKING pc=0x000002ae779cbf51 sp=0x000000cad73fedd0
Event: 2.002 Thread 0x000002ae052b22f0 DEOPT UNPACKING pc=0x000002ae77531702 sp=0x000000cad73fe228 mode 3
Event: 2.002 Thread 0x000002ae052b2ab0 DEOPT PACKING pc=0x000002ae779d14d6 sp=0x000000cad74ff380
Event: 2.002 Thread 0x000002ae052b2ab0 DEOPT UNPACKING pc=0x000002ae77531702 sp=0x000000cad74fe818 mode 3

Classes loaded (20 events):
Event: 4.861 Loading class java/nio/BufferMismatch
Event: 4.861 Loading class java/nio/BufferMismatch done
Event: 4.861 Loading class sun/nio/ch/SourceChannelImpl
Event: 4.862 Loading class java/nio/channels/Pipe$SourceChannel
Event: 4.862 Loading class java/nio/channels/Pipe$SourceChannel done
Event: 4.862 Loading class sun/nio/ch/SourceChannelImpl done
Event: 4.862 Loading class sun/nio/ch/SinkChannelImpl
Event: 4.862 Loading class java/nio/channels/Pipe$SinkChannel
Event: 4.862 Loading class java/nio/channels/Pipe$SinkChannel done
Event: 4.862 Loading class sun/nio/ch/SinkChannelImpl done
Event: 4.864 Loading class java/util/TreeMap$ValueSpliterator
Event: 4.864 Loading class java/util/TreeMap$TreeMapSpliterator
Event: 4.864 Loading class java/util/TreeMap$TreeMapSpliterator done
Event: 4.864 Loading class java/util/TreeMap$ValueSpliterator done
Event: 4.876 Loading class java/util/IdentityHashMap$KeySpliterator
Event: 4.876 Loading class java/util/IdentityHashMap$IdentityHashMapSpliterator
Event: 4.876 Loading class java/util/IdentityHashMap$IdentityHashMapSpliterator done
Event: 4.876 Loading class java/util/IdentityHashMap$KeySpliterator done
Event: 4.915 Loading class java/util/AbstractMap$SimpleEntry
Event: 4.915 Loading class java/util/AbstractMap$SimpleEntry done

Classes unloaded (0 events):
No events

Classes redefined (0 events):
No events

Internal exceptions (20 events):
Event: 4.305 Thread 0x000002ae6c827560 Exception <a 'java/lang/IncompatibleClassChangeError'{0x00000000898acf18}: Found class java.lang.Object, but interface was expected> (0x00000000898acf18) 
thrown [s\open\src\hotspot\share\interpreter\linkResolver.cpp, line 871]
Event: 4.314 Thread 0x000002ae6c827560 Exception <a 'java/lang/NoSuchMethodError'{0x000000008973c170}: 'java.lang.Object java.lang.invoke.DirectMethodHandle$Holder.invokeStatic(java.lang.Object, int, java.lang.Object)'> (0x000000008973c170) 
thrown [s\open\src\hotspot\share\interpreter\linkResolver.cpp, line 804]
Event: 4.376 Thread 0x000002ae6c827560 Exception <a 'sun/nio/fs/WindowsException'{0x00000000891c0ce8}> (0x00000000891c0ce8) 
thrown [s\open\src\hotspot\share\prims\jni.cpp, line 516]
Event: 4.423 Thread 0x000002ae6c827560 Exception <a 'java/lang/NoSuchMethodError'{0x0000000088dcd8d8}: 'int java.lang.invoke.DirectMethodHandle$Holder.invokeStaticInit(java.lang.Object, int, java.lang.Object, java.lang.Object, java.lang.Object, java.lang.Object)'> (0x0000000088dcd8d8) 
thrown [s\open\src\hotspot\share\interpreter\linkResolver.cpp, line 804]
Event: 4.459 Thread 0x000002ae6c827560 Exception <a 'java/lang/NoSuchMethodError'{0x00000000ffc0e828}: 'java.lang.Object java.lang.invoke.DirectMethodHandle$Holder.newInvokeSpecial(java.lang.Object, java.lang.Object, java.lang.Object, java.lang.Object, java.lang.Object, java.lang.Object, java.lang.Object, java.lang.Object)'> (0x00000000ffc0e828) 
thrown [s\open\src\hotspot\share\interpreter\linkResolver.cpp, line 804]
Event: 4.540 Thread 0x000002ae6c827560 Exception <a 'java/io/IOException'{0x000000008c205d08}> (0x000000008c205d08) 
thrown [s\open\src\hotspot\share\prims\jni.cpp, line 516]
Event: 4.638 Thread 0x000002ae6c827560 Exception <a 'java/lang/IncompatibleClassChangeError'{0x000000008a0012c8}: Found class java.lang.Object, but interface was expected> (0x000000008a0012c8) 
thrown [s\open\src\hotspot\share\interpreter\linkResolver.cpp, line 871]
Event: 4.725 Thread 0x000002ae6c827560 Exception <a 'java/lang/NoSuchMethodError'{0x0000000089877ae8}: 'void java.lang.invoke.DirectMethodHandle$Holder.invokeVirtual(java.lang.Object, java.lang.Object, long)'> (0x0000000089877ae8) 
thrown [s\open\src\hotspot\share\interpreter\linkResolver.cpp, line 804]
Event: 4.756 Thread 0x000002ae6c827560 Exception <a 'java/lang/NoSuchMethodError'{0x00000000896c3198}: 'int java.lang.invoke.DirectMethodHandle$Holder.invokeStaticInit(java.lang.Object, java.lang.Object, java.lang.Object, java.lang.Object)'> (0x00000000896c3198) 
thrown [s\open\src\hotspot\share\interpreter\linkResolver.cpp, line 804]
Event: 4.784 Thread 0x000002ae6c827560 Exception <a 'java/lang/IncompatibleClassChangeError'{0x00000000894c6c10}: Found class java.lang.Object, but interface was expected> (0x00000000894c6c10) 
thrown [s\open\src\hotspot\share\interpreter\linkResolver.cpp, line 871]
Event: 4.840 Thread 0x000002ae6c827560 Exception <a 'java/lang/NoSuchMethodError'{0x0000000088fd1c98}: 'java.lang.Object java.lang.invoke.DirectMethodHandle$Holder.newInvokeSpecial(java.lang.Object, java.lang.Object, int, java.lang.Object, java.lang.Object)'> (0x0000000088fd1c98) 
thrown [s\open\src\hotspot\share\interpreter\linkResolver.cpp, line 804]
Event: 4.889 Thread 0x000002ae6c827560 Exception <a 'java/lang/NoSuchMethodError'{0x00000000887713a8}: 'long java.lang.invoke.DelegatingMethodHandle$Holder.reinvoke_L(java.lang.Object, java.lang.Object)'> (0x00000000887713a8) 
thrown [s\open\src\hotspot\share\interpreter\linkResolver.cpp, line 804]
Event: 4.890 Thread 0x000002ae6c827560 Exception <a 'java/lang/NoSuchMethodError'{0x00000000887d3348}: 'java.lang.Object java.lang.invoke.DirectMethodHandle$Holder.invokeInterface(java.lang.Object, java.lang.Object, java.lang.Object, java.lang.Object)'> (0x00000000887d3348) 
thrown [s\open\src\hotspot\share\interpreter\linkResolver.cpp, line 804]
Event: 4.904 Thread 0x000002ae6c827560 Exception <a 'java/lang/IncompatibleClassChangeError'{0x00000000fff4e8e8}: Found class java.lang.Object, but interface was expected> (0x00000000fff4e8e8) 
thrown [s\open\src\hotspot\share\interpreter\linkResolver.cpp, line 871]
Event: 4.904 Thread 0x000002ae06636c00 Exception <a 'java/lang/IncompatibleClassChangeError'{0x00000000ffffc758}: Found class java.lang.Object, but interface was expected> (0x00000000ffffc758) 
thrown [s\open\src\hotspot\share\interpreter\linkResolver.cpp, line 871]
Event: 4.956 Thread 0x000002ae06636c00 Exception <a 'java/lang/IncompatibleClassChangeError'{0x00000000ff911e08}: Found class java.lang.Object, but interface was expected> (0x00000000ff911e08) 
thrown [s\open\src\hotspot\share\interpreter\linkResolver.cpp, line 871]
Event: 4.960 Thread 0x000002ae06636c00 Exception <a 'java/lang/NoSuchMethodError'{0x00000000ff93cdf0}: 'void java.lang.invoke.DirectMethodHandle$Holder.invokeSpecialIFC(java.lang.Object, java.lang.Object, int, java.lang.Object, java.lang.Object, java.lang.Object, java.lang.Object)'> (0x00000000ff93cdf0) 
thrown [s\open\src\hotspot\share\interpreter\linkResolver.cpp, line 804]
Event: 4.990 Thread 0x000002ae06636c00 Exception <a 'java/lang/IncompatibleClassChangeError'{0x00000000ff8550e0}: Found class java.lang.Object, but interface was expected> (0x00000000ff8550e0) 
thrown [s\open\src\hotspot\share\interpreter\linkResolver.cpp, line 871]
Event: 5.008 Thread 0x000002ae06636c00 Exception <a 'java/lang/NoSuchMethodError'{0x000000009063dcc8}: 'java.lang.Object java.lang.invoke.Invokers$Holder.linkToTargetMethod(java.lang.Object, int, java.lang.Object, java.lang.Object, java.lang.Object, java.lang.Object)'> (0x000000009063dcc8) 
thrown [s\open\src\hotspot\share\interpreter\linkResolver.cpp, line 804]
Event: 5.009 Thread 0x000002ae06636c00 Exception <a 'java/lang/NoSuchMethodError'{0x0000000090657848}: 'int java.lang.invoke.DirectMethodHandle$Holder.invokeStatic(java.lang.Object, java.lang.Object, int, java.lang.Object)'> (0x0000000090657848) 
thrown [s\open\src\hotspot\share\interpreter\linkResolver.cpp, line 804]

VM Operations (20 events):
Event: 4.427 Executing safepoint VM operation: G1CollectForAllocation (G1 Evacuation Pause)
Event: 4.429 Executing safepoint VM operation: G1CollectForAllocation (G1 Evacuation Pause) done
Event: 4.564 Executing non-safepoint VM operation: HandshakeAllThreads (Deoptimize)
Event: 4.564 Executing non-safepoint VM operation: HandshakeAllThreads (Deoptimize) done
Event: 4.569 Executing non-safepoint VM operation: HandshakeAllThreads (Deoptimize)
Event: 4.569 Executing non-safepoint VM operation: HandshakeAllThreads (Deoptimize) done
Event: 4.579 Executing non-safepoint VM operation: HandshakeAllThreads (Deoptimize)
Event: 4.579 Executing non-safepoint VM operation: HandshakeAllThreads (Deoptimize) done
Event: 4.579 Executing non-safepoint VM operation: HandshakeAllThreads (Deoptimize)
Event: 4.579 Executing non-safepoint VM operation: HandshakeAllThreads (Deoptimize) done
Event: 4.644 Executing non-safepoint VM operation: HandshakeAllThreads (Deoptimize)
Event: 4.644 Executing non-safepoint VM operation: HandshakeAllThreads (Deoptimize) done
Event: 4.740 Executing non-safepoint VM operation: HandshakeAllThreads (Deoptimize)
Event: 4.740 Executing non-safepoint VM operation: HandshakeAllThreads (Deoptimize) done
Event: 4.894 Executing safepoint VM operation: G1CollectForAllocation (G1 Evacuation Pause)
Event: 4.898 Executing safepoint VM operation: G1CollectForAllocation (G1 Evacuation Pause) done
Event: 4.918 Executing non-safepoint VM operation: HandshakeAllThreads (Deoptimize)
Event: 4.918 Executing non-safepoint VM operation: HandshakeAllThreads (Deoptimize) done
Event: 4.996 Executing non-safepoint VM operation: HandshakeAllThreads (Deoptimize)
Event: 4.996 Executing non-safepoint VM operation: HandshakeAllThreads (Deoptimize) done

Memory protections (0 events):
No events

Nmethod flushes (20 events):
Event: 4.186 Thread 0x000002ae7f8e3a40 flushing  nmethod 0x000002ae777e2d88
Event: 4.186 Thread 0x000002ae7f8e3a40 flushing  nmethod 0x000002ae77832e88
Event: 4.186 Thread 0x000002ae7f8e3a40 flushing  nmethod 0x000002ae77a98508
Event: 4.186 Thread 0x000002ae7f8e3a40 flushing  nmethod 0x000002ae77adc208
Event: 4.186 Thread 0x000002ae7f8e3a40 flushing  nmethod 0x000002ae77be6108
Event: 4.186 Thread 0x000002ae7f8e3a40 flushing  nmethod 0x000002ae777c3988
Event: 4.186 Thread 0x000002ae7f8e3a40 flushing  nmethod 0x000002ae77aaee08
Event: 4.186 Thread 0x000002ae7f8e3a40 flushing  nmethod 0x000002ae778ad108
Event: 4.186 Thread 0x000002ae7f8e3a40 flushing  nmethod 0x000002ae778a6a08
Event: 4.186 Thread 0x000002ae7f8e3a40 flushing  nmethod 0x000002ae779cbd08
Event: 4.186 Thread 0x000002ae7f8e3a40 flushing  nmethod 0x000002ae77a59388
Event: 4.186 Thread 0x000002ae7f8e3a40 flushing  nmethod 0x000002ae77b28e08
Event: 4.186 Thread 0x000002ae7f8e3a40 flushing  nmethod 0x000002ae77b29588
Event: 4.186 Thread 0x000002ae7f8e3a40 flushing  nmethod 0x000002ae77b3df88
Event: 4.186 Thread 0x000002ae7f8e3a40 flushing  nmethod 0x000002ae77bfb488
Event: 4.186 Thread 0x000002ae7f8e3a40 flushing  nmethod 0x000002ae77bfb788
Event: 4.186 Thread 0x000002ae7f8e3a40 flushing  nmethod 0x000002ae7791c788
Event: 4.186 Thread 0x000002ae7f8e3a40 flushing  nmethod 0x000002ae7791ce08
Event: 4.186 Thread 0x000002ae7f8e3a40 flushing  nmethod 0x000002ae77ab2208
Event: 4.186 Thread 0x000002ae7f8e3a40 flushing  nmethod 0x000002ae77c44408

Events (20 events):
Event: 4.846 Thread 0x000002ae6c827560 Thread added: 0x000002ae053d74c0
Event: 4.846 Thread 0x000002ae6c827560 Thread added: 0x000002ae053d7c90
Event: 4.846 Thread 0x000002ae6c827560 Thread added: 0x000002ae053d6cf0
Event: 4.846 Thread 0x000002ae6c827560 Thread added: 0x000002ae053d6520
Event: 4.846 Thread 0x000002ae6c827560 Thread added: 0x000002ae053dbb10
Event: 4.846 Thread 0x000002ae6c827560 Thread added: 0x000002ae053da3a0
Event: 4.847 Thread 0x000002ae6c827560 Thread added: 0x000002ae053dab70
Event: 4.847 Thread 0x000002ae6c827560 Thread added: 0x000002ae053db340
Event: 4.847 Thread 0x000002ae6c827560 Thread added: 0x000002ae049b4b30
Event: 4.847 Thread 0x000002ae6c827560 Thread added: 0x000002ae06628e30
Event: 4.863 Thread 0x000002ae6c827560 Thread added: 0x000002ae06637ba0
Event: 4.864 Thread 0x000002ae6c827560 Thread added: 0x000002ae066344f0
Event: 4.872 Thread 0x000002ae6c827560 Thread added: 0x000002ae06636c00
Event: 4.974 Thread 0x000002ae6c827560 Thread exited: 0x000002ae6c827560
Event: 4.974 Thread 0x000002ae06638370 Thread added: 0x000002ae06638370
Event: 7.655 Thread 0x000002ae05409e60 Thread exited: 0x000002ae05409e60
Event: 7.873 Thread 0x000002ae6ec79520 Thread exited: 0x000002ae6ec79520
Event: 12.006 Thread 0x000002ae6ec7cd90 Thread exited: 0x000002ae6ec7cd90
Event: 19.907 Thread 0x000002ae6ec7ad50 Thread added: 0x000002ae05de6210
Event: 19.907 Thread 0x000002ae6ec7ad50 Thread added: 0x000002ae05de5a00


Dynamic libraries:
0x00007ff7477d0000 - 0x00007ff7477e0000 	C:\Program Files\Java\jdk-25\bin\java.exe
0x00007ffbc25e0000 - 0x00007ffbc2847000 	C:\WINDOWS\SYSTEM32\ntdll.dll
0x00007ffb818d0000 - 0x00007ffb818f1000 	C:\Program Files\Avast Software\Avast\aswhook.dll
0x00007ffbc0720000 - 0x00007ffbc07e9000 	C:\WINDOWS\System32\KERNEL32.DLL
0x00007ffbbf9c0000 - 0x00007ffbbfdb4000 	C:\WINDOWS\System32\KERNELBASE.dll
0x00007ffbbff40000 - 0x00007ffbc008b000 	C:\WINDOWS\System32\ucrtbase.dll
0x00007ffb9ab70000 - 0x00007ffb9ab87000 	C:\Program Files\Java\jdk-25\bin\jli.dll
0x00007ffbb9a00000 - 0x00007ffbb9a1e000 	C:\Program Files\Java\jdk-25\bin\VCRUNTIME140.dll
0x00007ffbc09e0000 - 0x00007ffbc0ba5000 	C:\WINDOWS\System32\USER32.dll
0x00007ffbbefb0000 - 0x00007ffbbefd7000 	C:\WINDOWS\System32\win32u.dll
0x00007ffb90a70000 - 0x00007ffb90d03000 	C:\WINDOWS\WinSxS\amd64_microsoft.windows.common-controls_6595b64144ccf1df_6.0.26100.8115_none_3e075c82e3354f9c\COMCTL32.dll
0x00007ffbc0cb0000 - 0x00007ffbc0cdb000 	C:\WINDOWS\System32\GDI32.dll
0x00007ffbc1690000 - 0x00007ffbc1739000 	C:\WINDOWS\System32\msvcrt.dll
0x00007ffbbee80000 - 0x00007ffbbefab000 	C:\WINDOWS\System32\gdi32full.dll
0x00007ffbbefe0000 - 0x00007ffbbf083000 	C:\WINDOWS\System32\msvcp_win.dll
0x00007ffbc0530000 - 0x00007ffbc0562000 	C:\WINDOWS\System32\IMM32.DLL
0x00007ffb9ab60000 - 0x00007ffb9ab6c000 	C:\Program Files\Java\jdk-25\bin\vcruntime140_1.dll
0x00007ffb5fa30000 - 0x00007ffb5fabd000 	C:\Program Files\Java\jdk-25\bin\msvcp140.dll
0x00007ffb07f10000 - 0x00007ffb08d6f000 	C:\Program Files\Java\jdk-25\bin\server\jvm.dll
0x00007ffbc0d70000 - 0x00007ffbc0e26000 	C:\WINDOWS\System32\ADVAPI32.dll
0x00007ffbc2030000 - 0x00007ffbc20d7000 	C:\WINDOWS\System32\sechost.dll
0x00007ffbc1740000 - 0x00007ffbc1858000 	C:\WINDOWS\System32\RPCRT4.dll
0x00007ffbc0690000 - 0x00007ffbc0710000 	C:\WINDOWS\System32\WS2_32.dll
0x00007ffbb0b50000 - 0x00007ffbb0b5b000 	C:\WINDOWS\SYSTEM32\VERSION.dll
0x00007ffbb9830000 - 0x00007ffbb9866000 	C:\WINDOWS\SYSTEM32\WINMM.dll
0x00007ffbbece0000 - 0x00007ffbbed3e000 	C:\WINDOWS\SYSTEM32\POWRPROF.dll
0x00007ffbbecc0000 - 0x00007ffbbecd4000 	C:\WINDOWS\SYSTEM32\UMPDC.dll
0x00007ffbbdc10000 - 0x00007ffbbdc2b000 	C:\WINDOWS\SYSTEM32\kernel.appcore.dll
0x00007ffb9ab50000 - 0x00007ffb9ab5a000 	C:\Program Files\Java\jdk-25\bin\jimage.dll
0x00007ffbbcc80000 - 0x00007ffbbcec2000 	C:\WINDOWS\SYSTEM32\DBGHELP.DLL
0x00007ffbc1860000 - 0x00007ffbc1be2000 	C:\WINDOWS\System32\combase.dll
0x00007ffbc15b0000 - 0x00007ffbc1688000 	C:\WINDOWS\System32\OLEAUT32.dll
0x00007ffbaa3f0000 - 0x00007ffbaa42b000 	C:\WINDOWS\SYSTEM32\dbgcore.DLL
0x00007ffbc0090000 - 0x00007ffbc0135000 	C:\WINDOWS\System32\bcryptPrimitives.dll
0x00007ffb9ab30000 - 0x00007ffb9ab4f000 	C:\Program Files\Java\jdk-25\bin\java.dll
0x00007ffbc0840000 - 0x00007ffbc09d7000 	C:\WINDOWS\System32\ole32.dll
0x00007ffbc0e40000 - 0x00007ffbc15a7000 	C:\WINDOWS\System32\SHELL32.dll
0x00007ffbc0140000 - 0x00007ffbc02aa000 	C:\WINDOWS\System32\wintypes.dll
0x00007ffbbf150000 - 0x00007ffbbf9b8000 	C:\WINDOWS\System32\windows.storage.dll
0x00007ffbc1d40000 - 0x00007ffbc1e38000 	C:\WINDOWS\System32\SHCORE.dll
0x00007ffbc0620000 - 0x00007ffbc0686000 	C:\WINDOWS\System32\shlwapi.dll
0x00007ffbbeda0000 - 0x00007ffbbedc9000 	C:\WINDOWS\SYSTEM32\profapi.dll
0x00007ffb87430000 - 0x00007ffb87442000 	C:\Program Files\Java\jdk-25\bin\net.dll
0x00007ffbbe180000 - 0x00007ffbbe1ec000 	C:\WINDOWS\system32\mswsock.dll
0x00007ffb87410000 - 0x00007ffb87426000 	C:\Program Files\Java\jdk-25\bin\nio.dll
0x00007ffb873f0000 - 0x00007ffb87407000 	C:\Program Files\Java\jdk-25\bin\zip.dll
0x00007ffb9d930000 - 0x00007ffb9d93e000 	C:\Program Files\Java\jdk-25\bin\sunmscapi.dll
0x00007ffbbfdc0000 - 0x00007ffbbff37000 	C:\WINDOWS\System32\CRYPT32.dll
0x00007ffbbe680000 - 0x00007ffbbe6b0000 	C:\WINDOWS\SYSTEM32\ncrypt.dll
0x00007ffbbe630000 - 0x00007ffbbe66f000 	C:\WINDOWS\SYSTEM32\NTASN1.dll
0x00007ffbbe470000 - 0x00007ffbbe48b000 	C:\WINDOWS\SYSTEM32\CRYPTSP.dll
0x00007ffbbdb70000 - 0x00007ffbbdba9000 	C:\WINDOWS\system32\rsaenh.dll
0x00007ffbbe230000 - 0x00007ffbbe263000 	C:\WINDOWS\SYSTEM32\USERENV.dll
0x00007ffbbed70000 - 0x00007ffbbed9a000 	C:\WINDOWS\SYSTEM32\bcrypt.dll
0x00007ffbbe460000 - 0x00007ffbbe46c000 	C:\WINDOWS\SYSTEM32\CRYPTBASE.dll
0x00007ffbbd620000 - 0x00007ffbbd652000 	C:\WINDOWS\SYSTEM32\IPHLPAPI.DLL
0x00007ffbc1e40000 - 0x00007ffbc1e4a000 	C:\WINDOWS\System32\NSI.dll
0x00007ffb9d920000 - 0x00007ffb9d92a000 	C:\Program Files\Java\jdk-25\bin\management.dll
0x00007ffb9d900000 - 0x00007ffb9d90c000 	C:\Program Files\Java\jdk-25\bin\management_ext.dll
0x00007ffbc0e30000 - 0x00007ffbc0e38000 	C:\WINDOWS\System32\PSAPI.DLL
0x00007ffbbd6c0000 - 0x00007ffbbd7f2000 	C:\WINDOWS\SYSTEM32\DNSAPI.dll
0x00007ffbb64e0000 - 0x00007ffbb64eb000 	C:\Windows\System32\rasadhlp.dll
0x00007ffbb0be0000 - 0x00007ffbb0c66000 	C:\WINDOWS\System32\fwpuclnt.dll
0x00007ffb9b5a0000 - 0x00007ffb9b5a9000 	C:\Program Files\Java\jdk-25\bin\extnet.dll
0x00007ffb873e0000 - 0x00007ffb873f0000 	C:\Program Files\Java\jdk-25\bin\verify.dll
0x00007ffb804f0000 - 0x00007ffb804f8000 	C:\WINDOWS\system32\wshunix.dll

JVMTI agents: none

dbghelp: loaded successfully - version: 4.0.5 - missing functions: none
symbol engine: initialized successfully - sym options: 0x614 - pdb path: .;C:\Program Files\Java\jdk-25\bin;C:\WINDOWS\SYSTEM32;C:\Program Files\Avast Software\Avast;C:\WINDOWS\WinSxS\amd64_microsoft.windows.common-controls_6595b64144ccf1df_6.0.26100.8115_none_3e075c82e3354f9c;C:\Program Files\Java\jdk-25\bin\server

VM Arguments:
jvm_args: -XX:TieredStopAtLevel=1 
java_command: com.buslocator.backend.BackendApplication
java_class_path (initial): C:\Users\HP\Videos\INTER\backend\backend\target\classes;C:\Users\HP\.m2\repository\org\springframework\boot\spring-boot\3.4.5\spring-boot-3.4.5.jar;C:\Users\HP\.m2\repository\org\springframework\boot\spring-boot-autoconfigure\3.4.5\spring-boot-autoconfigure-3.4.5.jar;C:\Users\HP\.m2\repository\ch\qos\logback\logback-classic\1.5.18\logback-classic-1.5.18.jar;C:\Users\HP\.m2\repository\ch\qos\logback\logback-core\1.5.18\logback-core-1.5.18.jar;C:\Users\HP\.m2\repository\org\apache\logging\log4j\log4j-to-slf4j\2.24.3\log4j-to-slf4j-2.24.3.jar;C:\Users\HP\.m2\repository\org\apache\logging\log4j\log4j-api\2.24.3\log4j-api-2.24.3.jar;C:\Users\HP\.m2\repository\org\slf4j\jul-to-slf4j\2.0.17\jul-to-slf4j-2.0.17.jar;C:\Users\HP\.m2\repository\jakarta\annotation\jakarta.annotation-api\2.1.1\jakarta.annotation-api-2.1.1.jar;C:\Users\HP\.m2\repository\org\yaml\snakeyaml\2.3\snakeyaml-2.3.jar;C:\Users\HP\.m2\repository\com\zaxxer\HikariCP\5.1.0\HikariCP-5.1.0.jar;C:\Users\HP\.m2\repository\org\springframework\spring-jdbc\6.2.6\spring-jdbc-6.2.6.jar;C:\Users\HP\.m2\repository\org\hibernate\orm\hibernate-core\6.6.13.Final\hibernate-core-6.6.13.Final.jar;C:\Users\HP\.m2\repository\jakarta\persistence\jakarta.persistence-api\3.1.0\jakarta.persistence-api-3.1.0.jar;C:\Users\HP\.m2\repository\jakarta\transaction\jakarta.transaction-api\2.0.1\jakarta.transaction-api-2.0.1.jar;C:\Users\HP\.m2\repository\org\jboss\logging\jboss-logging\3.6.1.Final\jboss-logging-3.6.1.Final.jar;C:\Users\HP\.m2\repository\org\hibernate\common\hibernate-commons-annotations\7.0.3.Final\hibernate-commons-annotations-7.0.3.Final.jar;C:\Users\HP\.m2\repository\io\smallrye\jandex\3.2.0\jandex-3.2.0.jar;C:\Users\HP\.m2\repository\com\fasterxml\classmate\1.7.0\classmate-1.7.0.jar;C:\Users\HP\.m2\repository\net\bytebuddy\byte-buddy\1.15.11\byte-buddy-1.15.11.jar;C:\Users\HP\.m2\repository\org\glassfish\jaxb\jaxb-runtime\4.0.5\jaxb-runtime-4.0.5.jar;C:\Users\HP\.m2\repository\org\glassfish\jaxb\jaxb-core\4.0.5\jaxb-core-4.0.5.jar;C:\Users\HP\.m2\repository\org\eclipse\angus\angus-activation\2.0.2\angus-activation-2.0.2.jar;C:\Users\HP\.m2\repository\org\glassfish\jaxb\txw2\4.0.5\txw2-4.0.5.jar;C:\Users\HP\.m2\repository\com\sun\istack\istack-commons-runtime\4.1.2\istack-commons-runtime-4.1.2.jar;C:\Users\HP\.m2\repository\jakarta\inject\jakarta.inject-api\2.0.1\jakarta.inject-api-2.0.1.jar;C:\Users\HP\.m2\repository\org\antlr\antlr4-runtime\4.13.0\antlr4-runtime-4.13.0.jar;C:\Users\HP\.m2\repository\org\springframework\data\spring-data-jpa\3.4.5\spring-data-jpa-3.4.5.jar;C:\Users\HP\.m2\repository\org\springframework\data\spring-data-commons\3.4.5\spring-data-commons-3.4.5.jar;C:\Users\HP\.m2\repository\org\springframework\spring-orm\6.2.6\spring-orm-6.2.6.jar;C:\Users\HP\.m2\repository\org\springframework\spring-context\6.2.6\spring-context-6.2.6.jar;C:\Users\HP\.m2\repository\org\springframework\spring-tx\6.2.6\spring-tx-6.2.6.jar;C:\Users\HP\.m2\repository\org\springframework\spring-beans\6.2.6\spring-beans-6.2.6.jar;C:\Users\HP\.m2\repository\org\slf4j\slf4j-api\2.0.17\slf4j-api-2.0.17.jar;C:\Users\HP\.m2\repository\org\springframework\spring-aspects\6.2.6\spring-aspects-6.2.6.jar;C:\Users\HP\.m2\repository\org\aspectj\aspectjweaver\1.9.24\aspectjweaver-1.9.24.jar;C:\Users\HP\.m2\repository\org\springframework\spring-aop\6.2.6\spring-aop-6.2.6.jar;C:\Users\HP\.m2\repository\org\springframework\security\spring-security-config\6.4.5\spring-security-config-6.4.5.jar;C:\Users\HP\.m2\repository\org\springframework\security\spring-security-web\6.4.5\spring-security-web-6.4.5.jar;C:\Users\HP\.m2\repository\org\springframework\spring-expression\6.2.6\spring-expression-6.2.6.jar;C:\Users\HP\.m2\repository\com\fasterxml\jackson\datatype\jackson-datatype-jdk8\2.18.3\jackson-datatype-jdk8-2.18.3.jar;C:\Users\HP\.m2\repository\com\fasterxml\jackson\datatype\jackson-datatype-jsr310\2.18.3\jackson-datatype-jsr310-2.18.3.jar;C:\Users\HP\.m2\repository\com\fasterxml\jackson\module\jackson-module-parameter-names\2.18.3\jackson-module-parameter-names-2.18.3.jar;C:\Users\HP\.m2\repository\org\apache\tomcat\embed\tomcat-embed-core\10.1.40\tomcat-embed-core-10.1.40.jar;C:\Users\HP\.m2\repository\org\apache\tomcat\embed\tomcat-embed-el\10.1.40\tomcat-embed-el-10.1.40.jar;C:\Users\HP\.m2\repository\org\apache\tomcat\embed\tomcat-embed-websocket\10.1.40\tomcat-embed-websocket-10.1.40.jar;C:\Users\HP\.m2\repository\org\springframework\spring-web\6.2.6\spring-web-6.2.6.jar;C:\Users\HP\.m2\repository\io\micrometer\micrometer-observation\1.14.6\micrometer-observation-1.14.6.jar;C:\Users\HP\.m2\repository\io\micrometer\micrometer-commons\1.14.6\micrometer-commons-1.14.6.jar;C:\Users\HP\.m2\repository\org\springframework\spring-webmvc\6.2.6\spring-webmvc-6.2.6.jar;C:\Users\HP\.m2\repository\com\mysql\mysql-connector-j\9.1.0\mysql-connector-j-9.1.0.jar;C:\Users\HP\.m2\repository\jakarta\xml\bind\jakarta.xml.bind-api\4.0.2\jakarta.xml.bind-api-4.0.2.jar;C:\Users\HP\.m2\repository\jakarta\activation\jakarta.activation-api\2.1.3\jakarta.activation-api-2.1.3.jar;C:\Users\HP\.m2\repository\org\springframework\spring-core\6.2.6\spring-core-6.2.6.jar;C:\Users\HP\.m2\repository\org\springframework\spring-jcl\6.2.6\spring-jcl-6.2.6.jar;C:\Users\HP\.m2\repository\org\springframework\security\spring-security-core\6.4.5\spring-security-core-6.4.5.jar;C:\Users\HP\.m2\repository\org\springframework\security\spring-security-crypto\6.4.5\spring-security-crypto-6.4.5.jar;C:\Users\HP\.m2\repository\io\jsonwebtoken\jjwt-api\0.11.5\jjwt-api-0.11.5.jar;C:\Users\HP\.m2\repository\io\jsonwebtoken\jjwt-impl\0.11.5\jjwt-impl-0.11.5.jar;C:\Users\HP\.m2\repository\io\jsonwebtoken\jjwt-jackson\0.11.5\jjwt-jackson-0.11.5.jar;C:\Users\HP\.m2\repository\com\fasterxml\jackson\core\jackson-databind\2.18.3\jackson-databind-2.18.3.jar;C:\Users\HP\.m2\repository\com\fasterxml\jackson\core\jackson-annotations\2.18.3\jackson-annotations-2.18.3.jar;C:\Users\HP\.m2\repository\com\fasterxml\jackson\core\jackson-core\2.18.3\jackson-core-2.18.3.jar
Launcher Type: SUN_STANDARD

[Global flags]
     intx CICompilerCount                          = 4                                         {product} {ergonomic}
     uint ConcGCThreads                            = 3                                         {product} {ergonomic}
     uint G1ConcRefinementThreads                  = 10                                        {product} {ergonomic}
   size_t G1HeapRegionSize                         = 1048576                                   {product} {ergonomic}
   size_t InitialHeapSize                          = 130023424                                 {product} {ergonomic}
   size_t MarkStackSize                            = 4194304                                   {product} {ergonomic}
   size_t MarkStackSizeMax                         = 536870912                                 {product} {ergonomic}
   size_t MaxHeapSize                              = 2055208960                                {product} {ergonomic}
   size_t MaxNewSize                               = 1233125376                                {product} {ergonomic}
   size_t MinHeapDeltaBytes                        = 1048576                                   {product} {ergonomic}
   size_t MinHeapSize                              = 8388608                                   {product} {ergonomic}
    uintx NonNMethodCodeHeapSize                   = 4096                                   {pd product} {ergonomic}
    uintx NonProfiledCodeHeapSize                  = 0                                      {pd product} {ergonomic}
     bool ProfileInterpreter                       = false                                  {pd product} {command line}
    uintx ProfiledCodeHeapSize                     = 0                                      {pd product} {ergonomic}
   size_t SoftMaxHeapSize                          = 2055208960                             {manageable} {ergonomic}
     intx TieredStopAtLevel                        = 1                                         {product} {command line}
     bool UseCompressedOops                        = true                           {product lp64_product} {ergonomic}
     bool UseG1GC                                  = true                                      {product} {ergonomic}
     bool UseLargePagesIndividualAllocation        = false                                  {pd product} {ergonomic}

Logging:
Log output configuration:
 #0: stdout all=warning uptime,level,tags foldmultilines=false
 #1: stderr all=off uptime,level,tags foldmultilines=false

Release file:
IMPLEMENTOR="Oracle Corporation" 
JAVA_RUNTIME_VERSION="25+37-LTS-3491" 
JAVA_VERSION="25" 
JAVA_VERSION_DATE="2025-09-16" 
LIBC="default" 
MODULES="java.base java.compiler java.datatransfer java.xml java.prefs java.desktop java.instrument java.logging java.management java.security.sasl java.naming java.rmi java.management.rmi java.net.http java.scripting java.security.jgss java.transaction.xa java.sql java.sql.rowset java.xml.crypto java.se java.smartcardio jdk.accessibility jdk.internal.jvmstat jdk.attach jdk.charsets jdk.internal.opt jdk.zipfs jdk.compiler jdk.crypto.cryptoki jdk.crypto.ec jdk.crypto.mscapi jdk.dynalink jdk.internal.ed jdk.editpad jdk.internal.vm.ci jdk.graal.compiler jdk.graal.compiler.management jdk.hotspot.agent jdk.httpserver jdk.incubator.vector jdk.internal.le jdk.internal.md jdk.jartool jdk.javadoc jdk.jcmd jdk.management jdk.management.agent jdk.jconsole jdk.jdeps jdk.jdwp.agent jdk.jdi jdk.jfr jdk.jlink jdk.jpackage jdk.jshell jdk.jsobject jdk.jstatd jdk.localedata jdk.management.jfr jdk.naming.dns jdk.naming.rmi jdk.net jdk.nio.mapmode jdk.sctp jdk.security.auth jdk.security.jgss jdk.unsupported jdk.unsupported.desktop jdk.xml.dom" 
OS_ARCH="x86_64" 
OS_NAME="Windows" 
SOURCE=".:git:49d6a23b8806 open:git:6c48f4ed707b" 

Environment Variables:
JAVA_HOME=C:\Program Files\Java\jdk-25
PATH=C:\Program Files\Common Files\Oracle\Java\javapath;C:\Program Files (x86)\Common Files\Oracle\Java\java8path;C:\Program Files (x86)\Common Files\Oracle\Java\javapath;C:\ORC\ORACLEE\bin;C:\app\HP\product\21c\dbhomeXE\bin;E:\oracle21\ORACL\bin;C:\Dossier_Oracle21c\Oracle21c\bin;C:\WINDOWS\system32;C:\WINDOWS;C:\WINDOWS\System32\Wbem;C:\WINDOWS\System32\WindowsPowerShell\v1.0\;C:\WINDOWS\System32\OpenSSH\;C:\appliiiiiii\flutter_windows_3.35.7-stable.zip\flutter\bin;C:\Program Files\Docker\Docker\resources\bin;C:\Program Files\Git\cmd;C:\Program Files\nodejs\;C:\Program Files\Apache\maven\bin;C:\Program Files\MySQL\MySQL Shell 8.0\bin\;C:\Users\HP\AppData\Local\Programs\Python\Python313\Scripts\;C:\Users\HP\AppData\Local\Programs\Python\Python313\;C:\Users\HP\AppData\Local\Programs\Python\Launcher\;C:\Users\HP\AppData\Local\Microsoft\WindowsApps;C:\Users\HP\AppData\Local\Programs\Microsoft VS Code\bin;C:\Users\HP\AppData\Local\Python\bin;C:\Users\HP\AppData\Roaming\npm;C:\Program Files\Java\jdk-25\bin;C:\Maven\apache-maven-3.9.15\bin;D:\Nouveau dossier\Antigravity\bin
USERNAME=HP
LANG=en_US.UTF-8
OS=Windows_NT
PROCESSOR_IDENTIFIER=Intel64 Family 6 Model 186 Stepping 3, GenuineIntel
TMP=C:\Users\HP\AppData\Local\Temp
TEMP=C:\Users\HP\AppData\Local\Temp




Compilation memory statistics disabled.

Periodic native trim disabled

---------------  S Y S T E M  ---------------

OS:
 Windows 11 , 64 bit Build 26100 (10.0.26100.8246)
OS uptime: 0 days 1:31 hours
Hyper-V role detected

CPU: total 12 (initial active 12) (6 cores per cpu, 2 threads per core) family 6 model 186 stepping 3 microcode 0x4121, cx8, cmov, fxsr, ht, mmx, 3dnowpref, sse, sse2, sse3, ssse3, sse4.1, sse4.2, popcnt, lzcnt, tsc, tscinvbit, avx, avx2, aes, erms, clmul, bmi1, bmi2, adx, sha, fma, vzeroupper, clflush, clflushopt, clwb, hv, serialize, rdtscp, rdpid, fsrm, gfni, f16c, cet_ibt, cet_ss
Processor Information for processor 0
  Max Mhz: 1300, Current Mhz: 1300, Mhz Limit: 1300
Processor Information for processor 1
  Max Mhz: 1300, Current Mhz: 1300, Mhz Limit: 1300
Processor Information for processor 2
  Max Mhz: 1300, Current Mhz: 1300, Mhz Limit: 1300
Processor Information for processor 3
  Max Mhz: 1300, Current Mhz: 1300, Mhz Limit: 1300
Processor Information for processor 4
  Max Mhz: 1300, Current Mhz: 900, Mhz Limit: 897
Processor Information for processor 5
  Max Mhz: 1300, Current Mhz: 900, Mhz Limit: 897
Processor Information for processor 6
  Max Mhz: 1300, Current Mhz: 900, Mhz Limit: 897
Processor Information for processor 7
  Max Mhz: 1300, Current Mhz: 900, Mhz Limit: 897
Processor Information for processor 8
  Max Mhz: 1300, Current Mhz: 900, Mhz Limit: 897
Processor Information for processor 9
  Max Mhz: 1300, Current Mhz: 900, Mhz Limit: 897
Processor Information for processor 10
  Max Mhz: 1300, Current Mhz: 900, Mhz Limit: 897
Processor Information for processor 11
  Max Mhz: 1300, Current Mhz: 900, Mhz Limit: 897

Memory: 4k page, system-wide physical 7835M (651M free)
TotalPageFile size 13835M (AvailPageFile size 226M)
current process WorkingSet (physical memory assigned to process): 253M, peak: 253M
current process commit charge ("private bytes"): 383M, peak: 383M

vm_info: Java HotSpot(TM) 64-Bit Server VM (25+37-LTS-3491) for windows-amd64 JRE (25+37-LTS-3491), built on 2025-08-14T21:13:00Z with unknown MS VC++:1943

END.
