#
# There is insufficient memory for the Java Runtime Environment to continue.
# Native memory allocation (malloc) failed to allocate 32752 bytes. Error detail: Chunk::new
# Possible reasons:
#   The system is out of physical RAM or swap space
#   This process is running with CompressedOops enabled, and the Java Heap may be blocking the growth of the native heap
# Possible solutions:
#   Reduce memory load on the system
#   Increase physical memory or swap space
#   Check if swap backing store is full
#   Decrease Java heap size (-Xmx/-Xms)
#   Decrease number of Java threads
#   Decrease Java thread stack sizes (-Xss)
#   Set larger code cache with -XX:ReservedCodeCacheSize=
#   JVM is running with Unscaled Compressed Oops mode in which the Java heap is
#     placed in the first 4GB address space. The Java Heap base address is the
#     maximum limit for the native heap growth. Please use -XX:HeapBaseMinAddress
#     to set the Java Heap base and to place the Java Heap above 4GB virtual address.
# This output file may be truncated or incomplete.
#
#  Out of Memory Error (arena.cpp:186), pid=1428, tid=8596
#
# JRE version: Java(TM) SE Runtime Environment (25.0+37) (build 25+37-LTS-3491)
# Java VM: Java HotSpot(TM) 64-Bit Server VM (25+37-LTS-3491, mixed mode, emulated-client, sharing, tiered, compressed oops, compressed class ptrs, g1 gc, windows-amd64)
# No core dump will be written. Minidumps are not enabled by default on client versions of Windows
#

---------------  S U M M A R Y ------------

Command Line: -XX:TieredStopAtLevel=1 com.buslocator.backend.BackendApplication

Host: 13th Gen Intel(R) Core(TM) i5-1335U, 12 cores, 7G,  Windows 11 , 64 bit Build 26100 (10.0.26100.8246)
Time: Thu Apr 30 00:21:16 2026 Greenwich elapsed time: 43.091679 seconds (0d 0h 0m 43s)

---------------  T H R E A D  ---------------

Current thread (0x00000200a34eef60):  JavaThread "C1 CompilerThread2" daemon [_thread_in_native, id=8596, stack(0x0000007ed4400000,0x0000007ed4500000) (1024K)]


Current CompileTask:
C1:43091 7667   !   1       com.mysql.cj.protocol.a.NativeProtocol::sendQueryPacket (934 bytes)

Stack: [0x0000007ed4400000,0x0000007ed4500000]
Native frames: (J=compiled Java code, j=interpreted, Vv=VM code, C=native code)
V  [jvm.dll+0x7a6a39]  (no source info available)
V  [jvm.dll+0x7727ed]  (no source info available)
V  [jvm.dll+0x965f33]  (no source info available)
V  [jvm.dll+0x968531]  (no source info available)
V  [jvm.dll+0x968c33]  (no source info available)
V  [jvm.dll+0x2fc756]  (no source info available)
V  [jvm.dll+0x111b26]  (no source info available)
V  [jvm.dll+0x111e4e]  (no source info available)
V  [jvm.dll+0x1a966b]  (no source info available)
V  [jvm.dll+0x1a8ac7]  (no source info available)
V  [jvm.dll+0x209206]  (no source info available)
V  [jvm.dll+0x20ac75]  (no source info available)
V  [jvm.dll+0x20a47a]  (no source info available)
V  [jvm.dll+0x1d475b]  (no source info available)
V  [jvm.dll+0x1be336]  (no source info available)
V  [jvm.dll+0x1be4d3]  (no source info available)
V  [jvm.dll+0x1be84e]  (no source info available)
V  [jvm.dll+0x1bdb91]  (no source info available)
V  [jvm.dll+0x1bfa0d]  (no source info available)
V  [jvm.dll+0x2cfb56]  (no source info available)
V  [jvm.dll+0x2cddd5]  (no source info available)
V  [jvm.dll+0x48e671]  (no source info available)
V  [jvm.dll+0x90681d]  (no source info available)
V  [jvm.dll+0x7a5015]  (no source info available)
C  [ucrtbase.dll+0x37b0]  (no source info available)
C  [KERNEL32.DLL+0x2e8d7]  (no source info available)
C  [ntdll.dll+0x8c3fc]  (no source info available)

Lock stack of current Java thread (top to bottom):


---------------  P R O C E S S  ---------------

Threads class SMR info:
_java_thread_list=0x00000200bac12ee0, length=31, elements={
0x00000200b41629c0, 0x00000200b4163f90, 0x00000200b4166100, 0x00000200b4168f60,
0x00000200b416a690, 0x00000200b416c560, 0x00000200a34ed730, 0x00000200b4432c10,
0x00000200b4438700, 0x00000200ba11f860, 0x00000200ba120020, 0x00000200ba168d60,
0x00000200ba17b4f0, 0x00000200b4136340, 0x00000200bad18a30, 0x00000200bad1b140,
0x00000200bad1a970, 0x00000200bad19200, 0x00000200badcef30, 0x00000200badd1e10,
0x00000200badd1640, 0x00000200badd2db0, 0x00000200badd25e0, 0x00000200badd06a0,
0x00000200badd4cf0, 0x00000200badd6460, 0x00000200badebf00, 0x00000200badeb730,
0x00000200a34ee750, 0x00000200a34eef60, 0x00000200a34ebf00
}

Java Threads: ( => current thread )
  0x00000200b41629c0 JavaThread "Reference Handler"          daemon [_thread_blocked, id=7428, stack(0x0000007ed2700000,0x0000007ed2800000) (1024K)]
  0x00000200b4163f90 JavaThread "Finalizer"                  daemon [_thread_blocked, id=22272, stack(0x0000007ed2800000,0x0000007ed2900000) (1024K)]
  0x00000200b4166100 JavaThread "Signal Dispatcher"          daemon [_thread_blocked, id=13672, stack(0x0000007ed2900000,0x0000007ed2a00000) (1024K)]
  0x00000200b4168f60 JavaThread "Attach Listener"            daemon [_thread_blocked, id=2136, stack(0x0000007ed2a00000,0x0000007ed2b00000) (1024K)]
  0x00000200b416a690 JavaThread "Service Thread"             daemon [_thread_blocked, id=12792, stack(0x0000007ed2b00000,0x0000007ed2c00000) (1024K)]
  0x00000200b416c560 JavaThread "Monitor Deflation Thread"   daemon [_thread_blocked, id=14844, stack(0x0000007ed2c00000,0x0000007ed2d00000) (1024K)]
  0x00000200a34ed730 JavaThread "C1 CompilerThread0"         daemon [_thread_blocked, id=23436, stack(0x0000007ed2d00000,0x0000007ed2e00000) (1024K)]
  0x00000200b4432c10 JavaThread "Notification Thread"        daemon [_thread_blocked, id=23528, stack(0x0000007ed2e00000,0x0000007ed2f00000) (1024K)]
  0x00000200b4438700 JavaThread "Common-Cleaner"             daemon [_thread_blocked, id=23524, stack(0x0000007ed2f00000,0x0000007ed3000000) (1024K)]
  0x00000200ba11f860 JavaThread "Catalina-utility-1"                [_thread_blocked, id=22556, stack(0x0000007ed3e00000,0x0000007ed3f00000) (1024K)]
  0x00000200ba120020 JavaThread "Catalina-utility-2"                [_thread_blocked, id=22572, stack(0x0000007ed3f00000,0x0000007ed4000000) (1024K)]
  0x00000200ba168d60 JavaThread "container-0"                       [_thread_blocked, id=22268, stack(0x0000007ed4000000,0x0000007ed4100000) (1024K)]
  0x00000200ba17b4f0 JavaThread "mysql-cj-abandoned-connection-cleanup" daemon [_thread_blocked, id=22652, stack(0x0000007ed4100000,0x0000007ed4200000) (1024K)]
  0x00000200b4136340 JavaThread "HikariPool-1 housekeeper"   daemon [_thread_blocked, id=18620, stack(0x0000007ed4300000,0x0000007ed4400000) (1024K)]
  0x00000200bad18a30 JavaThread "http-nio-8080-exec-1"       daemon [_thread_blocked, id=14328, stack(0x0000007ed4500000,0x0000007ed4600000) (1024K)]
  0x00000200bad1b140 JavaThread "http-nio-8080-exec-2"       daemon [_thread_blocked, id=19292, stack(0x0000007ed4600000,0x0000007ed4700000) (1024K)]
  0x00000200bad1a970 JavaThread "http-nio-8080-exec-3"       daemon [_thread_blocked, id=18408, stack(0x0000007ed4700000,0x0000007ed4800000) (1024K)]
  0x00000200bad19200 JavaThread "http-nio-8080-exec-4"       daemon [_thread_blocked, id=22204, stack(0x0000007ed4800000,0x0000007ed4900000) (1024K)]
  0x00000200badcef30 JavaThread "http-nio-8080-exec-5"       daemon [_thread_blocked, id=8536, stack(0x0000007ed4900000,0x0000007ed4a00000) (1024K)]
  0x00000200badd1e10 JavaThread "http-nio-8080-exec-6"       daemon [_thread_blocked, id=6124, stack(0x0000007ed4a00000,0x0000007ed4b00000) (1024K)]
  0x00000200badd1640 JavaThread "http-nio-8080-exec-7"       daemon [_thread_blocked, id=13268, stack(0x0000007ed4b00000,0x0000007ed4c00000) (1024K)]
  0x00000200badd2db0 JavaThread "http-nio-8080-exec-8"       daemon [_thread_blocked, id=4956, stack(0x0000007ed4c00000,0x0000007ed4d00000) (1024K)]
  0x00000200badd25e0 JavaThread "http-nio-8080-exec-9"       daemon [_thread_blocked, id=12772, stack(0x0000007ed4d00000,0x0000007ed4e00000) (1024K)]
  0x00000200badd06a0 JavaThread "http-nio-8080-exec-10"      daemon [_thread_blocked, id=3412, stack(0x0000007ed4e00000,0x0000007ed4f00000) (1024K)]
  0x00000200badd4cf0 JavaThread "http-nio-8080-Poller"       daemon [_thread_in_native, id=18992, stack(0x0000007ed4f00000,0x0000007ed5000000) (1024K)]
  0x00000200badd6460 JavaThread "http-nio-8080-Acceptor"     daemon [_thread_in_native, id=11600, stack(0x0000007ed5000000,0x0000007ed5100000) (1024K)]
  0x00000200badebf00 JavaThread "scheduling-1"                      [_thread_blocked, id=11188, stack(0x0000007ed5100000,0x0000007ed5200000) (1024K)]
  0x00000200badeb730 JavaThread "DestroyJavaVM"                     [_thread_blocked, id=13784, stack(0x0000007ed1f00000,0x0000007ed2000000) (1024K)]
  0x00000200a34ee750 JavaThread "C1 CompilerThread1"         daemon [_thread_blocked, id=23112, stack(0x0000007ed3000000,0x0000007ed3100000) (1024K)]
=>0x00000200a34eef60 JavaThread "C1 CompilerThread2"         daemon [_thread_in_native, id=8596, stack(0x0000007ed4400000,0x0000007ed4500000) (1024K)]
  0x00000200a34ebf00 JavaThread "C1 CompilerThread3"         daemon [_thread_blocked, id=12948, stack(0x0000007ed5200000,0x0000007ed5300000) (1024K)]
Total: 31

Other Threads:
  0x00000200b4153270 VMThread "VM Thread"                           [id=21220, stack(0x0000007ed2600000,0x0000007ed2700000) (1024K)]
  0x00000200b413e140 WatcherThread "VM Periodic Task Thread"        [id=3032, stack(0x0000007ed2500000,0x0000007ed2600000) (1024K)]
  0x00000200a3539970 WorkerThread "GC Thread#0"                     [id=5604, stack(0x0000007ed2000000,0x0000007ed2100000) (1024K)]
  0x00000200b998c7a0 WorkerThread "GC Thread#1"                     [id=16076, stack(0x0000007ed3400000,0x0000007ed3500000) (1024K)]
  0x00000200b9992300 WorkerThread "GC Thread#2"                     [id=16164, stack(0x0000007ed3500000,0x0000007ed3600000) (1024K)]
  0x00000200b9992730 WorkerThread "GC Thread#3"                     [id=16020, stack(0x0000007ed3600000,0x0000007ed3700000) (1024K)]
  0x00000200b99b6fd0 WorkerThread "GC Thread#4"                     [id=17008, stack(0x0000007ed3700000,0x0000007ed3800000) (1024K)]
  0x00000200b99b7810 WorkerThread "GC Thread#5"                     [id=17004, stack(0x0000007ed3800000,0x0000007ed3900000) (1024K)]
  0x00000200b9d0cf40 WorkerThread "GC Thread#6"                     [id=21868, stack(0x0000007ed3300000,0x0000007ed3400000) (1024K)]
  0x00000200b9d10300 WorkerThread "GC Thread#7"                     [id=2532, stack(0x0000007ed3900000,0x0000007ed3a00000) (1024K)]
  0x00000200b9d0e920 WorkerThread "GC Thread#8"                     [id=23344, stack(0x0000007ed3a00000,0x0000007ed3b00000) (1024K)]
  0x00000200b9d0d7e0 WorkerThread "GC Thread#9"                     [id=18612, stack(0x0000007ed3b00000,0x0000007ed3c00000) (1024K)]
  0x00000200a35550f0 ConcurrentGCThread "G1 Main Marker"            [id=8284, stack(0x0000007ed2100000,0x0000007ed2200000) (1024K)]
  0x00000200a3556980 WorkerThread "G1 Conc#0"                       [id=8016, stack(0x0000007ed2200000,0x0000007ed2300000) (1024K)]
  0x00000200b9d0f610 WorkerThread "G1 Conc#1"                       [id=17824, stack(0x0000007ed3c00000,0x0000007ed3d00000) (1024K)]
  0x00000200b9d0caf0 WorkerThread "G1 Conc#2"                       [id=22616, stack(0x0000007ed3d00000,0x0000007ed3e00000) (1024K)]
  0x00000200a358e7b0 ConcurrentGCThread "G1 Refine#0"               [id=20300, stack(0x0000007ed2300000,0x0000007ed2400000) (1024K)]
  0x00000200b40013f0 ConcurrentGCThread "G1 Service"                [id=16224, stack(0x0000007ed2400000,0x0000007ed2500000) (1024K)]
Total: 18

Threads with active compile tasks:
C1 CompilerThread2  43303 7667   !   1       com.mysql.cj.protocol.a.NativeProtocol::sendQueryPacket (934 bytes)
Total: 1

VM state: not at safepoint (normal execution)

VM Mutex/Monitor currently owned by a thread: None

Heap address: 0x0000000085800000, size: 1960 MB, Compressed Oops mode: 32-bit

CDS archive(s) mapped at: [0x000000002f000000-0x000000002fdd0000-0x000000002fdd0000), size 14483456, SharedBaseAddress: 0x000000002f000000, ArchiveRelocationMode: 1.
Compressed class space mapped at: 0x0000000030000000-0x0000000070000000, reserved size: 1073741824
UseCompressedClassPointers 1, UseCompactObjectHeaders 0
Narrow klass pointer bits 32, Max shift 3
Narrow klass base: 0x000000002f000000, Narrow klass shift: 0
Encoding Range: [0x000000002f000000 - 0x000000012f000000), (4294967296 bytes)
Klass Range:    [0x000000002f010000 - 0x0000000070000000), (1090453504 bytes)
Klass ID Range:  [65536 - 1090519033) (1090453497)
Protection zone: [0x000000002f000000 - 0x000000002f010000), (65536 bytes)

GC Precious Log:
 CardTable entry size: 512
 Card Set container configuration: InlinePtr #cards 5 size 8 Array Of Cards #cards 10 size 36 Howl #buckets 4 coarsen threshold 1843 Howl Bitmap #cards 512 size 80 coarsen threshold 460 Card regions per heap region 1 cards per card region 2048
 CPUs: 12 total, 12 available
 Memory: 7835M
 Large Page Support: Disabled
 NUMA Support: Disabled
 Compressed Oops: Enabled (32-bit)
 Heap Region Size: 1M
 Heap Min Capacity: 8M
 Heap Initial Capacity: 124M
 Heap Max Capacity: 1960M
 Pre-touch: Disabled
 Parallel Workers: 10
 Concurrent Workers: 3
 Concurrent Refinement Workers: 10
 Periodic GC: Disabled

Heap:
 garbage-first heap   total reserved 2007040K, committed 147456K, used 74213K [0x0000000085800000, 0x0000000100000000)
  region size 1024K, 26 young (26624K), 7 survivors (7168K)

Heap Regions: E=young(eden), S=young(survivor), O=old, HS=humongous(starts), HC=humongous(continues), CS=collection set, F=free, TAMS=top-at-mark-start, PB=parsable bottom
|   0|0x0000000085800000, 0x0000000085900000, 0x0000000085900000|100%|HS|  |TAMS 0x0000000085800000| PB 0x0000000085800000| Complete |  0
|   1|0x0000000085900000, 0x0000000085a00000, 0x0000000085a00000|100%|HS|  |TAMS 0x0000000085900000| PB 0x0000000085900000| Complete |  0
|   2|0x0000000085a00000, 0x0000000085b00000, 0x0000000085b00000|100%| O|  |TAMS 0x0000000085a00000| PB 0x0000000085a00000| Untracked |  0
|   3|0x0000000085b00000, 0x0000000085c00000, 0x0000000085c00000|100%| O|  |TAMS 0x0000000085b00000| PB 0x0000000085b00000| Untracked |  0
|   4|0x0000000085c00000, 0x0000000085d00000, 0x0000000085d00000|100%| O|  |TAMS 0x0000000085c00000| PB 0x0000000085c00000| Untracked |  0
|   5|0x0000000085d00000, 0x0000000085e00000, 0x0000000085e00000|100%| O|  |TAMS 0x0000000085d00000| PB 0x0000000085d00000| Untracked |  0
|   6|0x0000000085e00000, 0x0000000085f00000, 0x0000000085f00000|100%| O|  |TAMS 0x0000000085e00000| PB 0x0000000085e00000| Untracked |  0
|   7|0x0000000085f00000, 0x0000000086000000, 0x0000000086000000|100%| O|  |TAMS 0x0000000085f00000| PB 0x0000000085f00000| Untracked |  0
|   8|0x0000000086000000, 0x0000000086100000, 0x0000000086100000|100%| O|  |TAMS 0x0000000086000000| PB 0x0000000086000000| Untracked |  0
|   9|0x0000000086100000, 0x0000000086200000, 0x0000000086200000|100%| O|  |TAMS 0x0000000086100000| PB 0x0000000086100000| Untracked |  0
|  10|0x0000000086200000, 0x0000000086300000, 0x0000000086300000|100%| O|  |TAMS 0x0000000086200000| PB 0x0000000086200000| Untracked |  0
|  11|0x0000000086300000, 0x0000000086400000, 0x0000000086400000|100%| O|  |TAMS 0x0000000086300000| PB 0x0000000086300000| Untracked |  0
|  12|0x0000000086400000, 0x0000000086500000, 0x0000000086500000|100%| O|  |TAMS 0x0000000086400000| PB 0x0000000086400000| Untracked |  0
|  13|0x0000000086500000, 0x0000000086600000, 0x0000000086600000|100%| O|  |TAMS 0x0000000086500000| PB 0x0000000086500000| Untracked |  0
|  14|0x0000000086600000, 0x0000000086700000, 0x0000000086700000|100%| O|  |TAMS 0x0000000086600000| PB 0x0000000086600000| Untracked |  0
|  15|0x0000000086700000, 0x0000000086800000, 0x0000000086800000|100%| O|  |TAMS 0x0000000086700000| PB 0x0000000086700000| Untracked |  0
|  16|0x0000000086800000, 0x0000000086900000, 0x0000000086900000|100%| O|  |TAMS 0x0000000086800000| PB 0x0000000086800000| Untracked |  0
|  17|0x0000000086900000, 0x0000000086a00000, 0x0000000086a00000|100%| O|  |TAMS 0x0000000086900000| PB 0x0000000086900000| Untracked |  0
|  18|0x0000000086a00000, 0x0000000086b00000, 0x0000000086b00000|100%| O|  |TAMS 0x0000000086a00000| PB 0x0000000086a00000| Untracked |  0
|  19|0x0000000086b00000, 0x0000000086c00000, 0x0000000086c00000|100%| O|  |TAMS 0x0000000086b00000| PB 0x0000000086b00000| Untracked |  0
|  20|0x0000000086c00000, 0x0000000086d00000, 0x0000000086d00000|100%| O|  |TAMS 0x0000000086c00000| PB 0x0000000086c00000| Untracked |  0
|  21|0x0000000086d00000, 0x0000000086e00000, 0x0000000086e00000|100%| O|  |TAMS 0x0000000086d00000| PB 0x0000000086d00000| Untracked |  0
|  22|0x0000000086e00000, 0x0000000086f00000, 0x0000000086f00000|100%| O|  |TAMS 0x0000000086e00000| PB 0x0000000086e00000| Untracked |  0
|  23|0x0000000086f00000, 0x0000000087000000, 0x0000000087000000|100%| O|  |TAMS 0x0000000086f00000| PB 0x0000000086f00000| Untracked |  0
|  24|0x0000000087000000, 0x0000000087100000, 0x0000000087100000|100%| O|  |TAMS 0x0000000087000000| PB 0x0000000087000000| Untracked |  0
|  25|0x0000000087100000, 0x0000000087200000, 0x0000000087200000|100%| O|  |TAMS 0x0000000087100000| PB 0x0000000087100000| Untracked |  0
|  26|0x0000000087200000, 0x0000000087300000, 0x0000000087300000|100%| O|  |TAMS 0x0000000087200000| PB 0x0000000087200000| Untracked |  0
|  27|0x0000000087300000, 0x0000000087400000, 0x0000000087400000|100%| O|  |TAMS 0x0000000087300000| PB 0x0000000087300000| Untracked |  0
|  28|0x0000000087400000, 0x0000000087500000, 0x0000000087500000|100%| O|  |TAMS 0x0000000087400000| PB 0x0000000087400000| Untracked |  0
|  29|0x0000000087500000, 0x0000000087600000, 0x0000000087600000|100%| O|  |TAMS 0x0000000087500000| PB 0x0000000087500000| Untracked |  0
|  30|0x0000000087600000, 0x0000000087700000, 0x0000000087700000|100%| O|Cm|TAMS 0x0000000087600000| PB 0x0000000087600000| Complete |  0
|  31|0x0000000087700000, 0x0000000087800000, 0x0000000087800000|100%| O|Cm|TAMS 0x0000000087700000| PB 0x0000000087700000| Complete |  0
|  32|0x0000000087800000, 0x0000000087900000, 0x0000000087900000|100%| O|  |TAMS 0x0000000087800000| PB 0x0000000087800000| Untracked |  0
|  33|0x0000000087900000, 0x0000000087a00000, 0x0000000087a00000|100%| O|Cm|TAMS 0x0000000087900000| PB 0x0000000087900000| Complete |  0
|  34|0x0000000087a00000, 0x0000000087b00000, 0x0000000087b00000|100%| O|Cm|TAMS 0x0000000087a00000| PB 0x0000000087a00000| Complete |  0
|  35|0x0000000087b00000, 0x0000000087c00000, 0x0000000087c00000|100%| O|  |TAMS 0x0000000087b00000| PB 0x0000000087b00000| Untracked |  0
|  36|0x0000000087c00000, 0x0000000087d00000, 0x0000000087d00000|100%| O|Cm|TAMS 0x0000000087c00000| PB 0x0000000087c00000| Complete |  0
|  37|0x0000000087d00000, 0x0000000087e00000, 0x0000000087e00000|100%| O|Cm|TAMS 0x0000000087d00000| PB 0x0000000087d00000| Complete |  0
|  38|0x0000000087e00000, 0x0000000087f00000, 0x0000000087f00000|100%| O|  |TAMS 0x0000000087e00000| PB 0x0000000087e00000| Untracked |  0
|  39|0x0000000087f00000, 0x0000000088000000, 0x0000000088000000|100%| O|Cm|TAMS 0x0000000087f00000| PB 0x0000000087f00000| Complete |  0
|  40|0x0000000088000000, 0x0000000088100000, 0x0000000088100000|100%| O|Cm|TAMS 0x0000000088000000| PB 0x0000000088000000| Complete |  0
|  41|0x0000000088100000, 0x0000000088200000, 0x0000000088200000|100%| O|  |TAMS 0x0000000088100000| PB 0x0000000088100000| Untracked |  0
|  42|0x0000000088200000, 0x0000000088300000, 0x0000000088300000|100%| O|  |TAMS 0x0000000088200000| PB 0x0000000088200000| Untracked |  0
|  43|0x0000000088300000, 0x0000000088400000, 0x0000000088400000|100%| O|  |TAMS 0x0000000088300000| PB 0x0000000088300000| Untracked |  0
|  44|0x0000000088400000, 0x0000000088500000, 0x0000000088500000|100%| O|  |TAMS 0x0000000088400000| PB 0x0000000088400000| Untracked |  0
|  45|0x0000000088500000, 0x0000000088600000, 0x0000000088600000|100%| O|  |TAMS 0x0000000088500000| PB 0x0000000088500000| Untracked |  0
|  46|0x0000000088600000, 0x0000000088700000, 0x0000000088700000|100%| O|  |TAMS 0x0000000088600000| PB 0x0000000088600000| Untracked |  0
|  47|0x0000000088700000, 0x0000000088700000, 0x0000000088800000|  0%| F|  |TAMS 0x0000000088700000| PB 0x0000000088700000| Untracked |  0
|  48|0x0000000088800000, 0x0000000088800000, 0x0000000088900000|  0%| F|  |TAMS 0x0000000088800000| PB 0x0000000088800000| Untracked |  0
|  49|0x0000000088900000, 0x0000000088900000, 0x0000000088a00000|  0%| F|  |TAMS 0x0000000088900000| PB 0x0000000088900000| Untracked |  0
|  50|0x0000000088a00000, 0x0000000088a00000, 0x0000000088b00000|  0%| F|  |TAMS 0x0000000088a00000| PB 0x0000000088a00000| Untracked |  0
|  51|0x0000000088b00000, 0x0000000088b00000, 0x0000000088c00000|  0%| F|  |TAMS 0x0000000088b00000| PB 0x0000000088b00000| Untracked |  0
|  52|0x0000000088c00000, 0x0000000088c00000, 0x0000000088d00000|  0%| F|  |TAMS 0x0000000088c00000| PB 0x0000000088c00000| Untracked |  0
|  53|0x0000000088d00000, 0x0000000088d00000, 0x0000000088e00000|  0%| F|  |TAMS 0x0000000088d00000| PB 0x0000000088d00000| Untracked |  0
|  54|0x0000000088e00000, 0x0000000088e00000, 0x0000000088f00000|  0%| F|  |TAMS 0x0000000088e00000| PB 0x0000000088e00000| Untracked |  0
|  55|0x0000000088f00000, 0x0000000088f00000, 0x0000000089000000|  0%| F|  |TAMS 0x0000000088f00000| PB 0x0000000088f00000| Untracked |  0
|  56|0x0000000089000000, 0x0000000089000000, 0x0000000089100000|  0%| F|  |TAMS 0x0000000089000000| PB 0x0000000089000000| Untracked |  0
|  57|0x0000000089100000, 0x0000000089100000, 0x0000000089200000|  0%| F|  |TAMS 0x0000000089100000| PB 0x0000000089100000| Untracked |  0
|  58|0x0000000089200000, 0x0000000089200000, 0x0000000089300000|  0%| F|  |TAMS 0x0000000089200000| PB 0x0000000089200000| Untracked |  0
|  59|0x0000000089300000, 0x0000000089300000, 0x0000000089400000|  0%| F|  |TAMS 0x0000000089300000| PB 0x0000000089300000| Untracked |  0
|  60|0x0000000089400000, 0x0000000089400000, 0x0000000089500000|  0%| F|  |TAMS 0x0000000089400000| PB 0x0000000089400000| Untracked |  0
|  61|0x0000000089500000, 0x0000000089500000, 0x0000000089600000|  0%| F|  |TAMS 0x0000000089500000| PB 0x0000000089500000| Untracked |  0
|  62|0x0000000089600000, 0x0000000089600000, 0x0000000089700000|  0%| F|  |TAMS 0x0000000089600000| PB 0x0000000089600000| Untracked |  0
|  63|0x0000000089700000, 0x0000000089700000, 0x0000000089800000|  0%| F|  |TAMS 0x0000000089700000| PB 0x0000000089700000| Untracked |  0
|  64|0x0000000089800000, 0x0000000089800000, 0x0000000089900000|  0%| F|  |TAMS 0x0000000089800000| PB 0x0000000089800000| Untracked |  0
|  65|0x0000000089900000, 0x0000000089900000, 0x0000000089a00000|  0%| F|  |TAMS 0x0000000089900000| PB 0x0000000089900000| Untracked |  0
|  66|0x0000000089a00000, 0x0000000089a00000, 0x0000000089b00000|  0%| F|  |TAMS 0x0000000089a00000| PB 0x0000000089a00000| Untracked |  0
|  67|0x0000000089b00000, 0x0000000089b00000, 0x0000000089c00000|  0%| F|  |TAMS 0x0000000089b00000| PB 0x0000000089b00000| Untracked |  0
|  68|0x0000000089c00000, 0x0000000089c00000, 0x0000000089d00000|  0%| F|  |TAMS 0x0000000089c00000| PB 0x0000000089c00000| Untracked |  0
|  69|0x0000000089d00000, 0x0000000089d00000, 0x0000000089e00000|  0%| F|  |TAMS 0x0000000089d00000| PB 0x0000000089d00000| Untracked |  0
|  70|0x0000000089e00000, 0x0000000089e00000, 0x0000000089f00000|  0%| F|  |TAMS 0x0000000089e00000| PB 0x0000000089e00000| Untracked |  0
|  71|0x0000000089f00000, 0x0000000089f00000, 0x000000008a000000|  0%| F|  |TAMS 0x0000000089f00000| PB 0x0000000089f00000| Untracked |  0
|  72|0x000000008a000000, 0x000000008a000000, 0x000000008a100000|  0%| F|  |TAMS 0x000000008a000000| PB 0x000000008a000000| Untracked |  0
|  73|0x000000008a100000, 0x000000008a100000, 0x000000008a200000|  0%| F|  |TAMS 0x000000008a100000| PB 0x000000008a100000| Untracked |  0
|  74|0x000000008a200000, 0x000000008a200000, 0x000000008a300000|  0%| F|  |TAMS 0x000000008a200000| PB 0x000000008a200000| Untracked |  0
|  75|0x000000008a300000, 0x000000008a300000, 0x000000008a400000|  0%| F|  |TAMS 0x000000008a300000| PB 0x000000008a300000| Untracked |  0
|  76|0x000000008a400000, 0x000000008a400000, 0x000000008a500000|  0%| F|  |TAMS 0x000000008a400000| PB 0x000000008a400000| Untracked |  0
|  77|0x000000008a500000, 0x000000008a500000, 0x000000008a600000|  0%| F|  |TAMS 0x000000008a500000| PB 0x000000008a500000| Untracked |  0
|  78|0x000000008a600000, 0x000000008a600000, 0x000000008a700000|  0%| F|  |TAMS 0x000000008a600000| PB 0x000000008a600000| Untracked |  0
|  79|0x000000008a700000, 0x000000008a7796d0, 0x000000008a800000| 47%| S|CS|TAMS 0x000000008a700000| PB 0x000000008a700000| Complete |  0
|  80|0x000000008a800000, 0x000000008a900000, 0x000000008a900000|100%| S|CS|TAMS 0x000000008a800000| PB 0x000000008a800000| Complete |  0
|  81|0x000000008a900000, 0x000000008aa00000, 0x000000008aa00000|100%| S|CS|TAMS 0x000000008a900000| PB 0x000000008a900000| Complete |  0
|  82|0x000000008aa00000, 0x000000008ab00000, 0x000000008ab00000|100%| S|CS|TAMS 0x000000008aa00000| PB 0x000000008aa00000| Complete |  0
|  83|0x000000008ab00000, 0x000000008ac00000, 0x000000008ac00000|100%| S|CS|TAMS 0x000000008ab00000| PB 0x000000008ab00000| Complete |  0
|  84|0x000000008ac00000, 0x000000008ad00000, 0x000000008ad00000|100%| S|CS|TAMS 0x000000008ac00000| PB 0x000000008ac00000| Complete |  0
|  85|0x000000008ad00000, 0x000000008ae00000, 0x000000008ae00000|100%| S|CS|TAMS 0x000000008ad00000| PB 0x000000008ad00000| Complete |  0
|  86|0x000000008ae00000, 0x000000008ae00000, 0x000000008af00000|  0%| F|  |TAMS 0x000000008ae00000| PB 0x000000008ae00000| Untracked |  0
|  87|0x000000008af00000, 0x000000008af00000, 0x000000008b000000|  0%| F|  |TAMS 0x000000008af00000| PB 0x000000008af00000| Untracked |  0
|  88|0x000000008b000000, 0x000000008b000000, 0x000000008b100000|  0%| F|  |TAMS 0x000000008b000000| PB 0x000000008b000000| Untracked |  0
|  89|0x000000008b100000, 0x000000008b100000, 0x000000008b200000|  0%| F|  |TAMS 0x000000008b100000| PB 0x000000008b100000| Untracked |  0
|  90|0x000000008b200000, 0x000000008b200000, 0x000000008b300000|  0%| F|  |TAMS 0x000000008b200000| PB 0x000000008b200000| Untracked |  0
|  91|0x000000008b300000, 0x000000008b300000, 0x000000008b400000|  0%| F|  |TAMS 0x000000008b300000| PB 0x000000008b300000| Untracked |  0
|  92|0x000000008b400000, 0x000000008b400000, 0x000000008b500000|  0%| F|  |TAMS 0x000000008b400000| PB 0x000000008b400000| Untracked |  0
|  93|0x000000008b500000, 0x000000008b500000, 0x000000008b600000|  0%| F|  |TAMS 0x000000008b500000| PB 0x000000008b500000| Untracked |  0
|  94|0x000000008b600000, 0x000000008b600000, 0x000000008b700000|  0%| F|  |TAMS 0x000000008b600000| PB 0x000000008b600000| Untracked |  0
|  95|0x000000008b700000, 0x000000008b700000, 0x000000008b800000|  0%| F|  |TAMS 0x000000008b700000| PB 0x000000008b700000| Untracked |  0
|  96|0x000000008b800000, 0x000000008b800000, 0x000000008b900000|  0%| F|  |TAMS 0x000000008b800000| PB 0x000000008b800000| Untracked |  0
|  97|0x000000008b900000, 0x000000008b900000, 0x000000008ba00000|  0%| F|  |TAMS 0x000000008b900000| PB 0x000000008b900000| Untracked |  0
|  98|0x000000008ba00000, 0x000000008ba00000, 0x000000008bb00000|  0%| F|  |TAMS 0x000000008ba00000| PB 0x000000008ba00000| Untracked |  0
|  99|0x000000008bb00000, 0x000000008bb00000, 0x000000008bc00000|  0%| F|  |TAMS 0x000000008bb00000| PB 0x000000008bb00000| Untracked |  0
| 100|0x000000008bc00000, 0x000000008bc00000, 0x000000008bd00000|  0%| F|  |TAMS 0x000000008bc00000| PB 0x000000008bc00000| Untracked |  0
| 101|0x000000008bd00000, 0x000000008bd00000, 0x000000008be00000|  0%| F|  |TAMS 0x000000008bd00000| PB 0x000000008bd00000| Untracked |  0
| 102|0x000000008be00000, 0x000000008be00000, 0x000000008bf00000|  0%| F|  |TAMS 0x000000008be00000| PB 0x000000008be00000| Untracked |  0
| 103|0x000000008bf00000, 0x000000008bf00000, 0x000000008c000000|  0%| F|  |TAMS 0x000000008bf00000| PB 0x000000008bf00000| Untracked |  0
| 104|0x000000008c000000, 0x000000008c000000, 0x000000008c100000|  0%| F|  |TAMS 0x000000008c000000| PB 0x000000008c000000| Untracked |  0
| 105|0x000000008c100000, 0x000000008c100000, 0x000000008c200000|  0%| F|  |TAMS 0x000000008c100000| PB 0x000000008c100000| Untracked |  0
| 106|0x000000008c200000, 0x000000008c200000, 0x000000008c300000|  0%| F|  |TAMS 0x000000008c200000| PB 0x000000008c200000| Untracked |  0
| 107|0x000000008c300000, 0x000000008c300000, 0x000000008c400000|  0%| F|  |TAMS 0x000000008c300000| PB 0x000000008c300000| Untracked |  0
| 108|0x000000008c400000, 0x000000008c400000, 0x000000008c500000|  0%| F|  |TAMS 0x000000008c400000| PB 0x000000008c400000| Untracked |  0
| 109|0x000000008c500000, 0x000000008c500000, 0x000000008c600000|  0%| F|  |TAMS 0x000000008c500000| PB 0x000000008c500000| Untracked |  0
| 110|0x000000008c600000, 0x000000008c600000, 0x000000008c700000|  0%| F|  |TAMS 0x000000008c600000| PB 0x000000008c600000| Untracked |  0
| 111|0x000000008c700000, 0x000000008c700000, 0x000000008c800000|  0%| F|  |TAMS 0x000000008c700000| PB 0x000000008c700000| Untracked |  0
| 112|0x000000008c800000, 0x000000008c800000, 0x000000008c900000|  0%| F|  |TAMS 0x000000008c800000| PB 0x000000008c800000| Untracked |  0
| 113|0x000000008c900000, 0x000000008c900000, 0x000000008ca00000|  0%| F|  |TAMS 0x000000008c900000| PB 0x000000008c900000| Untracked |  0
| 114|0x000000008ca00000, 0x000000008ca00000, 0x000000008cb00000|  0%| F|  |TAMS 0x000000008ca00000| PB 0x000000008ca00000| Untracked |  0
| 115|0x000000008cb00000, 0x000000008cb00000, 0x000000008cc00000|  0%| F|  |TAMS 0x000000008cb00000| PB 0x000000008cb00000| Untracked |  0
| 116|0x000000008cc00000, 0x000000008cc00000, 0x000000008cd00000|  0%| F|  |TAMS 0x000000008cc00000| PB 0x000000008cc00000| Untracked |  0
| 117|0x000000008cd00000, 0x000000008cd00000, 0x000000008ce00000|  0%| F|  |TAMS 0x000000008cd00000| PB 0x000000008cd00000| Untracked |  0
| 118|0x000000008ce00000, 0x000000008ce00000, 0x000000008cf00000|  0%| F|  |TAMS 0x000000008ce00000| PB 0x000000008ce00000| Untracked |  0
| 119|0x000000008cf00000, 0x000000008cf00000, 0x000000008d000000|  0%| F|  |TAMS 0x000000008cf00000| PB 0x000000008cf00000| Untracked |  0
| 120|0x000000008d000000, 0x000000008d000000, 0x000000008d100000|  0%| F|  |TAMS 0x000000008d000000| PB 0x000000008d000000| Untracked |  0
| 121|0x000000008d100000, 0x000000008d100000, 0x000000008d200000|  0%| F|  |TAMS 0x000000008d100000| PB 0x000000008d100000| Untracked |  0
| 122|0x000000008d200000, 0x000000008d200000, 0x000000008d300000|  0%| F|  |TAMS 0x000000008d200000| PB 0x000000008d200000| Untracked |  0
| 123|0x000000008d300000, 0x000000008d350788, 0x000000008d400000| 31%| E|  |TAMS 0x000000008d300000| PB 0x000000008d300000| Complete |  0
| 124|0x000000008d400000, 0x000000008d500000, 0x000000008d500000|100%| E|CS|TAMS 0x000000008d400000| PB 0x000000008d400000| Complete |  0
| 125|0x000000008d500000, 0x000000008d600000, 0x000000008d600000|100%| E|CS|TAMS 0x000000008d500000| PB 0x000000008d500000| Complete |  0
| 126|0x000000008d600000, 0x000000008d700000, 0x000000008d700000|100%| E|CS|TAMS 0x000000008d600000| PB 0x000000008d600000| Complete |  0
| 127|0x000000008d700000, 0x000000008d800000, 0x000000008d800000|100%| E|CS|TAMS 0x000000008d700000| PB 0x000000008d700000| Complete |  0
| 128|0x000000008d800000, 0x000000008d900000, 0x000000008d900000|100%| E|CS|TAMS 0x000000008d800000| PB 0x000000008d800000| Complete |  0
| 129|0x000000008d900000, 0x000000008da00000, 0x000000008da00000|100%| E|CS|TAMS 0x000000008d900000| PB 0x000000008d900000| Complete |  0
| 130|0x000000008da00000, 0x000000008db00000, 0x000000008db00000|100%| E|CS|TAMS 0x000000008da00000| PB 0x000000008da00000| Complete |  0
| 131|0x000000008db00000, 0x000000008dc00000, 0x000000008dc00000|100%| E|CS|TAMS 0x000000008db00000| PB 0x000000008db00000| Complete |  0
| 132|0x000000008dc00000, 0x000000008dd00000, 0x000000008dd00000|100%| E|CS|TAMS 0x000000008dc00000| PB 0x000000008dc00000| Complete |  0
| 133|0x000000008dd00000, 0x000000008de00000, 0x000000008de00000|100%| E|CS|TAMS 0x000000008dd00000| PB 0x000000008dd00000| Complete |  0
| 134|0x000000008de00000, 0x000000008df00000, 0x000000008df00000|100%| E|CS|TAMS 0x000000008de00000| PB 0x000000008de00000| Complete |  0
| 135|0x000000008df00000, 0x000000008e000000, 0x000000008e000000|100%| E|  |TAMS 0x000000008df00000| PB 0x000000008df00000| Complete |  0
| 136|0x000000008e000000, 0x000000008e100000, 0x000000008e100000|100%| E|CS|TAMS 0x000000008e000000| PB 0x000000008e000000| Complete |  0
| 137|0x000000008e100000, 0x000000008e200000, 0x000000008e200000|100%| E|CS|TAMS 0x000000008e100000| PB 0x000000008e100000| Complete |  0
| 138|0x000000008e200000, 0x000000008e300000, 0x000000008e300000|100%| E|CS|TAMS 0x000000008e200000| PB 0x000000008e200000| Complete |  0
|1955|0x00000000ffb00000, 0x00000000ffc00000, 0x00000000ffc00000|100%| O|Cm|TAMS 0x00000000ffb00000| PB 0x00000000ffb00000| Complete |  0
|1956|0x00000000ffc00000, 0x00000000ffd00000, 0x00000000ffd00000|100%| E|CS|TAMS 0x00000000ffc00000| PB 0x00000000ffc00000| Complete |  0
|1957|0x00000000ffd00000, 0x00000000ffe00000, 0x00000000ffe00000|100%| E|CS|TAMS 0x00000000ffd00000| PB 0x00000000ffd00000| Complete |  0
|1958|0x00000000ffe00000, 0x00000000fff00000, 0x00000000fff00000|100%| O|  |TAMS 0x00000000ffe00000| PB 0x00000000ffe00000| Untracked |  0
|1959|0x00000000fff00000, 0x0000000100000000, 0x0000000100000000|100%| E|CS|TAMS 0x00000000fff00000| PB 0x00000000fff00000| Complete |  0

Card table byte_map: [0x00000200af460000,0x00000200af840000] _byte_map_base: 0x00000200af034000

Marking Bits: (CMBitMap*) 0x00000200a353c010
 Bits: [0x00000200af840000, 0x00000200b16e0000)

Polling page: 0x00000200a1710000

Metaspace:
Metaspace        used 69205K, committed 69824K, reserved 1114112K
 class space     used 8196K, committed 8448K, reserved 1048576K

Usage:
  Non-class:     59.58 MB used.
      Class:      8.00 MB used.
       Both:     67.58 MB used.

Virtual space:
  Non-class space:       64.00 MB reserved,      59.94 MB ( 94%) committed,  1 nodes.
      Class space:        1.00 GB reserved,       8.25 MB ( <1%) committed,  1 nodes.
             Both:        1.06 GB reserved,      68.19 MB (  6%) committed. 

Chunk freelists:
   Non-Class:  4.11 MB
       Class:  7.71 MB
        Both:  11.82 MB

MaxMetaspaceSize: unlimited
CompressedClassSpaceSize: 1.00 GB
Initial GC threshold: 21.00 MB
Current GC threshold: 100.44 MB
CDS: on
 - commit_granule_bytes: 65536.
 - commit_granule_words: 8192.
 - virtual_space_node_default_size: 8388608.
 - enlarge_chunks_in_place: 1.
UseCompressedClassPointers 1, UseCompactObjectHeaders 0
Narrow klass pointer bits 32, Max shift 3
Narrow klass base: 0x000000002f000000, Narrow klass shift: 0
Encoding Range: [0x000000002f000000 - 0x000000012f000000), (4294967296 bytes)
Klass Range:    [0x000000002f010000 - 0x0000000070000000), (1090453504 bytes)
Klass ID Range:  [65536 - 1090519033) (1090453497)
Protection zone: [0x000000002f000000 - 0x000000002f010000), (65536 bytes)


Internal statistics:

num_allocs_failed_limit: 12.
num_arena_births: 734.
num_arena_deaths: 0.
num_vsnodes_births: 2.
num_vsnodes_deaths: 0.
num_space_committed: 1091.
num_space_uncommitted: 0.
num_chunks_returned_to_freelist: 12.
num_chunks_taken_from_freelist: 3235.
num_chunk_merges: 12.
num_chunk_splits: 2465.
num_chunks_enlarged: 2064.
num_inconsistent_stats: 0.

CodeCache: size=49152Kb used=11291Kb max_used=11291Kb free=37860Kb
 bounds [0x00000200abd50000, 0x00000200ac890000, 0x00000200aed50000]
 total_blobs=8332, nmethods=7609, adapters=644, full_count=0
Compilation: enabled, stopped_count=0, restarted_count=0

Compilation events (20 events):
Event: 40.067 Thread 0x00000200a34ed730 7671   !   1       com.mysql.cj.jdbc.result.ResultSetFactory::createFromProtocolEntity (99 bytes)
Event: 40.068 Thread 0x00000200a34ed730 nmethod 7671 0x00000200abe9ba88 code [0x00000200abe9bb80, 0x00000200abe9c180]
Event: 40.068 Thread 0x00000200a34ed730 7669       1       com.mysql.cj.util.LazyString::<init> (20 bytes)
Event: 40.068 Thread 0x00000200a34ed730 nmethod 7669 0x00000200abe9b788 code [0x00000200abe9b880, 0x00000200abe9b998]
Event: 40.068 Thread 0x00000200a34ed730 7672       1       com.mysql.cj.NativeQueryAttributesBindings::removeAttribute (48 bytes)
Event: 41.075 Thread 0x00000200a34ebf00 7685       1       java.text.SimpleDateFormat::compile (674 bytes)
Event: 41.075 Thread 0x00000200a34ee750 nmethod 7666 0x00000200abe9a288 code [0x00000200abe9a380, 0x00000200abe9b770]
Event: 41.075 Thread 0x00000200a34ee750 7687       1       org.hibernate.engine.internal.AbstractEntityEntry::setLockMode (9 bytes)
Event: 41.076 Thread 0x00000200a34ed730 nmethod 7672 0x00000200abe99b88 code [0x00000200abe99c80, 0x00000200abe9a250]
Event: 41.076 Thread 0x00000200a34ed730 7676       1       org.hibernate.type.descriptor.jdbc.BigIntJdbcType$1::doBind (28 bytes)
Event: 41.076 Thread 0x00000200a34ee750 nmethod 7687 0x00000200abe99888 code [0x00000200abe99980, 0x00000200abe99aa0]
Event: 41.076 Thread 0x00000200a34ee750 7677       1       org.hibernate.type.descriptor.java.LongJavaType::unwrap (11 bytes)
Event: 41.076 Thread 0x00000200a34ee750 nmethod 7677 0x00000200abe99588 code [0x00000200abe99680, 0x00000200abe997a0]
Event: 41.076 Thread 0x00000200a34ee750 7678       1       org.hibernate.type.descriptor.java.LongJavaType::unwrap (162 bytes)
Event: 41.076 Thread 0x00000200a34ed730 nmethod 7676 0x00000200abe99288 code [0x00000200abe99380, 0x00000200abe99500]
Event: 41.076 Thread 0x00000200a34ed730 7679   !   1       com.zaxxer.hikari.pool.HikariProxyPreparedStatement::setLong (27 bytes)
Event: 41.076 Thread 0x00000200a34ed730 nmethod 7679 0x00000200abe98f88 code [0x00000200abe99080, 0x00000200abe99230]
Event: 41.076 Thread 0x00000200a34ed730 7680   !   1       com.mysql.cj.jdbc.ClientPreparedStatement::setLong (76 bytes)
Event: 43.080 Thread 0x00000200a34ed730 nmethod 7680 0x00000200abe98808 code [0x00000200abe98900, 0x00000200abe98f00]
Event: 43.080 Thread 0x00000200a34ed730 7673       1       com.mysql.cj.protocol.a.NativePacketPayload::setTag (34 bytes)

GC Heap Usage History (20 events):
Event: 5.474 {heap Before GC invocations=11 (full 0):
 garbage-first heap   total reserved 2007040K, committed 66560K, used 55838K [0x0000000085800000, 0x0000000100000000)
  region size 1024K, 32 young (32768K), 4 survivors (4096K)
}
Event: 5.478 {heap After GC invocations=12 (full 0):
 garbage-first heap   total reserved 2007040K, committed 66560K, used 31250K [0x0000000085800000, 0x0000000100000000)
  region size 1024K, 4 young (4096K), 4 survivors (4096K)
}
Event: 5.542 {heap Before GC invocations=12 (full 0):
 garbage-first heap   total reserved 2007040K, committed 66560K, used 55826K [0x0000000085800000, 0x0000000100000000)
  region size 1024K, 29 young (29696K), 4 survivors (4096K)
}
Event: 5.545 {heap After GC invocations=13 (full 0):
 garbage-first heap   total reserved 2007040K, committed 66560K, used 30988K [0x0000000085800000, 0x0000000100000000)
  region size 1024K, 1 young (1024K), 1 survivors (1024K)
}
Event: 5.685 {heap Before GC invocations=14 (full 0):
 garbage-first heap   total reserved 2007040K, committed 66560K, used 58636K [0x0000000085800000, 0x0000000100000000)
  region size 1024K, 28 young (28672K), 1 survivors (1024K)
}
Event: 5.687 {heap After GC invocations=15 (full 0):
 garbage-first heap   total reserved 2007040K, committed 66560K, used 32438K [0x0000000085800000, 0x0000000100000000)
  region size 1024K, 3 young (3072K), 3 survivors (3072K)
}
Event: 5.741 {heap Before GC invocations=15 (full 0):
 garbage-first heap   total reserved 2007040K, committed 66560K, used 59062K [0x0000000085800000, 0x0000000100000000)
  region size 1024K, 29 young (29696K), 3 survivors (3072K)
}
Event: 5.745 {heap After GC invocations=16 (full 0):
 garbage-first heap   total reserved 2007040K, committed 66560K, used 35717K [0x0000000085800000, 0x0000000100000000)
  region size 1024K, 4 young (4096K), 4 survivors (4096K)
}
Event: 5.790 {heap Before GC invocations=16 (full 0):
 garbage-first heap   total reserved 2007040K, committed 66560K, used 57221K [0x0000000085800000, 0x0000000100000000)
  region size 1024K, 25 young (25600K), 4 survivors (4096K)
}
Event: 5.796 {heap After GC invocations=17 (full 0):
 garbage-first heap   total reserved 2007040K, committed 69632K, used 43938K [0x0000000085800000, 0x0000000100000000)
  region size 1024K, 4 young (4096K), 4 survivors (4096K)
}
Event: 5.824 {heap Before GC invocations=18 (full 0):
 garbage-first heap   total reserved 2007040K, committed 73728K, used 59298K [0x0000000085800000, 0x0000000100000000)
  region size 1024K, 19 young (19456K), 4 survivors (4096K)
}
Event: 5.829 {heap After GC invocations=19 (full 0):
 garbage-first heap   total reserved 2007040K, committed 73728K, used 48281K [0x0000000085800000, 0x0000000100000000)
  region size 1024K, 3 young (3072K), 3 survivors (3072K)
}
Event: 5.857 {heap Before GC invocations=19 (full 0):
 garbage-first heap   total reserved 2007040K, committed 73728K, used 62617K [0x0000000085800000, 0x0000000100000000)
  region size 1024K, 17 young (17408K), 3 survivors (3072K)
}
Event: 5.862 {heap After GC invocations=20 (full 0):
 garbage-first heap   total reserved 2007040K, committed 73728K, used 51003K [0x0000000085800000, 0x0000000100000000)
  region size 1024K, 3 young (3072K), 3 survivors (3072K)
}
Event: 5.887 {heap Before GC invocations=20 (full 0):
 garbage-first heap   total reserved 2007040K, committed 73728K, used 63291K [0x0000000085800000, 0x0000000100000000)
  region size 1024K, 15 young (15360K), 3 survivors (3072K)
}
Event: 5.890 {heap After GC invocations=21 (full 0):
 garbage-first heap   total reserved 2007040K, committed 73728K, used 52169K [0x0000000085800000, 0x0000000100000000)
  region size 1024K, 2 young (2048K), 2 survivors (2048K)
}
Event: 5.934 {heap Before GC invocations=21 (full 0):
 garbage-first heap   total reserved 2007040K, committed 73728K, used 64457K [0x0000000085800000, 0x0000000100000000)
  region size 1024K, 14 young (14336K), 2 survivors (2048K)
}
Event: 5.938 {heap After GC invocations=22 (full 0):
 garbage-first heap   total reserved 2007040K, committed 147456K, used 54272K [0x0000000085800000, 0x0000000100000000)
  region size 1024K, 2 young (2048K), 2 survivors (2048K)
}
Event: 7.019 {heap Before GC invocations=23 (full 0):
 garbage-first heap   total reserved 2007040K, committed 147456K, used 108544K [0x0000000085800000, 0x0000000100000000)
  region size 1024K, 58 young (59392K), 2 survivors (2048K)
}
Event: 7.026 {heap After GC invocations=24 (full 0):
 garbage-first heap   total reserved 2007040K, committed 147456K, used 56805K [0x0000000085800000, 0x0000000100000000)
  region size 1024K, 7 young (7168K), 7 survivors (7168K)
}

Metaspace Usage History (20 events):
Event: 5.474 {metaspace Before GC invocations=11 (full 0):
 Metaspace       used 59736K, committed 60224K, reserved 1114112K
  class space    used 6908K, committed 7104K, reserved 1048576K
}
Event: 5.478 {metaspace After GC invocations=12 (full 0):
 Metaspace       used 59736K, committed 60224K, reserved 1114112K
  class space    used 6908K, committed 7104K, reserved 1048576K
}
Event: 5.542 {metaspace Before GC invocations=12 (full 0):
 Metaspace       used 60270K, committed 60736K, reserved 1114112K
  class space    used 6946K, committed 7168K, reserved 1048576K
}
Event: 5.545 {metaspace After GC invocations=13 (full 0):
 Metaspace       used 60270K, committed 60736K, reserved 1114112K
  class space    used 6946K, committed 7168K, reserved 1048576K
}
Event: 5.685 {metaspace Before GC invocations=14 (full 0):
 Metaspace       used 61230K, committed 61696K, reserved 1114112K
  class space    used 7154K, committed 7360K, reserved 1048576K
}
Event: 5.687 {metaspace After GC invocations=15 (full 0):
 Metaspace       used 61230K, committed 61696K, reserved 1114112K
  class space    used 7154K, committed 7360K, reserved 1048576K
}
Event: 5.741 {metaspace Before GC invocations=15 (full 0):
 Metaspace       used 61244K, committed 61696K, reserved 1114112K
  class space    used 7159K, committed 7360K, reserved 1048576K
}
Event: 5.745 {metaspace After GC invocations=16 (full 0):
 Metaspace       used 61244K, committed 61696K, reserved 1114112K
  class space    used 7159K, committed 7360K, reserved 1048576K
}
Event: 5.790 {metaspace Before GC invocations=16 (full 0):
 Metaspace       used 61244K, committed 61696K, reserved 1114112K
  class space    used 7159K, committed 7360K, reserved 1048576K
}
Event: 5.796 {metaspace After GC invocations=17 (full 0):
 Metaspace       used 61244K, committed 61696K, reserved 1114112K
  class space    used 7159K, committed 7360K, reserved 1048576K
}
Event: 5.824 {metaspace Before GC invocations=18 (full 0):
 Metaspace       used 61245K, committed 61696K, reserved 1114112K
  class space    used 7159K, committed 7360K, reserved 1048576K
}
Event: 5.829 {metaspace After GC invocations=19 (full 0):
 Metaspace       used 61245K, committed 61696K, reserved 1114112K
  class space    used 7159K, committed 7360K, reserved 1048576K
}
Event: 5.857 {metaspace Before GC invocations=19 (full 0):
 Metaspace       used 61245K, committed 61696K, reserved 1114112K
  class space    used 7159K, committed 7360K, reserved 1048576K
}
Event: 5.862 {metaspace After GC invocations=20 (full 0):
 Metaspace       used 61245K, committed 61696K, reserved 1114112K
  class space    used 7159K, committed 7360K, reserved 1048576K
}
Event: 5.887 {metaspace Before GC invocations=20 (full 0):
 Metaspace       used 61245K, committed 61696K, reserved 1114112K
  class space    used 7159K, committed 7360K, reserved 1048576K
}
Event: 5.890 {metaspace After GC invocations=21 (full 0):
 Metaspace       used 61245K, committed 61696K, reserved 1114112K
  class space    used 7159K, committed 7360K, reserved 1048576K
}
Event: 5.934 {metaspace Before GC invocations=21 (full 0):
 Metaspace       used 61300K, committed 61760K, reserved 1114112K
  class space    used 7175K, committed 7360K, reserved 1048576K
}
Event: 5.938 {metaspace After GC invocations=22 (full 0):
 Metaspace       used 61300K, committed 61760K, reserved 1114112K
  class space    used 7175K, committed 7360K, reserved 1048576K
}
Event: 7.019 {metaspace Before GC invocations=23 (full 0):
 Metaspace       used 66679K, committed 67200K, reserved 1114112K
  class space    used 7876K, committed 8128K, reserved 1048576K
}
Event: 7.026 {metaspace After GC invocations=24 (full 0):
 Metaspace       used 66679K, committed 67200K, reserved 1114112K
  class space    used 7876K, committed 8128K, reserved 1048576K
}

Dll operation events (10 events):
Event: 0.011 Loaded shared library C:\Program Files\Java\jdk-25\bin\java.dll
Event: 0.107 Loaded shared library C:\Program Files\Java\jdk-25\bin\net.dll
Event: 0.109 Loaded shared library C:\Program Files\Java\jdk-25\bin\nio.dll
Event: 0.114 Loaded shared library C:\Program Files\Java\jdk-25\bin\zip.dll
Event: 0.222 Loaded shared library C:\Program Files\Java\jdk-25\bin\jimage.dll
Event: 1.157 Loaded shared library C:\Program Files\Java\jdk-25\bin\sunmscapi.dll
Event: 2.356 Loaded shared library C:\Program Files\Java\jdk-25\bin\management.dll
Event: 2.359 Loaded shared library C:\Program Files\Java\jdk-25\bin\management_ext.dll
Event: 2.627 Loaded shared library C:\Program Files\Java\jdk-25\bin\extnet.dll
Event: 3.063 Loaded shared library C:\Program Files\Java\jdk-25\bin\verify.dll

Deoptimization events (8 events):
Event: 1.893 Thread 0x00000200a34d8a90 DEOPT PACKING pc=0x00000200ac13b6ac sp=0x0000007ed1ffcbb0
Event: 1.893 Thread 0x00000200a34d8a90 DEOPT UNPACKING pc=0x00000200abda1702 sp=0x0000007ed1ffc0a8 mode 0
Event: 2.050 Thread 0x00000200a34d8a90 DEOPT PACKING pc=0x00000200ac392c5c sp=0x0000007ed1ffc420
Event: 2.050 Thread 0x00000200a34d8a90 DEOPT UNPACKING pc=0x00000200abda1702 sp=0x0000007ed1ffb8e0 mode 0
Event: 2.488 Thread 0x00000200ba11f860 DEOPT PACKING pc=0x00000200ac236451 sp=0x0000007ed3efef90
Event: 2.488 Thread 0x00000200ba11f860 DEOPT UNPACKING pc=0x00000200abda1702 sp=0x0000007ed3efe3e8 mode 3
Event: 2.488 Thread 0x00000200ba120020 DEOPT PACKING pc=0x00000200ac23b3d6 sp=0x0000007ed3ffef80
Event: 2.488 Thread 0x00000200ba120020 DEOPT UNPACKING pc=0x00000200abda1702 sp=0x0000007ed3ffe418 mode 3

Classes loaded (20 events):
Event: 7.013 Loading class java/nio/BufferMismatch
Event: 7.013 Loading class java/nio/BufferMismatch done
Event: 7.013 Loading class sun/nio/ch/SourceChannelImpl
Event: 7.014 Loading class java/nio/channels/Pipe$SourceChannel
Event: 7.014 Loading class java/nio/channels/Pipe$SourceChannel done
Event: 7.014 Loading class sun/nio/ch/SourceChannelImpl done
Event: 7.014 Loading class sun/nio/ch/SinkChannelImpl
Event: 7.014 Loading class java/nio/channels/Pipe$SinkChannel
Event: 7.014 Loading class java/nio/channels/Pipe$SinkChannel done
Event: 7.014 Loading class sun/nio/ch/SinkChannelImpl done
Event: 7.027 Loading class java/util/TreeMap$ValueSpliterator
Event: 7.027 Loading class java/util/TreeMap$TreeMapSpliterator
Event: 7.027 Loading class java/util/TreeMap$TreeMapSpliterator done
Event: 7.027 Loading class java/util/TreeMap$ValueSpliterator done
Event: 7.045 Loading class java/util/IdentityHashMap$KeySpliterator
Event: 7.046 Loading class java/util/IdentityHashMap$IdentityHashMapSpliterator
Event: 7.046 Loading class java/util/IdentityHashMap$IdentityHashMapSpliterator done
Event: 7.046 Loading class java/util/IdentityHashMap$KeySpliterator done
Event: 7.112 Loading class java/util/AbstractMap$SimpleEntry
Event: 7.112 Loading class java/util/AbstractMap$SimpleEntry done

Classes unloaded (0 events):
No events

Classes redefined (0 events):
No events

Internal exceptions (20 events):
Event: 5.990 Thread 0x00000200a34d8a90 Exception <a 'java/lang/IncompatibleClassChangeError'{0x00000000ffc2e450}: Found class java.lang.Object, but interface was expected> (0x00000000ffc2e450) 
thrown [s\open\src\hotspot\share\interpreter\linkResolver.cpp, line 871]
Event: 6.011 Thread 0x00000200a34d8a90 Exception <a 'java/lang/NoSuchMethodError'{0x00000000ffcbd250}: 'java.lang.Object java.lang.invoke.DirectMethodHandle$Holder.invokeStatic(java.lang.Object, int, java.lang.Object)'> (0x00000000ffcbd250) 
thrown [s\open\src\hotspot\share\interpreter\linkResolver.cpp, line 804]
Event: 6.128 Thread 0x00000200a34d8a90 Exception <a 'sun/nio/fs/WindowsException'{0x000000008da39b28}> (0x000000008da39b28) 
thrown [s\open\src\hotspot\share\prims\jni.cpp, line 516]
Event: 6.212 Thread 0x00000200a34d8a90 Exception <a 'java/lang/NoSuchMethodError'{0x000000008d628d20}: 'int java.lang.invoke.DirectMethodHandle$Holder.invokeStaticInit(java.lang.Object, int, java.lang.Object, java.lang.Object, java.lang.Object, java.lang.Object)'> (0x000000008d628d20) 
thrown [s\open\src\hotspot\share\interpreter\linkResolver.cpp, line 804]
Event: 6.271 Thread 0x00000200a34d8a90 Exception <a 'java/lang/NoSuchMethodError'{0x000000008d467d70}: 'java.lang.Object java.lang.invoke.DirectMethodHandle$Holder.newInvokeSpecial(java.lang.Object, java.lang.Object, java.lang.Object, java.lang.Object, java.lang.Object, java.lang.Object, java.lang.Object, java.lang.Object)'> (0x000000008d467d70) 
thrown [s\open\src\hotspot\share\interpreter\linkResolver.cpp, line 804]
Event: 6.423 Thread 0x00000200a34d8a90 Exception <a 'java/io/IOException'{0x000000008ce5dc10}> (0x000000008ce5dc10) 
thrown [s\open\src\hotspot\share\prims\jni.cpp, line 516]
Event: 6.601 Thread 0x00000200a34d8a90 Exception <a 'java/lang/IncompatibleClassChangeError'{0x000000008c53cd10}: Found class java.lang.Object, but interface was expected> (0x000000008c53cd10) 
thrown [s\open\src\hotspot\share\interpreter\linkResolver.cpp, line 871]
Event: 6.766 Thread 0x00000200a34d8a90 Exception <a 'java/lang/NoSuchMethodError'{0x000000008bdc6f80}: 'void java.lang.invoke.DirectMethodHandle$Holder.invokeVirtual(java.lang.Object, java.lang.Object, long)'> (0x000000008bdc6f80) 
thrown [s\open\src\hotspot\share\interpreter\linkResolver.cpp, line 804]
Event: 6.824 Thread 0x00000200a34d8a90 Exception <a 'java/lang/NoSuchMethodError'{0x000000008ba12cb8}: 'int java.lang.invoke.DirectMethodHandle$Holder.invokeStaticInit(java.lang.Object, java.lang.Object, java.lang.Object, java.lang.Object)'> (0x000000008ba12cb8) 
thrown [s\open\src\hotspot\share\interpreter\linkResolver.cpp, line 804]
Event: 6.869 Thread 0x00000200a34d8a90 Exception <a 'java/lang/IncompatibleClassChangeError'{0x000000008b813268}: Found class java.lang.Object, but interface was expected> (0x000000008b813268) 
thrown [s\open\src\hotspot\share\interpreter\linkResolver.cpp, line 871]
Event: 6.976 Thread 0x00000200a34d8a90 Exception <a 'java/lang/NoSuchMethodError'{0x000000008b30ca40}: 'java.lang.Object java.lang.invoke.DirectMethodHandle$Holder.newInvokeSpecial(java.lang.Object, java.lang.Object, int, java.lang.Object, java.lang.Object)'> (0x000000008b30ca40) 
thrown [s\open\src\hotspot\share\interpreter\linkResolver.cpp, line 804]
Event: 7.072 Thread 0x00000200a34d8a90 Exception <a 'java/lang/NoSuchMethodError'{0x00000000ffca23d8}: 'long java.lang.invoke.DelegatingMethodHandle$Holder.reinvoke_L(java.lang.Object, java.lang.Object)'> (0x00000000ffca23d8) 
thrown [s\open\src\hotspot\share\interpreter\linkResolver.cpp, line 804]
Event: 7.073 Thread 0x00000200a34d8a90 Exception <a 'java/lang/NoSuchMethodError'{0x000000008e20ca88}: 'java.lang.Object java.lang.invoke.DirectMethodHandle$Holder.invokeInterface(java.lang.Object, java.lang.Object, java.lang.Object, java.lang.Object)'> (0x000000008e20ca88) 
thrown [s\open\src\hotspot\share\interpreter\linkResolver.cpp, line 804]
Event: 7.093 Thread 0x00000200a34d8a90 Exception <a 'java/lang/IncompatibleClassChangeError'{0x000000008e003068}: Found class java.lang.Object, but interface was expected> (0x000000008e003068) 
thrown [s\open\src\hotspot\share\interpreter\linkResolver.cpp, line 871]
Event: 7.093 Thread 0x00000200badebf00 Exception <a 'java/lang/IncompatibleClassChangeError'{0x000000008e081610}: Found class java.lang.Object, but interface was expected> (0x000000008e081610) 
thrown [s\open\src\hotspot\share\interpreter\linkResolver.cpp, line 871]
Event: 7.172 Thread 0x00000200badebf00 Exception <a 'java/lang/IncompatibleClassChangeError'{0x000000008dc0e8c8}: Found class java.lang.Object, but interface was expected> (0x000000008dc0e8c8) 
thrown [s\open\src\hotspot\share\interpreter\linkResolver.cpp, line 871]
Event: 7.179 Thread 0x00000200badebf00 Exception <a 'java/lang/NoSuchMethodError'{0x000000008dc39c70}: 'void java.lang.invoke.DirectMethodHandle$Holder.invokeSpecialIFC(java.lang.Object, java.lang.Object, int, java.lang.Object, java.lang.Object, java.lang.Object, java.lang.Object)'> (0x000000008dc39c70) 
thrown [s\open\src\hotspot\share\interpreter\linkResolver.cpp, line 804]
Event: 7.225 Thread 0x00000200badebf00 Exception <a 'java/lang/IncompatibleClassChangeError'{0x000000008dbd2b20}: Found class java.lang.Object, but interface was expected> (0x000000008dbd2b20) 
thrown [s\open\src\hotspot\share\interpreter\linkResolver.cpp, line 871]
Event: 7.250 Thread 0x00000200badebf00 Exception <a 'java/lang/NoSuchMethodError'{0x000000008dabd530}: 'java.lang.Object java.lang.invoke.Invokers$Holder.linkToTargetMethod(java.lang.Object, int, java.lang.Object, java.lang.Object, java.lang.Object, java.lang.Object)'> (0x000000008dabd530) 
thrown [s\open\src\hotspot\share\interpreter\linkResolver.cpp, line 804]
Event: 7.251 Thread 0x00000200badebf00 Exception <a 'java/lang/NoSuchMethodError'{0x000000008dad6fd0}: 'int java.lang.invoke.DirectMethodHandle$Holder.invokeStatic(java.lang.Object, java.lang.Object, int, java.lang.Object)'> (0x000000008dad6fd0) 
thrown [s\open\src\hotspot\share\interpreter\linkResolver.cpp, line 804]

VM Operations (20 events):
Event: 6.137 Executing non-safepoint VM operation: HandshakeAllThreads (Deoptimize)
Event: 6.137 Executing non-safepoint VM operation: HandshakeAllThreads (Deoptimize) done
Event: 6.468 Executing non-safepoint VM operation: HandshakeAllThreads (Deoptimize)
Event: 6.468 Executing non-safepoint VM operation: HandshakeAllThreads (Deoptimize) done
Event: 6.479 Executing non-safepoint VM operation: HandshakeAllThreads (Deoptimize)
Event: 6.479 Executing non-safepoint VM operation: HandshakeAllThreads (Deoptimize) done
Event: 6.494 Executing non-safepoint VM operation: HandshakeAllThreads (Deoptimize)
Event: 6.494 Executing non-safepoint VM operation: HandshakeAllThreads (Deoptimize) done
Event: 6.495 Executing non-safepoint VM operation: HandshakeAllThreads (Deoptimize)
Event: 6.495 Executing non-safepoint VM operation: HandshakeAllThreads (Deoptimize) done
Event: 6.614 Executing non-safepoint VM operation: HandshakeAllThreads (Deoptimize)
Event: 6.614 Executing non-safepoint VM operation: HandshakeAllThreads (Deoptimize) done
Event: 6.792 Executing non-safepoint VM operation: HandshakeAllThreads (Deoptimize)
Event: 6.792 Executing non-safepoint VM operation: HandshakeAllThreads (Deoptimize) done
Event: 7.019 Executing safepoint VM operation: G1CollectForAllocation (G1 Evacuation Pause)
Event: 7.026 Executing safepoint VM operation: G1CollectForAllocation (G1 Evacuation Pause) done
Event: 7.116 Executing non-safepoint VM operation: HandshakeAllThreads (Deoptimize)
Event: 7.116 Executing non-safepoint VM operation: HandshakeAllThreads (Deoptimize) done
Event: 7.236 Executing non-safepoint VM operation: HandshakeAllThreads (Deoptimize)
Event: 7.236 Executing non-safepoint VM operation: HandshakeAllThreads (Deoptimize) done

Memory protections (0 events):
No events

Nmethod flushes (20 events):
Event: 5.561 Thread 0x00000200b4153270 flushing  nmethod 0x00000200ac2ffa88
Event: 5.561 Thread 0x00000200b4153270 flushing  nmethod 0x00000200ac342908
Event: 5.819 Thread 0x00000200b4153270 flushing  nmethod 0x00000200ac53ec08
Event: 5.819 Thread 0x00000200b4153270 flushing  nmethod 0x00000200ac647288
Event: 5.819 Thread 0x00000200b4153270 flushing  nmethod 0x00000200ac10c988
Event: 5.819 Thread 0x00000200b4153270 flushing  nmethod 0x00000200ac533f08
Event: 5.819 Thread 0x00000200b4153270 flushing  nmethod 0x00000200ac65e188
Event: 5.819 Thread 0x00000200b4153270 flushing  nmethod 0x00000200ac041d08
Event: 5.819 Thread 0x00000200b4153270 flushing  nmethod 0x00000200ac2fc488
Event: 5.819 Thread 0x00000200b4153270 flushing  nmethod 0x00000200ac371588
Event: 5.819 Thread 0x00000200b4153270 flushing  nmethod 0x00000200ac64ca08
Event: 5.819 Thread 0x00000200b4153270 flushing  nmethod 0x00000200ac1e7208
Event: 5.819 Thread 0x00000200b4153270 flushing  nmethod 0x00000200ac542788
Event: 5.819 Thread 0x00000200b4153270 flushing  nmethod 0x00000200ac1c1508
Event: 5.819 Thread 0x00000200b4153270 flushing  nmethod 0x00000200ac458688
Event: 5.819 Thread 0x00000200b4153270 flushing  nmethod 0x00000200ac531c08
Event: 5.819 Thread 0x00000200b4153270 flushing  nmethod 0x00000200ac532088
Event: 5.819 Thread 0x00000200b4153270 flushing  nmethod 0x00000200ac5cf808
Event: 5.819 Thread 0x00000200b4153270 flushing  nmethod 0x00000200ac651a88
Event: 5.819 Thread 0x00000200b4153270 flushing  nmethod 0x00000200ac659488

Events (20 events):
Event: 10.040 Thread 0x00000200a34ebf00 Thread exited: 0x00000200a34ebf00
Event: 12.488 Thread 0x00000200a34ef770 Thread exited: 0x00000200a34ef770
Event: 22.059 Thread 0x00000200a34ee750 Thread added: 0x00000200a34ebf00
Event: 22.059 Thread 0x00000200a34ee750 Thread added: 0x00000200a34f0fa0
Event: 25.029 Thread 0x00000200a34f0fa0 Thread exited: 0x00000200a34f0fa0
Event: 25.029 Thread 0x00000200a34ebf00 Thread exited: 0x00000200a34ebf00
Event: 25.044 Thread 0x00000200a34ee750 Thread exited: 0x00000200a34ee750
Event: 25.060 Thread 0x00000200a34ed730 Thread added: 0x00000200a34ebf00
Event: 28.056 Thread 0x00000200a34ebf00 Thread exited: 0x00000200a34ebf00
Event: 28.078 Thread 0x00000200a34ed730 Thread added: 0x00000200a34ef770
Event: 28.078 Thread 0x00000200a34ed730 Thread added: 0x00000200a34ebf00
Event: 28.078 Thread 0x00000200a34ed730 Thread added: 0x00000200a34ee750
Event: 29.038 Thread 0x00000200a34ee750 Thread exited: 0x00000200a34ee750
Event: 31.050 Thread 0x00000200a34ebf00 Thread exited: 0x00000200a34ebf00
Event: 34.037 Thread 0x00000200a34ef770 Thread exited: 0x00000200a34ef770
Event: 34.059 Thread 0x00000200a34ed730 Thread added: 0x00000200a34ee750
Event: 34.059 Thread 0x00000200a34ed730 Thread added: 0x00000200a34ef770
Event: 37.047 Thread 0x00000200a34ef770 Thread exited: 0x00000200a34ef770
Event: 40.064 Thread 0x00000200a34ed730 Thread added: 0x00000200a34eef60
Event: 40.064 Thread 0x00000200a34ee750 Thread added: 0x00000200a34ebf00


Dynamic libraries:
0x00007ff6277b0000 - 0x00007ff6277c0000 	C:\Program Files\Java\jdk-25\bin\java.exe
0x00007fff74500000 - 0x00007fff74767000 	C:\WINDOWS\SYSTEM32\ntdll.dll
0x00007fff338d0000 - 0x00007fff338f1000 	C:\Program Files\Avast Software\Avast\aswhook.dll
0x00007fff73070000 - 0x00007fff73139000 	C:\WINDOWS\System32\KERNEL32.DLL
0x00007fff71490000 - 0x00007fff71884000 	C:\WINDOWS\System32\KERNELBASE.dll
0x00007fff71340000 - 0x00007fff7148b000 	C:\WINDOWS\System32\ucrtbase.dll
0x00007fff4c6a0000 - 0x00007fff4c6b7000 	C:\Program Files\Java\jdk-25\bin\jli.dll
0x00007fff72930000 - 0x00007fff72af5000 	C:\WINDOWS\System32\USER32.dll
0x00007fff4c680000 - 0x00007fff4c69e000 	C:\Program Files\Java\jdk-25\bin\VCRUNTIME140.dll
0x00007fff70fd0000 - 0x00007fff70ff7000 	C:\WINDOWS\System32\win32u.dll
0x00007fff737c0000 - 0x00007fff737eb000 	C:\WINDOWS\System32\GDI32.dll
0x00007fff71210000 - 0x00007fff7133b000 	C:\WINDOWS\System32\gdi32full.dll
0x00007fff42c50000 - 0x00007fff42ee3000 	C:\WINDOWS\WinSxS\amd64_microsoft.windows.common-controls_6595b64144ccf1df_6.0.26100.8115_none_3e075c82e3354f9c\COMCTL32.dll
0x00007fff71890000 - 0x00007fff71933000 	C:\WINDOWS\System32\msvcp_win.dll
0x00007fff725f0000 - 0x00007fff72699000 	C:\WINDOWS\System32\msvcrt.dll
0x00007fff743f0000 - 0x00007fff74422000 	C:\WINDOWS\System32\IMM32.DLL
0x00007fff4c9b0000 - 0x00007fff4c9bc000 	C:\Program Files\Java\jdk-25\bin\vcruntime140_1.dll
0x00007fff1afe0000 - 0x00007fff1b06d000 	C:\Program Files\Java\jdk-25\bin\msvcp140.dll
0x00007ffebeae0000 - 0x00007ffebf93f000 	C:\Program Files\Java\jdk-25\bin\server\jvm.dll
0x00007fff73150000 - 0x00007fff73206000 	C:\WINDOWS\System32\ADVAPI32.dll
0x00007fff72260000 - 0x00007fff72307000 	C:\WINDOWS\System32\sechost.dll
0x00007fff736a0000 - 0x00007fff737b8000 	C:\WINDOWS\System32\RPCRT4.dll
0x00007fff72380000 - 0x00007fff72400000 	C:\WINDOWS\System32\WS2_32.dll
0x00007fff68b60000 - 0x00007fff68b96000 	C:\WINDOWS\SYSTEM32\WINMM.dll
0x00007fff70c00000 - 0x00007fff70c5e000 	C:\WINDOWS\SYSTEM32\POWRPROF.dll
0x00007fff688e0000 - 0x00007fff688eb000 	C:\WINDOWS\SYSTEM32\VERSION.dll
0x00007fff70be0000 - 0x00007fff70bf4000 	C:\WINDOWS\SYSTEM32\UMPDC.dll
0x00007fff6fb30000 - 0x00007fff6fb4b000 	C:\WINDOWS\SYSTEM32\kernel.appcore.dll
0x00007fff4c7d0000 - 0x00007fff4c7da000 	C:\Program Files\Java\jdk-25\bin\jimage.dll
0x00007fff6eb70000 - 0x00007fff6edb2000 	C:\WINDOWS\SYSTEM32\DBGHELP.DLL
0x00007fff73f60000 - 0x00007fff742e2000 	C:\WINDOWS\System32\combase.dll
0x00007fff726b0000 - 0x00007fff72788000 	C:\WINDOWS\System32\OLEAUT32.dll
0x00007fff5c2c0000 - 0x00007fff5c2fb000 	C:\WINDOWS\SYSTEM32\dbgcore.DLL
0x00007fff71940000 - 0x00007fff719e5000 	C:\WINDOWS\System32\bcryptPrimitives.dll
0x00007fff387c0000 - 0x00007fff387df000 	C:\Program Files\Java\jdk-25\bin\java.dll
0x00007fff72ba0000 - 0x00007fff72d37000 	C:\WINDOWS\System32\ole32.dll
0x00007fff737f0000 - 0x00007fff73f57000 	C:\WINDOWS\System32\SHELL32.dll
0x00007fff70da0000 - 0x00007fff70f0a000 	C:\WINDOWS\System32\wintypes.dll
0x00007fff719f0000 - 0x00007fff72258000 	C:\WINDOWS\System32\windows.storage.dll
0x00007fff742f0000 - 0x00007fff743e8000 	C:\WINDOWS\System32\SHCORE.dll
0x00007fff72310000 - 0x00007fff72376000 	C:\WINDOWS\System32\shlwapi.dll
0x00007fff70cc0000 - 0x00007fff70ce9000 	C:\WINDOWS\SYSTEM32\profapi.dll
0x00007fff385a0000 - 0x00007fff385b2000 	C:\Program Files\Java\jdk-25\bin\net.dll
0x00007fff700a0000 - 0x00007fff7010c000 	C:\WINDOWS\system32\mswsock.dll
0x00007fff381a0000 - 0x00007fff381b6000 	C:\Program Files\Java\jdk-25\bin\nio.dll
0x00007fff36e10000 - 0x00007fff36e27000 	C:\Program Files\Java\jdk-25\bin\zip.dll
0x00007fff46900000 - 0x00007fff4690e000 	C:\Program Files\Java\jdk-25\bin\sunmscapi.dll
0x00007fff71000000 - 0x00007fff71177000 	C:\WINDOWS\System32\CRYPT32.dll
0x00007fff705a0000 - 0x00007fff705d0000 	C:\WINDOWS\SYSTEM32\ncrypt.dll
0x00007fff70550000 - 0x00007fff7058f000 	C:\WINDOWS\SYSTEM32\NTASN1.dll
0x00007fff70390000 - 0x00007fff703ab000 	C:\WINDOWS\SYSTEM32\CRYPTSP.dll
0x00007fff6fa90000 - 0x00007fff6fac9000 	C:\WINDOWS\system32\rsaenh.dll
0x00007fff70150000 - 0x00007fff70183000 	C:\WINDOWS\SYSTEM32\USERENV.dll
0x00007fff70c90000 - 0x00007fff70cba000 	C:\WINDOWS\SYSTEM32\bcrypt.dll
0x00007fff70380000 - 0x00007fff7038c000 	C:\WINDOWS\SYSTEM32\CRYPTBASE.dll
0x00007fff6f530000 - 0x00007fff6f562000 	C:\WINDOWS\SYSTEM32\IPHLPAPI.DLL
0x00007fff727c0000 - 0x00007fff727ca000 	C:\WINDOWS\System32\NSI.dll
0x00007fff380e0000 - 0x00007fff380ea000 	C:\Program Files\Java\jdk-25\bin\management.dll
0x00007fff36e00000 - 0x00007fff36e0c000 	C:\Program Files\Java\jdk-25\bin\management_ext.dll
0x00007fff73140000 - 0x00007fff73148000 	C:\WINDOWS\System32\PSAPI.DLL
0x00007fff6f5d0000 - 0x00007fff6f702000 	C:\WINDOWS\SYSTEM32\DNSAPI.dll
0x00007fff688d0000 - 0x00007fff688db000 	C:\Windows\System32\rasadhlp.dll
0x00007fff6abd0000 - 0x00007fff6ac56000 	C:\WINDOWS\System32\fwpuclnt.dll
0x00007fff36df0000 - 0x00007fff36df9000 	C:\Program Files\Java\jdk-25\bin\extnet.dll
0x00007fff4c670000 - 0x00007fff4c680000 	C:\Program Files\Java\jdk-25\bin\verify.dll
0x00007fff32490000 - 0x00007fff32498000 	C:\WINDOWS\system32\wshunix.dll

JVMTI agents: none

dbghelp: loaded successfully - version: 4.0.5 - missing functions: none
symbol engine: initialized successfully - sym options: 0x614 - pdb path: .;C:\Program Files\Java\jdk-25\bin;C:\WINDOWS\SYSTEM32;C:\Program Files\Avast Software\Avast;C:\WINDOWS\WinSxS\amd64_microsoft.windows.common-controls_6595b64144ccf1df_6.0.26100.8115_none_3e075c82e3354f9c;C:\Program Files\Java\jdk-25\bin\server

VM Arguments:
jvm_args: -XX:TieredStopAtLevel=1 
java_command: com.buslocator.backend.BackendApplication
java_class_path (initial): C:\Users\HP\Videos\INTER\backend\backend\target\classes;C:\Users\HP\.m2\repository\org\springframework\boot\spring-boot\3.4.5\spring-boot-3.4.5.jar;C:\Users\HP\.m2\repository\org\springframework\boot\spring-boot-autoconfigure\3.4.5\spring-boot-autoconfigure-3.4.5.jar;C:\Users\HP\.m2\repository\ch\qos\logback\logback-classic\1.5.18\logback-classic-1.5.18.jar;C:\Users\HP\.m2\repository\ch\qos\logback\logback-core\1.5.18\logback-core-1.5.18.jar;C:\Users\HP\.m2\repository\org\apache\logging\log4j\log4j-to-slf4j\2.24.3\log4j-to-slf4j-2.24.3.jar;C:\Users\HP\.m2\repository\org\apache\logging\log4j\log4j-api\2.24.3\log4j-api-2.24.3.jar;C:\Users\HP\.m2\repository\org\slf4j\jul-to-slf4j\2.0.17\jul-to-slf4j-2.0.17.jar;C:\Users\HP\.m2\repository\jakarta\annotation\jakarta.annotation-api\2.1.1\jakarta.annotation-api-2.1.1.jar;C:\Users\HP\.m2\repository\org\yaml\snakeyaml\2.3\snakeyaml-2.3.jar;C:\Users\HP\.m2\repository\com\zaxxer\HikariCP\5.1.0\HikariCP-5.1.0.jar;C:\Users\HP\.m2\repository\org\springframework\spring-jdbc\6.2.6\spring-jdbc-6.2.6.jar;C:\Users\HP\.m2\repository\org\hibernate\orm\hibernate-core\6.6.13.Final\hibernate-core-6.6.13.Final.jar;C:\Users\HP\.m2\repository\jakarta\persistence\jakarta.persistence-api\3.1.0\jakarta.persistence-api-3.1.0.jar;C:\Users\HP\.m2\repository\jakarta\transaction\jakarta.transaction-api\2.0.1\jakarta.transaction-api-2.0.1.jar;C:\Users\HP\.m2\repository\org\jboss\logging\jboss-logging\3.6.1.Final\jboss-logging-3.6.1.Final.jar;C:\Users\HP\.m2\repository\org\hibernate\common\hibernate-commons-annotations\7.0.3.Final\hibernate-commons-annotations-7.0.3.Final.jar;C:\Users\HP\.m2\repository\io\smallrye\jandex\3.2.0\jandex-3.2.0.jar;C:\Users\HP\.m2\repository\com\fasterxml\classmate\1.7.0\classmate-1.7.0.jar;C:\Users\HP\.m2\repository\net\bytebuddy\byte-buddy\1.15.11\byte-buddy-1.15.11.jar;C:\Users\HP\.m2\repository\org\glassfish\jaxb\jaxb-runtime\4.0.5\jaxb-runtime-4.0.5.jar;C:\Users\HP\.m2\repository\org\glassfish\jaxb\jaxb-core\4.0.5\jaxb-core-4.0.5.jar;C:\Users\HP\.m2\repository\org\eclipse\angus\angus-activation\2.0.2\angus-activation-2.0.2.jar;C:\Users\HP\.m2\repository\org\glassfish\jaxb\txw2\4.0.5\txw2-4.0.5.jar;C:\Users\HP\.m2\repository\com\sun\istack\istack-commons-runtime\4.1.2\istack-commons-runtime-4.1.2.jar;C:\Users\HP\.m2\repository\jakarta\inject\jakarta.inject-api\2.0.1\jakarta.inject-api-2.0.1.jar;C:\Users\HP\.m2\repository\org\antlr\antlr4-runtime\4.13.0\antlr4-runtime-4.13.0.jar;C:\Users\HP\.m2\repository\org\springframework\data\spring-data-jpa\3.4.5\spring-data-jpa-3.4.5.jar;C:\Users\HP\.m2\repository\org\springframework\data\spring-data-commons\3.4.5\spring-data-commons-3.4.5.jar;C:\Users\HP\.m2\repository\org\springframework\spring-orm\6.2.6\spring-orm-6.2.6.jar;C:\Users\HP\.m2\repository\org\springframework\spring-context\6.2.6\spring-context-6.2.6.jar;C:\Users\HP\.m2\repository\org\springframework\spring-tx\6.2.6\spring-tx-6.2.6.jar;C:\Users\HP\.m2\repository\org\springframework\spring-beans\6.2.6\spring-beans-6.2.6.jar;C:\Users\HP\.m2\repository\org\slf4j\slf4j-api\2.0.17\slf4j-api-2.0.17.jar;C:\Users\HP\.m2\repository\org\springframework\spring-aspects\6.2.6\spring-aspects-6.2.6.jar;C:\Users\HP\.m2\repository\org\aspectj\aspectjweaver\1.9.24\aspectjweaver-1.9.24.jar;C:\Users\HP\.m2\repository\org\springframework\spring-aop\6.2.6\spring-aop-6.2.6.jar;C:\Users\HP\.m2\repository\org\springframework\security\spring-security-config\6.4.5\spring-security-config-6.4.5.jar;C:\Users\HP\.m2\repository\org\springframework\security\spring-security-web\6.4.5\spring-security-web-6.4.5.jar;C:\Users\HP\.m2\repository\org\springframework\spring-expression\6.2.6\spring-expression-6.2.6.jar;C:\Users\HP\.m2\repository\com\fasterxml\jackson\datatype\jackson-datatype-jdk8\2.18.3\jackson-datatype-jdk8-2.18.3.jar;C:\Users\HP\.m2\repository\com\fasterxml\jackson\datatype\jackson-datatype-jsr310\2.18.3\jackson-datatype-jsr310-2.18.3.jar;C:\Users\HP\.m2\repository\com\fasterxml\jackson\module\jackson-module-parameter-names\2.18.3\jackson-module-parameter-names-2.18.3.jar;C:\Users\HP\.m2\repository\org\apache\tomcat\embed\tomcat-embed-core\10.1.40\tomcat-embed-core-10.1.40.jar;C:\Users\HP\.m2\repository\org\apache\tomcat\embed\tomcat-embed-el\10.1.40\tomcat-embed-el-10.1.40.jar;C:\Users\HP\.m2\repository\org\apache\tomcat\embed\tomcat-embed-websocket\10.1.40\tomcat-embed-websocket-10.1.40.jar;C:\Users\HP\.m2\repository\org\springframework\spring-web\6.2.6\spring-web-6.2.6.jar;C:\Users\HP\.m2\repository\io\micrometer\micrometer-observation\1.14.6\micrometer-observation-1.14.6.jar;C:\Users\HP\.m2\repository\io\micrometer\micrometer-commons\1.14.6\micrometer-commons-1.14.6.jar;C:\Users\HP\.m2\repository\org\springframework\spring-webmvc\6.2.6\spring-webmvc-6.2.6.jar;C:\Users\HP\.m2\repository\com\mysql\mysql-connector-j\9.1.0\mysql-connector-j-9.1.0.jar;C:\Users\HP\.m2\repository\jakarta\xml\bind\jakarta.xml.bind-api\4.0.2\jakarta.xml.bind-api-4.0.2.jar;C:\Users\HP\.m2\repository\jakarta\activation\jakarta.activation-api\2.1.3\jakarta.activation-api-2.1.3.jar;C:\Users\HP\.m2\repository\org\springframework\spring-core\6.2.6\spring-core-6.2.6.jar;C:\Users\HP\.m2\repository\org\springframework\spring-jcl\6.2.6\spring-jcl-6.2.6.jar;C:\Users\HP\.m2\repository\org\springframework\security\spring-security-core\6.4.5\spring-security-core-6.4.5.jar;C:\Users\HP\.m2\repository\org\springframework\security\spring-security-crypto\6.4.5\spring-security-crypto-6.4.5.jar;C:\Users\HP\.m2\repository\io\jsonwebtoken\jjwt-api\0.11.5\jjwt-api-0.11.5.jar;C:\Users\HP\.m2\repository\io\jsonwebtoken\jjwt-impl\0.11.5\jjwt-impl-0.11.5.jar;C:\Users\HP\.m2\repository\io\jsonwebtoken\jjwt-jackson\0.11.5\jjwt-jackson-0.11.5.jar;C:\Users\HP\.m2\repository\com\fasterxml\jackson\core\jackson-databind\2.18.3\jackson-databind-2.18.3.jar;C:\Users\HP\.m2\repository\com\fasterxml\jackson\core\jackson-annotations\2.18.3\jackson-annotations-2.18.3.jar;C:\Users\HP\.m2\repository\com\fasterxml\jackson\core\jackson-core\2.18.3\jackson-core-2.18.3.jar
Launcher Type: SUN_STANDARD

[Global flags]
     intx CICompilerCount                          = 4                                         {product} {ergonomic}
     uint ConcGCThreads                            = 3                                         {product} {ergonomic}
     uint G1ConcRefinementThreads                  = 10                                        {product} {ergonomic}
   size_t G1HeapRegionSize                         = 1048576                                   {product} {ergonomic}
   size_t InitialHeapSize                          = 130023424                                 {product} {ergonomic}
   size_t MarkStackSize                            = 4194304                                   {product} {ergonomic}
   size_t MarkStackSizeMax                         = 536870912                                 {product} {ergonomic}
   size_t MaxHeapSize                              = 2055208960                                {product} {ergonomic}
   size_t MaxNewSize                               = 1233125376                                {product} {ergonomic}
   size_t MinHeapDeltaBytes                        = 1048576                                   {product} {ergonomic}
   size_t MinHeapSize                              = 8388608                                   {product} {ergonomic}
    uintx NonNMethodCodeHeapSize                   = 4096                                   {pd product} {ergonomic}
    uintx NonProfiledCodeHeapSize                  = 0                                      {pd product} {ergonomic}
     bool ProfileInterpreter                       = false                                  {pd product} {command line}
    uintx ProfiledCodeHeapSize                     = 0                                      {pd product} {ergonomic}
   size_t SoftMaxHeapSize                          = 2055208960                             {manageable} {ergonomic}
     intx TieredStopAtLevel                        = 1                                         {product} {command line}
     bool UseCompressedOops                        = true                           {product lp64_product} {ergonomic}
     bool UseG1GC                                  = true                                      {product} {ergonomic}
     bool UseLargePagesIndividualAllocation        = false                                  {pd product} {ergonomic}

Logging:
Log output configuration:
 #0: stdout all=warning uptime,level,tags foldmultilines=false
 #1: stderr all=off uptime,level,tags foldmultilines=false

Release file:
IMPLEMENTOR="Oracle Corporation" 
JAVA_RUNTIME_VERSION="25+37-LTS-3491" 
JAVA_VERSION="25" 
JAVA_VERSION_DATE="2025-09-16" 
LIBC="default" 
MODULES="java.base java.compiler java.datatransfer java.xml java.prefs java.desktop java.instrument java.logging java.management java.security.sasl java.naming java.rmi java.management.rmi java.net.http java.scripting java.security.jgss java.transaction.xa java.sql java.sql.rowset java.xml.crypto java.se java.smartcardio jdk.accessibility jdk.internal.jvmstat jdk.attach jdk.charsets jdk.internal.opt jdk.zipfs jdk.compiler jdk.crypto.cryptoki jdk.crypto.ec jdk.crypto.mscapi jdk.dynalink jdk.internal.ed jdk.editpad jdk.internal.vm.ci jdk.graal.compiler jdk.graal.compiler.management jdk.hotspot.agent jdk.httpserver jdk.incubator.vector jdk.internal.le jdk.internal.md jdk.jartool jdk.javadoc jdk.jcmd jdk.management jdk.management.agent jdk.jconsole jdk.jdeps jdk.jdwp.agent jdk.jdi jdk.jfr jdk.jlink jdk.jpackage jdk.jshell jdk.jsobject jdk.jstatd jdk.localedata jdk.management.jfr jdk.naming.dns jdk.naming.rmi jdk.net jdk.nio.mapmode jdk.sctp jdk.security.auth jdk.security.jgss jdk.unsupported jdk.unsupported.desktop jdk.xml.dom" 
OS_ARCH="x86_64" 
OS_NAME="Windows" 
SOURCE=".:git:49d6a23b8806 open:git:6c48f4ed707b" 

Environment Variables:
JAVA_HOME=C:\Program Files\Java\jdk-25
PATH=C:\Program Files\Common Files\Oracle\Java\javapath;C:\Program Files (x86)\Common Files\Oracle\Java\java8path;C:\Program Files (x86)\Common Files\Oracle\Java\javapath;C:\ORC\ORACLEE\bin;C:\app\HP\product\21c\dbhomeXE\bin;E:\oracle21\ORACL\bin;C:\Dossier_Oracle21c\Oracle21c\bin;C:\WINDOWS\system32;C:\WINDOWS;C:\WINDOWS\System32\Wbem;C:\WINDOWS\System32\WindowsPowerShell\v1.0\;C:\WINDOWS\System32\OpenSSH\;C:\appliiiiiii\flutter_windows_3.35.7-stable.zip\flutter\bin;C:\Program Files\Docker\Docker\resources\bin;C:\Program Files\Git\cmd;C:\Program Files\nodejs\;C:\Program Files\Apache\maven\bin;C:\Program Files\MySQL\MySQL Shell 8.0\bin\;C:\Users\HP\AppData\Local\Programs\Python\Python313\Scripts\;C:\Users\HP\AppData\Local\Programs\Python\Python313\;C:\Users\HP\AppData\Local\Programs\Python\Launcher\;C:\Users\HP\AppData\Local\Microsoft\WindowsApps;C:\Users\HP\AppData\Local\Programs\Microsoft VS Code\bin;C:\Users\HP\AppData\Local\Python\bin;C:\Users\HP\AppData\Roaming\npm;C:\Program Files\Java\jdk-25\bin;C:\Maven\apache-maven-3.9.15\bin;D:\Nouveau dossier\Antigravity\bin
USERNAME=HP
OS=Windows_NT
PROCESSOR_IDENTIFIER=Intel64 Family 6 Model 186 Stepping 3, GenuineIntel
TMP=C:\Users\HP\AppData\Local\Temp
TEMP=C:\Users\HP\AppData\Local\Temp




Compilation memory statistics disabled.

Periodic native trim disabled

---------------  S Y S T E M  ---------------

OS:
 Windows 11 , 64 bit Build 26100 (10.0.26100.8246)
OS uptime: 0 days 0:39 hours
Hyper-V role detected

CPU: total 12 (initial active 12) (6 cores per cpu, 2 threads per core) family 6 model 186 stepping 3 microcode 0x4121, cx8, cmov, fxsr, ht, mmx, 3dnowpref, sse, sse2, sse3, ssse3, sse4.1, sse4.2, popcnt, lzcnt, tsc, tscinvbit, avx, avx2, aes, erms, clmul, bmi1, bmi2, adx, sha, fma, vzeroupper, clflush, clflushopt, clwb, hv, serialize, rdtscp, rdpid, fsrm, gfni, f16c, cet_ibt, cet_ss
Processor Information for processor 0
  Max Mhz: 1300, Current Mhz: 1300, Mhz Limit: 1300
Processor Information for processor 1
  Max Mhz: 1300, Current Mhz: 1300, Mhz Limit: 1300
Processor Information for processor 2
  Max Mhz: 1300, Current Mhz: 1300, Mhz Limit: 1300
Processor Information for processor 3
  Max Mhz: 1300, Current Mhz: 1300, Mhz Limit: 1300
Processor Information for processor 4
  Max Mhz: 1300, Current Mhz: 900, Mhz Limit: 897
Processor Information for processor 5
  Max Mhz: 1300, Current Mhz: 900, Mhz Limit: 897
Processor Information for processor 6
  Max Mhz: 1300, Current Mhz: 900, Mhz Limit: 897
Processor Information for processor 7
  Max Mhz: 1300, Current Mhz: 900, Mhz Limit: 897
Processor Information for processor 8
  Max Mhz: 1300, Current Mhz: 900, Mhz Limit: 897
Processor Information for processor 9
  Max Mhz: 1300, Current Mhz: 900, Mhz Limit: 897
Processor Information for processor 10
  Max Mhz: 1300, Current Mhz: 900, Mhz Limit: 897
Processor Information for processor 11
  Max Mhz: 1300, Current Mhz: 900, Mhz Limit: 897

Memory: 4k page, system-wide physical 7835M (436M free)
TotalPageFile size 13835M (AvailPageFile size 175M)
current process WorkingSet (physical memory assigned to process): 277M, peak: 277M
current process commit charge ("private bytes"): 340M, peak: 340M

vm_info: Java HotSpot(TM) 64-Bit Server VM (25+37-LTS-3491) for windows-amd64 JRE (25+37-LTS-3491), built on 2025-08-14T21:13:00Z with unknown MS VC++:1943

END.
