#
# There is insufficient memory for the Java Runtime Environment to continue.
# Native memory allocation (malloc) failed to allocate 3601752 bytes. Error detail: Chunk::new
# Possible reasons:
#   The system is out of physical RAM or swap space
#   This process is running with CompressedOops enabled, and the Java Heap may be blocking the growth of the native heap
# Possible solutions:
#   Reduce memory load on the system
#   Increase physical memory or swap space
#   Check if swap backing store is full
#   Decrease Java heap size (-Xmx/-Xms)
#   Decrease number of Java threads
#   Decrease Java thread stack sizes (-Xss)
#   Set larger code cache with -XX:ReservedCodeCacheSize=
#   JVM is running with Unscaled Compressed Oops mode in which the Java heap is
#     placed in the first 4GB address space. The Java Heap base address is the
#     maximum limit for the native heap growth. Please use -XX:HeapBaseMinAddress
#     to set the Java Heap base and to place the Java Heap above 4GB virtual address.
# This output file may be truncated or incomplete.
#
#  Out of Memory Error (arena.cpp:186), pid=2600, tid=10928
#
# JRE version: Java(TM) SE Runtime Environment (25.0+37) (build 25+37-LTS-3491)
# Java VM: Java HotSpot(TM) 64-Bit Server VM (25+37-LTS-3491, mixed mode, sharing, tiered, compressed oops, compressed class ptrs, g1 gc, windows-amd64)
# No core dump will be written. Minidumps are not enabled by default on client versions of Windows
#

---------------  S U M M A R Y ------------

Command Line: --enable-native-access=ALL-UNNAMED -Dclassworlds.conf=C:\Users\HP\.m2\wrapper\dists\apache-maven-3.9.14\ed7edd442f634ac1c1ef5ba2b61b6d690b5221091f1a8e1123f5fadcc967520d\bin\m2.conf -Dmaven.home=C:\Users\HP\.m2\wrapper\dists\apache-maven-3.9.14\ed7edd442f634ac1c1ef5ba2b61b6d690b5221091f1a8e1123f5fadcc967520d -Dlibrary.jansi.path=C:\Users\HP\.m2\wrapper\dists\apache-maven-3.9.14\ed7edd442f634ac1c1ef5ba2b61b6d690b5221091f1a8e1123f5fadcc967520d\lib\jansi-native -Dmaven.multiModuleProjectDirectory=C:\Users\HP\Downloads\INTER\backend\backend org.codehaus.plexus.classworlds.launcher.Launcher clean compile

Host: 13th Gen Intel(R) Core(TM) i5-1335U, 12 cores, 7G,  Windows 11 , 64 bit Build 26100 (10.0.26100.8246)
Time: Sun Apr 26 17:39:14 2026 Greenwich elapsed time: 3.183590 seconds (0d 0h 0m 3s)

---------------  T H R E A D  ---------------

Current thread (0x0000025322d8c520):  JavaThread "C2 CompilerThread1" daemon [_thread_in_native, id=10928, stack(0x000000f9fea00000,0x000000f9feb00000) (1024K)]


Current CompileTask:
C2:3183 1296       4       java.io.InputStreamReader::read (11 bytes)

Stack: [0x000000f9fea00000,0x000000f9feb00000]
Native frames: (J=compiled Java code, j=interpreted, Vv=VM code, C=native code)
V  [jvm.dll+0x7a6a39]  (no source info available)
V  [jvm.dll+0x7727ed]  (no source info available)
V  [jvm.dll+0x965f33]  (no source info available)
V  [jvm.dll+0x968531]  (no source info available)
V  [jvm.dll+0x968c33]  (no source info available)
V  [jvm.dll+0x2fc756]  (no source info available)
V  [jvm.dll+0x111b26]  (no source info available)
V  [jvm.dll+0x111e4e]  (no source info available)
V  [jvm.dll+0x1a0a22]  (no source info available)
V  [jvm.dll+0x3b53c2]  (no source info available)
V  [jvm.dll+0x7ac3cf]  (no source info available)
V  [jvm.dll+0x2c0ac7]  (no source info available)
V  [jvm.dll+0x2bfa8f]  (no source info available)
V  [jvm.dll+0x237b60]  (no source info available)
V  [jvm.dll+0x2cfb56]  (no source info available)
V  [jvm.dll+0x2cddd5]  (no source info available)
V  [jvm.dll+0x48e671]  (no source info available)
V  [jvm.dll+0x90681d]  (no source info available)
V  [jvm.dll+0x7a5015]  (no source info available)
C  [ucrtbase.dll+0x37b0]  (no source info available)
C  [KERNEL32.DLL+0x2e8d7]  (no source info available)
C  [ntdll.dll+0x8c3fc]  (no source info available)

Lock stack of current Java thread (top to bottom):


---------------  P R O C E S S  ---------------

Threads class SMR info:
_java_thread_list=0x000002532700bf50, length=13, elements={
0x0000025302d96660, 0x0000025321fb0c60, 0x0000025321fb1570, 0x0000025321fb4b90,
0x0000025321fb68b0, 0x0000025321fb7a80, 0x0000025321fc4380, 0x0000025321fcc0c0,
0x0000025321fe0d00, 0x000002532223cfe0, 0x0000025322245510, 0x0000025322d8c520,
0x0000025327121ae0
}

Java Threads: ( => current thread )
  0x0000025302d96660 JavaThread "main"                              [_thread_in_vm, id=21120, stack(0x000000f9fd800000,0x000000f9fd900000) (1024K)]
  0x0000025321fb0c60 JavaThread "Reference Handler"          daemon [_thread_blocked, id=3944, stack(0x000000f9fe000000,0x000000f9fe100000) (1024K)]
  0x0000025321fb1570 JavaThread "Finalizer"                  daemon [_thread_blocked, id=14248, stack(0x000000f9fe100000,0x000000f9fe200000) (1024K)]
  0x0000025321fb4b90 JavaThread "Signal Dispatcher"          daemon [_thread_blocked, id=18284, stack(0x000000f9fe200000,0x000000f9fe300000) (1024K)]
  0x0000025321fb68b0 JavaThread "Attach Listener"            daemon [_thread_blocked, id=20412, stack(0x000000f9fe300000,0x000000f9fe400000) (1024K)]
  0x0000025321fb7a80 JavaThread "Service Thread"             daemon [_thread_blocked, id=12528, stack(0x000000f9fe400000,0x000000f9fe500000) (1024K)]
  0x0000025321fc4380 JavaThread "Monitor Deflation Thread"   daemon [_thread_blocked, id=14188, stack(0x000000f9fe500000,0x000000f9fe600000) (1024K)]
  0x0000025321fcc0c0 JavaThread "C2 CompilerThread0"         daemon [_thread_in_native, id=6684, stack(0x000000f9fe600000,0x000000f9fe700000) (1024K)]
  0x0000025321fe0d00 JavaThread "C1 CompilerThread0"         daemon [_thread_blocked, id=20640, stack(0x000000f9fe700000,0x000000f9fe800000) (1024K)]
  0x000002532223cfe0 JavaThread "Notification Thread"        daemon [_thread_blocked, id=8360, stack(0x000000f9fe800000,0x000000f9fe900000) (1024K)]
  0x0000025322245510 JavaThread "Common-Cleaner"             daemon [_thread_blocked, id=19016, stack(0x000000f9fe900000,0x000000f9fea00000) (1024K)]
=>0x0000025322d8c520 JavaThread "C2 CompilerThread1"         daemon [_thread_in_native, id=10928, stack(0x000000f9fea00000,0x000000f9feb00000) (1024K)]
  0x0000025327121ae0 JavaThread "C2 CompilerThread2"         daemon [_thread_in_native, id=21056, stack(0x000000f9feb00000,0x000000f9fec00000) (1024K)]
Total: 13

Other Threads:
  0x0000025321f9fbb0 VMThread "VM Thread"                           [id=21300, stack(0x000000f9fdf00000,0x000000f9fe000000) (1024K)]
  0x0000025321f8de20 WatcherThread "VM Periodic Task Thread"        [id=20492, stack(0x000000f9fde00000,0x000000f9fdf00000) (1024K)]
  0x00000253050cb9d0 WorkerThread "GC Thread#0"                     [id=19668, stack(0x000000f9fd900000,0x000000f9fda00000) (1024K)]
  0x00000253050e7fa0 ConcurrentGCThread "G1 Main Marker"            [id=4792, stack(0x000000f9fda00000,0x000000f9fdb00000) (1024K)]
  0x00000253050e9550 WorkerThread "G1 Conc#0"                       [id=4704, stack(0x000000f9fdb00000,0x000000f9fdc00000) (1024K)]
  0x0000025321e5e570 ConcurrentGCThread "G1 Refine#0"               [id=15576, stack(0x000000f9fdc00000,0x000000f9fdd00000) (1024K)]
  0x0000025321e5ee30 ConcurrentGCThread "G1 Service"                [id=6484, stack(0x000000f9fdd00000,0x000000f9fde00000) (1024K)]
Total: 7

Threads with active compile tasks:
C2 CompilerThread0  6256 1338       4       sun.nio.cs.StreamDecoder::implRead (232 bytes)
C2 CompilerThread1  6256 1296       4       java.io.InputStreamReader::read (11 bytes)
C2 CompilerThread2  6256 1328   !   4       sun.nio.cs.StreamDecoder::read (220 bytes)
Total: 3

VM state: not at safepoint (normal execution)

VM Mutex/Monitor currently owned by a thread:  ([mutex/lock_event])
[0x00007fffa05872a8] Metaspace_lock - owner thread: 0x0000025302d96660

Heap address: 0x0000000085800000, size: 1960 MB, Compressed Oops mode: 32-bit

CDS archive(s) mapped at: [0x0000000034000000-0x0000000034dd0000-0x0000000034dd0000), size 14483456, SharedBaseAddress: 0x0000000034000000, ArchiveRelocationMode: 1.
Compressed class space mapped at: 0x0000000035000000-0x0000000075000000, reserved size: 1073741824
UseCompressedClassPointers 1, UseCompactObjectHeaders 0
Narrow klass pointer bits 32, Max shift 3
Narrow klass base: 0x0000000034000000, Narrow klass shift: 0
Encoding Range: [0x0000000034000000 - 0x0000000134000000), (4294967296 bytes)
Klass Range:    [0x0000000034010000 - 0x0000000075000000), (1090453504 bytes)
Klass ID Range:  [65536 - 1090519033) (1090453497)
Protection zone: [0x0000000034000000 - 0x0000000034010000), (65536 bytes)

GC Precious Log:
 CardTable entry size: 512
 Card Set container configuration: InlinePtr #cards 5 size 8 Array Of Cards #cards 10 size 36 Howl #buckets 4 coarsen threshold 1843 Howl Bitmap #cards 512 size 80 coarsen threshold 460 Card regions per heap region 1 cards per card region 2048
 CPUs: 12 total, 12 available
 Memory: 7835M
 Large Page Support: Disabled
 NUMA Support: Disabled
 Compressed Oops: Enabled (32-bit)
 Heap Region Size: 1M
 Heap Min Capacity: 8M
 Heap Initial Capacity: 124M
 Heap Max Capacity: 1960M
 Pre-touch: Disabled
 Parallel Workers: 10
 Concurrent Workers: 3
 Concurrent Refinement Workers: 10
 Periodic GC: Disabled

Heap:
 garbage-first heap   total reserved 2007040K, committed 129024K, used 26773K [0x0000000085800000, 0x0000000100000000)
  region size 1024K, 26 young (26624K), 0 survivors (0K)

Heap Regions: E=young(eden), S=young(survivor), O=old, HS=humongous(starts), HC=humongous(continues), CS=collection set, F=free, TAMS=top-at-mark-start, PB=parsable bottom
|   0|0x0000000085800000, 0x0000000085800000, 0x0000000085900000|  0%| F|  |TAMS 0x0000000085800000| PB 0x0000000085800000| Untracked |  0
|   1|0x0000000085900000, 0x0000000085900000, 0x0000000085a00000|  0%| F|  |TAMS 0x0000000085900000| PB 0x0000000085900000| Untracked |  0
|   2|0x0000000085a00000, 0x0000000085a00000, 0x0000000085b00000|  0%| F|  |TAMS 0x0000000085a00000| PB 0x0000000085a00000| Untracked |  0
|   3|0x0000000085b00000, 0x0000000085b00000, 0x0000000085c00000|  0%| F|  |TAMS 0x0000000085b00000| PB 0x0000000085b00000| Untracked |  0
|   4|0x0000000085c00000, 0x0000000085c00000, 0x0000000085d00000|  0%| F|  |TAMS 0x0000000085c00000| PB 0x0000000085c00000| Untracked |  0
|   5|0x0000000085d00000, 0x0000000085d00000, 0x0000000085e00000|  0%| F|  |TAMS 0x0000000085d00000| PB 0x0000000085d00000| Untracked |  0
|   6|0x0000000085e00000, 0x0000000085e00000, 0x0000000085f00000|  0%| F|  |TAMS 0x0000000085e00000| PB 0x0000000085e00000| Untracked |  0
|   7|0x0000000085f00000, 0x0000000085f00000, 0x0000000086000000|  0%| F|  |TAMS 0x0000000085f00000| PB 0x0000000085f00000| Untracked |  0
|   8|0x0000000086000000, 0x0000000086000000, 0x0000000086100000|  0%| F|  |TAMS 0x0000000086000000| PB 0x0000000086000000| Untracked |  0
|   9|0x0000000086100000, 0x0000000086100000, 0x0000000086200000|  0%| F|  |TAMS 0x0000000086100000| PB 0x0000000086100000| Untracked |  0
|  10|0x0000000086200000, 0x0000000086200000, 0x0000000086300000|  0%| F|  |TAMS 0x0000000086200000| PB 0x0000000086200000| Untracked |  0
|  11|0x0000000086300000, 0x0000000086300000, 0x0000000086400000|  0%| F|  |TAMS 0x0000000086300000| PB 0x0000000086300000| Untracked |  0
|  12|0x0000000086400000, 0x0000000086400000, 0x0000000086500000|  0%| F|  |TAMS 0x0000000086400000| PB 0x0000000086400000| Untracked |  0
|  13|0x0000000086500000, 0x0000000086500000, 0x0000000086600000|  0%| F|  |TAMS 0x0000000086500000| PB 0x0000000086500000| Untracked |  0
|  14|0x0000000086600000, 0x0000000086600000, 0x0000000086700000|  0%| F|  |TAMS 0x0000000086600000| PB 0x0000000086600000| Untracked |  0
|  15|0x0000000086700000, 0x0000000086700000, 0x0000000086800000|  0%| F|  |TAMS 0x0000000086700000| PB 0x0000000086700000| Untracked |  0
|  16|0x0000000086800000, 0x0000000086800000, 0x0000000086900000|  0%| F|  |TAMS 0x0000000086800000| PB 0x0000000086800000| Untracked |  0
|  17|0x0000000086900000, 0x0000000086900000, 0x0000000086a00000|  0%| F|  |TAMS 0x0000000086900000| PB 0x0000000086900000| Untracked |  0
|  18|0x0000000086a00000, 0x0000000086a00000, 0x0000000086b00000|  0%| F|  |TAMS 0x0000000086a00000| PB 0x0000000086a00000| Untracked |  0
|  19|0x0000000086b00000, 0x0000000086b00000, 0x0000000086c00000|  0%| F|  |TAMS 0x0000000086b00000| PB 0x0000000086b00000| Untracked |  0
|  20|0x0000000086c00000, 0x0000000086c00000, 0x0000000086d00000|  0%| F|  |TAMS 0x0000000086c00000| PB 0x0000000086c00000| Untracked |  0
|  21|0x0000000086d00000, 0x0000000086d00000, 0x0000000086e00000|  0%| F|  |TAMS 0x0000000086d00000| PB 0x0000000086d00000| Untracked |  0
|  22|0x0000000086e00000, 0x0000000086e00000, 0x0000000086f00000|  0%| F|  |TAMS 0x0000000086e00000| PB 0x0000000086e00000| Untracked |  0
|  23|0x0000000086f00000, 0x0000000086f00000, 0x0000000087000000|  0%| F|  |TAMS 0x0000000086f00000| PB 0x0000000086f00000| Untracked |  0
|  24|0x0000000087000000, 0x0000000087000000, 0x0000000087100000|  0%| F|  |TAMS 0x0000000087000000| PB 0x0000000087000000| Untracked |  0
|  25|0x0000000087100000, 0x0000000087100000, 0x0000000087200000|  0%| F|  |TAMS 0x0000000087100000| PB 0x0000000087100000| Untracked |  0
|  26|0x0000000087200000, 0x0000000087200000, 0x0000000087300000|  0%| F|  |TAMS 0x0000000087200000| PB 0x0000000087200000| Untracked |  0
|  27|0x0000000087300000, 0x0000000087300000, 0x0000000087400000|  0%| F|  |TAMS 0x0000000087300000| PB 0x0000000087300000| Untracked |  0
|  28|0x0000000087400000, 0x0000000087400000, 0x0000000087500000|  0%| F|  |TAMS 0x0000000087400000| PB 0x0000000087400000| Untracked |  0
|  29|0x0000000087500000, 0x0000000087500000, 0x0000000087600000|  0%| F|  |TAMS 0x0000000087500000| PB 0x0000000087500000| Untracked |  0
|  30|0x0000000087600000, 0x0000000087600000, 0x0000000087700000|  0%| F|  |TAMS 0x0000000087600000| PB 0x0000000087600000| Untracked |  0
|  31|0x0000000087700000, 0x0000000087700000, 0x0000000087800000|  0%| F|  |TAMS 0x0000000087700000| PB 0x0000000087700000| Untracked |  0
|  32|0x0000000087800000, 0x0000000087800000, 0x0000000087900000|  0%| F|  |TAMS 0x0000000087800000| PB 0x0000000087800000| Untracked |  0
|  33|0x0000000087900000, 0x0000000087900000, 0x0000000087a00000|  0%| F|  |TAMS 0x0000000087900000| PB 0x0000000087900000| Untracked |  0
|  34|0x0000000087a00000, 0x0000000087a00000, 0x0000000087b00000|  0%| F|  |TAMS 0x0000000087a00000| PB 0x0000000087a00000| Untracked |  0
|  35|0x0000000087b00000, 0x0000000087b00000, 0x0000000087c00000|  0%| F|  |TAMS 0x0000000087b00000| PB 0x0000000087b00000| Untracked |  0
|  36|0x0000000087c00000, 0x0000000087c00000, 0x0000000087d00000|  0%| F|  |TAMS 0x0000000087c00000| PB 0x0000000087c00000| Untracked |  0
|  37|0x0000000087d00000, 0x0000000087d00000, 0x0000000087e00000|  0%| F|  |TAMS 0x0000000087d00000| PB 0x0000000087d00000| Untracked |  0
|  38|0x0000000087e00000, 0x0000000087e00000, 0x0000000087f00000|  0%| F|  |TAMS 0x0000000087e00000| PB 0x0000000087e00000| Untracked |  0
|  39|0x0000000087f00000, 0x0000000087f00000, 0x0000000088000000|  0%| F|  |TAMS 0x0000000087f00000| PB 0x0000000087f00000| Untracked |  0
|  40|0x0000000088000000, 0x0000000088000000, 0x0000000088100000|  0%| F|  |TAMS 0x0000000088000000| PB 0x0000000088000000| Untracked |  0
|  41|0x0000000088100000, 0x0000000088100000, 0x0000000088200000|  0%| F|  |TAMS 0x0000000088100000| PB 0x0000000088100000| Untracked |  0
|  42|0x0000000088200000, 0x0000000088200000, 0x0000000088300000|  0%| F|  |TAMS 0x0000000088200000| PB 0x0000000088200000| Untracked |  0
|  43|0x0000000088300000, 0x0000000088300000, 0x0000000088400000|  0%| F|  |TAMS 0x0000000088300000| PB 0x0000000088300000| Untracked |  0
|  44|0x0000000088400000, 0x0000000088400000, 0x0000000088500000|  0%| F|  |TAMS 0x0000000088400000| PB 0x0000000088400000| Untracked |  0
|  45|0x0000000088500000, 0x0000000088500000, 0x0000000088600000|  0%| F|  |TAMS 0x0000000088500000| PB 0x0000000088500000| Untracked |  0
|  46|0x0000000088600000, 0x0000000088600000, 0x0000000088700000|  0%| F|  |TAMS 0x0000000088600000| PB 0x0000000088600000| Untracked |  0
|  47|0x0000000088700000, 0x0000000088700000, 0x0000000088800000|  0%| F|  |TAMS 0x0000000088700000| PB 0x0000000088700000| Untracked |  0
|  48|0x0000000088800000, 0x0000000088800000, 0x0000000088900000|  0%| F|  |TAMS 0x0000000088800000| PB 0x0000000088800000| Untracked |  0
|  49|0x0000000088900000, 0x0000000088900000, 0x0000000088a00000|  0%| F|  |TAMS 0x0000000088900000| PB 0x0000000088900000| Untracked |  0
|  50|0x0000000088a00000, 0x0000000088a00000, 0x0000000088b00000|  0%| F|  |TAMS 0x0000000088a00000| PB 0x0000000088a00000| Untracked |  0
|  51|0x0000000088b00000, 0x0000000088b00000, 0x0000000088c00000|  0%| F|  |TAMS 0x0000000088b00000| PB 0x0000000088b00000| Untracked |  0
|  52|0x0000000088c00000, 0x0000000088c00000, 0x0000000088d00000|  0%| F|  |TAMS 0x0000000088c00000| PB 0x0000000088c00000| Untracked |  0
|  53|0x0000000088d00000, 0x0000000088d00000, 0x0000000088e00000|  0%| F|  |TAMS 0x0000000088d00000| PB 0x0000000088d00000| Untracked |  0
|  54|0x0000000088e00000, 0x0000000088e00000, 0x0000000088f00000|  0%| F|  |TAMS 0x0000000088e00000| PB 0x0000000088e00000| Untracked |  0
|  55|0x0000000088f00000, 0x0000000088f00000, 0x0000000089000000|  0%| F|  |TAMS 0x0000000088f00000| PB 0x0000000088f00000| Untracked |  0
|  56|0x0000000089000000, 0x0000000089000000, 0x0000000089100000|  0%| F|  |TAMS 0x0000000089000000| PB 0x0000000089000000| Untracked |  0
|  57|0x0000000089100000, 0x0000000089100000, 0x0000000089200000|  0%| F|  |TAMS 0x0000000089100000| PB 0x0000000089100000| Untracked |  0
|  58|0x0000000089200000, 0x0000000089200000, 0x0000000089300000|  0%| F|  |TAMS 0x0000000089200000| PB 0x0000000089200000| Untracked |  0
|  59|0x0000000089300000, 0x0000000089300000, 0x0000000089400000|  0%| F|  |TAMS 0x0000000089300000| PB 0x0000000089300000| Untracked |  0
|  60|0x0000000089400000, 0x0000000089400000, 0x0000000089500000|  0%| F|  |TAMS 0x0000000089400000| PB 0x0000000089400000| Untracked |  0
|  61|0x0000000089500000, 0x0000000089500000, 0x0000000089600000|  0%| F|  |TAMS 0x0000000089500000| PB 0x0000000089500000| Untracked |  0
|  62|0x0000000089600000, 0x0000000089600000, 0x0000000089700000|  0%| F|  |TAMS 0x0000000089600000| PB 0x0000000089600000| Untracked |  0
|  63|0x0000000089700000, 0x0000000089700000, 0x0000000089800000|  0%| F|  |TAMS 0x0000000089700000| PB 0x0000000089700000| Untracked |  0
|  64|0x0000000089800000, 0x0000000089800000, 0x0000000089900000|  0%| F|  |TAMS 0x0000000089800000| PB 0x0000000089800000| Untracked |  0
|  65|0x0000000089900000, 0x0000000089900000, 0x0000000089a00000|  0%| F|  |TAMS 0x0000000089900000| PB 0x0000000089900000| Untracked |  0
|  66|0x0000000089a00000, 0x0000000089a00000, 0x0000000089b00000|  0%| F|  |TAMS 0x0000000089a00000| PB 0x0000000089a00000| Untracked |  0
|  67|0x0000000089b00000, 0x0000000089b00000, 0x0000000089c00000|  0%| F|  |TAMS 0x0000000089b00000| PB 0x0000000089b00000| Untracked |  0
|  68|0x0000000089c00000, 0x0000000089c00000, 0x0000000089d00000|  0%| F|  |TAMS 0x0000000089c00000| PB 0x0000000089c00000| Untracked |  0
|  69|0x0000000089d00000, 0x0000000089d00000, 0x0000000089e00000|  0%| F|  |TAMS 0x0000000089d00000| PB 0x0000000089d00000| Untracked |  0
|  70|0x0000000089e00000, 0x0000000089e00000, 0x0000000089f00000|  0%| F|  |TAMS 0x0000000089e00000| PB 0x0000000089e00000| Untracked |  0
|  71|0x0000000089f00000, 0x0000000089f00000, 0x000000008a000000|  0%| F|  |TAMS 0x0000000089f00000| PB 0x0000000089f00000| Untracked |  0
|  72|0x000000008a000000, 0x000000008a000000, 0x000000008a100000|  0%| F|  |TAMS 0x000000008a000000| PB 0x000000008a000000| Untracked |  0
|  73|0x000000008a100000, 0x000000008a100000, 0x000000008a200000|  0%| F|  |TAMS 0x000000008a100000| PB 0x000000008a100000| Untracked |  0
|  74|0x000000008a200000, 0x000000008a200000, 0x000000008a300000|  0%| F|  |TAMS 0x000000008a200000| PB 0x000000008a200000| Untracked |  0
|  75|0x000000008a300000, 0x000000008a300000, 0x000000008a400000|  0%| F|  |TAMS 0x000000008a300000| PB 0x000000008a300000| Untracked |  0
|  76|0x000000008a400000, 0x000000008a400000, 0x000000008a500000|  0%| F|  |TAMS 0x000000008a400000| PB 0x000000008a400000| Untracked |  0
|  77|0x000000008a500000, 0x000000008a500000, 0x000000008a600000|  0%| F|  |TAMS 0x000000008a500000| PB 0x000000008a500000| Untracked |  0
|  78|0x000000008a600000, 0x000000008a600000, 0x000000008a700000|  0%| F|  |TAMS 0x000000008a600000| PB 0x000000008a600000| Untracked |  0
|  79|0x000000008a700000, 0x000000008a700000, 0x000000008a800000|  0%| F|  |TAMS 0x000000008a700000| PB 0x000000008a700000| Untracked |  0
|  80|0x000000008a800000, 0x000000008a800000, 0x000000008a900000|  0%| F|  |TAMS 0x000000008a800000| PB 0x000000008a800000| Untracked |  0
|  81|0x000000008a900000, 0x000000008a900000, 0x000000008aa00000|  0%| F|  |TAMS 0x000000008a900000| PB 0x000000008a900000| Untracked |  0
|  82|0x000000008aa00000, 0x000000008aa00000, 0x000000008ab00000|  0%| F|  |TAMS 0x000000008aa00000| PB 0x000000008aa00000| Untracked |  0
|  83|0x000000008ab00000, 0x000000008ab00000, 0x000000008ac00000|  0%| F|  |TAMS 0x000000008ab00000| PB 0x000000008ab00000| Untracked |  0
|  84|0x000000008ac00000, 0x000000008ac00000, 0x000000008ad00000|  0%| F|  |TAMS 0x000000008ac00000| PB 0x000000008ac00000| Untracked |  0
|  85|0x000000008ad00000, 0x000000008ad00000, 0x000000008ae00000|  0%| F|  |TAMS 0x000000008ad00000| PB 0x000000008ad00000| Untracked |  0
|  86|0x000000008ae00000, 0x000000008ae00000, 0x000000008af00000|  0%| F|  |TAMS 0x000000008ae00000| PB 0x000000008ae00000| Untracked |  0
|  87|0x000000008af00000, 0x000000008af00000, 0x000000008b000000|  0%| F|  |TAMS 0x000000008af00000| PB 0x000000008af00000| Untracked |  0
|  88|0x000000008b000000, 0x000000008b000000, 0x000000008b100000|  0%| F|  |TAMS 0x000000008b000000| PB 0x000000008b000000| Untracked |  0
|  89|0x000000008b100000, 0x000000008b100000, 0x000000008b200000|  0%| F|  |TAMS 0x000000008b100000| PB 0x000000008b100000| Untracked |  0
|  90|0x000000008b200000, 0x000000008b200000, 0x000000008b300000|  0%| F|  |TAMS 0x000000008b200000| PB 0x000000008b200000| Untracked |  0
|  91|0x000000008b300000, 0x000000008b300000, 0x000000008b400000|  0%| F|  |TAMS 0x000000008b300000| PB 0x000000008b300000| Untracked |  0
|  92|0x000000008b400000, 0x000000008b400000, 0x000000008b500000|  0%| F|  |TAMS 0x000000008b400000| PB 0x000000008b400000| Untracked |  0
|  93|0x000000008b500000, 0x000000008b500000, 0x000000008b600000|  0%| F|  |TAMS 0x000000008b500000| PB 0x000000008b500000| Untracked |  0
|  94|0x000000008b600000, 0x000000008b600000, 0x000000008b700000|  0%| F|  |TAMS 0x000000008b600000| PB 0x000000008b600000| Untracked |  0
|  95|0x000000008b700000, 0x000000008b700000, 0x000000008b800000|  0%| F|  |TAMS 0x000000008b700000| PB 0x000000008b700000| Untracked |  0
|  96|0x000000008b800000, 0x000000008b800000, 0x000000008b900000|  0%| F|  |TAMS 0x000000008b800000| PB 0x000000008b800000| Untracked |  0
|  97|0x000000008b900000, 0x000000008b900000, 0x000000008ba00000|  0%| F|  |TAMS 0x000000008b900000| PB 0x000000008b900000| Untracked |  0
|  98|0x000000008ba00000, 0x000000008ba80000, 0x000000008bb00000| 50%| E|  |TAMS 0x000000008ba00000| PB 0x000000008ba00000| Complete |  0
|  99|0x000000008bb00000, 0x000000008bc00000, 0x000000008bc00000|100%| E|CS|TAMS 0x000000008bb00000| PB 0x000000008bb00000| Complete |  0
| 100|0x000000008bc00000, 0x000000008bd00000, 0x000000008bd00000|100%| E|CS|TAMS 0x000000008bc00000| PB 0x000000008bc00000| Complete |  0
| 101|0x000000008bd00000, 0x000000008be00000, 0x000000008be00000|100%| E|CS|TAMS 0x000000008bd00000| PB 0x000000008bd00000| Complete |  0
| 102|0x000000008be00000, 0x000000008bf00000, 0x000000008bf00000|100%| E|CS|TAMS 0x000000008be00000| PB 0x000000008be00000| Complete |  0
| 103|0x000000008bf00000, 0x000000008c000000, 0x000000008c000000|100%| E|CS|TAMS 0x000000008bf00000| PB 0x000000008bf00000| Complete |  0
| 104|0x000000008c000000, 0x000000008c100000, 0x000000008c100000|100%| E|CS|TAMS 0x000000008c000000| PB 0x000000008c000000| Complete |  0
| 105|0x000000008c100000, 0x000000008c200000, 0x000000008c200000|100%| E|CS|TAMS 0x000000008c100000| PB 0x000000008c100000| Complete |  0
| 106|0x000000008c200000, 0x000000008c300000, 0x000000008c300000|100%| E|CS|TAMS 0x000000008c200000| PB 0x000000008c200000| Complete |  0
| 107|0x000000008c300000, 0x000000008c400000, 0x000000008c400000|100%| E|CS|TAMS 0x000000008c300000| PB 0x000000008c300000| Complete |  0
| 108|0x000000008c400000, 0x000000008c500000, 0x000000008c500000|100%| E|CS|TAMS 0x000000008c400000| PB 0x000000008c400000| Complete |  0
| 109|0x000000008c500000, 0x000000008c600000, 0x000000008c600000|100%| E|CS|TAMS 0x000000008c500000| PB 0x000000008c500000| Complete |  0
| 110|0x000000008c600000, 0x000000008c700000, 0x000000008c700000|100%| E|CS|TAMS 0x000000008c600000| PB 0x000000008c600000| Complete |  0
| 111|0x000000008c700000, 0x000000008c800000, 0x000000008c800000|100%| E|CS|TAMS 0x000000008c700000| PB 0x000000008c700000| Complete |  0
| 112|0x000000008c800000, 0x000000008c900000, 0x000000008c900000|100%| E|CS|TAMS 0x000000008c800000| PB 0x000000008c800000| Complete |  0
| 113|0x000000008c900000, 0x000000008ca00000, 0x000000008ca00000|100%| E|CS|TAMS 0x000000008c900000| PB 0x000000008c900000| Complete |  0
| 114|0x000000008ca00000, 0x000000008cb00000, 0x000000008cb00000|100%| E|CS|TAMS 0x000000008ca00000| PB 0x000000008ca00000| Complete |  0
| 115|0x000000008cb00000, 0x000000008cc00000, 0x000000008cc00000|100%| E|CS|TAMS 0x000000008cb00000| PB 0x000000008cb00000| Complete |  0
| 116|0x000000008cc00000, 0x000000008cd00000, 0x000000008cd00000|100%| E|CS|TAMS 0x000000008cc00000| PB 0x000000008cc00000| Complete |  0
| 117|0x000000008cd00000, 0x000000008ce00000, 0x000000008ce00000|100%| E|CS|TAMS 0x000000008cd00000| PB 0x000000008cd00000| Complete |  0
| 118|0x000000008ce00000, 0x000000008cf00000, 0x000000008cf00000|100%| E|CS|TAMS 0x000000008ce00000| PB 0x000000008ce00000| Complete |  0
| 119|0x000000008cf00000, 0x000000008d000000, 0x000000008d000000|100%| E|CS|TAMS 0x000000008cf00000| PB 0x000000008cf00000| Complete |  0
| 120|0x000000008d000000, 0x000000008d100000, 0x000000008d100000|100%| E|CS|TAMS 0x000000008d000000| PB 0x000000008d000000| Complete |  0
| 121|0x000000008d100000, 0x000000008d200000, 0x000000008d200000|100%| E|CS|TAMS 0x000000008d100000| PB 0x000000008d100000| Complete |  0
| 122|0x000000008d200000, 0x000000008d300000, 0x000000008d300000|100%| E|CS|TAMS 0x000000008d200000| PB 0x000000008d200000| Complete |  0
| 123|0x000000008d300000, 0x000000008d400000, 0x000000008d400000|100%| E|CS|TAMS 0x000000008d300000| PB 0x000000008d300000| Complete |  0
|1958|0x00000000ffe00000, 0x00000000fff00000, 0x00000000fff00000|100%| O|  |TAMS 0x00000000ffe00000| PB 0x00000000ffe00000| Untracked |  0
|1959|0x00000000fff00000, 0x00000000fff25608, 0x0000000100000000| 14%| O|  |TAMS 0x00000000fff00000| PB 0x00000000fff00000| Untracked |  0

Card table byte_map: [0x000002531d230000,0x000002531d610000] _byte_map_base: 0x000002531ce04000

Marking Bits: (CMBitMap*) 0x00000253050cdf70
 Bits: [0x000002531d610000, 0x000002531f4b0000)

Polling page: 0x0000025303120000

Metaspace:
Metaspace        used 5618K, committed 5760K, reserved 1114112K
 class space     used 496K, committed 576K, reserved 1048576K

Usage:
  Non-class:      5.00 MB used.
      Class:    496.93 KB used.
       Both:      5.49 MB used.

Virtual space:
  Non-class space:       64.00 MB reserved,       5.06 MB (  8%) committed,  1 nodes.
      Class space:        1.00 GB reserved,     576.00 KB ( <1%) committed,  1 nodes.
             Both:        1.06 GB reserved,       5.62 MB ( <1%) committed. 

Chunk freelists:
   Non-Class:  8.98 MB
       Class:  15.41 MB
        Both:  24.39 MB

MaxMetaspaceSize: unlimited
CompressedClassSpaceSize: 1.00 GB
Initial GC threshold: 21.00 MB
Current GC threshold: 21.00 MB
CDS: on
 - commit_granule_bytes: 65536.
 - commit_granule_words: 8192.
 - virtual_space_node_default_size: 8388608.
 - enlarge_chunks_in_place: 1.
UseCompressedClassPointers 1, UseCompactObjectHeaders 0
Narrow klass pointer bits 32, Max shift 3
Narrow klass base: 0x0000000034000000, Narrow klass shift: 0
Encoding Range: [0x0000000034000000 - 0x0000000134000000), (4294967296 bytes)
Klass Range:    [0x0000000034010000 - 0x0000000075000000), (1090453504 bytes)
Klass ID Range:  [65536 - 1090519033) (1090453497)
Protection zone: [0x0000000034000000 - 0x0000000034010000), (65536 bytes)


Internal statistics:

num_allocs_failed_limit: 0.
num_arena_births: 52.
num_arena_deaths: 0.
num_vsnodes_births: 2.
num_vsnodes_deaths: 0.
num_space_committed: 90.
num_space_uncommitted: 0.
num_chunks_returned_to_freelist: 0.
num_chunks_taken_from_freelist: 228.
num_chunk_merges: 0.
num_chunk_splits: 147.
num_chunks_enlarged: 110.
num_inconsistent_stats: 0.

CodeHeap 'non-profiled nmethods': size=120064Kb used=339Kb max_used=339Kb free=119724Kb
 bounds [0x00000253153b0000, 0x0000025315620000, 0x000002531c8f0000]
CodeHeap 'profiled nmethods': size=120000Kb used=1994Kb max_used=1994Kb free=118005Kb
 bounds [0x000002530d8f0000, 0x000002530db60000, 0x0000025314e20000]
CodeHeap 'non-nmethods': size=5696Kb used=1356Kb max_used=1375Kb free=4339Kb
 bounds [0x0000025314e20000, 0x0000025315090000, 0x00000253153b0000]
CodeCache: size=245760Kb, used=3689Kb, max_used=3708Kb, free=242068Kb
 total_blobs=1810, nmethods=1339, adapters=372, full_count=0
Compilation: enabled, stopped_count=0, restarted_count=0

Compilation events (20 events):
Event: 2.177 Thread 0x0000025321fcc0c0 nmethod 1319 0x0000025315402d88 code [0x0000025315402e80, 0x0000025315402f88]
Event: 2.177 Thread 0x0000025321fcc0c0 1320       4       sun.nio.cs.UTF_8$Decoder::decodeArrayLoop (688 bytes)
Event: 2.177 Thread 0x0000025321fe0d00 1329       3       org.eclipse.sisu.plexus.PlexusXmlScanner::TEXT (10 bytes)
Event: 2.178 Thread 0x0000025321fe0d00 nmethod 1329 0x000002530dad4308 code [0x000002530dad4400, 0x000002530dad4870]
Event: 2.178 Thread 0x0000025321fe0d00 1330       3       org.codehaus.plexus.util.xml.pull.MXParser::nextText (107 bytes)
Event: 2.178 Thread 0x0000025321fe0d00 nmethod 1330 0x000002530dad4888 code [0x000002530dad4980, 0x000002530dad56c0]
Event: 2.179 Thread 0x0000025321fe0d00 1331       3       java.lang.ThreadLocal::get (35 bytes)
Event: 2.179 Thread 0x0000025321fe0d00 nmethod 1331 0x000002530dad5708 code [0x000002530dad5800, 0x000002530dad5ae0]
Event: 2.179 Thread 0x0000025321fe0d00 1332       3       jdk.internal.misc.CarrierThreadLocal::get (10 bytes)
Event: 2.179 Thread 0x0000025321fe0d00 nmethod 1332 0x000002530dad5b08 code [0x000002530dad5c00, 0x000002530dad5eb8]
Event: 2.179 Thread 0x0000025321fe0d00 1333       3       java.lang.System$1::getCarrierThreadLocal (5 bytes)
Event: 2.180 Thread 0x0000025321fe0d00 nmethod 1333 0x000002530dad5f08 code [0x000002530dad6000, 0x000002530dad6250]
Event: 2.180 Thread 0x0000025321fe0d00 1334       3       java.lang.ThreadLocal::getCarrierThreadLocal (29 bytes)
Event: 2.180 Thread 0x0000025321fe0d00 nmethod 1334 0x000002530dad6288 code [0x000002530dad6380, 0x000002530dad64e0]
Event: 2.180 Thread 0x0000025321fcc0c0 nmethod 1320 0x0000025315403088 code [0x0000025315403180, 0x0000025315403930]
Event: 2.180 Thread 0x0000025321fcc0c0 1321       4       java.lang.System$1::uncheckedDecodeASCII (11 bytes)
Event: 2.180 Thread 0x0000025321fe0d00 1335       3       java.lang.StringBuilder::charAt (6 bytes)
Event: 2.180 Thread 0x0000025321fe0d00 nmethod 1335 0x000002530dad6588 code [0x000002530dad6680, 0x000002530dad67c0]
Event: 2.180 Thread 0x0000025321fe0d00 1336       3       java.lang.AbstractStringBuilder::charAt (51 bytes)
Event: 2.181 Thread 0x0000025321fe0d00 nmethod 1336 0x000002530dad6888 code [0x000002530dad6980, 0x000002530dad6d28]

GC Heap Usage History (0 events):
No events

Metaspace Usage History (0 events):
No events

Dll operation events (7 events):
Event: 0.018 Loaded shared library C:\Program Files\Java\jdk-25\bin\java.dll
Event: 0.093 Loaded shared library C:\Program Files\Java\jdk-25\bin\net.dll
Event: 0.109 Loaded shared library C:\Program Files\Java\jdk-25\bin\nio.dll
Event: 0.133 Loaded shared library C:\Program Files\Java\jdk-25\bin\zip.dll
Event: 0.698 Loaded shared library C:\Program Files\Java\jdk-25\bin\jimage.dll
Event: 0.711 Loaded shared library C:\Users\HP\.m2\wrapper\dists\apache-maven-3.9.14\ed7edd442f634ac1c1ef5ba2b61b6d690b5221091f1a8e1123f5fadcc967520d\lib\jansi-native\Windows\x86_64\jansi.dll
Event: 0.739 Loaded shared library C:\Program Files\Java\jdk-25\bin\verify.dll

Deoptimization events (20 events):
Event: 1.101 Thread 0x0000025302d96660 DEOPT UNPACKING pc=0x0000025314f41802 sp=0x000000f9fd8fd420 mode 2
Event: 1.144 Thread 0x0000025302d96660 Uncommon trap: trap_request=0xffffffde fr.pc=0x00000253153eac50 relative=0x0000000000000250
Event: 1.144 Thread 0x0000025302d96660 Uncommon trap: reason=class_check action=maybe_recompile pc=0x00000253153eac50 method=java.util.HashMap.getNode(Ljava/lang/Object;)Ljava/util/HashMap$Node; @ 128 c2
Event: 1.144 Thread 0x0000025302d96660 DEOPT PACKING pc=0x00000253153eac50 sp=0x000000f9fd8fe200
Event: 1.144 Thread 0x0000025302d96660 DEOPT UNPACKING pc=0x0000025314f41802 sp=0x000000f9fd8fe168 mode 2
Event: 1.145 Thread 0x0000025302d96660 Uncommon trap: trap_request=0xffffff6e fr.pc=0x00000253153e0b9c relative=0x000000000000031c
Event: 1.145 Thread 0x0000025302d96660 Uncommon trap: reason=predicate action=maybe_recompile pc=0x00000253153e0b9c method=java.util.regex.Pattern$BmpCharPropertyGreedy.match(Ljava/util/regex/Matcher;ILjava/lang/CharSequence;)Z @ 12 c2
Event: 1.145 Thread 0x0000025302d96660 DEOPT PACKING pc=0x00000253153e0b9c sp=0x000000f9fd8fe240
Event: 1.145 Thread 0x0000025302d96660 DEOPT UNPACKING pc=0x0000025314f41802 sp=0x000000f9fd8fe1f8 mode 2
Event: 2.174 Thread 0x0000025302d96660 Uncommon trap: trap_request=0xffffff45 fr.pc=0x00000253154009a0 relative=0x00000000000018a0
Event: 2.174 Thread 0x0000025302d96660 Uncommon trap: reason=unstable_if action=reinterpret pc=0x00000253154009a0 method=java.nio.charset.CoderResult.isOverflow()Z @ 5 c2
Event: 2.174 Thread 0x0000025302d96660 DEOPT PACKING pc=0x00000253154009a0 sp=0x000000f9fd8fe0c0
Event: 2.174 Thread 0x0000025302d96660 DEOPT UNPACKING pc=0x0000025314f41802 sp=0x000000f9fd8fdde8 mode 2
Event: 2.176 Thread 0x0000025302d96660 Uncommon trap: trap_request=0xffffff45 fr.pc=0x0000025315401838 relative=0x0000000000000238
Event: 2.176 Thread 0x0000025302d96660 Uncommon trap: reason=unstable_if action=reinterpret pc=0x0000025315401838 method=java.io.Reader.read()I @ 12 c2
Event: 2.176 Thread 0x0000025302d96660 DEOPT PACKING pc=0x0000025315401838 sp=0x000000f9fd8fe1b0
Event: 2.176 Thread 0x0000025302d96660 DEOPT UNPACKING pc=0x0000025314f41802 sp=0x000000f9fd8fe0c0 mode 2
Event: 2.180 Thread 0x0000025302d96660 Uncommon trap: trap_request=0xffffffde fr.pc=0x0000025315402a8c relative=0x000000000000010c
Event: 2.180 Thread 0x0000025302d96660 Uncommon trap: reason=class_check action=maybe_recompile pc=0x0000025315402a8c method=java.nio.Buffer.<init>(IIIILjava/lang/foreign/MemorySegment;)V @ 39 c2
Event: 2.180 Thread 0x0000025302d96660 DEOPT PACKING pc=0x0000025315402a8c sp=0x000000f9fd8fe190

Classes loaded (20 events):
Event: 1.096 Loading class java/lang/annotation/Target
Event: 1.096 Loading class java/lang/annotation/Target done
Event: 1.096 Loading class java/lang/annotation/ElementType
Event: 1.096 Loading class java/lang/annotation/ElementType done
Event: 1.096 Loading class java/lang/annotation/Documented
Event: 1.096 Loading class java/lang/annotation/Documented done
Event: 1.108 Loading class java/util/concurrent/TimeoutException
Event: 1.108 Loading class java/util/concurrent/TimeoutException done
Event: 1.108 Loading class java/util/concurrent/CancellationException
Event: 1.108 Loading class java/util/concurrent/CancellationException done
Event: 1.116 Loading class java/lang/reflect/ParameterizedType
Event: 1.116 Loading class java/lang/reflect/ParameterizedType done
Event: 1.119 Loading class java/lang/reflect/WildcardType
Event: 1.119 Loading class java/lang/reflect/WildcardType done
Event: 1.122 Loading class sun/reflect/generics/tree/TypeVariableSignature
Event: 1.122 Loading class sun/reflect/generics/tree/TypeVariableSignature done
Event: 1.138 Loading class java/lang/annotation/IncompleteAnnotationException
Event: 1.138 Loading class java/lang/annotation/IncompleteAnnotationException done
Event: 2.174 Loading class java/lang/foreign/MemorySegment
Event: 2.175 Loading class java/lang/foreign/MemorySegment done

Classes unloaded (0 events):
No events

Classes redefined (0 events):
No events

Internal exceptions (20 events):
Event: 0.712 Thread 0x0000025302d96660 Exception <a 'java/lang/NullPointerException'{0x000000008ce25790}> (0x000000008ce25790) 
thrown [s\open\src\hotspot\share\interpreter\linkResolver.cpp, line 1416]
Event: 0.712 Thread 0x0000025302d96660 Exception <a 'java/lang/NullPointerException'{0x000000008ce25a70}> (0x000000008ce25a70) 
thrown [s\open\src\hotspot\share\interpreter\linkResolver.cpp, line 1416]
Event: 0.712 Thread 0x0000025302d96660 Exception <a 'java/lang/NullPointerException'{0x000000008ce25d50}> (0x000000008ce25d50) 
thrown [s\open\src\hotspot\share\interpreter\linkResolver.cpp, line 1416]
Event: 0.713 Thread 0x0000025302d96660 Exception <a 'java/lang/NullPointerException'{0x000000008ce2b308}> (0x000000008ce2b308) 
thrown [s\open\src\hotspot\share\interpreter\linkResolver.cpp, line 1416]
Event: 0.714 Thread 0x0000025302d96660 Exception <a 'java/lang/NullPointerException'{0x000000008ce3cc90}> (0x000000008ce3cc90) 
thrown [s\open\src\hotspot\share\interpreter\linkResolver.cpp, line 1416]
Event: 0.714 Thread 0x0000025302d96660 Exception <a 'java/lang/NullPointerException'{0x000000008ce3cf70}> (0x000000008ce3cf70) 
thrown [s\open\src\hotspot\share\interpreter\linkResolver.cpp, line 1416]
Event: 0.714 Thread 0x0000025302d96660 Exception <a 'java/lang/NullPointerException'{0x000000008ce3d250}> (0x000000008ce3d250) 
thrown [s\open\src\hotspot\share\interpreter\linkResolver.cpp, line 1416]
Event: 0.714 Thread 0x0000025302d96660 Exception <a 'java/lang/NullPointerException'{0x000000008ce3d530}> (0x000000008ce3d530) 
thrown [s\open\src\hotspot\share\interpreter\linkResolver.cpp, line 1416]
Event: 0.746 Thread 0x0000025302d96660 Exception <a 'java/lang/NoSuchMethodError'{0x000000008cd1a180}: 'void java.lang.invoke.DirectMethodHandle$Holder.invokeVirtual(java.lang.Object, java.lang.Object)'> (0x000000008cd1a180) 
thrown [s\open\src\hotspot\share\interpreter\linkResolver.cpp, line 804]
Event: 0.749 Thread 0x0000025302d96660 Exception <a 'java/lang/NoSuchMethodError'{0x000000008cd3bac8}: 'void java.lang.invoke.DirectMethodHandle$Holder.invokeStatic(java.lang.Object, java.lang.Object)'> (0x000000008cd3bac8) 
thrown [s\open\src\hotspot\share\interpreter\linkResolver.cpp, line 804]
Event: 0.749 Thread 0x0000025302d96660 Exception <a 'java/lang/NoSuchMethodError'{0x000000008cd43870}: 'void java.lang.invoke.DirectMethodHandle$Holder.invokeStaticInit(java.lang.Object, java.lang.Object)'> (0x000000008cd43870) 
thrown [s\open\src\hotspot\share\interpreter\linkResolver.cpp, line 804]
Event: 0.762 Thread 0x0000025302d96660 Exception <a 'java/lang/NoSuchMethodError'{0x000000008cd95630}: 'void java.lang.invoke.DirectMethodHandle$Holder.invokeStatic(java.lang.Object, java.lang.Object, java.lang.Object)'> (0x000000008cd95630) 
thrown [s\open\src\hotspot\share\interpreter\linkResolver.cpp, line 804]
Event: 0.836 Thread 0x0000025302d96660 Exception <a 'java/lang/NoSuchMethodError'{0x000000008cb19658}: 'java.lang.Object java.lang.invoke.DirectMethodHandle$Holder.invokeSpecialIFC(java.lang.Object, java.lang.Object, java.lang.Object, java.lang.Object)'> (0x000000008cb19658) 
thrown [s\open\src\hotspot\share\interpreter\linkResolver.cpp, line 804]
Event: 0.996 Thread 0x0000025302d96660 Exception <a 'java/lang/NoSuchMethodError'{0x000000008c6376c0}: 'void java.lang.invoke.DirectMethodHandle$Holder.invokeSpecial(java.lang.Object, java.lang.Object, java.lang.Object)'> (0x000000008c6376c0) 
thrown [s\open\src\hotspot\share\interpreter\linkResolver.cpp, line 804]
Event: 1.026 Thread 0x0000025302d96660 Exception <a 'java/lang/NoSuchMethodError'{0x000000008c55d380}: 'java.lang.Object java.lang.invoke.DirectMethodHandle$Holder.invokeInterface(java.lang.Object, java.lang.Object)'> (0x000000008c55d380) 
thrown [s\open\src\hotspot\share\interpreter\linkResolver.cpp, line 804]
Event: 1.041 Thread 0x0000025302d96660 Exception <a 'java/lang/NoSuchMethodError'{0x000000008c40e780}: 'int java.lang.invoke.DirectMethodHandle$Holder.invokeStatic(java.lang.Object, java.lang.Object, java.lang.Object, java.lang.Object)'> (0x000000008c40e780) 
thrown [s\open\src\hotspot\share\interpreter\linkResolver.cpp, line 804]
Event: 1.046 Thread 0x0000025302d96660 Exception <a 'java/lang/NoSuchMethodError'{0x000000008c438358}: 'int java.lang.invoke.DirectMethodHandle$Holder.invokeSpecialIFC(java.lang.Object, java.lang.Object, java.lang.Object, java.lang.Object, java.lang.Object)'> (0x000000008c438358) 
thrown [s\open\src\hotspot\share\interpreter\linkResolver.cpp, line 804]
Event: 1.097 Thread 0x0000025302d96660 Exception <a 'java/lang/NoSuchMethodError'{0x000000008c214bb8}: 'java.lang.Object java.lang.invoke.DirectMethodHandle$Holder.newInvokeSpecial(java.lang.Object, java.lang.Object, java.lang.Object, java.lang.Object, java.lang.Object)'> (0x000000008c214bb8) 
thrown [s\open\src\hotspot\share\interpreter\linkResolver.cpp, line 804]
Event: 1.130 Thread 0x0000025302d96660 Exception <a 'java/lang/NoSuchMethodError'{0x000000008c138a60}: 'int java.lang.invoke.DirectMethodHandle$Holder.invokeStaticInit(java.lang.Object, java.lang.Object)'> (0x000000008c138a60) 
thrown [s\open\src\hotspot\share\interpreter\linkResolver.cpp, line 804]
Event: 1.138 Thread 0x0000025302d96660 Exception <a 'java/lang/NoClassDefFoundError'{0x000000008c173ef8}: javax/enterprise/inject/Typed> (0x000000008c173ef8) 
thrown [s\open\src\hotspot\share\classfile\systemDictionary.cpp, line 316]

VM Operations (6 events):
Event: 0.134 Executing non-safepoint VM operation: HandshakeAllThreads (Deoptimize)
Event: 0.134 Executing non-safepoint VM operation: HandshakeAllThreads (Deoptimize) done
Event: 0.690 Executing non-safepoint VM operation: HandshakeAllThreads (Deoptimize)
Event: 0.690 Executing non-safepoint VM operation: HandshakeAllThreads (Deoptimize) done
Event: 0.703 Executing non-safepoint VM operation: HandshakeAllThreads (Deoptimize)
Event: 0.703 Executing non-safepoint VM operation: HandshakeAllThreads (Deoptimize) done

Memory protections (0 events):
No events

Nmethod flushes (0 events):
No events

Events (15 events):
Event: 0.049 Thread 0x0000025302d96660 Thread added: 0x0000025302d96660
Event: 0.063 Thread 0x0000025302d96660 Thread added: 0x0000025321fb0c60
Event: 0.063 Thread 0x0000025302d96660 Thread added: 0x0000025321fb1570
Event: 0.063 Thread 0x0000025302d96660 Thread added: 0x0000025321fb4b90
Event: 0.063 Thread 0x0000025302d96660 Thread added: 0x0000025321fb68b0
Event: 0.063 Thread 0x0000025302d96660 Thread added: 0x0000025321fb7a80
Event: 0.064 Thread 0x0000025302d96660 Thread added: 0x0000025321fc4380
Event: 0.064 Thread 0x0000025302d96660 Thread added: 0x0000025321fcc0c0
Event: 0.064 Thread 0x0000025302d96660 Thread added: 0x0000025321fe0d00
Event: 0.071 Thread 0x0000025302d96660 Thread added: 0x000002532223cfe0
Event: 0.073 Thread 0x0000025302d96660 Thread added: 0x0000025322245510
Event: 0.695 Thread 0x0000025302d96660 Thread added: 0x0000025322701690
Event: 0.706 Thread 0x0000025322701690 Thread exited: 0x0000025322701690
Event: 0.885 Thread 0x0000025321fe0d00 Thread added: 0x0000025322d8c520
Event: 2.175 Thread 0x0000025321fcc0c0 Thread added: 0x0000025327121ae0


Dynamic libraries:
0x00007ff67f320000 - 0x00007ff67f330000 	C:\Program Files\Java\jdk-25\bin\java.exe
0x00007ff822480000 - 0x00007ff8226e7000 	C:\WINDOWS\SYSTEM32\ntdll.dll
0x00007fffe4c10000 - 0x00007fffe4c31000 	C:\Program Files\Avast Software\Avast\aswhook.dll
0x00007ff821440000 - 0x00007ff821509000 	C:\WINDOWS\System32\KERNEL32.DLL
0x00007ff81fde0000 - 0x00007ff8201d4000 	C:\WINDOWS\System32\KERNELBASE.dll
0x00007ff81ed20000 - 0x00007ff81ee6b000 	C:\WINDOWS\System32\ucrtbase.dll
0x00007ffffc670000 - 0x00007ffffc687000 	C:\Program Files\Java\jdk-25\bin\jli.dll
0x00007ffff48b0000 - 0x00007ffff48ce000 	C:\Program Files\Java\jdk-25\bin\VCRUNTIME140.dll
0x00007ff820e60000 - 0x00007ff821025000 	C:\WINDOWS\System32\USER32.dll
0x00007ff81ee70000 - 0x00007ff81ee97000 	C:\WINDOWS\System32\win32u.dll
0x00007ffff13d0000 - 0x00007ffff1663000 	C:\WINDOWS\WinSxS\amd64_microsoft.windows.common-controls_6595b64144ccf1df_6.0.26100.8115_none_3e075c82e3354f9c\COMCTL32.dll
0x00007ff821520000 - 0x00007ff8215c9000 	C:\WINDOWS\System32\msvcrt.dll
0x00007ff822280000 - 0x00007ff8222ab000 	C:\WINDOWS\System32\GDI32.dll
0x00007ff81f850000 - 0x00007ff81f97b000 	C:\WINDOWS\System32\gdi32full.dll
0x00007ff81f7a0000 - 0x00007ff81f843000 	C:\WINDOWS\System32\msvcp_win.dll
0x00007ff8212f0000 - 0x00007ff821322000 	C:\WINDOWS\System32\IMM32.DLL
0x00007ff819d10000 - 0x00007ff819d1c000 	C:\Program Files\Java\jdk-25\bin\vcruntime140_1.dll
0x00007fffc8ad0000 - 0x00007fffc8b5d000 	C:\Program Files\Java\jdk-25\bin\msvcp140.dll
0x00007fff9f810000 - 0x00007fffa066f000 	C:\Program Files\Java\jdk-25\bin\server\jvm.dll
0x00007ff821ab0000 - 0x00007ff821b66000 	C:\WINDOWS\System32\ADVAPI32.dll
0x00007ff8222b0000 - 0x00007ff822357000 	C:\WINDOWS\System32\sechost.dll
0x00007ff8211d0000 - 0x00007ff8212e8000 	C:\WINDOWS\System32\RPCRT4.dll
0x00007ff821b70000 - 0x00007ff821bf0000 	C:\WINDOWS\System32\WS2_32.dll
0x00007ff80ae60000 - 0x00007ff80ae6b000 	C:\WINDOWS\SYSTEM32\VERSION.dll
0x00007ff816b20000 - 0x00007ff816b56000 	C:\WINDOWS\SYSTEM32\WINMM.dll
0x00007ff81eb80000 - 0x00007ff81ebde000 	C:\WINDOWS\SYSTEM32\POWRPROF.dll
0x00007ff81eb60000 - 0x00007ff81eb74000 	C:\WINDOWS\SYSTEM32\UMPDC.dll
0x00007ff81dab0000 - 0x00007ff81dacb000 	C:\WINDOWS\SYSTEM32\kernel.appcore.dll
0x00007ff80fea0000 - 0x00007ff80feaa000 	C:\Program Files\Java\jdk-25\bin\jimage.dll
0x00007ff81caf0000 - 0x00007ff81cd32000 	C:\WINDOWS\SYSTEM32\DBGHELP.DLL
0x00007ff821ee0000 - 0x00007ff822262000 	C:\WINDOWS\System32\combase.dll
0x00007ff821030000 - 0x00007ff821108000 	C:\WINDOWS\System32\OLEAUT32.dll
0x00007ff80a040000 - 0x00007ff80a07b000 	C:\WINDOWS\SYSTEM32\dbgcore.DLL
0x00007ff81f980000 - 0x00007ff81fa25000 	C:\WINDOWS\System32\bcryptPrimitives.dll
0x00007fffe73b0000 - 0x00007fffe73cf000 	C:\Program Files\Java\jdk-25\bin\java.dll
0x00007ff820340000 - 0x00007ff8204d7000 	C:\WINDOWS\System32\ole32.dll
0x00007ff8204e0000 - 0x00007ff820c47000 	C:\WINDOWS\System32\SHELL32.dll
0x00007ff81faf0000 - 0x00007ff81fc5a000 	C:\WINDOWS\System32\wintypes.dll
0x00007ff81ef30000 - 0x00007ff81f798000 	C:\WINDOWS\System32\windows.storage.dll
0x00007ff820d00000 - 0x00007ff820df8000 	C:\WINDOWS\System32\SHCORE.dll
0x00007ff820c90000 - 0x00007ff820cf6000 	C:\WINDOWS\System32\shlwapi.dll
0x00007ff81ec40000 - 0x00007ff81ec69000 	C:\WINDOWS\SYSTEM32\profapi.dll
0x00007fffe5620000 - 0x00007fffe5632000 	C:\Program Files\Java\jdk-25\bin\net.dll
0x00007ff81e020000 - 0x00007ff81e08c000 	C:\WINDOWS\system32\mswsock.dll
0x00007fffe54c0000 - 0x00007fffe54d6000 	C:\Program Files\Java\jdk-25\bin\nio.dll
0x00007fffe5140000 - 0x00007fffe5157000 	C:\Program Files\Java\jdk-25\bin\zip.dll
0x00007fffc9040000 - 0x00007fffc9064000 	C:\Users\HP\.m2\wrapper\dists\apache-maven-3.9.14\ed7edd442f634ac1c1ef5ba2b61b6d690b5221091f1a8e1123f5fadcc967520d\lib\jansi-native\Windows\x86_64\jansi.dll
0x00007ff80c2b0000 - 0x00007ff80c2c0000 	C:\Program Files\Java\jdk-25\bin\verify.dll

JVMTI agents: none

dbghelp: loaded successfully - version: 4.0.5 - missing functions: none
symbol engine: initialized successfully - sym options: 0x614 - pdb path: .;C:\Program Files\Java\jdk-25\bin;C:\WINDOWS\SYSTEM32;C:\Program Files\Avast Software\Avast;C:\WINDOWS\WinSxS\amd64_microsoft.windows.common-controls_6595b64144ccf1df_6.0.26100.8115_none_3e075c82e3354f9c;C:\Program Files\Java\jdk-25\bin\server;C:\Users\HP\.m2\wrapper\dists\apache-maven-3.9.14\ed7edd442f634ac1c1ef5ba2b61b6d690b5221091f1a8e1123f5fadcc967520d\lib\jansi-native\Windows\x86_64

VM Arguments:
jvm_args: --enable-native-access=ALL-UNNAMED -Dclassworlds.conf=C:\Users\HP\.m2\wrapper\dists\apache-maven-3.9.14\ed7edd442f634ac1c1ef5ba2b61b6d690b5221091f1a8e1123f5fadcc967520d\bin\m2.conf -Dmaven.home=C:\Users\HP\.m2\wrapper\dists\apache-maven-3.9.14\ed7edd442f634ac1c1ef5ba2b61b6d690b5221091f1a8e1123f5fadcc967520d -Dlibrary.jansi.path=C:\Users\HP\.m2\wrapper\dists\apache-maven-3.9.14\ed7edd442f634ac1c1ef5ba2b61b6d690b5221091f1a8e1123f5fadcc967520d\lib\jansi-native -Dmaven.multiModuleProjectDirectory=C:\Users\HP\Downloads\INTER\backend\backend 
java_command: org.codehaus.plexus.classworlds.launcher.Launcher clean compile
java_class_path (initial): C:\Users\HP\.m2\wrapper\dists\apache-maven-3.9.14\ed7edd442f634ac1c1ef5ba2b61b6d690b5221091f1a8e1123f5fadcc967520d\boot\plexus-classworlds-2.9.0.jar
Launcher Type: SUN_STANDARD

[Global flags]
     intx CICompilerCount                          = 4                                         {product} {ergonomic}
     uint ConcGCThreads                            = 3                                         {product} {ergonomic}
     uint G1ConcRefinementThreads                  = 10                                        {product} {ergonomic}
   size_t G1HeapRegionSize                         = 1048576                                   {product} {ergonomic}
   size_t InitialHeapSize                          = 130023424                                 {product} {ergonomic}
   size_t MarkStackSize                            = 4194304                                   {product} {ergonomic}
   size_t MarkStackSizeMax                         = 536870912                                 {product} {ergonomic}
   size_t MaxHeapSize                              = 2055208960                                {product} {ergonomic}
   size_t MaxNewSize                               = 1233125376                                {product} {ergonomic}
   size_t MinHeapDeltaBytes                        = 1048576                                   {product} {ergonomic}
   size_t MinHeapSize                              = 8388608                                   {product} {ergonomic}
    uintx NonNMethodCodeHeapSize                   = 5832704                                {pd product} {ergonomic}
    uintx NonProfiledCodeHeapSize                  = 122945536                              {pd product} {ergonomic}
    uintx ProfiledCodeHeapSize                     = 122880000                              {pd product} {ergonomic}
    uintx ReservedCodeCacheSize                    = 251658240                              {pd product} {ergonomic}
     bool SegmentedCodeCache                       = true                                      {product} {ergonomic}
   size_t SoftMaxHeapSize                          = 2055208960                             {manageable} {ergonomic}
     bool UseCompressedOops                        = true                           {product lp64_product} {ergonomic}
     bool UseG1GC                                  = true                                      {product} {ergonomic}
     bool UseLargePagesIndividualAllocation        = false                                  {pd product} {ergonomic}

Logging:
Log output configuration:
 #0: stdout all=warning uptime,level,tags foldmultilines=false
 #1: stderr all=off uptime,level,tags foldmultilines=false

Release file:
IMPLEMENTOR="Oracle Corporation" 
JAVA_RUNTIME_VERSION="25+37-LTS-3491" 
JAVA_VERSION="25" 
JAVA_VERSION_DATE="2025-09-16" 
LIBC="default" 
MODULES="java.base java.compiler java.datatransfer java.xml java.prefs java.desktop java.instrument java.logging java.management java.security.sasl java.naming java.rmi java.management.rmi java.net.http java.scripting java.security.jgss java.transaction.xa java.sql java.sql.rowset java.xml.crypto java.se java.smartcardio jdk.accessibility jdk.internal.jvmstat jdk.attach jdk.charsets jdk.internal.opt jdk.zipfs jdk.compiler jdk.crypto.cryptoki jdk.crypto.ec jdk.crypto.mscapi jdk.dynalink jdk.internal.ed jdk.editpad jdk.internal.vm.ci jdk.graal.compiler jdk.graal.compiler.management jdk.hotspot.agent jdk.httpserver jdk.incubator.vector jdk.internal.le jdk.internal.md jdk.jartool jdk.javadoc jdk.jcmd jdk.management jdk.management.agent jdk.jconsole jdk.jdeps jdk.jdwp.agent jdk.jdi jdk.jfr jdk.jlink jdk.jpackage jdk.jshell jdk.jsobject jdk.jstatd jdk.localedata jdk.management.jfr jdk.naming.dns jdk.naming.rmi jdk.net jdk.nio.mapmode jdk.sctp jdk.security.auth jdk.security.jgss jdk.unsupported jdk.unsupported.desktop jdk.xml.dom" 
OS_ARCH="x86_64" 
OS_NAME="Windows" 
SOURCE=".:git:49d6a23b8806 open:git:6c48f4ed707b" 

Environment Variables:
PATH=C:\Program Files\Common Files\Oracle\Java\javapath;C:\Program Files (x86)\Common Files\Oracle\Java\java8path;C:\Program Files (x86)\Common Files\Oracle\Java\javapath;C:\ORC\ORACLEE\bin;C:\app\HP\product\21c\dbhomeXE\bin;E:\oracle21\ORACL\bin;C:\Dossier_Oracle21c\Oracle21c\bin;C:\WINDOWS\system32;C:\WINDOWS;C:\WINDOWS\System32\Wbem;C:\WINDOWS\System32\WindowsPowerShell\v1.0\;C:\WINDOWS\System32\OpenSSH\;c:\Program Files (x86)\Microsoft SQL Server\100\Tools\Binn\;c:\Program Files\Microsoft SQL Server\100\Tools\Binn\;c:\Program Files\Microsoft SQL Server\100\DTS\Binn\;C:\appliiiiiii\flutter_windows_3.35.7-stable.zip\flutter\bin;C:\Program Files\Docker\Docker\resources\bin;C:\Program Files\Git\cmd;C:\Program Files\nodejs\;C:\Program Files\Apache\maven\bin;C:\Users\HP\AppData\Local\Programs\Python\Python313\Scripts\;C:\Users\HP\AppData\Local\Programs\Python\Python313\;C:\Users\HP\AppData\Local\Programs\Python\Launcher\;C:\Users\HP\AppData\Local\Microsoft\WindowsApps;C:\Users\HP\AppData\Local\Programs\Microsoft VS Code\bin;C:\Users\HP\AppData\Local\Python\bin;C:\Users\HP\AppData\Roaming\npm;C:\Users\HP\AppData\Local\Programs\Antigravity\bin
USERNAME=HP
OS=Windows_NT
PROCESSOR_IDENTIFIER=Intel64 Family 6 Model 186 Stepping 3, GenuineIntel
TMP=C:\Users\HP\AppData\Local\Temp
TEMP=C:\Users\HP\AppData\Local\Temp




Compilation memory statistics disabled.

Periodic native trim disabled

---------------  S Y S T E M  ---------------

OS:
 Windows 11 , 64 bit Build 26100 (10.0.26100.8246)
OS uptime: 0 days 0:11 hours
Hyper-V role detected

CPU: total 12 (initial active 12) (6 cores per cpu, 2 threads per core) family 6 model 186 stepping 3 microcode 0x4121, cx8, cmov, fxsr, ht, mmx, 3dnowpref, sse, sse2, sse3, ssse3, sse4.1, sse4.2, popcnt, lzcnt, tsc, tscinvbit, avx, avx2, aes, erms, clmul, bmi1, bmi2, adx, sha, fma, vzeroupper, clflush, clflushopt, clwb, hv, serialize, rdtscp, rdpid, fsrm, gfni, f16c, cet_ibt, cet_ss
Processor Information for processor 0
  Max Mhz: 1300, Current Mhz: 1300, Mhz Limit: 1300
Processor Information for processor 1
  Max Mhz: 1300, Current Mhz: 1300, Mhz Limit: 1300
Processor Information for processor 2
  Max Mhz: 1300, Current Mhz: 1300, Mhz Limit: 1300
Processor Information for processor 3
  Max Mhz: 1300, Current Mhz: 1300, Mhz Limit: 1300
Processor Information for processor 4
  Max Mhz: 1300, Current Mhz: 900, Mhz Limit: 897
Processor Information for processor 5
  Max Mhz: 1300, Current Mhz: 900, Mhz Limit: 897
Processor Information for processor 6
  Max Mhz: 1300, Current Mhz: 900, Mhz Limit: 897
Processor Information for processor 7
  Max Mhz: 1300, Current Mhz: 900, Mhz Limit: 897
Processor Information for processor 8
  Max Mhz: 1300, Current Mhz: 900, Mhz Limit: 897
Processor Information for processor 9
  Max Mhz: 1300, Current Mhz: 900, Mhz Limit: 897
Processor Information for processor 10
  Max Mhz: 1300, Current Mhz: 900, Mhz Limit: 897
Processor Information for processor 11
  Max Mhz: 1300, Current Mhz: 900, Mhz Limit: 897

Memory: 4k page, system-wide physical 7835M (663M free)
TotalPageFile size 11931M (AvailPageFile size 0M)
current process WorkingSet (physical memory assigned to process): 88M, peak: 88M
current process commit charge ("private bytes"): 233M, peak: 238M

vm_info: Java HotSpot(TM) 64-Bit Server VM (25+37-LTS-3491) for windows-amd64 JRE (25+37-LTS-3491), built on 2025-08-14T21:13:00Z with unknown MS VC++:1943

END.
