#
# There is insufficient memory for the Java Runtime Environment to continue.
# Native memory allocation (malloc) failed to allocate 1114072 bytes. Error detail: Chunk::new
# Possible reasons:
#   The system is out of physical RAM or swap space
#   This process is running with CompressedOops enabled, and the Java Heap may be blocking the growth of the native heap
# Possible solutions:
#   Reduce memory load on the system
#   Increase physical memory or swap space
#   Check if swap backing store is full
#   Decrease Java heap size (-Xmx/-Xms)
#   Decrease number of Java threads
#   Decrease Java thread stack sizes (-Xss)
#   Set larger code cache with -XX:ReservedCodeCacheSize=
#   JVM is running with Unscaled Compressed Oops mode in which the Java heap is
#     placed in the first 4GB address space. The Java Heap base address is the
#     maximum limit for the native heap growth. Please use -XX:HeapBaseMinAddress
#     to set the Java Heap base and to place the Java Heap above 4GB virtual address.
# This output file may be truncated or incomplete.
#
#  Out of Memory Error (arena.cpp:186), pid=15036, tid=14916
#
# JRE version: Java(TM) SE Runtime Environment (25.0+37) (build 25+37-LTS-3491)
# Java VM: Java HotSpot(TM) 64-Bit Server VM (25+37-LTS-3491, mixed mode, sharing, tiered, compressed oops, compressed class ptrs, g1 gc, windows-amd64)
# No core dump will be written. Minidumps are not enabled by default on client versions of Windows
#

---------------  S U M M A R Y ------------

Command Line: --enable-native-access=ALL-UNNAMED -Dclassworlds.conf=C:\Users\HP\.m2\wrapper\dists\apache-maven-3.9.14\ed7edd442f634ac1c1ef5ba2b61b6d690b5221091f1a8e1123f5fadcc967520d\bin\m2.conf -Dmaven.home=C:\Users\HP\.m2\wrapper\dists\apache-maven-3.9.14\ed7edd442f634ac1c1ef5ba2b61b6d690b5221091f1a8e1123f5fadcc967520d -Dlibrary.jansi.path=C:\Users\HP\.m2\wrapper\dists\apache-maven-3.9.14\ed7edd442f634ac1c1ef5ba2b61b6d690b5221091f1a8e1123f5fadcc967520d\lib\jansi-native -Dmaven.multiModuleProjectDirectory=C:\Users\HP\Downloads\INTER\backend\backend org.codehaus.plexus.classworlds.launcher.Launcher spring-boot:run

Host: 13th Gen Intel(R) Core(TM) i5-1335U, 12 cores, 7G,  Windows 11 , 64 bit Build 26100 (10.0.26100.8246)
Time: Sun Apr 26 03:07:40 2026 Greenwich elapsed time: 19.762639 seconds (0d 0h 0m 19s)

---------------  T H R E A D  ---------------

Current thread (0x00000166d57400c0):  JavaThread "C2 CompilerThread0" daemon [_thread_in_native, id=14916, stack(0x00000050ff800000,0x00000050ff900000) (1024K)]


Current CompileTask:
C2:19762 10910       4       java.util.LinkedHashMap::valuesToArray (80 bytes)

Stack: [0x00000050ff800000,0x00000050ff900000]
Native frames: (J=compiled Java code, j=interpreted, Vv=VM code, C=native code)
V  [jvm.dll+0x7a6a39]  (no source info available)
V  [jvm.dll+0x7727ed]  (no source info available)
V  [jvm.dll+0x965f33]  (no source info available)
V  [jvm.dll+0x968531]  (no source info available)
V  [jvm.dll+0x968c33]  (no source info available)
V  [jvm.dll+0x2fc756]  (no source info available)
V  [jvm.dll+0x111b26]  (no source info available)
V  [jvm.dll+0x111e4e]  (no source info available)
V  [jvm.dll+0x1a0a22]  (no source info available)
V  [jvm.dll+0x3b53c2]  (no source info available)
V  [jvm.dll+0x7ac3cf]  (no source info available)
V  [jvm.dll+0x2c0ac7]  (no source info available)
V  [jvm.dll+0x2bfa8f]  (no source info available)
V  [jvm.dll+0x237b60]  (no source info available)
V  [jvm.dll+0x2cfb56]  (no source info available)
V  [jvm.dll+0x2cddd5]  (no source info available)
V  [jvm.dll+0x48e671]  (no source info available)
V  [jvm.dll+0x90681d]  (no source info available)
V  [jvm.dll+0x7a5015]  (no source info available)
C  [ucrtbase.dll+0x37b0]  (no source info available)
C  [KERNEL32.DLL+0x2e8d7]  (no source info available)
C  [ntdll.dll+0x8c3fc]  (no source info available)

Lock stack of current Java thread (top to bottom):


---------------  P R O C E S S  ---------------

Threads class SMR info:
_java_thread_list=0x00000166dc5fafd0, length=12, elements={
0x00000166b6439b90, 0x00000166d5730f60, 0x00000166d5731870, 0x00000166d5734cf0,
0x00000166d5737be0, 0x00000166d5739a30, 0x00000166d573a9a0, 0x00000166d57400c0,
0x00000166d5755190, 0x00000166d59cea30, 0x00000166d59dc520, 0x00000166daf5c720
}

Java Threads: ( => current thread )
  0x00000166b6439b90 JavaThread "main"                              [_thread_in_native, id=12756, stack(0x00000050fea00000,0x00000050feb00000) (1024K)]
  0x00000166d5730f60 JavaThread "Reference Handler"          daemon [_thread_blocked, id=6936, stack(0x00000050ff200000,0x00000050ff300000) (1024K)]
  0x00000166d5731870 JavaThread "Finalizer"                  daemon [_thread_blocked, id=22860, stack(0x00000050ff300000,0x00000050ff400000) (1024K)]
  0x00000166d5734cf0 JavaThread "Signal Dispatcher"          daemon [_thread_blocked, id=17792, stack(0x00000050ff400000,0x00000050ff500000) (1024K)]
  0x00000166d5737be0 JavaThread "Attach Listener"            daemon [_thread_blocked, id=4772, stack(0x00000050ff500000,0x00000050ff600000) (1024K)]
  0x00000166d5739a30 JavaThread "Service Thread"             daemon [_thread_blocked, id=21332, stack(0x00000050ff600000,0x00000050ff700000) (1024K)]
  0x00000166d573a9a0 JavaThread "Monitor Deflation Thread"   daemon [_thread_blocked, id=8220, stack(0x00000050ff700000,0x00000050ff800000) (1024K)]
=>0x00000166d57400c0 JavaThread "C2 CompilerThread0"         daemon [_thread_in_native, id=14916, stack(0x00000050ff800000,0x00000050ff900000) (1024K)]
  0x00000166d5755190 JavaThread "C1 CompilerThread0"         daemon [_thread_blocked, id=4580, stack(0x00000050ff900000,0x00000050ffa00000) (1024K)]
  0x00000166d59cea30 JavaThread "Notification Thread"        daemon [_thread_blocked, id=20168, stack(0x00000050ffa00000,0x00000050ffb00000) (1024K)]
  0x00000166d59dc520 JavaThread "Common-Cleaner"             daemon [_thread_blocked, id=13220, stack(0x00000050ffb00000,0x00000050ffc00000) (1024K)]
  0x00000166daf5c720 JavaThread "Thread-1"                   daemon [_thread_blocked, id=8872, stack(0x0000005080100000,0x0000005080200000) (1024K)]
Total: 12

Other Threads:
  0x00000166d571e040 VMThread "VM Thread"                           [id=14216, stack(0x00000050ff100000,0x00000050ff200000) (1024K)]
  0x00000166d570cef0 WatcherThread "VM Periodic Task Thread"        [id=3244, stack(0x00000050ff000000,0x00000050ff100000) (1024K)]
  0x00000166b69a1ef0 WorkerThread "GC Thread#0"                     [id=8200, stack(0x00000050feb00000,0x00000050fec00000) (1024K)]
  0x00000166da725ee0 WorkerThread "GC Thread#1"                     [id=14744, stack(0x00000050ffd00000,0x00000050ffe00000) (1024K)]
  0x00000166da726310 WorkerThread "GC Thread#2"                     [id=23256, stack(0x00000050ffe00000,0x00000050fff00000) (1024K)]
  0x00000166daddcef0 WorkerThread "GC Thread#3"                     [id=5284, stack(0x00000050fff00000,0x0000005100000000) (1024K)]
  0x00000166daddd320 WorkerThread "GC Thread#4"                     [id=6188, stack(0x0000005080000000,0x0000005080100000) (1024K)]
  0x00000166db2e3fd0 WorkerThread "GC Thread#5"                     [id=5484, stack(0x0000005080300000,0x0000005080400000) (1024K)]
  0x00000166db2e1d50 WorkerThread "GC Thread#6"                     [id=18820, stack(0x0000005080400000,0x0000005080500000) (1024K)]
  0x00000166db2e1060 WorkerThread "GC Thread#7"                     [id=12704, stack(0x0000005080500000,0x0000005080600000) (1024K)]
  0x00000166db2e21a0 WorkerThread "GC Thread#8"                     [id=16484, stack(0x0000005080600000,0x0000005080700000) (1024K)]
  0x00000166db2e25f0 WorkerThread "GC Thread#9"                     [id=13072, stack(0x0000005080700000,0x0000005080800000) (1024K)]
  0x00000166b69bb440 ConcurrentGCThread "G1 Main Marker"            [id=17244, stack(0x00000050fec00000,0x00000050fed00000) (1024K)]
  0x00000166b69bbde0 WorkerThread "G1 Conc#0"                       [id=6728, stack(0x00000050fed00000,0x00000050fee00000) (1024K)]
  0x00000166db2e8920 WorkerThread "G1 Conc#1"                       [id=3324, stack(0x0000005080800000,0x0000005080900000) (1024K)]
  0x00000166db2e6250 WorkerThread "G1 Conc#2"                       [id=11180, stack(0x0000005080900000,0x0000005080a00000) (1024K)]
  0x00000166d55ddd70 ConcurrentGCThread "G1 Refine#0"               [id=14200, stack(0x00000050fee00000,0x00000050fef00000) (1024K)]
  0x00000166d55de380 ConcurrentGCThread "G1 Service"                [id=5660, stack(0x00000050fef00000,0x00000050ff000000) (1024K)]
Total: 18

Threads with active compile tasks:
C2 CompilerThread0  20014 10910       4       java.util.LinkedHashMap::valuesToArray (80 bytes)
Total: 1

VM state: not at safepoint (normal execution)

VM Mutex/Monitor currently owned by a thread: None

Heap address: 0x0000000085800000, size: 1960 MB, Compressed Oops mode: 32-bit

CDS archive(s) mapped at: [0x0000000027000000-0x0000000027dd0000-0x0000000027dd0000), size 14483456, SharedBaseAddress: 0x0000000027000000, ArchiveRelocationMode: 1.
Compressed class space mapped at: 0x0000000028000000-0x0000000068000000, reserved size: 1073741824
UseCompressedClassPointers 1, UseCompactObjectHeaders 0
Narrow klass pointer bits 32, Max shift 3
Narrow klass base: 0x0000000027000000, Narrow klass shift: 0
Encoding Range: [0x0000000027000000 - 0x0000000127000000), (4294967296 bytes)
Klass Range:    [0x0000000027010000 - 0x0000000068000000), (1090453504 bytes)
Klass ID Range:  [65536 - 1090519033) (1090453497)
Protection zone: [0x0000000027000000 - 0x0000000027010000), (65536 bytes)

GC Precious Log:
 CardTable entry size: 512
 Card Set container configuration: InlinePtr #cards 5 size 8 Array Of Cards #cards 10 size 36 Howl #buckets 4 coarsen threshold 1843 Howl Bitmap #cards 512 size 80 coarsen threshold 460 Card regions per heap region 1 cards per card region 2048
 CPUs: 12 total, 12 available
 Memory: 7835M
 Large Page Support: Disabled
 NUMA Support: Disabled
 Compressed Oops: Enabled (32-bit)
 Heap Region Size: 1M
 Heap Min Capacity: 8M
 Heap Initial Capacity: 124M
 Heap Max Capacity: 1960M
 Pre-touch: Disabled
 Parallel Workers: 10
 Concurrent Workers: 3
 Concurrent Refinement Workers: 10
 Periodic GC: Disabled

Heap:
 garbage-first heap   total reserved 2007040K, committed 141312K, used 86160K [0x0000000085800000, 0x0000000100000000)
  region size 1024K, 31 young (31744K), 3 survivors (3072K)

Heap Regions: E=young(eden), S=young(survivor), O=old, HS=humongous(starts), HC=humongous(continues), CS=collection set, F=free, TAMS=top-at-mark-start, PB=parsable bottom
|   0|0x0000000085800000, 0x0000000085900000, 0x0000000085900000|100%| O|  |TAMS 0x0000000085800000| PB 0x0000000085800000| Untracked |  0
|   1|0x0000000085900000, 0x0000000085a00000, 0x0000000085a00000|100%| O|  |TAMS 0x0000000085900000| PB 0x0000000085900000| Untracked |  0
|   2|0x0000000085a00000, 0x0000000085b00000, 0x0000000085b00000|100%| O|  |TAMS 0x0000000085a00000| PB 0x0000000085a00000| Untracked |  0
|   3|0x0000000085b00000, 0x0000000085c00000, 0x0000000085c00000|100%| O|  |TAMS 0x0000000085b00000| PB 0x0000000085b00000| Untracked |  0
|   4|0x0000000085c00000, 0x0000000085d00000, 0x0000000085d00000|100%| O|  |TAMS 0x0000000085c00000| PB 0x0000000085c00000| Untracked |  0
|   5|0x0000000085d00000, 0x0000000085e00000, 0x0000000085e00000|100%|HS|  |TAMS 0x0000000085d00000| PB 0x0000000085d00000| Complete |  0
|   6|0x0000000085e00000, 0x0000000085f00000, 0x0000000085f00000|100%| O|  |TAMS 0x0000000085e00000| PB 0x0000000085e00000| Untracked |  0
|   7|0x0000000085f00000, 0x0000000086000000, 0x0000000086000000|100%| O|Cm|TAMS 0x0000000085f00000| PB 0x0000000085f00000| Complete |  0
|   8|0x0000000086000000, 0x0000000086100000, 0x0000000086100000|100%| O|  |TAMS 0x0000000086000000| PB 0x0000000086000000| Untracked |  0
|   9|0x0000000086100000, 0x0000000086200000, 0x0000000086200000|100%|HS|  |TAMS 0x0000000086100000| PB 0x0000000086100000| Complete |  0
|  10|0x0000000086200000, 0x0000000086300000, 0x0000000086300000|100%|HC|  |TAMS 0x0000000086200000| PB 0x0000000086200000| Complete |  0
|  11|0x0000000086300000, 0x0000000086400000, 0x0000000086400000|100%|HC|  |TAMS 0x0000000086300000| PB 0x0000000086300000| Complete |  0
|  12|0x0000000086400000, 0x0000000086500000, 0x0000000086500000|100%| O|  |TAMS 0x0000000086400000| PB 0x0000000086400000| Untracked |  0
|  13|0x0000000086500000, 0x0000000086600000, 0x0000000086600000|100%| O|  |TAMS 0x0000000086500000| PB 0x0000000086500000| Untracked |  0
|  14|0x0000000086600000, 0x0000000086700000, 0x0000000086700000|100%| O|Cm|TAMS 0x0000000086600000| PB 0x0000000086600000| Complete |  0
|  15|0x0000000086700000, 0x0000000086800000, 0x0000000086800000|100%| O|Cm|TAMS 0x0000000086700000| PB 0x0000000086700000| Complete |  0
|  16|0x0000000086800000, 0x0000000086900000, 0x0000000086900000|100%| O|Cm|TAMS 0x0000000086800000| PB 0x0000000086800000| Complete |  0
|  17|0x0000000086900000, 0x0000000086a00000, 0x0000000086a00000|100%| O|Cm|TAMS 0x0000000086900000| PB 0x0000000086900000| Complete |  0
|  18|0x0000000086a00000, 0x0000000086b00000, 0x0000000086b00000|100%| O|Cm|TAMS 0x0000000086a00000| PB 0x0000000086a00000| Complete |  0
|  19|0x0000000086b00000, 0x0000000086c00000, 0x0000000086c00000|100%| O|Cm|TAMS 0x0000000086b00000| PB 0x0000000086b00000| Complete |  0
|  20|0x0000000086c00000, 0x0000000086d00000, 0x0000000086d00000|100%|HS|  |TAMS 0x0000000086c00000| PB 0x0000000086c00000| Complete |  0
|  21|0x0000000086d00000, 0x0000000086e00000, 0x0000000086e00000|100%| O|  |TAMS 0x0000000086d00000| PB 0x0000000086d00000| Untracked |  0
|  22|0x0000000086e00000, 0x0000000086f00000, 0x0000000086f00000|100%|HS|  |TAMS 0x0000000086e00000| PB 0x0000000086e00000| Complete |  0
|  23|0x0000000086f00000, 0x0000000087000000, 0x0000000087000000|100%|HC|  |TAMS 0x0000000086f00000| PB 0x0000000086f00000| Complete |  0
|  24|0x0000000087000000, 0x0000000087100000, 0x0000000087100000|100%|HC|  |TAMS 0x0000000087000000| PB 0x0000000087000000| Complete |  0
|  25|0x0000000087100000, 0x0000000087200000, 0x0000000087200000|100%|HS|  |TAMS 0x0000000087100000| PB 0x0000000087100000| Complete |  0
|  26|0x0000000087200000, 0x0000000087300000, 0x0000000087300000|100%| O|  |TAMS 0x0000000087200000| PB 0x0000000087200000| Untracked |  0
|  27|0x0000000087300000, 0x0000000087400000, 0x0000000087400000|100%| O|  |TAMS 0x0000000087300000| PB 0x0000000087300000| Untracked |  0
|  28|0x0000000087400000, 0x0000000087500000, 0x0000000087500000|100%| O|  |TAMS 0x0000000087400000| PB 0x0000000087400000| Untracked |  0
|  29|0x0000000087500000, 0x0000000087600000, 0x0000000087600000|100%| O|  |TAMS 0x0000000087500000| PB 0x0000000087500000| Untracked |  0
|  30|0x0000000087600000, 0x0000000087700000, 0x0000000087700000|100%| O|  |TAMS 0x0000000087600000| PB 0x0000000087600000| Untracked |  0
|  31|0x0000000087700000, 0x0000000087800000, 0x0000000087800000|100%| O|  |TAMS 0x0000000087700000| PB 0x0000000087700000| Untracked |  0
|  32|0x0000000087800000, 0x0000000087900000, 0x0000000087900000|100%| O|  |TAMS 0x0000000087800000| PB 0x0000000087800000| Untracked |  0
|  33|0x0000000087900000, 0x0000000087a00000, 0x0000000087a00000|100%| O|  |TAMS 0x0000000087900000| PB 0x0000000087900000| Untracked |  0
|  34|0x0000000087a00000, 0x0000000087b00000, 0x0000000087b00000|100%| O|  |TAMS 0x0000000087a00000| PB 0x0000000087a00000| Untracked |  0
|  35|0x0000000087b00000, 0x0000000087c00000, 0x0000000087c00000|100%| O|  |TAMS 0x0000000087b00000| PB 0x0000000087b00000| Untracked |  0
|  36|0x0000000087c00000, 0x0000000087d00000, 0x0000000087d00000|100%| O|  |TAMS 0x0000000087c00000| PB 0x0000000087c00000| Untracked |  0
|  37|0x0000000087d00000, 0x0000000087e00000, 0x0000000087e00000|100%| O|  |TAMS 0x0000000087d00000| PB 0x0000000087d00000| Untracked |  0
|  38|0x0000000087e00000, 0x0000000087f00000, 0x0000000087f00000|100%| O|  |TAMS 0x0000000087e00000| PB 0x0000000087e00000| Untracked |  0
|  39|0x0000000087f00000, 0x0000000088000000, 0x0000000088000000|100%| O|  |TAMS 0x0000000087f00000| PB 0x0000000087f00000| Untracked |  0
|  40|0x0000000088000000, 0x0000000088100000, 0x0000000088100000|100%| O|  |TAMS 0x0000000088000000| PB 0x0000000088000000| Untracked |  0
|  41|0x0000000088100000, 0x0000000088200000, 0x0000000088200000|100%| O|  |TAMS 0x0000000088100000| PB 0x0000000088100000| Untracked |  0
|  42|0x0000000088200000, 0x00000000882df638, 0x0000000088300000| 87%| O|  |TAMS 0x0000000088200000| PB 0x0000000088200000| Untracked |  0
|  43|0x0000000088300000, 0x0000000088400000, 0x0000000088400000|100%| O|  |TAMS 0x0000000088300000| PB 0x0000000088300000| Untracked |  0
|  44|0x0000000088400000, 0x0000000088473340, 0x0000000088500000| 45%| O|  |TAMS 0x0000000088400000| PB 0x0000000088400000| Untracked |  0
|  45|0x0000000088500000, 0x0000000088500000, 0x0000000088600000|  0%| F|  |TAMS 0x0000000088500000| PB 0x0000000088500000| Untracked |  0
|  46|0x0000000088600000, 0x0000000088600000, 0x0000000088700000|  0%| F|  |TAMS 0x0000000088600000| PB 0x0000000088600000| Untracked |  0
|  47|0x0000000088700000, 0x0000000088700000, 0x0000000088800000|  0%| F|  |TAMS 0x0000000088700000| PB 0x0000000088700000| Untracked |  0
|  48|0x0000000088800000, 0x0000000088800000, 0x0000000088900000|  0%| F|  |TAMS 0x0000000088800000| PB 0x0000000088800000| Untracked |  0
|  49|0x0000000088900000, 0x0000000088900000, 0x0000000088a00000|  0%| F|  |TAMS 0x0000000088900000| PB 0x0000000088900000| Untracked |  0
|  50|0x0000000088a00000, 0x0000000088a00000, 0x0000000088b00000|  0%| F|  |TAMS 0x0000000088a00000| PB 0x0000000088a00000| Untracked |  0
|  51|0x0000000088b00000, 0x0000000088b00000, 0x0000000088c00000|  0%| F|  |TAMS 0x0000000088b00000| PB 0x0000000088b00000| Untracked |  0
|  52|0x0000000088c00000, 0x0000000088c00000, 0x0000000088d00000|  0%| F|  |TAMS 0x0000000088c00000| PB 0x0000000088c00000| Untracked |  0
|  53|0x0000000088d00000, 0x0000000088d00000, 0x0000000088e00000|  0%| F|  |TAMS 0x0000000088d00000| PB 0x0000000088d00000| Untracked |  0
|  54|0x0000000088e00000, 0x0000000088e00000, 0x0000000088f00000|  0%| F|  |TAMS 0x0000000088e00000| PB 0x0000000088e00000| Untracked |  0
|  55|0x0000000088f00000, 0x0000000088f00000, 0x0000000089000000|  0%| F|  |TAMS 0x0000000088f00000| PB 0x0000000088f00000| Untracked |  0
|  56|0x0000000089000000, 0x0000000089000000, 0x0000000089100000|  0%| F|  |TAMS 0x0000000089000000| PB 0x0000000089000000| Untracked |  0
|  57|0x0000000089100000, 0x0000000089100000, 0x0000000089200000|  0%| F|  |TAMS 0x0000000089100000| PB 0x0000000089100000| Untracked |  0
|  58|0x0000000089200000, 0x0000000089200000, 0x0000000089300000|  0%| F|  |TAMS 0x0000000089200000| PB 0x0000000089200000| Untracked |  0
|  59|0x0000000089300000, 0x0000000089300000, 0x0000000089400000|  0%| F|  |TAMS 0x0000000089300000| PB 0x0000000089300000| Untracked |  0
|  60|0x0000000089400000, 0x0000000089400000, 0x0000000089500000|  0%| F|  |TAMS 0x0000000089400000| PB 0x0000000089400000| Untracked |  0
|  61|0x0000000089500000, 0x0000000089500000, 0x0000000089600000|  0%| F|  |TAMS 0x0000000089500000| PB 0x0000000089500000| Untracked |  0
|  62|0x0000000089600000, 0x0000000089600000, 0x0000000089700000|  0%| F|  |TAMS 0x0000000089600000| PB 0x0000000089600000| Untracked |  0
|  63|0x0000000089700000, 0x0000000089700000, 0x0000000089800000|  0%| F|  |TAMS 0x0000000089700000| PB 0x0000000089700000| Untracked |  0
|  64|0x0000000089800000, 0x0000000089800000, 0x0000000089900000|  0%| F|  |TAMS 0x0000000089800000| PB 0x0000000089800000| Untracked |  0
|  65|0x0000000089900000, 0x0000000089900000, 0x0000000089a00000|  0%| F|  |TAMS 0x0000000089900000| PB 0x0000000089900000| Untracked |  0
|  66|0x0000000089a00000, 0x0000000089a00000, 0x0000000089b00000|  0%| F|  |TAMS 0x0000000089a00000| PB 0x0000000089a00000| Untracked |  0
|  67|0x0000000089b00000, 0x0000000089b00000, 0x0000000089c00000|  0%| F|  |TAMS 0x0000000089b00000| PB 0x0000000089b00000| Untracked |  0
|  68|0x0000000089c00000, 0x0000000089c00000, 0x0000000089d00000|  0%| F|  |TAMS 0x0000000089c00000| PB 0x0000000089c00000| Untracked |  0
|  69|0x0000000089d00000, 0x0000000089d00000, 0x0000000089e00000|  0%| F|  |TAMS 0x0000000089d00000| PB 0x0000000089d00000| Untracked |  0
|  70|0x0000000089e00000, 0x0000000089e00000, 0x0000000089f00000|  0%| F|  |TAMS 0x0000000089e00000| PB 0x0000000089e00000| Untracked |  0
|  71|0x0000000089f00000, 0x0000000089f00000, 0x000000008a000000|  0%| F|  |TAMS 0x0000000089f00000| PB 0x0000000089f00000| Untracked |  0
|  72|0x000000008a000000, 0x000000008a000000, 0x000000008a100000|  0%| F|  |TAMS 0x000000008a000000| PB 0x000000008a000000| Untracked |  0
|  73|0x000000008a100000, 0x000000008a100000, 0x000000008a200000|  0%| F|  |TAMS 0x000000008a100000| PB 0x000000008a100000| Untracked |  0
|  74|0x000000008a200000, 0x000000008a200000, 0x000000008a300000|  0%| F|  |TAMS 0x000000008a200000| PB 0x000000008a200000| Untracked |  0
|  75|0x000000008a300000, 0x000000008a300000, 0x000000008a400000|  0%| F|  |TAMS 0x000000008a300000| PB 0x000000008a300000| Untracked |  0
|  76|0x000000008a400000, 0x000000008a400000, 0x000000008a500000|  0%| F|  |TAMS 0x000000008a400000| PB 0x000000008a400000| Untracked |  0
|  77|0x000000008a500000, 0x000000008a500000, 0x000000008a600000|  0%| F|  |TAMS 0x000000008a500000| PB 0x000000008a500000| Untracked |  0
|  78|0x000000008a600000, 0x000000008a600000, 0x000000008a700000|  0%| F|  |TAMS 0x000000008a600000| PB 0x000000008a600000| Untracked |  0
|  79|0x000000008a700000, 0x000000008a700000, 0x000000008a800000|  0%| F|  |TAMS 0x000000008a700000| PB 0x000000008a700000| Untracked |  0
|  80|0x000000008a800000, 0x000000008a800000, 0x000000008a900000|  0%| F|  |TAMS 0x000000008a800000| PB 0x000000008a800000| Untracked |  0
|  81|0x000000008a900000, 0x000000008a900000, 0x000000008aa00000|  0%| F|  |TAMS 0x000000008a900000| PB 0x000000008a900000| Untracked |  0
|  82|0x000000008aa00000, 0x000000008aa00000, 0x000000008ab00000|  0%| F|  |TAMS 0x000000008aa00000| PB 0x000000008aa00000| Untracked |  0
|  83|0x000000008ab00000, 0x000000008ab00000, 0x000000008ac00000|  0%| F|  |TAMS 0x000000008ab00000| PB 0x000000008ab00000| Untracked |  0
|  84|0x000000008ac00000, 0x000000008ac00000, 0x000000008ad00000|  0%| F|  |TAMS 0x000000008ac00000| PB 0x000000008ac00000| Untracked |  0
|  85|0x000000008ad00000, 0x000000008ad00000, 0x000000008ae00000|  0%| F|  |TAMS 0x000000008ad00000| PB 0x000000008ad00000| Untracked |  0
|  86|0x000000008ae00000, 0x000000008ae00000, 0x000000008af00000|  0%| F|  |TAMS 0x000000008ae00000| PB 0x000000008ae00000| Untracked |  0
|  87|0x000000008af00000, 0x000000008af00000, 0x000000008b000000|  0%| F|  |TAMS 0x000000008af00000| PB 0x000000008af00000| Untracked |  0
|  88|0x000000008b000000, 0x000000008b000000, 0x000000008b100000|  0%| F|  |TAMS 0x000000008b000000| PB 0x000000008b000000| Untracked |  0
|  89|0x000000008b100000, 0x000000008b100000, 0x000000008b200000|  0%| F|  |TAMS 0x000000008b100000| PB 0x000000008b100000| Untracked |  0
|  90|0x000000008b200000, 0x000000008b200000, 0x000000008b300000|  0%| F|  |TAMS 0x000000008b200000| PB 0x000000008b200000| Untracked |  0
|  91|0x000000008b300000, 0x000000008b300000, 0x000000008b400000|  0%| F|  |TAMS 0x000000008b300000| PB 0x000000008b300000| Untracked |  0
|  92|0x000000008b400000, 0x000000008b400000, 0x000000008b500000|  0%| F|  |TAMS 0x000000008b400000| PB 0x000000008b400000| Untracked |  0
|  93|0x000000008b500000, 0x000000008b500000, 0x000000008b600000|  0%| F|  |TAMS 0x000000008b500000| PB 0x000000008b500000| Untracked |  0
|  94|0x000000008b600000, 0x000000008b600000, 0x000000008b700000|  0%| F|  |TAMS 0x000000008b600000| PB 0x000000008b600000| Untracked |  0
|  95|0x000000008b700000, 0x000000008b700000, 0x000000008b800000|  0%| F|  |TAMS 0x000000008b700000| PB 0x000000008b700000| Untracked |  0
|  96|0x000000008b800000, 0x000000008b800000, 0x000000008b900000|  0%| F|  |TAMS 0x000000008b800000| PB 0x000000008b800000| Untracked |  0
|  97|0x000000008b900000, 0x000000008ba00000, 0x000000008ba00000|100%| E|  |TAMS 0x000000008b900000| PB 0x000000008b900000| Complete |  0
|  98|0x000000008ba00000, 0x000000008bb00000, 0x000000008bb00000|100%| E|CS|TAMS 0x000000008ba00000| PB 0x000000008ba00000| Complete |  0
|  99|0x000000008bb00000, 0x000000008bc00000, 0x000000008bc00000|100%| E|CS|TAMS 0x000000008bb00000| PB 0x000000008bb00000| Complete |  0
| 100|0x000000008bc00000, 0x000000008bd00000, 0x000000008bd00000|100%| E|CS|TAMS 0x000000008bc00000| PB 0x000000008bc00000| Complete |  0
| 101|0x000000008bd00000, 0x000000008be00000, 0x000000008be00000|100%| E|CS|TAMS 0x000000008bd00000| PB 0x000000008bd00000| Complete |  0
| 102|0x000000008be00000, 0x000000008bf00000, 0x000000008bf00000|100%| E|CS|TAMS 0x000000008be00000| PB 0x000000008be00000| Complete |  0
| 103|0x000000008bf00000, 0x000000008c000000, 0x000000008c000000|100%| E|CS|TAMS 0x000000008bf00000| PB 0x000000008bf00000| Complete |  0
| 104|0x000000008c000000, 0x000000008c100000, 0x000000008c100000|100%| E|CS|TAMS 0x000000008c000000| PB 0x000000008c000000| Complete |  0
| 105|0x000000008c100000, 0x000000008c200000, 0x000000008c200000|100%| E|CS|TAMS 0x000000008c100000| PB 0x000000008c100000| Complete |  0
| 106|0x000000008c200000, 0x000000008c300000, 0x000000008c300000|100%| E|CS|TAMS 0x000000008c200000| PB 0x000000008c200000| Complete |  0
| 107|0x000000008c300000, 0x000000008c400000, 0x000000008c400000|100%| E|CS|TAMS 0x000000008c300000| PB 0x000000008c300000| Complete |  0
| 108|0x000000008c400000, 0x000000008c500000, 0x000000008c500000|100%| E|CS|TAMS 0x000000008c400000| PB 0x000000008c400000| Complete |  0
| 109|0x000000008c500000, 0x000000008c600000, 0x000000008c600000|100%| E|CS|TAMS 0x000000008c500000| PB 0x000000008c500000| Complete |  0
| 110|0x000000008c600000, 0x000000008c700000, 0x000000008c700000|100%| E|CS|TAMS 0x000000008c600000| PB 0x000000008c600000| Complete |  0
| 111|0x000000008c700000, 0x000000008c800000, 0x000000008c800000|100%| E|CS|TAMS 0x000000008c700000| PB 0x000000008c700000| Complete |  0
| 112|0x000000008c800000, 0x000000008c900000, 0x000000008c900000|100%| E|CS|TAMS 0x000000008c800000| PB 0x000000008c800000| Complete |  0
| 113|0x000000008c900000, 0x000000008c9d1980, 0x000000008ca00000| 81%| S|CS|TAMS 0x000000008c900000| PB 0x000000008c900000| Complete |  0
| 114|0x000000008ca00000, 0x000000008cb00000, 0x000000008cb00000|100%| S|CS|TAMS 0x000000008ca00000| PB 0x000000008ca00000| Complete |  0
| 115|0x000000008cb00000, 0x000000008cc00000, 0x000000008cc00000|100%| S|CS|TAMS 0x000000008cb00000| PB 0x000000008cb00000| Complete |  0
| 116|0x000000008cc00000, 0x000000008cd00000, 0x000000008cd00000|100%| E|CS|TAMS 0x000000008cc00000| PB 0x000000008cc00000| Complete |  0
| 117|0x000000008cd00000, 0x000000008ce00000, 0x000000008ce00000|100%| E|CS|TAMS 0x000000008cd00000| PB 0x000000008cd00000| Complete |  0
| 118|0x000000008ce00000, 0x000000008cf00000, 0x000000008cf00000|100%| E|CS|TAMS 0x000000008ce00000| PB 0x000000008ce00000| Complete |  0
| 119|0x000000008cf00000, 0x000000008d000000, 0x000000008d000000|100%| E|CS|TAMS 0x000000008cf00000| PB 0x000000008cf00000| Complete |  0
| 120|0x000000008d000000, 0x000000008d100000, 0x000000008d100000|100%| E|CS|TAMS 0x000000008d000000| PB 0x000000008d000000| Complete |  0
| 121|0x000000008d100000, 0x000000008d200000, 0x000000008d200000|100%| E|CS|TAMS 0x000000008d100000| PB 0x000000008d100000| Complete |  0
| 122|0x000000008d200000, 0x000000008d300000, 0x000000008d300000|100%| E|CS|TAMS 0x000000008d200000| PB 0x000000008d200000| Complete |  0
| 123|0x000000008d300000, 0x000000008d400000, 0x000000008d400000|100%| E|CS|TAMS 0x000000008d300000| PB 0x000000008d300000| Complete |  0
| 124|0x000000008d400000, 0x000000008d500000, 0x000000008d500000|100%| E|CS|TAMS 0x000000008d400000| PB 0x000000008d400000| Complete |  0
|1947|0x00000000ff300000, 0x00000000ff400000, 0x00000000ff400000|100%| O|Cm|TAMS 0x00000000ff300000| PB 0x00000000ff300000| Complete |  0
|1948|0x00000000ff400000, 0x00000000ff500000, 0x00000000ff500000|100%| E|CS|TAMS 0x00000000ff400000| PB 0x00000000ff400000| Complete |  0
|1949|0x00000000ff500000, 0x00000000ff600000, 0x00000000ff600000|100%| O|Cm|TAMS 0x00000000ff500000| PB 0x00000000ff500000| Complete |  0
|1950|0x00000000ff600000, 0x00000000ff700000, 0x00000000ff700000|100%| O|  |TAMS 0x00000000ff600000| PB 0x00000000ff600000| Untracked |  0
|1951|0x00000000ff700000, 0x00000000ff800000, 0x00000000ff800000|100%| O|  |TAMS 0x00000000ff700000| PB 0x00000000ff700000| Untracked |  0
|1952|0x00000000ff800000, 0x00000000ff900000, 0x00000000ff900000|100%| O|  |TAMS 0x00000000ff800000| PB 0x00000000ff800000| Untracked |  0
|1953|0x00000000ff900000, 0x00000000ffa00000, 0x00000000ffa00000|100%| O|Cm|TAMS 0x00000000ff900000| PB 0x00000000ff900000| Complete |  0
|1954|0x00000000ffa00000, 0x00000000ffb00000, 0x00000000ffb00000|100%| E|CS|TAMS 0x00000000ffa00000| PB 0x00000000ffa00000| Complete |  0
|1955|0x00000000ffb00000, 0x00000000ffc00000, 0x00000000ffc00000|100%| O|Cm|TAMS 0x00000000ffb00000| PB 0x00000000ffb00000| Complete |  0
|1956|0x00000000ffc00000, 0x00000000ffd00000, 0x00000000ffd00000|100%| O|Cm|TAMS 0x00000000ffc00000| PB 0x00000000ffc00000| Complete |  0
|1957|0x00000000ffd00000, 0x00000000ffe00000, 0x00000000ffe00000|100%| O|  |TAMS 0x00000000ffd00000| PB 0x00000000ffd00000| Untracked |  0
|1958|0x00000000ffe00000, 0x00000000fff00000, 0x00000000fff00000|100%| O|  |TAMS 0x00000000ffe00000| PB 0x00000000ffe00000| Untracked |  0
|1959|0x00000000fff00000, 0x0000000100000000, 0x0000000100000000|100%| E|CS|TAMS 0x00000000fff00000| PB 0x00000000fff00000| Complete |  0

Card table byte_map: [0x00000166d0930000,0x00000166d0d10000] _byte_map_base: 0x00000166d0504000

Marking Bits: (CMBitMap*) 0x00000166b69a2480
 Bits: [0x00000166d0d10000, 0x00000166d2bb0000)

Polling page: 0x00000166b6670000

Metaspace:
Metaspace        used 41497K, committed 42112K, reserved 1114112K
 class space     used 4013K, committed 4288K, reserved 1048576K

Usage:
  Non-class:     36.61 MB used.
      Class:      3.92 MB used.
       Both:     40.52 MB used.

Virtual space:
  Non-class space:       64.00 MB reserved,      36.94 MB ( 58%) committed,  1 nodes.
      Class space:        1.00 GB reserved,       4.19 MB ( <1%) committed,  1 nodes.
             Both:        1.06 GB reserved,      41.12 MB (  4%) committed. 

Chunk freelists:
   Non-Class:  10.73 MB
       Class:  11.72 MB
        Both:  22.45 MB

MaxMetaspaceSize: unlimited
CompressedClassSpaceSize: 1.00 GB
Initial GC threshold: 21.00 MB
Current GC threshold: 59.50 MB
CDS: on
 - commit_granule_bytes: 65536.
 - commit_granule_words: 8192.
 - virtual_space_node_default_size: 8388608.
 - enlarge_chunks_in_place: 1.
UseCompressedClassPointers 1, UseCompactObjectHeaders 0
Narrow klass pointer bits 32, Max shift 3
Narrow klass base: 0x0000000027000000, Narrow klass shift: 0
Encoding Range: [0x0000000027000000 - 0x0000000127000000), (4294967296 bytes)
Klass Range:    [0x0000000027010000 - 0x0000000068000000), (1090453504 bytes)
Klass ID Range:  [65536 - 1090519033) (1090453497)
Protection zone: [0x0000000027000000 - 0x0000000027010000), (65536 bytes)


Internal statistics:

num_allocs_failed_limit: 6.
num_arena_births: 548.
num_arena_deaths: 0.
num_vsnodes_births: 2.
num_vsnodes_deaths: 0.
num_space_committed: 658.
num_space_uncommitted: 0.
num_chunks_returned_to_freelist: 6.
num_chunks_taken_from_freelist: 1938.
num_chunk_merges: 3.
num_chunk_splits: 1325.
num_chunks_enlarged: 988.
num_inconsistent_stats: 0.

CodeHeap 'non-profiled nmethods': size=120064Kb used=4315Kb max_used=4315Kb free=115748Kb
 bounds [0x00000166c8380000, 0x00000166c87c0000, 0x00000166cf8c0000]
CodeHeap 'profiled nmethods': size=120000Kb used=18044Kb max_used=18312Kb free=101955Kb
 bounds [0x00000166c08c0000, 0x00000166c1ac0000, 0x00000166c7df0000]
CodeHeap 'non-nmethods': size=5696Kb used=1526Kb max_used=1630Kb free=4169Kb
 bounds [0x00000166c7df0000, 0x00000166c8060000, 0x00000166c8380000]
CodeCache: size=245760Kb, used=23885Kb, max_used=24257Kb, free=221872Kb
 total_blobs=10741, nmethods=10093, adapters=547, full_count=0
Compilation: enabled, stopped_count=0, restarted_count=0

Compilation events (20 events):
Event: 18.712 Thread 0x00000166d5755190 10914       1       org.apache.http.HttpHost::getHostName (5 bytes)
Event: 18.712 Thread 0x00000166d5755190 nmethod 10914 0x00000166c8458888 code [0x00000166c8458980, 0x00000166c8458a48]
Event: 18.712 Thread 0x00000166d5755190 10915       1       org.eclipse.aether.spi.connector.ArtifactTransfer::getArtifact (5 bytes)
Event: 18.712 Thread 0x00000166d5755190 nmethod 10915 0x00000166c8458588 code [0x00000166c8458680, 0x00000166c8458748]
Event: 18.716 Thread 0x00000166d5755190 10918       1       org.apache.http.HttpHost::getSchemeName (5 bytes)
Event: 18.716 Thread 0x00000166d5755190 nmethod 10918 0x00000166c8458288 code [0x00000166c8458380, 0x00000166c8458448]
Event: 18.716 Thread 0x00000166d5755190 10919       3       org.apache.http.util.TextUtils::containsBlanks (41 bytes)
Event: 18.716 Thread 0x00000166d5755190 nmethod 10919 0x00000166c0df4808 code [0x00000166c0df4900, 0x00000166c0df4e98]
Event: 18.716 Thread 0x00000166d5755190 10917       1       org.apache.http.client.methods.HttpRequestBase::getURI (5 bytes)
Event: 18.717 Thread 0x00000166d5755190 nmethod 10917 0x00000166c8457f88 code [0x00000166c8458080, 0x00000166c8458148]
Event: 18.717 Thread 0x00000166d5755190 10920       1       org.apache.http.auth.AuthState::getState (5 bytes)
Event: 18.717 Thread 0x00000166d5755190 nmethod 10920 0x00000166c8457c88 code [0x00000166c8457d80, 0x00000166c8457e48]
Event: 18.717 Thread 0x00000166d5755190 10921       1       org.apache.http.ProtocolVersion::getProtocol (5 bytes)
Event: 18.717 Thread 0x00000166d5755190 nmethod 10921 0x00000166c8457988 code [0x00000166c8457a80, 0x00000166c8457b48]
Event: 18.861 Thread 0x00000166d5755190 10924       3       org.apache.http.message.HeaderGroup::getFirstHeader (52 bytes)
Event: 18.861 Thread 0x00000166d5755190 nmethod 10924 0x00000166c0b45288 code [0x00000166c0b45380, 0x00000166c0b459b0]
Event: 18.861 Thread 0x00000166d5755190 10922       3       org.apache.http.message.BasicHttpResponse::getStatusLine (66 bytes)
Event: 19.730 Thread 0x00000166d5755190 nmethod 10922 0x00000166c0b44b08 code [0x00000166c0b44c00, 0x00000166c0b45208]
Event: 19.731 Thread 0x00000166d5755190 10925       3       java.util.Collections$3::hasMoreElements (10 bytes)
Event: 19.731 Thread 0x00000166d5755190 nmethod 10925 0x00000166c0b44588 code [0x00000166c0b44680, 0x00000166c0b44858]

GC Heap Usage History (20 events):
Event: 1.133 {heap Before GC invocations=0 (full 0):
 garbage-first heap   total reserved 2007040K, committed 129024K, used 49301K [0x0000000085800000, 0x0000000100000000)
  region size 1024K, 47 young (48128K), 0 survivors (0K)
}
Event: 1.141 {heap After GC invocations=1 (full 0):
 garbage-first heap   total reserved 2007040K, committed 129024K, used 5802K [0x0000000085800000, 0x0000000100000000)
  region size 1024K, 5 young (5120K), 5 survivors (5120K)
}
Event: 2.021 {heap Before GC invocations=1 (full 0):
 garbage-first heap   total reserved 2007040K, committed 129024K, used 60074K [0x0000000085800000, 0x0000000100000000)
  region size 1024K, 58 young (59392K), 5 survivors (5120K)
}
Event: 2.033 {heap After GC invocations=2 (full 0):
 garbage-first heap   total reserved 2007040K, committed 129024K, used 12636K [0x0000000085800000, 0x0000000100000000)
  region size 1024K, 7 young (7168K), 7 survivors (7168K)
}
Event: 2.927 {heap Before GC invocations=2 (full 0):
 garbage-first heap   total reserved 2007040K, committed 129024K, used 107868K [0x0000000085800000, 0x0000000100000000)
  region size 1024K, 68 young (69632K), 7 survivors (7168K)
}
Event: 2.936 {heap After GC invocations=3 (full 0):
 garbage-first heap   total reserved 2007040K, committed 129024K, used 15777K [0x0000000085800000, 0x0000000100000000)
  region size 1024K, 4 young (4096K), 4 survivors (4096K)
}
Event: 3.593 {heap Before GC invocations=3 (full 0):
 garbage-first heap   total reserved 2007040K, committed 129024K, used 53665K [0x0000000085800000, 0x0000000100000000)
  region size 1024K, 35 young (35840K), 4 survivors (4096K)
}
Event: 3.603 {heap After GC invocations=4 (full 0):
 garbage-first heap   total reserved 2007040K, committed 129024K, used 27627K [0x0000000085800000, 0x0000000100000000)
  region size 1024K, 9 young (9216K), 9 survivors (9216K)
}
Event: 5.067 {heap Before GC invocations=5 (full 0):
 garbage-first heap   total reserved 2007040K, committed 96256K, used 94187K [0x0000000085800000, 0x0000000100000000)
  region size 1024K, 74 young (75776K), 9 survivors (9216K)
}
Event: 5.095 {heap After GC invocations=6 (full 0):
 garbage-first heap   total reserved 2007040K, committed 117760K, used 37907K [0x0000000085800000, 0x0000000100000000)
  region size 1024K, 10 young (10240K), 10 survivors (10240K)
}
Event: 5.881 {heap Before GC invocations=6 (full 0):
 garbage-first heap   total reserved 2007040K, committed 117760K, used 88083K [0x0000000085800000, 0x0000000100000000)
  region size 1024K, 59 young (60416K), 10 survivors (10240K)
}
Event: 5.895 {heap After GC invocations=7 (full 0):
 garbage-first heap   total reserved 2007040K, committed 117760K, used 40445K [0x0000000085800000, 0x0000000100000000)
  region size 1024K, 2 young (2048K), 2 survivors (2048K)
}
Event: 6.142 {heap Before GC invocations=7 (full 0):
 garbage-first heap   total reserved 2007040K, committed 117760K, used 92669K [0x0000000085800000, 0x0000000100000000)
  region size 1024K, 53 young (54272K), 2 survivors (2048K)
}
Event: 6.148 {heap After GC invocations=8 (full 0):
 garbage-first heap   total reserved 2007040K, committed 117760K, used 40782K [0x0000000085800000, 0x0000000100000000)
  region size 1024K, 3 young (3072K), 3 survivors (3072K)
}
Event: 7.212 {heap Before GC invocations=8 (full 0):
 garbage-first heap   total reserved 2007040K, committed 117760K, used 102222K [0x0000000085800000, 0x0000000100000000)
  region size 1024K, 57 young (58368K), 3 survivors (3072K)
}
Event: 7.229 {heap After GC invocations=9 (full 0):
 garbage-first heap   total reserved 2007040K, committed 141312K, used 53117K [0x0000000085800000, 0x0000000100000000)
  region size 1024K, 8 young (8192K), 8 survivors (8192K)
}
Event: 8.532 {heap Before GC invocations=9 (full 0):
 garbage-first heap   total reserved 2007040K, committed 141312K, used 115581K [0x0000000085800000, 0x0000000100000000)
  region size 1024K, 69 young (70656K), 8 survivors (8192K)
}
Event: 8.542 {heap After GC invocations=10 (full 0):
 garbage-first heap   total reserved 2007040K, committed 141312K, used 57502K [0x0000000085800000, 0x0000000100000000)
  region size 1024K, 7 young (7168K), 7 survivors (7168K)
}
Event: 8.737 {heap Before GC invocations=10 (full 0):
 garbage-first heap   total reserved 2007040K, committed 141312K, used 66718K [0x0000000085800000, 0x0000000100000000)
  region size 1024K, 17 young (17408K), 7 survivors (7168K)
}
Event: 8.742 {heap After GC invocations=11 (full 0):
 garbage-first heap   total reserved 2007040K, committed 141312K, used 60560K [0x0000000085800000, 0x0000000100000000)
  region size 1024K, 3 young (3072K), 3 survivors (3072K)
}

Metaspace Usage History (20 events):
Event: 1.133 {metaspace Before GC invocations=0 (full 0):
 Metaspace       used 9341K, committed 9536K, reserved 1114112K
  class space    used 826K, committed 896K, reserved 1048576K
}
Event: 1.141 {metaspace After GC invocations=1 (full 0):
 Metaspace       used 9341K, committed 9536K, reserved 1114112K
  class space    used 826K, committed 896K, reserved 1048576K
}
Event: 2.021 {metaspace Before GC invocations=1 (full 0):
 Metaspace       used 15456K, committed 15680K, reserved 1114112K
  class space    used 1472K, committed 1536K, reserved 1048576K
}
Event: 2.033 {metaspace After GC invocations=2 (full 0):
 Metaspace       used 15456K, committed 15680K, reserved 1114112K
  class space    used 1472K, committed 1536K, reserved 1048576K
}
Event: 2.927 {metaspace Before GC invocations=2 (full 0):
 Metaspace       used 17276K, committed 17536K, reserved 1114112K
  class space    used 1607K, committed 1728K, reserved 1048576K
}
Event: 2.936 {metaspace After GC invocations=3 (full 0):
 Metaspace       used 17276K, committed 17536K, reserved 1114112K
  class space    used 1607K, committed 1728K, reserved 1048576K
}
Event: 3.593 {metaspace Before GC invocations=3 (full 0):
 Metaspace       used 21282K, committed 21504K, reserved 1114112K
  class space    used 2003K, committed 2112K, reserved 1048576K
}
Event: 3.603 {metaspace After GC invocations=4 (full 0):
 Metaspace       used 21282K, committed 21504K, reserved 1114112K
  class space    used 2003K, committed 2112K, reserved 1048576K
}
Event: 5.067 {metaspace Before GC invocations=5 (full 0):
 Metaspace       used 27722K, committed 28096K, reserved 1114112K
  class space    used 2641K, committed 2816K, reserved 1048576K
}
Event: 5.095 {metaspace After GC invocations=6 (full 0):
 Metaspace       used 27722K, committed 28096K, reserved 1114112K
  class space    used 2641K, committed 2816K, reserved 1048576K
}
Event: 5.881 {metaspace Before GC invocations=6 (full 0):
 Metaspace       used 29730K, committed 30272K, reserved 1114112K
  class space    used 2841K, committed 3072K, reserved 1048576K
}
Event: 5.895 {metaspace After GC invocations=7 (full 0):
 Metaspace       used 29730K, committed 30272K, reserved 1114112K
  class space    used 2841K, committed 3072K, reserved 1048576K
}
Event: 6.142 {metaspace Before GC invocations=7 (full 0):
 Metaspace       used 29979K, committed 30464K, reserved 1114112K
  class space    used 2853K, committed 3072K, reserved 1048576K
}
Event: 6.148 {metaspace After GC invocations=8 (full 0):
 Metaspace       used 29979K, committed 30464K, reserved 1114112K
  class space    used 2853K, committed 3072K, reserved 1048576K
}
Event: 7.212 {metaspace Before GC invocations=8 (full 0):
 Metaspace       used 32054K, committed 32576K, reserved 1114112K
  class space    used 3089K, committed 3328K, reserved 1048576K
}
Event: 7.230 {metaspace After GC invocations=9 (full 0):
 Metaspace       used 32054K, committed 32576K, reserved 1114112K
  class space    used 3089K, committed 3328K, reserved 1048576K
}
Event: 8.532 {metaspace Before GC invocations=9 (full 0):
 Metaspace       used 33610K, committed 34112K, reserved 1114112K
  class space    used 3245K, committed 3456K, reserved 1048576K
}
Event: 8.542 {metaspace After GC invocations=10 (full 0):
 Metaspace       used 33610K, committed 34112K, reserved 1114112K
  class space    used 3245K, committed 3456K, reserved 1048576K
}
Event: 8.737 {metaspace Before GC invocations=10 (full 0):
 Metaspace       used 35896K, committed 36416K, reserved 1114112K
  class space    used 3428K, committed 3712K, reserved 1048576K
}
Event: 8.742 {metaspace After GC invocations=11 (full 0):
 Metaspace       used 35896K, committed 36416K, reserved 1114112K
  class space    used 3428K, committed 3712K, reserved 1048576K
}

Dll operation events (9 events):
Event: 0.008 Loaded shared library C:\Program Files\Java\jdk-25\bin\java.dll
Event: 0.047 Loaded shared library C:\Program Files\Java\jdk-25\bin\net.dll
Event: 0.051 Loaded shared library C:\Program Files\Java\jdk-25\bin\nio.dll
Event: 0.056 Loaded shared library C:\Program Files\Java\jdk-25\bin\zip.dll
Event: 0.235 Loaded shared library C:\Program Files\Java\jdk-25\bin\jimage.dll
Event: 0.235 Loaded shared library C:\Users\HP\.m2\wrapper\dists\apache-maven-3.9.14\ed7edd442f634ac1c1ef5ba2b61b6d690b5221091f1a8e1123f5fadcc967520d\lib\jansi-native\Windows\x86_64\jansi.dll
Event: 0.258 Loaded shared library C:\Program Files\Java\jdk-25\bin\verify.dll
Event: 9.182 Loaded shared library C:\Program Files\Java\jdk-25\bin\extnet.dll
Event: 9.630 Loaded shared library C:\Program Files\Java\jdk-25\bin\sunmscapi.dll

Deoptimization events (20 events):
Event: 11.056 Thread 0x00000166b6439b90 DEOPT PACKING pc=0x00000166c1a86c4d sp=0x00000050feafbd40
Event: 11.056 Thread 0x00000166b6439b90 DEOPT UNPACKING pc=0x00000166c7e41702 sp=0x00000050feafb1d8 mode 0
Event: 11.057 Thread 0x00000166b6439b90 DEOPT PACKING pc=0x00000166c1a86c4d sp=0x00000050feafbd40
Event: 11.058 Thread 0x00000166b6439b90 DEOPT UNPACKING pc=0x00000166c7e41702 sp=0x00000050feafb1d8 mode 0
Event: 11.109 Thread 0x00000166b6439b90 Uncommon trap: trap_request=0xffffff45 fr.pc=0x00000166c854c694 relative=0x0000000000000294
Event: 11.109 Thread 0x00000166b6439b90 Uncommon trap: reason=unstable_if action=reinterpret pc=0x00000166c854c694 method=org.apache.maven.model.merge.ModelMerger.mergeConfigurationContainer_Configuration(Lorg/apache/maven/model/ConfigurationContainer;Lorg/apache/maven/model/ConfigurationContai
Event: 11.109 Thread 0x00000166b6439b90 DEOPT PACKING pc=0x00000166c854c694 sp=0x00000050feafc880
Event: 11.109 Thread 0x00000166b6439b90 DEOPT UNPACKING pc=0x00000166c7f10d02 sp=0x00000050feafc788 mode 2
Event: 11.303 Thread 0x00000166b6439b90 DEOPT PACKING pc=0x00000166c1aa17da sp=0x00000050feafc7c0
Event: 11.303 Thread 0x00000166b6439b90 DEOPT UNPACKING pc=0x00000166c7e41702 sp=0x00000050feafbcd0 mode 0
Event: 11.303 Thread 0x00000166b6439b90 DEOPT PACKING pc=0x00000166c1aa17fb sp=0x00000050feafc7c0
Event: 11.303 Thread 0x00000166b6439b90 DEOPT UNPACKING pc=0x00000166c7e41702 sp=0x00000050feafbcd0 mode 0
Event: 11.304 Thread 0x00000166b6439b90 DEOPT PACKING pc=0x00000166c1aa17fb sp=0x00000050feafc5b0
Event: 11.304 Thread 0x00000166b6439b90 DEOPT UNPACKING pc=0x00000166c7e41702 sp=0x00000050feafbac0 mode 0
Event: 11.812 Thread 0x00000166b6439b90 DEOPT PACKING pc=0x00000166c1aa17fb sp=0x00000050feafc340
Event: 11.812 Thread 0x00000166b6439b90 DEOPT UNPACKING pc=0x00000166c7e41702 sp=0x00000050feafb850 mode 0
Event: 11.812 Thread 0x00000166b6439b90 DEOPT PACKING pc=0x00000166c1aa17da sp=0x00000050feafc340
Event: 11.812 Thread 0x00000166b6439b90 DEOPT UNPACKING pc=0x00000166c7e41702 sp=0x00000050feafb850 mode 0
Event: 12.862 Thread 0x00000166b6439b90 DEOPT PACKING pc=0x00000166c0d0ba56 sp=0x00000050feafab40
Event: 12.862 Thread 0x00000166b6439b90 DEOPT UNPACKING pc=0x00000166c7e41702 sp=0x00000050feafa030 mode 0

Classes loaded (20 events):
Event: 10.413 Loading class sun/util/locale/provider/TimeZoneNameProviderImpl done
Event: 10.413 Loading class sun/util/cldr/CLDRTimeZoneNameProviderImpl done
Event: 10.413 Loading class sun/util/locale/provider/FallbackLocaleProviderAdapter
Event: 10.414 Loading class sun/util/locale/provider/FallbackLocaleProviderAdapter done
Event: 10.414 Loading class sun/util/locale/provider/BaseLocaleDataMetaInfo
Event: 10.414 Loading class sun/util/locale/provider/BaseLocaleDataMetaInfo done
Event: 10.416 Loading class sun/util/resources/cldr/TimeZoneNames
Event: 10.417 Loading class sun/util/resources/TimeZoneNamesBundle
Event: 10.417 Loading class sun/util/resources/OpenListResourceBundle
Event: 10.417 Loading class sun/util/resources/OpenListResourceBundle done
Event: 10.417 Loading class sun/util/resources/TimeZoneNamesBundle done
Event: 10.417 Loading class sun/util/resources/cldr/TimeZoneNames done
Event: 10.418 Loading class sun/util/resources/cldr/TimeZoneNames_en
Event: 10.419 Loading class sun/util/resources/cldr/TimeZoneNames_en done
Event: 10.420 Loading class sun/util/resources/cldr/TimeZoneNames_en_US
Event: 10.420 Loading class sun/util/resources/cldr/TimeZoneNames_en_US done
Event: 10.422 Loading class sun/util/cldr/CLDRBaseLocaleDataMetaInfo$CLDRMapHolder
Event: 10.424 Loading class sun/util/cldr/CLDRBaseLocaleDataMetaInfo$CLDRMapHolder done
Event: 10.431 Loading class sun/util/resources/ParallelListResourceBundle
Event: 10.432 Loading class sun/util/resources/ParallelListResourceBundle done

Classes unloaded (0 events):
No events

Classes redefined (0 events):
No events

Internal exceptions (20 events):
Event: 18.393 Thread 0x00000166b6439b90 Exception <a 'sun/nio/fs/WindowsException'{0x000000008bade548}> (0x000000008bade548) 
thrown [s\open\src\hotspot\share\prims\jni.cpp, line 516]
Event: 18.396 Thread 0x00000166b6439b90 Exception <a 'sun/nio/fs/WindowsException'{0x000000008bae0260}> (0x000000008bae0260) 
thrown [s\open\src\hotspot\share\prims\jni.cpp, line 516]
Event: 18.399 Thread 0x00000166b6439b90 Exception <a 'sun/nio/fs/WindowsException'{0x000000008bae8c08}> (0x000000008bae8c08) 
thrown [s\open\src\hotspot\share\prims\jni.cpp, line 516]
Event: 18.400 Thread 0x00000166b6439b90 Exception <a 'sun/nio/fs/WindowsException'{0x000000008baea9a0}> (0x000000008baea9a0) 
thrown [s\open\src\hotspot\share\prims\jni.cpp, line 516]
Event: 18.407 Thread 0x00000166b6439b90 Exception <a 'sun/nio/fs/WindowsException'{0x000000008b913ec0}> (0x000000008b913ec0) 
thrown [s\open\src\hotspot\share\prims\jni.cpp, line 516]
Event: 18.407 Thread 0x00000166b6439b90 Exception <a 'sun/nio/fs/WindowsException'{0x000000008b914220}> (0x000000008b914220) 
thrown [s\open\src\hotspot\share\prims\jni.cpp, line 516]
Event: 18.686 Thread 0x00000166b6439b90 Exception <a 'sun/nio/fs/WindowsException'{0x000000008b925978}> (0x000000008b925978) 
thrown [s\open\src\hotspot\share\prims\jni.cpp, line 516]
Event: 18.691 Thread 0x00000166b6439b90 Exception <a 'sun/nio/fs/WindowsException'{0x000000008b93bdd8}> (0x000000008b93bdd8) 
thrown [s\open\src\hotspot\share\prims\jni.cpp, line 516]
Event: 18.697 Thread 0x00000166b6439b90 Exception <a 'sun/nio/fs/WindowsException'{0x000000008b94e9f8}> (0x000000008b94e9f8) 
thrown [s\open\src\hotspot\share\prims\jni.cpp, line 516]
Event: 18.700 Thread 0x00000166b6439b90 Exception <a 'sun/nio/fs/WindowsException'{0x000000008b9506f0}> (0x000000008b9506f0) 
thrown [s\open\src\hotspot\share\prims\jni.cpp, line 516]
Event: 18.702 Thread 0x00000166b6439b90 Exception <a 'sun/nio/fs/WindowsException'{0x000000008b959010}> (0x000000008b959010) 
thrown [s\open\src\hotspot\share\prims\jni.cpp, line 516]
Event: 18.703 Thread 0x00000166b6439b90 Exception <a 'sun/nio/fs/WindowsException'{0x000000008b95ad78}> (0x000000008b95ad78) 
thrown [s\open\src\hotspot\share\prims\jni.cpp, line 516]
Event: 18.711 Thread 0x00000166b6439b90 Exception <a 'sun/nio/fs/WindowsException'{0x000000008b9963c0}> (0x000000008b9963c0) 
thrown [s\open\src\hotspot\share\prims\jni.cpp, line 516]
Event: 18.712 Thread 0x00000166b6439b90 Exception <a 'sun/nio/fs/WindowsException'{0x000000008b996720}> (0x000000008b996720) 
thrown [s\open\src\hotspot\share\prims\jni.cpp, line 516]
Event: 18.712 Thread 0x00000166b6439b90 Exception <a 'sun/nio/fs/WindowsException'{0x000000008b9a1920}> (0x000000008b9a1920) 
thrown [s\open\src\hotspot\share\prims\jni.cpp, line 516]
Event: 18.712 Thread 0x00000166b6439b90 Exception <a 'sun/nio/fs/WindowsException'{0x000000008b9a22b8}> (0x000000008b9a22b8) 
thrown [s\open\src\hotspot\share\prims\jni.cpp, line 516]
Event: 18.712 Thread 0x00000166b6439b90 Exception <a 'sun/nio/fs/WindowsException'{0x000000008b9a2c38}> (0x000000008b9a2c38) 
thrown [s\open\src\hotspot\share\prims\jni.cpp, line 516]
Event: 18.713 Thread 0x00000166b6439b90 Exception <a 'sun/nio/fs/WindowsException'{0x000000008b9a35a0}> (0x000000008b9a35a0) 
thrown [s\open\src\hotspot\share\prims\jni.cpp, line 516]
Event: 18.713 Thread 0x00000166b6439b90 Exception <a 'sun/nio/fs/WindowsException'{0x000000008b9a3ef8}> (0x000000008b9a3ef8) 
thrown [s\open\src\hotspot\share\prims\jni.cpp, line 516]
Event: 18.861 Thread 0x00000166b6439b90 Exception <a 'sun/nio/fs/WindowsException'{0x000000008b9ac908}> (0x000000008b9ac908) 
thrown [s\open\src\hotspot\share\prims\jni.cpp, line 516]

VM Operations (20 events):
Event: 8.630 Executing non-safepoint VM operation: HandshakeAllThreads (Deoptimize)
Event: 8.630 Executing non-safepoint VM operation: HandshakeAllThreads (Deoptimize) done
Event: 8.649 Executing non-safepoint VM operation: HandshakeAllThreads (Deoptimize)
Event: 8.649 Executing non-safepoint VM operation: HandshakeAllThreads (Deoptimize) done
Event: 8.692 Executing non-safepoint VM operation: HandshakeAllThreads (Deoptimize)
Event: 8.692 Executing non-safepoint VM operation: HandshakeAllThreads (Deoptimize) done
Event: 8.737 Executing safepoint VM operation: CollectForMetadataAllocation (Metadata GC Threshold)
Event: 8.742 Executing safepoint VM operation: CollectForMetadataAllocation (Metadata GC Threshold) done
Event: 8.754 Executing safepoint VM operation: G1PauseRemark
Event: 8.765 Executing safepoint VM operation: G1PauseRemark done
Event: 8.770 Executing safepoint VM operation: G1PauseCleanup
Event: 8.770 Executing safepoint VM operation: G1PauseCleanup done
Event: 8.845 Executing non-safepoint VM operation: HandshakeAllThreads (Deoptimize)
Event: 8.845 Executing non-safepoint VM operation: HandshakeAllThreads (Deoptimize) done
Event: 8.846 Executing non-safepoint VM operation: HandshakeAllThreads (Deoptimize)
Event: 8.846 Executing non-safepoint VM operation: HandshakeAllThreads (Deoptimize) done
Event: 9.676 Executing non-safepoint VM operation: HandshakeAllThreads (Deoptimize)
Event: 9.677 Executing non-safepoint VM operation: HandshakeAllThreads (Deoptimize) done
Event: 10.399 Executing non-safepoint VM operation: HandshakeAllThreads (Deoptimize)
Event: 10.399 Executing non-safepoint VM operation: HandshakeAllThreads (Deoptimize) done

Memory protections (0 events):
No events

Nmethod flushes (20 events):
Event: 8.763 Thread 0x00000166d571e040 flushing  nmethod 0x00000166c0eafc88
Event: 8.763 Thread 0x00000166d571e040 flushing  nmethod 0x00000166c0ec7788
Event: 8.763 Thread 0x00000166d571e040 flushing  nmethod 0x00000166c0ec8888
Event: 8.763 Thread 0x00000166d571e040 flushing  nmethod 0x00000166c0f38a08
Event: 8.763 Thread 0x00000166d571e040 flushing  nmethod 0x00000166c0f3b408
Event: 8.763 Thread 0x00000166d571e040 flushing  nmethod 0x00000166c0f43408
Event: 8.763 Thread 0x00000166d571e040 flushing  nmethod 0x00000166c0fa3808
Event: 8.763 Thread 0x00000166d571e040 flushing  nmethod 0x00000166c109ac88
Event: 8.763 Thread 0x00000166d571e040 flushing  nmethod 0x00000166c109b008
Event: 8.763 Thread 0x00000166d571e040 flushing  nmethod 0x00000166c109bf08
Event: 8.763 Thread 0x00000166d571e040 flushing  nmethod 0x00000166c109ce88
Event: 8.763 Thread 0x00000166d571e040 flushing  nmethod 0x00000166c10c6388
Event: 8.763 Thread 0x00000166d571e040 flushing  nmethod 0x00000166c10c6d08
Event: 8.763 Thread 0x00000166d571e040 flushing  nmethod 0x00000166c10c8188
Event: 8.763 Thread 0x00000166d571e040 flushing  nmethod 0x00000166c10c8508
Event: 8.763 Thread 0x00000166d571e040 flushing  nmethod 0x00000166c10c9788
Event: 8.763 Thread 0x00000166d571e040 flushing  nmethod 0x00000166c10cbd88
Event: 8.763 Thread 0x00000166d571e040 flushing  nmethod 0x00000166c111e188
Event: 8.763 Thread 0x00000166d571e040 flushing  nmethod 0x00000166c1145588
Event: 8.763 Thread 0x00000166d571e040 flushing  nmethod 0x00000166c119f508

Events (20 events):
Event: 0.031 Thread 0x00000166b6439b90 Thread added: 0x00000166d5737be0
Event: 0.031 Thread 0x00000166b6439b90 Thread added: 0x00000166d5739a30
Event: 0.031 Thread 0x00000166b6439b90 Thread added: 0x00000166d573a9a0
Event: 0.031 Thread 0x00000166b6439b90 Thread added: 0x00000166d57400c0
Event: 0.031 Thread 0x00000166b6439b90 Thread added: 0x00000166d5755190
Event: 0.039 Thread 0x00000166b6439b90 Thread added: 0x00000166d59cea30
Event: 0.043 Thread 0x00000166b6439b90 Thread added: 0x00000166d59dc520
Event: 0.097 Thread 0x00000166d5755190 Thread added: 0x00000166d57561b0
Event: 0.230 Thread 0x00000166b6439b90 Thread added: 0x00000166da0cd570
Event: 0.251 Thread 0x00000166da0cd570 Thread exited: 0x00000166da0cd570
Event: 1.506 Thread 0x00000166b6439b90 Thread added: 0x00000166daf5c720
Event: 1.662 Thread 0x00000166d5755190 Thread added: 0x00000166d5759210
Event: 3.690 Thread 0x00000166d5759210 Thread exited: 0x00000166d5759210
Event: 7.831 Thread 0x00000166d57561b0 Thread exited: 0x00000166d57561b0
Event: 8.382 Thread 0x00000166d5755190 Thread added: 0x00000166d5759210
Event: 8.516 Thread 0x00000166d5759210 Thread exited: 0x00000166d5759210
Event: 8.669 Thread 0x00000166d5755190 Thread added: 0x00000166d57561b0
Event: 9.171 Thread 0x00000166d57561b0 Thread exited: 0x00000166d57561b0
Event: 9.735 Thread 0x00000166d5755190 Thread added: 0x00000166db0dc270
Event: 9.898 Thread 0x00000166db0dc270 Thread exited: 0x00000166db0dc270


Dynamic libraries:
0x00007ff602a90000 - 0x00007ff602aa0000 	C:\Program Files\Java\jdk-25\bin\java.exe
0x00007fff3c2a0000 - 0x00007fff3c507000 	C:\WINDOWS\SYSTEM32\ntdll.dll
0x00007fff00bb0000 - 0x00007fff00bd1000 	C:\Program Files\Avast Software\Avast\aswhook.dll
0x00007fff3adb0000 - 0x00007fff3ae79000 	C:\WINDOWS\System32\KERNEL32.DLL
0x00007fff397d0000 - 0x00007fff39bc4000 	C:\WINDOWS\System32\KERNELBASE.dll
0x00007fff39d40000 - 0x00007fff39e8b000 	C:\WINDOWS\System32\ucrtbase.dll
0x00007ffee6f30000 - 0x00007ffee6f47000 	C:\Program Files\Java\jdk-25\bin\jli.dll
0x00007ffee6f10000 - 0x00007ffee6f2e000 	C:\Program Files\Java\jdk-25\bin\VCRUNTIME140.dll
0x00007fff3a6a0000 - 0x00007fff3a865000 	C:\WINDOWS\System32\USER32.dll
0x00007fff38c80000 - 0x00007fff38ca7000 	C:\WINDOWS\System32\win32u.dll
0x00007fff0af80000 - 0x00007fff0b213000 	C:\WINDOWS\WinSxS\amd64_microsoft.windows.common-controls_6595b64144ccf1df_6.0.26100.8115_none_3e075c82e3354f9c\COMCTL32.dll
0x00007fff3a870000 - 0x00007fff3a89b000 	C:\WINDOWS\System32\GDI32.dll
0x00007fff39520000 - 0x00007fff3964b000 	C:\WINDOWS\System32\gdi32full.dll
0x00007fff3b030000 - 0x00007fff3b0d9000 	C:\WINDOWS\System32\msvcrt.dll
0x00007fff39bd0000 - 0x00007fff39c73000 	C:\WINDOWS\System32\msvcp_win.dll
0x00007fff3ae80000 - 0x00007fff3aeb2000 	C:\WINDOWS\System32\IMM32.DLL
0x00007fff00670000 - 0x00007fff0067c000 	C:\Program Files\Java\jdk-25\bin\vcruntime140_1.dll
0x00007ffeceee0000 - 0x00007ffecef6d000 	C:\Program Files\Java\jdk-25\bin\msvcp140.dll
0x00007ffeb7be0000 - 0x00007ffeb8a3f000 	C:\Program Files\Java\jdk-25\bin\server\jvm.dll
0x00007fff3a5e0000 - 0x00007fff3a696000 	C:\WINDOWS\System32\ADVAPI32.dll
0x00007fff3a8a0000 - 0x00007fff3a947000 	C:\WINDOWS\System32\sechost.dll
0x00007fff3c110000 - 0x00007fff3c228000 	C:\WINDOWS\System32\RPCRT4.dll
0x00007fff3a000000 - 0x00007fff3a080000 	C:\WINDOWS\System32\WS2_32.dll
0x00007fff30a60000 - 0x00007fff30a96000 	C:\WINDOWS\SYSTEM32\WINMM.dll
0x00007fff389c0000 - 0x00007fff38a1e000 	C:\WINDOWS\SYSTEM32\POWRPROF.dll
0x00007fff305b0000 - 0x00007fff305bb000 	C:\WINDOWS\SYSTEM32\VERSION.dll
0x00007fff389a0000 - 0x00007fff389b4000 	C:\WINDOWS\SYSTEM32\UMPDC.dll
0x00007fff378d0000 - 0x00007fff378eb000 	C:\WINDOWS\SYSTEM32\kernel.appcore.dll
0x00007ffef2190000 - 0x00007ffef219a000 	C:\Program Files\Java\jdk-25\bin\jimage.dll
0x00007fff36900000 - 0x00007fff36b42000 	C:\WINDOWS\SYSTEM32\DBGHELP.DLL
0x00007fff3bbe0000 - 0x00007fff3bf62000 	C:\WINDOWS\System32\combase.dll
0x00007fff3aa10000 - 0x00007fff3aae8000 	C:\WINDOWS\System32\OLEAUT32.dll
0x00007fff240f0000 - 0x00007fff2412b000 	C:\WINDOWS\SYSTEM32\dbgcore.DLL
0x00007fff38b40000 - 0x00007fff38be5000 	C:\WINDOWS\System32\bcryptPrimitives.dll
0x00007ffeda450000 - 0x00007ffeda46f000 	C:\Program Files\Java\jdk-25\bin\java.dll
0x00007fff3b0e0000 - 0x00007fff3b277000 	C:\WINDOWS\System32\ole32.dll
0x00007fff3b280000 - 0x00007fff3b9e7000 	C:\WINDOWS\System32\SHELL32.dll
0x00007fff39e90000 - 0x00007fff39ffa000 	C:\WINDOWS\System32\wintypes.dll
0x00007fff38cb0000 - 0x00007fff39518000 	C:\WINDOWS\System32\windows.storage.dll
0x00007fff3aec0000 - 0x00007fff3afb8000 	C:\WINDOWS\System32\SHCORE.dll
0x00007fff3aaf0000 - 0x00007fff3ab56000 	C:\WINDOWS\System32\shlwapi.dll
0x00007fff38a60000 - 0x00007fff38a89000 	C:\WINDOWS\SYSTEM32\profapi.dll
0x00007ffeda430000 - 0x00007ffeda442000 	C:\Program Files\Java\jdk-25\bin\net.dll
0x00007fff37e40000 - 0x00007fff37eac000 	C:\WINDOWS\system32\mswsock.dll
0x00007ffed9b00000 - 0x00007ffed9b16000 	C:\Program Files\Java\jdk-25\bin\nio.dll
0x00007ffed9ae0000 - 0x00007ffed9af7000 	C:\Program Files\Java\jdk-25\bin\zip.dll
0x00007ffed9000000 - 0x00007ffed9024000 	C:\Users\HP\.m2\wrapper\dists\apache-maven-3.9.14\ed7edd442f634ac1c1ef5ba2b61b6d690b5221091f1a8e1123f5fadcc967520d\lib\jansi-native\Windows\x86_64\jansi.dll
0x00007ffef1b30000 - 0x00007ffef1b40000 	C:\Program Files\Java\jdk-25\bin\verify.dll
0x00007fff38120000 - 0x00007fff3813b000 	C:\WINDOWS\SYSTEM32\CRYPTSP.dll
0x00007fff37830000 - 0x00007fff37869000 	C:\WINDOWS\system32\rsaenh.dll
0x00007fff37ef0000 - 0x00007fff37f23000 	C:\WINDOWS\SYSTEM32\USERENV.dll
0x00007fff38a30000 - 0x00007fff38a5a000 	C:\WINDOWS\SYSTEM32\bcrypt.dll
0x00007fff38140000 - 0x00007fff3814c000 	C:\WINDOWS\SYSTEM32\CRYPTBASE.dll
0x00007fff372d0000 - 0x00007fff37302000 	C:\WINDOWS\SYSTEM32\IPHLPAPI.DLL
0x00007fff3aa00000 - 0x00007fff3aa0a000 	C:\WINDOWS\System32\NSI.dll
0x00007fff37370000 - 0x00007fff374a2000 	C:\WINDOWS\SYSTEM32\DNSAPI.dll
0x00007fff30df0000 - 0x00007fff30dfb000 	C:\Windows\System32\rasadhlp.dll
0x00007fff32ca0000 - 0x00007fff32d26000 	C:\WINDOWS\System32\fwpuclnt.dll
0x00007ffee8c30000 - 0x00007ffee8c39000 	C:\Program Files\Java\jdk-25\bin\extnet.dll
0x00007ffee8e20000 - 0x00007ffee8e2e000 	C:\Program Files\Java\jdk-25\bin\sunmscapi.dll
0x00007fff39650000 - 0x00007fff397c7000 	C:\WINDOWS\System32\CRYPT32.dll
0x00007fff38340000 - 0x00007fff38370000 	C:\WINDOWS\SYSTEM32\ncrypt.dll
0x00007fff382f0000 - 0x00007fff3832f000 	C:\WINDOWS\SYSTEM32\NTASN1.dll

JVMTI agents: none

dbghelp: loaded successfully - version: 4.0.5 - missing functions: none
symbol engine: initialized successfully - sym options: 0x614 - pdb path: .;C:\Program Files\Java\jdk-25\bin;C:\WINDOWS\SYSTEM32;C:\Program Files\Avast Software\Avast;C:\WINDOWS\WinSxS\amd64_microsoft.windows.common-controls_6595b64144ccf1df_6.0.26100.8115_none_3e075c82e3354f9c;C:\Program Files\Java\jdk-25\bin\server;C:\Users\HP\.m2\wrapper\dists\apache-maven-3.9.14\ed7edd442f634ac1c1ef5ba2b61b6d690b5221091f1a8e1123f5fadcc967520d\lib\jansi-native\Windows\x86_64

VM Arguments:
jvm_args: --enable-native-access=ALL-UNNAMED -Dclassworlds.conf=C:\Users\HP\.m2\wrapper\dists\apache-maven-3.9.14\ed7edd442f634ac1c1ef5ba2b61b6d690b5221091f1a8e1123f5fadcc967520d\bin\m2.conf -Dmaven.home=C:\Users\HP\.m2\wrapper\dists\apache-maven-3.9.14\ed7edd442f634ac1c1ef5ba2b61b6d690b5221091f1a8e1123f5fadcc967520d -Dlibrary.jansi.path=C:\Users\HP\.m2\wrapper\dists\apache-maven-3.9.14\ed7edd442f634ac1c1ef5ba2b61b6d690b5221091f1a8e1123f5fadcc967520d\lib\jansi-native -Dmaven.multiModuleProjectDirectory=C:\Users\HP\Downloads\INTER\backend\backend 
java_command: org.codehaus.plexus.classworlds.launcher.Launcher spring-boot:run
java_class_path (initial): C:\Users\HP\.m2\wrapper\dists\apache-maven-3.9.14\ed7edd442f634ac1c1ef5ba2b61b6d690b5221091f1a8e1123f5fadcc967520d\boot\plexus-classworlds-2.9.0.jar
Launcher Type: SUN_STANDARD

[Global flags]
     intx CICompilerCount                          = 4                                         {product} {ergonomic}
     uint ConcGCThreads                            = 3                                         {product} {ergonomic}
     uint G1ConcRefinementThreads                  = 10                                        {product} {ergonomic}
   size_t G1HeapRegionSize                         = 1048576                                   {product} {ergonomic}
   size_t InitialHeapSize                          = 130023424                                 {product} {ergonomic}
   size_t MarkStackSize                            = 4194304                                   {product} {ergonomic}
   size_t MarkStackSizeMax                         = 536870912                                 {product} {ergonomic}
   size_t MaxHeapSize                              = 2055208960                                {product} {ergonomic}
   size_t MaxNewSize                               = 1233125376                                {product} {ergonomic}
   size_t MinHeapDeltaBytes                        = 1048576                                   {product} {ergonomic}
   size_t MinHeapSize                              = 8388608                                   {product} {ergonomic}
    uintx NonNMethodCodeHeapSize                   = 5832704                                {pd product} {ergonomic}
    uintx NonProfiledCodeHeapSize                  = 122945536                              {pd product} {ergonomic}
    uintx ProfiledCodeHeapSize                     = 122880000                              {pd product} {ergonomic}
    uintx ReservedCodeCacheSize                    = 251658240                              {pd product} {ergonomic}
     bool SegmentedCodeCache                       = true                                      {product} {ergonomic}
   size_t SoftMaxHeapSize                          = 2055208960                             {manageable} {ergonomic}
     bool UseCompressedOops                        = true                           {product lp64_product} {ergonomic}
     bool UseG1GC                                  = true                                      {product} {ergonomic}
     bool UseLargePagesIndividualAllocation        = false                                  {pd product} {ergonomic}

Logging:
Log output configuration:
 #0: stdout all=warning uptime,level,tags foldmultilines=false
 #1: stderr all=off uptime,level,tags foldmultilines=false

Release file:
IMPLEMENTOR="Oracle Corporation" 
JAVA_RUNTIME_VERSION="25+37-LTS-3491" 
JAVA_VERSION="25" 
JAVA_VERSION_DATE="2025-09-16" 
LIBC="default" 
MODULES="java.base java.compiler java.datatransfer java.xml java.prefs java.desktop java.instrument java.logging java.management java.security.sasl java.naming java.rmi java.management.rmi java.net.http java.scripting java.security.jgss java.transaction.xa java.sql java.sql.rowset java.xml.crypto java.se java.smartcardio jdk.accessibility jdk.internal.jvmstat jdk.attach jdk.charsets jdk.internal.opt jdk.zipfs jdk.compiler jdk.crypto.cryptoki jdk.crypto.ec jdk.crypto.mscapi jdk.dynalink jdk.internal.ed jdk.editpad jdk.internal.vm.ci jdk.graal.compiler jdk.graal.compiler.management jdk.hotspot.agent jdk.httpserver jdk.incubator.vector jdk.internal.le jdk.internal.md jdk.jartool jdk.javadoc jdk.jcmd jdk.management jdk.management.agent jdk.jconsole jdk.jdeps jdk.jdwp.agent jdk.jdi jdk.jfr jdk.jlink jdk.jpackage jdk.jshell jdk.jsobject jdk.jstatd jdk.localedata jdk.management.jfr jdk.naming.dns jdk.naming.rmi jdk.net jdk.nio.mapmode jdk.sctp jdk.security.auth jdk.security.jgss jdk.unsupported jdk.unsupported.desktop jdk.xml.dom" 
OS_ARCH="x86_64" 
OS_NAME="Windows" 
SOURCE=".:git:49d6a23b8806 open:git:6c48f4ed707b" 

Environment Variables:
PATH=C:\Program Files\Common Files\Oracle\Java\javapath;C:\Program Files (x86)\Common Files\Oracle\Java\java8path;C:\Program Files (x86)\Common Files\Oracle\Java\javapath;C:\ORC\ORACLEE\bin;C:\app\HP\product\21c\dbhomeXE\bin;E:\oracle21\ORACL\bin;C:\Dossier_Oracle21c\Oracle21c\bin;C:\WINDOWS\system32;C:\WINDOWS;C:\WINDOWS\System32\Wbem;C:\WINDOWS\System32\WindowsPowerShell\v1.0\;C:\WINDOWS\System32\OpenSSH\;c:\Program Files (x86)\Microsoft SQL Server\100\Tools\Binn\;c:\Program Files\Microsoft SQL Server\100\Tools\Binn\;c:\Program Files\Microsoft SQL Server\100\DTS\Binn\;C:\appliiiiiii\flutter_windows_3.35.7-stable.zip\flutter\bin;C:\Program Files\Docker\Docker\resources\bin;C:\Program Files\Git\cmd;C:\Program Files\nodejs\;C:\Program Files\Apache\maven\bin;C:\Users\HP\AppData\Local\Programs\Python\Python313\Scripts\;C:\Users\HP\AppData\Local\Programs\Python\Python313\;C:\Users\HP\AppData\Local\Programs\Python\Launcher\;C:\Users\HP\AppData\Local\Microsoft\WindowsApps;C:\Users\HP\AppData\Local\Programs\Microsoft VS Code\bin;C:\Users\HP\AppData\Local\Python\bin;C:\Users\HP\AppData\Roaming\npm;C:\Users\HP\AppData\Local\Programs\Antigravity\bin;c:\Users\HP\.antigravity\extensions\vscjava.vscode-java-debug-0.59.0-universal\bundled\scripts\noConfigScripts
USERNAME=HP
LANG=en_US.UTF-8
OS=Windows_NT
PROCESSOR_IDENTIFIER=Intel64 Family 6 Model 186 Stepping 3, GenuineIntel
TMP=C:\Users\HP\AppData\Local\Temp
TEMP=C:\Users\HP\AppData\Local\Temp




Compilation memory statistics disabled.

Periodic native trim disabled

---------------  S Y S T E M  ---------------

OS:
 Windows 11 , 64 bit Build 26100 (10.0.26100.8246)
OS uptime: 0 days 3:18 hours
Hyper-V role detected

CPU: total 12 (initial active 12) (6 cores per cpu, 2 threads per core) family 6 model 186 stepping 3 microcode 0x4121, cx8, cmov, fxsr, ht, mmx, 3dnowpref, sse, sse2, sse3, ssse3, sse4.1, sse4.2, popcnt, lzcnt, tsc, tscinvbit, avx, avx2, aes, erms, clmul, bmi1, bmi2, adx, sha, fma, vzeroupper, clflush, clflushopt, clwb, hv, serialize, rdtscp, rdpid, fsrm, gfni, f16c, cet_ibt, cet_ss
Processor Information for processor 0
  Max Mhz: 1300, Current Mhz: 81, Mhz Limit: 1300
Processor Information for processor 1
  Max Mhz: 1300, Current Mhz: 81, Mhz Limit: 1300
Processor Information for processor 2
  Max Mhz: 1300, Current Mhz: 81, Mhz Limit: 1300
Processor Information for processor 3
  Max Mhz: 1300, Current Mhz: 81, Mhz Limit: 1300
Processor Information for processor 4
  Max Mhz: 1300, Current Mhz: 200, Mhz Limit: 897
Processor Information for processor 5
  Max Mhz: 1300, Current Mhz: 200, Mhz Limit: 897
Processor Information for processor 6
  Max Mhz: 1300, Current Mhz: 200, Mhz Limit: 897
Processor Information for processor 7
  Max Mhz: 1300, Current Mhz: 200, Mhz Limit: 897
Processor Information for processor 8
  Max Mhz: 1300, Current Mhz: 900, Mhz Limit: 897
Processor Information for processor 9
  Max Mhz: 1300, Current Mhz: 900, Mhz Limit: 897
Processor Information for processor 10
  Max Mhz: 1300, Current Mhz: 900, Mhz Limit: 897
Processor Information for processor 11
  Max Mhz: 1300, Current Mhz: 900, Mhz Limit: 897

Memory: 4k page, system-wide physical 7835M (749M free)
TotalPageFile size 11931M (AvailPageFile size 3M)
current process WorkingSet (physical memory assigned to process): 297M, peak: 327M
current process commit charge ("private bytes"): 332M, peak: 368M

vm_info: Java HotSpot(TM) 64-Bit Server VM (25+37-LTS-3491) for windows-amd64 JRE (25+37-LTS-3491), built on 2025-08-14T21:13:00Z with unknown MS VC++:1943

END.
