#
# There is insufficient memory for the Java Runtime Environment to continue.
# Native memory allocation (malloc) failed to allocate 32752 bytes. Error detail: Chunk::new
# Possible reasons:
#   The system is out of physical RAM or swap space
#   This process is running with CompressedOops enabled, and the Java Heap may be blocking the growth of the native heap
# Possible solutions:
#   Reduce memory load on the system
#   Increase physical memory or swap space
#   Check if swap backing store is full
#   Decrease Java heap size (-Xmx/-Xms)
#   Decrease number of Java threads
#   Decrease Java thread stack sizes (-Xss)
#   Set larger code cache with -XX:ReservedCodeCacheSize=
#   JVM is running with Unscaled Compressed Oops mode in which the Java heap is
#     placed in the first 4GB address space. The Java Heap base address is the
#     maximum limit for the native heap growth. Please use -XX:HeapBaseMinAddress
#     to set the Java Heap base and to place the Java Heap above 4GB virtual address.
# This output file may be truncated or incomplete.
#
#  Out of Memory Error (arena.cpp:186), pid=20348, tid=4120
#
# JRE version: Java(TM) SE Runtime Environment (25.0+37) (build 25+37-LTS-3491)
# Java VM: Java HotSpot(TM) 64-Bit Server VM (25+37-LTS-3491, mixed mode, emulated-client, sharing, tiered, compressed oops, compressed class ptrs, g1 gc, windows-amd64)
# No core dump will be written. Minidumps are not enabled by default on client versions of Windows
#

---------------  S U M M A R Y ------------

Command Line: -XX:TieredStopAtLevel=1 com.buslocator.backend.BackendApplication

Host: 13th Gen Intel(R) Core(TM) i5-1335U, 12 cores, 7G,  Windows 11 , 64 bit Build 26100 (10.0.26100.8246)
Time: Thu Apr 30 08:24:53 2026 Greenwich elapsed time: 22.365142 seconds (0d 0h 0m 22s)

---------------  T H R E A D  ---------------

Current thread (0x0000022555c4c5a0):  JavaThread "C1 CompilerThread0" daemon [_thread_in_native, id=4120, stack(0x000000bdff000000,0x000000bdff100000) (1024K)]


Current CompileTask:
C1:22365 7247       1       org.hibernate.bytecode.internal.BytecodeEnhancementMetadataPojoImpl::hasUnFetchedAttributes (40 bytes)

Stack: [0x000000bdff000000,0x000000bdff100000]
Native frames: (J=compiled Java code, j=interpreted, Vv=VM code, C=native code)
V  [jvm.dll+0x7a6a39]  (no source info available)
V  [jvm.dll+0x7727ed]  (no source info available)
V  [jvm.dll+0x965f33]  (no source info available)
V  [jvm.dll+0x968531]  (no source info available)
V  [jvm.dll+0x968c33]  (no source info available)
V  [jvm.dll+0x2fc756]  (no source info available)
V  [jvm.dll+0x111b26]  (no source info available)
V  [jvm.dll+0x111e4e]  (no source info available)
V  [jvm.dll+0x21517d]  (no source info available)
V  [jvm.dll+0x1be206]  (no source info available)
V  [jvm.dll+0x1be4d3]  (no source info available)
V  [jvm.dll+0x1be84e]  (no source info available)
V  [jvm.dll+0x1bdb91]  (no source info available)
V  [jvm.dll+0x1bfa0d]  (no source info available)
V  [jvm.dll+0x2cfb56]  (no source info available)
V  [jvm.dll+0x2cddd5]  (no source info available)
V  [jvm.dll+0x48e671]  (no source info available)
V  [jvm.dll+0x90681d]  (no source info available)
V  [jvm.dll+0x7a5015]  (no source info available)
C  [ucrtbase.dll+0x37b0]  (no source info available)
C  [KERNEL32.DLL+0x2e8d7]  (no source info available)
C  [ntdll.dll+0x8c3fc]  (no source info available)

Lock stack of current Java thread (top to bottom):


---------------  P R O C E S S  ---------------

Threads class SMR info:
_java_thread_list=0x0000022566dd0d10, length=31, elements={
0x00000225667c8f30, 0x00000225667c9840, 0x00000225667ca6a0, 0x00000225667cc9d0,
0x00000225667cd590, 0x00000225667ce150, 0x0000022555c4c5a0, 0x000002256683be30,
0x0000022566b98d10, 0x0000022555c4cdb0, 0x000002256c2c5d50, 0x000002256c314480,
0x000002256c33ce50, 0x000002256c3475b0, 0x000002256c3d2470, 0x00000225667d2e90,
0x000002256b5f2bc0, 0x000002256b5f4b00, 0x000002256b5f3390, 0x000002256b5f23f0,
0x000002256b5f52d0, 0x000002256b5f6270, 0x000002256b5f4330, 0x000002256b5f6a40,
0x000002256b5f81b0, 0x000002256b604c70, 0x000002256b605440, 0x000002256b6092c0,
0x000002256b60a260, 0x0000022555c50e30, 0x0000022555c4ddd0
}

Java Threads: ( => current thread )
  0x00000225667c8f30 JavaThread "Reference Handler"          daemon [_thread_blocked, id=22956, stack(0x000000bdfea00000,0x000000bdfeb00000) (1024K)]
  0x00000225667c9840 JavaThread "Finalizer"                  daemon [_thread_blocked, id=2804, stack(0x000000bdfeb00000,0x000000bdfec00000) (1024K)]
  0x00000225667ca6a0 JavaThread "Signal Dispatcher"          daemon [_thread_blocked, id=22488, stack(0x000000bdfec00000,0x000000bdfed00000) (1024K)]
  0x00000225667cc9d0 JavaThread "Attach Listener"            daemon [_thread_blocked, id=19544, stack(0x000000bdfed00000,0x000000bdfee00000) (1024K)]
  0x00000225667cd590 JavaThread "Service Thread"             daemon [_thread_blocked, id=13920, stack(0x000000bdfee00000,0x000000bdfef00000) (1024K)]
  0x00000225667ce150 JavaThread "Monitor Deflation Thread"   daemon [_thread_blocked, id=21276, stack(0x000000bdfef00000,0x000000bdff000000) (1024K)]
=>0x0000022555c4c5a0 JavaThread "C1 CompilerThread0"         daemon [_thread_in_native, id=4120, stack(0x000000bdff000000,0x000000bdff100000) (1024K)]
  0x000002256683be30 JavaThread "Notification Thread"        daemon [_thread_blocked, id=23048, stack(0x000000bdff100000,0x000000bdff200000) (1024K)]
  0x0000022566b98d10 JavaThread "Common-Cleaner"             daemon [_thread_blocked, id=23012, stack(0x000000bdff200000,0x000000bdff300000) (1024K)]
  0x0000022555c4cdb0 JavaThread "C1 CompilerThread1"         daemon [_thread_in_vm, id=15404, stack(0x000000bdff300000,0x000000bdff400000) (1024K)]
  0x000002256c2c5d50 JavaThread "Catalina-utility-1"                [_thread_blocked, id=21984, stack(0x000000bd80100000,0x000000bd80200000) (1024K)]
  0x000002256c314480 JavaThread "Catalina-utility-2"                [_thread_blocked, id=24112, stack(0x000000bd80200000,0x000000bd80300000) (1024K)]
  0x000002256c33ce50 JavaThread "container-0"                       [_thread_blocked, id=8548, stack(0x000000bd80300000,0x000000bd80400000) (1024K)]
  0x000002256c3475b0 JavaThread "mysql-cj-abandoned-connection-cleanup" daemon [_thread_blocked, id=9152, stack(0x000000bd80400000,0x000000bd80500000) (1024K)]
  0x000002256c3d2470 JavaThread "HikariPool-1 housekeeper"   daemon [_thread_blocked, id=14832, stack(0x000000bd80600000,0x000000bd80700000) (1024K)]
  0x00000225667d2e90 JavaThread "http-nio-8080-exec-1"       daemon [_thread_blocked, id=4448, stack(0x000000bd80800000,0x000000bd80900000) (1024K)]
  0x000002256b5f2bc0 JavaThread "http-nio-8080-exec-2"       daemon [_thread_blocked, id=24500, stack(0x000000bd80900000,0x000000bd80a00000) (1024K)]
  0x000002256b5f4b00 JavaThread "http-nio-8080-exec-3"       daemon [_thread_blocked, id=13724, stack(0x000000bd80a00000,0x000000bd80b00000) (1024K)]
  0x000002256b5f3390 JavaThread "http-nio-8080-exec-4"       daemon [_thread_blocked, id=19396, stack(0x000000bd80b00000,0x000000bd80c00000) (1024K)]
  0x000002256b5f23f0 JavaThread "http-nio-8080-exec-5"       daemon [_thread_blocked, id=2404, stack(0x000000bd80c00000,0x000000bd80d00000) (1024K)]
  0x000002256b5f52d0 JavaThread "http-nio-8080-exec-6"       daemon [_thread_blocked, id=1504, stack(0x000000bd80d00000,0x000000bd80e00000) (1024K)]
  0x000002256b5f6270 JavaThread "http-nio-8080-exec-7"       daemon [_thread_blocked, id=8348, stack(0x000000bd80e00000,0x000000bd80f00000) (1024K)]
  0x000002256b5f4330 JavaThread "http-nio-8080-exec-8"       daemon [_thread_blocked, id=8388, stack(0x000000bd80f00000,0x000000bd81000000) (1024K)]
  0x000002256b5f6a40 JavaThread "http-nio-8080-exec-9"       daemon [_thread_blocked, id=22460, stack(0x000000bd81000000,0x000000bd81100000) (1024K)]
  0x000002256b5f81b0 JavaThread "http-nio-8080-exec-10"      daemon [_thread_blocked, id=12004, stack(0x000000bd81100000,0x000000bd81200000) (1024K)]
  0x000002256b604c70 JavaThread "http-nio-8080-Poller"       daemon [_thread_in_native, id=17764, stack(0x000000bd81200000,0x000000bd81300000) (1024K)]
  0x000002256b605440 JavaThread "http-nio-8080-Acceptor"     daemon [_thread_in_native, id=16064, stack(0x000000bd81300000,0x000000bd81400000) (1024K)]
  0x000002256b6092c0 JavaThread "scheduling-1"                      [_thread_in_Java, id=24424, stack(0x000000bd81400000,0x000000bd81500000) (1024K)]
  0x000002256b60a260 JavaThread "DestroyJavaVM"                     [_thread_blocked, id=15024, stack(0x000000bdfe200000,0x000000bdfe300000) (1024K)]
  0x0000022555c50e30 JavaThread "C1 CompilerThread2"         daemon [_thread_blocked, id=15512, stack(0x000000bd80700000,0x000000bd80800000) (1024K)]
  0x0000022555c4ddd0 JavaThread "C1 CompilerThread3"         daemon [_thread_blocked, id=1816, stack(0x000000bd81500000,0x000000bd81600000) (1024K)]
Total: 31

Other Threads:
  0x00000225667b6d00 VMThread "VM Thread"                           [id=16556, stack(0x000000bdfe900000,0x000000bdfea00000) (1024K)]
  0x000002256667c8a0 WatcherThread "VM Periodic Task Thread"        [id=19440, stack(0x000000bdfe800000,0x000000bdfe900000) (1024K)]
  0x0000022555c99cf0 WorkerThread "GC Thread#0"                     [id=23344, stack(0x000000bdfe300000,0x000000bdfe400000) (1024K)]
  0x000002256bb70620 WorkerThread "GC Thread#1"                     [id=2472, stack(0x000000bdff700000,0x000000bdff800000) (1024K)]
  0x000002256bb70a50 WorkerThread "GC Thread#2"                     [id=4936, stack(0x000000bdff800000,0x000000bdff900000) (1024K)]
  0x000002256bb70e80 WorkerThread "GC Thread#3"                     [id=12380, stack(0x000000bdff900000,0x000000bdffa00000) (1024K)]
  0x000002256bb9de20 WorkerThread "GC Thread#4"                     [id=13228, stack(0x000000bdffa00000,0x000000bdffb00000) (1024K)]
  0x000002256bb9e660 WorkerThread "GC Thread#5"                     [id=3812, stack(0x000000bdffb00000,0x000000bdffc00000) (1024K)]
  0x000002256bef1900 WorkerThread "GC Thread#6"                     [id=22992, stack(0x000000bdff600000,0x000000bdff700000) (1024K)]
  0x000002256bef0c10 WorkerThread "GC Thread#7"                     [id=10304, stack(0x000000bdffc00000,0x000000bdffd00000) (1024K)]
  0x000002256bef1060 WorkerThread "GC Thread#8"                     [id=3732, stack(0x000000bdffd00000,0x000000bdffe00000) (1024K)]
  0x000002256beef680 WorkerThread "GC Thread#9"                     [id=5860, stack(0x000000bdffe00000,0x000000bdfff00000) (1024K)]
  0x0000022555cb2d50 ConcurrentGCThread "G1 Main Marker"            [id=13124, stack(0x000000bdfe400000,0x000000bdfe500000) (1024K)]
  0x0000022555cb38f0 WorkerThread "G1 Conc#0"                       [id=16940, stack(0x000000bdfe500000,0x000000bdfe600000) (1024K)]
  0x000002256beef230 WorkerThread "G1 Conc#1"                       [id=12880, stack(0x000000bdfff00000,0x000000be00000000) (1024K)]
  0x000002256bef25f0 WorkerThread "G1 Conc#2"                       [id=23572, stack(0x000000bd80000000,0x000000bd80100000) (1024K)]
  0x000002256666ef20 ConcurrentGCThread "G1 Refine#0"               [id=16616, stack(0x000000bdfe600000,0x000000bdfe700000) (1024K)]
  0x000002256666f930 ConcurrentGCThread "G1 Service"                [id=21672, stack(0x000000bdfe700000,0x000000bdfe800000) (1024K)]
Total: 18

Threads with active compile tasks:
C1 CompilerThread0  26506 7247       1       org.hibernate.bytecode.internal.BytecodeEnhancementMetadataPojoImpl::hasUnFetchedAttributes (40 bytes)
Total: 1

VM state: not at safepoint (normal execution)

VM Mutex/Monitor currently owned by a thread: None

Heap address: 0x0000000085800000, size: 1960 MB, Compressed Oops mode: 32-bit

CDS archive(s) mapped at: [0x000000001c000000-0x000000001cdd0000-0x000000001cdd0000), size 14483456, SharedBaseAddress: 0x000000001c000000, ArchiveRelocationMode: 1.
Compressed class space mapped at: 0x000000001d000000-0x000000005d000000, reserved size: 1073741824
UseCompressedClassPointers 1, UseCompactObjectHeaders 0
Narrow klass pointer bits 32, Max shift 3
Narrow klass base: 0x000000001c000000, Narrow klass shift: 0
Encoding Range: [0x000000001c000000 - 0x000000011c000000), (4294967296 bytes)
Klass Range:    [0x000000001c010000 - 0x000000005d000000), (1090453504 bytes)
Klass ID Range:  [65536 - 1090519033) (1090453497)
Protection zone: [0x000000001c000000 - 0x000000001c010000), (65536 bytes)

GC Precious Log:
 CardTable entry size: 512
 Card Set container configuration: InlinePtr #cards 5 size 8 Array Of Cards #cards 10 size 36 Howl #buckets 4 coarsen threshold 1843 Howl Bitmap #cards 512 size 80 coarsen threshold 460 Card regions per heap region 1 cards per card region 2048
 CPUs: 12 total, 12 available
 Memory: 7835M
 Large Page Support: Disabled
 NUMA Support: Disabled
 Compressed Oops: Enabled (32-bit)
 Heap Region Size: 1M
 Heap Min Capacity: 8M
 Heap Initial Capacity: 124M
 Heap Max Capacity: 1960M
 Pre-touch: Disabled
 Parallel Workers: 10
 Concurrent Workers: 3
 Concurrent Refinement Workers: 10
 Periodic GC: Disabled

Heap:
 garbage-first heap   total reserved 2007040K, committed 180224K, used 57303K [0x0000000085800000, 0x0000000100000000)
  region size 1024K, 19 young (19456K), 5 survivors (5120K)

Heap Regions: E=young(eden), S=young(survivor), O=old, HS=humongous(starts), HC=humongous(continues), CS=collection set, F=free, TAMS=top-at-mark-start, PB=parsable bottom
|   0|0x0000000085800000, 0x0000000085900000, 0x0000000085900000|100%|HS|  |TAMS 0x0000000085800000| PB 0x0000000085800000| Complete |  0
|   1|0x0000000085900000, 0x0000000085a00000, 0x0000000085a00000|100%|HS|  |TAMS 0x0000000085900000| PB 0x0000000085900000| Complete |  0
|   2|0x0000000085a00000, 0x0000000085b00000, 0x0000000085b00000|100%| O|  |TAMS 0x0000000085a00000| PB 0x0000000085a00000| Untracked |  0
|   3|0x0000000085b00000, 0x0000000085c00000, 0x0000000085c00000|100%| O|  |TAMS 0x0000000085b00000| PB 0x0000000085b00000| Untracked |  0
|   4|0x0000000085c00000, 0x0000000085d00000, 0x0000000085d00000|100%| O|  |TAMS 0x0000000085c00000| PB 0x0000000085c00000| Untracked |  0
|   5|0x0000000085d00000, 0x0000000085e00000, 0x0000000085e00000|100%| O|  |TAMS 0x0000000085d00000| PB 0x0000000085d00000| Untracked |  0
|   6|0x0000000085e00000, 0x0000000085f00000, 0x0000000085f00000|100%| O|  |TAMS 0x0000000085e00000| PB 0x0000000085e00000| Untracked |  0
|   7|0x0000000085f00000, 0x0000000086000000, 0x0000000086000000|100%| O|  |TAMS 0x0000000085f00000| PB 0x0000000085f00000| Untracked |  0
|   8|0x0000000086000000, 0x0000000086100000, 0x0000000086100000|100%| O|  |TAMS 0x0000000086000000| PB 0x0000000086000000| Untracked |  0
|   9|0x0000000086100000, 0x0000000086200000, 0x0000000086200000|100%| O|  |TAMS 0x0000000086100000| PB 0x0000000086100000| Untracked |  0
|  10|0x0000000086200000, 0x0000000086300000, 0x0000000086300000|100%| O|  |TAMS 0x0000000086200000| PB 0x0000000086200000| Untracked |  0
|  11|0x0000000086300000, 0x0000000086400000, 0x0000000086400000|100%| O|  |TAMS 0x0000000086300000| PB 0x0000000086300000| Untracked |  0
|  12|0x0000000086400000, 0x0000000086500000, 0x0000000086500000|100%| O|  |TAMS 0x0000000086400000| PB 0x0000000086400000| Untracked |  0
|  13|0x0000000086500000, 0x0000000086600000, 0x0000000086600000|100%| O|  |TAMS 0x0000000086500000| PB 0x0000000086500000| Untracked |  0
|  14|0x0000000086600000, 0x0000000086700000, 0x0000000086700000|100%| O|  |TAMS 0x0000000086600000| PB 0x0000000086600000| Untracked |  0
|  15|0x0000000086700000, 0x0000000086800000, 0x0000000086800000|100%| O|  |TAMS 0x0000000086700000| PB 0x0000000086700000| Untracked |  0
|  16|0x0000000086800000, 0x0000000086900000, 0x0000000086900000|100%| O|  |TAMS 0x0000000086800000| PB 0x0000000086800000| Untracked |  0
|  17|0x0000000086900000, 0x0000000086a00000, 0x0000000086a00000|100%| O|  |TAMS 0x0000000086900000| PB 0x0000000086900000| Untracked |  0
|  18|0x0000000086a00000, 0x0000000086b00000, 0x0000000086b00000|100%| O|  |TAMS 0x0000000086a00000| PB 0x0000000086a00000| Untracked |  0
|  19|0x0000000086b00000, 0x0000000086c00000, 0x0000000086c00000|100%| O|  |TAMS 0x0000000086b00000| PB 0x0000000086b00000| Untracked |  0
|  20|0x0000000086c00000, 0x0000000086d00000, 0x0000000086d00000|100%| O|  |TAMS 0x0000000086c00000| PB 0x0000000086c00000| Untracked |  0
|  21|0x0000000086d00000, 0x0000000086e00000, 0x0000000086e00000|100%| O|  |TAMS 0x0000000086d00000| PB 0x0000000086d00000| Untracked |  0
|  22|0x0000000086e00000, 0x0000000086f00000, 0x0000000086f00000|100%| O|  |TAMS 0x0000000086e00000| PB 0x0000000086e00000| Untracked |  0
|  23|0x0000000086f00000, 0x0000000087000000, 0x0000000087000000|100%| O|  |TAMS 0x0000000086f00000| PB 0x0000000086f00000| Untracked |  0
|  24|0x0000000087000000, 0x0000000087100000, 0x0000000087100000|100%| O|  |TAMS 0x0000000087000000| PB 0x0000000087000000| Untracked |  0
|  25|0x0000000087100000, 0x0000000087100000, 0x0000000087200000|  0%| F|  |TAMS 0x0000000087100000| PB 0x0000000087100000| Untracked |  0
|  26|0x0000000087200000, 0x0000000087200000, 0x0000000087300000|  0%| F|  |TAMS 0x0000000087200000| PB 0x0000000087200000| Untracked |  0
|  27|0x0000000087300000, 0x0000000087300000, 0x0000000087400000|  0%| F|  |TAMS 0x0000000087300000| PB 0x0000000087300000| Untracked |  0
|  28|0x0000000087400000, 0x0000000087500000, 0x0000000087500000|100%| O|  |TAMS 0x0000000087400000| PB 0x0000000087400000| Untracked |  0
|  29|0x0000000087500000, 0x0000000087600000, 0x0000000087600000|100%| O|  |TAMS 0x0000000087500000| PB 0x0000000087500000| Untracked |  0
|  30|0x0000000087600000, 0x0000000087700000, 0x0000000087700000|100%| O|  |TAMS 0x0000000087600000| PB 0x0000000087600000| Untracked |  0
|  31|0x0000000087700000, 0x0000000087800000, 0x0000000087800000|100%| O|  |TAMS 0x0000000087700000| PB 0x0000000087700000| Untracked |  0
|  32|0x0000000087800000, 0x0000000087900000, 0x0000000087900000|100%| O|  |TAMS 0x0000000087800000| PB 0x0000000087800000| Untracked |  0
|  33|0x0000000087900000, 0x0000000087a00000, 0x0000000087a00000|100%| O|  |TAMS 0x0000000087900000| PB 0x0000000087900000| Untracked |  0
|  34|0x0000000087a00000, 0x0000000087b00000, 0x0000000087b00000|100%| O|  |TAMS 0x0000000087a00000| PB 0x0000000087a00000| Untracked |  0
|  35|0x0000000087b00000, 0x0000000087c00000, 0x0000000087c00000|100%| O|  |TAMS 0x0000000087b00000| PB 0x0000000087b00000| Untracked |  0
|  36|0x0000000087c00000, 0x0000000087d00000, 0x0000000087d00000|100%| O|  |TAMS 0x0000000087c00000| PB 0x0000000087c00000| Untracked |  0
|  37|0x0000000087d00000, 0x0000000087e00000, 0x0000000087e00000|100%| O|  |TAMS 0x0000000087d00000| PB 0x0000000087d00000| Untracked |  0
|  38|0x0000000087e00000, 0x0000000087f00000, 0x0000000087f00000|100%| O|  |TAMS 0x0000000087e00000| PB 0x0000000087e00000| Untracked |  0
|  39|0x0000000087f00000, 0x0000000088000000, 0x0000000088000000|100%| O|  |TAMS 0x0000000087f00000| PB 0x0000000087f00000| Untracked |  0
|  40|0x0000000088000000, 0x00000000880f5e28, 0x0000000088100000| 96%| O|  |TAMS 0x0000000088000000| PB 0x0000000088000000| Untracked |  0
|  41|0x0000000088100000, 0x0000000088100000, 0x0000000088200000|  0%| F|  |TAMS 0x0000000088100000| PB 0x0000000088100000| Untracked |  0
|  42|0x0000000088200000, 0x0000000088200000, 0x0000000088300000|  0%| F|  |TAMS 0x0000000088200000| PB 0x0000000088200000| Untracked |  0
|  43|0x0000000088300000, 0x0000000088300000, 0x0000000088400000|  0%| F|  |TAMS 0x0000000088300000| PB 0x0000000088300000| Untracked |  0
|  44|0x0000000088400000, 0x0000000088400000, 0x0000000088500000|  0%| F|  |TAMS 0x0000000088400000| PB 0x0000000088400000| Untracked |  0
|  45|0x0000000088500000, 0x0000000088600000, 0x0000000088600000|100%| S|CS|TAMS 0x0000000088500000| PB 0x0000000088500000| Complete |  0
|  46|0x0000000088600000, 0x0000000088700000, 0x0000000088700000|100%| S|CS|TAMS 0x0000000088600000| PB 0x0000000088600000| Complete |  0
|  47|0x0000000088700000, 0x0000000088800000, 0x0000000088800000|100%| S|CS|TAMS 0x0000000088700000| PB 0x0000000088700000| Complete |  0
|  48|0x0000000088800000, 0x0000000088900000, 0x0000000088900000|100%| S|CS|TAMS 0x0000000088800000| PB 0x0000000088800000| Complete |  0
|  49|0x0000000088900000, 0x0000000088900000, 0x0000000088a00000|  0%| F|  |TAMS 0x0000000088900000| PB 0x0000000088900000| Untracked |  0
|  50|0x0000000088a00000, 0x0000000088a00000, 0x0000000088b00000|  0%| F|  |TAMS 0x0000000088a00000| PB 0x0000000088a00000| Untracked |  0
|  51|0x0000000088b00000, 0x0000000088b00000, 0x0000000088c00000|  0%| F|  |TAMS 0x0000000088b00000| PB 0x0000000088b00000| Untracked |  0
|  52|0x0000000088c00000, 0x0000000088d00000, 0x0000000088d00000|100%| S|CS|TAMS 0x0000000088c00000| PB 0x0000000088c00000| Complete |  0
|  53|0x0000000088d00000, 0x0000000088d00000, 0x0000000088e00000|  0%| F|  |TAMS 0x0000000088d00000| PB 0x0000000088d00000| Untracked |  0
|  54|0x0000000088e00000, 0x0000000088e00000, 0x0000000088f00000|  0%| F|  |TAMS 0x0000000088e00000| PB 0x0000000088e00000| Untracked |  0
|  55|0x0000000088f00000, 0x0000000088f00000, 0x0000000089000000|  0%| F|  |TAMS 0x0000000088f00000| PB 0x0000000088f00000| Untracked |  0
|  56|0x0000000089000000, 0x0000000089000000, 0x0000000089100000|  0%| F|  |TAMS 0x0000000089000000| PB 0x0000000089000000| Untracked |  0
|  57|0x0000000089100000, 0x0000000089100000, 0x0000000089200000|  0%| F|  |TAMS 0x0000000089100000| PB 0x0000000089100000| Untracked |  0
|  58|0x0000000089200000, 0x0000000089200000, 0x0000000089300000|  0%| F|  |TAMS 0x0000000089200000| PB 0x0000000089200000| Untracked |  0
|  59|0x0000000089300000, 0x0000000089300000, 0x0000000089400000|  0%| F|  |TAMS 0x0000000089300000| PB 0x0000000089300000| Untracked |  0
|  60|0x0000000089400000, 0x0000000089400000, 0x0000000089500000|  0%| F|  |TAMS 0x0000000089400000| PB 0x0000000089400000| Untracked |  0
|  61|0x0000000089500000, 0x0000000089500000, 0x0000000089600000|  0%| F|  |TAMS 0x0000000089500000| PB 0x0000000089500000| Untracked |  0
|  62|0x0000000089600000, 0x0000000089600000, 0x0000000089700000|  0%| F|  |TAMS 0x0000000089600000| PB 0x0000000089600000| Untracked |  0
|  63|0x0000000089700000, 0x0000000089700000, 0x0000000089800000|  0%| F|  |TAMS 0x0000000089700000| PB 0x0000000089700000| Untracked |  0
|  64|0x0000000089800000, 0x0000000089800000, 0x0000000089900000|  0%| F|  |TAMS 0x0000000089800000| PB 0x0000000089800000| Untracked |  0
|  65|0x0000000089900000, 0x0000000089900000, 0x0000000089a00000|  0%| F|  |TAMS 0x0000000089900000| PB 0x0000000089900000| Untracked |  0
|  66|0x0000000089a00000, 0x0000000089a00000, 0x0000000089b00000|  0%| F|  |TAMS 0x0000000089a00000| PB 0x0000000089a00000| Untracked |  0
|  67|0x0000000089b00000, 0x0000000089b00000, 0x0000000089c00000|  0%| F|  |TAMS 0x0000000089b00000| PB 0x0000000089b00000| Untracked |  0
|  68|0x0000000089c00000, 0x0000000089c00000, 0x0000000089d00000|  0%| F|  |TAMS 0x0000000089c00000| PB 0x0000000089c00000| Untracked |  0
|  69|0x0000000089d00000, 0x0000000089d00000, 0x0000000089e00000|  0%| F|  |TAMS 0x0000000089d00000| PB 0x0000000089d00000| Untracked |  0
|  70|0x0000000089e00000, 0x0000000089e00000, 0x0000000089f00000|  0%| F|  |TAMS 0x0000000089e00000| PB 0x0000000089e00000| Untracked |  0
|  71|0x0000000089f00000, 0x0000000089f00000, 0x000000008a000000|  0%| F|  |TAMS 0x0000000089f00000| PB 0x0000000089f00000| Untracked |  0
|  72|0x000000008a000000, 0x000000008a000000, 0x000000008a100000|  0%| F|  |TAMS 0x000000008a000000| PB 0x000000008a000000| Untracked |  0
|  73|0x000000008a100000, 0x000000008a100000, 0x000000008a200000|  0%| F|  |TAMS 0x000000008a100000| PB 0x000000008a100000| Untracked |  0
|  74|0x000000008a200000, 0x000000008a200000, 0x000000008a300000|  0%| F|  |TAMS 0x000000008a200000| PB 0x000000008a200000| Untracked |  0
|  75|0x000000008a300000, 0x000000008a300000, 0x000000008a400000|  0%| F|  |TAMS 0x000000008a300000| PB 0x000000008a300000| Untracked |  0
|  76|0x000000008a400000, 0x000000008a400000, 0x000000008a500000|  0%| F|  |TAMS 0x000000008a400000| PB 0x000000008a400000| Untracked |  0
|  77|0x000000008a500000, 0x000000008a500000, 0x000000008a600000|  0%| F|  |TAMS 0x000000008a500000| PB 0x000000008a500000| Untracked |  0
|  78|0x000000008a600000, 0x000000008a600000, 0x000000008a700000|  0%| F|  |TAMS 0x000000008a600000| PB 0x000000008a600000| Untracked |  0
|  79|0x000000008a700000, 0x000000008a700000, 0x000000008a800000|  0%| F|  |TAMS 0x000000008a700000| PB 0x000000008a700000| Untracked |  0
|  80|0x000000008a800000, 0x000000008a800000, 0x000000008a900000|  0%| F|  |TAMS 0x000000008a800000| PB 0x000000008a800000| Untracked |  0
|  81|0x000000008a900000, 0x000000008a900000, 0x000000008aa00000|  0%| F|  |TAMS 0x000000008a900000| PB 0x000000008a900000| Untracked |  0
|  82|0x000000008aa00000, 0x000000008aa00000, 0x000000008ab00000|  0%| F|  |TAMS 0x000000008aa00000| PB 0x000000008aa00000| Untracked |  0
|  83|0x000000008ab00000, 0x000000008ab00000, 0x000000008ac00000|  0%| F|  |TAMS 0x000000008ab00000| PB 0x000000008ab00000| Untracked |  0
|  84|0x000000008ac00000, 0x000000008ac00000, 0x000000008ad00000|  0%| F|  |TAMS 0x000000008ac00000| PB 0x000000008ac00000| Untracked |  0
|  85|0x000000008ad00000, 0x000000008ad00000, 0x000000008ae00000|  0%| F|  |TAMS 0x000000008ad00000| PB 0x000000008ad00000| Untracked |  0
|  86|0x000000008ae00000, 0x000000008ae00000, 0x000000008af00000|  0%| F|  |TAMS 0x000000008ae00000| PB 0x000000008ae00000| Untracked |  0
|  87|0x000000008af00000, 0x000000008af00000, 0x000000008b000000|  0%| F|  |TAMS 0x000000008af00000| PB 0x000000008af00000| Untracked |  0
|  88|0x000000008b000000, 0x000000008b000000, 0x000000008b100000|  0%| F|  |TAMS 0x000000008b000000| PB 0x000000008b000000| Untracked |  0
|  89|0x000000008b100000, 0x000000008b100000, 0x000000008b200000|  0%| F|  |TAMS 0x000000008b100000| PB 0x000000008b100000| Untracked |  0
|  90|0x000000008b200000, 0x000000008b200000, 0x000000008b300000|  0%| F|  |TAMS 0x000000008b200000| PB 0x000000008b200000| Untracked |  0
|  91|0x000000008b300000, 0x000000008b300000, 0x000000008b400000|  0%| F|  |TAMS 0x000000008b300000| PB 0x000000008b300000| Untracked |  0
|  92|0x000000008b400000, 0x000000008b400000, 0x000000008b500000|  0%| F|  |TAMS 0x000000008b400000| PB 0x000000008b400000| Untracked |  0
|  93|0x000000008b500000, 0x000000008b500000, 0x000000008b600000|  0%| F|  |TAMS 0x000000008b500000| PB 0x000000008b500000| Untracked |  0
|  94|0x000000008b600000, 0x000000008b600000, 0x000000008b700000|  0%| F|  |TAMS 0x000000008b600000| PB 0x000000008b600000| Untracked |  0
|  95|0x000000008b700000, 0x000000008b700000, 0x000000008b800000|  0%| F|  |TAMS 0x000000008b700000| PB 0x000000008b700000| Untracked |  0
|  96|0x000000008b800000, 0x000000008b800000, 0x000000008b900000|  0%| F|  |TAMS 0x000000008b800000| PB 0x000000008b800000| Untracked |  0
|  97|0x000000008b900000, 0x000000008b900000, 0x000000008ba00000|  0%| F|  |TAMS 0x000000008b900000| PB 0x000000008b900000| Untracked |  0
|  98|0x000000008ba00000, 0x000000008ba00000, 0x000000008bb00000|  0%| F|  |TAMS 0x000000008ba00000| PB 0x000000008ba00000| Untracked |  0
|  99|0x000000008bb00000, 0x000000008bb00000, 0x000000008bc00000|  0%| F|  |TAMS 0x000000008bb00000| PB 0x000000008bb00000| Untracked |  0
| 100|0x000000008bc00000, 0x000000008bc00000, 0x000000008bd00000|  0%| F|  |TAMS 0x000000008bc00000| PB 0x000000008bc00000| Untracked |  0
| 101|0x000000008bd00000, 0x000000008bd00000, 0x000000008be00000|  0%| F|  |TAMS 0x000000008bd00000| PB 0x000000008bd00000| Untracked |  0
| 102|0x000000008be00000, 0x000000008be00000, 0x000000008bf00000|  0%| F|  |TAMS 0x000000008be00000| PB 0x000000008be00000| Untracked |  0
| 103|0x000000008bf00000, 0x000000008bf00000, 0x000000008c000000|  0%| F|  |TAMS 0x000000008bf00000| PB 0x000000008bf00000| Untracked |  0
| 104|0x000000008c000000, 0x000000008c000000, 0x000000008c100000|  0%| F|  |TAMS 0x000000008c000000| PB 0x000000008c000000| Untracked |  0
| 105|0x000000008c100000, 0x000000008c100000, 0x000000008c200000|  0%| F|  |TAMS 0x000000008c100000| PB 0x000000008c100000| Untracked |  0
| 106|0x000000008c200000, 0x000000008c200000, 0x000000008c300000|  0%| F|  |TAMS 0x000000008c200000| PB 0x000000008c200000| Untracked |  0
| 107|0x000000008c300000, 0x000000008c300000, 0x000000008c400000|  0%| F|  |TAMS 0x000000008c300000| PB 0x000000008c300000| Untracked |  0
| 108|0x000000008c400000, 0x000000008c400000, 0x000000008c500000|  0%| F|  |TAMS 0x000000008c400000| PB 0x000000008c400000| Untracked |  0
| 109|0x000000008c500000, 0x000000008c500000, 0x000000008c600000|  0%| F|  |TAMS 0x000000008c500000| PB 0x000000008c500000| Untracked |  0
| 110|0x000000008c600000, 0x000000008c600000, 0x000000008c700000|  0%| F|  |TAMS 0x000000008c600000| PB 0x000000008c600000| Untracked |  0
| 111|0x000000008c700000, 0x000000008c700000, 0x000000008c800000|  0%| F|  |TAMS 0x000000008c700000| PB 0x000000008c700000| Untracked |  0
| 112|0x000000008c800000, 0x000000008c800000, 0x000000008c900000|  0%| F|  |TAMS 0x000000008c800000| PB 0x000000008c800000| Untracked |  0
| 113|0x000000008c900000, 0x000000008c900000, 0x000000008ca00000|  0%| F|  |TAMS 0x000000008c900000| PB 0x000000008c900000| Untracked |  0
| 114|0x000000008ca00000, 0x000000008ca00000, 0x000000008cb00000|  0%| F|  |TAMS 0x000000008ca00000| PB 0x000000008ca00000| Untracked |  0
| 115|0x000000008cb00000, 0x000000008cb00000, 0x000000008cc00000|  0%| F|  |TAMS 0x000000008cb00000| PB 0x000000008cb00000| Untracked |  0
| 116|0x000000008cc00000, 0x000000008cc00000, 0x000000008cd00000|  0%| F|  |TAMS 0x000000008cc00000| PB 0x000000008cc00000| Untracked |  0
| 117|0x000000008cd00000, 0x000000008cd00000, 0x000000008ce00000|  0%| F|  |TAMS 0x000000008cd00000| PB 0x000000008cd00000| Untracked |  0
| 118|0x000000008ce00000, 0x000000008ce00000, 0x000000008cf00000|  0%| F|  |TAMS 0x000000008ce00000| PB 0x000000008ce00000| Untracked |  0
| 119|0x000000008cf00000, 0x000000008cf00000, 0x000000008d000000|  0%| F|  |TAMS 0x000000008cf00000| PB 0x000000008cf00000| Untracked |  0
| 120|0x000000008d000000, 0x000000008d000000, 0x000000008d100000|  0%| F|  |TAMS 0x000000008d000000| PB 0x000000008d000000| Untracked |  0
| 121|0x000000008d100000, 0x000000008d100000, 0x000000008d200000|  0%| F|  |TAMS 0x000000008d100000| PB 0x000000008d100000| Untracked |  0
| 122|0x000000008d200000, 0x000000008d200000, 0x000000008d300000|  0%| F|  |TAMS 0x000000008d200000| PB 0x000000008d200000| Untracked |  0
| 123|0x000000008d300000, 0x000000008d300000, 0x000000008d400000|  0%| F|  |TAMS 0x000000008d300000| PB 0x000000008d300000| Untracked |  0
| 124|0x000000008d400000, 0x000000008d400000, 0x000000008d500000|  0%| F|  |TAMS 0x000000008d400000| PB 0x000000008d400000| Untracked |  0
| 125|0x000000008d500000, 0x000000008d500000, 0x000000008d600000|  0%| F|  |TAMS 0x000000008d500000| PB 0x000000008d500000| Untracked |  0
| 126|0x000000008d600000, 0x000000008d600000, 0x000000008d700000|  0%| F|  |TAMS 0x000000008d600000| PB 0x000000008d600000| Untracked |  0
| 127|0x000000008d700000, 0x000000008d700000, 0x000000008d800000|  0%| F|  |TAMS 0x000000008d700000| PB 0x000000008d700000| Untracked |  0
| 128|0x000000008d800000, 0x000000008d800000, 0x000000008d900000|  0%| F|  |TAMS 0x000000008d800000| PB 0x000000008d800000| Untracked |  0
| 129|0x000000008d900000, 0x000000008d900000, 0x000000008da00000|  0%| F|  |TAMS 0x000000008d900000| PB 0x000000008d900000| Untracked |  0
| 130|0x000000008da00000, 0x000000008da00000, 0x000000008db00000|  0%| F|  |TAMS 0x000000008da00000| PB 0x000000008da00000| Untracked |  0
| 131|0x000000008db00000, 0x000000008db00000, 0x000000008dc00000|  0%| F|  |TAMS 0x000000008db00000| PB 0x000000008db00000| Untracked |  0
| 132|0x000000008dc00000, 0x000000008dc00000, 0x000000008dd00000|  0%| F|  |TAMS 0x000000008dc00000| PB 0x000000008dc00000| Untracked |  0
| 133|0x000000008dd00000, 0x000000008dd00000, 0x000000008de00000|  0%| F|  |TAMS 0x000000008dd00000| PB 0x000000008dd00000| Untracked |  0
| 134|0x000000008de00000, 0x000000008de00000, 0x000000008df00000|  0%| F|  |TAMS 0x000000008de00000| PB 0x000000008de00000| Untracked |  0
| 135|0x000000008df00000, 0x000000008df00000, 0x000000008e000000|  0%| F|  |TAMS 0x000000008df00000| PB 0x000000008df00000| Untracked |  0
| 136|0x000000008e000000, 0x000000008e000000, 0x000000008e100000|  0%| F|  |TAMS 0x000000008e000000| PB 0x000000008e000000| Untracked |  0
| 137|0x000000008e100000, 0x000000008e100000, 0x000000008e200000|  0%| F|  |TAMS 0x000000008e100000| PB 0x000000008e100000| Untracked |  0
| 138|0x000000008e200000, 0x000000008e200000, 0x000000008e300000|  0%| F|  |TAMS 0x000000008e200000| PB 0x000000008e200000| Untracked |  0
| 139|0x000000008e300000, 0x000000008e300000, 0x000000008e400000|  0%| F|  |TAMS 0x000000008e300000| PB 0x000000008e300000| Untracked |  0
| 140|0x000000008e400000, 0x000000008e400000, 0x000000008e500000|  0%| F|  |TAMS 0x000000008e400000| PB 0x000000008e400000| Untracked |  0
| 141|0x000000008e500000, 0x000000008e500000, 0x000000008e600000|  0%| F|  |TAMS 0x000000008e500000| PB 0x000000008e500000| Untracked |  0
| 142|0x000000008e600000, 0x000000008e600000, 0x000000008e700000|  0%| F|  |TAMS 0x000000008e600000| PB 0x000000008e600000| Untracked |  0
| 143|0x000000008e700000, 0x000000008e700000, 0x000000008e800000|  0%| F|  |TAMS 0x000000008e700000| PB 0x000000008e700000| Untracked |  0
| 144|0x000000008e800000, 0x000000008e800000, 0x000000008e900000|  0%| F|  |TAMS 0x000000008e800000| PB 0x000000008e800000| Untracked |  0
| 145|0x000000008e900000, 0x000000008e900000, 0x000000008ea00000|  0%| F|  |TAMS 0x000000008e900000| PB 0x000000008e900000| Untracked |  0
| 146|0x000000008ea00000, 0x000000008ea00000, 0x000000008eb00000|  0%| F|  |TAMS 0x000000008ea00000| PB 0x000000008ea00000| Untracked |  0
| 147|0x000000008eb00000, 0x000000008eb00000, 0x000000008ec00000|  0%| F|  |TAMS 0x000000008eb00000| PB 0x000000008eb00000| Untracked |  0
| 148|0x000000008ec00000, 0x000000008ec00000, 0x000000008ed00000|  0%| F|  |TAMS 0x000000008ec00000| PB 0x000000008ec00000| Untracked |  0
| 149|0x000000008ed00000, 0x000000008ed00000, 0x000000008ee00000|  0%| F|  |TAMS 0x000000008ed00000| PB 0x000000008ed00000| Untracked |  0
| 150|0x000000008ee00000, 0x000000008ee00000, 0x000000008ef00000|  0%| F|  |TAMS 0x000000008ee00000| PB 0x000000008ee00000| Untracked |  0
| 151|0x000000008ef00000, 0x000000008ef00000, 0x000000008f000000|  0%| F|  |TAMS 0x000000008ef00000| PB 0x000000008ef00000| Untracked |  0
| 152|0x000000008f000000, 0x000000008f000000, 0x000000008f100000|  0%| F|  |TAMS 0x000000008f000000| PB 0x000000008f000000| Untracked |  0
| 153|0x000000008f100000, 0x000000008f100000, 0x000000008f200000|  0%| F|  |TAMS 0x000000008f100000| PB 0x000000008f100000| Untracked |  0
| 154|0x000000008f200000, 0x000000008f200000, 0x000000008f300000|  0%| F|  |TAMS 0x000000008f200000| PB 0x000000008f200000| Untracked |  0
| 155|0x000000008f300000, 0x000000008f300000, 0x000000008f400000|  0%| F|  |TAMS 0x000000008f300000| PB 0x000000008f300000| Untracked |  0
| 156|0x000000008f400000, 0x000000008f400000, 0x000000008f500000|  0%| F|  |TAMS 0x000000008f400000| PB 0x000000008f400000| Untracked |  0
| 157|0x000000008f500000, 0x000000008f500000, 0x000000008f600000|  0%| F|  |TAMS 0x000000008f500000| PB 0x000000008f500000| Untracked |  0
| 158|0x000000008f600000, 0x000000008f600000, 0x000000008f700000|  0%| F|  |TAMS 0x000000008f600000| PB 0x000000008f600000| Untracked |  0
| 159|0x000000008f700000, 0x000000008f700000, 0x000000008f800000|  0%| F|  |TAMS 0x000000008f700000| PB 0x000000008f700000| Untracked |  0
| 160|0x000000008f800000, 0x000000008f800000, 0x000000008f900000|  0%| F|  |TAMS 0x000000008f800000| PB 0x000000008f800000| Untracked |  0
| 161|0x000000008f900000, 0x000000008f9a0660, 0x000000008fa00000| 62%| E|  |TAMS 0x000000008f900000| PB 0x000000008f900000| Complete |  0
| 162|0x000000008fa00000, 0x000000008fb00000, 0x000000008fb00000|100%| E|CS|TAMS 0x000000008fa00000| PB 0x000000008fa00000| Complete |  0
| 163|0x000000008fb00000, 0x000000008fc00000, 0x000000008fc00000|100%| E|CS|TAMS 0x000000008fb00000| PB 0x000000008fb00000| Complete |  0
| 164|0x000000008fc00000, 0x000000008fd00000, 0x000000008fd00000|100%| E|CS|TAMS 0x000000008fc00000| PB 0x000000008fc00000| Complete |  0
| 165|0x000000008fd00000, 0x000000008fe00000, 0x000000008fe00000|100%| E|CS|TAMS 0x000000008fd00000| PB 0x000000008fd00000| Complete |  0
| 166|0x000000008fe00000, 0x000000008ff00000, 0x000000008ff00000|100%| E|CS|TAMS 0x000000008fe00000| PB 0x000000008fe00000| Complete |  0
| 167|0x000000008ff00000, 0x0000000090000000, 0x0000000090000000|100%| E|CS|TAMS 0x000000008ff00000| PB 0x000000008ff00000| Complete |  0
| 168|0x0000000090000000, 0x0000000090100000, 0x0000000090100000|100%| E|CS|TAMS 0x0000000090000000| PB 0x0000000090000000| Complete |  0
|1953|0x00000000ff900000, 0x00000000ffa00000, 0x00000000ffa00000|100%| E|CS|TAMS 0x00000000ff900000| PB 0x00000000ff900000| Complete |  0
|1954|0x00000000ffa00000, 0x00000000ffb00000, 0x00000000ffb00000|100%| E|CS|TAMS 0x00000000ffa00000| PB 0x00000000ffa00000| Complete |  0
|1955|0x00000000ffb00000, 0x00000000ffc00000, 0x00000000ffc00000|100%| E|CS|TAMS 0x00000000ffb00000| PB 0x00000000ffb00000| Complete |  0
|1956|0x00000000ffc00000, 0x00000000ffd00000, 0x00000000ffd00000|100%| E|  |TAMS 0x00000000ffc00000| PB 0x00000000ffc00000| Complete |  0
|1957|0x00000000ffd00000, 0x00000000ffe00000, 0x00000000ffe00000|100%| E|CS|TAMS 0x00000000ffd00000| PB 0x00000000ffd00000| Complete |  0
|1958|0x00000000ffe00000, 0x00000000fff00000, 0x00000000fff00000|100%| O|  |TAMS 0x00000000ffe00000| PB 0x00000000ffe00000| Untracked |  0
|1959|0x00000000fff00000, 0x0000000100000000, 0x0000000100000000|100%| E|CS|TAMS 0x00000000fff00000| PB 0x00000000fff00000| Complete |  0

Card table byte_map: [0x0000022561bc0000,0x0000022561fa0000] _byte_map_base: 0x0000022561794000

Marking Bits: (CMBitMap*) 0x0000022555c9a480
 Bits: [0x0000022561fa0000, 0x0000022563e40000)

Polling page: 0x0000022553a90000

Metaspace:
Metaspace        used 69226K, committed 69824K, reserved 1114112K
 class space     used 8162K, committed 8448K, reserved 1048576K

Usage:
  Non-class:     59.63 MB used.
      Class:      7.97 MB used.
       Both:     67.60 MB used.

Virtual space:
  Non-class space:       64.00 MB reserved,      59.94 MB ( 94%) committed,  1 nodes.
      Class space:        1.00 GB reserved,       8.25 MB ( <1%) committed,  1 nodes.
             Both:        1.06 GB reserved,      68.19 MB (  6%) committed. 

Chunk freelists:
   Non-Class:  4.07 MB
       Class:  7.75 MB
        Both:  11.81 MB

MaxMetaspaceSize: unlimited
CompressedClassSpaceSize: 1.00 GB
Initial GC threshold: 21.00 MB
Current GC threshold: 98.12 MB
CDS: on
 - commit_granule_bytes: 65536.
 - commit_granule_words: 8192.
 - virtual_space_node_default_size: 8388608.
 - enlarge_chunks_in_place: 1.
UseCompressedClassPointers 1, UseCompactObjectHeaders 0
Narrow klass pointer bits 32, Max shift 3
Narrow klass base: 0x000000001c000000, Narrow klass shift: 0
Encoding Range: [0x000000001c000000 - 0x000000011c000000), (4294967296 bytes)
Klass Range:    [0x000000001c010000 - 0x000000005d000000), (1090453504 bytes)
Klass ID Range:  [65536 - 1090519033) (1090453497)
Protection zone: [0x000000001c000000 - 0x000000001c010000), (65536 bytes)


Internal statistics:

num_allocs_failed_limit: 9.
num_arena_births: 710.
num_arena_deaths: 0.
num_vsnodes_births: 2.
num_vsnodes_deaths: 0.
num_space_committed: 1091.
num_space_uncommitted: 0.
num_chunks_returned_to_freelist: 9.
num_chunks_taken_from_freelist: 3217.
num_chunk_merges: 9.
num_chunk_splits: 2437.
num_chunks_enlarged: 2059.
num_inconsistent_stats: 0.

CodeCache: size=49152Kb used=10966Kb max_used=10966Kb free=38185Kb
 bounds [0x000002255e4b0000, 0x000002255efa0000, 0x00000225614b0000]
 total_blobs=7972, nmethods=7249, adapters=644, full_count=0
Compilation: enabled, stopped_count=0, restarted_count=0

Compilation events (20 events):
Event: 20.350 Thread 0x0000022555c4ddd0 7238       1       com.mysql.cj.protocol.a.NumberValueEncoder::<init> (5 bytes)
Event: 20.350 Thread 0x0000022555c4ddd0 nmethod 7238 0x000002255e731288 code [0x000002255e731380, 0x000002255e731468]
Event: 20.350 Thread 0x0000022555c4cdb0 7239       1       com.mysql.cj.protocol.a.NumberValueEncoder::getString (333 bytes)
Event: 20.351 Thread 0x0000022555c4cdb0 nmethod 7239 0x000002255e730608 code [0x000002255e730700, 0x000002255e7311f0]
Event: 20.352 Thread 0x0000022555c50e30 7240       1       org.hibernate.engine.internal.AbstractEntityEntry::getPersistenceContext (5 bytes)
Event: 20.352 Thread 0x0000022555c4cdb0 7241       1       org.hibernate.engine.internal.AbstractEntityEntry::setMaybeLazySet (6 bytes)
Event: 20.352 Thread 0x0000022555c50e30 nmethod 7240 0x000002255e730308 code [0x000002255e730400, 0x000002255e7304c8]
Event: 20.352 Thread 0x0000022555c50e30 7242       1       org.hibernate.internal.util.collections.EmptyReadOnlyMap::get (2 bytes)
Event: 20.352 Thread 0x0000022555c4cdb0 nmethod 7241 0x000002255e730008 code [0x000002255e730100, 0x000002255e730210]
Event: 20.352 Thread 0x0000022555c50e30 nmethod 7242 0x000002255e72fd08 code [0x000002255e72fe00, 0x000002255e72fed0]
Event: 20.353 Thread 0x0000022555c4ddd0 7243       1       com.mysql.cj.QueryInfo::<init> (1667 bytes)
Event: 20.354 Thread 0x0000022555c50e30 7244       1       sun.util.calendar.BaseCalendar$Date::<init> (32 bytes)
Event: 20.354 Thread 0x0000022555c4cdb0 7245       1       sun.util.calendar.CalendarDate::<init> (16 bytes)
Event: 20.354 Thread 0x0000022555c4cdb0 nmethod 7245 0x000002255e72fa08 code [0x000002255e72fb00, 0x000002255e72fc18]
Event: 20.354 Thread 0x0000022555c50e30 nmethod 7244 0x000002255e72f708 code [0x000002255e72f800, 0x000002255e72f930]
Event: 20.356 Thread 0x0000022555c50e30 7246       1       org.hibernate.persister.entity.AbstractEntityPersister::hasUninitializedLazyProperties (14 bytes)
Event: 20.356 Thread 0x0000022555c4c5a0 7247       1       org.hibernate.bytecode.internal.BytecodeEnhancementMetadataPojoImpl::hasUnFetchedAttributes (40 bytes)
Event: 20.357 Thread 0x0000022555c4cdb0 7249       1       org.hibernate.resource.transaction.backend.jdbc.internal.JdbcResourceLocalTransactionCoordinatorImpl$TransactionDriverControlImpl::getStatus (23 bytes)
Event: 22.356 Thread 0x0000022555c50e30 nmethod 7246 0x000002255e72f408 code [0x000002255e72f500, 0x000002255e72f638]
Event: 22.356 Thread 0x0000022555c50e30 7248       1       org.hibernate.persister.entity.mutation.UpdateCoordinatorStandard$IncludedAttributeAnalysis::markDirty (32 bytes)

GC Heap Usage History (20 events):
Event: 3.493 {heap Before GC invocations=9 (full 0):
 garbage-first heap   total reserved 2007040K, committed 66560K, used 55603K [0x0000000085800000, 0x0000000100000000)
  region size 1024K, 32 young (32768K), 2 survivors (2048K)
}
Event: 3.497 {heap After GC invocations=10 (full 0):
 garbage-first heap   total reserved 2007040K, committed 66560K, used 25622K [0x0000000085800000, 0x0000000100000000)
  region size 1024K, 4 young (4096K), 4 survivors (4096K)
}
Event: 4.007 {heap Before GC invocations=10 (full 0):
 garbage-first heap   total reserved 2007040K, committed 66560K, used 56342K [0x0000000085800000, 0x0000000100000000)
  region size 1024K, 34 young (34816K), 4 survivors (4096K)
}
Event: 4.013 {heap After GC invocations=11 (full 0):
 garbage-first heap   total reserved 2007040K, committed 66560K, used 28471K [0x0000000085800000, 0x0000000100000000)
  region size 1024K, 5 young (5120K), 5 survivors (5120K)
}
Event: 4.075 {heap Before GC invocations=11 (full 0):
 garbage-first heap   total reserved 2007040K, committed 66560K, used 57143K [0x0000000085800000, 0x0000000100000000)
  region size 1024K, 33 young (33792K), 5 survivors (5120K)
}
Event: 4.080 {heap After GC invocations=12 (full 0):
 garbage-first heap   total reserved 2007040K, committed 66560K, used 29463K [0x0000000085800000, 0x0000000100000000)
  region size 1024K, 2 young (2048K), 2 survivors (2048K)
}
Event: 4.214 {heap Before GC invocations=12 (full 0):
 garbage-first heap   total reserved 2007040K, committed 66560K, used 57111K [0x0000000085800000, 0x0000000100000000)
  region size 1024K, 30 young (30720K), 2 survivors (2048K)
}
Event: 4.217 {heap After GC invocations=13 (full 0):
 garbage-first heap   total reserved 2007040K, committed 66560K, used 30352K [0x0000000085800000, 0x0000000100000000)
  region size 1024K, 3 young (3072K), 3 survivors (3072K)
}
Event: 4.252 {heap Before GC invocations=13 (full 0):
 garbage-first heap   total reserved 2007040K, committed 66560K, used 58000K [0x0000000085800000, 0x0000000100000000)
  region size 1024K, 30 young (30720K), 3 survivors (3072K)
}
Event: 4.259 {heap After GC invocations=14 (full 0):
 garbage-first heap   total reserved 2007040K, committed 90112K, used 40609K [0x0000000085800000, 0x0000000100000000)
  region size 1024K, 4 young (4096K), 4 survivors (4096K)
}
Event: 4.292 {heap Before GC invocations=14 (full 0):
 garbage-first heap   total reserved 2007040K, committed 90112K, used 72353K [0x0000000085800000, 0x0000000100000000)
  region size 1024K, 35 young (35840K), 4 survivors (4096K)
}
Event: 4.298 {heap After GC invocations=15 (full 0):
 garbage-first heap   total reserved 2007040K, committed 90112K, used 47562K [0x0000000085800000, 0x0000000100000000)
  region size 1024K, 5 young (5120K), 5 survivors (5120K)
}
Event: 4.333 {heap Before GC invocations=15 (full 0):
 garbage-first heap   total reserved 2007040K, committed 90112K, used 73162K [0x0000000085800000, 0x0000000100000000)
  region size 1024K, 30 young (30720K), 5 survivors (5120K)
}
Event: 4.338 {heap After GC invocations=16 (full 0):
 garbage-first heap   total reserved 2007040K, committed 90112K, used 49633K [0x0000000085800000, 0x0000000100000000)
  region size 1024K, 2 young (2048K), 2 survivors (2048K)
}
Event: 4.477 {heap Before GC invocations=17 (full 0):
 garbage-first heap   total reserved 2007040K, committed 90112K, used 70113K [0x0000000085800000, 0x0000000100000000)
  region size 1024K, 28 young (28672K), 2 survivors (2048K)
}
Event: 4.479 {heap After GC invocations=18 (full 0):
 garbage-first heap   total reserved 2007040K, committed 90112K, used 42517K [0x0000000085800000, 0x0000000100000000)
  region size 1024K, 1 young (1024K), 1 survivors (1024K)
}
Event: 4.795 {heap Before GC invocations=18 (full 0):
 garbage-first heap   total reserved 2007040K, committed 90112K, used 76309K [0x0000000085800000, 0x0000000100000000)
  region size 1024K, 34 young (34816K), 1 survivors (1024K)
}
Event: 4.799 {heap After GC invocations=19 (full 0):
 garbage-first heap   total reserved 2007040K, committed 90112K, used 42480K [0x0000000085800000, 0x0000000100000000)
  region size 1024K, 3 young (3072K), 3 survivors (3072K)
}
Event: 5.307 {heap Before GC invocations=19 (full 0):
 garbage-first heap   total reserved 2007040K, committed 90112K, used 77296K [0x0000000085800000, 0x0000000100000000)
  region size 1024K, 37 young (37888K), 3 survivors (3072K)
}
Event: 5.313 {heap After GC invocations=20 (full 0):
 garbage-first heap   total reserved 2007040K, committed 180224K, used 45015K [0x0000000085800000, 0x0000000100000000)
  region size 1024K, 5 young (5120K), 5 survivors (5120K)
}

Metaspace Usage History (20 events):
Event: 3.493 {metaspace Before GC invocations=9 (full 0):
 Metaspace       used 52187K, committed 52672K, reserved 1114112K
  class space    used 5717K, committed 5952K, reserved 1048576K
}
Event: 3.497 {metaspace After GC invocations=10 (full 0):
 Metaspace       used 52187K, committed 52672K, reserved 1114112K
  class space    used 5717K, committed 5952K, reserved 1048576K
}
Event: 4.007 {metaspace Before GC invocations=10 (full 0):
 Metaspace       used 58000K, committed 58496K, reserved 1114112K
  class space    used 6534K, committed 6720K, reserved 1048576K
}
Event: 4.013 {metaspace After GC invocations=11 (full 0):
 Metaspace       used 58000K, committed 58496K, reserved 1114112K
  class space    used 6534K, committed 6720K, reserved 1048576K
}
Event: 4.075 {metaspace Before GC invocations=11 (full 0):
 Metaspace       used 58013K, committed 58496K, reserved 1114112K
  class space    used 6534K, committed 6720K, reserved 1048576K
}
Event: 4.080 {metaspace After GC invocations=12 (full 0):
 Metaspace       used 58013K, committed 58496K, reserved 1114112K
  class space    used 6534K, committed 6720K, reserved 1048576K
}
Event: 4.214 {metaspace Before GC invocations=12 (full 0):
 Metaspace       used 59775K, committed 60224K, reserved 1114112K
  class space    used 6913K, committed 7104K, reserved 1048576K
}
Event: 4.217 {metaspace After GC invocations=13 (full 0):
 Metaspace       used 59775K, committed 60224K, reserved 1114112K
  class space    used 6913K, committed 7104K, reserved 1048576K
}
Event: 4.252 {metaspace Before GC invocations=13 (full 0):
 Metaspace       used 59775K, committed 60224K, reserved 1114112K
  class space    used 6913K, committed 7104K, reserved 1048576K
}
Event: 4.259 {metaspace After GC invocations=14 (full 0):
 Metaspace       used 59775K, committed 60224K, reserved 1114112K
  class space    used 6913K, committed 7104K, reserved 1048576K
}
Event: 4.292 {metaspace Before GC invocations=14 (full 0):
 Metaspace       used 59784K, committed 60288K, reserved 1114112K
  class space    used 6913K, committed 7104K, reserved 1048576K
}
Event: 4.298 {metaspace After GC invocations=15 (full 0):
 Metaspace       used 59784K, committed 60288K, reserved 1114112K
  class space    used 6913K, committed 7104K, reserved 1048576K
}
Event: 4.333 {metaspace Before GC invocations=15 (full 0):
 Metaspace       used 59787K, committed 60288K, reserved 1114112K
  class space    used 6913K, committed 7104K, reserved 1048576K
}
Event: 4.338 {metaspace After GC invocations=16 (full 0):
 Metaspace       used 59787K, committed 60288K, reserved 1114112K
  class space    used 6913K, committed 7104K, reserved 1048576K
}
Event: 4.477 {metaspace Before GC invocations=17 (full 0):
 Metaspace       used 61187K, committed 61632K, reserved 1114112K
  class space    used 7112K, committed 7296K, reserved 1048576K
}
Event: 4.479 {metaspace After GC invocations=18 (full 0):
 Metaspace       used 61187K, committed 61632K, reserved 1114112K
  class space    used 7112K, committed 7296K, reserved 1048576K
}
Event: 4.795 {metaspace Before GC invocations=18 (full 0):
 Metaspace       used 63238K, committed 63744K, reserved 1114112K
  class space    used 7405K, committed 7616K, reserved 1048576K
}
Event: 4.799 {metaspace After GC invocations=19 (full 0):
 Metaspace       used 63238K, committed 63744K, reserved 1114112K
  class space    used 7405K, committed 7616K, reserved 1048576K
}
Event: 5.307 {metaspace Before GC invocations=19 (full 0):
 Metaspace       used 67001K, committed 67520K, reserved 1114112K
  class space    used 7897K, committed 8128K, reserved 1048576K
}
Event: 5.313 {metaspace After GC invocations=20 (full 0):
 Metaspace       used 67001K, committed 67520K, reserved 1114112K
  class space    used 7897K, committed 8128K, reserved 1048576K
}

Dll operation events (10 events):
Event: 0.009 Loaded shared library C:\Program Files\Java\jdk-25\bin\java.dll
Event: 0.066 Loaded shared library C:\Program Files\Java\jdk-25\bin\net.dll
Event: 0.068 Loaded shared library C:\Program Files\Java\jdk-25\bin\nio.dll
Event: 0.072 Loaded shared library C:\Program Files\Java\jdk-25\bin\zip.dll
Event: 0.148 Loaded shared library C:\Program Files\Java\jdk-25\bin\jimage.dll
Event: 0.871 Loaded shared library C:\Program Files\Java\jdk-25\bin\sunmscapi.dll
Event: 1.772 Loaded shared library C:\Program Files\Java\jdk-25\bin\management.dll
Event: 1.774 Loaded shared library C:\Program Files\Java\jdk-25\bin\management_ext.dll
Event: 2.000 Loaded shared library C:\Program Files\Java\jdk-25\bin\extnet.dll
Event: 2.498 Loaded shared library C:\Program Files\Java\jdk-25\bin\verify.dll

Deoptimization events (8 events):
Event: 1.418 Thread 0x000002255377a1a0 DEOPT PACKING pc=0x000002255e899f2c sp=0x000000bdfe2fc940
Event: 1.418 Thread 0x000002255377a1a0 DEOPT UNPACKING pc=0x000002255e501702 sp=0x000000bdfe2fbe38 mode 0
Event: 1.543 Thread 0x000002255377a1a0 DEOPT PACKING pc=0x000002255eaf985c sp=0x000000bdfe2fc1b0
Event: 1.543 Thread 0x000002255377a1a0 DEOPT UNPACKING pc=0x000002255e501702 sp=0x000000bdfe2fb670 mode 0
Event: 1.875 Thread 0x000002256c2c5d50 DEOPT PACKING pc=0x000002255e998951 sp=0x000000bd801ff1d0
Event: 1.875 Thread 0x000002256c2c5d50 DEOPT UNPACKING pc=0x000002255e501702 sp=0x000000bd801fe628 mode 3
Event: 1.875 Thread 0x000002255377a1a0 DEOPT PACKING pc=0x000002255e99c9d6 sp=0x000000bdfe2feb00
Event: 1.875 Thread 0x000002255377a1a0 DEOPT UNPACKING pc=0x000002255e501702 sp=0x000000bdfe2fdf90 mode 3

Classes loaded (20 events):
Event: 5.272 Loading class java/nio/BufferMismatch
Event: 5.272 Loading class java/nio/BufferMismatch done
Event: 5.272 Loading class sun/nio/ch/SourceChannelImpl
Event: 5.273 Loading class java/nio/channels/Pipe$SourceChannel
Event: 5.273 Loading class java/nio/channels/Pipe$SourceChannel done
Event: 5.273 Loading class sun/nio/ch/SourceChannelImpl done
Event: 5.273 Loading class sun/nio/ch/SinkChannelImpl
Event: 5.273 Loading class java/nio/channels/Pipe$SinkChannel
Event: 5.273 Loading class java/nio/channels/Pipe$SinkChannel done
Event: 5.273 Loading class sun/nio/ch/SinkChannelImpl done
Event: 5.278 Loading class java/util/TreeMap$ValueSpliterator
Event: 5.278 Loading class java/util/TreeMap$TreeMapSpliterator
Event: 5.278 Loading class java/util/TreeMap$TreeMapSpliterator done
Event: 5.278 Loading class java/util/TreeMap$ValueSpliterator done
Event: 5.293 Loading class java/util/IdentityHashMap$KeySpliterator
Event: 5.294 Loading class java/util/IdentityHashMap$IdentityHashMapSpliterator
Event: 5.294 Loading class java/util/IdentityHashMap$IdentityHashMapSpliterator done
Event: 5.294 Loading class java/util/IdentityHashMap$KeySpliterator done
Event: 5.344 Loading class java/util/AbstractMap$SimpleEntry
Event: 5.345 Loading class java/util/AbstractMap$SimpleEntry done

Classes unloaded (0 events):
No events

Classes redefined (0 events):
No events

Internal exceptions (20 events):
Event: 3.818 Thread 0x000002255377a1a0 Exception <a 'java/lang/IncompatibleClassChangeError'{0x000000008838f1c0}: Found class java.lang.Object, but interface was expected> (0x000000008838f1c0) 
thrown [s\open\src\hotspot\share\interpreter\linkResolver.cpp, line 871]
Event: 4.540 Thread 0x000002255377a1a0 Exception <a 'java/lang/IncompatibleClassChangeError'{0x0000000089d93b70}: Found class java.lang.Object, but interface was expected> (0x0000000089d93b70) 
thrown [s\open\src\hotspot\share\interpreter\linkResolver.cpp, line 871]
Event: 4.551 Thread 0x000002255377a1a0 Exception <a 'java/lang/NoSuchMethodError'{0x0000000089c227b8}: 'java.lang.Object java.lang.invoke.DirectMethodHandle$Holder.invokeStatic(java.lang.Object, int, java.lang.Object)'> (0x0000000089c227b8) 
thrown [s\open\src\hotspot\share\interpreter\linkResolver.cpp, line 804]
Event: 4.626 Thread 0x000002255377a1a0 Exception <a 'sun/nio/fs/WindowsException'{0x00000000896a0808}> (0x00000000896a0808) 
thrown [s\open\src\hotspot\share\prims\jni.cpp, line 516]
Event: 4.694 Thread 0x000002255377a1a0 Exception <a 'java/lang/NoSuchMethodError'{0x00000000891ab1f8}: 'int java.lang.invoke.DirectMethodHandle$Holder.invokeStaticInit(java.lang.Object, int, java.lang.Object, java.lang.Object, java.lang.Object, java.lang.Object)'> (0x00000000891ab1f8) 
thrown [s\open\src\hotspot\share\interpreter\linkResolver.cpp, line 804]
Event: 4.739 Thread 0x000002255377a1a0 Exception <a 'java/lang/NoSuchMethodError'{0x0000000088fee728}: 'java.lang.Object java.lang.invoke.DirectMethodHandle$Holder.newInvokeSpecial(java.lang.Object, java.lang.Object, java.lang.Object, java.lang.Object, java.lang.Object, java.lang.Object, java.lang.Object, java.lang.Object)'> (0x0000000088fee728) 
thrown [s\open\src\hotspot\share\interpreter\linkResolver.cpp, line 804]
Event: 4.857 Thread 0x000002255377a1a0 Exception <a 'java/io/IOException'{0x00000000ffcc08e0}> (0x00000000ffcc08e0) 
thrown [s\open\src\hotspot\share\prims\jni.cpp, line 516]
Event: 4.977 Thread 0x000002255377a1a0 Exception <a 'java/lang/IncompatibleClassChangeError'{0x000000008a39e980}: Found class java.lang.Object, but interface was expected> (0x000000008a39e980) 
thrown [s\open\src\hotspot\share\interpreter\linkResolver.cpp, line 871]
Event: 5.114 Thread 0x000002255377a1a0 Exception <a 'java/lang/NoSuchMethodError'{0x0000000089a1b3f0}: 'void java.lang.invoke.DirectMethodHandle$Holder.invokeVirtual(java.lang.Object, java.lang.Object, long)'> (0x0000000089a1b3f0) 
thrown [s\open\src\hotspot\share\interpreter\linkResolver.cpp, line 804]
Event: 5.155 Thread 0x000002255377a1a0 Exception <a 'java/lang/NoSuchMethodError'{0x0000000089868c58}: 'int java.lang.invoke.DirectMethodHandle$Holder.invokeStaticInit(java.lang.Object, java.lang.Object, java.lang.Object, java.lang.Object)'> (0x0000000089868c58) 
thrown [s\open\src\hotspot\share\interpreter\linkResolver.cpp, line 804]
Event: 5.187 Thread 0x000002255377a1a0 Exception <a 'java/lang/IncompatibleClassChangeError'{0x000000008966f6b8}: Found class java.lang.Object, but interface was expected> (0x000000008966f6b8) 
thrown [s\open\src\hotspot\share\interpreter\linkResolver.cpp, line 871]
Event: 5.248 Thread 0x000002255377a1a0 Exception <a 'java/lang/NoSuchMethodError'{0x000000008917f6e8}: 'java.lang.Object java.lang.invoke.DirectMethodHandle$Holder.newInvokeSpecial(java.lang.Object, java.lang.Object, int, java.lang.Object, java.lang.Object)'> (0x000000008917f6e8) 
thrown [s\open\src\hotspot\share\interpreter\linkResolver.cpp, line 804]
Event: 5.316 Thread 0x000002255377a1a0 Exception <a 'java/lang/NoSuchMethodError'{0x00000000fff4c508}: 'long java.lang.invoke.DelegatingMethodHandle$Holder.reinvoke_L(java.lang.Object, java.lang.Object)'> (0x00000000fff4c508) 
thrown [s\open\src\hotspot\share\interpreter\linkResolver.cpp, line 804]
Event: 5.317 Thread 0x000002255377a1a0 Exception <a 'java/lang/NoSuchMethodError'{0x00000000fff659a8}: 'java.lang.Object java.lang.invoke.DirectMethodHandle$Holder.invokeInterface(java.lang.Object, java.lang.Object, java.lang.Object, java.lang.Object)'> (0x00000000fff659a8) 
thrown [s\open\src\hotspot\share\interpreter\linkResolver.cpp, line 804]
Event: 5.330 Thread 0x000002256b6092c0 Exception <a 'java/lang/IncompatibleClassChangeError'{0x00000000ffc4d818}: Found class java.lang.Object, but interface was expected> (0x00000000ffc4d818) 
thrown [s\open\src\hotspot\share\interpreter\linkResolver.cpp, line 871]
Event: 5.391 Thread 0x000002256b6092c0 Exception <a 'java/lang/IncompatibleClassChangeError'{0x0000000090046120}: Found class java.lang.Object, but interface was expected> (0x0000000090046120) 
thrown [s\open\src\hotspot\share\interpreter\linkResolver.cpp, line 871]
Event: 5.396 Thread 0x000002256b6092c0 Exception <a 'java/lang/NoSuchMethodError'{0x00000000900f1228}: 'void java.lang.invoke.DirectMethodHandle$Holder.invokeSpecialIFC(java.lang.Object, java.lang.Object, int, java.lang.Object, java.lang.Object, java.lang.Object, java.lang.Object)'> (0x00000000900f1228) 
thrown [s\open\src\hotspot\share\interpreter\linkResolver.cpp, line 804]
Event: 5.437 Thread 0x000002256b6092c0 Exception <a 'java/lang/IncompatibleClassChangeError'{0x000000008fe1ce08}: Found class java.lang.Object, but interface was expected> (0x000000008fe1ce08) 
thrown [s\open\src\hotspot\share\interpreter\linkResolver.cpp, line 871]
Event: 5.464 Thread 0x000002256b6092c0 Exception <a 'java/lang/NoSuchMethodError'{0x000000008fd06310}: 'java.lang.Object java.lang.invoke.Invokers$Holder.linkToTargetMethod(java.lang.Object, int, java.lang.Object, java.lang.Object, java.lang.Object, java.lang.Object)'> (0x000000008fd06310) 
thrown [s\open\src\hotspot\share\interpreter\linkResolver.cpp, line 804]
Event: 5.465 Thread 0x000002256b6092c0 Exception <a 'java/lang/NoSuchMethodError'{0x000000008fd1fdb0}: 'int java.lang.invoke.DirectMethodHandle$Holder.invokeStatic(java.lang.Object, java.lang.Object, int, java.lang.Object)'> (0x000000008fd1fdb0) 
thrown [s\open\src\hotspot\share\interpreter\linkResolver.cpp, line 804]

VM Operations (20 events):
Event: 4.795 Executing safepoint VM operation: G1CollectForAllocation (G1 Evacuation Pause)
Event: 4.799 Executing safepoint VM operation: G1CollectForAllocation (G1 Evacuation Pause) done
Event: 4.891 Executing non-safepoint VM operation: HandshakeAllThreads (Deoptimize)
Event: 4.891 Executing non-safepoint VM operation: HandshakeAllThreads (Deoptimize) done
Event: 4.897 Executing non-safepoint VM operation: HandshakeAllThreads (Deoptimize)
Event: 4.897 Executing non-safepoint VM operation: HandshakeAllThreads (Deoptimize) done
Event: 4.909 Executing non-safepoint VM operation: HandshakeAllThreads (Deoptimize)
Event: 4.909 Executing non-safepoint VM operation: HandshakeAllThreads (Deoptimize) done
Event: 4.910 Executing non-safepoint VM operation: HandshakeAllThreads (Deoptimize)
Event: 4.910 Executing non-safepoint VM operation: HandshakeAllThreads (Deoptimize) done
Event: 4.984 Executing non-safepoint VM operation: HandshakeAllThreads (Deoptimize)
Event: 4.985 Executing non-safepoint VM operation: HandshakeAllThreads (Deoptimize) done
Event: 5.135 Executing non-safepoint VM operation: HandshakeAllThreads (Deoptimize)
Event: 5.135 Executing non-safepoint VM operation: HandshakeAllThreads (Deoptimize) done
Event: 5.307 Executing safepoint VM operation: G1CollectForAllocation (G1 Evacuation Pause)
Event: 5.314 Executing safepoint VM operation: G1CollectForAllocation (G1 Evacuation Pause) done
Event: 5.346 Executing non-safepoint VM operation: HandshakeAllThreads (Deoptimize)
Event: 5.347 Executing non-safepoint VM operation: HandshakeAllThreads (Deoptimize) done
Event: 5.447 Executing non-safepoint VM operation: HandshakeAllThreads (Deoptimize)
Event: 5.447 Executing non-safepoint VM operation: HandshakeAllThreads (Deoptimize) done

Memory protections (0 events):
No events

Nmethod flushes (20 events):
Event: 4.356 Thread 0x00000225667b6d00 flushing  nmethod 0x000002255ea4d008
Event: 4.356 Thread 0x00000225667b6d00 flushing  nmethod 0x000002255e87d108
Event: 4.356 Thread 0x00000225667b6d00 flushing  nmethod 0x000002255e8ec488
Event: 4.356 Thread 0x00000225667b6d00 flushing  nmethod 0x000002255e8ec808
Event: 4.356 Thread 0x00000225667b6d00 flushing  nmethod 0x000002255ea7fa08
Event: 4.356 Thread 0x00000225667b6d00 flushing  nmethod 0x000002255eaf9608
Event: 4.356 Thread 0x00000225667b6d00 flushing  nmethod 0x000002255eafa788
Event: 4.356 Thread 0x00000225667b6d00 flushing  nmethod 0x000002255eb4e988
Event: 4.356 Thread 0x00000225667b6d00 flushing  nmethod 0x000002255ebb6e08
Event: 4.356 Thread 0x00000225667b6d00 flushing  nmethod 0x000002255e793c88
Event: 4.356 Thread 0x00000225667b6d00 flushing  nmethod 0x000002255e876a08
Event: 4.356 Thread 0x00000225667b6d00 flushing  nmethod 0x000002255e998708
Event: 4.356 Thread 0x00000225667b6d00 flushing  nmethod 0x000002255ea68208
Event: 4.356 Thread 0x00000225667b6d00 flushing  nmethod 0x000002255ea84008
Event: 4.356 Thread 0x00000225667b6d00 flushing  nmethod 0x000002255ebce508
Event: 4.356 Thread 0x00000225667b6d00 flushing  nmethod 0x000002255ebce808
Event: 4.356 Thread 0x00000225667b6d00 flushing  nmethod 0x000002255e801508
Event: 4.356 Thread 0x00000225667b6d00 flushing  nmethod 0x000002255e99c808
Event: 4.356 Thread 0x00000225667b6d00 flushing  nmethod 0x000002255ea29188
Event: 4.356 Thread 0x00000225667b6d00 flushing  nmethod 0x000002255eb39408

Events (20 events):
Event: 5.256 Thread 0x000002255377a1a0 Thread added: 0x000002256b5f4b00
Event: 5.256 Thread 0x000002255377a1a0 Thread added: 0x000002256b5f3390
Event: 5.256 Thread 0x000002255377a1a0 Thread added: 0x000002256b5f23f0
Event: 5.257 Thread 0x000002255377a1a0 Thread added: 0x000002256b5f52d0
Event: 5.257 Thread 0x000002255377a1a0 Thread added: 0x000002256b5f6270
Event: 5.257 Thread 0x000002255377a1a0 Thread added: 0x000002256b5f4330
Event: 5.257 Thread 0x000002255377a1a0 Thread added: 0x000002256b5f6a40
Event: 5.257 Thread 0x000002255377a1a0 Thread added: 0x000002256b5f81b0
Event: 5.276 Thread 0x000002255377a1a0 Thread added: 0x000002256b604c70
Event: 5.277 Thread 0x000002255377a1a0 Thread added: 0x000002256b605440
Event: 5.290 Thread 0x000002255377a1a0 Thread added: 0x000002256b6092c0
Event: 5.418 Thread 0x000002255377a1a0 Thread exited: 0x000002255377a1a0
Event: 5.418 Thread 0x000002256b60a260 Thread added: 0x000002256b60a260
Event: 7.594 Thread 0x000002256c3fb0e0 Thread exited: 0x000002256c3fb0e0
Event: 12.278 Thread 0x0000022555c50e30 Thread exited: 0x0000022555c50e30
Event: 17.291 Thread 0x0000022555c4ddd0 Thread exited: 0x0000022555c4ddd0
Event: 18.306 Thread 0x0000022555c4c5a0 Thread added: 0x0000022555c50e30
Event: 18.306 Thread 0x0000022555c4c5a0 Thread added: 0x0000022555c4ddd0
Event: 20.295 Thread 0x0000022555c4ddd0 Thread exited: 0x0000022555c4ddd0
Event: 20.344 Thread 0x0000022555c4c5a0 Thread added: 0x0000022555c4ddd0


Dynamic libraries:
0x00007ff6eb7c0000 - 0x00007ff6eb7d0000 	C:\Program Files\Java\jdk-25\bin\java.exe
0x00007fff74500000 - 0x00007fff74767000 	C:\WINDOWS\SYSTEM32\ntdll.dll
0x00007fff338d0000 - 0x00007fff338f1000 	C:\Program Files\Avast Software\Avast\aswhook.dll
0x00007fff73070000 - 0x00007fff73139000 	C:\WINDOWS\System32\KERNEL32.DLL
0x00007fff71490000 - 0x00007fff71884000 	C:\WINDOWS\System32\KERNELBASE.dll
0x00007fff71340000 - 0x00007fff7148b000 	C:\WINDOWS\System32\ucrtbase.dll
0x00007fff2c700000 - 0x00007fff2c71e000 	C:\Program Files\Java\jdk-25\bin\VCRUNTIME140.dll
0x00007fff4c7c0000 - 0x00007fff4c7d7000 	C:\Program Files\Java\jdk-25\bin\jli.dll
0x00007fff72930000 - 0x00007fff72af5000 	C:\WINDOWS\System32\USER32.dll
0x00007fff70fd0000 - 0x00007fff70ff7000 	C:\WINDOWS\System32\win32u.dll
0x00007fff42c50000 - 0x00007fff42ee3000 	C:\WINDOWS\WinSxS\amd64_microsoft.windows.common-controls_6595b64144ccf1df_6.0.26100.8115_none_3e075c82e3354f9c\COMCTL32.dll
0x00007fff737c0000 - 0x00007fff737eb000 	C:\WINDOWS\System32\GDI32.dll
0x00007fff725f0000 - 0x00007fff72699000 	C:\WINDOWS\System32\msvcrt.dll
0x00007fff71210000 - 0x00007fff7133b000 	C:\WINDOWS\System32\gdi32full.dll
0x00007fff71890000 - 0x00007fff71933000 	C:\WINDOWS\System32\msvcp_win.dll
0x00007fff743f0000 - 0x00007fff74422000 	C:\WINDOWS\System32\IMM32.DLL
0x00007fff6bd60000 - 0x00007fff6bd6c000 	C:\Program Files\Java\jdk-25\bin\vcruntime140_1.dll
0x00007fff2be40000 - 0x00007fff2becd000 	C:\Program Files\Java\jdk-25\bin\msvcp140.dll
0x00007ffeeba20000 - 0x00007ffeec87f000 	C:\Program Files\Java\jdk-25\bin\server\jvm.dll
0x00007fff73150000 - 0x00007fff73206000 	C:\WINDOWS\System32\ADVAPI32.dll
0x00007fff72260000 - 0x00007fff72307000 	C:\WINDOWS\System32\sechost.dll
0x00007fff736a0000 - 0x00007fff737b8000 	C:\WINDOWS\System32\RPCRT4.dll
0x00007fff72380000 - 0x00007fff72400000 	C:\WINDOWS\System32\WS2_32.dll
0x00007fff68b60000 - 0x00007fff68b96000 	C:\WINDOWS\SYSTEM32\WINMM.dll
0x00007fff70c00000 - 0x00007fff70c5e000 	C:\WINDOWS\SYSTEM32\POWRPROF.dll
0x00007fff688e0000 - 0x00007fff688eb000 	C:\WINDOWS\SYSTEM32\VERSION.dll
0x00007fff70be0000 - 0x00007fff70bf4000 	C:\WINDOWS\SYSTEM32\UMPDC.dll
0x00007fff6fb30000 - 0x00007fff6fb4b000 	C:\WINDOWS\SYSTEM32\kernel.appcore.dll
0x00007fff4ca20000 - 0x00007fff4ca2a000 	C:\Program Files\Java\jdk-25\bin\jimage.dll
0x00007fff6eb70000 - 0x00007fff6edb2000 	C:\WINDOWS\SYSTEM32\DBGHELP.DLL
0x00007fff73f60000 - 0x00007fff742e2000 	C:\WINDOWS\System32\combase.dll
0x00007fff726b0000 - 0x00007fff72788000 	C:\WINDOWS\System32\OLEAUT32.dll
0x00007fff5c2c0000 - 0x00007fff5c2fb000 	C:\WINDOWS\SYSTEM32\dbgcore.DLL
0x00007fff71940000 - 0x00007fff719e5000 	C:\WINDOWS\System32\bcryptPrimitives.dll
0x00007fff2be20000 - 0x00007fff2be3f000 	C:\Program Files\Java\jdk-25\bin\java.dll
0x00007fff72ba0000 - 0x00007fff72d37000 	C:\WINDOWS\System32\ole32.dll
0x00007fff737f0000 - 0x00007fff73f57000 	C:\WINDOWS\System32\SHELL32.dll
0x00007fff70da0000 - 0x00007fff70f0a000 	C:\WINDOWS\System32\wintypes.dll
0x00007fff719f0000 - 0x00007fff72258000 	C:\WINDOWS\System32\windows.storage.dll
0x00007fff742f0000 - 0x00007fff743e8000 	C:\WINDOWS\System32\SHCORE.dll
0x00007fff72310000 - 0x00007fff72376000 	C:\WINDOWS\System32\shlwapi.dll
0x00007fff70cc0000 - 0x00007fff70ce9000 	C:\WINDOWS\SYSTEM32\profapi.dll
0x00007fff2be00000 - 0x00007fff2be12000 	C:\Program Files\Java\jdk-25\bin\net.dll
0x00007fff700a0000 - 0x00007fff7010c000 	C:\WINDOWS\system32\mswsock.dll
0x00007fff2bde0000 - 0x00007fff2bdf6000 	C:\Program Files\Java\jdk-25\bin\nio.dll
0x00007fff2bdc0000 - 0x00007fff2bdd7000 	C:\Program Files\Java\jdk-25\bin\zip.dll
0x00007fff2c6f0000 - 0x00007fff2c6fe000 	C:\Program Files\Java\jdk-25\bin\sunmscapi.dll
0x00007fff71000000 - 0x00007fff71177000 	C:\WINDOWS\System32\CRYPT32.dll
0x00007fff705a0000 - 0x00007fff705d0000 	C:\WINDOWS\SYSTEM32\ncrypt.dll
0x00007fff70550000 - 0x00007fff7058f000 	C:\WINDOWS\SYSTEM32\NTASN1.dll
0x00007fff70390000 - 0x00007fff703ab000 	C:\WINDOWS\SYSTEM32\CRYPTSP.dll
0x00007fff6fa90000 - 0x00007fff6fac9000 	C:\WINDOWS\system32\rsaenh.dll
0x00007fff70150000 - 0x00007fff70183000 	C:\WINDOWS\SYSTEM32\USERENV.dll
0x00007fff70c90000 - 0x00007fff70cba000 	C:\WINDOWS\SYSTEM32\bcrypt.dll
0x00007fff70380000 - 0x00007fff7038c000 	C:\WINDOWS\SYSTEM32\CRYPTBASE.dll
0x00007fff6f530000 - 0x00007fff6f562000 	C:\WINDOWS\SYSTEM32\IPHLPAPI.DLL
0x00007fff727c0000 - 0x00007fff727ca000 	C:\WINDOWS\System32\NSI.dll
0x00007fff2bf90000 - 0x00007fff2bf9a000 	C:\Program Files\Java\jdk-25\bin\management.dll
0x00007fff2b960000 - 0x00007fff2b96c000 	C:\Program Files\Java\jdk-25\bin\management_ext.dll
0x00007fff73140000 - 0x00007fff73148000 	C:\WINDOWS\System32\PSAPI.DLL
0x00007fff6f5d0000 - 0x00007fff6f702000 	C:\WINDOWS\SYSTEM32\DNSAPI.dll
0x00007fff688d0000 - 0x00007fff688db000 	C:\Windows\System32\rasadhlp.dll
0x00007fff6abd0000 - 0x00007fff6ac56000 	C:\WINDOWS\System32\fwpuclnt.dll
0x00007fff2a830000 - 0x00007fff2a839000 	C:\Program Files\Java\jdk-25\bin\extnet.dll
0x00007fff38960000 - 0x00007fff38970000 	C:\Program Files\Java\jdk-25\bin\verify.dll
0x00007fff32490000 - 0x00007fff32498000 	C:\WINDOWS\system32\wshunix.dll

JVMTI agents: none

dbghelp: loaded successfully - version: 4.0.5 - missing functions: none
symbol engine: initialized successfully - sym options: 0x614 - pdb path: .;C:\Program Files\Java\jdk-25\bin;C:\WINDOWS\SYSTEM32;C:\Program Files\Avast Software\Avast;C:\WINDOWS\WinSxS\amd64_microsoft.windows.common-controls_6595b64144ccf1df_6.0.26100.8115_none_3e075c82e3354f9c;C:\Program Files\Java\jdk-25\bin\server

VM Arguments:
jvm_args: -XX:TieredStopAtLevel=1 
java_command: com.buslocator.backend.BackendApplication
java_class_path (initial): C:\Users\HP\Videos\INTER\backend\backend\target\classes;C:\Users\HP\.m2\repository\org\springframework\boot\spring-boot\3.4.5\spring-boot-3.4.5.jar;C:\Users\HP\.m2\repository\org\springframework\boot\spring-boot-autoconfigure\3.4.5\spring-boot-autoconfigure-3.4.5.jar;C:\Users\HP\.m2\repository\ch\qos\logback\logback-classic\1.5.18\logback-classic-1.5.18.jar;C:\Users\HP\.m2\repository\ch\qos\logback\logback-core\1.5.18\logback-core-1.5.18.jar;C:\Users\HP\.m2\repository\org\apache\logging\log4j\log4j-to-slf4j\2.24.3\log4j-to-slf4j-2.24.3.jar;C:\Users\HP\.m2\repository\org\apache\logging\log4j\log4j-api\2.24.3\log4j-api-2.24.3.jar;C:\Users\HP\.m2\repository\org\slf4j\jul-to-slf4j\2.0.17\jul-to-slf4j-2.0.17.jar;C:\Users\HP\.m2\repository\jakarta\annotation\jakarta.annotation-api\2.1.1\jakarta.annotation-api-2.1.1.jar;C:\Users\HP\.m2\repository\org\yaml\snakeyaml\2.3\snakeyaml-2.3.jar;C:\Users\HP\.m2\repository\com\zaxxer\HikariCP\5.1.0\HikariCP-5.1.0.jar;C:\Users\HP\.m2\repository\org\springframework\spring-jdbc\6.2.6\spring-jdbc-6.2.6.jar;C:\Users\HP\.m2\repository\org\hibernate\orm\hibernate-core\6.6.13.Final\hibernate-core-6.6.13.Final.jar;C:\Users\HP\.m2\repository\jakarta\persistence\jakarta.persistence-api\3.1.0\jakarta.persistence-api-3.1.0.jar;C:\Users\HP\.m2\repository\jakarta\transaction\jakarta.transaction-api\2.0.1\jakarta.transaction-api-2.0.1.jar;C:\Users\HP\.m2\repository\org\jboss\logging\jboss-logging\3.6.1.Final\jboss-logging-3.6.1.Final.jar;C:\Users\HP\.m2\repository\org\hibernate\common\hibernate-commons-annotations\7.0.3.Final\hibernate-commons-annotations-7.0.3.Final.jar;C:\Users\HP\.m2\repository\io\smallrye\jandex\3.2.0\jandex-3.2.0.jar;C:\Users\HP\.m2\repository\com\fasterxml\classmate\1.7.0\classmate-1.7.0.jar;C:\Users\HP\.m2\repository\net\bytebuddy\byte-buddy\1.15.11\byte-buddy-1.15.11.jar;C:\Users\HP\.m2\repository\org\glassfish\jaxb\jaxb-runtime\4.0.5\jaxb-runtime-4.0.5.jar;C:\Users\HP\.m2\repository\org\glassfish\jaxb\jaxb-core\4.0.5\jaxb-core-4.0.5.jar;C:\Users\HP\.m2\repository\org\eclipse\angus\angus-activation\2.0.2\angus-activation-2.0.2.jar;C:\Users\HP\.m2\repository\org\glassfish\jaxb\txw2\4.0.5\txw2-4.0.5.jar;C:\Users\HP\.m2\repository\com\sun\istack\istack-commons-runtime\4.1.2\istack-commons-runtime-4.1.2.jar;C:\Users\HP\.m2\repository\jakarta\inject\jakarta.inject-api\2.0.1\jakarta.inject-api-2.0.1.jar;C:\Users\HP\.m2\repository\org\antlr\antlr4-runtime\4.13.0\antlr4-runtime-4.13.0.jar;C:\Users\HP\.m2\repository\org\springframework\data\spring-data-jpa\3.4.5\spring-data-jpa-3.4.5.jar;C:\Users\HP\.m2\repository\org\springframework\data\spring-data-commons\3.4.5\spring-data-commons-3.4.5.jar;C:\Users\HP\.m2\repository\org\springframework\spring-orm\6.2.6\spring-orm-6.2.6.jar;C:\Users\HP\.m2\repository\org\springframework\spring-context\6.2.6\spring-context-6.2.6.jar;C:\Users\HP\.m2\repository\org\springframework\spring-tx\6.2.6\spring-tx-6.2.6.jar;C:\Users\HP\.m2\repository\org\springframework\spring-beans\6.2.6\spring-beans-6.2.6.jar;C:\Users\HP\.m2\repository\org\slf4j\slf4j-api\2.0.17\slf4j-api-2.0.17.jar;C:\Users\HP\.m2\repository\org\springframework\spring-aspects\6.2.6\spring-aspects-6.2.6.jar;C:\Users\HP\.m2\repository\org\aspectj\aspectjweaver\1.9.24\aspectjweaver-1.9.24.jar;C:\Users\HP\.m2\repository\org\springframework\spring-aop\6.2.6\spring-aop-6.2.6.jar;C:\Users\HP\.m2\repository\org\springframework\security\spring-security-config\6.4.5\spring-security-config-6.4.5.jar;C:\Users\HP\.m2\repository\org\springframework\security\spring-security-web\6.4.5\spring-security-web-6.4.5.jar;C:\Users\HP\.m2\repository\org\springframework\spring-expression\6.2.6\spring-expression-6.2.6.jar;C:\Users\HP\.m2\repository\com\fasterxml\jackson\datatype\jackson-datatype-jdk8\2.18.3\jackson-datatype-jdk8-2.18.3.jar;C:\Users\HP\.m2\repository\com\fasterxml\jackson\datatype\jackson-datatype-jsr310\2.18.3\jackson-datatype-jsr310-2.18.3.jar;C:\Users\HP\.m2\repository\com\fasterxml\jackson\module\jackson-module-parameter-names\2.18.3\jackson-module-parameter-names-2.18.3.jar;C:\Users\HP\.m2\repository\org\apache\tomcat\embed\tomcat-embed-core\10.1.40\tomcat-embed-core-10.1.40.jar;C:\Users\HP\.m2\repository\org\apache\tomcat\embed\tomcat-embed-el\10.1.40\tomcat-embed-el-10.1.40.jar;C:\Users\HP\.m2\repository\org\apache\tomcat\embed\tomcat-embed-websocket\10.1.40\tomcat-embed-websocket-10.1.40.jar;C:\Users\HP\.m2\repository\org\springframework\spring-web\6.2.6\spring-web-6.2.6.jar;C:\Users\HP\.m2\repository\io\micrometer\micrometer-observation\1.14.6\micrometer-observation-1.14.6.jar;C:\Users\HP\.m2\repository\io\micrometer\micrometer-commons\1.14.6\micrometer-commons-1.14.6.jar;C:\Users\HP\.m2\repository\org\springframework\spring-webmvc\6.2.6\spring-webmvc-6.2.6.jar;C:\Users\HP\.m2\repository\com\mysql\mysql-connector-j\9.1.0\mysql-connector-j-9.1.0.jar;C:\Users\HP\.m2\repository\jakarta\xml\bind\jakarta.xml.bind-api\4.0.2\jakarta.xml.bind-api-4.0.2.jar;C:\Users\HP\.m2\repository\jakarta\activation\jakarta.activation-api\2.1.3\jakarta.activation-api-2.1.3.jar;C:\Users\HP\.m2\repository\org\springframework\spring-core\6.2.6\spring-core-6.2.6.jar;C:\Users\HP\.m2\repository\org\springframework\spring-jcl\6.2.6\spring-jcl-6.2.6.jar;C:\Users\HP\.m2\repository\org\springframework\security\spring-security-core\6.4.5\spring-security-core-6.4.5.jar;C:\Users\HP\.m2\repository\org\springframework\security\spring-security-crypto\6.4.5\spring-security-crypto-6.4.5.jar;C:\Users\HP\.m2\repository\io\jsonwebtoken\jjwt-api\0.11.5\jjwt-api-0.11.5.jar;C:\Users\HP\.m2\repository\io\jsonwebtoken\jjwt-impl\0.11.5\jjwt-impl-0.11.5.jar;C:\Users\HP\.m2\repository\io\jsonwebtoken\jjwt-jackson\0.11.5\jjwt-jackson-0.11.5.jar;C:\Users\HP\.m2\repository\com\fasterxml\jackson\core\jackson-databind\2.18.3\jackson-databind-2.18.3.jar;C:\Users\HP\.m2\repository\com\fasterxml\jackson\core\jackson-annotations\2.18.3\jackson-annotations-2.18.3.jar;C:\Users\HP\.m2\repository\com\fasterxml\jackson\core\jackson-core\2.18.3\jackson-core-2.18.3.jar
Launcher Type: SUN_STANDARD

[Global flags]
     intx CICompilerCount                          = 4                                         {product} {ergonomic}
     uint ConcGCThreads                            = 3                                         {product} {ergonomic}
     uint G1ConcRefinementThreads                  = 10                                        {product} {ergonomic}
   size_t G1HeapRegionSize                         = 1048576                                   {product} {ergonomic}
   size_t InitialHeapSize                          = 130023424                                 {product} {ergonomic}
   size_t MarkStackSize                            = 4194304                                   {product} {ergonomic}
   size_t MarkStackSizeMax                         = 536870912                                 {product} {ergonomic}
   size_t MaxHeapSize                              = 2055208960                                {product} {ergonomic}
   size_t MaxNewSize                               = 1233125376                                {product} {ergonomic}
   size_t MinHeapDeltaBytes                        = 1048576                                   {product} {ergonomic}
   size_t MinHeapSize                              = 8388608                                   {product} {ergonomic}
    uintx NonNMethodCodeHeapSize                   = 4096                                   {pd product} {ergonomic}
    uintx NonProfiledCodeHeapSize                  = 0                                      {pd product} {ergonomic}
     bool ProfileInterpreter                       = false                                  {pd product} {command line}
    uintx ProfiledCodeHeapSize                     = 0                                      {pd product} {ergonomic}
   size_t SoftMaxHeapSize                          = 2055208960                             {manageable} {ergonomic}
     intx TieredStopAtLevel                        = 1                                         {product} {command line}
     bool UseCompressedOops                        = true                           {product lp64_product} {ergonomic}
     bool UseG1GC                                  = true                                      {product} {ergonomic}
     bool UseLargePagesIndividualAllocation        = false                                  {pd product} {ergonomic}

Logging:
Log output configuration:
 #0: stdout all=warning uptime,level,tags foldmultilines=false
 #1: stderr all=off uptime,level,tags foldmultilines=false

Release file:
IMPLEMENTOR="Oracle Corporation" 
JAVA_RUNTIME_VERSION="25+37-LTS-3491" 
JAVA_VERSION="25" 
JAVA_VERSION_DATE="2025-09-16" 
LIBC="default" 
MODULES="java.base java.compiler java.datatransfer java.xml java.prefs java.desktop java.instrument java.logging java.management java.security.sasl java.naming java.rmi java.management.rmi java.net.http java.scripting java.security.jgss java.transaction.xa java.sql java.sql.rowset java.xml.crypto java.se java.smartcardio jdk.accessibility jdk.internal.jvmstat jdk.attach jdk.charsets jdk.internal.opt jdk.zipfs jdk.compiler jdk.crypto.cryptoki jdk.crypto.ec jdk.crypto.mscapi jdk.dynalink jdk.internal.ed jdk.editpad jdk.internal.vm.ci jdk.graal.compiler jdk.graal.compiler.management jdk.hotspot.agent jdk.httpserver jdk.incubator.vector jdk.internal.le jdk.internal.md jdk.jartool jdk.javadoc jdk.jcmd jdk.management jdk.management.agent jdk.jconsole jdk.jdeps jdk.jdwp.agent jdk.jdi jdk.jfr jdk.jlink jdk.jpackage jdk.jshell jdk.jsobject jdk.jstatd jdk.localedata jdk.management.jfr jdk.naming.dns jdk.naming.rmi jdk.net jdk.nio.mapmode jdk.sctp jdk.security.auth jdk.security.jgss jdk.unsupported jdk.unsupported.desktop jdk.xml.dom" 
OS_ARCH="x86_64" 
OS_NAME="Windows" 
SOURCE=".:git:49d6a23b8806 open:git:6c48f4ed707b" 

Environment Variables:
JAVA_HOME=C:\Program Files\Java\jdk-25
PATH=C:\Program Files\Common Files\Oracle\Java\javapath;C:\Program Files (x86)\Common Files\Oracle\Java\java8path;C:\Program Files (x86)\Common Files\Oracle\Java\javapath;C:\ORC\ORACLEE\bin;C:\app\HP\product\21c\dbhomeXE\bin;E:\oracle21\ORACL\bin;C:\Dossier_Oracle21c\Oracle21c\bin;C:\WINDOWS\system32;C:\WINDOWS;C:\WINDOWS\System32\Wbem;C:\WINDOWS\System32\WindowsPowerShell\v1.0\;C:\WINDOWS\System32\OpenSSH\;C:\appliiiiiii\flutter_windows_3.35.7-stable.zip\flutter\bin;C:\Program Files\Docker\Docker\resources\bin;C:\Program Files\Git\cmd;C:\Program Files\nodejs\;C:\Program Files\Apache\maven\bin;C:\Program Files\MySQL\MySQL Shell 8.0\bin\;C:\Users\HP\AppData\Local\Programs\Python\Python313\Scripts\;C:\Users\HP\AppData\Local\Programs\Python\Python313\;C:\Users\HP\AppData\Local\Programs\Python\Launcher\;C:\Users\HP\AppData\Local\Microsoft\WindowsApps;C:\Users\HP\AppData\Local\Programs\Microsoft VS Code\bin;C:\Users\HP\AppData\Local\Python\bin;C:\Users\HP\AppData\Roaming\npm;C:\Program Files\Java\jdk-25\bin;C:\Maven\apache-maven-3.9.15\bin;D:\Nouveau dossier\Antigravity\bin
USERNAME=HP
LANG=en_US.UTF-8
OS=Windows_NT
PROCESSOR_IDENTIFIER=Intel64 Family 6 Model 186 Stepping 3, GenuineIntel
TMP=C:\Users\HP\AppData\Local\Temp
TEMP=C:\Users\HP\AppData\Local\Temp




Compilation memory statistics disabled.

Periodic native trim disabled

---------------  S Y S T E M  ---------------

OS:
 Windows 11 , 64 bit Build 26100 (10.0.26100.8246)
OS uptime: 0 days 8:43 hours
Hyper-V role detected

CPU: total 12 (initial active 12) (6 cores per cpu, 2 threads per core) family 6 model 186 stepping 3 microcode 0x4121, cx8, cmov, fxsr, ht, mmx, 3dnowpref, sse, sse2, sse3, ssse3, sse4.1, sse4.2, popcnt, lzcnt, tsc, tscinvbit, avx, avx2, aes, erms, clmul, bmi1, bmi2, adx, sha, fma, vzeroupper, clflush, clflushopt, clwb, hv, serialize, rdtscp, rdpid, fsrm, gfni, f16c, cet_ibt, cet_ss
Processor Information for processor 0
  Max Mhz: 1300, Current Mhz: 1300, Mhz Limit: 1300
Processor Information for processor 1
  Max Mhz: 1300, Current Mhz: 1300, Mhz Limit: 1300
Processor Information for processor 2
  Max Mhz: 1300, Current Mhz: 1300, Mhz Limit: 1300
Processor Information for processor 3
  Max Mhz: 1300, Current Mhz: 1300, Mhz Limit: 1300
Processor Information for processor 4
  Max Mhz: 1300, Current Mhz: 900, Mhz Limit: 897
Processor Information for processor 5
  Max Mhz: 1300, Current Mhz: 900, Mhz Limit: 897
Processor Information for processor 6
  Max Mhz: 1300, Current Mhz: 900, Mhz Limit: 897
Processor Information for processor 7
  Max Mhz: 1300, Current Mhz: 900, Mhz Limit: 897
Processor Information for processor 8
  Max Mhz: 1300, Current Mhz: 900, Mhz Limit: 897
Processor Information for processor 9
  Max Mhz: 1300, Current Mhz: 900, Mhz Limit: 897
Processor Information for processor 10
  Max Mhz: 1300, Current Mhz: 900, Mhz Limit: 897
Processor Information for processor 11
  Max Mhz: 1300, Current Mhz: 900, Mhz Limit: 897

Memory: 4k page, system-wide physical 7835M (705M free)
TotalPageFile size 13835M (AvailPageFile size 0M)
current process WorkingSet (physical memory assigned to process): 249M, peak: 249M
current process commit charge ("private bytes"): 374M, peak: 374M

vm_info: Java HotSpot(TM) 64-Bit Server VM (25+37-LTS-3491) for windows-amd64 JRE (25+37-LTS-3491), built on 2025-08-14T21:13:00Z with unknown MS VC++:1943

END.
