#
# There is insufficient memory for the Java Runtime Environment to continue.
# Native memory allocation (mmap) failed to map 265289728 bytes. Error detail: G1 virtual space
# Possible reasons:
#   The system is out of physical RAM or swap space
#   This process is running with CompressedOops enabled, and the Java Heap may be blocking the growth of the native heap
# Possible solutions:
#   Reduce memory load on the system
#   Increase physical memory or swap space
#   Check if swap backing store is full
#   Decrease Java heap size (-Xmx/-Xms)
#   Decrease number of Java threads
#   Decrease Java thread stack sizes (-Xss)
#   Set larger code cache with -XX:ReservedCodeCacheSize=
#   JVM is running with Unscaled Compressed Oops mode in which the Java heap is
#     placed in the first 4GB address space. The Java Heap base address is the
#     maximum limit for the native heap growth. Please use -XX:HeapBaseMinAddress
#     to set the Java Heap base and to place the Java Heap above 4GB virtual address.
# This output file may be truncated or incomplete.
#
#  Out of Memory Error (os_windows.cpp:3554), pid=13976, tid=20460
#
# JRE version: Java(TM) SE Runtime Environment (25.0+37) (build 25+37-LTS-3491)
# Java VM: Java HotSpot(TM) 64-Bit Server VM (25+37-LTS-3491, mixed mode, emulated-client, sharing, tiered, compressed oops, compressed class ptrs, g1 gc, windows-amd64)
# No core dump will be written. Minidumps are not enabled by default on client versions of Windows
#

---------------  S U M M A R Y ------------

Command Line: -XX:TieredStopAtLevel=1 com.buslocator.backend.BackendApplication

Host: 13th Gen Intel(R) Core(TM) i5-1335U, 12 cores, 7G,  Windows 11 , 64 bit Build 26100 (10.0.26100.8246)
Time: Thu Apr 30 09:18:35 2026 Greenwich elapsed time: 6.844370 seconds (0d 0h 0m 6s)

---------------  T H R E A D  ---------------

Current thread (0x00000241a21c3460):  VMThread "VM Thread"          [id=20460, stack(0x000000a93cf00000,0x000000a93d000000) (1024K)]

Stack: [0x000000a93cf00000,0x000000a93d000000]
Native frames: (J=compiled Java code, j=interpreted, Vv=VM code, C=native code)
V  [jvm.dll+0x7a6a39]  (no source info available)
V  [jvm.dll+0x7727ed]  (no source info available)
V  [jvm.dll+0x965f33]  (no source info available)
V  [jvm.dll+0x968531]  (no source info available)
V  [jvm.dll+0x968c33]  (no source info available)
V  [jvm.dll+0x2fc756]  (no source info available)
V  [jvm.dll+0x7a2c65]  (no source info available)
V  [jvm.dll+0x796077]  (no source info available)
V  [jvm.dll+0x3f4698]  (no source info available)
V  [jvm.dll+0x3fc5b6]  (no source info available)
V  [jvm.dll+0x3e8c8e]  (no source info available)
V  [jvm.dll+0x3e8f48]  (no source info available)
V  [jvm.dll+0x3c0045]  (no source info available)
V  [jvm.dll+0x3c00da]  (no source info available)
V  [jvm.dll+0x40d2b6]  (no source info available)
V  [jvm.dll+0x40bbdb]  (no source info available)
V  [jvm.dll+0x3bf787]  (no source info available)
V  [jvm.dll+0x40afdf]  (no source info available)
V  [jvm.dll+0x96ee71]  (no source info available)
V  [jvm.dll+0x97018d]  (no source info available)
V  [jvm.dll+0x970709]  (no source info available)
V  [jvm.dll+0x9709b3]  (no source info available)
V  [jvm.dll+0x90681d]  (no source info available)
V  [jvm.dll+0x7a5015]  (no source info available)
C  [ucrtbase.dll+0x37b0]  (no source info available)
C  [KERNEL32.DLL+0x2e8d7]  (no source info available)
C  [ntdll.dll+0x8c3fc]  (no source info available)

VM_Operation (0x000000a93c8fb640): G1CollectForAllocation, mode: safepoint, requested by thread 0x00000241915c6060


---------------  P R O C E S S  ---------------

Threads class SMR info:
_java_thread_list=0x00000241a7c81730, length=19, elements={
0x00000241915c6060, 0x00000241a21d55d0, 0x00000241a21d6030, 0x00000241a21d7ed0,
0x00000241a21dc230, 0x00000241a21e5080, 0x00000241a21e6450, 0x00000241915da060,
0x00000241a2481fb0, 0x00000241a2497bd0, 0x00000241915db080, 0x00000241915da870,
0x00000241915dc8b0, 0x00000241a818f080, 0x00000241a8190850, 0x00000241a8194030,
0x00000241a81f1fd0, 0x00000241a21adbd0, 0x00000241a8395020
}

Java Threads: ( => current thread )
  0x00000241915c6060 JavaThread "main"                              [_thread_blocked, id=3928, stack(0x000000a93c800000,0x000000a93c900000) (1024K)]
  0x00000241a21d55d0 JavaThread "Reference Handler"          daemon [_thread_blocked, id=13092, stack(0x000000a93d000000,0x000000a93d100000) (1024K)]
  0x00000241a21d6030 JavaThread "Finalizer"                  daemon [_thread_blocked, id=2492, stack(0x000000a93d100000,0x000000a93d200000) (1024K)]
  0x00000241a21d7ed0 JavaThread "Signal Dispatcher"          daemon [_thread_blocked, id=12812, stack(0x000000a93d200000,0x000000a93d300000) (1024K)]
  0x00000241a21dc230 JavaThread "Attach Listener"            daemon [_thread_blocked, id=23436, stack(0x000000a93d300000,0x000000a93d400000) (1024K)]
  0x00000241a21e5080 JavaThread "Service Thread"             daemon [_thread_blocked, id=22840, stack(0x000000a93d400000,0x000000a93d500000) (1024K)]
  0x00000241a21e6450 JavaThread "Monitor Deflation Thread"   daemon [_thread_blocked, id=9908, stack(0x000000a93d500000,0x000000a93d600000) (1024K)]
  0x00000241915da060 JavaThread "C1 CompilerThread0"         daemon [_thread_blocked, id=9844, stack(0x000000a93d600000,0x000000a93d700000) (1024K)]
  0x00000241a2481fb0 JavaThread "Notification Thread"        daemon [_thread_blocked, id=9352, stack(0x000000a93d700000,0x000000a93d800000) (1024K)]
  0x00000241a2497bd0 JavaThread "Common-Cleaner"             daemon [_thread_blocked, id=16136, stack(0x000000a93d800000,0x000000a93d900000) (1024K)]
  0x00000241915db080 JavaThread "C1 CompilerThread1"         daemon [_thread_blocked, id=7052, stack(0x000000a93d900000,0x000000a93da00000) (1024K)]
  0x00000241915da870 JavaThread "C1 CompilerThread2"         daemon [_thread_blocked, id=21036, stack(0x000000a93da00000,0x000000a93db00000) (1024K)]
  0x00000241915dc8b0 JavaThread "C1 CompilerThread3"         daemon [_thread_blocked, id=16976, stack(0x000000a93db00000,0x000000a93dc00000) (1024K)]
  0x00000241a818f080 JavaThread "Catalina-utility-1"                [_thread_blocked, id=1312, stack(0x000000a93e700000,0x000000a93e800000) (1024K)]
  0x00000241a8190850 JavaThread "Catalina-utility-2"                [_thread_blocked, id=1248, stack(0x000000a93e800000,0x000000a93e900000) (1024K)]
  0x00000241a8194030 JavaThread "container-0"                       [_thread_blocked, id=2576, stack(0x000000a93e900000,0x000000a93ea00000) (1024K)]
  0x00000241a81f1fd0 JavaThread "mysql-cj-abandoned-connection-cleanup" daemon [_thread_blocked, id=13252, stack(0x000000a93ea00000,0x000000a93eb00000) (1024K)]
  0x00000241a21adbd0 JavaThread "HikariPool-1 housekeeper"   daemon [_thread_blocked, id=3404, stack(0x000000a93ec00000,0x000000a93ed00000) (1024K)]
  0x00000241a8395020 JavaThread "HikariPool-1 connection adder" daemon [_thread_blocked, id=20132, stack(0x000000a93ed00000,0x000000a93ee00000) (1024K)]
Total: 19

Other Threads:
=>0x00000241a21c3460 VMThread "VM Thread"                           [id=20460, stack(0x000000a93cf00000,0x000000a93d000000) (1024K)]
  0x00000241a21b2d90 WatcherThread "VM Periodic Task Thread"        [id=3156, stack(0x000000a93ce00000,0x000000a93cf00000) (1024K)]
  0x0000024191628c20 WorkerThread "GC Thread#0"                     [id=18392, stack(0x000000a93c900000,0x000000a93ca00000) (1024K)]
  0x00000241a76cb180 WorkerThread "GC Thread#1"                     [id=20012, stack(0x000000a93dd00000,0x000000a93de00000) (1024K)]
  0x00000241a76cb5d0 WorkerThread "GC Thread#2"                     [id=13056, stack(0x000000a93de00000,0x000000a93df00000) (1024K)]
  0x00000241a76c97a0 WorkerThread "GC Thread#3"                     [id=9000, stack(0x000000a93df00000,0x000000a93e000000) (1024K)]
  0x00000241a76cba20 WorkerThread "GC Thread#4"                     [id=18656, stack(0x000000a93e000000,0x000000a93e100000) (1024K)]
  0x00000241a76c9bf0 WorkerThread "GC Thread#5"                     [id=17640, stack(0x000000a93e100000,0x000000a93e200000) (1024K)]
  0x00000241a76ca040 WorkerThread "GC Thread#6"                     [id=22824, stack(0x000000a93dc00000,0x000000a93dd00000) (1024K)]
  0x00000241a76ca490 WorkerThread "GC Thread#7"                     [id=21132, stack(0x000000a93e200000,0x000000a93e300000) (1024K)]
  0x00000241a76c8f00 WorkerThread "GC Thread#8"                     [id=5332, stack(0x000000a93e300000,0x000000a93e400000) (1024K)]
  0x00000241a76ca8e0 WorkerThread "GC Thread#9"                     [id=17776, stack(0x000000a93e400000,0x000000a93e500000) (1024K)]
  0x00000241916443a0 ConcurrentGCThread "G1 Main Marker"            [id=3352, stack(0x000000a93ca00000,0x000000a93cb00000) (1024K)]
  0x0000024191644d40 WorkerThread "G1 Conc#0"                       [id=2976, stack(0x000000a93cb00000,0x000000a93cc00000) (1024K)]
  0x00000241a802fb60 WorkerThread "G1 Conc#1"                       [id=18176, stack(0x000000a93e500000,0x000000a93e600000) (1024K)]
  0x00000241a8031990 WorkerThread "G1 Conc#2"                       [id=18804, stack(0x000000a93e600000,0x000000a93e700000) (1024K)]
  0x00000241a20733c0 ConcurrentGCThread "G1 Refine#0"               [id=2128, stack(0x000000a93cc00000,0x000000a93cd00000) (1024K)]
  0x00000241a2073dd0 ConcurrentGCThread "G1 Service"                [id=21764, stack(0x000000a93cd00000,0x000000a93ce00000) (1024K)]
Total: 18

Threads with active compile tasks:
C1 CompilerThread2  6933 6068       1       org.springframework.util.StringUtils::changeFirstCharacterCase (60 bytes)
C1 CompilerThread3  6933 6070       1       org.springframework.util.ConcurrentLruCache::get (65 bytes)
Total: 2

VM state: at safepoint (normal execution)

VM Mutex/Monitor currently owned by a thread:  ([mutex/lock_event])
[0x00007ffee36f94a8] Threads_lock - owner thread: 0x00000241a21c3460
[0x00007ffee36f9628] Heap_lock - owner thread: 0x00000241915c6060

Heap address: 0x0000000085800000, size: 1960 MB, Compressed Oops mode: 32-bit

CDS archive(s) mapped at: [0x0000000014000000-0x0000000014dd0000-0x0000000014dd0000), size 14483456, SharedBaseAddress: 0x0000000014000000, ArchiveRelocationMode: 1.
Compressed class space mapped at: 0x0000000015000000-0x0000000055000000, reserved size: 1073741824
UseCompressedClassPointers 1, UseCompactObjectHeaders 0
Narrow klass pointer bits 32, Max shift 3
Narrow klass base: 0x0000000014000000, Narrow klass shift: 0
Encoding Range: [0x0000000014000000 - 0x0000000114000000), (4294967296 bytes)
Klass Range:    [0x0000000014010000 - 0x0000000055000000), (1090453504 bytes)
Klass ID Range:  [65536 - 1090519033) (1090453497)
Protection zone: [0x0000000014000000 - 0x0000000014010000), (65536 bytes)

GC Precious Log:
 CardTable entry size: 512
 Card Set container configuration: InlinePtr #cards 5 size 8 Array Of Cards #cards 10 size 36 Howl #buckets 4 coarsen threshold 1843 Howl Bitmap #cards 512 size 80 coarsen threshold 460 Card regions per heap region 1 cards per card region 2048
 CPUs: 12 total, 12 available
 Memory: 7835M
 Large Page Support: Disabled
 NUMA Support: Disabled
 Compressed Oops: Enabled (32-bit)
 Heap Region Size: 1M
 Heap Min Capacity: 8M
 Heap Initial Capacity: 124M
 Heap Max Capacity: 1960M
 Pre-touch: Disabled
 Parallel Workers: 10
 Concurrent Workers: 3
 Concurrent Refinement Workers: 10
 Periodic GC: Disabled

Heap:
 garbage-first heap   total reserved 2007040K, committed 131072K, used 40757K [0x0000000085800000, 0x0000000100000000)
  region size 1024K, 1 young (1024K), 1 survivors (1024K)

Heap Regions: E=young(eden), S=young(survivor), O=old, HS=humongous(starts), HC=humongous(continues), CS=collection set, F=free, TAMS=top-at-mark-start, PB=parsable bottom
|   0|0x0000000085800000, 0x0000000085900000, 0x0000000085900000|100%|HS|  |TAMS 0x0000000085800000| PB 0x0000000085800000| Complete |  0
|   1|0x0000000085900000, 0x0000000085a00000, 0x0000000085a00000|100%|HS|  |TAMS 0x0000000085900000| PB 0x0000000085900000| Complete |  0
|   2|0x0000000085a00000, 0x0000000085b00000, 0x0000000085b00000|100%| O|  |TAMS 0x0000000085a00000| PB 0x0000000085a00000| Untracked |  0
|   3|0x0000000085b00000, 0x0000000085c00000, 0x0000000085c00000|100%| O|  |TAMS 0x0000000085b00000| PB 0x0000000085b00000| Untracked |  0
|   4|0x0000000085c00000, 0x0000000085d00000, 0x0000000085d00000|100%| O|  |TAMS 0x0000000085c00000| PB 0x0000000085c00000| Untracked |  0
|   5|0x0000000085d00000, 0x0000000085e00000, 0x0000000085e00000|100%| O|  |TAMS 0x0000000085d00000| PB 0x0000000085d00000| Untracked |  0
|   6|0x0000000085e00000, 0x0000000085f00000, 0x0000000085f00000|100%| O|  |TAMS 0x0000000085e00000| PB 0x0000000085e00000| Untracked |  0
|   7|0x0000000085f00000, 0x0000000086000000, 0x0000000086000000|100%| O|  |TAMS 0x0000000085f00000| PB 0x0000000085f00000| Untracked |  0
|   8|0x0000000086000000, 0x0000000086100000, 0x0000000086100000|100%| O|  |TAMS 0x0000000086000000| PB 0x0000000086000000| Untracked |  0
|   9|0x0000000086100000, 0x0000000086200000, 0x0000000086200000|100%| O|  |TAMS 0x0000000086100000| PB 0x0000000086100000| Untracked |  0
|  10|0x0000000086200000, 0x0000000086300000, 0x0000000086300000|100%| O|  |TAMS 0x0000000086200000| PB 0x0000000086200000| Untracked |  0
|  11|0x0000000086300000, 0x0000000086400000, 0x0000000086400000|100%| O|  |TAMS 0x0000000086300000| PB 0x0000000086300000| Untracked |  0
|  12|0x0000000086400000, 0x0000000086500000, 0x0000000086500000|100%| O|  |TAMS 0x0000000086400000| PB 0x0000000086400000| Untracked |  0
|  13|0x0000000086500000, 0x0000000086600000, 0x0000000086600000|100%| O|  |TAMS 0x0000000086500000| PB 0x0000000086500000| Untracked |  0
|  14|0x0000000086600000, 0x0000000086700000, 0x0000000086700000|100%| O|  |TAMS 0x0000000086600000| PB 0x0000000086600000| Untracked |  0
|  15|0x0000000086700000, 0x0000000086800000, 0x0000000086800000|100%| O|  |TAMS 0x0000000086700000| PB 0x0000000086700000| Untracked |  0
|  16|0x0000000086800000, 0x0000000086900000, 0x0000000086900000|100%| O|  |TAMS 0x0000000086800000| PB 0x0000000086800000| Untracked |  0
|  17|0x0000000086900000, 0x0000000086a00000, 0x0000000086a00000|100%| O|  |TAMS 0x0000000086900000| PB 0x0000000086900000| Untracked |  0
|  18|0x0000000086a00000, 0x0000000086b00000, 0x0000000086b00000|100%| O|  |TAMS 0x0000000086a00000| PB 0x0000000086a00000| Untracked |  0
|  19|0x0000000086b00000, 0x0000000086c00000, 0x0000000086c00000|100%| O|  |TAMS 0x0000000086b00000| PB 0x0000000086b00000| Untracked |  0
|  20|0x0000000086c00000, 0x0000000086d00000, 0x0000000086d00000|100%| O|  |TAMS 0x0000000086c00000| PB 0x0000000086c00000| Untracked |  0
|  21|0x0000000086d00000, 0x0000000086e00000, 0x0000000086e00000|100%| O|  |TAMS 0x0000000086d00000| PB 0x0000000086d00000| Untracked |  0
|  22|0x0000000086e00000, 0x0000000086f00000, 0x0000000086f00000|100%| O|  |TAMS 0x0000000086e00000| PB 0x0000000086e00000| Untracked |  0
|  23|0x0000000086f00000, 0x0000000087000000, 0x0000000087000000|100%| O|  |TAMS 0x0000000086f00000| PB 0x0000000086f00000| Untracked |  0
|  24|0x0000000087000000, 0x0000000087100000, 0x0000000087100000|100%| O|  |TAMS 0x0000000087000000| PB 0x0000000087000000| Untracked |  0
|  25|0x0000000087100000, 0x0000000087200000, 0x0000000087200000|100%| O|  |TAMS 0x0000000087100000| PB 0x0000000087100000| Untracked |  0
|  26|0x0000000087200000, 0x0000000087300000, 0x0000000087300000|100%| O|  |TAMS 0x0000000087200000| PB 0x0000000087200000| Untracked |  0
|  27|0x0000000087300000, 0x0000000087308430, 0x0000000087400000|  3%| O|  |TAMS 0x0000000087300000| PB 0x0000000087300000| Untracked |  0
|  28|0x0000000087400000, 0x0000000087500000, 0x0000000087500000|100%| O|  |TAMS 0x0000000087400000| PB 0x0000000087400000| Untracked |  0
|  29|0x0000000087500000, 0x0000000087600000, 0x0000000087600000|100%| O|  |TAMS 0x0000000087500000| PB 0x0000000087500000| Untracked |  0
|  30|0x0000000087600000, 0x0000000087700000, 0x0000000087700000|100%| O|  |TAMS 0x0000000087600000| PB 0x0000000087600000| Untracked |  0
|  31|0x0000000087700000, 0x0000000087800000, 0x0000000087800000|100%| O|  |TAMS 0x0000000087700000| PB 0x0000000087700000| Untracked |  0
|  32|0x0000000087800000, 0x0000000087900000, 0x0000000087900000|100%| O|  |TAMS 0x0000000087800000| PB 0x0000000087800000| Untracked |  0
|  33|0x0000000087900000, 0x0000000087a00000, 0x0000000087a00000|100%| O|  |TAMS 0x0000000087900000| PB 0x0000000087900000| Untracked |  0
|  34|0x0000000087a00000, 0x0000000087a00000, 0x0000000087b00000|  0%| F|  |TAMS 0x0000000087a00000| PB 0x0000000087a00000| Untracked |  0
|  35|0x0000000087b00000, 0x0000000087c00000, 0x0000000087c00000|100%| O|  |TAMS 0x0000000087b00000| PB 0x0000000087b00000| Untracked |  0
|  36|0x0000000087c00000, 0x0000000087d00000, 0x0000000087d00000|100%| O|  |TAMS 0x0000000087c00000| PB 0x0000000087c00000| Untracked |  0
|  37|0x0000000087d00000, 0x0000000087e00000, 0x0000000087e00000|100%| O|Cm|TAMS 0x0000000087d00000| PB 0x0000000087d00000| Complete |  0
|  38|0x0000000087e00000, 0x0000000087f00000, 0x0000000087f00000|100%| O|  |TAMS 0x0000000087e00000| PB 0x0000000087e00000| Untracked |  0
|  39|0x0000000087f00000, 0x0000000087f00000, 0x0000000088000000|  0%| F|  |TAMS 0x0000000087f00000| PB 0x0000000087f00000| Untracked |  0
|  40|0x0000000088000000, 0x0000000088000000, 0x0000000088100000|  0%| F|  |TAMS 0x0000000088000000| PB 0x0000000088000000| Untracked |  0
|  41|0x0000000088100000, 0x0000000088100000, 0x0000000088200000|  0%| F|  |TAMS 0x0000000088100000| PB 0x0000000088100000| Untracked |  0
|  42|0x0000000088200000, 0x0000000088200000, 0x0000000088300000|  0%| F|  |TAMS 0x0000000088200000| PB 0x0000000088200000| Untracked |  0
|  43|0x0000000088300000, 0x0000000088300000, 0x0000000088400000|  0%| F|  |TAMS 0x0000000088300000| PB 0x0000000088300000| Untracked |  0
|  44|0x0000000088400000, 0x0000000088400000, 0x0000000088500000|  0%| F|  |TAMS 0x0000000088400000| PB 0x0000000088400000| Untracked |  0
|  45|0x0000000088500000, 0x0000000088500000, 0x0000000088600000|  0%| F|  |TAMS 0x0000000088500000| PB 0x0000000088500000| Untracked |  0
|  46|0x0000000088600000, 0x0000000088600000, 0x0000000088700000|  0%| F|  |TAMS 0x0000000088600000| PB 0x0000000088600000| Untracked |  0
|  47|0x0000000088700000, 0x0000000088700000, 0x0000000088800000|  0%| F|  |TAMS 0x0000000088700000| PB 0x0000000088700000| Untracked |  0
|  48|0x0000000088800000, 0x0000000088800000, 0x0000000088900000|  0%| F|  |TAMS 0x0000000088800000| PB 0x0000000088800000| Untracked |  0
|  49|0x0000000088900000, 0x0000000088900000, 0x0000000088a00000|  0%| F|  |TAMS 0x0000000088900000| PB 0x0000000088900000| Untracked |  0
|  50|0x0000000088a00000, 0x0000000088a00000, 0x0000000088b00000|  0%| F|  |TAMS 0x0000000088a00000| PB 0x0000000088a00000| Untracked |  0
|  51|0x0000000088b00000, 0x0000000088b00000, 0x0000000088c00000|  0%| F|  |TAMS 0x0000000088b00000| PB 0x0000000088b00000| Untracked |  0
|  52|0x0000000088c00000, 0x0000000088c00000, 0x0000000088d00000|  0%| F|  |TAMS 0x0000000088c00000| PB 0x0000000088c00000| Untracked |  0
|  53|0x0000000088d00000, 0x0000000088d00000, 0x0000000088e00000|  0%| F|  |TAMS 0x0000000088d00000| PB 0x0000000088d00000| Untracked |  0
|  54|0x0000000088e00000, 0x0000000088e00000, 0x0000000088f00000|  0%| F|  |TAMS 0x0000000088e00000| PB 0x0000000088e00000| Untracked |  0
|  55|0x0000000088f00000, 0x0000000088f00000, 0x0000000089000000|  0%| F|  |TAMS 0x0000000088f00000| PB 0x0000000088f00000| Untracked |  0
|  56|0x0000000089000000, 0x0000000089000000, 0x0000000089100000|  0%| F|  |TAMS 0x0000000089000000| PB 0x0000000089000000| Untracked |  0
|  57|0x0000000089100000, 0x0000000089100000, 0x0000000089200000|  0%| F|  |TAMS 0x0000000089100000| PB 0x0000000089100000| Untracked |  0
|  58|0x0000000089200000, 0x0000000089200000, 0x0000000089300000|  0%| F|  |TAMS 0x0000000089200000| PB 0x0000000089200000| Untracked |  0
|  59|0x0000000089300000, 0x0000000089300000, 0x0000000089400000|  0%| F|  |TAMS 0x0000000089300000| PB 0x0000000089300000| Untracked |  0
|  60|0x0000000089400000, 0x0000000089400000, 0x0000000089500000|  0%| F|  |TAMS 0x0000000089400000| PB 0x0000000089400000| Untracked |  0
|  61|0x0000000089500000, 0x0000000089500000, 0x0000000089600000|  0%| F|  |TAMS 0x0000000089500000| PB 0x0000000089500000| Untracked |  0
|  62|0x0000000089600000, 0x0000000089600000, 0x0000000089700000|  0%| F|  |TAMS 0x0000000089600000| PB 0x0000000089600000| Untracked |  0
|  63|0x0000000089700000, 0x0000000089700000, 0x0000000089800000|  0%| F|  |TAMS 0x0000000089700000| PB 0x0000000089700000| Untracked |  0
|  64|0x0000000089800000, 0x0000000089800000, 0x0000000089900000|  0%| F|  |TAMS 0x0000000089800000| PB 0x0000000089800000| Untracked |  0
|  65|0x0000000089900000, 0x0000000089900000, 0x0000000089a00000|  0%| F|  |TAMS 0x0000000089900000| PB 0x0000000089900000| Untracked |  0
|  66|0x0000000089a00000, 0x0000000089a00000, 0x0000000089b00000|  0%| F|  |TAMS 0x0000000089a00000| PB 0x0000000089a00000| Untracked |  0
|  67|0x0000000089b00000, 0x0000000089b00000, 0x0000000089c00000|  0%| F|  |TAMS 0x0000000089b00000| PB 0x0000000089b00000| Untracked |  0
|  68|0x0000000089c00000, 0x0000000089c00000, 0x0000000089d00000|  0%| F|  |TAMS 0x0000000089c00000| PB 0x0000000089c00000| Untracked |  0
|  69|0x0000000089d00000, 0x0000000089d00000, 0x0000000089e00000|  0%| F|  |TAMS 0x0000000089d00000| PB 0x0000000089d00000| Untracked |  0
|  70|0x0000000089e00000, 0x0000000089e00000, 0x0000000089f00000|  0%| F|  |TAMS 0x0000000089e00000| PB 0x0000000089e00000| Untracked |  0
|  71|0x0000000089f00000, 0x0000000089f00000, 0x000000008a000000|  0%| F|  |TAMS 0x0000000089f00000| PB 0x0000000089f00000| Untracked |  0
|  72|0x000000008a000000, 0x000000008a000000, 0x000000008a100000|  0%| F|  |TAMS 0x000000008a000000| PB 0x000000008a000000| Untracked |  0
|  73|0x000000008a100000, 0x000000008a100000, 0x000000008a200000|  0%| F|  |TAMS 0x000000008a100000| PB 0x000000008a100000| Untracked |  0
|  74|0x000000008a200000, 0x000000008a200000, 0x000000008a300000|  0%| F|  |TAMS 0x000000008a200000| PB 0x000000008a200000| Untracked |  0
|  75|0x000000008a300000, 0x000000008a300000, 0x000000008a400000|  0%| F|  |TAMS 0x000000008a300000| PB 0x000000008a300000| Untracked |  0
|  76|0x000000008a400000, 0x000000008a400000, 0x000000008a500000|  0%| F|  |TAMS 0x000000008a400000| PB 0x000000008a400000| Untracked |  0
|  77|0x000000008a500000, 0x000000008a500000, 0x000000008a600000|  0%| F|  |TAMS 0x000000008a500000| PB 0x000000008a500000| Untracked |  0
|  78|0x000000008a600000, 0x000000008a600000, 0x000000008a700000|  0%| F|  |TAMS 0x000000008a600000| PB 0x000000008a600000| Untracked |  0
|  79|0x000000008a700000, 0x000000008a700000, 0x000000008a800000|  0%| F|  |TAMS 0x000000008a700000| PB 0x000000008a700000| Untracked |  0
|  80|0x000000008a800000, 0x000000008a800000, 0x000000008a900000|  0%| F|  |TAMS 0x000000008a800000| PB 0x000000008a800000| Untracked |  0
|  81|0x000000008a900000, 0x000000008a900000, 0x000000008aa00000|  0%| F|  |TAMS 0x000000008a900000| PB 0x000000008a900000| Untracked |  0
|  82|0x000000008aa00000, 0x000000008aa00000, 0x000000008ab00000|  0%| F|  |TAMS 0x000000008aa00000| PB 0x000000008aa00000| Untracked |  0
|  83|0x000000008ab00000, 0x000000008ab00000, 0x000000008ac00000|  0%| F|  |TAMS 0x000000008ab00000| PB 0x000000008ab00000| Untracked |  0
|  84|0x000000008ac00000, 0x000000008ac00000, 0x000000008ad00000|  0%| F|  |TAMS 0x000000008ac00000| PB 0x000000008ac00000| Untracked |  0
|  85|0x000000008ad00000, 0x000000008ad00000, 0x000000008ae00000|  0%| F|  |TAMS 0x000000008ad00000| PB 0x000000008ad00000| Untracked |  0
|  86|0x000000008ae00000, 0x000000008ae00000, 0x000000008af00000|  0%| F|  |TAMS 0x000000008ae00000| PB 0x000000008ae00000| Untracked |  0
|  87|0x000000008af00000, 0x000000008af00000, 0x000000008b000000|  0%| F|  |TAMS 0x000000008af00000| PB 0x000000008af00000| Untracked |  0
|  88|0x000000008b000000, 0x000000008b000000, 0x000000008b100000|  0%| F|  |TAMS 0x000000008b000000| PB 0x000000008b000000| Untracked |  0
|  89|0x000000008b100000, 0x000000008b100000, 0x000000008b200000|  0%| F|  |TAMS 0x000000008b100000| PB 0x000000008b100000| Untracked |  0
|  90|0x000000008b200000, 0x000000008b200000, 0x000000008b300000|  0%| F|  |TAMS 0x000000008b200000| PB 0x000000008b200000| Untracked |  0
|  91|0x000000008b300000, 0x000000008b300000, 0x000000008b400000|  0%| F|  |TAMS 0x000000008b300000| PB 0x000000008b300000| Untracked |  0
|  92|0x000000008b400000, 0x000000008b400000, 0x000000008b500000|  0%| F|  |TAMS 0x000000008b400000| PB 0x000000008b400000| Untracked |  0
|  93|0x000000008b500000, 0x000000008b500000, 0x000000008b600000|  0%| F|  |TAMS 0x000000008b500000| PB 0x000000008b500000| Untracked |  0
|  94|0x000000008b600000, 0x000000008b600000, 0x000000008b700000|  0%| F|  |TAMS 0x000000008b600000| PB 0x000000008b600000| Untracked |  0
|  95|0x000000008b700000, 0x000000008b700000, 0x000000008b800000|  0%| F|  |TAMS 0x000000008b700000| PB 0x000000008b700000| Untracked |  0
|  96|0x000000008b800000, 0x000000008b800000, 0x000000008b900000|  0%| F|  |TAMS 0x000000008b800000| PB 0x000000008b800000| Untracked |  0
|  97|0x000000008b900000, 0x000000008b900000, 0x000000008ba00000|  0%| F|  |TAMS 0x000000008b900000| PB 0x000000008b900000| Untracked |  0
|  98|0x000000008ba00000, 0x000000008ba00000, 0x000000008bb00000|  0%| F|  |TAMS 0x000000008ba00000| PB 0x000000008ba00000| Untracked |  0
|  99|0x000000008bb00000, 0x000000008bb00000, 0x000000008bc00000|  0%| F|  |TAMS 0x000000008bb00000| PB 0x000000008bb00000| Untracked |  0
| 100|0x000000008bc00000, 0x000000008bc00000, 0x000000008bd00000|  0%| F|  |TAMS 0x000000008bc00000| PB 0x000000008bc00000| Untracked |  0
| 101|0x000000008bd00000, 0x000000008bd00000, 0x000000008be00000|  0%| F|  |TAMS 0x000000008bd00000| PB 0x000000008bd00000| Untracked |  0
| 102|0x000000008be00000, 0x000000008be00000, 0x000000008bf00000|  0%| F|  |TAMS 0x000000008be00000| PB 0x000000008be00000| Untracked |  0
| 103|0x000000008bf00000, 0x000000008bf00000, 0x000000008c000000|  0%| F|  |TAMS 0x000000008bf00000| PB 0x000000008bf00000| Untracked |  0
| 104|0x000000008c000000, 0x000000008c000000, 0x000000008c100000|  0%| F|  |TAMS 0x000000008c000000| PB 0x000000008c000000| Untracked |  0
| 105|0x000000008c100000, 0x000000008c100000, 0x000000008c200000|  0%| F|  |TAMS 0x000000008c100000| PB 0x000000008c100000| Untracked |  0
| 106|0x000000008c200000, 0x000000008c200000, 0x000000008c300000|  0%| F|  |TAMS 0x000000008c200000| PB 0x000000008c200000| Untracked |  0
| 107|0x000000008c300000, 0x000000008c300000, 0x000000008c400000|  0%| F|  |TAMS 0x000000008c300000| PB 0x000000008c300000| Untracked |  0
| 108|0x000000008c400000, 0x000000008c400000, 0x000000008c500000|  0%| F|  |TAMS 0x000000008c400000| PB 0x000000008c400000| Untracked |  0
| 109|0x000000008c500000, 0x000000008c500000, 0x000000008c600000|  0%| F|  |TAMS 0x000000008c500000| PB 0x000000008c500000| Untracked |  0
| 110|0x000000008c600000, 0x000000008c600000, 0x000000008c700000|  0%| F|  |TAMS 0x000000008c600000| PB 0x000000008c600000| Untracked |  0
| 111|0x000000008c700000, 0x000000008c700000, 0x000000008c800000|  0%| F|  |TAMS 0x000000008c700000| PB 0x000000008c700000| Untracked |  0
| 112|0x000000008c800000, 0x000000008c800000, 0x000000008c900000|  0%| F|  |TAMS 0x000000008c800000| PB 0x000000008c800000| Untracked |  0
| 113|0x000000008c900000, 0x000000008c900000, 0x000000008ca00000|  0%| F|  |TAMS 0x000000008c900000| PB 0x000000008c900000| Untracked |  0
| 114|0x000000008ca00000, 0x000000008ca00000, 0x000000008cb00000|  0%| F|  |TAMS 0x000000008ca00000| PB 0x000000008ca00000| Untracked |  0
| 115|0x000000008cb00000, 0x000000008cb00000, 0x000000008cc00000|  0%| F|  |TAMS 0x000000008cb00000| PB 0x000000008cb00000| Untracked |  0
| 116|0x000000008cc00000, 0x000000008cc00000, 0x000000008cd00000|  0%| F|  |TAMS 0x000000008cc00000| PB 0x000000008cc00000| Untracked |  0
| 117|0x000000008cd00000, 0x000000008cd00000, 0x000000008ce00000|  0%| F|  |TAMS 0x000000008cd00000| PB 0x000000008cd00000| Untracked |  0
| 118|0x000000008ce00000, 0x000000008cec5250, 0x000000008cf00000| 77%| S|CS|TAMS 0x000000008ce00000| PB 0x000000008ce00000| Complete |  0
| 119|0x000000008cf00000, 0x000000008cf00000, 0x000000008d000000|  0%| F|  |TAMS 0x000000008cf00000| PB 0x000000008cf00000| Untracked |  0
| 120|0x000000008d000000, 0x000000008d000000, 0x000000008d100000|  0%| F|  |TAMS 0x000000008d000000| PB 0x000000008d000000| Untracked |  0
| 121|0x000000008d100000, 0x000000008d100000, 0x000000008d200000|  0%| F|  |TAMS 0x000000008d100000| PB 0x000000008d100000| Untracked |  0
| 122|0x000000008d200000, 0x000000008d200000, 0x000000008d300000|  0%| F|  |TAMS 0x000000008d200000| PB 0x000000008d200000| Untracked |  0
| 123|0x000000008d300000, 0x000000008d300000, 0x000000008d400000|  0%| F|  |TAMS 0x000000008d300000| PB 0x000000008d300000| Untracked |  0
|1956|0x00000000ffc00000, 0x00000000ffd00000, 0x00000000ffd00000|100%| O|  |TAMS 0x00000000ffc00000| PB 0x00000000ffc00000| Untracked |  0
|1957|0x00000000ffd00000, 0x00000000ffd00000, 0x00000000ffe00000|  0%| F|  |TAMS 0x00000000ffd00000| PB 0x00000000ffd00000| Untracked |  0
|1958|0x00000000ffe00000, 0x00000000fff00000, 0x00000000fff00000|100%| O|  |TAMS 0x00000000ffe00000| PB 0x00000000ffe00000| Untracked |  0
|1959|0x00000000fff00000, 0x00000000fff00000, 0x0000000100000000|  0%| F|  |TAMS 0x00000000fff00000| PB 0x00000000fff00000| Untracked |  0

Card table byte_map: [0x000002419d550000,0x000002419d930000] _byte_map_base: 0x000002419d124000

Marking Bits: (CMBitMap*) 0x000002419162c2d0
 Bits: [0x000002419d930000, 0x000002419f7d0000)

Polling page: 0x000002418f3c0000

Metaspace:
Metaspace        used 61791K, committed 62272K, reserved 1114112K
 class space     used 7241K, committed 7424K, reserved 1048576K

Usage:
  Non-class:     53.27 MB used.
      Class:      7.07 MB used.
       Both:     60.34 MB used.

Virtual space:
  Non-class space:       64.00 MB reserved,      53.56 MB ( 84%) committed,  1 nodes.
      Class space:        1.00 GB reserved,       7.25 MB ( <1%) committed,  1 nodes.
             Both:        1.06 GB reserved,      60.81 MB (  6%) committed. 

Chunk freelists:
   Non-Class:  10.10 MB
       Class:  8.63 MB
        Both:  18.73 MB

MaxMetaspaceSize: unlimited
CompressedClassSpaceSize: 1.00 GB
Initial GC threshold: 21.00 MB
Current GC threshold: 100.62 MB
CDS: on
 - commit_granule_bytes: 65536.
 - commit_granule_words: 8192.
 - virtual_space_node_default_size: 8388608.
 - enlarge_chunks_in_place: 1.
UseCompressedClassPointers 1, UseCompactObjectHeaders 0
Narrow klass pointer bits 32, Max shift 3
Narrow klass base: 0x0000000014000000, Narrow klass shift: 0
Encoding Range: [0x0000000014000000 - 0x0000000114000000), (4294967296 bytes)
Klass Range:    [0x0000000014010000 - 0x0000000055000000), (1090453504 bytes)
Klass ID Range:  [65536 - 1090519033) (1090453497)
Protection zone: [0x0000000014000000 - 0x0000000014010000), (65536 bytes)


Internal statistics:

num_allocs_failed_limit: 12.
num_arena_births: 580.
num_arena_deaths: 0.
num_vsnodes_births: 2.
num_vsnodes_deaths: 0.
num_space_committed: 973.
num_space_uncommitted: 0.
num_chunks_returned_to_freelist: 12.
num_chunks_taken_from_freelist: 2771.
num_chunk_merges: 12.
num_chunk_splits: 2138.
num_chunks_enlarged: 1818.
num_inconsistent_stats: 0.

CodeCache: size=49152Kb used=9509Kb max_used=9509Kb free=39643Kb
 bounds [0x0000024199e40000, 0x000002419a790000, 0x000002419ce40000]
 total_blobs=6674, nmethods=5960, adapters=635, full_count=0
Compilation: enabled, stopped_count=0, restarted_count=0

Compilation events (20 events):
Event: 4.832 Thread 0x00000241915da060 nmethod 6061 0x000002419a784d88 code [0x000002419a784e80, 0x000002419a784f78]
Event: 4.832 Thread 0x00000241915da060 6062       1       java.lang.reflect.Field::getGenericType (20 bytes)
Event: 4.832 Thread 0x00000241915dc8b0 nmethod 6056 0x000002419a785088 code [0x000002419a785180, 0x000002419a785730]
Event: 4.832 Thread 0x00000241915da870 nmethod 6058 0x000002419a785788 code [0x000002419a785880, 0x000002419a785ea0]
Event: 4.832 Thread 0x00000241915da870 6063       1       org.springframework.data.mapping.model.Property::getType (5 bytes)
Event: 4.832 Thread 0x00000241915dc8b0 6064       1       java.util.stream.Collectors$$Lambda/0x800000038::accept (14 bytes)
Event: 4.832 Thread 0x00000241915da870 nmethod 6063 0x000002419a785f08 code [0x000002419a786000, 0x000002419a7860c8]
Event: 4.832 Thread 0x00000241915da060 nmethod 6062 0x000002419a786208 code [0x000002419a786300, 0x000002419a786608]
Event: 4.832 Thread 0x00000241915dc8b0 nmethod 6064 0x000002419a786688 code [0x000002419a786780, 0x000002419a7868b8]
Event: 4.833 Thread 0x00000241915da060 6066       1       java.util.regex.Pattern::newSlice (181 bytes)
Event: 4.833 Thread 0x00000241915da870 6067       1       sun.reflect.generics.visitor.Reifier::reifyTypeArguments (38 bytes)
Event: 4.833 Thread 0x00000241915db080 nmethod 6057 0x000002419a786c88 code [0x000002419a786d80, 0x000002419a787c38]
Event: 4.833 Thread 0x00000241915da870 nmethod 6067 0x000002419a787c88 code [0x000002419a787d80, 0x000002419a788050]
Event: 4.833 Thread 0x00000241915da060 nmethod 6066 0x000002419a788088 code [0x000002419a788180, 0x000002419a788b50]
Event: 4.834 Thread 0x00000241915da060 6069       1       org.springframework.beans.PropertyDescriptorUtils$BasicPropertyDescriptor::getWriteMethod (104 bytes)
Event: 4.835 Thread 0x00000241915da870 6068       1       org.springframework.util.StringUtils::changeFirstCharacterCase (60 bytes)
Event: 4.835 Thread 0x00000241915dc8b0 6070       1       org.springframework.util.ConcurrentLruCache::get (65 bytes)
Event: 4.835 Thread 0x00000241915db080 6071       1       org.springframework.util.ConcurrentLruCache$Node::getNext (5 bytes)
Event: 4.835 Thread 0x00000241915db080 nmethod 6071 0x000002419a788b88 code [0x000002419a788c80, 0x000002419a788d48]
Event: 4.835 Thread 0x00000241915da060 nmethod 6069 0x000002419a788e88 code [0x000002419a788f80, 0x000002419a789388]

GC Heap Usage History (20 events):
Event: 3.310 {heap After GC invocations=11 (full 0):
 garbage-first heap   total reserved 2007040K, committed 79872K, used 27641K [0x0000000085800000, 0x0000000100000000)
  region size 1024K, 4 young (4096K), 4 survivors (4096K)
}
Event: 3.422 {heap Before GC invocations=11 (full 0):
 garbage-first heap   total reserved 2007040K, committed 79872K, used 67577K [0x0000000085800000, 0x0000000100000000)
  region size 1024K, 43 young (44032K), 4 survivors (4096K)
}
Event: 3.427 {heap After GC invocations=12 (full 0):
 garbage-first heap   total reserved 2007040K, committed 79872K, used 29814K [0x0000000085800000, 0x0000000100000000)
  region size 1024K, 5 young (5120K), 5 survivors (5120K)
}
Event: 3.457 {heap Before GC invocations=12 (full 0):
 garbage-first heap   total reserved 2007040K, committed 79872K, used 41078K [0x0000000085800000, 0x0000000100000000)
  region size 1024K, 17 young (17408K), 5 survivors (5120K)
}
Event: 3.461 {heap After GC invocations=13 (full 0):
 garbage-first heap   total reserved 2007040K, committed 79872K, used 30162K [0x0000000085800000, 0x0000000100000000)
  region size 1024K, 3 young (3072K), 3 survivors (3072K)
}
Event: 3.551 {heap Before GC invocations=14 (full 0):
 garbage-first heap   total reserved 2007040K, committed 79872K, used 70098K [0x0000000085800000, 0x0000000100000000)
  region size 1024K, 42 young (43008K), 3 survivors (3072K)
}
Event: 3.554 {heap After GC invocations=15 (full 0):
 garbage-first heap   total reserved 2007040K, committed 79872K, used 30550K [0x0000000085800000, 0x0000000100000000)
  region size 1024K, 3 young (3072K), 3 survivors (3072K)
}
Event: 3.610 {heap Before GC invocations=15 (full 0):
 garbage-first heap   total reserved 2007040K, committed 79872K, used 71510K [0x0000000085800000, 0x0000000100000000)
  region size 1024K, 43 young (44032K), 3 survivors (3072K)
}
Event: 3.618 {heap After GC invocations=16 (full 0):
 garbage-first heap   total reserved 2007040K, committed 81920K, used 35939K [0x0000000085800000, 0x0000000100000000)
  region size 1024K, 6 young (6144K), 6 survivors (6144K)
}
Event: 3.662 {heap Before GC invocations=16 (full 0):
 garbage-first heap   total reserved 2007040K, committed 81920K, used 70755K [0x0000000085800000, 0x0000000100000000)
  region size 1024K, 40 young (40960K), 6 survivors (6144K)
}
Event: 4.672 {heap After GC invocations=17 (full 0):
 garbage-first heap   total reserved 2007040K, committed 130048K, used 40161K [0x0000000085800000, 0x0000000100000000)
  region size 1024K, 4 young (4096K), 4 survivors (4096K)
}
Event: 4.679 {heap Before GC invocations=17 (full 0):
 garbage-first heap   total reserved 2007040K, committed 130048K, used 42209K [0x0000000085800000, 0x0000000100000000)
  region size 1024K, 6 young (6144K), 4 survivors (4096K)
}
Event: 4.687 {heap After GC invocations=18 (full 0):
 garbage-first heap   total reserved 2007040K, committed 130048K, used 41585K [0x0000000085800000, 0x0000000100000000)
  region size 1024K, 1 young (1024K), 1 survivors (1024K)
}
Event: 4.717 {heap Before GC invocations=18 (full 0):
 garbage-first heap   total reserved 2007040K, committed 130048K, used 46705K [0x0000000085800000, 0x0000000100000000)
  region size 1024K, 6 young (6144K), 1 survivors (1024K)
}
Event: 4.721 {heap After GC invocations=19 (full 0):
 garbage-first heap   total reserved 2007040K, committed 130048K, used 42902K [0x0000000085800000, 0x0000000100000000)
  region size 1024K, 1 young (1024K), 1 survivors (1024K)
}
Event: 4.740 {heap Before GC invocations=19 (full 0):
 garbage-first heap   total reserved 2007040K, committed 130048K, used 48022K [0x0000000085800000, 0x0000000100000000)
  region size 1024K, 6 young (6144K), 1 survivors (1024K)
}
Event: 4.744 {heap After GC invocations=20 (full 0):
 garbage-first heap   total reserved 2007040K, committed 130048K, used 43172K [0x0000000085800000, 0x0000000100000000)
  region size 1024K, 1 young (1024K), 1 survivors (1024K)
}
Event: 4.776 {heap Before GC invocations=21 (full 0):
 garbage-first heap   total reserved 2007040K, committed 130048K, used 46244K [0x0000000085800000, 0x0000000100000000)
  region size 1024K, 6 young (6144K), 1 survivors (1024K)
}
Event: 4.778 {heap After GC invocations=22 (full 0):
 garbage-first heap   total reserved 2007040K, committed 130048K, used 41223K [0x0000000085800000, 0x0000000100000000)
  region size 1024K, 1 young (1024K), 1 survivors (1024K)
}
Event: 4.835 {heap Before GC invocations=22 (full 0):
 garbage-first heap   total reserved 2007040K, committed 130048K, used 46343K [0x0000000085800000, 0x0000000100000000)
  region size 1024K, 6 young (6144K), 1 survivors (1024K)
}

Metaspace Usage History (20 events):
Event: 3.310 {metaspace After GC invocations=11 (full 0):
 Metaspace       used 57934K, committed 58432K, reserved 1114112K
  class space    used 6521K, committed 6720K, reserved 1048576K
}
Event: 3.422 {metaspace Before GC invocations=11 (full 0):
 Metaspace       used 59719K, committed 60224K, reserved 1114112K
  class space    used 6903K, committed 7104K, reserved 1048576K
}
Event: 3.427 {metaspace After GC invocations=12 (full 0):
 Metaspace       used 59719K, committed 60224K, reserved 1114112K
  class space    used 6903K, committed 7104K, reserved 1048576K
}
Event: 3.457 {metaspace Before GC invocations=12 (full 0):
 Metaspace       used 60462K, committed 60928K, reserved 1114112K
  class space    used 6962K, committed 7168K, reserved 1048576K
}
Event: 3.461 {metaspace After GC invocations=13 (full 0):
 Metaspace       used 60462K, committed 60928K, reserved 1114112K
  class space    used 6962K, committed 7168K, reserved 1048576K
}
Event: 3.551 {metaspace Before GC invocations=14 (full 0):
 Metaspace       used 61275K, committed 61760K, reserved 1114112K
  class space    used 7152K, committed 7360K, reserved 1048576K
}
Event: 3.554 {metaspace After GC invocations=15 (full 0):
 Metaspace       used 61275K, committed 61760K, reserved 1114112K
  class space    used 7152K, committed 7360K, reserved 1048576K
}
Event: 3.610 {metaspace Before GC invocations=15 (full 0):
 Metaspace       used 61288K, committed 61760K, reserved 1114112K
  class space    used 7156K, committed 7360K, reserved 1048576K
}
Event: 3.618 {metaspace After GC invocations=16 (full 0):
 Metaspace       used 61288K, committed 61760K, reserved 1114112K
  class space    used 7156K, committed 7360K, reserved 1048576K
}
Event: 3.662 {metaspace Before GC invocations=16 (full 0):
 Metaspace       used 61290K, committed 61760K, reserved 1114112K
  class space    used 7156K, committed 7360K, reserved 1048576K
}
Event: 4.672 {metaspace After GC invocations=17 (full 0):
 Metaspace       used 61290K, committed 61760K, reserved 1114112K
  class space    used 7156K, committed 7360K, reserved 1048576K
}
Event: 4.679 {metaspace Before GC invocations=17 (full 0):
 Metaspace       used 61290K, committed 61760K, reserved 1114112K
  class space    used 7156K, committed 7360K, reserved 1048576K
}
Event: 4.687 {metaspace After GC invocations=18 (full 0):
 Metaspace       used 61290K, committed 61760K, reserved 1114112K
  class space    used 7156K, committed 7360K, reserved 1048576K
}
Event: 4.717 {metaspace Before GC invocations=18 (full 0):
 Metaspace       used 61290K, committed 61760K, reserved 1114112K
  class space    used 7156K, committed 7360K, reserved 1048576K
}
Event: 4.721 {metaspace After GC invocations=19 (full 0):
 Metaspace       used 61290K, committed 61760K, reserved 1114112K
  class space    used 7156K, committed 7360K, reserved 1048576K
}
Event: 4.740 {metaspace Before GC invocations=19 (full 0):
 Metaspace       used 61345K, committed 61824K, reserved 1114112K
  class space    used 7172K, committed 7360K, reserved 1048576K
}
Event: 4.744 {metaspace After GC invocations=20 (full 0):
 Metaspace       used 61345K, committed 61824K, reserved 1114112K
  class space    used 7172K, committed 7360K, reserved 1048576K
}
Event: 4.776 {metaspace Before GC invocations=21 (full 0):
 Metaspace       used 61380K, committed 61824K, reserved 1114112K
  class space    used 7178K, committed 7360K, reserved 1048576K
}
Event: 4.778 {metaspace After GC invocations=22 (full 0):
 Metaspace       used 61380K, committed 61824K, reserved 1114112K
  class space    used 7178K, committed 7360K, reserved 1048576K
}
Event: 4.835 {metaspace Before GC invocations=22 (full 0):
 Metaspace       used 61791K, committed 62272K, reserved 1114112K
  class space    used 7241K, committed 7424K, reserved 1048576K
}

Dll operation events (10 events):
Event: 0.009 Loaded shared library C:\Program Files\Java\jdk-25\bin\java.dll
Event: 0.076 Loaded shared library C:\Program Files\Java\jdk-25\bin\net.dll
Event: 0.078 Loaded shared library C:\Program Files\Java\jdk-25\bin\nio.dll
Event: 0.084 Loaded shared library C:\Program Files\Java\jdk-25\bin\zip.dll
Event: 0.162 Loaded shared library C:\Program Files\Java\jdk-25\bin\jimage.dll
Event: 0.840 Loaded shared library C:\Program Files\Java\jdk-25\bin\sunmscapi.dll
Event: 1.721 Loaded shared library C:\Program Files\Java\jdk-25\bin\management.dll
Event: 1.722 Loaded shared library C:\Program Files\Java\jdk-25\bin\management_ext.dll
Event: 1.930 Loaded shared library C:\Program Files\Java\jdk-25\bin\extnet.dll
Event: 2.210 Loaded shared library C:\Program Files\Java\jdk-25\bin\verify.dll

Deoptimization events (8 events):
Event: 1.390 Thread 0x00000241915c6060 DEOPT PACKING pc=0x000002419a22a82c sp=0x000000a93c8fc4c0
Event: 1.390 Thread 0x00000241915c6060 DEOPT UNPACKING pc=0x0000024199e91702 sp=0x000000a93c8fb9b8 mode 0
Event: 1.502 Thread 0x00000241915c6060 DEOPT PACKING pc=0x000002419a4867dc sp=0x000000a93c8fbd30
Event: 1.502 Thread 0x00000241915c6060 DEOPT UNPACKING pc=0x0000024199e91702 sp=0x000000a93c8fb1f0 mode 0
Event: 1.812 Thread 0x00000241a818f080 DEOPT PACKING pc=0x000002419a328151 sp=0x000000a93e7fed10
Event: 1.812 Thread 0x00000241a818f080 DEOPT UNPACKING pc=0x0000024199e91702 sp=0x000000a93e7fe168 mode 3
Event: 1.812 Thread 0x00000241a8190850 DEOPT PACKING pc=0x000002419a32efd6 sp=0x000000a93e8ff1b0
Event: 1.812 Thread 0x00000241a8190850 DEOPT UNPACKING pc=0x0000024199e91702 sp=0x000000a93e8fe648 mode 3

Classes loaded (20 events):
Event: 3.259 Loading class java/util/regex/Pattern$SliceI
Event: 3.259 Loading class java/util/regex/Pattern$SliceI done
Event: 3.260 Loading class java/util/regex/Pattern$LookBehindEndNode
Event: 3.260 Loading class java/util/regex/Pattern$LookBehindEndNode done
Event: 3.260 Loading class java/util/regex/Pattern$NotBehind
Event: 3.260 Loading class java/util/regex/Pattern$NotBehind done
Event: 3.260 Loading class java/util/regex/Pattern$Behind
Event: 3.260 Loading class java/util/regex/Pattern$Behind done
Event: 4.786 Loading class java/lang/Character$UnicodeBlock
Event: 4.787 Loading class java/lang/Character$Subset
Event: 4.787 Loading class java/lang/Character$Subset done
Event: 4.787 Loading class java/lang/Character$UnicodeBlock done
Event: 4.834 Loading class java/util/WeakHashMap$KeyIterator
Event: 4.834 Loading class java/util/WeakHashMap$HashIterator
Event: 4.834 Loading class java/util/WeakHashMap$HashIterator done
Event: 4.834 Loading class java/util/WeakHashMap$KeyIterator done
Event: 4.834 Loading class java/util/WeakHashMap$EntrySet
Event: 4.834 Loading class java/util/WeakHashMap$EntrySet done
Event: 4.834 Loading class java/util/WeakHashMap$EntryIterator
Event: 4.834 Loading class java/util/WeakHashMap$EntryIterator done

Classes unloaded (0 events):
No events

Classes redefined (0 events):
No events

Internal exceptions (20 events):
Event: 2.961 Thread 0x00000241915c6060 Exception <a 'java/lang/NoSuchMethodError'{0x0000000087ee3b80}: 'void java.lang.invoke.DirectMethodHandle$Holder.invokeSpecial(java.lang.Object, java.lang.Object, int, java.lang.Object)'> (0x0000000087ee3b80) 
thrown [s\open\src\hotspot\share\interpreter\linkResolver.cpp, line 804]
Event: 2.962 Thread 0x00000241915c6060 Exception <a 'java/lang/NoSuchMethodError'{0x0000000087ef3988}: 'java.lang.Object java.lang.invoke.DirectMethodHandle$Holder.newInvokeSpecial(java.lang.Object, java.lang.Object, int)'> (0x0000000087ef3988) 
thrown [s\open\src\hotspot\share\interpreter\linkResolver.cpp, line 804]
Event: 2.977 Thread 0x00000241915c6060 Exception <a 'java/lang/NoSuchMethodError'{0x0000000087c3a678}: 'int java.lang.invoke.DirectMethodHandle$Holder.invokeStatic(java.lang.Object, int, java.lang.Object)'> (0x0000000087c3a678) 
thrown [s\open\src\hotspot\share\interpreter\linkResolver.cpp, line 804]
Event: 2.978 Thread 0x00000241915c6060 Exception <a 'java/lang/NoSuchMethodError'{0x0000000087c68008}: 'java.lang.Object java.lang.invoke.DirectMethodHandle$Holder.newInvokeSpecial(java.lang.Object, java.lang.Object, java.lang.Object, java.lang.Object, java.lang.Object, int, java.lang.Object)'> (0x0000000087c68008) 
thrown [s\open\src\hotspot\share\interpreter\linkResolver.cpp, line 804]
Event: 2.981 Thread 0x00000241915c6060 Exception <a 'java/lang/NoSuchMethodError'{0x0000000087cb63c0}: 'java.lang.Object java.lang.invoke.DirectMethodHandle$Holder.newInvokeSpecial(java.lang.Object, java.lang.Object, java.lang.Object, java.lang.Object, java.lang.Object, java.lang.Object, java.lang.Object, java.lang.Object, java.lang.Object, java.lang.Object, java.lang.Object, java.lang.Object)'> (0x0000000087cb63c0) 
thrown [s\open\src\hotspot\share\interpreter\linkResolver.cpp, line 804]
Event: 2.981 Thread 0x00000241915c6060 Exception <a 'java/lang/NoSuchMethodError'{0x0000000087cc0258}: 'java.lang.Object java.lang.invoke.Invokers$Holder.linkToTargetMethod(java.lang.Object, java.lang.Object, java.lang.Object, java.lang.Object, java.lang.Object, java.lang.Object, java.lang.Object, java.lang.Object, java.lang.Object, java.lang.Object, java.lang.Object, java.lang.Object)'> (0x0000000087cc0258) 
thrown [s\open\src\hotspot\share\interpreter\linkResolver.cpp, line 804]
Event: 3.005 Thread 0x00000241915c6060 Exception <a 'java/lang/IncompatibleClassChangeError'{0x00000000fff4a9a0}: Found class java.lang.Object, but interface was expected> (0x00000000fff4a9a0) 
thrown [s\open\src\hotspot\share\interpreter\linkResolver.cpp, line 871]
Event: 3.012 Thread 0x00000241915c6060 Exception <a 'java/lang/NoSuchMethodError'{0x00000000fffebd78}: 'java.lang.Object java.lang.invoke.DirectMethodHandle$Holder.newInvokeSpecial(java.lang.Object, java.lang.Object, int, java.lang.Object, int, java.lang.Object, java.lang.Object)'> (0x00000000fffebd78) 
thrown [s\open\src\hotspot\share\interpreter\linkResolver.cpp, line 804]
Event: 3.019 Thread 0x00000241915c6060 Exception <a 'java/lang/NoSuchMethodError'{0x000000008d385f20}: 'java.lang.Object java.lang.invoke.DirectMethodHandle$Holder.newInvokeSpecial(java.lang.Object, java.lang.Object, java.lang.Object, java.lang.Object, java.lang.Object, java.lang.Object, java.lang.Object, int)'> (0x000000008d385f20) 
thrown [s\open\src\hotspot\share\interpreter\linkResolver.cpp, line 804]
Event: 3.019 Thread 0x00000241915c6060 Exception <a 'java/lang/NoSuchMethodError'{0x000000008d38f630}: 'java.lang.Object java.lang.invoke.DirectMethodHandle$Holder.invokeSpecial(java.lang.Object, java.lang.Object, java.lang.Object, java.lang.Object, java.lang.Object, java.lang.Object, java.lang.Object, java.lang.Object, int)'> (0x000000008d38f630) 
thrown [s\open\src\hotspot\share\interpreter\linkResolver.cpp, line 804]
Event: 3.022 Thread 0x00000241915c6060 Exception <a 'java/lang/NoSuchMethodError'{0x000000008d3981d8}: 'java.lang.Object java.lang.invoke.Invokers$Holder.linkToTargetMethod(java.lang.Object, java.lang.Object, java.lang.Object, java.lang.Object, java.lang.Object, java.lang.Object, int, java.lang.Object)'> (0x000000008d3981d8) 
thrown [s\open\src\hotspot\share\interpreter\linkResolver.cpp, line 804]
Event: 3.034 Thread 0x00000241915c6060 Exception <a 'java/lang/NoSuchMethodError'{0x000000008c2769b0}: 'void java.lang.invoke.DirectMethodHandle$Holder.invokeInterface(java.lang.Object, java.lang.Object)'> (0x000000008c2769b0) 
thrown [s\open\src\hotspot\share\interpreter\linkResolver.cpp, line 804]
Event: 3.102 Thread 0x00000241915c6060 Exception <a 'java/lang/NoSuchMethodError'{0x000000008900a948}: 'java.lang.Object java.lang.invoke.DirectMethodHandle$Holder.invokeSpecial(java.lang.Object, java.lang.Object, int, java.lang.Object, int)'> (0x000000008900a948) 
thrown [s\open\src\hotspot\share\interpreter\linkResolver.cpp, line 804]
Event: 3.102 Thread 0x00000241915c6060 Exception <a 'java/lang/NoSuchMethodError'{0x0000000089013440}: 'java.lang.Object java.lang.invoke.DirectMethodHandle$Holder.invokeSpecial(java.lang.Object, java.lang.Object, java.lang.Object, int, java.lang.Object, int)'> (0x0000000089013440) 
thrown [s\open\src\hotspot\share\interpreter\linkResolver.cpp, line 804]
Event: 3.102 Thread 0x00000241915c6060 Exception <a 'java/lang/NoSuchMethodError'{0x000000008901b960}: 'java.lang.Object java.lang.invoke.DelegatingMethodHandle$Holder.reinvoke_L(java.lang.Object, java.lang.Object, int, java.lang.Object, int)'> (0x000000008901b960) 
thrown [s\open\src\hotspot\share\interpreter\linkResolver.cpp, line 804]
Event: 3.153 Thread 0x00000241915c6060 Exception <a 'java/lang/IncompatibleClassChangeError'{0x0000000088b11530}: Found class java.lang.Object, but interface was expected> (0x0000000088b11530) 
thrown [s\open\src\hotspot\share\interpreter\linkResolver.cpp, line 871]
Event: 3.172 Thread 0x00000241915c6060 Exception <a 'java/lang/IncompatibleClassChangeError'{0x0000000088aabbf8}: Found class java.lang.Object, but interface was expected> (0x0000000088aabbf8) 
thrown [s\open\src\hotspot\share\interpreter\linkResolver.cpp, line 871]
Event: 3.230 Thread 0x00000241915c6060 Exception <a 'java/lang/IncompatibleClassChangeError'{0x00000000882ea4f8}: Found class java.lang.Object, but interface was expected> (0x00000000882ea4f8) 
thrown [s\open\src\hotspot\share\interpreter\linkResolver.cpp, line 871]
Event: 4.792 Thread 0x00000241915c6060 Exception <a 'java/lang/IncompatibleClassChangeError'{0x00000000fffb80f8}: Found class java.lang.Object, but interface was expected> (0x00000000fffb80f8) 
thrown [s\open\src\hotspot\share\interpreter\linkResolver.cpp, line 871]
Event: 4.805 Thread 0x00000241915c6060 Exception <a 'java/lang/NoSuchMethodError'{0x00000000ffd46e68}: 'java.lang.Object java.lang.invoke.DirectMethodHandle$Holder.invokeStatic(java.lang.Object, int, java.lang.Object)'> (0x00000000ffd46e68) 
thrown [s\open\src\hotspot\share\interpreter\linkResolver.cpp, line 804]

VM Operations (20 events):
Event: 3.481 Executing safepoint VM operation: G1PauseCleanup done
Event: 3.551 Executing safepoint VM operation: G1CollectForAllocation (G1 Evacuation Pause)
Event: 3.554 Executing safepoint VM operation: G1CollectForAllocation (G1 Evacuation Pause) done
Event: 3.610 Executing safepoint VM operation: G1CollectForAllocation (G1 Evacuation Pause)
Event: 3.618 Executing safepoint VM operation: G1CollectForAllocation (G1 Evacuation Pause) done
Event: 3.662 Executing safepoint VM operation: G1CollectForAllocation (G1 Evacuation Pause)
Event: 4.672 Executing safepoint VM operation: G1CollectForAllocation (G1 Evacuation Pause) done
Event: 4.679 Executing safepoint VM operation: G1CollectForAllocation (G1 Evacuation Pause)
Event: 4.687 Executing safepoint VM operation: G1CollectForAllocation (G1 Evacuation Pause) done
Event: 4.717 Executing safepoint VM operation: G1CollectForAllocation (G1 Evacuation Pause)
Event: 4.721 Executing safepoint VM operation: G1CollectForAllocation (G1 Evacuation Pause) done
Event: 4.740 Executing safepoint VM operation: G1CollectForAllocation (G1 Evacuation Pause)
Event: 4.744 Executing safepoint VM operation: G1CollectForAllocation (G1 Evacuation Pause) done
Event: 4.763 Executing safepoint VM operation: G1PauseRemark
Event: 4.766 Executing safepoint VM operation: G1PauseRemark done
Event: 4.772 Executing safepoint VM operation: G1PauseCleanup
Event: 4.772 Executing safepoint VM operation: G1PauseCleanup done
Event: 4.776 Executing safepoint VM operation: G1CollectForAllocation (G1 Evacuation Pause)
Event: 4.778 Executing safepoint VM operation: G1CollectForAllocation (G1 Evacuation Pause) done
Event: 4.835 Executing safepoint VM operation: G1CollectForAllocation (G1 Evacuation Pause)

Memory protections (0 events):
No events

Nmethod flushes (20 events):
Event: 3.475 Thread 0x00000241a21c3460 flushing  nmethod 0x000002419a20ce08
Event: 3.475 Thread 0x00000241a21c3460 flushing  nmethod 0x000002419a40bd88
Event: 4.765 Thread 0x00000241a21c3460 flushing  nmethod 0x000002419a73e088
Event: 4.765 Thread 0x00000241a21c3460 flushing  nmethod 0x000002419a473108
Event: 4.765 Thread 0x00000241a21c3460 flushing  nmethod 0x000002419a6be508
Event: 4.765 Thread 0x00000241a21c3460 flushing  nmethod 0x000002419a741d88
Event: 4.765 Thread 0x00000241a21c3460 flushing  nmethod 0x000002419a1fc388
Event: 4.765 Thread 0x00000241a21c3460 flushing  nmethod 0x000002419a62d908
Event: 4.765 Thread 0x00000241a21c3460 flushing  nmethod 0x000002419a62f788
Event: 4.765 Thread 0x00000241a21c3460 flushing  nmethod 0x000002419a735b08
Event: 4.765 Thread 0x00000241a21c3460 flushing  nmethod 0x000002419a74d608
Event: 4.765 Thread 0x00000241a21c3460 flushing  nmethod 0x000002419a16f288
Event: 4.765 Thread 0x00000241a21c3460 flushing  nmethod 0x000002419a3fd088
Event: 4.765 Thread 0x00000241a21c3460 flushing  nmethod 0x000002419a622888
Event: 4.765 Thread 0x00000241a21c3460 flushing  nmethod 0x000002419a13c708
Event: 4.765 Thread 0x00000241a21c3460 flushing  nmethod 0x000002419a390408
Event: 4.765 Thread 0x00000241a21c3460 flushing  nmethod 0x000002419a620188
Event: 4.765 Thread 0x00000241a21c3460 flushing  nmethod 0x000002419a620a08
Event: 4.765 Thread 0x00000241a21c3460 flushing  nmethod 0x000002419a547b08
Event: 4.765 Thread 0x00000241a21c3460 flushing  nmethod 0x000002419a748b08

Events (20 events):
Event: 0.033 Thread 0x00000241915c6060 Thread added: 0x00000241a21d7ed0
Event: 0.033 Thread 0x00000241915c6060 Thread added: 0x00000241a21dc230
Event: 0.033 Thread 0x00000241915c6060 Thread added: 0x00000241a21e5080
Event: 0.033 Thread 0x00000241915c6060 Thread added: 0x00000241a21e6450
Event: 0.034 Thread 0x00000241915c6060 Thread added: 0x00000241915da060
Event: 0.071 Thread 0x00000241915c6060 Thread added: 0x00000241a2481fb0
Event: 0.073 Thread 0x00000241915c6060 Thread added: 0x00000241a2497bd0
Event: 0.080 Thread 0x00000241915da060 Thread added: 0x00000241915db080
Event: 0.081 Thread 0x00000241915db080 Thread added: 0x00000241915da870
Event: 0.081 Thread 0x00000241915db080 Thread added: 0x00000241915dc8b0
Event: 0.557 Thread 0x00000241915c6060 Thread added: 0x00000241a7853aa0
Event: 0.847 Thread 0x00000241a7853aa0 Thread exited: 0x00000241a7853aa0
Event: 0.906 Thread 0x00000241915c6060 Thread added: 0x00000241a7c1b9b0
Event: 0.920 Thread 0x00000241a7c1b9b0 Thread exited: 0x00000241a7c1b9b0
Event: 1.810 Thread 0x00000241915c6060 Thread added: 0x00000241a818f080
Event: 1.811 Thread 0x00000241915c6060 Thread added: 0x00000241a8190850
Event: 1.813 Thread 0x00000241915c6060 Thread added: 0x00000241a8194030
Event: 1.824 Thread 0x00000241915c6060 Thread added: 0x00000241a81f1fd0
Event: 1.991 Thread 0x00000241915c6060 Thread added: 0x00000241a21adbd0
Event: 2.094 Thread 0x00000241a21adbd0 Thread added: 0x00000241a8395020


Dynamic libraries:
0x00007ff7c59a0000 - 0x00007ff7c59b0000 	C:\Program Files\Java\jdk-25\bin\java.exe
0x00007fff7a9c0000 - 0x00007fff7ac27000 	C:\WINDOWS\SYSTEM32\ntdll.dll
0x00007fff39bd0000 - 0x00007fff39bf1000 	C:\Program Files\Avast Software\Avast\aswhook.dll
0x00007fff79890000 - 0x00007fff79959000 	C:\WINDOWS\System32\KERNEL32.DLL
0x00007fff78320000 - 0x00007fff78714000 	C:\WINDOWS\System32\KERNELBASE.dll
0x00007fff78060000 - 0x00007fff781ab000 	C:\WINDOWS\System32\ucrtbase.dll
0x00007fff3caa0000 - 0x00007fff3cabe000 	C:\Program Files\Java\jdk-25\bin\VCRUNTIME140.dll
0x00007fff4c2b0000 - 0x00007fff4c2c7000 	C:\Program Files\Java\jdk-25\bin\jli.dll
0x00007fff792d0000 - 0x00007fff79495000 	C:\WINDOWS\System32\USER32.dll
0x00007fff781b0000 - 0x00007fff781d7000 	C:\WINDOWS\System32\win32u.dll
0x00007fff7a3b0000 - 0x00007fff7a3db000 	C:\WINDOWS\System32\GDI32.dll
0x00007fff77dc0000 - 0x00007fff77eeb000 	C:\WINDOWS\System32\gdi32full.dll
0x00007fff49da0000 - 0x00007fff4a033000 	C:\WINDOWS\WinSxS\amd64_microsoft.windows.common-controls_6595b64144ccf1df_6.0.26100.8115_none_3e075c82e3354f9c\COMCTL32.dll
0x00007fff781e0000 - 0x00007fff78283000 	C:\WINDOWS\System32\msvcp_win.dll
0x00007fff78720000 - 0x00007fff787c9000 	C:\WINDOWS\System32\msvcrt.dll
0x00007fff7a370000 - 0x00007fff7a3a2000 	C:\WINDOWS\System32\IMM32.DLL
0x00007fff72340000 - 0x00007fff7234c000 	C:\Program Files\Java\jdk-25\bin\vcruntime140_1.dll
0x00007ffee6c10000 - 0x00007ffee6c9d000 	C:\Program Files\Java\jdk-25\bin\msvcp140.dll
0x00007ffee2980000 - 0x00007ffee37df000 	C:\Program Files\Java\jdk-25\bin\server\jvm.dll
0x00007fff79210000 - 0x00007fff792c6000 	C:\WINDOWS\System32\ADVAPI32.dll
0x00007fff7a680000 - 0x00007fff7a727000 	C:\WINDOWS\System32\sechost.dll
0x00007fff78da0000 - 0x00007fff78eb8000 	C:\WINDOWS\System32\RPCRT4.dll
0x00007fff78ec0000 - 0x00007fff78f40000 	C:\WINDOWS\System32\WS2_32.dll
0x00007fff770c0000 - 0x00007fff7711e000 	C:\WINDOWS\SYSTEM32\POWRPROF.dll
0x00007fff6f160000 - 0x00007fff6f196000 	C:\WINDOWS\SYSTEM32\WINMM.dll
0x00007fff631b0000 - 0x00007fff631bb000 	C:\WINDOWS\SYSTEM32\VERSION.dll
0x00007fff770a0000 - 0x00007fff770b4000 	C:\WINDOWS\SYSTEM32\UMPDC.dll
0x00007fff75ff0000 - 0x00007fff7600b000 	C:\WINDOWS\SYSTEM32\kernel.appcore.dll
0x00007fff3e5f0000 - 0x00007fff3e5fa000 	C:\Program Files\Java\jdk-25\bin\jimage.dll
0x00007fff75060000 - 0x00007fff752a2000 	C:\WINDOWS\SYSTEM32\DBGHELP.DLL
0x00007fff79500000 - 0x00007fff79882000 	C:\WINDOWS\System32\combase.dll
0x00007fff79130000 - 0x00007fff79208000 	C:\WINDOWS\System32\OLEAUT32.dll
0x00007fff626a0000 - 0x00007fff626db000 	C:\WINDOWS\SYSTEM32\dbgcore.DLL
0x00007fff773e0000 - 0x00007fff77485000 	C:\WINDOWS\System32\bcryptPrimitives.dll
0x00007fff26a10000 - 0x00007fff26a2f000 	C:\Program Files\Java\jdk-25\bin\java.dll
0x00007fff7a0d0000 - 0x00007fff7a267000 	C:\WINDOWS\System32\ole32.dll
0x00007fff79960000 - 0x00007fff7a0c7000 	C:\WINDOWS\System32\SHELL32.dll
0x00007fff77ef0000 - 0x00007fff7805a000 	C:\WINDOWS\System32\wintypes.dll
0x00007fff77550000 - 0x00007fff77db8000 	C:\WINDOWS\System32\windows.storage.dll
0x00007fff7a540000 - 0x00007fff7a638000 	C:\WINDOWS\System32\SHCORE.dll
0x00007fff7a880000 - 0x00007fff7a8e6000 	C:\WINDOWS\System32\shlwapi.dll
0x00007fff77180000 - 0x00007fff771a9000 	C:\WINDOWS\SYSTEM32\profapi.dll
0x00007fff1cc40000 - 0x00007fff1cc52000 	C:\Program Files\Java\jdk-25\bin\net.dll
0x00007fff76560000 - 0x00007fff765cc000 	C:\WINDOWS\system32\mswsock.dll
0x00007fff1cc20000 - 0x00007fff1cc36000 	C:\Program Files\Java\jdk-25\bin\nio.dll
0x00007fff1b650000 - 0x00007fff1b667000 	C:\Program Files\Java\jdk-25\bin\zip.dll
0x00007fff3ca90000 - 0x00007fff3ca9e000 	C:\Program Files\Java\jdk-25\bin\sunmscapi.dll
0x00007fff77260000 - 0x00007fff773d7000 	C:\WINDOWS\System32\CRYPT32.dll
0x00007fff76a60000 - 0x00007fff76a90000 	C:\WINDOWS\SYSTEM32\ncrypt.dll
0x00007fff76a10000 - 0x00007fff76a4f000 	C:\WINDOWS\SYSTEM32\NTASN1.dll
0x00007fff76840000 - 0x00007fff7685b000 	C:\WINDOWS\SYSTEM32\CRYPTSP.dll
0x00007fff75f30000 - 0x00007fff75f69000 	C:\WINDOWS\system32\rsaenh.dll
0x00007fff76610000 - 0x00007fff76643000 	C:\WINDOWS\SYSTEM32\USERENV.dll
0x00007fff77150000 - 0x00007fff7717a000 	C:\WINDOWS\SYSTEM32\bcrypt.dll
0x00007fff76860000 - 0x00007fff7686c000 	C:\WINDOWS\SYSTEM32\CRYPTBASE.dll
0x00007fff759f0000 - 0x00007fff75a22000 	C:\WINDOWS\SYSTEM32\IPHLPAPI.DLL
0x00007fff7a670000 - 0x00007fff7a67a000 	C:\WINDOWS\System32\NSI.dll
0x00007fff3ca30000 - 0x00007fff3ca3a000 	C:\Program Files\Java\jdk-25\bin\management.dll
0x00007fff35770000 - 0x00007fff3577c000 	C:\Program Files\Java\jdk-25\bin\management_ext.dll
0x00007fff794a0000 - 0x00007fff794a8000 	C:\WINDOWS\System32\PSAPI.DLL
0x00007fff75a90000 - 0x00007fff75bc2000 	C:\WINDOWS\SYSTEM32\DNSAPI.dll
0x00007fff68b50000 - 0x00007fff68b5b000 	C:\Windows\System32\rasadhlp.dll
0x00007fff6e8e0000 - 0x00007fff6e966000 	C:\WINDOWS\System32\fwpuclnt.dll
0x00007fff2c1b0000 - 0x00007fff2c1b9000 	C:\Program Files\Java\jdk-25\bin\extnet.dll
0x00007fff3d010000 - 0x00007fff3d020000 	C:\Program Files\Java\jdk-25\bin\verify.dll

JVMTI agents: none

dbghelp: loaded successfully - version: 4.0.5 - missing functions: none
symbol engine: initialized successfully - sym options: 0x614 - pdb path: .;C:\Program Files\Java\jdk-25\bin;C:\WINDOWS\SYSTEM32;C:\Program Files\Avast Software\Avast;C:\WINDOWS\WinSxS\amd64_microsoft.windows.common-controls_6595b64144ccf1df_6.0.26100.8115_none_3e075c82e3354f9c;C:\Program Files\Java\jdk-25\bin\server

VM Arguments:
jvm_args: -XX:TieredStopAtLevel=1 
java_command: com.buslocator.backend.BackendApplication
java_class_path (initial): C:\Users\HP\Videos\INTER\backend\backend\target\classes;C:\Users\HP\.m2\repository\org\springframework\boot\spring-boot\3.4.5\spring-boot-3.4.5.jar;C:\Users\HP\.m2\repository\org\springframework\boot\spring-boot-autoconfigure\3.4.5\spring-boot-autoconfigure-3.4.5.jar;C:\Users\HP\.m2\repository\ch\qos\logback\logback-classic\1.5.18\logback-classic-1.5.18.jar;C:\Users\HP\.m2\repository\ch\qos\logback\logback-core\1.5.18\logback-core-1.5.18.jar;C:\Users\HP\.m2\repository\org\apache\logging\log4j\log4j-to-slf4j\2.24.3\log4j-to-slf4j-2.24.3.jar;C:\Users\HP\.m2\repository\org\apache\logging\log4j\log4j-api\2.24.3\log4j-api-2.24.3.jar;C:\Users\HP\.m2\repository\org\slf4j\jul-to-slf4j\2.0.17\jul-to-slf4j-2.0.17.jar;C:\Users\HP\.m2\repository\jakarta\annotation\jakarta.annotation-api\2.1.1\jakarta.annotation-api-2.1.1.jar;C:\Users\HP\.m2\repository\org\yaml\snakeyaml\2.3\snakeyaml-2.3.jar;C:\Users\HP\.m2\repository\com\zaxxer\HikariCP\5.1.0\HikariCP-5.1.0.jar;C:\Users\HP\.m2\repository\org\springframework\spring-jdbc\6.2.6\spring-jdbc-6.2.6.jar;C:\Users\HP\.m2\repository\org\hibernate\orm\hibernate-core\6.6.13.Final\hibernate-core-6.6.13.Final.jar;C:\Users\HP\.m2\repository\jakarta\persistence\jakarta.persistence-api\3.1.0\jakarta.persistence-api-3.1.0.jar;C:\Users\HP\.m2\repository\jakarta\transaction\jakarta.transaction-api\2.0.1\jakarta.transaction-api-2.0.1.jar;C:\Users\HP\.m2\repository\org\jboss\logging\jboss-logging\3.6.1.Final\jboss-logging-3.6.1.Final.jar;C:\Users\HP\.m2\repository\org\hibernate\common\hibernate-commons-annotations\7.0.3.Final\hibernate-commons-annotations-7.0.3.Final.jar;C:\Users\HP\.m2\repository\io\smallrye\jandex\3.2.0\jandex-3.2.0.jar;C:\Users\HP\.m2\repository\com\fasterxml\classmate\1.7.0\classmate-1.7.0.jar;C:\Users\HP\.m2\repository\net\bytebuddy\byte-buddy\1.15.11\byte-buddy-1.15.11.jar;C:\Users\HP\.m2\repository\org\glassfish\jaxb\jaxb-runtime\4.0.5\jaxb-runtime-4.0.5.jar;C:\Users\HP\.m2\repository\org\glassfish\jaxb\jaxb-core\4.0.5\jaxb-core-4.0.5.jar;C:\Users\HP\.m2\repository\org\eclipse\angus\angus-activation\2.0.2\angus-activation-2.0.2.jar;C:\Users\HP\.m2\repository\org\glassfish\jaxb\txw2\4.0.5\txw2-4.0.5.jar;C:\Users\HP\.m2\repository\com\sun\istack\istack-commons-runtime\4.1.2\istack-commons-runtime-4.1.2.jar;C:\Users\HP\.m2\repository\jakarta\inject\jakarta.inject-api\2.0.1\jakarta.inject-api-2.0.1.jar;C:\Users\HP\.m2\repository\org\antlr\antlr4-runtime\4.13.0\antlr4-runtime-4.13.0.jar;C:\Users\HP\.m2\repository\org\springframework\data\spring-data-jpa\3.4.5\spring-data-jpa-3.4.5.jar;C:\Users\HP\.m2\repository\org\springframework\data\spring-data-commons\3.4.5\spring-data-commons-3.4.5.jar;C:\Users\HP\.m2\repository\org\springframework\spring-orm\6.2.6\spring-orm-6.2.6.jar;C:\Users\HP\.m2\repository\org\springframework\spring-context\6.2.6\spring-context-6.2.6.jar;C:\Users\HP\.m2\repository\org\springframework\spring-tx\6.2.6\spring-tx-6.2.6.jar;C:\Users\HP\.m2\repository\org\springframework\spring-beans\6.2.6\spring-beans-6.2.6.jar;C:\Users\HP\.m2\repository\org\slf4j\slf4j-api\2.0.17\slf4j-api-2.0.17.jar;C:\Users\HP\.m2\repository\org\springframework\spring-aspects\6.2.6\spring-aspects-6.2.6.jar;C:\Users\HP\.m2\repository\org\aspectj\aspectjweaver\1.9.24\aspectjweaver-1.9.24.jar;C:\Users\HP\.m2\repository\org\springframework\spring-aop\6.2.6\spring-aop-6.2.6.jar;C:\Users\HP\.m2\repository\org\springframework\security\spring-security-config\6.4.5\spring-security-config-6.4.5.jar;C:\Users\HP\.m2\repository\org\springframework\security\spring-security-web\6.4.5\spring-security-web-6.4.5.jar;C:\Users\HP\.m2\repository\org\springframework\spring-expression\6.2.6\spring-expression-6.2.6.jar;C:\Users\HP\.m2\repository\com\fasterxml\jackson\datatype\jackson-datatype-jdk8\2.18.3\jackson-datatype-jdk8-2.18.3.jar;C:\Users\HP\.m2\repository\com\fasterxml\jackson\datatype\jackson-datatype-jsr310\2.18.3\jackson-datatype-jsr310-2.18.3.jar;C:\Users\HP\.m2\repository\com\fasterxml\jackson\module\jackson-module-parameter-names\2.18.3\jackson-module-parameter-names-2.18.3.jar;C:\Users\HP\.m2\repository\org\apache\tomcat\embed\tomcat-embed-core\10.1.40\tomcat-embed-core-10.1.40.jar;C:\Users\HP\.m2\repository\org\apache\tomcat\embed\tomcat-embed-el\10.1.40\tomcat-embed-el-10.1.40.jar;C:\Users\HP\.m2\repository\org\apache\tomcat\embed\tomcat-embed-websocket\10.1.40\tomcat-embed-websocket-10.1.40.jar;C:\Users\HP\.m2\repository\org\springframework\spring-web\6.2.6\spring-web-6.2.6.jar;C:\Users\HP\.m2\repository\io\micrometer\micrometer-observation\1.14.6\micrometer-observation-1.14.6.jar;C:\Users\HP\.m2\repository\io\micrometer\micrometer-commons\1.14.6\micrometer-commons-1.14.6.jar;C:\Users\HP\.m2\repository\org\springframework\spring-webmvc\6.2.6\spring-webmvc-6.2.6.jar;C:\Users\HP\.m2\repository\com\mysql\mysql-connector-j\9.1.0\mysql-connector-j-9.1.0.jar;C:\Users\HP\.m2\repository\jakarta\xml\bind\jakarta.xml.bind-api\4.0.2\jakarta.xml.bind-api-4.0.2.jar;C:\Users\HP\.m2\repository\jakarta\activation\jakarta.activation-api\2.1.3\jakarta.activation-api-2.1.3.jar;C:\Users\HP\.m2\repository\org\springframework\spring-core\6.2.6\spring-core-6.2.6.jar;C:\Users\HP\.m2\repository\org\springframework\spring-jcl\6.2.6\spring-jcl-6.2.6.jar;C:\Users\HP\.m2\repository\org\springframework\security\spring-security-core\6.4.5\spring-security-core-6.4.5.jar;C:\Users\HP\.m2\repository\org\springframework\security\spring-security-crypto\6.4.5\spring-security-crypto-6.4.5.jar;C:\Users\HP\.m2\repository\io\jsonwebtoken\jjwt-api\0.11.5\jjwt-api-0.11.5.jar;C:\Users\HP\.m2\repository\io\jsonwebtoken\jjwt-impl\0.11.5\jjwt-impl-0.11.5.jar;C:\Users\HP\.m2\repository\io\jsonwebtoken\jjwt-jackson\0.11.5\jjwt-jackson-0.11.5.jar;C:\Users\HP\.m2\repository\com\fasterxml\jackson\core\jackson-databind\2.18.3\jackson-databind-2.18.3.jar;C:\Users\HP\.m2\repository\com\fasterxml\jackson\core\jackson-annotations\2.18.3\jackson-annotations-2.18.3.jar;C:\Users\HP\.m2\repository\com\fasterxml\jackson\core\jackson-core\2.18.3\jackson-core-2.18.3.jar
Launcher Type: SUN_STANDARD

[Global flags]
     intx CICompilerCount                          = 4                                         {product} {ergonomic}
     uint ConcGCThreads                            = 3                                         {product} {ergonomic}
     uint G1ConcRefinementThreads                  = 10                                        {product} {ergonomic}
   size_t G1HeapRegionSize                         = 1048576                                   {product} {ergonomic}
   size_t InitialHeapSize                          = 130023424                                 {product} {ergonomic}
   size_t MarkStackSize                            = 4194304                                   {product} {ergonomic}
   size_t MarkStackSizeMax                         = 536870912                                 {product} {ergonomic}
   size_t MaxHeapSize                              = 2055208960                                {product} {ergonomic}
   size_t MaxNewSize                               = 1233125376                                {product} {ergonomic}
   size_t MinHeapDeltaBytes                        = 1048576                                   {product} {ergonomic}
   size_t MinHeapSize                              = 8388608                                   {product} {ergonomic}
    uintx NonNMethodCodeHeapSize                   = 4096                                   {pd product} {ergonomic}
    uintx NonProfiledCodeHeapSize                  = 0                                      {pd product} {ergonomic}
     bool ProfileInterpreter                       = false                                  {pd product} {command line}
    uintx ProfiledCodeHeapSize                     = 0                                      {pd product} {ergonomic}
   size_t SoftMaxHeapSize                          = 2055208960                             {manageable} {ergonomic}
     intx TieredStopAtLevel                        = 1                                         {product} {command line}
     bool UseCompressedOops                        = true                           {product lp64_product} {ergonomic}
     bool UseG1GC                                  = true                                      {product} {ergonomic}
     bool UseLargePagesIndividualAllocation        = false                                  {pd product} {ergonomic}

Logging:
Log output configuration:
 #0: stdout all=warning uptime,level,tags foldmultilines=false
 #1: stderr all=off uptime,level,tags foldmultilines=false

Release file:
IMPLEMENTOR="Oracle Corporation" 
JAVA_RUNTIME_VERSION="25+37-LTS-3491" 
JAVA_VERSION="25" 
JAVA_VERSION_DATE="2025-09-16" 
LIBC="default" 
MODULES="java.base java.compiler java.datatransfer java.xml java.prefs java.desktop java.instrument java.logging java.management java.security.sasl java.naming java.rmi java.management.rmi java.net.http java.scripting java.security.jgss java.transaction.xa java.sql java.sql.rowset java.xml.crypto java.se java.smartcardio jdk.accessibility jdk.internal.jvmstat jdk.attach jdk.charsets jdk.internal.opt jdk.zipfs jdk.compiler jdk.crypto.cryptoki jdk.crypto.ec jdk.crypto.mscapi jdk.dynalink jdk.internal.ed jdk.editpad jdk.internal.vm.ci jdk.graal.compiler jdk.graal.compiler.management jdk.hotspot.agent jdk.httpserver jdk.incubator.vector jdk.internal.le jdk.internal.md jdk.jartool jdk.javadoc jdk.jcmd jdk.management jdk.management.agent jdk.jconsole jdk.jdeps jdk.jdwp.agent jdk.jdi jdk.jfr jdk.jlink jdk.jpackage jdk.jshell jdk.jsobject jdk.jstatd jdk.localedata jdk.management.jfr jdk.naming.dns jdk.naming.rmi jdk.net jdk.nio.mapmode jdk.sctp jdk.security.auth jdk.security.jgss jdk.unsupported jdk.unsupported.desktop jdk.xml.dom" 
OS_ARCH="x86_64" 
OS_NAME="Windows" 
SOURCE=".:git:49d6a23b8806 open:git:6c48f4ed707b" 

Environment Variables:
JAVA_HOME=C:\Program Files\Java\jdk-25
PATH=C:\Program Files\Common Files\Oracle\Java\javapath;C:\Program Files (x86)\Common Files\Oracle\Java\java8path;C:\Program Files (x86)\Common Files\Oracle\Java\javapath;C:\ORC\ORACLEE\bin;C:\app\HP\product\21c\dbhomeXE\bin;E:\oracle21\ORACL\bin;C:\Dossier_Oracle21c\Oracle21c\bin;C:\WINDOWS\system32;C:\WINDOWS;C:\WINDOWS\System32\Wbem;C:\WINDOWS\System32\WindowsPowerShell\v1.0\;C:\WINDOWS\System32\OpenSSH\;C:\appliiiiiii\flutter_windows_3.35.7-stable.zip\flutter\bin;C:\Program Files\Docker\Docker\resources\bin;C:\Program Files\Git\cmd;C:\Program Files\nodejs\;C:\Program Files\Apache\maven\bin;C:\Program Files\MySQL\MySQL Shell 8.0\bin\;C:\Users\HP\AppData\Local\Programs\Python\Python313\Scripts\;C:\Users\HP\AppData\Local\Programs\Python\Python313\;C:\Users\HP\AppData\Local\Programs\Python\Launcher\;C:\Users\HP\AppData\Local\Microsoft\WindowsApps;C:\Users\HP\AppData\Local\Programs\Microsoft VS Code\bin;C:\Users\HP\AppData\Local\Python\bin;C:\Users\HP\AppData\Roaming\npm;C:\Program Files\Java\jdk-25\bin;C:\Maven\apache-maven-3.9.15\bin;D:\Nouveau dossier\Antigravity\bin
USERNAME=HP
OS=Windows_NT
PROCESSOR_IDENTIFIER=Intel64 Family 6 Model 186 Stepping 3, GenuineIntel
TMP=C:\Users\HP\AppData\Local\Temp
TEMP=C:\Users\HP\AppData\Local\Temp




Compilation memory statistics disabled.

Periodic native trim disabled

---------------  S Y S T E M  ---------------

OS:
 Windows 11 , 64 bit Build 26100 (10.0.26100.8246)
OS uptime: 0 days 0:19 hours
Hyper-V role detected

CPU: total 12 (initial active 12) (6 cores per cpu, 2 threads per core) family 6 model 186 stepping 3 microcode 0x4121, cx8, cmov, fxsr, ht, mmx, 3dnowpref, sse, sse2, sse3, ssse3, sse4.1, sse4.2, popcnt, lzcnt, tsc, tscinvbit, avx, avx2, aes, erms, clmul, bmi1, bmi2, adx, sha, fma, vzeroupper, clflush, clflushopt, clwb, hv, serialize, rdtscp, rdpid, fsrm, gfni, f16c, cet_ibt, cet_ss
Processor Information for processor 0
  Max Mhz: 1300, Current Mhz: 1300, Mhz Limit: 1300
Processor Information for processor 1
  Max Mhz: 1300, Current Mhz: 1300, Mhz Limit: 1300
Processor Information for processor 2
  Max Mhz: 1300, Current Mhz: 1300, Mhz Limit: 1300
Processor Information for processor 3
  Max Mhz: 1300, Current Mhz: 1300, Mhz Limit: 1300
Processor Information for processor 4
  Max Mhz: 1300, Current Mhz: 900, Mhz Limit: 897
Processor Information for processor 5
  Max Mhz: 1300, Current Mhz: 900, Mhz Limit: 897
Processor Information for processor 6
  Max Mhz: 1300, Current Mhz: 900, Mhz Limit: 897
Processor Information for processor 7
  Max Mhz: 1300, Current Mhz: 900, Mhz Limit: 897
Processor Information for processor 8
  Max Mhz: 1300, Current Mhz: 100, Mhz Limit: 897
Processor Information for processor 9
  Max Mhz: 1300, Current Mhz: 100, Mhz Limit: 897
Processor Information for processor 10
  Max Mhz: 1300, Current Mhz: 100, Mhz Limit: 897
Processor Information for processor 11
  Max Mhz: 1300, Current Mhz: 100, Mhz Limit: 897

Memory: 4k page, system-wide physical 7835M (721M free)
TotalPageFile size 13835M (AvailPageFile size 28M)
current process WorkingSet (physical memory assigned to process): 223M, peak: 226M
current process commit charge ("private bytes"): 307M, peak: 564M

vm_info: Java HotSpot(TM) 64-Bit Server VM (25+37-LTS-3491) for windows-amd64 JRE (25+37-LTS-3491), built on 2025-08-14T21:13:00Z with unknown MS VC++:1943

END.
