#
# There is insufficient memory for the Java Runtime Environment to continue.
# Native memory allocation (malloc) failed to allocate 1698136 bytes. Error detail: Chunk::new
# Possible reasons:
#   The system is out of physical RAM or swap space
#   This process is running with CompressedOops enabled, and the Java Heap may be blocking the growth of the native heap
# Possible solutions:
#   Reduce memory load on the system
#   Increase physical memory or swap space
#   Check if swap backing store is full
#   Decrease Java heap size (-Xmx/-Xms)
#   Decrease number of Java threads
#   Decrease Java thread stack sizes (-Xss)
#   Set larger code cache with -XX:ReservedCodeCacheSize=
#   JVM is running with Unscaled Compressed Oops mode in which the Java heap is
#     placed in the first 4GB address space. The Java Heap base address is the
#     maximum limit for the native heap growth. Please use -XX:HeapBaseMinAddress
#     to set the Java Heap base and to place the Java Heap above 4GB virtual address.
# This output file may be truncated or incomplete.
#
#  Out of Memory Error (arena.cpp:186), pid=22896, tid=3944
#
# JRE version: Java(TM) SE Runtime Environment (25.0+37) (build 25+37-LTS-3491)
# Java VM: Java HotSpot(TM) 64-Bit Server VM (25+37-LTS-3491, mixed mode, sharing, tiered, compressed oops, compressed class ptrs, g1 gc, windows-amd64)
# No core dump will be written. Minidumps are not enabled by default on client versions of Windows
#

---------------  S U M M A R Y ------------

Command Line: --enable-native-access=ALL-UNNAMED -Dclassworlds.conf=C:\Users\HP\.m2\wrapper\dists\apache-maven-3.9.14\ed7edd442f634ac1c1ef5ba2b61b6d690b5221091f1a8e1123f5fadcc967520d\bin\m2.conf -Dmaven.home=C:\Users\HP\.m2\wrapper\dists\apache-maven-3.9.14\ed7edd442f634ac1c1ef5ba2b61b6d690b5221091f1a8e1123f5fadcc967520d -Dlibrary.jansi.path=C:\Users\HP\.m2\wrapper\dists\apache-maven-3.9.14\ed7edd442f634ac1c1ef5ba2b61b6d690b5221091f1a8e1123f5fadcc967520d\lib\jansi-native -Dmaven.multiModuleProjectDirectory=C:\Users\HP\Videos\INTER\backend\backend org.codehaus.plexus.classworlds.launcher.Launcher spring-boot:run

Host: 13th Gen Intel(R) Core(TM) i5-1335U, 12 cores, 7G,  Windows 11 , 64 bit Build 26100 (10.0.26100.8246)
Time: Wed Apr 29 21:10:42 2026 Greenwich elapsed time: 2.964515 seconds (0d 0h 0m 2s)

---------------  T H R E A D  ---------------

Current thread (0x000002186980b4d0):  JavaThread "C2 CompilerThread2" daemon [_thread_in_native, id=3944, stack(0x0000008245300000,0x0000008245400000) (1024K)]


Current CompileTask:
C2:2964 2845       4       java.util.TimSort::binarySort (223 bytes)

Stack: [0x0000008245300000,0x0000008245400000]
Native frames: (J=compiled Java code, j=interpreted, Vv=VM code, C=native code)
V  [jvm.dll+0x7a6a39]  (no source info available)
V  [jvm.dll+0x7727ed]  (no source info available)
V  [jvm.dll+0x965f33]  (no source info available)
V  [jvm.dll+0x968531]  (no source info available)
V  [jvm.dll+0x968c33]  (no source info available)
V  [jvm.dll+0x2fc756]  (no source info available)
V  [jvm.dll+0x111b26]  (no source info available)
V  [jvm.dll+0x111e4e]  (no source info available)
V  [jvm.dll+0x1a0a22]  (no source info available)
V  [jvm.dll+0x3b53c2]  (no source info available)
V  [jvm.dll+0x7ac3cf]  (no source info available)
V  [jvm.dll+0x2c0ac7]  (no source info available)
V  [jvm.dll+0x2bfa8f]  (no source info available)
V  [jvm.dll+0x237b60]  (no source info available)
V  [jvm.dll+0x2cfb56]  (no source info available)
V  [jvm.dll+0x2cddd5]  (no source info available)
V  [jvm.dll+0x48e671]  (no source info available)
V  [jvm.dll+0x90681d]  (no source info available)
V  [jvm.dll+0x7a5015]  (no source info available)
C  [ucrtbase.dll+0x37b0]  (no source info available)
C  [KERNEL32.DLL+0x2e8d7]  (no source info available)
C  [ntdll.dll+0x8c3fc]  (no source info available)

Lock stack of current Java thread (top to bottom):


---------------  P R O C E S S  ---------------

Threads class SMR info:
_java_thread_list=0x0000021869680f50, length=13, elements={
0x00000218454a4fe0, 0x00000218649bcb10, 0x00000218649bd420, 0x00000218649c22c0,
0x00000218649c65e0, 0x00000218649c4240, 0x00000218649d3380, 0x00000218649d9560,
0x00000218649e7a20, 0x0000021864b3b0f0, 0x0000021864b412b0, 0x00000218697624f0,
0x000002186980b4d0
}

Java Threads: ( => current thread )
  0x00000218454a4fe0 JavaThread "main"                              [_thread_in_Java, id=2596, stack(0x0000008244000000,0x0000008244100000) (1024K)]
  0x00000218649bcb10 JavaThread "Reference Handler"          daemon [_thread_blocked, id=12708, stack(0x0000008244800000,0x0000008244900000) (1024K)]
  0x00000218649bd420 JavaThread "Finalizer"                  daemon [_thread_blocked, id=2024, stack(0x0000008244900000,0x0000008244a00000) (1024K)]
  0x00000218649c22c0 JavaThread "Signal Dispatcher"          daemon [_thread_blocked, id=6728, stack(0x0000008244a00000,0x0000008244b00000) (1024K)]
  0x00000218649c65e0 JavaThread "Attach Listener"            daemon [_thread_blocked, id=21760, stack(0x0000008244b00000,0x0000008244c00000) (1024K)]
  0x00000218649c4240 JavaThread "Service Thread"             daemon [_thread_blocked, id=20400, stack(0x0000008244c00000,0x0000008244d00000) (1024K)]
  0x00000218649d3380 JavaThread "Monitor Deflation Thread"   daemon [_thread_blocked, id=21032, stack(0x0000008244d00000,0x0000008244e00000) (1024K)]
  0x00000218649d9560 JavaThread "C2 CompilerThread0"         daemon [_thread_blocked, id=3432, stack(0x0000008244e00000,0x0000008244f00000) (1024K)]
  0x00000218649e7a20 JavaThread "C1 CompilerThread0"         daemon [_thread_in_native, id=16724, stack(0x0000008244f00000,0x0000008245000000) (1024K)]
  0x0000021864b3b0f0 JavaThread "Notification Thread"        daemon [_thread_blocked, id=8272, stack(0x0000008245000000,0x0000008245100000) (1024K)]
  0x0000021864b412b0 JavaThread "Common-Cleaner"             daemon [_thread_blocked, id=22772, stack(0x0000008245100000,0x0000008245200000) (1024K)]
  0x00000218697624f0 JavaThread "C2 CompilerThread1"         daemon [_thread_blocked, id=2384, stack(0x0000008245200000,0x0000008245300000) (1024K)]
=>0x000002186980b4d0 JavaThread "C2 CompilerThread2"         daemon [_thread_in_native, id=3944, stack(0x0000008245300000,0x0000008245400000) (1024K)]
Total: 13

Other Threads:
  0x00000218649a9a30 VMThread "VM Thread"                           [id=18928, stack(0x0000008244700000,0x0000008244800000) (1024K)]
  0x0000021864876650 WatcherThread "VM Periodic Task Thread"        [id=25524, stack(0x0000008244600000,0x0000008244700000) (1024K)]
  0x00000218479bfca0 WorkerThread "GC Thread#0"                     [id=25472, stack(0x0000008244100000,0x0000008244200000) (1024K)]
  0x0000021869d74050 WorkerThread "GC Thread#1"                     [id=3876, stack(0x0000008245400000,0x0000008245500000) (1024K)]
  0x0000021869d74480 WorkerThread "GC Thread#2"                     [id=15724, stack(0x0000008245500000,0x0000008245600000) (1024K)]
  0x0000021869c1a010 WorkerThread "GC Thread#3"                     [id=13592, stack(0x0000008245600000,0x0000008245700000) (1024K)]
  0x0000021869c1a440 WorkerThread "GC Thread#4"                     [id=8100, stack(0x0000008245700000,0x0000008245800000) (1024K)]
  0x00000218479dbb70 ConcurrentGCThread "G1 Main Marker"            [id=20736, stack(0x0000008244200000,0x0000008244300000) (1024K)]
  0x00000218479dc510 WorkerThread "G1 Conc#0"                       [id=24844, stack(0x0000008244300000,0x0000008244400000) (1024K)]
  0x000002186486a570 ConcurrentGCThread "G1 Refine#0"               [id=15948, stack(0x0000008244400000,0x0000008244500000) (1024K)]
  0x000002186486ae30 ConcurrentGCThread "G1 Service"                [id=4408, stack(0x0000008244500000,0x0000008244600000) (1024K)]
Total: 11

Threads with active compile tasks:
C1 CompilerThread0  4144 3104 %     3       java.util.Properties$LineReader::readLine @ 224 (584 bytes)
C2 CompilerThread2  4145 2845       4       java.util.TimSort::binarySort (223 bytes)
Total: 2

VM state: not at safepoint (normal execution)

VM Mutex/Monitor currently owned by a thread: None

Heap address: 0x0000000085800000, size: 1960 MB, Compressed Oops mode: 32-bit

CDS archive(s) mapped at: [0x000000003e000000-0x000000003edd0000-0x000000003edd0000), size 14483456, SharedBaseAddress: 0x000000003e000000, ArchiveRelocationMode: 1.
Compressed class space mapped at: 0x000000003f000000-0x000000007f000000, reserved size: 1073741824
UseCompressedClassPointers 1, UseCompactObjectHeaders 0
Narrow klass pointer bits 32, Max shift 3
Narrow klass base: 0x000000003e000000, Narrow klass shift: 0
Encoding Range: [0x000000003e000000 - 0x000000013e000000), (4294967296 bytes)
Klass Range:    [0x000000003e010000 - 0x000000007f000000), (1090453504 bytes)
Klass ID Range:  [65536 - 1090519033) (1090453497)
Protection zone: [0x000000003e000000 - 0x000000003e010000), (65536 bytes)

GC Precious Log:
 CardTable entry size: 512
 Card Set container configuration: InlinePtr #cards 5 size 8 Array Of Cards #cards 10 size 36 Howl #buckets 4 coarsen threshold 1843 Howl Bitmap #cards 512 size 80 coarsen threshold 460 Card regions per heap region 1 cards per card region 2048
 CPUs: 12 total, 12 available
 Memory: 7835M
 Large Page Support: Disabled
 NUMA Support: Disabled
 Compressed Oops: Enabled (32-bit)
 Heap Region Size: 1M
 Heap Min Capacity: 8M
 Heap Initial Capacity: 124M
 Heap Max Capacity: 1960M
 Pre-touch: Disabled
 Parallel Workers: 10
 Concurrent Workers: 3
 Concurrent Refinement Workers: 10
 Periodic GC: Disabled

Heap:
 garbage-first heap   total reserved 2007040K, committed 129024K, used 23104K [0x0000000085800000, 0x0000000100000000)
  region size 1024K, 23 young (23552K), 5 survivors (5120K)

Heap Regions: E=young(eden), S=young(survivor), O=old, HS=humongous(starts), HC=humongous(continues), CS=collection set, F=free, TAMS=top-at-mark-start, PB=parsable bottom
|   0|0x0000000085800000, 0x0000000085800000, 0x0000000085900000|  0%| F|  |TAMS 0x0000000085800000| PB 0x0000000085800000| Untracked |  0
|   1|0x0000000085900000, 0x0000000085900000, 0x0000000085a00000|  0%| F|  |TAMS 0x0000000085900000| PB 0x0000000085900000| Untracked |  0
|   2|0x0000000085a00000, 0x0000000085a00000, 0x0000000085b00000|  0%| F|  |TAMS 0x0000000085a00000| PB 0x0000000085a00000| Untracked |  0
|   3|0x0000000085b00000, 0x0000000085b00000, 0x0000000085c00000|  0%| F|  |TAMS 0x0000000085b00000| PB 0x0000000085b00000| Untracked |  0
|   4|0x0000000085c00000, 0x0000000085c00000, 0x0000000085d00000|  0%| F|  |TAMS 0x0000000085c00000| PB 0x0000000085c00000| Untracked |  0
|   5|0x0000000085d00000, 0x0000000085d00000, 0x0000000085e00000|  0%| F|  |TAMS 0x0000000085d00000| PB 0x0000000085d00000| Untracked |  0
|   6|0x0000000085e00000, 0x0000000085e00000, 0x0000000085f00000|  0%| F|  |TAMS 0x0000000085e00000| PB 0x0000000085e00000| Untracked |  0
|   7|0x0000000085f00000, 0x0000000085f00000, 0x0000000086000000|  0%| F|  |TAMS 0x0000000085f00000| PB 0x0000000085f00000| Untracked |  0
|   8|0x0000000086000000, 0x0000000086000000, 0x0000000086100000|  0%| F|  |TAMS 0x0000000086000000| PB 0x0000000086000000| Untracked |  0
|   9|0x0000000086100000, 0x0000000086100000, 0x0000000086200000|  0%| F|  |TAMS 0x0000000086100000| PB 0x0000000086100000| Untracked |  0
|  10|0x0000000086200000, 0x0000000086200000, 0x0000000086300000|  0%| F|  |TAMS 0x0000000086200000| PB 0x0000000086200000| Untracked |  0
|  11|0x0000000086300000, 0x0000000086300000, 0x0000000086400000|  0%| F|  |TAMS 0x0000000086300000| PB 0x0000000086300000| Untracked |  0
|  12|0x0000000086400000, 0x0000000086400000, 0x0000000086500000|  0%| F|  |TAMS 0x0000000086400000| PB 0x0000000086400000| Untracked |  0
|  13|0x0000000086500000, 0x0000000086500000, 0x0000000086600000|  0%| F|  |TAMS 0x0000000086500000| PB 0x0000000086500000| Untracked |  0
|  14|0x0000000086600000, 0x0000000086600000, 0x0000000086700000|  0%| F|  |TAMS 0x0000000086600000| PB 0x0000000086600000| Untracked |  0
|  15|0x0000000086700000, 0x0000000086700000, 0x0000000086800000|  0%| F|  |TAMS 0x0000000086700000| PB 0x0000000086700000| Untracked |  0
|  16|0x0000000086800000, 0x0000000086800000, 0x0000000086900000|  0%| F|  |TAMS 0x0000000086800000| PB 0x0000000086800000| Untracked |  0
|  17|0x0000000086900000, 0x0000000086900000, 0x0000000086a00000|  0%| F|  |TAMS 0x0000000086900000| PB 0x0000000086900000| Untracked |  0
|  18|0x0000000086a00000, 0x0000000086a00000, 0x0000000086b00000|  0%| F|  |TAMS 0x0000000086a00000| PB 0x0000000086a00000| Untracked |  0
|  19|0x0000000086b00000, 0x0000000086b00000, 0x0000000086c00000|  0%| F|  |TAMS 0x0000000086b00000| PB 0x0000000086b00000| Untracked |  0
|  20|0x0000000086c00000, 0x0000000086c00000, 0x0000000086d00000|  0%| F|  |TAMS 0x0000000086c00000| PB 0x0000000086c00000| Untracked |  0
|  21|0x0000000086d00000, 0x0000000086d00000, 0x0000000086e00000|  0%| F|  |TAMS 0x0000000086d00000| PB 0x0000000086d00000| Untracked |  0
|  22|0x0000000086e00000, 0x0000000086e00000, 0x0000000086f00000|  0%| F|  |TAMS 0x0000000086e00000| PB 0x0000000086e00000| Untracked |  0
|  23|0x0000000086f00000, 0x0000000086f00000, 0x0000000087000000|  0%| F|  |TAMS 0x0000000086f00000| PB 0x0000000086f00000| Untracked |  0
|  24|0x0000000087000000, 0x0000000087000000, 0x0000000087100000|  0%| F|  |TAMS 0x0000000087000000| PB 0x0000000087000000| Untracked |  0
|  25|0x0000000087100000, 0x0000000087100000, 0x0000000087200000|  0%| F|  |TAMS 0x0000000087100000| PB 0x0000000087100000| Untracked |  0
|  26|0x0000000087200000, 0x0000000087200000, 0x0000000087300000|  0%| F|  |TAMS 0x0000000087200000| PB 0x0000000087200000| Untracked |  0
|  27|0x0000000087300000, 0x0000000087300000, 0x0000000087400000|  0%| F|  |TAMS 0x0000000087300000| PB 0x0000000087300000| Untracked |  0
|  28|0x0000000087400000, 0x0000000087400000, 0x0000000087500000|  0%| F|  |TAMS 0x0000000087400000| PB 0x0000000087400000| Untracked |  0
|  29|0x0000000087500000, 0x0000000087500000, 0x0000000087600000|  0%| F|  |TAMS 0x0000000087500000| PB 0x0000000087500000| Untracked |  0
|  30|0x0000000087600000, 0x0000000087600000, 0x0000000087700000|  0%| F|  |TAMS 0x0000000087600000| PB 0x0000000087600000| Untracked |  0
|  31|0x0000000087700000, 0x0000000087700000, 0x0000000087800000|  0%| F|  |TAMS 0x0000000087700000| PB 0x0000000087700000| Untracked |  0
|  32|0x0000000087800000, 0x0000000087800000, 0x0000000087900000|  0%| F|  |TAMS 0x0000000087800000| PB 0x0000000087800000| Untracked |  0
|  33|0x0000000087900000, 0x0000000087900000, 0x0000000087a00000|  0%| F|  |TAMS 0x0000000087900000| PB 0x0000000087900000| Untracked |  0
|  34|0x0000000087a00000, 0x0000000087a00000, 0x0000000087b00000|  0%| F|  |TAMS 0x0000000087a00000| PB 0x0000000087a00000| Untracked |  0
|  35|0x0000000087b00000, 0x0000000087b00000, 0x0000000087c00000|  0%| F|  |TAMS 0x0000000087b00000| PB 0x0000000087b00000| Untracked |  0
|  36|0x0000000087c00000, 0x0000000087c00000, 0x0000000087d00000|  0%| F|  |TAMS 0x0000000087c00000| PB 0x0000000087c00000| Untracked |  0
|  37|0x0000000087d00000, 0x0000000087d00000, 0x0000000087e00000|  0%| F|  |TAMS 0x0000000087d00000| PB 0x0000000087d00000| Untracked |  0
|  38|0x0000000087e00000, 0x0000000087e00000, 0x0000000087f00000|  0%| F|  |TAMS 0x0000000087e00000| PB 0x0000000087e00000| Untracked |  0
|  39|0x0000000087f00000, 0x0000000087f00000, 0x0000000088000000|  0%| F|  |TAMS 0x0000000087f00000| PB 0x0000000087f00000| Untracked |  0
|  40|0x0000000088000000, 0x0000000088000000, 0x0000000088100000|  0%| F|  |TAMS 0x0000000088000000| PB 0x0000000088000000| Untracked |  0
|  41|0x0000000088100000, 0x0000000088100000, 0x0000000088200000|  0%| F|  |TAMS 0x0000000088100000| PB 0x0000000088100000| Untracked |  0
|  42|0x0000000088200000, 0x0000000088200000, 0x0000000088300000|  0%| F|  |TAMS 0x0000000088200000| PB 0x0000000088200000| Untracked |  0
|  43|0x0000000088300000, 0x0000000088300000, 0x0000000088400000|  0%| F|  |TAMS 0x0000000088300000| PB 0x0000000088300000| Untracked |  0
|  44|0x0000000088400000, 0x0000000088400000, 0x0000000088500000|  0%| F|  |TAMS 0x0000000088400000| PB 0x0000000088400000| Untracked |  0
|  45|0x0000000088500000, 0x0000000088500000, 0x0000000088600000|  0%| F|  |TAMS 0x0000000088500000| PB 0x0000000088500000| Untracked |  0
|  46|0x0000000088600000, 0x0000000088600000, 0x0000000088700000|  0%| F|  |TAMS 0x0000000088600000| PB 0x0000000088600000| Untracked |  0
|  47|0x0000000088700000, 0x0000000088700000, 0x0000000088800000|  0%| F|  |TAMS 0x0000000088700000| PB 0x0000000088700000| Untracked |  0
|  48|0x0000000088800000, 0x0000000088800000, 0x0000000088900000|  0%| F|  |TAMS 0x0000000088800000| PB 0x0000000088800000| Untracked |  0
|  49|0x0000000088900000, 0x0000000088900000, 0x0000000088a00000|  0%| F|  |TAMS 0x0000000088900000| PB 0x0000000088900000| Untracked |  0
|  50|0x0000000088a00000, 0x0000000088a00000, 0x0000000088b00000|  0%| F|  |TAMS 0x0000000088a00000| PB 0x0000000088a00000| Untracked |  0
|  51|0x0000000088b00000, 0x0000000088b00000, 0x0000000088c00000|  0%| F|  |TAMS 0x0000000088b00000| PB 0x0000000088b00000| Untracked |  0
|  52|0x0000000088c00000, 0x0000000088c00000, 0x0000000088d00000|  0%| F|  |TAMS 0x0000000088c00000| PB 0x0000000088c00000| Untracked |  0
|  53|0x0000000088d00000, 0x0000000088d00000, 0x0000000088e00000|  0%| F|  |TAMS 0x0000000088d00000| PB 0x0000000088d00000| Untracked |  0
|  54|0x0000000088e00000, 0x0000000088e00000, 0x0000000088f00000|  0%| F|  |TAMS 0x0000000088e00000| PB 0x0000000088e00000| Untracked |  0
|  55|0x0000000088f00000, 0x0000000088f00000, 0x0000000089000000|  0%| F|  |TAMS 0x0000000088f00000| PB 0x0000000088f00000| Untracked |  0
|  56|0x0000000089000000, 0x0000000089000000, 0x0000000089100000|  0%| F|  |TAMS 0x0000000089000000| PB 0x0000000089000000| Untracked |  0
|  57|0x0000000089100000, 0x0000000089100000, 0x0000000089200000|  0%| F|  |TAMS 0x0000000089100000| PB 0x0000000089100000| Untracked |  0
|  58|0x0000000089200000, 0x0000000089200000, 0x0000000089300000|  0%| F|  |TAMS 0x0000000089200000| PB 0x0000000089200000| Untracked |  0
|  59|0x0000000089300000, 0x0000000089300000, 0x0000000089400000|  0%| F|  |TAMS 0x0000000089300000| PB 0x0000000089300000| Untracked |  0
|  60|0x0000000089400000, 0x0000000089400000, 0x0000000089500000|  0%| F|  |TAMS 0x0000000089400000| PB 0x0000000089400000| Untracked |  0
|  61|0x0000000089500000, 0x0000000089500000, 0x0000000089600000|  0%| F|  |TAMS 0x0000000089500000| PB 0x0000000089500000| Untracked |  0
|  62|0x0000000089600000, 0x0000000089600000, 0x0000000089700000|  0%| F|  |TAMS 0x0000000089600000| PB 0x0000000089600000| Untracked |  0
|  63|0x0000000089700000, 0x0000000089700000, 0x0000000089800000|  0%| F|  |TAMS 0x0000000089700000| PB 0x0000000089700000| Untracked |  0
|  64|0x0000000089800000, 0x0000000089800000, 0x0000000089900000|  0%| F|  |TAMS 0x0000000089800000| PB 0x0000000089800000| Untracked |  0
|  65|0x0000000089900000, 0x0000000089900000, 0x0000000089a00000|  0%| F|  |TAMS 0x0000000089900000| PB 0x0000000089900000| Untracked |  0
|  66|0x0000000089a00000, 0x0000000089a00000, 0x0000000089b00000|  0%| F|  |TAMS 0x0000000089a00000| PB 0x0000000089a00000| Untracked |  0
|  67|0x0000000089b00000, 0x0000000089b00000, 0x0000000089c00000|  0%| F|  |TAMS 0x0000000089b00000| PB 0x0000000089b00000| Untracked |  0
|  68|0x0000000089c00000, 0x0000000089c00000, 0x0000000089d00000|  0%| F|  |TAMS 0x0000000089c00000| PB 0x0000000089c00000| Untracked |  0
|  69|0x0000000089d00000, 0x0000000089d00000, 0x0000000089e00000|  0%| F|  |TAMS 0x0000000089d00000| PB 0x0000000089d00000| Untracked |  0
|  70|0x0000000089e00000, 0x0000000089e00000, 0x0000000089f00000|  0%| F|  |TAMS 0x0000000089e00000| PB 0x0000000089e00000| Untracked |  0
|  71|0x0000000089f00000, 0x0000000089f00000, 0x000000008a000000|  0%| F|  |TAMS 0x0000000089f00000| PB 0x0000000089f00000| Untracked |  0
|  72|0x000000008a000000, 0x000000008a06aaa0, 0x000000008a100000| 41%| S|CS|TAMS 0x000000008a000000| PB 0x000000008a000000| Complete |  0
|  73|0x000000008a100000, 0x000000008a200000, 0x000000008a200000|100%| S|CS|TAMS 0x000000008a100000| PB 0x000000008a100000| Complete |  0
|  74|0x000000008a200000, 0x000000008a300000, 0x000000008a300000|100%| S|CS|TAMS 0x000000008a200000| PB 0x000000008a200000| Complete |  0
|  75|0x000000008a300000, 0x000000008a400000, 0x000000008a400000|100%| S|CS|TAMS 0x000000008a300000| PB 0x000000008a300000| Complete |  0
|  76|0x000000008a400000, 0x000000008a500000, 0x000000008a500000|100%| S|CS|TAMS 0x000000008a400000| PB 0x000000008a400000| Complete |  0
|  77|0x000000008a500000, 0x000000008a500000, 0x000000008a600000|  0%| F|  |TAMS 0x000000008a500000| PB 0x000000008a500000| Untracked |  0
|  78|0x000000008a600000, 0x000000008a600000, 0x000000008a700000|  0%| F|  |TAMS 0x000000008a600000| PB 0x000000008a600000| Untracked |  0
|  79|0x000000008a700000, 0x000000008a700000, 0x000000008a800000|  0%| F|  |TAMS 0x000000008a700000| PB 0x000000008a700000| Untracked |  0
|  80|0x000000008a800000, 0x000000008a800000, 0x000000008a900000|  0%| F|  |TAMS 0x000000008a800000| PB 0x000000008a800000| Untracked |  0
|  81|0x000000008a900000, 0x000000008a900000, 0x000000008aa00000|  0%| F|  |TAMS 0x000000008a900000| PB 0x000000008a900000| Untracked |  0
|  82|0x000000008aa00000, 0x000000008aa00000, 0x000000008ab00000|  0%| F|  |TAMS 0x000000008aa00000| PB 0x000000008aa00000| Untracked |  0
|  83|0x000000008ab00000, 0x000000008ab00000, 0x000000008ac00000|  0%| F|  |TAMS 0x000000008ab00000| PB 0x000000008ab00000| Untracked |  0
|  84|0x000000008ac00000, 0x000000008ac00000, 0x000000008ad00000|  0%| F|  |TAMS 0x000000008ac00000| PB 0x000000008ac00000| Untracked |  0
|  85|0x000000008ad00000, 0x000000008ad00000, 0x000000008ae00000|  0%| F|  |TAMS 0x000000008ad00000| PB 0x000000008ad00000| Untracked |  0
|  86|0x000000008ae00000, 0x000000008ae00000, 0x000000008af00000|  0%| F|  |TAMS 0x000000008ae00000| PB 0x000000008ae00000| Untracked |  0
|  87|0x000000008af00000, 0x000000008af00000, 0x000000008b000000|  0%| F|  |TAMS 0x000000008af00000| PB 0x000000008af00000| Untracked |  0
|  88|0x000000008b000000, 0x000000008b000000, 0x000000008b100000|  0%| F|  |TAMS 0x000000008b000000| PB 0x000000008b000000| Untracked |  0
|  89|0x000000008b100000, 0x000000008b100000, 0x000000008b200000|  0%| F|  |TAMS 0x000000008b100000| PB 0x000000008b100000| Untracked |  0
|  90|0x000000008b200000, 0x000000008b200000, 0x000000008b300000|  0%| F|  |TAMS 0x000000008b200000| PB 0x000000008b200000| Untracked |  0
|  91|0x000000008b300000, 0x000000008b300000, 0x000000008b400000|  0%| F|  |TAMS 0x000000008b300000| PB 0x000000008b300000| Untracked |  0
|  92|0x000000008b400000, 0x000000008b400000, 0x000000008b500000|  0%| F|  |TAMS 0x000000008b400000| PB 0x000000008b400000| Untracked |  0
|  93|0x000000008b500000, 0x000000008b500000, 0x000000008b600000|  0%| F|  |TAMS 0x000000008b500000| PB 0x000000008b500000| Untracked |  0
|  94|0x000000008b600000, 0x000000008b600000, 0x000000008b700000|  0%| F|  |TAMS 0x000000008b600000| PB 0x000000008b600000| Untracked |  0
|  95|0x000000008b700000, 0x000000008b700000, 0x000000008b800000|  0%| F|  |TAMS 0x000000008b700000| PB 0x000000008b700000| Untracked |  0
|  96|0x000000008b800000, 0x000000008b800000, 0x000000008b900000|  0%| F|  |TAMS 0x000000008b800000| PB 0x000000008b800000| Untracked |  0
|  97|0x000000008b900000, 0x000000008b900000, 0x000000008ba00000|  0%| F|  |TAMS 0x000000008b900000| PB 0x000000008b900000| Untracked |  0
|  98|0x000000008ba00000, 0x000000008ba00000, 0x000000008bb00000|  0%| F|  |TAMS 0x000000008ba00000| PB 0x000000008ba00000| Untracked |  0
|  99|0x000000008bb00000, 0x000000008bb00000, 0x000000008bc00000|  0%| F|  |TAMS 0x000000008bb00000| PB 0x000000008bb00000| Untracked |  0
| 100|0x000000008bc00000, 0x000000008bc00000, 0x000000008bd00000|  0%| F|  |TAMS 0x000000008bc00000| PB 0x000000008bc00000| Untracked |  0
| 101|0x000000008bd00000, 0x000000008bd00000, 0x000000008be00000|  0%| F|  |TAMS 0x000000008bd00000| PB 0x000000008bd00000| Untracked |  0
| 102|0x000000008be00000, 0x000000008be00000, 0x000000008bf00000|  0%| F|  |TAMS 0x000000008be00000| PB 0x000000008be00000| Untracked |  0
| 103|0x000000008bf00000, 0x000000008bf00000, 0x000000008c000000|  0%| F|  |TAMS 0x000000008bf00000| PB 0x000000008bf00000| Untracked |  0
| 104|0x000000008c000000, 0x000000008c000000, 0x000000008c100000|  0%| F|  |TAMS 0x000000008c000000| PB 0x000000008c000000| Untracked |  0
| 105|0x000000008c100000, 0x000000008c100000, 0x000000008c200000|  0%| F|  |TAMS 0x000000008c100000| PB 0x000000008c100000| Untracked |  0
| 106|0x000000008c200000, 0x000000008c280000, 0x000000008c300000| 50%| E|  |TAMS 0x000000008c200000| PB 0x000000008c200000| Complete |  0
| 107|0x000000008c300000, 0x000000008c400000, 0x000000008c400000|100%| E|CS|TAMS 0x000000008c300000| PB 0x000000008c300000| Complete |  0
| 108|0x000000008c400000, 0x000000008c500000, 0x000000008c500000|100%| E|CS|TAMS 0x000000008c400000| PB 0x000000008c400000| Complete |  0
| 109|0x000000008c500000, 0x000000008c600000, 0x000000008c600000|100%| E|CS|TAMS 0x000000008c500000| PB 0x000000008c500000| Complete |  0
| 110|0x000000008c600000, 0x000000008c700000, 0x000000008c700000|100%| E|CS|TAMS 0x000000008c600000| PB 0x000000008c600000| Complete |  0
| 111|0x000000008c700000, 0x000000008c800000, 0x000000008c800000|100%| E|CS|TAMS 0x000000008c700000| PB 0x000000008c700000| Complete |  0
| 112|0x000000008c800000, 0x000000008c900000, 0x000000008c900000|100%| E|CS|TAMS 0x000000008c800000| PB 0x000000008c800000| Complete |  0
| 113|0x000000008c900000, 0x000000008ca00000, 0x000000008ca00000|100%| E|CS|TAMS 0x000000008c900000| PB 0x000000008c900000| Complete |  0
| 114|0x000000008ca00000, 0x000000008cb00000, 0x000000008cb00000|100%| E|CS|TAMS 0x000000008ca00000| PB 0x000000008ca00000| Complete |  0
| 115|0x000000008cb00000, 0x000000008cc00000, 0x000000008cc00000|100%| E|CS|TAMS 0x000000008cb00000| PB 0x000000008cb00000| Complete |  0
| 116|0x000000008cc00000, 0x000000008cd00000, 0x000000008cd00000|100%| E|CS|TAMS 0x000000008cc00000| PB 0x000000008cc00000| Complete |  0
| 117|0x000000008cd00000, 0x000000008ce00000, 0x000000008ce00000|100%| E|CS|TAMS 0x000000008cd00000| PB 0x000000008cd00000| Complete |  0
| 118|0x000000008ce00000, 0x000000008cf00000, 0x000000008cf00000|100%| E|CS|TAMS 0x000000008ce00000| PB 0x000000008ce00000| Complete |  0
| 119|0x000000008cf00000, 0x000000008d000000, 0x000000008d000000|100%| E|CS|TAMS 0x000000008cf00000| PB 0x000000008cf00000| Complete |  0
| 120|0x000000008d000000, 0x000000008d100000, 0x000000008d100000|100%| E|CS|TAMS 0x000000008d000000| PB 0x000000008d000000| Complete |  0
| 121|0x000000008d100000, 0x000000008d200000, 0x000000008d200000|100%| E|CS|TAMS 0x000000008d100000| PB 0x000000008d100000| Complete |  0
| 122|0x000000008d200000, 0x000000008d300000, 0x000000008d300000|100%| E|CS|TAMS 0x000000008d200000| PB 0x000000008d200000| Complete |  0
| 123|0x000000008d300000, 0x000000008d400000, 0x000000008d400000|100%| E|CS|TAMS 0x000000008d300000| PB 0x000000008d300000| Complete |  0
|1958|0x00000000ffe00000, 0x00000000fff00000, 0x00000000fff00000|100%| O|  |TAMS 0x00000000ffe00000| PB 0x00000000ffe00000| Untracked |  0
|1959|0x00000000fff00000, 0x00000000fff25608, 0x0000000100000000| 14%| O|  |TAMS 0x00000000fff00000| PB 0x00000000fff00000| Untracked |  0

Card table byte_map: [0x000002185fb20000,0x000002185ff00000] _byte_map_base: 0x000002185f6f4000

Marking Bits: (CMBitMap*) 0x00000218479c2b50
 Bits: [0x000002185ff00000, 0x0000021861da0000)

Polling page: 0x00000218459d0000

Metaspace:
Metaspace        used 12689K, committed 12928K, reserved 1114112K
 class space     used 1211K, committed 1344K, reserved 1048576K

Usage:
  Non-class:     11.21 MB used.
      Class:      1.18 MB used.
       Both:     12.39 MB used.

Virtual space:
  Non-class space:       64.00 MB reserved,      11.31 MB ( 18%) committed,  1 nodes.
      Class space:        1.00 GB reserved,       1.31 MB ( <1%) committed,  1 nodes.
             Both:        1.06 GB reserved,      12.62 MB (  1%) committed. 

Chunk freelists:
   Non-Class:  3.66 MB
       Class:  14.72 MB
        Both:  18.38 MB

MaxMetaspaceSize: unlimited
CompressedClassSpaceSize: 1.00 GB
Initial GC threshold: 21.00 MB
Current GC threshold: 21.00 MB
CDS: on
 - commit_granule_bytes: 65536.
 - commit_granule_words: 8192.
 - virtual_space_node_default_size: 8388608.
 - enlarge_chunks_in_place: 1.
UseCompressedClassPointers 1, UseCompactObjectHeaders 0
Narrow klass pointer bits 32, Max shift 3
Narrow klass base: 0x000000003e000000, Narrow klass shift: 0
Encoding Range: [0x000000003e000000 - 0x000000013e000000), (4294967296 bytes)
Klass Range:    [0x000000003e010000 - 0x000000007f000000), (1090453504 bytes)
Klass ID Range:  [65536 - 1090519033) (1090453497)
Protection zone: [0x000000003e000000 - 0x000000003e010000), (65536 bytes)


Internal statistics:

num_allocs_failed_limit: 0.
num_arena_births: 84.
num_arena_deaths: 0.
num_vsnodes_births: 2.
num_vsnodes_deaths: 0.
num_space_committed: 203.
num_space_uncommitted: 0.
num_chunks_returned_to_freelist: 0.
num_chunks_taken_from_freelist: 507.
num_chunk_merges: 0.
num_chunk_splits: 358.
num_chunks_enlarged: 293.
num_inconsistent_stats: 0.

CodeHeap 'non-profiled nmethods': size=120064Kb used=838Kb max_used=838Kb free=119225Kb
 bounds [0x0000021857ca0000, 0x0000021857f10000, 0x000002185f1e0000]
CodeHeap 'profiled nmethods': size=120000Kb used=4834Kb max_used=4834Kb free=115165Kb
 bounds [0x00000218501e0000, 0x00000218506a0000, 0x0000021857710000]
CodeHeap 'non-nmethods': size=5696Kb used=1382Kb max_used=1415Kb free=4313Kb
 bounds [0x0000021857710000, 0x0000021857980000, 0x0000021857ca0000]
CodeCache: size=245760Kb, used=7054Kb, max_used=7087Kb, free=238703Kb
 total_blobs=3606, nmethods=3102, adapters=406, full_count=0
Compilation: enabled, stopped_count=0, restarted_count=0

Compilation events (20 events):
Event: 1.935 Thread 0x00000218649e7a20 nmethod 2838 0x0000021850630f88 code [0x0000021850631080, 0x0000021850631288]
Event: 1.935 Thread 0x00000218649e7a20 2839       3       java.lang.reflect.Proxy$ProxyBuilder::addElementTypes (33 bytes)
Event: 1.935 Thread 0x00000218649e7a20 nmethod 2839 0x0000021850631308 code [0x0000021850631400, 0x0000021850631b80]
Event: 1.935 Thread 0x00000218649e7a20 2840       3       jdk.internal.classfile.impl.DirectCodeBuilder::receiverSlot (10 bytes)
Event: 1.936 Thread 0x00000218649e7a20 nmethod 2840 0x0000021850631b88 code [0x0000021850631c80, 0x0000021850632018]
Event: 1.936 Thread 0x00000218649e7a20 2841       3       jdk.internal.classfile.impl.MethodInfo::receiverSlot (24 bytes)
Event: 1.936 Thread 0x00000218649e7a20 nmethod 2841 0x0000021850632088 code [0x0000021850632180, 0x0000021850632400]
Event: 1.936 Thread 0x00000218697624f0 2842       4       java.util.ImmutableCollections$ListN::size (6 bytes)
Event: 1.936 Thread 0x00000218649e7a20 2843       1       java.lang.constant.ClassDesc::isArray (2 bytes)
Event: 1.936 Thread 0x00000218649e7a20 nmethod 2843 0x0000021857d60c88 code [0x0000021857d60d80, 0x0000021857d60e48]
Event: 1.936 Thread 0x00000218649e7a20 2844       3       jdk.internal.classfile.impl.StackCounter::processLdc (183 bytes)
Event: 1.936 Thread 0x00000218697624f0 nmethod 2842 0x0000021857d60f88 code [0x0000021857d61080, 0x0000021857d61110]
Event: 1.937 Thread 0x00000218649e7a20 nmethod 2844 0x0000021850632408 code [0x0000021850632500, 0x0000021850634078]
Event: 1.938 Thread 0x000002186980b4d0 2845       4       java.util.TimSort::binarySort (223 bytes)
Event: 1.942 Thread 0x00000218649e7a20 2846       3       com.google.inject.internal.MembersInjectorStore::get (13 bytes)
Event: 1.942 Thread 0x00000218649e7a20 nmethod 2846 0x0000021850634088 code [0x0000021850634180, 0x0000021850634410]
Event: 1.943 Thread 0x00000218697624f0 2847       4       java.util.Collections::emptySet (4 bytes)
Event: 1.943 Thread 0x00000218697624f0 nmethod 2847 0x0000021857d61288 code [0x0000021857d61380, 0x0000021857d613f0]
Event: 1.947 Thread 0x00000218697624f0 2848       4       java.lang.Integer::hashCode (8 bytes)
Event: 1.947 Thread 0x00000218697624f0 nmethod 2848 0x0000021857d61588 code [0x0000021857d61680, 0x0000021857d616f8]

GC Heap Usage History (2 events):
Event: 1.542 {heap Before GC invocations=0 (full 0):
 garbage-first heap   total reserved 2007040K, committed 129024K, used 49301K [0x0000000085800000, 0x0000000100000000)
  region size 1024K, 47 young (48128K), 0 survivors (0K)
}
Event: 1.548 {heap After GC invocations=1 (full 0):
 garbage-first heap   total reserved 2007040K, committed 129024K, used 5696K [0x0000000085800000, 0x0000000100000000)
  region size 1024K, 5 young (5120K), 5 survivors (5120K)
}

Metaspace Usage History (2 events):
Event: 1.542 {metaspace Before GC invocations=0 (full 0):
 Metaspace       used 9159K, committed 9280K, reserved 1114112K
  class space    used 811K, committed 896K, reserved 1048576K
}
Event: 1.548 {metaspace After GC invocations=1 (full 0):
 Metaspace       used 9159K, committed 9280K, reserved 1114112K
  class space    used 811K, committed 896K, reserved 1048576K
}

Dll operation events (7 events):
Event: 0.029 Loaded shared library C:\Program Files\Java\jdk-25\bin\java.dll
Event: 0.118 Loaded shared library C:\Program Files\Java\jdk-25\bin\net.dll
Event: 0.121 Loaded shared library C:\Program Files\Java\jdk-25\bin\nio.dll
Event: 0.128 Loaded shared library C:\Program Files\Java\jdk-25\bin\zip.dll
Event: 0.346 Loaded shared library C:\Program Files\Java\jdk-25\bin\jimage.dll
Event: 0.347 Loaded shared library C:\Users\HP\.m2\wrapper\dists\apache-maven-3.9.14\ed7edd442f634ac1c1ef5ba2b61b6d690b5221091f1a8e1123f5fadcc967520d\lib\jansi-native\Windows\x86_64\jansi.dll
Event: 0.370 Loaded shared library C:\Program Files\Java\jdk-25\bin\verify.dll

Deoptimization events (20 events):
Event: 1.947 Thread 0x00000218454a4fe0 Uncommon trap: trap_request=0xffffffc6 fr.pc=0x0000021857d202ac relative=0x00000000000006ac
Event: 1.947 Thread 0x00000218454a4fe0 Uncommon trap: reason=bimorphic_or_optimized_type_check action=maybe_recompile pc=0x0000021857d202ac method=java.util.HashMap.putVal(ILjava/lang/Object;Ljava/lang/Object;ZZ)Ljava/lang/Object; @ 91 c2
Event: 1.947 Thread 0x00000218454a4fe0 DEOPT PACKING pc=0x0000021857d202ac sp=0x00000082440fe8b0
Event: 1.947 Thread 0x00000218454a4fe0 DEOPT UNPACKING pc=0x0000021857831802 sp=0x00000082440fe7a0 mode 2
Event: 1.947 Thread 0x00000218454a4fe0 Uncommon trap: trap_request=0xffffffde fr.pc=0x0000021857d20268 relative=0x0000000000000668
Event: 1.947 Thread 0x00000218454a4fe0 Uncommon trap: reason=class_check action=maybe_recompile pc=0x0000021857d20268 method=java.util.HashMap.putVal(ILjava/lang/Object;Ljava/lang/Object;ZZ)Ljava/lang/Object; @ 203 c2
Event: 1.947 Thread 0x00000218454a4fe0 DEOPT PACKING pc=0x0000021857d20268 sp=0x00000082440fe8b0
Event: 1.947 Thread 0x00000218454a4fe0 DEOPT UNPACKING pc=0x0000021857831802 sp=0x00000082440fe7a0 mode 2
Event: 1.947 Thread 0x00000218454a4fe0 Uncommon trap: trap_request=0xffffffc6 fr.pc=0x0000021857d202ac relative=0x00000000000006ac
Event: 1.947 Thread 0x00000218454a4fe0 Uncommon trap: reason=bimorphic_or_optimized_type_check action=maybe_recompile pc=0x0000021857d202ac method=java.util.HashMap.putVal(ILjava/lang/Object;Ljava/lang/Object;ZZ)Ljava/lang/Object; @ 91 c2
Event: 1.947 Thread 0x00000218454a4fe0 DEOPT PACKING pc=0x0000021857d202ac sp=0x00000082440fe8b0
Event: 1.947 Thread 0x00000218454a4fe0 DEOPT UNPACKING pc=0x0000021857831802 sp=0x00000082440fe7a0 mode 2
Event: 1.947 Thread 0x00000218454a4fe0 Uncommon trap: trap_request=0xffffffde fr.pc=0x0000021857d20268 relative=0x0000000000000668
Event: 1.947 Thread 0x00000218454a4fe0 Uncommon trap: reason=class_check action=maybe_recompile pc=0x0000021857d20268 method=java.util.HashMap.putVal(ILjava/lang/Object;Ljava/lang/Object;ZZ)Ljava/lang/Object; @ 203 c2
Event: 1.947 Thread 0x00000218454a4fe0 DEOPT PACKING pc=0x0000021857d20268 sp=0x00000082440fe8b0
Event: 1.947 Thread 0x00000218454a4fe0 DEOPT UNPACKING pc=0x0000021857831802 sp=0x00000082440fe7a0 mode 2
Event: 1.947 Thread 0x00000218454a4fe0 Uncommon trap: trap_request=0xffffffc6 fr.pc=0x0000021857d12c34 relative=0x0000000000000634
Event: 1.947 Thread 0x00000218454a4fe0 Uncommon trap: reason=bimorphic_or_optimized_type_check action=maybe_recompile pc=0x0000021857d12c34 method=java.util.HashMap.putVal(ILjava/lang/Object;Ljava/lang/Object;ZZ)Ljava/lang/Object; @ 91 c2
Event: 1.947 Thread 0x00000218454a4fe0 DEOPT PACKING pc=0x0000021857d12c34 sp=0x00000082440fe800
Event: 1.947 Thread 0x00000218454a4fe0 DEOPT UNPACKING pc=0x0000021857831802 sp=0x00000082440fe790 mode 2

Classes loaded (20 events):
Event: 1.650 Loading class java/nio/channels/OverlappingFileLockException
Event: 1.650 Loading class java/nio/channels/OverlappingFileLockException done
Event: 1.650 Loading class java/nio/channels/FileLock
Event: 1.650 Loading class java/nio/channels/FileLock done
Event: 1.668 Loading class java/nio/file/AccessDeniedException
Event: 1.668 Loading class java/nio/file/AccessDeniedException done
Event: 1.713 Loading class java/lang/ClassValue$ClassValueMap
Event: 1.713 Loading class java/lang/ClassValue$ClassValueMap done
Event: 1.717 Loading class java/util/TreeMap$Values
Event: 1.718 Loading class java/util/TreeMap$Values done
Event: 1.720 Loading class java/util/TreeMap$ValueIterator
Event: 1.720 Loading class java/util/TreeMap$ValueIterator done
Event: 1.724 Loading class java/lang/invoke/DirectMethodHandle$StaticAccessor
Event: 1.725 Loading class java/lang/invoke/DirectMethodHandle$StaticAccessor done
Event: 1.727 Loading class java/lang/ClassValue$RemovalToken
Event: 1.727 Loading class java/lang/ClassValue$RemovalToken done
Event: 1.824 Loading class sun/reflect/generics/scope/MethodScope
Event: 1.824 Loading class sun/reflect/generics/scope/MethodScope done
Event: 1.824 Loading class sun/reflect/generics/repository/MethodRepository
Event: 1.824 Loading class sun/reflect/generics/repository/MethodRepository done

Classes unloaded (0 events):
No events

Classes redefined (0 events):
No events

Internal exceptions (20 events):
Event: 0.356 Thread 0x00000218454a4fe0 Exception <a 'java/lang/NullPointerException'{0x000000008ce61020}> (0x000000008ce61020) 
thrown [s\open\src\hotspot\share\interpreter\linkResolver.cpp, line 1416]
Event: 0.357 Thread 0x00000218454a4fe0 Exception <a 'java/lang/NullPointerException'{0x000000008ce72a60}> (0x000000008ce72a60) 
thrown [s\open\src\hotspot\share\interpreter\linkResolver.cpp, line 1416]
Event: 0.357 Thread 0x00000218454a4fe0 Exception <a 'java/lang/NullPointerException'{0x000000008ce72d40}> (0x000000008ce72d40) 
thrown [s\open\src\hotspot\share\interpreter\linkResolver.cpp, line 1416]
Event: 0.357 Thread 0x00000218454a4fe0 Exception <a 'java/lang/NullPointerException'{0x000000008ce73020}> (0x000000008ce73020) 
thrown [s\open\src\hotspot\share\interpreter\linkResolver.cpp, line 1416]
Event: 0.357 Thread 0x00000218454a4fe0 Exception <a 'java/lang/NullPointerException'{0x000000008ce73300}> (0x000000008ce73300) 
thrown [s\open\src\hotspot\share\interpreter\linkResolver.cpp, line 1416]
Event: 0.383 Thread 0x00000218454a4fe0 Exception <a 'java/lang/NoSuchMethodError'{0x000000008cd4fd40}: 'void java.lang.invoke.DirectMethodHandle$Holder.invokeVirtual(java.lang.Object, java.lang.Object)'> (0x000000008cd4fd40) 
thrown [s\open\src\hotspot\share\interpreter\linkResolver.cpp, line 804]
Event: 0.386 Thread 0x00000218454a4fe0 Exception <a 'java/lang/NoSuchMethodError'{0x000000008cd71688}: 'void java.lang.invoke.DirectMethodHandle$Holder.invokeStatic(java.lang.Object, java.lang.Object)'> (0x000000008cd71688) 
thrown [s\open\src\hotspot\share\interpreter\linkResolver.cpp, line 804]
Event: 0.387 Thread 0x00000218454a4fe0 Exception <a 'java/lang/NoSuchMethodError'{0x000000008cd79430}: 'void java.lang.invoke.DirectMethodHandle$Holder.invokeStaticInit(java.lang.Object, java.lang.Object)'> (0x000000008cd79430) 
thrown [s\open\src\hotspot\share\interpreter\linkResolver.cpp, line 804]
Event: 0.402 Thread 0x00000218454a4fe0 Exception <a 'java/lang/NoSuchMethodError'{0x000000008cdcb9c0}: 'void java.lang.invoke.DirectMethodHandle$Holder.invokeStatic(java.lang.Object, java.lang.Object, java.lang.Object)'> (0x000000008cdcb9c0) 
thrown [s\open\src\hotspot\share\interpreter\linkResolver.cpp, line 804]
Event: 0.481 Thread 0x00000218454a4fe0 Exception <a 'java/lang/NoSuchMethodError'{0x000000008cb50960}: 'java.lang.Object java.lang.invoke.DirectMethodHandle$Holder.invokeSpecialIFC(java.lang.Object, java.lang.Object, java.lang.Object, java.lang.Object)'> (0x000000008cb50960) 
thrown [s\open\src\hotspot\share\interpreter\linkResolver.cpp, line 804]
Event: 0.684 Thread 0x00000218454a4fe0 Exception <a 'java/lang/NoSuchMethodError'{0x000000008c66f368}: 'void java.lang.invoke.DirectMethodHandle$Holder.invokeSpecial(java.lang.Object, java.lang.Object, java.lang.Object)'> (0x000000008c66f368) 
thrown [s\open\src\hotspot\share\interpreter\linkResolver.cpp, line 804]
Event: 0.725 Thread 0x00000218454a4fe0 Exception <a 'java/lang/NoSuchMethodError'{0x000000008c595810}: 'java.lang.Object java.lang.invoke.DirectMethodHandle$Holder.invokeInterface(java.lang.Object, java.lang.Object)'> (0x000000008c595810) 
thrown [s\open\src\hotspot\share\interpreter\linkResolver.cpp, line 804]
Event: 0.754 Thread 0x00000218454a4fe0 Exception <a 'java/lang/NoSuchMethodError'{0x000000008c447270}: 'int java.lang.invoke.DirectMethodHandle$Holder.invokeStatic(java.lang.Object, java.lang.Object, java.lang.Object, java.lang.Object)'> (0x000000008c447270) 
thrown [s\open\src\hotspot\share\interpreter\linkResolver.cpp, line 804]
Event: 0.763 Thread 0x00000218454a4fe0 Exception <a 'java/lang/NoSuchMethodError'{0x000000008c470e48}: 'int java.lang.invoke.DirectMethodHandle$Holder.invokeSpecialIFC(java.lang.Object, java.lang.Object, java.lang.Object, java.lang.Object, java.lang.Object)'> (0x000000008c470e48) 
thrown [s\open\src\hotspot\share\interpreter\linkResolver.cpp, line 804]
Event: 0.819 Thread 0x00000218454a4fe0 Exception <a 'java/lang/NoSuchMethodError'{0x000000008c24d8c0}: 'java.lang.Object java.lang.invoke.DirectMethodHandle$Holder.newInvokeSpecial(java.lang.Object, java.lang.Object, java.lang.Object, java.lang.Object, java.lang.Object)'> (0x000000008c24d8c0) 
thrown [s\open\src\hotspot\share\interpreter\linkResolver.cpp, line 804]
Event: 0.848 Thread 0x00000218454a4fe0 Exception <a 'java/lang/NoSuchMethodError'{0x000000008c16eee8}: 'int java.lang.invoke.DirectMethodHandle$Holder.invokeStaticInit(java.lang.Object, java.lang.Object)'> (0x000000008c16eee8) 
thrown [s\open\src\hotspot\share\interpreter\linkResolver.cpp, line 804]
Event: 0.855 Thread 0x00000218454a4fe0 Exception <a 'java/lang/NoClassDefFoundError'{0x000000008c1aa4a0}: javax/enterprise/inject/Typed> (0x000000008c1aa4a0) 
thrown [s\open\src\hotspot\share\classfile\systemDictionary.cpp, line 316]
Event: 1.711 Thread 0x00000218454a4fe0 Exception <a 'java/lang/NoSuchMethodError'{0x000000008ceac930}: 'void java.lang.invoke.DirectMethodHandle$Holder.invokeStaticInit(java.lang.Object, java.lang.Object, java.lang.Object)'> (0x000000008ceac930) 
thrown [s\open\src\hotspot\share\interpreter\linkResolver.cpp, line 804]
Event: 1.723 Thread 0x00000218454a4fe0 Implicit null exception at 0x0000021857d1531d to 0x0000021857d154ac
Event: 1.727 Thread 0x00000218454a4fe0 Exception <a 'java/lang/NoSuchMethodError'{0x000000008cd39ec8}: 'java.lang.Object java.lang.invoke.Invokers$Holder.invokeExact_MT(java.lang.Object, int, java.lang.Object)'> (0x000000008cd39ec8) 
thrown [s\open\src\hotspot\share\interpreter\linkResolver.cpp, line 804]

VM Operations (20 events):
Event: 0.332 Executing non-safepoint VM operation: HandshakeAllThreads (Deoptimize)
Event: 0.332 Executing non-safepoint VM operation: HandshakeAllThreads (Deoptimize) done
Event: 0.351 Executing non-safepoint VM operation: HandshakeAllThreads (Deoptimize)
Event: 0.351 Executing non-safepoint VM operation: HandshakeAllThreads (Deoptimize) done
Event: 0.756 Executing non-safepoint VM operation: HandshakeAllThreads (Deoptimize)
Event: 0.756 Executing non-safepoint VM operation: HandshakeAllThreads (Deoptimize) done
Event: 1.350 Executing non-safepoint VM operation: HandshakeAllThreads (Deoptimize)
Event: 1.350 Executing non-safepoint VM operation: HandshakeAllThreads (Deoptimize) done
Event: 1.433 Executing non-safepoint VM operation: HandshakeAllThreads (Deoptimize)
Event: 1.433 Executing non-safepoint VM operation: HandshakeAllThreads (Deoptimize) done
Event: 1.542 Executing safepoint VM operation: G1CollectForAllocation (G1 Evacuation Pause)
Event: 1.548 Executing safepoint VM operation: G1CollectForAllocation (G1 Evacuation Pause) done
Event: 1.713 Executing non-safepoint VM operation: HandshakeAllThreads (Deoptimize)
Event: 1.714 Executing non-safepoint VM operation: HandshakeAllThreads (Deoptimize) done
Event: 1.765 Executing non-safepoint VM operation: HandshakeAllThreads (Deoptimize)
Event: 1.765 Executing non-safepoint VM operation: HandshakeAllThreads (Deoptimize) done
Event: 1.767 Executing non-safepoint VM operation: HandshakeAllThreads (Deoptimize)
Event: 1.767 Executing non-safepoint VM operation: HandshakeAllThreads (Deoptimize) done
Event: 1.825 Executing non-safepoint VM operation: HandshakeAllThreads (Deoptimize)
Event: 1.825 Executing non-safepoint VM operation: HandshakeAllThreads (Deoptimize) done

Memory protections (0 events):
No events

Nmethod flushes (0 events):
No events

Events (17 events):
Event: 0.077 Thread 0x00000218454a4fe0 Thread added: 0x00000218454a4fe0
Event: 0.098 Thread 0x00000218454a4fe0 Thread added: 0x00000218649bcb10
Event: 0.098 Thread 0x00000218454a4fe0 Thread added: 0x00000218649bd420
Event: 0.099 Thread 0x00000218454a4fe0 Thread added: 0x00000218649c22c0
Event: 0.099 Thread 0x00000218454a4fe0 Thread added: 0x00000218649c65e0
Event: 0.099 Thread 0x00000218454a4fe0 Thread added: 0x00000218649c4240
Event: 0.100 Thread 0x00000218454a4fe0 Thread added: 0x00000218649d3380
Event: 0.100 Thread 0x00000218454a4fe0 Thread added: 0x00000218649d9560
Event: 0.100 Thread 0x00000218454a4fe0 Thread added: 0x00000218649e7a20
Event: 0.110 Thread 0x00000218454a4fe0 Thread added: 0x0000021864b3b0f0
Event: 0.114 Thread 0x00000218454a4fe0 Thread added: 0x0000021864b412b0
Event: 0.339 Thread 0x00000218454a4fe0 Thread added: 0x0000021864de5420
Event: 0.370 Thread 0x0000021864de5420 Thread exited: 0x0000021864de5420
Event: 0.540 Thread 0x00000218649e7a20 Thread added: 0x00000218696b1390
Event: 0.800 Thread 0x00000218696b1390 Thread exited: 0x00000218696b1390
Event: 0.868 Thread 0x00000218649e7a20 Thread added: 0x00000218697624f0
Event: 0.896 Thread 0x00000218649e7a20 Thread added: 0x000002186980b4d0


Dynamic libraries:
0x00007ff674340000 - 0x00007ff674350000 	C:\Program Files\Java\jdk-25\bin\java.exe
0x00007ffe3f480000 - 0x00007ffe3f6e7000 	C:\WINDOWS\SYSTEM32\ntdll.dll
0x00007ffe00ff0000 - 0x00007ffe01011000 	C:\Program Files\Avast Software\Avast\aswhook.dll
0x00007ffe3e490000 - 0x00007ffe3e559000 	C:\WINDOWS\System32\KERNEL32.DLL
0x00007ffe3bd20000 - 0x00007ffe3c114000 	C:\WINDOWS\System32\KERNELBASE.dll
0x00007ffe3c290000 - 0x00007ffe3c3db000 	C:\WINDOWS\System32\ucrtbase.dll
0x00007ffde34a0000 - 0x00007ffde34b7000 	C:\Program Files\Java\jdk-25\bin\jli.dll
0x00007ffde2c20000 - 0x00007ffde2c3e000 	C:\Program Files\Java\jdk-25\bin\VCRUNTIME140.dll
0x00007ffe3df80000 - 0x00007ffe3e145000 	C:\WINDOWS\System32\USER32.dll
0x00007ffe3d070000 - 0x00007ffe3d097000 	C:\WINDOWS\System32\win32u.dll
0x00007ffe3e940000 - 0x00007ffe3e96b000 	C:\WINDOWS\System32\GDI32.dll
0x00007ffe3cd00000 - 0x00007ffe3ce2b000 	C:\WINDOWS\System32\gdi32full.dll
0x00007ffe0e7b0000 - 0x00007ffe0ea43000 	C:\WINDOWS\WinSxS\amd64_microsoft.windows.common-controls_6595b64144ccf1df_6.0.26100.8115_none_3e075c82e3354f9c\COMCTL32.dll
0x00007ffe3c3e0000 - 0x00007ffe3c483000 	C:\WINDOWS\System32\msvcp_win.dll
0x00007ffe3ded0000 - 0x00007ffe3df79000 	C:\WINDOWS\System32\msvcrt.dll
0x00007ffe3e3c0000 - 0x00007ffe3e3f2000 	C:\WINDOWS\System32\IMM32.DLL
0x00007ffe0ea50000 - 0x00007ffe0ea5c000 	C:\Program Files\Java\jdk-25\bin\vcruntime140_1.dll
0x00007ffdd5070000 - 0x00007ffdd50fd000 	C:\Program Files\Java\jdk-25\bin\msvcp140.dll
0x00007ffd80430000 - 0x00007ffd8128f000 	C:\Program Files\Java\jdk-25\bin\server\jvm.dll
0x00007ffe3f190000 - 0x00007ffe3f246000 	C:\WINDOWS\System32\ADVAPI32.dll
0x00007ffe3d210000 - 0x00007ffe3d2b7000 	C:\WINDOWS\System32\sechost.dll
0x00007ffe3e570000 - 0x00007ffe3e688000 	C:\WINDOWS\System32\RPCRT4.dll
0x00007ffe3eb90000 - 0x00007ffe3ec10000 	C:\WINDOWS\System32\WS2_32.dll
0x00007ffe33ae0000 - 0x00007ffe33b16000 	C:\WINDOWS\SYSTEM32\WINMM.dll
0x00007ffe3bba0000 - 0x00007ffe3bbfe000 	C:\WINDOWS\SYSTEM32\POWRPROF.dll
0x00007ffe2d8f0000 - 0x00007ffe2d8fb000 	C:\WINDOWS\SYSTEM32\VERSION.dll
0x00007ffe3bb60000 - 0x00007ffe3bb74000 	C:\WINDOWS\SYSTEM32\UMPDC.dll
0x00007ffe3aab0000 - 0x00007ffe3aacb000 	C:\WINDOWS\SYSTEM32\kernel.appcore.dll
0x00007ffe03650000 - 0x00007ffe0365a000 	C:\Program Files\Java\jdk-25\bin\jimage.dll
0x00007ffe39cb0000 - 0x00007ffe39ef2000 	C:\WINDOWS\SYSTEM32\DBGHELP.DLL
0x00007ffe3db40000 - 0x00007ffe3dec2000 	C:\WINDOWS\System32\combase.dll
0x00007ffe3f0b0000 - 0x00007ffe3f188000 	C:\WINDOWS\System32\OLEAUT32.dll
0x00007ffe272f0000 - 0x00007ffe2732b000 	C:\WINDOWS\SYSTEM32\dbgcore.DLL
0x00007ffe3d0a0000 - 0x00007ffe3d145000 	C:\WINDOWS\System32\bcryptPrimitives.dll
0x00007ffde2a90000 - 0x00007ffde2aaf000 	C:\Program Files\Java\jdk-25\bin\java.dll
0x00007ffe3e970000 - 0x00007ffe3eb07000 	C:\WINDOWS\System32\ole32.dll
0x00007ffe3d330000 - 0x00007ffe3da97000 	C:\WINDOWS\System32\SHELL32.dll
0x00007ffe3c120000 - 0x00007ffe3c28a000 	C:\WINDOWS\System32\wintypes.dll
0x00007ffe3c490000 - 0x00007ffe3ccf8000 	C:\WINDOWS\System32\windows.storage.dll
0x00007ffe3e6e0000 - 0x00007ffe3e7d8000 	C:\WINDOWS\System32\SHCORE.dll
0x00007ffe3d2c0000 - 0x00007ffe3d326000 	C:\WINDOWS\System32\shlwapi.dll
0x00007ffe3bc40000 - 0x00007ffe3bc69000 	C:\WINDOWS\SYSTEM32\profapi.dll
0x00007ffde2040000 - 0x00007ffde2052000 	C:\Program Files\Java\jdk-25\bin\net.dll
0x00007ffe3b020000 - 0x00007ffe3b08c000 	C:\WINDOWS\system32\mswsock.dll
0x00007ffde06d0000 - 0x00007ffde06e6000 	C:\Program Files\Java\jdk-25\bin\nio.dll
0x00007ffddbfb0000 - 0x00007ffddbfc7000 	C:\Program Files\Java\jdk-25\bin\zip.dll
0x00007ffddbc70000 - 0x00007ffddbc94000 	C:\Users\HP\.m2\wrapper\dists\apache-maven-3.9.14\ed7edd442f634ac1c1ef5ba2b61b6d690b5221091f1a8e1123f5fadcc967520d\lib\jansi-native\Windows\x86_64\jansi.dll
0x00007ffe03160000 - 0x00007ffe03170000 	C:\Program Files\Java\jdk-25\bin\verify.dll

JVMTI agents: none

dbghelp: loaded successfully - version: 4.0.5 - missing functions: none
symbol engine: initialized successfully - sym options: 0x614 - pdb path: .;C:\Program Files\Java\jdk-25\bin;C:\WINDOWS\SYSTEM32;C:\Program Files\Avast Software\Avast;C:\WINDOWS\WinSxS\amd64_microsoft.windows.common-controls_6595b64144ccf1df_6.0.26100.8115_none_3e075c82e3354f9c;C:\Program Files\Java\jdk-25\bin\server;C:\Users\HP\.m2\wrapper\dists\apache-maven-3.9.14\ed7edd442f634ac1c1ef5ba2b61b6d690b5221091f1a8e1123f5fadcc967520d\lib\jansi-native\Windows\x86_64

VM Arguments:
jvm_args: --enable-native-access=ALL-UNNAMED -Dclassworlds.conf=C:\Users\HP\.m2\wrapper\dists\apache-maven-3.9.14\ed7edd442f634ac1c1ef5ba2b61b6d690b5221091f1a8e1123f5fadcc967520d\bin\m2.conf -Dmaven.home=C:\Users\HP\.m2\wrapper\dists\apache-maven-3.9.14\ed7edd442f634ac1c1ef5ba2b61b6d690b5221091f1a8e1123f5fadcc967520d -Dlibrary.jansi.path=C:\Users\HP\.m2\wrapper\dists\apache-maven-3.9.14\ed7edd442f634ac1c1ef5ba2b61b6d690b5221091f1a8e1123f5fadcc967520d\lib\jansi-native -Dmaven.multiModuleProjectDirectory=C:\Users\HP\Videos\INTER\backend\backend 
java_command: org.codehaus.plexus.classworlds.launcher.Launcher spring-boot:run
java_class_path (initial): C:\Users\HP\.m2\wrapper\dists\apache-maven-3.9.14\ed7edd442f634ac1c1ef5ba2b61b6d690b5221091f1a8e1123f5fadcc967520d\boot\plexus-classworlds-2.9.0.jar
Launcher Type: SUN_STANDARD

[Global flags]
     intx CICompilerCount                          = 4                                         {product} {ergonomic}
     uint ConcGCThreads                            = 3                                         {product} {ergonomic}
     uint G1ConcRefinementThreads                  = 10                                        {product} {ergonomic}
   size_t G1HeapRegionSize                         = 1048576                                   {product} {ergonomic}
   size_t InitialHeapSize                          = 130023424                                 {product} {ergonomic}
   size_t MarkStackSize                            = 4194304                                   {product} {ergonomic}
   size_t MarkStackSizeMax                         = 536870912                                 {product} {ergonomic}
   size_t MaxHeapSize                              = 2055208960                                {product} {ergonomic}
   size_t MaxNewSize                               = 1233125376                                {product} {ergonomic}
   size_t MinHeapDeltaBytes                        = 1048576                                   {product} {ergonomic}
   size_t MinHeapSize                              = 8388608                                   {product} {ergonomic}
    uintx NonNMethodCodeHeapSize                   = 5832704                                {pd product} {ergonomic}
    uintx NonProfiledCodeHeapSize                  = 122945536                              {pd product} {ergonomic}
    uintx ProfiledCodeHeapSize                     = 122880000                              {pd product} {ergonomic}
    uintx ReservedCodeCacheSize                    = 251658240                              {pd product} {ergonomic}
     bool SegmentedCodeCache                       = true                                      {product} {ergonomic}
   size_t SoftMaxHeapSize                          = 2055208960                             {manageable} {ergonomic}
     bool UseCompressedOops                        = true                           {product lp64_product} {ergonomic}
     bool UseG1GC                                  = true                                      {product} {ergonomic}
     bool UseLargePagesIndividualAllocation        = false                                  {pd product} {ergonomic}

Logging:
Log output configuration:
 #0: stdout all=warning uptime,level,tags foldmultilines=false
 #1: stderr all=off uptime,level,tags foldmultilines=false

Release file:
IMPLEMENTOR="Oracle Corporation" 
JAVA_RUNTIME_VERSION="25+37-LTS-3491" 
JAVA_VERSION="25" 
JAVA_VERSION_DATE="2025-09-16" 
LIBC="default" 
MODULES="java.base java.compiler java.datatransfer java.xml java.prefs java.desktop java.instrument java.logging java.management java.security.sasl java.naming java.rmi java.management.rmi java.net.http java.scripting java.security.jgss java.transaction.xa java.sql java.sql.rowset java.xml.crypto java.se java.smartcardio jdk.accessibility jdk.internal.jvmstat jdk.attach jdk.charsets jdk.internal.opt jdk.zipfs jdk.compiler jdk.crypto.cryptoki jdk.crypto.ec jdk.crypto.mscapi jdk.dynalink jdk.internal.ed jdk.editpad jdk.internal.vm.ci jdk.graal.compiler jdk.graal.compiler.management jdk.hotspot.agent jdk.httpserver jdk.incubator.vector jdk.internal.le jdk.internal.md jdk.jartool jdk.javadoc jdk.jcmd jdk.management jdk.management.agent jdk.jconsole jdk.jdeps jdk.jdwp.agent jdk.jdi jdk.jfr jdk.jlink jdk.jpackage jdk.jshell jdk.jsobject jdk.jstatd jdk.localedata jdk.management.jfr jdk.naming.dns jdk.naming.rmi jdk.net jdk.nio.mapmode jdk.sctp jdk.security.auth jdk.security.jgss jdk.unsupported jdk.unsupported.desktop jdk.xml.dom" 
OS_ARCH="x86_64" 
OS_NAME="Windows" 
SOURCE=".:git:49d6a23b8806 open:git:6c48f4ed707b" 

Environment Variables:
JAVA_HOME=C:\Program Files\Java\jdk-25
PATH=C:\Program Files\Common Files\Oracle\Java\javapath;C:\Program Files (x86)\Common Files\Oracle\Java\java8path;C:\Program Files (x86)\Common Files\Oracle\Java\javapath;C:\ORC\ORACLEE\bin;C:\app\HP\product\21c\dbhomeXE\bin;E:\oracle21\ORACL\bin;C:\Dossier_Oracle21c\Oracle21c\bin;C:\WINDOWS\system32;C:\WINDOWS;C:\WINDOWS\System32\Wbem;C:\WINDOWS\System32\WindowsPowerShell\v1.0\;C:\WINDOWS\System32\OpenSSH\;C:\appliiiiiii\flutter_windows_3.35.7-stable.zip\flutter\bin;C:\Program Files\Docker\Docker\resources\bin;C:\Program Files\Git\cmd;C:\Program Files\nodejs\;C:\Program Files\Apache\maven\bin;C:\Program Files\MySQL\MySQL Shell 8.0\bin\;C:\Users\HP\AppData\Local\Programs\Python\Python313\Scripts\;C:\Users\HP\AppData\Local\Programs\Python\Python313\;C:\Users\HP\AppData\Local\Programs\Python\Launcher\;C:\Users\HP\AppData\Local\Microsoft\WindowsApps;C:\Users\HP\AppData\Local\Programs\Microsoft VS Code\bin;C:\Users\HP\AppData\Local\Python\bin;C:\Users\HP\AppData\Roaming\npm;C:\Program Files\Java\jdk-25\bin;C:\Maven\apache-maven-3.9.15\bin;D:\Nouveau dossier\Antigravity\bin
USERNAME=HP
LANG=en_US.UTF-8
OS=Windows_NT
PROCESSOR_IDENTIFIER=Intel64 Family 6 Model 186 Stepping 3, GenuineIntel
TMP=C:\Users\HP\AppData\Local\Temp
TEMP=C:\Users\HP\AppData\Local\Temp




Compilation memory statistics disabled.

Periodic native trim disabled

---------------  S Y S T E M  ---------------

OS:
 Windows 11 , 64 bit Build 26100 (10.0.26100.8246)
OS uptime: 0 days 1:54 hours
Hyper-V role detected

CPU: total 12 (initial active 12) (6 cores per cpu, 2 threads per core) family 6 model 186 stepping 3 microcode 0x4121, cx8, cmov, fxsr, ht, mmx, 3dnowpref, sse, sse2, sse3, ssse3, sse4.1, sse4.2, popcnt, lzcnt, tsc, tscinvbit, avx, avx2, aes, erms, clmul, bmi1, bmi2, adx, sha, fma, vzeroupper, clflush, clflushopt, clwb, hv, serialize, rdtscp, rdpid, fsrm, gfni, f16c, cet_ibt, cet_ss
Processor Information for processor 0
  Max Mhz: 1300, Current Mhz: 1300, Mhz Limit: 1300
Processor Information for processor 1
  Max Mhz: 1300, Current Mhz: 1300, Mhz Limit: 1300
Processor Information for processor 2
  Max Mhz: 1300, Current Mhz: 1300, Mhz Limit: 1300
Processor Information for processor 3
  Max Mhz: 1300, Current Mhz: 1300, Mhz Limit: 1300
Processor Information for processor 4
  Max Mhz: 1300, Current Mhz: 900, Mhz Limit: 897
Processor Information for processor 5
  Max Mhz: 1300, Current Mhz: 900, Mhz Limit: 897
Processor Information for processor 6
  Max Mhz: 1300, Current Mhz: 900, Mhz Limit: 897
Processor Information for processor 7
  Max Mhz: 1300, Current Mhz: 900, Mhz Limit: 897
Processor Information for processor 8
  Max Mhz: 1300, Current Mhz: 900, Mhz Limit: 897
Processor Information for processor 9
  Max Mhz: 1300, Current Mhz: 900, Mhz Limit: 897
Processor Information for processor 10
  Max Mhz: 1300, Current Mhz: 900, Mhz Limit: 897
Processor Information for processor 11
  Max Mhz: 1300, Current Mhz: 900, Mhz Limit: 897

Memory: 4k page, system-wide physical 7835M (608M free)
TotalPageFile size 13835M (AvailPageFile size 7M)
current process WorkingSet (physical memory assigned to process): 130M, peak: 130M
current process commit charge ("private bytes"): 246M, peak: 247M

vm_info: Java HotSpot(TM) 64-Bit Server VM (25+37-LTS-3491) for windows-amd64 JRE (25+37-LTS-3491), built on 2025-08-14T21:13:00Z with unknown MS VC++:1943

END.
